------------------------------------------------------------------------------------------------------------------------------------------------------
Notes: 
  Total_num: the numbers of add/sub in rtl
  Module Name: the module name of the instantiated module calling directly the add/sub sub module
  Location/Inst Name: if linefile info exists(no optimization), print the codes location of add/sub in rtl, else print the inst name
  Count: the amount of lutcarry for add/sub
  Number: the numbers of add/sub with the same lutcarry counts and linefile
  LUT Total Nums from Add and Sub : 42
------------------------------------------------------------------------------------------------------------------------------------------------------

------------------------------------------------------------------------------------------------------------------------------------------------------------------------------------------------
Detailed RTL Component Info :
-----Add Total Nums : 5
-----Sub Total Nums : 0
-----LUT Total Nums from Add and Sub : 42

Add_Sub: Initial Mapping Report :
|------------------------------|---------|---------|---------|----------------------------------------------------------------------------------------------------|
|Module Name                   |Type     |Count    |Number   |Location/Inst Name                                                                                  |
|------------------------------|---------|---------|---------|----------------------------------------------------------------------------------------------------|
|U_ipml_fifo_ctrl              |Add      |11       |1        |../../../ipcore/cp2102_tx_fifo/rtl/ipml_fifo_ctrl_v1_14_cp2102_tx_fifo.v:557                        |
|------------------------------|---------|---------|---------|----------------------------------------------------------------------------------------------------|
|U_ipml_fifo_ctrl              |Add      |11       |1        |../../../ipcore/cp2102_tx_fifo/rtl/ipml_fifo_ctrl_v1_14_cp2102_tx_fifo.v:606                        |
|------------------------------|---------|---------|---------|----------------------------------------------------------------------------------------------------|
|u_flash_driver                |Add      |6        |1        |../../../Designs/Hardware/flash/flash_driver.v:70                                                   |
|------------------------------|---------|---------|---------|----------------------------------------------------------------------------------------------------|
|u_qspi_master_rx              |Add      |8        |1        |../../../Designs/Driver/spi/qspi_master_rx.v:139                                                    |
|------------------------------|---------|---------|---------|----------------------------------------------------------------------------------------------------|
|u_uart_tx                     |Add      |6        |1        |../../../Designs/Hardware/cp2102/cp2102_driver.v:297                                                |
|------------------------------|---------|---------|---------|----------------------------------------------------------------------------------------------------|
------------------------------------------------------------------------------------------------------------------------------------------------------------------------------------------------
