
u_flash_top.u_flash_driver.u_qspi_master_rx.sys_qspi_dq_tri[1] (GTP_IOBUF)
                                                              I

sys_led_obuf[7] (GTP_OUTBUF)
               I

sys_led_obuf[6] (GTP_OUTBUF)
               I

N2_10 (GTP_LUT5CARRY)
     I4

N94_3 (GTP_LUT5CARRY)
     I4

N94_2 (GTP_LUT5CARRY)
     I4

N94_6 (GTP_LUT5CARRY)
     I4

N94_5 (GTP_LUT5CARRY)
     I4

N94_4 (GTP_LUT5CARRY)
     I4

N94_8 (GTP_LUT5CARRY)
     I4

N94_10 (GTP_LUT5CARRY)
      I4

N94_9 (GTP_LUT5CARRY)
     I4

N2_7 (GTP_LUT5CARRY)
    I4

N2_2 (GTP_LUT5CARRY)
    I4

N2_3 (GTP_LUT5CARRY)
    I4

N2_4 (GTP_LUT5CARRY)
    I4

N2_5 (GTP_LUT5CARRY)
    I4

N2_6 (GTP_LUT5CARRY)
    I4

N94_7 (GTP_LUT5CARRY)
     I4

N2_8 (GTP_LUT5CARRY)
    I4

N2_9 (GTP_LUT5CARRY)
    I4

ADDR_LOOP[0].DATA_LOOP[0].U_GTP_DRM9K (GTP_DRM9K)
                                     ADDRA[2]
                                     ADDRA[3]
                                     ADDRA_HOLD
                                     ADDRB[2]
                                     ADDRB[3]
                                     ADDRB_HOLD
                                     DIA[8]
                                     DIA[17]
                                     DIB[0]
                                     DIB[1]
                                     DIB[2]
                                     DIB[3]
                                     DIB[4]
                                     DIB[5]
                                     DIB[6]
                                     DIB[7]
                                     DIB[8]
                                     DIB[9]
                                     DIB[10]
                                     DIB[11]
                                     DIB[12]
                                     DIB[13]
                                     DIB[14]
                                     DIB[15]
                                     DIB[16]
                                     DIB[17]
                                     ORCEA
                                     ORCEB
                                     WEB

ADDR_LOOP[0].DATA_LOOP[1].U_GTP_DRM9K (GTP_DRM9K)
                                     ADDRA[2]
                                     ADDRA[3]
                                     ADDRA_HOLD
                                     ADDRB[2]
                                     ADDRB[3]
                                     ADDRB_HOLD
                                     DIA[8]
                                     DIA[17]
                                     DIB[0]
                                     DIB[1]
                                     DIB[2]
                                     DIB[3]
                                     DIB[4]
                                     DIB[5]
                                     DIB[6]
                                     DIB[7]
                                     DIB[8]
                                     DIB[9]
                                     DIB[10]
                                     DIB[11]
                                     DIB[12]
                                     DIB[13]
                                     DIB[14]
                                     DIB[15]
                                     DIB[16]
                                     DIB[17]
                                     ORCEA
                                     ORCEB
                                     WEB

N50_1_5 (GTP_LUT5CARRY)
       I4

N50_1_4 (GTP_LUT5CARRY)
       I4

N50_1_3 (GTP_LUT5CARRY)
       I4

N50_1_2 (GTP_LUT5CARRY)
       I4

N25_1_5 (GTP_LUT5CARRY)
       I4

N25_1_4 (GTP_LUT5CARRY)
       I4

N25_1_3 (GTP_LUT5CARRY)
       I4

N25_1_2 (GTP_LUT5CARRY)
       I4

N217_1_3 (GTP_LUT5CARRY)
        I4

N217_1_6 (GTP_LUT5CARRY)
        I4

N217_1_4 (GTP_LUT5CARRY)
        I4

N217_1_2 (GTP_LUT5CARRY)
        I4

N217_1_5 (GTP_LUT5CARRY)
        I4

N217_1_8 (GTP_LUT5CARRY)
        I4

N217_1_7 (GTP_LUT5CARRY)
        I4

N217_1_9 (GTP_LUT5CARRY)
        I4

N67_1_7 (GTP_LUT5CARRY)
       I4

N67_1_6 (GTP_LUT5CARRY)
       I4

N67_1_5 (GTP_LUT5CARRY)
       I4

N67_1_4 (GTP_LUT5CARRY)
       I4

N67_1_3 (GTP_LUT5CARRY)
       I4

N67_1_2 (GTP_LUT5CARRY)
       I4

N217_1_19 (GTP_LUT5CARRY)
         I4

N217_1_18 (GTP_LUT5CARRY)
         I4

N217_1_17 (GTP_LUT5CARRY)
         I4

N217_1_16 (GTP_LUT5CARRY)
         I4

N217_1_15 (GTP_LUT5CARRY)
         I4

N217_1_14 (GTP_LUT5CARRY)
         I4

N217_1_13 (GTP_LUT5CARRY)
         I4

N217_1_10 (GTP_LUT5CARRY)
         I4

N217_1_11 (GTP_LUT5CARRY)
         I4

N217_1_12 (GTP_LUT5CARRY)
         I4
