#Build: Fabric Compiler 2025.2, Build 211867, Jan 16 16:10 2026
#Install: E:\work\pango\PDS_2025.2-ads\bin
#Application name: pds_shell.exe
#OS: Windows 11 10.0.26200
#CPU: Unknown
#RAM(GB): 32
#Hostname: dionirpyC
#Generated by Fabric Compiler (version 2025.2 build 211867) at Sun Sep 27 17:24:21 2026
Compiling architecture definition.
Analyzing project file 'E:/code/PangoWork/Works/hdmi/.driver_lint_out7210/prj_tasks/syn_1/compile/compile.ptemp'.
#Generated by Fabric Compiler (version 2025.2 build 211867) at Sun Sep 27 17:24:22 2026
Parameters for debugging are loaded as follows:
License checkout: fabric_ads from E:/work/pango/PDS_2025.2-ads/new_pds_F4A80DA47D72.lic
Compiling verification operator library.
Compiling vendor parameter file.
Loading technology operator library.
Compiling technology operator library.
Compiling technology operator (valence) library.
I: Enable Verilog2k features and keywords
Start rtl-analyze.
I: Include path: E:/code/PangoWork/Works/hdmi/.driver_lint_out7210
I: Verilog-0001: Analyzing file E:/code/PangoWork/Works/hdmi/Designs/drivers/iic/iic_master.v.
I: Verilog-0002: [E:/code/PangoWork/Works/hdmi/Designs/drivers/iic/iic_master.v(line number: 10)] Analyzing module iic_master (library work).
Parsing done.
I: Verilog-0001: Analyzing file E:/code/PangoWork/Works/hdmi/Designs/hardware/ms7210/ms7210_driver.v.
I: Verilog-0002: [E:/code/PangoWork/Works/hdmi/Designs/hardware/ms7210/ms7210_driver.v(line number: 1)] Analyzing module ms7210_driver (library work).
Parsing done.
I: Verilog-0001: Analyzing file E:/code/PangoWork/Works/hdmi/Designs/hardware/ms7210/ms7210_top.v.
I: Verilog-0002: [E:/code/PangoWork/Works/hdmi/Designs/hardware/ms7210/ms7210_top.v(line number: 1)] Analyzing module ms7210_top (library work).
Parsing done.
I: Module "ms7210_top" is set as top module
Executing : rtl-analyze successfully. Time elapsed: 2.169s wall, 0.016s user + 0.031s system = 0.047s CPU (2.2%). Peak memory used: 175 MB.

Start rtl-elaborate.
I: Verilog-0003: [E:/code/PangoWork/Works/hdmi/Designs/hardware/ms7210/ms7210_top.v(line number: 1)] Elaborating module ms7210_top.
I: Module instance {ms7210_top} parameter value:
    SYS_CLK_FREQ_HZ = 32'sh2FAF080 | 50000000 | 32'sb00000010111110101111000010000000
    IIC_CLK_FREQ_HZ = 32'sh186A00 | 1600000 | 32'sb00000000000110000110101000000000
    IIC_SCL_FREQ_HZ = 32'sh61A80 | 400000 | 32'sb00000000000001100001101010000000
    RESET_HOLD_MS = 32'sh1 | 1 | 32'sb00000000000000000000000000000001
    RESET_RELEASE_MS = 32'sh1 | 1 | 32'sb00000000000000000000000000000001
    STARTUP_WAIT_MS = 32'sh140 | 320 | 32'sb00000000000000000000000101000000
I: Verilog-0004: [E:/code/PangoWork/Works/hdmi/Designs/hardware/ms7210/ms7210_top.v(line number: 165)] Elaborating instance ms7210_driver_instance.
I: Verilog-0003: [E:/code/PangoWork/Works/hdmi/Designs/hardware/ms7210/ms7210_driver.v(line number: 1)] Elaborating module ms7210_driver.
I: Module instance {ms7210_top/ms7210_driver_instance} parameter value:
    SYS_CLK_FREQ_HZ = 32'sh2FAF080 | 50000000 | 32'sb00000010111110101111000010000000
    STARTUP_WAIT_MS = 32'sh140 | 320 | 32'sb00000000000000000000000101000000
I: Verilog-0004: [E:/code/PangoWork/Works/hdmi/Designs/hardware/ms7210/ms7210_top.v(line number: 184)] Elaborating instance ms7210_iic_instance.
I: Verilog-0003: [E:/code/PangoWork/Works/hdmi/Designs/drivers/iic/iic_master.v(line number: 10)] Elaborating module iic_master.
I: Module instance {ms7210_top/ms7210_iic_instance} parameter value:
    DEVICE_ADDR = 32'sh59 | 89 | 32'sb00000000000000000000000001011001
    IIC_CLK_FREQ = 32'sh186A00 | 1600000 | 32'sb00000000000110000110101000000000
    IIC_SCL_FREQ = 32'sh61A80 | 400000 | 32'sb00000000000001100001101010000000
Executing : rtl-elaborate successfully. Time elapsed: 0.024s wall, 0.000s user + 0.031s system = 0.031s CPU (128.1%). Peak memory used: 185 MB.

Start rtl-prep.
Executing : rtl-prep successfully. Time elapsed: 0.012s wall, 0.000s user + 0.016s system = 0.016s CPU (127.9%). Peak memory used: 185 MB.

Start rtl-infer.
Start DFF-inference.
Executing : DFF-inference successfully.
Executing : rtl-infer successfully. Time elapsed: 0.220s wall, 0.125s user + 0.094s system = 0.219s CPU (99.4%). Peak memory used: 187 MB.

Start rtl-control-opt.
Executing : rtl-control-opt successfully. Time elapsed: 0.028s wall, 0.031s user + 0.000s system = 0.031s CPU (112.6%). Peak memory used: 187 MB.

Start rtl-data-opt.
Executing : rtl-data-opt successfully. Time elapsed: 0.011s wall, 0.000s user + 0.000s system = 0.000s CPU (n/a%). Peak memory used: 187 MB.

Start FSM inference.
I: FSM state_current_fsm[1:0] inferred.
FSM state_current_fsm[1:0] STG:
Number of reachable states: 4
Input nets: N14_inv driver_done 
S0(00)-->S0(00): 0x
S0(00)-->S1(01): 1x
S1(01)-->S1(01): 0x
S1(01)-->S2(10): 1x
S2(10)-->S2(10): x0
S3(11)-->S3(11): xx
S2(10)-->S3(11): x1
S3(11)-->S3(11): x1

I: FSM state_current_fsm[2:0] inferred.
FSM state_current_fsm[2:0] STG:
Number of reachable states: 6
Input nets: N222 N231 N244 wait_finished 
S0(000)-->S1(001): xxxx
S1(001)-->S2(010): 1xxx
S2(010)-->S3(011): x1xx
S3(011)-->S4(100): xxx1
S5(101)-->S5(101): xxxx
S4(100)-->S5(101): xx1x
S5(101)-->S5(101): xx1x

I: FSM state_fsm[4:0] inferred.
FSM state_fsm[4:0] STG:
Number of reachable states: 16
Input nets: N51 N169 N485 ack_seen addr_length_reg op_read 
S0(00000)-->S1(00001): 1xxxxx
S1(00001)-->S2(00010): xx1xxx
S2(00010)-->S3(00011): x1xxxx
S3(00011)-->S4(00100): xx101x
S3(00011)-->S6(00110): xx100x
S4(00100)-->S5(00101): x1xxxx
S5(00101)-->S6(00110): xx10xx
S6(00110)-->S7(00111): x1xxxx
S7(00111)-->S8(01000): xx10x0
S7(00111)-->S10(01010): xx10x1
S5(00101)-->S15(01111): xx11xx
S7(00111)-->S15(01111): xx11xx
S3(00011)-->S15(01111): xx11xx
S7(00111)-->S15(01111): xx11xx
S8(01000)-->S9(01001): x1xxxx
S9(01001)-->S15(01111): xx1xxx
S10(01010)-->S11(01011): xx1xxx
S11(01011)-->S12(01100): x1xxxx
S12(01100)-->S13(01101): xx10xx
S13(01101)-->S14(01110): x1xxxx
S14(01110)-->S15(01111): xx1xxx
S12(01100)-->S15(01111): xx11xx
S14(01110)-->S15(01111): xx11xx
S15(01111)-->S0(00000): xx1xxx

Executing : FSM inference successfully. Time elapsed: 0.039s wall, 0.031s user + 0.016s system = 0.047s CPU (119.8%). Peak memory used: 188 MB.

Start sdm2adm.
I: Constant propagation done on N451 (bmsWIDEMUX).
I: Constant propagation done on N306 (bmsWIDEMUX).
I: Constant propagation done on N461 (bmsREDAND).
I: Constant propagation done on N450 (bmsWIDEMUX).
I: Constant propagation done on N747 (bmsWIDEMUX).
I: Constant propagation done on N755 (bmsWIDEMUX).
I: Constant propagation done on N521[3]_inv (bmsINV).
I: Constant propagation done on N521[4]_inv (bmsINV).
I: Constant propagation done on N521[5]_inv (bmsINV).
I: Constant propagation done on N521[6]_inv (bmsINV).
Executing : sdm2adm successfully. Time elapsed: 0.037s wall, 0.031s user + 0.000s system = 0.031s CPU (84.6%). Peak memory used: 198 MB.

Saving design to DB.
Action Compile: Export DB successfully.
Action compile: Real time elapsed is 0h:0m:6s
Action compile: CPU time elapsed is 0h:0m:1s
Action compile: Process CPU time elapsed is 0h:0m:1s
Action compile: Peak memory pool usage is 198 MB

Current time: Sun Sep 27 17:24:26 2026
Action from compile to compile: Total Real Time elapsed is 0h:0m:6s
Action from compile to compile: Total CPU time elapsed is 0h:0m:1s
Action from compile to compile: Total Process CPU Time elapsed is 0h:0m:1s
