#Build: Fabric Compiler 2025.2, Build 211867, Jan 16 16:10 2026
#Install: E:\work\pango\PDS_2025.2-ads\bin
#Application name: pds_shell.exe
#OS: Windows 11 10.0.26200
#CPU: Unknown
#RAM(GB): 32
#Hostname: dionirpyC
#Generated by Fabric Compiler (version 2025.2 build 211867) at Fri Sep 25 16:39:42 2026
Parameters for debugging are loaded as follows:
Compiling verification operator library.
Compiling vendor parameter file.
Compiling common defs.
Compiling prim grid devices.
Compiling place grid timing.
Compiling gate devices.
Compiling gate operators.
Compiling gate operators impls.
Building architecture model.
Loading device packaging model.
Building architecture floorplan logic view.
Constraint check start.
W: ConstraintEditor-4042: Port 'sys_led[0]' lacks attribute 'SLEW', it's better to set the attribute for port.
W: ConstraintEditor-4042: Port 'sys_led[0]' lacks attribute 'DRIVE', it's better to set the attribute for port.
W: ConstraintEditor-4042: Port 'sys_led[0]' lacks attribute 'BUS_KEEPER', it's better to set the attribute for port.
W: ConstraintEditor-4042: Port 'sys_led[1]' lacks attribute 'SLEW', it's better to set the attribute for port.
W: ConstraintEditor-4042: Port 'sys_led[1]' lacks attribute 'DRIVE', it's better to set the attribute for port.
W: ConstraintEditor-4042: Port 'sys_led[1]' lacks attribute 'BUS_KEEPER', it's better to set the attribute for port.
W: ConstraintEditor-4042: Port 'sys_led[2]' lacks attribute 'SLEW', it's better to set the attribute for port.
W: ConstraintEditor-4042: Port 'sys_led[2]' lacks attribute 'DRIVE', it's better to set the attribute for port.
W: ConstraintEditor-4042: Port 'sys_led[2]' lacks attribute 'BUS_KEEPER', it's better to set the attribute for port.
W: ConstraintEditor-4042: Port 'sys_led[3]' lacks attribute 'SLEW', it's better to set the attribute for port.
W: ConstraintEditor-4042: Port 'sys_led[3]' lacks attribute 'DRIVE', it's better to set the attribute for port.
W: ConstraintEditor-4042: Port 'sys_led[3]' lacks attribute 'BUS_KEEPER', it's better to set the attribute for port.
W: ConstraintEditor-4042: Port 'sys_led[4]' lacks attribute 'SLEW', it's better to set the attribute for port.
W: ConstraintEditor-4042: Port 'sys_led[4]' lacks attribute 'DRIVE', it's better to set the attribute for port.
W: ConstraintEditor-4042: Port 'sys_led[4]' lacks attribute 'BUS_KEEPER', it's better to set the attribute for port.
W: ConstraintEditor-4042: Port 'sys_led[5]' lacks attribute 'SLEW', it's better to set the attribute for port.
W: ConstraintEditor-4042: Port 'sys_led[5]' lacks attribute 'DRIVE', it's better to set the attribute for port.
W: ConstraintEditor-4042: Port 'sys_led[5]' lacks attribute 'BUS_KEEPER', it's better to set the attribute for port.
W: ConstraintEditor-4042: Port 'sys_led[6]' lacks attribute 'SLEW', it's better to set the attribute for port.
W: ConstraintEditor-4042: Port 'sys_led[6]' lacks attribute 'DRIVE', it's better to set the attribute for port.
W: ConstraintEditor-4042: Port 'sys_led[6]' lacks attribute 'BUS_KEEPER', it's better to set the attribute for port.
W: ConstraintEditor-4042: Port 'sys_led[7]' lacks attribute 'SLEW', it's better to set the attribute for port.
W: ConstraintEditor-4042: Port 'sys_led[7]' lacks attribute 'DRIVE', it's better to set the attribute for port.
W: ConstraintEditor-4042: Port 'sys_led[7]' lacks attribute 'BUS_KEEPER', it's better to set the attribute for port.
W: ConstraintEditor-4042: Port 'sys_uart_tx' lacks attribute 'SLEW', it's better to set the attribute for port.
W: ConstraintEditor-4042: Port 'sys_uart_tx' lacks attribute 'DRIVE', it's better to set the attribute for port.
W: ConstraintEditor-4040: [E:/code/PangoWork/Works/cboard_imu/prj_tasks/pnr_1/device_map/uart_loop_test_top.pcf(line number: 11)] Port sys_uart_tx has been placed at location AB5, whose type is share pin.
W: ConstraintEditor-4040: [E:/code/PangoWork/Works/cboard_imu/prj_tasks/pnr_1/device_map/uart_loop_test_top.pcf(line number: 13)] Port sys_rst_n has been placed at location AB13, whose type is share pin.
C: ConstraintEditor-2022: There are some ports' attributes are set to default value, please read [E:/code/PangoWork/Works/cboard_imu/prj_tasks/pnr_1/place_route/ports_defalut_attribute.txt(line number:0)] to confirm.
Found 0 error(s), 1 critical warning(s), 28 warning(s), out of 12 constraint(s)
Constraint check end.
Total time(hh:mm:ss) of constraint check : 00:00:00
Elaborate the liberty model.
I: Multithreading enabled for Timing using a maximum of 4 processes.
Placement started. Type: EP_COMMON_FLOW.

Stage 1 EP_INIT start.
Stage: after EP_INIT | Time (s): real = 0h:0m:6s ; cpu = 0h:0m:4s ; process = 0h:0m:6s | Memory (MB): curr = 433.617188 ; peak = 434.496094 | Checksum: CD159B3C1ABBB006

Design Layer Utilization:
	LUT: 0.407%
	FF: 0.324%
	IO: 3.433%

Stage 2 EP_DL start.
build place dedicate switch graph takes 1.47 sec
Place location constraint group with base node:sys_clk_50mhz_ibuf/opit_1 at IOL_327_210
Place location constraint group with base node:sys_led_obuf[0]/opit_1 at IOL_19_374
Place location constraint group with base node:sys_led_obuf[1]/opit_1 at IOL_19_373
Place location constraint group with base node:sys_led_obuf[2]/opit_1 at IOL_35_374
Place location constraint group with base node:sys_led_obuf[3]/opit_1 at IOL_35_373
Place location constraint group with base node:sys_led_obuf[4]/opit_1 at IOL_67_374
Place location constraint group with base node:sys_led_obuf[5]/opit_1 at IOL_67_373
Place location constraint group with base node:sys_led_obuf[6]/opit_1 at IOL_47_374
Place location constraint group with base node:sys_led_obuf[7]/opit_1 at IOL_47_373
Place location constraint group with base node:sys_rst_n_ibuf/opit_1 at IOL_167_5
Place location constraint group with base node:sys_uart_rx_ibuf/opit_1 at IOL_23_5
Place location constraint group with base node:sys_uart_tx_obuf/opit_1 at IOL_35_5
Place location constraint node:BKCL_auto_0 at BKCL_188_376
Place location constraint node:BKCL_auto_1 at BKCL_328_184
Place location constraint node:BKCL_auto_2 at BKCL_192_0
DRCP Convert Loc Constraint successful.

Stage 2.1 pre clock plan start.
Mapping instance GRS_INST/grs to START_324_2.
I: Clock statistic: 2 USCM.
solve clock designs takes 0.03 sec with memory (MB): curr = 506.828125, peak = 512.566406.
Mapping instance clkbufg_0/gopclkbufg to USCM_84_108:impl_uscm_rtb_a-USCM.
Mapping instance clkbufg_1/gopclkbufg to USCM_84_109:impl_uscm_rtb_a-USCM.
Mapping instance u_pll_50mhz/u_pll_e3/goppll to PLL_158_55.
Stage: after pre clock plan | Time (s): real = 0h:0m:8s ; cpu = 0h:0m:6s ; process = 0h:0m:8s | Memory (MB): curr = 506.457031 ; peak = 512.566406

Place location constraint node:clkbufg_0/gopclkbufg at USCM_84_108
Place location constraint node:clkbufg_1/gopclkbufg at USCM_84_109
Place location constraint node:u_pll_50mhz/u_pll_e3/goppll at PLL_158_55
DRCP Convert Loc Constraint successful.
Stage: after EP_DL | Time (s): real = 0h:0m:8s ; cpu = 0h:0m:6s ; process = 0h:0m:8s | Memory (MB): curr = 506.523438 ; peak = 512.566406 | Checksum: 9C80EC2458194650


Stage 3 EP_FIP start.
DRCP Convert Loc Constraint successful.

Stage 3.1 fip global place start.
[GP] num_thread=0
I: Multithreading enabled for place using a maximum of 4 processes.
[GP] Placement Initial Method "Quad".
[GP] Placement Decongestion Mode "1".
[GP] Recovery Analysis in GP "Enable".
I: Loading Timing Delay Info...
I: Load Timing Delay Info successfully.
Init coarse delay table.
Read place coarse delay table takes 0.33 sec.
[GP] Init timing API takes 1.68 sec.
[GP] Init GP graph takes 1.72 sec.
Device graph total memory: 11.12435532 MB
[GP] Read position from netlist take 0 msec
[GP] Total node move: 11133.96, average node move: 93.56
First map gop timing takes 0.00 sec
[GP] SA handle 2 clusters.
[GP] SA init_cost = 16555.750000, final_cost = 16555.750000, final_cost/init_cost = 1.000000, occupied region_num = 2.
[GP] SA Optimize take time: 0.002000 sec.
[GP] Timing analysis take 0.006000 secs.
[GP] MarginTNSS=-5083, TNSS=-3083, WSS=-1575
[GP] Place thread size: 4
[GP] Node size: 9183, net size: 232
[GP] Design graph total memory: 26.46280098 MB
[GP] Timing analysis take 0.005000 secs.
[GP] MarginTNSS=-2896, TNSS=-896, WSS=-461
[GP] Step 0 take 0.032 secs: WL=909.17 OF=0.854670
[GP] Timing analysis take 0.006000 secs.
[GP] MarginTNSS=-3037, TNSS=-1037, WSS=-534
[GP] Step 1 take 0.199 secs: WL=720.84 OF=0.752530
[GP] Timing analysis take 0.006000 secs.
[GP] MarginTNSS=-3332, TNSS=-1332, WSS=-749
[GP] Step 2 take 0.184 secs: WL=674.87 OF=0.630624
[GP] Timing analysis take 0.005000 secs.
[GP] MarginTNSS=-3550, TNSS=-1550, WSS=-824
[GP] Step 3 take 0.186 secs: WL=669.84 OF=0.581197
[GP] Timing analysis take 0.005000 secs.
[GP] MarginTNSS=-3591, TNSS=-1591, WSS=-911
[GP] Step 4 take 0.182 secs: WL=633.24 OF=0.417564
[GP] Timing analysis take 0.005000 secs.
[GP] MarginTNSS=-3543, TNSS=-1543, WSS=-791
[GP] Step 5 take 0.182 secs: WL=649.68 OF=0.424254
[GP] Timing analysis take 0.005000 secs.
[GP] MarginTNSS=-3021, TNSS=-1021, WSS=-560
[GP] Step 6 take 0.173 secs: WL=622.49 OF=0.266380
[GP] Timing analysis take 0.005000 secs.
[GP] MarginTNSS=-2550, TNSS=-550, WSS=-275
[GP] Step 7 take 0.173 secs: WL=613.82 OF=0.241361
[GP] Timing analysis take 0.005000 secs.
[GP] MarginTNSS=-2550, TNSS=-550, WSS=-275
[GP] Step 8 take 0.171 secs: WL=617.42 OF=0.201966
[GP] Timing analysis take 0.006000 secs.
[GP] MarginTNSS=-2550, TNSS=-550, WSS=-275
[GP] Step 9 take 0.182 secs: WL=627.17 OF=0.170446
[GP] Timing analysis take 0.005000 secs.
[GP] MarginTNSS=-2550, TNSS=-550, WSS=-275
[GP] Step 10 take 0.189 secs: WL=627.70 OF=0.109053
[GP] Timing analysis take 0.005000 secs.
[GP] MarginTNSS=-2550, TNSS=-550, WSS=-275
[GP] Step 11 take 0.170 secs: WL=641.72 OF=0.077370
[GP] Timing analysis take 0.005000 secs.
[GP] MarginTNSS=-2550, TNSS=-550, WSS=-275
[GP] Final best WL=635.376891 OF=0.088970, totally takes 2.129000 secs, run timing analysis 14 times totally takes 0.074000 secs.
[GP] Total node move: 18680.68, average node move: 156.98
[GP] Placer use memory: 5.73262405 MB
Stage: after fip global place | Performance: WL = 483 ; TNS = -550 ; WNS = -275 | Time (s): real = 0h:0m:12s ; cpu = 0h:0m:9s ; process = 0h:0m:14s | Memory (MB): curr = 639.781250 ; peak = 667.996094 | Checksum: F6080D5D4C48E6FE

Flat initial placement flow takes 3.438.
Stage: after EP_FIP | Performance: WL = 483 ; TNS = -550 ; WNS = -275 | Time (s): real = 0h:0m:12s ; cpu = 0h:0m:9s ; process = 0h:0m:14s | Memory (MB): curr = 641.214844 ; peak = 667.996094 | Checksum: F6080D5D4C48E6FE


Stage 4 EP_CAGP start.

Stage 4.1 cagp site packing start.
Stage: after pack legalize group | Performance: avg_mov = 0.000000 ; max_mov = 0 ; mov_var = 0.000000
Stage: after cagp site packing | Performance: WL = 1814 | Time (s): real = 0h:0m:12s ; cpu = 0h:0m:9s ; process = 0h:0m:14s | Memory (MB): curr = 660.339844 ; peak = 668.468750 | Checksum: 3E1A75EC2634AB48


Stage 4.2 cagp macro placement start.
Stage: after cagp macro placement | Performance: WL = 1814 | Time (s): real = 0h:0m:12s ; cpu = 0h:0m:9s ; process = 0h:0m:14s | Memory (MB): curr = 660.417969 ; peak = 668.468750 | Checksum: 3E1A75EC2634AB48


Stage 4.3 post clock plan start.
pre solve all clock design takes 0.00 sec with memory (MB): curr = 660.468750, peak = 668.468750.
CRA timing analysis with worst slack -903 takes 0.00 sec.
CRA cost 0 takes 0.00 sec.
solve all clock design takes 0.02 sec with memory (MB): curr = 661.183594, peak = 668.468750.
expand load region takes 0.00 sec.
Stage: after post clock plan | Time (s): real = 0h:0m:13s ; cpu = 0h:0m:9s ; process = 0h:0m:15s | Memory (MB): curr = 661.308594 ; peak = 668.468750

Movement during CRA, max : (0, 0) , total : (0, 0) , count : 0 , avg : (0, 0) .
Stage: after EP_CAGP | Performance: WL = 1814 ; TNS = -1295 ; WNS = -903 | Time (s): real = 0h:0m:13s ; cpu = 0h:0m:9s ; process = 0h:0m:15s | Memory (MB): curr = 661.312500 ; peak = 668.468750 | Checksum: 7D2DF19752550624


Stage 5 EP_DRCP start.

Stage 5.1 DRC Placement start.
DRC final successful.
Stage: after DRC Placement | Time (s): real = 0h:0m:13s ; cpu = 0h:0m:9s ; process = 0h:0m:15s | Memory (MB): curr = 661.328125 ; peak = 668.468750


Stage 5.2 IO Placement start.
The average distance in IO place is 0.000000.
Stage: after IO Placement | Time (s): real = 0h:0m:13s ; cpu = 0h:0m:9s ; process = 0h:0m:15s | Memory (MB): curr = 661.492188 ; peak = 668.468750

Stage: after EP_DRCP | Performance: WL = 1814 ; TNS = -1295 ; WNS = -903 | Time (s): real = 0h:0m:13s ; cpu = 0h:0m:9s ; process = 0h:0m:15s | Memory (MB): curr = 661.496094 ; peak = 668.468750 | Checksum: F8B166A04598FA29


Stage 6 EP_MP start.

Stage 6.1 macro place start.
Stage: after macro place | Performance: WL = 1814 | Time (s): real = 0h:0m:13s ; cpu = 0h:0m:9s ; process = 0h:0m:15s | Memory (MB): curr = 661.687500 ; peak = 668.468750 | Checksum: F8B166A04598FA29


Stage 6.2 mp post global place start.
[GP] num_thread=0
I: Multithreading enabled for place using a maximum of 4 processes.
[GP] Init timing API takes 0.00 sec.
[GP] Init GP graph takes 0.01 sec.
Device graph total memory: 11.12716293 MB
[GP] Read position from netlist take 0 msec
[GP] Timing analysis take 0.064000 secs.
[GP] MarginTNSS=-3295, TNSS=-1295, WSS=-903
[GP] Place thread size: 4
[GP] Node size: 9138, net size: 227
[GP] Design graph total memory: 28.17944050 MB
[GP] Timing analysis take 0.007000 secs.
[GP] MarginTNSS=-2975, TNSS=-975, WSS=-583
[GP] Step 0 take 0.033 secs: WL=1411.31 OF=0.091440
[GP] Timing analysis take 0.006000 secs.
[GP] MarginTNSS=-2774, TNSS=-774, WSS=-387
[GP] Step 1 take 0.188 secs: WL=677.26 OF=0.174316
[GP] Timing analysis take 0.005000 secs.
[GP] MarginTNSS=-2700, TNSS=-700, WSS=-425
[GP] Step 2 take 0.182 secs: WL=688.46 OF=0.136793
[GP] Timing analysis take 0.006000 secs.
[GP] MarginTNSS=-2667, TNSS=-667, WSS=-392
[GP] Step 3 take 0.180 secs: WL=704.51 OF=0.100598
[GP] Timing analysis take 0.005000 secs.
[GP] MarginTNSS=-2550, TNSS=-550, WSS=-275
[GP] Step 4 take 0.178 secs: WL=724.31 OF=0.055786
[GP] Timing analysis take 0.005000 secs.
[GP] MarginTNSS=-2550, TNSS=-550, WSS=-275
[GP] Final best WL=725.466348 OF=0.053784, totally takes 0.824000 secs, run timing analysis 7 times totally takes 0.098000 secs.
[GP] Total node move: 476.24, average node move: 6.44
[GP] Placer use memory: 5.72154617 MB
Stage: after mp post global place | Performance: WL = 527 ; TNS = -550 ; WNS = -275 | Time (s): real = 0h:0m:14s ; cpu = 0h:0m:10s ; process = 0h:0m:16s | Memory (MB): curr = 664.042969 ; peak = 668.468750 | Checksum: 49E4124E4CCA84EA

MP flow takes 0.672.
Stage: after EP_MP | Performance: WL = 527 ; TNS = -550 ; WNS = -275 | Time (s): real = 0h:0m:14s ; cpu = 0h:0m:10s ; process = 0h:0m:16s | Memory (MB): curr = 664.046875 ; peak = 668.468750 | Checksum: 49E4124E4CCA84EA


Stage 7 EP_LP start.
Stage: after legalization | Performance: avg_mov = 0.030303 ; max_mov = 1 ; mov_var = 0.029385
Legalize placement flow takes 0.016.
Stage: after EP_LP | Performance: WL = 535 ; TNS = -969 ; WNS = -562 | Time (s): real = 0h:0m:14s ; cpu = 0h:0m:10s ; process = 0h:0m:16s | Memory (MB): curr = 665.074219 ; peak = 668.468750 | Checksum: D841D1C80E7ACC26


Stage 8 EP_DP start.
Stage: before DP | Performance: WL = 535 ; TNS = -969 ; WNS = -562
    Cost at Swap iteration  0:  WNS =   -407,  TNS =   -814,  MarginTNS =  -2814,  takes    0.00 sec.
    Cost at DP   iteration  0:  WNS =   -401,  TNS =   -802,  MarginTNS =  -2802,  takes    0.00 sec.
    Cost at Swap iteration  1:  WNS =   -401,  TNS =   -802,  MarginTNS =  -2802,  takes    0.00 sec.
    Cost at Swap iteration  2:  WNS =   -391,  TNS =   -782,  MarginTNS =  -2782,  takes    0.02 sec.
    Cost at DP   iteration  2:  WNS =   -262,  TNS =   -519,  MarginTNS =  -2519,  takes    0.00 sec.
    Cost at Swap iteration  3:  WNS =   -262,  TNS =   -519,  MarginTNS =  -2519,  takes    0.02 sec.
    Cost at Swap iteration  4:  WNS =   -262,  TNS =   -519,  MarginTNS =  -2519,  takes    0.00 sec.
    Cost at DP   iteration  4:  WNS =   -262,  TNS =   -519,  MarginTNS =  -2519,  takes    0.02 sec.
    Cost at Swap iteration  5:  WNS =   -262,  TNS =   -519,  MarginTNS =  -2519,  takes    0.02 sec.
Stage: after DP | Performance: WL = 547 ; TNS = -519 ; WNS = -262
EP_DP takes 0 sec.
Stage: after EP_DP | Performance: WL = 547 ; TNS = -519 ; WNS = -262 | Time (s): real = 0h:0m:14s ; cpu = 0h:0m:10s ; process = 0h:0m:16s | Memory (MB): curr = 665.839844 ; peak = 668.468750 | Checksum: D2E44395FD84A21E


Stage 9 EP_FP start.
AutoDRC Flow for Design Check After Place Start.
AutoDRC Flow for Design Check After Place End.
Stage: after EP_FP | Performance: WL = 547 ; TNS = -401 ; WNS = -262 | Time (s): real = 0h:0m:14s ; cpu = 0h:0m:10s ; process = 0h:0m:16s | Memory (MB): curr = 668.757812 ; peak = 670.007812 | Checksum: 3931A3E95F46906E


Congestion analysis started.
I: Start printing congestion info.
I: Finish printing congestion info.
Congestion analysis takes 0.12 sec.


Device Utilization Summary :
+----------------------------------------------------------------------------+
| Device Type                      | Used     | Available     | Util(%)     
+----------------------------------------------------------------------------+
| CLMA                             | 54       | 6450          | 1           
| + FF                             | 124      | 38700         | 1           
| + LUT                            | 142      | 25800         | 1           
|   + LUT as Logic                 | 142      |               |             
|   + LUT as Const                 | 0        |               |             
|   + LUT as Bypass                | 0        |               |             
| CLMS                             | 23       | 4250          | 1           
| + FF                             | 39       | 25500         | 1           
| + LUT                            | 32       | 17000         | 1           
|   + LUT as Logic                 | 32       |               |             
|   + LUT as Memory                | 0        |               |             
|     + LUT as Distributed RAM     | 0        |               |             
|   + LUT as Const                 | 0        |               |             
|   + LUT as Bypass                | 0        |               |             
| IO                               | 12       | 296           | 5           
| + IOBD                           | 4        | 64            | 7           
| + IOBR_LR                        | 0        | 7             | 0           
| + IOBR_TB                        | 1        | 8             | 13          
| + IOBS_LR                        | 1        | 161           | 1           
| + IOBS_TB                        | 6        | 56            | 11          
| APM                              | 0        | 84            | 0           
| BKCL                             | 3        | 4             | 75          
| CRYSTAL                          | 0        | 2             | 0           
| DLL                              | 0        | 10            | 0           
| DQSL                             | 0        | 18            | 0           
| DRM                              | 0        | 134           | 0           
| FUSECODE                         | 0        | 1             | 0           
| HARD0N1                          | 0        | 6672          | 0           
| HSST                             | 0        | 1             | 0           
| IOCKDIV                          | 0        | 20            | 0           
| IOCKDLY                          | 0        | 40            | 0           
| IOCKGATE                         | 0        | 20            | 0           
| + IOCKGATE as Bypass             | 0        |               |             
| IOL                              | 12       | 400           | 3           
| IPAL                             | 0        | 1             | 0           
| LDO                              | 0        | 4             | 0           
| OSC                              | 0        | 1             | 0           
| PCIE                             | 0        | 1             | 0           
| PLL                              | 1        | 5             | 20          
| RCKB                             | 0        | 24            | 0           
| + RCKB as Bypass                 | 0        |               |             
| RESCAL                           | 0        | 4             | 0           
| SCANCHAIN                        | 0        | 2             | 0           
| START                            | 1        | 1             | 100         
| UDID                             | 0        | 1             | 0           
| USCM                             | 2        | 30            | 7           
| + USCM as Bypass                 | 0        |               |             
+----------------------------------------------------------------------------+

Total placement takes 6.80 sec.
Finished placement.
Design 'uart_loop_test_top' has been placed successfully.
Action place: Real time elapsed is 0h:0m:14s
Action place: CPU time elapsed is 0h:0m:10s
Action place: Process CPU time elapsed is 0h:0m:17s
Action place: Peak memory pool usage is 750 MB

Current time: Fri Sep 25 16:39:54 2026
