#Build: Fabric Compiler 2022.2, Build 117120, Feb 17 13:07 2023
#Install: D:\pango\PDS_2022.2\bin
#Application name: pds.exe
#OS: Windows 10 10.0.18363
#Hostname: DESKTOP-6GABMIP
Generated by Fabric Compiler (version 2022.2 build 117120) at Tue Jan  2 17:15:27 2024
Parse module hierarchy of project 'C:/Users/admin/Desktop/ebf_pg2l100h_tutorial_code_20231227/9_hdmi_loop/hdmi_loop_pango/temp_projects/Main_Flow/Main_Flow.pds' (ADS Parser)
Compiling verification operator library.
Compiling common defs.
Compiling technology operator (valence) library.
Compiling prim grid devices.
Compiling prim grid device symbols.
Compiling gate devices.
Compiling gate operators.
Compiling tech operator impls.
Building architecture model.
Loading device packaging model.
Building architecture floorplan logic view.
Building architecture floorplan schematic view.
Total time(hh:mm:ss) of open UCE: 00:00:10
Loading the device ...
Executing : get_ports sys_clk
Executing : get_ports sys_clk successfully.
Executing : create_clock -name sys_clk [get_ports sys_clk] -period 20.000 -waveform {0.000 10.000}
Executing : create_clock -name sys_clk [get_ports sys_clk] -period 20.000 -waveform {0.000 10.000} successfully.
C: ConstraintEditor-2002: [C:/Users/admin/Desktop/ebf_pg2l100h_tutorial_code_20231227/9_hdmi_loop/hdmi_loop_pango/hdmi_loop.fdc(line number: 29)] | Port hdmi_out_rgb[19] has been placed at location D25, whose type is share pin.
C: ConstraintEditor-2002: [C:/Users/admin/Desktop/ebf_pg2l100h_tutorial_code_20231227/9_hdmi_loop/hdmi_loop_pango/hdmi_loop.fdc(line number: 35)] | Port hdmi_out_rgb[18] has been placed at location E25, whose type is share pin.
C: ConstraintEditor-2002: [C:/Users/admin/Desktop/ebf_pg2l100h_tutorial_code_20231227/9_hdmi_loop/hdmi_loop_pango/hdmi_loop.fdc(line number: 41)] | Port hdmi_out_rgb[17] has been placed at location D26, whose type is share pin.
C: ConstraintEditor-2002: [C:/Users/admin/Desktop/ebf_pg2l100h_tutorial_code_20231227/9_hdmi_loop/hdmi_loop_pango/hdmi_loop.fdc(line number: 53)] | Port hdmi_out_rgb[15] has been placed at location F24, whose type is share pin.
C: ConstraintEditor-2002: [C:/Users/admin/Desktop/ebf_pg2l100h_tutorial_code_20231227/9_hdmi_loop/hdmi_loop_pango/hdmi_loop.fdc(line number: 59)] | Port hdmi_out_rgb[14] has been placed at location G24, whose type is share pin.
C: ConstraintEditor-2002: [C:/Users/admin/Desktop/ebf_pg2l100h_tutorial_code_20231227/9_hdmi_loop/hdmi_loop_pango/hdmi_loop.fdc(line number: 65)] | Port hdmi_out_rgb[13] has been placed at location G26, whose type is share pin.
C: ConstraintEditor-2002: [C:/Users/admin/Desktop/ebf_pg2l100h_tutorial_code_20231227/9_hdmi_loop/hdmi_loop_pango/hdmi_loop.fdc(line number: 71)] | Port hdmi_out_rgb[12] has been placed at location H26, whose type is share pin.
C: ConstraintEditor-2002: [C:/Users/admin/Desktop/ebf_pg2l100h_tutorial_code_20231227/9_hdmi_loop/hdmi_loop_pango/hdmi_loop.fdc(line number: 77)] | Port hdmi_out_rgb[11] has been placed at location J25, whose type is share pin.
C: ConstraintEditor-2002: [C:/Users/admin/Desktop/ebf_pg2l100h_tutorial_code_20231227/9_hdmi_loop/hdmi_loop_pango/hdmi_loop.fdc(line number: 83)] | Port hdmi_out_rgb[10] has been placed at location J26, whose type is share pin.
C: ConstraintEditor-2002: [C:/Users/admin/Desktop/ebf_pg2l100h_tutorial_code_20231227/9_hdmi_loop/hdmi_loop_pango/hdmi_loop.fdc(line number: 89)] | Port hdmi_out_rgb[9] has been placed at location H24, whose type is share pin.
C: ConstraintEditor-2002: [C:/Users/admin/Desktop/ebf_pg2l100h_tutorial_code_20231227/9_hdmi_loop/hdmi_loop_pango/hdmi_loop.fdc(line number: 95)] | Port hdmi_out_rgb[8] has been placed at location J24, whose type is share pin.
C: ConstraintEditor-2002: [C:/Users/admin/Desktop/ebf_pg2l100h_tutorial_code_20231227/9_hdmi_loop/hdmi_loop_pango/hdmi_loop.fdc(line number: 113)] | Port hdmi_out_rgb[5] has been placed at location K23, whose type is share pin.
C: ConstraintEditor-2002: [C:/Users/admin/Desktop/ebf_pg2l100h_tutorial_code_20231227/9_hdmi_loop/hdmi_loop_pango/hdmi_loop.fdc(line number: 119)] | Port hdmi_out_rgb[4] has been placed at location K22, whose type is share pin.
C: ConstraintEditor-2002: [C:/Users/admin/Desktop/ebf_pg2l100h_tutorial_code_20231227/9_hdmi_loop/hdmi_loop_pango/hdmi_loop.fdc(line number: 125)] | Port hdmi_out_rgb[3] has been placed at location M15, whose type is share pin.
C: ConstraintEditor-2002: [C:/Users/admin/Desktop/ebf_pg2l100h_tutorial_code_20231227/9_hdmi_loop/hdmi_loop_pango/hdmi_loop.fdc(line number: 131)] | Port hdmi_out_rgb[2] has been placed at location L15, whose type is share pin.
C: ConstraintEditor-2002: [C:/Users/admin/Desktop/ebf_pg2l100h_tutorial_code_20231227/9_hdmi_loop/hdmi_loop_pango/hdmi_loop.fdc(line number: 165)] | Port hdmi_in_rgb[19] has been placed at location F23, whose type is share pin.
C: ConstraintEditor-2002: [C:/Users/admin/Desktop/ebf_pg2l100h_tutorial_code_20231227/9_hdmi_loop/hdmi_loop_pango/hdmi_loop.fdc(line number: 169)] | Port hdmi_in_rgb[18] has been placed at location E23, whose type is share pin.
C: ConstraintEditor-2002: [C:/Users/admin/Desktop/ebf_pg2l100h_tutorial_code_20231227/9_hdmi_loop/hdmi_loop_pango/hdmi_loop.fdc(line number: 173)] | Port hdmi_in_rgb[17] has been placed at location F22, whose type is share pin.
C: ConstraintEditor-2002: [C:/Users/admin/Desktop/ebf_pg2l100h_tutorial_code_20231227/9_hdmi_loop/hdmi_loop_pango/hdmi_loop.fdc(line number: 197)] | Port hdmi_in_rgb[11] has been placed at location J19, whose type is share pin.
C: ConstraintEditor-2002: [C:/Users/admin/Desktop/ebf_pg2l100h_tutorial_code_20231227/9_hdmi_loop/hdmi_loop_pango/hdmi_loop.fdc(line number: 201)] | Port hdmi_in_rgb[10] has been placed at location H19, whose type is share pin.
C: ConstraintEditor-2002: [C:/Users/admin/Desktop/ebf_pg2l100h_tutorial_code_20231227/9_hdmi_loop/hdmi_loop_pango/hdmi_loop.fdc(line number: 205)] | Port hdmi_in_rgb[9] has been placed at location J18, whose type is share pin.
C: ConstraintEditor-2002: [C:/Users/admin/Desktop/ebf_pg2l100h_tutorial_code_20231227/9_hdmi_loop/hdmi_loop_pango/hdmi_loop.fdc(line number: 209)] | Port hdmi_in_rgb[8] has been placed at location H18, whose type is share pin.
C: ConstraintEditor-2002: [C:/Users/admin/Desktop/ebf_pg2l100h_tutorial_code_20231227/9_hdmi_loop/hdmi_loop_pango/hdmi_loop.fdc(line number: 221)] | Port hdmi_in_rgb[5] has been placed at location K20, whose type is share pin.
C: ConstraintEditor-2002: [C:/Users/admin/Desktop/ebf_pg2l100h_tutorial_code_20231227/9_hdmi_loop/hdmi_loop_pango/hdmi_loop.fdc(line number: 225)] | Port hdmi_in_rgb[4] has been placed at location J20, whose type is share pin.
C: ConstraintEditor-2002: [C:/Users/admin/Desktop/ebf_pg2l100h_tutorial_code_20231227/9_hdmi_loop/hdmi_loop_pango/hdmi_loop.fdc(line number: 229)] | Port hdmi_in_rgb[3] has been placed at location J16, whose type is share pin.
C: ConstraintEditor-2002: [C:/Users/admin/Desktop/ebf_pg2l100h_tutorial_code_20231227/9_hdmi_loop/hdmi_loop_pango/hdmi_loop.fdc(line number: 233)] | Port hdmi_in_rgb[2] has been placed at location K15, whose type is share pin.
C: ConstraintEditor-2002: [C:/Users/admin/Desktop/ebf_pg2l100h_tutorial_code_20231227/9_hdmi_loop/hdmi_loop_pango/hdmi_loop.fdc(line number: 237)] | Port hdmi_in_rgb[1] has been placed at location J14, whose type is share pin.
C: ConstraintEditor-2002: [C:/Users/admin/Desktop/ebf_pg2l100h_tutorial_code_20231227/9_hdmi_loop/hdmi_loop_pango/hdmi_loop.fdc(line number: 241)] | Port hdmi_in_rgb[0] has been placed at location J15, whose type is share pin.
C: ConstraintEditor-2002: [C:/Users/admin/Desktop/ebf_pg2l100h_tutorial_code_20231227/9_hdmi_loop/hdmi_loop_pango/hdmi_loop.fdc(line number: 263)] | Port hdmi_out_clk has been placed at location K16, whose type is share pin.
C: ConstraintEditor-2002: [C:/Users/admin/Desktop/ebf_pg2l100h_tutorial_code_20231227/9_hdmi_loop/hdmi_loop_pango/hdmi_loop.fdc(line number: 269)] | Port hdmi_out_de has been placed at location K17, whose type is share pin.
C: ConstraintEditor-2002: [C:/Users/admin/Desktop/ebf_pg2l100h_tutorial_code_20231227/9_hdmi_loop/hdmi_loop_pango/hdmi_loop.fdc(line number: 275)] | Port hdmi_out_hsync has been placed at location L17, whose type is share pin.
C: ConstraintEditor-2002: [C:/Users/admin/Desktop/ebf_pg2l100h_tutorial_code_20231227/9_hdmi_loop/hdmi_loop_pango/hdmi_loop.fdc(line number: 287)] | Port hdmi_out_vsync has been placed at location L18, whose type is share pin.
C: ConstraintEditor-2002: [C:/Users/admin/Desktop/ebf_pg2l100h_tutorial_code_20231227/9_hdmi_loop/hdmi_loop_pango/hdmi_loop.fdc(line number: 313)] | Port sys_rst_n has been placed at location G25, whose type is share pin.
Open UCE successfully.
Current device : PG2L100H-6FBG676
