#Build: Fabric Compiler 2025.2, Build 211867, Jan 16 16:10 2026
#Install: D:\pango\PDS_2025.2-ads\bin
#Application name: pds_shell.exe
#OS: Windows 11 10.0.26100
#CPU: Unknown
#RAM(GB): 16
#Hostname: hustlyrm
#Generated by Fabric Compiler (version 2025.2 build 211867) at Wed Sep 30 22:08:08 2026
Parameters for debugging are loaded as follows:
Compiling verification operator library.
Compiling vendor parameter file.
Compiling common defs.
Compiling prim grid devices.
Compiling place grid timing.
Compiling gate devices.
Compiling gate operators.
Compiling gate operators impls.
Building architecture model.
Loading device packaging model.
Building architecture floorplan logic view.
Elaborate the liberty model.
I: Multithreading enabled for Timing using a maximum of 4 processes.

Routing started.
Build routing arch for double attribute device.
Enter timing driven router mode.
I: Multithreading enabled for route using a maximum of 6 processes.
Building routing graph takes 1.94 sec.
Enable Recovery Analysis in Routing
Init coarse delay table.
I: Loading Timing Delay Info...
I: Load Timing Delay Info successfully.
Read place coarse delay table takes 0.41 sec.
build place dedicate switch graph takes 1.64 sec
Setup STE netlist take 2612 msec.
Slack Weight : 90
CE/RS signal series limit : 500
Dispose control chain take 18 msec.
Collect const net info take 42 msec.
Total nets for routing: 465.
Total loads for routing: 1768.
Direct connect net size: 110
Build all design net take 44 msec.
Processing design graph takes 2.73 sec.
Route info is not supported in this chip.
Delay table total memory: 40.33647346 MB
Route graph total memory: 74.35352039 MB
Route design total memory: 1.41812515 MB
The remaining process takes 0.02 sec.
Stage: after context initialize | Time (s): real = 0h:0m:13s ; cpu = 0h:0m:10s ; process = 0h:0m:12s | Memory (MB): curr = 671.835938 ; peak = 711.738281 | Checksum: D6568285C231A051
Global routing takes 0.00 sec.
Pin Cost Increasing Speed 300
Unrouted clock nets at iteration 0 (0.003 sec): 0
Stage: after clock route | Time (s): real = 0h:0m:13s ; cpu = 0h:0m:10s ; process = 0h:0m:12s | Memory (MB): curr = 673.492188 ; peak = 711.738281 | Checksum: 334B9E40CD8C8638
Total route nets size: 461
Pre route takes 0.195 sec
Stage: after pre route | Performance: TNS = 0 ; WNS = 14754 ; THS = 0 ; WHS = 210 | Time (s): real = 0h:0m:13s ; cpu = 0h:0m:10s ; process = 0h:0m:12s | Memory (MB): curr = 684.359375 ; peak = 711.738281 | Checksum: DE3A2FF93BE1C57E
Unrouted general nets at iteration 3 (MT total route time: 0.074 sec): 327(overused: 1560)
Unrouted general nets at iteration 4 (MT total route time: 0.055 sec): 278(overused: 1061)
Unrouted general nets at iteration 5 (MT total route time: 0.047 sec): 200(overused: 635)
Unrouted general nets at iteration 6 (MT total route time: 0.048 sec): 160(overused: 391)
Unrouted general nets at iteration 7 (MT total route time: 0.038 sec): 112(overused: 261)
Unrouted general nets at iteration 8 (MT total route time: 0.027 sec): 71(overused: 153)
Unrouted general nets at iteration 9 (MT total route time: 0.022 sec): 34(overused: 72)
Unrouted general nets at iteration 10 (MT total route time: 0.015 sec): 23(overused: 38)
Unrouted general nets at iteration 11 (MT total route time: 0.008 sec): 7(overused: 10)
Unrouted general nets at iteration 12 (MT total route time: 0.004 sec): 6(overused: 8)
Unrouted general nets at iteration 13 (MT total route time: 0.003 sec): 3(overused: 6)
Unrouted general nets at iteration 14 (MT total route time: 0.002 sec): 2(overused: 2)
Unrouted general nets at iteration 15 (MT total route time: 0.001 sec): 0(overused: 0)
----General net take 0.005 sec(route net take 0.000 sec, inc cost take 0.001 sec, iter times: 1)
----const net route take 0.002 sec
Unrouted nets at iteration 16 (0.008 sec): 0
Stage: after detail route | Performance: TNS = 0 ; WNS = 14267 ; THS = NA ; WHS = NA | Time (s): real = 0h:0m:14s ; cpu = 0h:0m:11s ; process = 0h:0m:13s | Memory (MB): curr = 684.742188 ; peak = 711.738281 | Checksum: 46A6E66FC0158EA1
Begin rip-up and reroute:
Rip-up and reroute takes 0.02 sec.
Stage: after ripup & reroute | Performance: TNS = 0 ; WNS = 14267 ; THS = NA ; WHS = NA | Time (s): real = 0h:0m:14s ; cpu = 0h:0m:11s ; process = 0h:0m:13s | Memory (MB): curr = 685.667969 ; peak = 711.738281 | Checksum: C38EE043F6A9FF39
Detailed routing takes 1.19 sec.
Sort Original Nets take 0.003 sec
Check HPIO div result take 0.000 sec
Total net: 465, route succeed net: 465
Generate routing result take 0.001 sec
Handle PERMUX permutation take 0.018 sec
Handle const net take 0.004 sec
Handle route through take 0.005 sec
Used SRB routing arc is 3389.
Stage: after finish route | Performance: TNS = 0 ; WNS = 14267 ; THS = NA ; WHS = NA | Time (s): real = 0h:0m:14s ; cpu = 0h:0m:11s ; process = 0h:0m:13s | Memory (MB): curr = 662.503906 ; peak = 711.738281 | Checksum: AFC0F70E11BC36FF
Finish routing takes 0.19 sec.
Total routing takes 6.24 sec.

Device Utilization Summary :
+----------------------------------------------------------------------------+
| Device Type                      | Used     | Available     | Util(%)     
+----------------------------------------------------------------------------+
| CLMA                             | 86       | 6450          | 2           
| + FF                             | 180      | 38700         | 1           
| + LUT                            | 233      | 25800         | 1           
|   + LUT as Logic                 | 178      |               |             
|   + LUT as Const                 | 49       |               |             
|   + LUT as Bypass                | 6        |               |             
| CLMS                             | 42       | 4250          | 1           
| + FF                             | 86       | 25500         | 1           
| + LUT                            | 104      | 17000         | 1           
|   + LUT as Logic                 | 94       |               |             
|   + LUT as Memory                | 0        |               |             
|     + LUT as Distributed RAM     | 0        |               |             
|   + LUT as Const                 | 8        |               |             
|   + LUT as Bypass                | 2        |               |             
| IO                               | 17       | 296           | 6           
| + IOBD                           | 8        | 64            | 13          
| + IOBR_LR                        | 0        | 7             | 0           
| + IOBR_TB                        | 1        | 8             | 13          
| + IOBS_LR                        | 1        | 161           | 1           
| + IOBS_TB                        | 7        | 56            | 13          
| APM                              | 0        | 84            | 0           
| BKCL                             | 3        | 4             | 75          
| CRYSTAL                          | 0        | 2             | 0           
| DLL                              | 0        | 10            | 0           
| DQSL                             | 0        | 18            | 0           
| DRM                              | 1        | 134           | 1           
| FUSECODE                         | 0        | 1             | 0           
| HARD0N1                          | 8        | 6672          | 1           
| HSST                             | 0        | 1             | 0           
| IOCKDIV                          | 0        | 20            | 0           
| IOCKDLY                          | 0        | 40            | 0           
| IOCKGATE                         | 0        | 20            | 0           
| + IOCKGATE as Bypass             | 0        |               |             
| IOL                              | 17       | 400           | 5           
| IPAL                             | 0        | 1             | 0           
| LDO                              | 0        | 4             | 0           
| OSC                              | 0        | 1             | 0           
| PCIE                             | 0        | 1             | 0           
| PLL                              | 0        | 5             | 0           
| RCKB                             | 0        | 24            | 0           
| + RCKB as Bypass                 | 0        |               |             
| RESCAL                           | 0        | 4             | 0           
| SCANCHAIN                        | 0        | 2             | 0           
| START                            | 1        | 1             | 100         
| UDID                             | 0        | 1             | 0           
| USCM                             | 1        | 30            | 4           
| + USCM as Bypass                 | 0        |               |             
+----------------------------------------------------------------------------+

Finished routing. (CPU time elapsed 0h:00m:11s)
Design 'flash_read_top' has been routed successfully.
Saving design to DB.
Action Route: Export DB successfully.
Action route: Real time elapsed is 0h:0m:15s
Action route: CPU time elapsed is 0h:0m:11s
Action route: Process CPU time elapsed is 0h:0m:13s
Action route: Peak memory pool usage is 711 MB

Current time: Wed Sep 30 22:08:21 2026
