#Build: Fabric Compiler 2025.2, Build 211867, Jan 16 16:10 2026
#Install: E:\work\pango\PDS_2025.2-ads\bin
#Application name: pds_shell.exe
#OS: Windows 11 10.0.26200
#CPU: Unknown
#RAM(GB): 32
#Hostname: dionirpyC
#Generated by Fabric Compiler (version 2025.2 build 211867) at Sun Sep 27 18:09:58 2026
Parameters for debugging are loaded as follows:
Compiling verification operator library.
Compiling vendor parameter file.
Compiling common defs.
Compiling prim grid devices.
Building routing graph takes 1.50 sec.
Total nets for routing: 726.
Total loads for routing: 3458.
Direct connect net size: 211
Build all design net take 24 msec.
Processing design graph takes 0.03 sec.
Route info is not supported in this chip.
Delay table total memory: 40.33793831 MB
Route graph total memory: 74.56123066 MB
Route design total memory: 0.62863541 MB
The remaining process takes 0.01 sec.
Stage: after context initialize in post route | Time (s): real = 0h:0m:9s ; cpu = 0h:0m:7s ; process = 0h:0m:9s | Memory (MB): curr = 649.464844 ; peak = 682.089844 | Checksum: CBA39501A73F3B03
Load route result takes 0.01 sec
Fix Hold Violation Threshold For Clock Path Cross SRB(ps) : 200
Fix Hold Violation Threshold For Clock Path On Clock Tree(ps) : 100
Hold fix to no violation.
Hold fix to threshold
Stage: after hold fix | Performance: TNS = 0 ; WNS = 1813 ; THS = 0 ; WHS = 136 | Time (s): real = 0h:0m:9s ; cpu = 0h:0m:7s ; process = 0h:0m:9s | Memory (MB): curr = 669.578125 ; peak = 682.089844 | Checksum: D9CCB17AF721B28D
Hold Violation Fix in router takes 0.29 sec.
Sort Original Nets take 0.000 sec
Total net: 726, route succeed net: 726
Generate routing result take 0.003 sec
Handle PERMUX permutation take 0.001 sec
Handle const net take 0.000 sec
Handle route through take 0.005 sec
Used SRB routing arc is 6678.
Compiling place grid timing.
Stage: after finish post route | Performance: TNS = 0 ; WNS = 1813 ; THS = NA ; WHS = NA | Time (s): real = 0h:0m:10s ; cpu = 0h:0m:7s ; process = 0h:0m:9s | Memory (MB): curr = 670.644531 ; peak = 682.089844 | Checksum: 74279FB031BAAA5B
Finish post route takes 0.11 sec.
Total post route takes 2.20 sec.

Compiling gate devices.
Device Utilization Summary :
+----------------------------------------------------------------------------+
| Device Type                      | Used     | Available     | Util(%)     
+----------------------------------------------------------------------------+
| CLMA                             | 141      | 6450          | 3           
| + FF                             | 213      | 38700         | 1           
| + LUT                            | 402      | 25800         | 2           
|   + LUT as Logic                 | 320      |               |             
|   + LUT as Const                 | 82       |               |             
|   + LUT as Bypass                | 0        |               |             
| CLMS                             | 91       | 4250          | 3           
| + FF                             | 148      | 25500         | 1           
| + LUT                            | 279      | 17000         | 2           
|   + LUT as Logic                 | 258      |               |             
|   + LUT as Memory                | 0        |               |             
|     + LUT as Distributed RAM     | 0        |               |             
|   + LUT as Const                 | 19       |               |             
|   + LUT as Bypass                | 2        |               |             
| IO                               | 71       | 296           | 24          
| + IOBD                           | 18       | 64            | 29          
| + IOBR_LR                        | 1        | 7             | 15          
| + IOBR_TB                        | 3        | 8             | 38          
| + IOBS_LR                        | 33       | 161           | 21          
| + IOBS_TB                        | 16       | 56            | 29          
| APM                              | 0        | 84            | 0           
| BKCL                             | 3        | 4             | 75          
| CRYSTAL                          | 0        | 2             | 0           
| DLL                              | 0        | 10            | 0           
| DQSL                             | 0        | 18            | 0           
| DRM                              | 0        | 134           | 0           
| FUSECODE                         | 0        | 1             | 0           
| HARD0N1                          | 10       | 6672          | 1           
| HSST                             | 0        | 1             | 0           
| IOCKDIV                          | 0        | 20            | 0           
| IOCKDLY                          | 0        | 40            | 0           
| IOCKGATE                         | 0        | 20            | 0           
| + IOCKGATE as Bypass             | 0        |               |             
| IOL                              | 71       | 400           | 18          
| IPAL                             | 0        | 1             | 0           
| LDO                              | 0        | 4             | 0           
| OSC                              | 0        | 1             | 0           
| PCIE                             | 0        | 1             | 0           
| PLL                              | 1        | 5             | 20          
| RCKB                             | 0        | 24            | 0           
| + RCKB as Bypass                 | 0        |               |             
| RESCAL                           | 0        | 4             | 0           
| SCANCHAIN                        | 0        | 2             | 0           
| START                            | 1        | 1             | 100         
| UDID                             | 0        | 1             | 0           
| USCM                             | 3        | 30            | 10          
| + USCM as Bypass                 | 0        |               |             
+----------------------------------------------------------------------------+

Finished route optimize. (CPU time elapsed 0h:00m:07s)
Design 'hdmi_loop_top' has been routed successfully.
Saving design to DB.
Action Route Optimize: Export DB successfully.
Action route_optimize: Real time elapsed is 0h:0m:10s
Action route_optimize: CPU time elapsed is 0h:0m:7s
Action route_optimize: Process CPU time elapsed is 0h:0m:10s
Action route_optimize: Peak memory pool usage is 682 MB

Current time: Sun Sep 27 18:10:00 2026
Compiling gate operators.
Compiling gate operators impls.
Building architecture model.
Loading device packaging model.
Building architecture floorplan logic view.
Elaborate the liberty model.
I: Multithreading enabled for Timing using a maximum of 4 processes.

Route Optimize started.
Build routing arch for double attribute device.
Enter timing driven router mode.
I: Multithreading enabled for route using a maximum of 6 processes.
Read Column Clock Map.
Building routing graph takes 2.87 sec.
Total nets for routing: 726.
Total loads for routing: 3458.
Direct connect net size: 211
Build all design net take 45 msec.
Processing design graph takes 0.04 sec.
Route info is not supported in this chip.
Delay table total memory: 40.33793831 MB
Route graph total memory: 74.56123066 MB
Route design total memory: 0.62863541 MB
The remaining process takes 0.03 sec.
Stage: after context initialize in post route | Time (s): real = 0h:0m:14s ; cpu = 0h:0m:11s ; process = 0h:0m:14s | Memory (MB): curr = 648.839844 ; peak = 681.242188 | Checksum: CBA39501A73F3B03
Load route result takes 0.01 sec
Fix Hold Violation Threshold For Clock Path Cross SRB(ps) : 200
Fix Hold Violation Threshold For Clock Path On Clock Tree(ps) : 100
Hold fix to no violation.
Hold fix to threshold
Stage: after hold fix | Performance: TNS = 0 ; WNS = 1813 ; THS = 0 ; WHS = 136 | Time (s): real = 0h:0m:15s ; cpu = 0h:0m:12s ; process = 0h:0m:14s | Memory (MB): curr = 669.589844 ; peak = 681.242188 | Checksum: D9CCB17AF721B28D
Hold Violation Fix in router takes 0.52 sec.
Sort Original Nets take 0.000 sec
Total net: 726, route succeed net: 726
Generate routing result take 0.005 sec
Handle PERMUX permutation take 0.002 sec
Handle const net take 0.000 sec
Handle route through take 0.012 sec
Used SRB routing arc is 6678.
Stage: after finish post route | Performance: TNS = 0 ; WNS = 1813 ; THS = NA ; WHS = NA | Time (s): real = 0h:0m:15s ; cpu = 0h:0m:12s ; process = 0h:0m:14s | Memory (MB): curr = 670.804688 ; peak = 681.242188 | Checksum: 74279FB031BAAA5B
Finish post route takes 0.21 sec.
Total post route takes 4.17 sec.

Device Utilization Summary :
+----------------------------------------------------------------------------+
| Device Type                      | Used     | Available     | Util(%)     
+----------------------------------------------------------------------------+
| CLMA                             | 141      | 6450          | 3           
| + FF                             | 213      | 38700         | 1           
| + LUT                            | 402      | 25800         | 2           
|   + LUT as Logic                 | 320      |               |             
|   + LUT as Const                 | 82       |               |             
|   + LUT as Bypass                | 0        |               |             
| CLMS                             | 91       | 4250          | 3           
| + FF                             | 148      | 25500         | 1           
| + LUT                            | 279      | 17000         | 2           
|   + LUT as Logic                 | 258      |               |             
|   + LUT as Memory                | 0        |               |             
|     + LUT as Distributed RAM     | 0        |               |             
|   + LUT as Const                 | 19       |               |             
|   + LUT as Bypass                | 2        |               |             
| IO                               | 71       | 296           | 24          
| + IOBD                           | 18       | 64            | 29          
| + IOBR_LR                        | 1        | 7             | 15          
| + IOBR_TB                        | 3        | 8             | 38          
| + IOBS_LR                        | 33       | 161           | 21          
| + IOBS_TB                        | 16       | 56            | 29          
| APM                              | 0        | 84            | 0           
| BKCL                             | 3        | 4             | 75          
| CRYSTAL                          | 0        | 2             | 0           
| DLL                              | 0        | 10            | 0           
| DQSL                             | 0        | 18            | 0           
| DRM                              | 0        | 134           | 0           
| FUSECODE                         | 0        | 1             | 0           
| HARD0N1                          | 10       | 6672          | 1           
| HSST                             | 0        | 1             | 0           
| IOCKDIV                          | 0        | 20            | 0           
| IOCKDLY                          | 0        | 40            | 0           
| IOCKGATE                         | 0        | 20            | 0           
| + IOCKGATE as Bypass             | 0        |               |             
| IOL                              | 71       | 400           | 18          
| IPAL                             | 0        | 1             | 0           
| LDO                              | 0        | 4             | 0           
| OSC                              | 0        | 1             | 0           
| PCIE                             | 0        | 1             | 0           
| PLL                              | 1        | 5             | 20          
| RCKB                             | 0        | 24            | 0           
| + RCKB as Bypass                 | 0        |               |             
| RESCAL                           | 0        | 4             | 0           
| SCANCHAIN                        | 0        | 2             | 0           
| START                            | 1        | 1             | 100         
| UDID                             | 0        | 1             | 0           
| USCM                             | 3        | 30            | 10          
| + USCM as Bypass                 | 0        |               |             
+----------------------------------------------------------------------------+

Finished route optimize. (CPU time elapsed 0h:00m:12s)
Design 'hdmi_loop_top' has been routed successfully.
Saving design to DB.
Action Route Optimize: Export DB successfully.
Action route_optimize: Real time elapsed is 0h:0m:16s
Action route_optimize: CPU time elapsed is 0h:0m:12s
Action route_optimize: Process CPU time elapsed is 0h:0m:15s
Action route_optimize: Peak memory pool usage is 681 MB

Current time: Sun Sep 27 18:10:12 2026
