#Build: Fabric Compiler 2025.2, Build 211867, Jan 16 16:10 2026
#Install: E:\work\pango\PDS_2025.2-ads\bin
#Application name: pds_shell.exe
#OS: Windows 11 10.0.26200
#CPU: Unknown
#RAM(GB): 32
#Hostname: dionirpyC
#Generated by Fabric Compiler (version 2025.2 build 211867) at Wed Sep 16 12:57:59 2026
Parameters for debugging are loaded as follows:
Compiling verification operator library.
Compiling vendor parameter file.
Compiling common defs.
Loading technology operator library.
Compiling technology operator library.
Compiling technology operator (valence) library.
Compiling operator packing rules.
Compiling prim grid devices.
Compiling gate devices.
Compiling gate operators.
Compiling gate operators impls.
Compiling tech operator impls.
Building architecture model.
Loading device packaging model.
Elaborate the liberty model.
I: Multithreading enabled for Timing using a maximum of 4 processes.
Constraint check start.
Constraint check end.
Total time(hh:mm:ss) of constraint check : 00:00:00
Flattening design 'hdmi_loop'
Logical Constraint:
+---------------------------------------------------------------------------------------+
| Object                                              | Attribute          | Value     
+---------------------------------------------------------------------------------------+
| i:b_in_ibuf[0]                                      | PAP_DONT_TOUCH     | TRUE      
| i:b_in_ibuf[1]                                      | PAP_DONT_TOUCH     | TRUE      
| i:b_in_ibuf[2]                                      | PAP_DONT_TOUCH     | TRUE      
| i:b_in_ibuf[3]                                      | PAP_DONT_TOUCH     | TRUE      
| i:b_in_ibuf[4]                                      | PAP_DONT_TOUCH     | TRUE      
| i:b_in_ibuf[5]                                      | PAP_DONT_TOUCH     | TRUE      
| i:b_in_ibuf[6]                                      | PAP_DONT_TOUCH     | TRUE      
| i:b_in_ibuf[7]                                      | PAP_DONT_TOUCH     | TRUE      
| i:de_in_ibuf                                        | PAP_DONT_TOUCH     | TRUE      
| i:g_in_ibuf[0]                                      | PAP_DONT_TOUCH     | TRUE      
| i:g_in_ibuf[1]                                      | PAP_DONT_TOUCH     | TRUE      
| i:g_in_ibuf[2]                                      | PAP_DONT_TOUCH     | TRUE      
| i:g_in_ibuf[3]                                      | PAP_DONT_TOUCH     | TRUE      
| i:g_in_ibuf[4]                                      | PAP_DONT_TOUCH     | TRUE      
| i:g_in_ibuf[5]                                      | PAP_DONT_TOUCH     | TRUE      
| i:g_in_ibuf[6]                                      | PAP_DONT_TOUCH     | TRUE      
| i:g_in_ibuf[7]                                      | PAP_DONT_TOUCH     | TRUE      
| i:hs_in_ibuf                                        | PAP_DONT_TOUCH     | TRUE      
| i:ms72xx_ctl.iic_sda_tri                            | PAP_DONT_TOUCH     | TRUE      
| i:ms72xx_ctl.iic_tx_sda_tri                         | PAP_DONT_TOUCH     | TRUE      
| i:pixclk_in_ibuf                                    | PAP_DONT_TOUCH     | TRUE      
| i:r_in_ibuf[0]                                      | PAP_DONT_TOUCH     | TRUE      
| i:r_in_ibuf[1]                                      | PAP_DONT_TOUCH     | TRUE      
| i:r_in_ibuf[2]                                      | PAP_DONT_TOUCH     | TRUE      
| i:r_in_ibuf[3]                                      | PAP_DONT_TOUCH     | TRUE      
| i:r_in_ibuf[4]                                      | PAP_DONT_TOUCH     | TRUE      
| i:r_in_ibuf[5]                                      | PAP_DONT_TOUCH     | TRUE      
| i:r_in_ibuf[6]                                      | PAP_DONT_TOUCH     | TRUE      
| i:r_in_ibuf[7]                                      | PAP_DONT_TOUCH     | TRUE      
| i:sys_clk_ibuf                                      | PAP_DONT_TOUCH     | TRUE      
| i:vs_in_ibuf                                        | PAP_DONT_TOUCH     | TRUE      
| i:ms72xx_ctl/addr_rx_keepbuf[0]                     | PAP_MARK_DEBUG     | true      
| i:ms72xx_ctl/addr_rx_keepbuf[1]                     | PAP_MARK_DEBUG     | true      
| i:ms72xx_ctl/addr_rx_keepbuf[2]                     | PAP_MARK_DEBUG     | true      
| i:ms72xx_ctl/addr_rx_keepbuf[3]                     | PAP_MARK_DEBUG     | true      
| i:ms72xx_ctl/addr_rx_keepbuf[4]                     | PAP_MARK_DEBUG     | true      
| i:ms72xx_ctl/addr_rx_keepbuf[5]                     | PAP_MARK_DEBUG     | true      
| i:ms72xx_ctl/addr_rx_keepbuf[6]                     | PAP_MARK_DEBUG     | true      
| i:ms72xx_ctl/addr_rx_keepbuf[7]                     | PAP_MARK_DEBUG     | true      
| i:ms72xx_ctl/addr_rx_keepbuf[8]                     | PAP_MARK_DEBUG     | true      
| i:ms72xx_ctl/addr_rx_keepbuf[9]                     | PAP_MARK_DEBUG     | true      
| i:ms72xx_ctl/addr_rx_keepbuf[10]                    | PAP_MARK_DEBUG     | true      
| i:ms72xx_ctl/addr_rx_keepbuf[11]                    | PAP_MARK_DEBUG     | true      
| i:ms72xx_ctl/addr_rx_keepbuf[12]                    | PAP_MARK_DEBUG     | true      
| i:ms72xx_ctl/addr_rx_keepbuf[13]                    | PAP_MARK_DEBUG     | true      
| i:ms72xx_ctl/addr_rx_keepbuf[14]                    | PAP_MARK_DEBUG     | true      
| i:ms72xx_ctl/addr_rx_keepbuf[15]                    | PAP_MARK_DEBUG     | true      
| i:ms72xx_ctl/addr_tx_keepbuf[0]                     | PAP_MARK_DEBUG     | true      
| i:ms72xx_ctl/addr_tx_keepbuf[1]                     | PAP_MARK_DEBUG     | true      
| i:ms72xx_ctl/addr_tx_keepbuf[2]                     | PAP_MARK_DEBUG     | true      
| i:ms72xx_ctl/addr_tx_keepbuf[3]                     | PAP_MARK_DEBUG     | true      
| i:ms72xx_ctl/addr_tx_keepbuf[4]                     | PAP_MARK_DEBUG     | true      
| i:ms72xx_ctl/addr_tx_keepbuf[5]                     | PAP_MARK_DEBUG     | true      
| i:ms72xx_ctl/addr_tx_keepbuf[6]                     | PAP_MARK_DEBUG     | true      
| i:ms72xx_ctl/addr_tx_keepbuf[7]                     | PAP_MARK_DEBUG     | true      
| i:ms72xx_ctl/addr_tx_keepbuf[8]                     | PAP_MARK_DEBUG     | true      
| i:ms72xx_ctl/addr_tx_keepbuf[9]                     | PAP_MARK_DEBUG     | true      
| i:ms72xx_ctl/addr_tx_keepbuf[10]                    | PAP_MARK_DEBUG     | true      
| i:ms72xx_ctl/addr_tx_keepbuf[11]                    | PAP_MARK_DEBUG     | true      
| i:ms72xx_ctl/addr_tx_keepbuf[12]                    | PAP_MARK_DEBUG     | true      
| i:ms72xx_ctl/addr_tx_keepbuf[13]                    | PAP_MARK_DEBUG     | true      
| i:ms72xx_ctl/addr_tx_keepbuf[14]                    | PAP_MARK_DEBUG     | true      
| i:ms72xx_ctl/addr_tx_keepbuf[15]                    | PAP_MARK_DEBUG     | true      
| i:ms72xx_ctl/sda_in_keepbuf                         | PAP_MARK_DEBUG     | true      
| i:ms72xx_ctl/sda_out_en_keepbuf                     | PAP_MARK_DEBUG     | true      
| i:ms72xx_ctl/sda_out_keepbuf                        | PAP_MARK_DEBUG     | true      
| i:ms72xx_ctl/sda_tx_in_keepbuf                      | PAP_MARK_DEBUG     | true      
| i:ms72xx_ctl/sda_tx_out_en_keepbuf                  | PAP_MARK_DEBUG     | true      
| i:ms72xx_ctl/sda_tx_out_keepbuf                     | PAP_MARK_DEBUG     | true      
| i:ms72xx_ctl/iic_dri_rx/scl_out_keepbuf             | PAP_MARK_DEBUG     | true      
| i:ms72xx_ctl/iic_dri_tx/scl_out_keepbuf             | PAP_MARK_DEBUG     | true      
| i:ms72xx_ctl/ms7200_ctl/cmd_index_keepbuf[0]        | PAP_MARK_DEBUG     | true      
| i:ms72xx_ctl/ms7200_ctl/cmd_index_keepbuf[1]        | PAP_MARK_DEBUG     | true      
| i:ms72xx_ctl/ms7200_ctl/cmd_index_keepbuf[2]        | PAP_MARK_DEBUG     | true      
| i:ms72xx_ctl/ms7200_ctl/cmd_index_keepbuf[3]        | PAP_MARK_DEBUG     | true      
| i:ms72xx_ctl/ms7200_ctl/cmd_index_keepbuf[4]        | PAP_MARK_DEBUG     | true      
| i:ms72xx_ctl/ms7200_ctl/cmd_index_keepbuf[5]        | PAP_MARK_DEBUG     | true      
| i:ms72xx_ctl/ms7200_ctl/cmd_index_keepbuf[6]        | PAP_MARK_DEBUG     | true      
| i:ms72xx_ctl/ms7200_ctl/cmd_index_keepbuf[7]        | PAP_MARK_DEBUG     | true      
| i:ms72xx_ctl/ms7200_ctl/cmd_index_keepbuf[8]        | PAP_MARK_DEBUG     | true      
| i:ms72xx_ctl/ms7200_ctl/freq_ensure_keepbuf         | PAP_MARK_DEBUG     | true      
| i:ms72xx_ctl/ms7200_ctl/freq_rec_1d_keepbuf[0]      | PAP_MARK_DEBUG     | true      
| i:ms72xx_ctl/ms7200_ctl/freq_rec_1d_keepbuf[1]      | PAP_MARK_DEBUG     | true      
| i:ms72xx_ctl/ms7200_ctl/freq_rec_1d_keepbuf[2]      | PAP_MARK_DEBUG     | true      
| i:ms72xx_ctl/ms7200_ctl/freq_rec_1d_keepbuf[3]      | PAP_MARK_DEBUG     | true      
| i:ms72xx_ctl/ms7200_ctl/freq_rec_1d_keepbuf[4]      | PAP_MARK_DEBUG     | true      
| i:ms72xx_ctl/ms7200_ctl/freq_rec_1d_keepbuf[5]      | PAP_MARK_DEBUG     | true      
| i:ms72xx_ctl/ms7200_ctl/freq_rec_1d_keepbuf[6]      | PAP_MARK_DEBUG     | true      
| i:ms72xx_ctl/ms7200_ctl/freq_rec_1d_keepbuf[7]      | PAP_MARK_DEBUG     | true      
| i:ms72xx_ctl/ms7200_ctl/freq_rec_1d_keepbuf[8]      | PAP_MARK_DEBUG     | true      
| i:ms72xx_ctl/ms7200_ctl/freq_rec_1d_keepbuf[9]      | PAP_MARK_DEBUG     | true      
| i:ms72xx_ctl/ms7200_ctl/freq_rec_1d_keepbuf[10]     | PAP_MARK_DEBUG     | true      
| i:ms72xx_ctl/ms7200_ctl/freq_rec_1d_keepbuf[11]     | PAP_MARK_DEBUG     | true      
| i:ms72xx_ctl/ms7200_ctl/freq_rec_1d_keepbuf[12]     | PAP_MARK_DEBUG     | true      
| i:ms72xx_ctl/ms7200_ctl/freq_rec_1d_keepbuf[13]     | PAP_MARK_DEBUG     | true      
| i:ms72xx_ctl/ms7200_ctl/freq_rec_1d_keepbuf[14]     | PAP_MARK_DEBUG     | true      
| i:ms72xx_ctl/ms7200_ctl/freq_rec_1d_keepbuf[15]     | PAP_MARK_DEBUG     | true      
| i:ms72xx_ctl/ms7200_ctl/freq_rec_1d_keepbuf[16]     | PAP_MARK_DEBUG     | true      
| i:ms72xx_ctl/ms7200_ctl/freq_rec_1d_keepbuf[17]     | PAP_MARK_DEBUG     | true      
| i:ms72xx_ctl/ms7200_ctl/freq_rec_1d_keepbuf[18]     | PAP_MARK_DEBUG     | true      
| i:ms72xx_ctl/ms7200_ctl/freq_rec_1d_keepbuf[19]     | PAP_MARK_DEBUG     | true      
| i:ms72xx_ctl/ms7200_ctl/freq_rec_1d_keepbuf[20]     | PAP_MARK_DEBUG     | true      
| i:ms72xx_ctl/ms7200_ctl/freq_rec_1d_keepbuf[21]     | PAP_MARK_DEBUG     | true      
| i:ms72xx_ctl/ms7200_ctl/freq_rec_1d_keepbuf[22]     | PAP_MARK_DEBUG     | true      
| i:ms72xx_ctl/ms7200_ctl/freq_rec_1d_keepbuf[23]     | PAP_MARK_DEBUG     | true      
| i:ms72xx_ctl/ms7200_ctl/freq_rec_1d_keepbuf[24]     | PAP_MARK_DEBUG     | true      
| i:ms72xx_ctl/ms7200_ctl/freq_rec_1d_keepbuf[25]     | PAP_MARK_DEBUG     | true      
| i:ms72xx_ctl/ms7200_ctl/freq_rec_1d_keepbuf[26]     | PAP_MARK_DEBUG     | true      
| i:ms72xx_ctl/ms7200_ctl/freq_rec_1d_keepbuf[27]     | PAP_MARK_DEBUG     | true      
| i:ms72xx_ctl/ms7200_ctl/freq_rec_1d_keepbuf[28]     | PAP_MARK_DEBUG     | true      
| i:ms72xx_ctl/ms7200_ctl/freq_rec_1d_keepbuf[29]     | PAP_MARK_DEBUG     | true      
| i:ms72xx_ctl/ms7200_ctl/freq_rec_1d_keepbuf[30]     | PAP_MARK_DEBUG     | true      
| i:ms72xx_ctl/ms7200_ctl/freq_rec_1d_keepbuf[31]     | PAP_MARK_DEBUG     | true      
| i:ms72xx_ctl/ms7200_ctl/freq_rec_2d_keepbuf[0]      | PAP_MARK_DEBUG     | true      
| i:ms72xx_ctl/ms7200_ctl/freq_rec_2d_keepbuf[1]      | PAP_MARK_DEBUG     | true      
| i:ms72xx_ctl/ms7200_ctl/freq_rec_2d_keepbuf[2]      | PAP_MARK_DEBUG     | true      
| i:ms72xx_ctl/ms7200_ctl/freq_rec_2d_keepbuf[3]      | PAP_MARK_DEBUG     | true      
| i:ms72xx_ctl/ms7200_ctl/freq_rec_2d_keepbuf[4]      | PAP_MARK_DEBUG     | true      
| i:ms72xx_ctl/ms7200_ctl/freq_rec_2d_keepbuf[5]      | PAP_MARK_DEBUG     | true      
| i:ms72xx_ctl/ms7200_ctl/freq_rec_2d_keepbuf[6]      | PAP_MARK_DEBUG     | true      
| i:ms72xx_ctl/ms7200_ctl/freq_rec_2d_keepbuf[7]      | PAP_MARK_DEBUG     | true      
| i:ms72xx_ctl/ms7200_ctl/freq_rec_2d_keepbuf[8]      | PAP_MARK_DEBUG     | true      
| i:ms72xx_ctl/ms7200_ctl/freq_rec_2d_keepbuf[9]      | PAP_MARK_DEBUG     | true      
| i:ms72xx_ctl/ms7200_ctl/freq_rec_2d_keepbuf[10]     | PAP_MARK_DEBUG     | true      
| i:ms72xx_ctl/ms7200_ctl/freq_rec_2d_keepbuf[11]     | PAP_MARK_DEBUG     | true      
| i:ms72xx_ctl/ms7200_ctl/freq_rec_2d_keepbuf[12]     | PAP_MARK_DEBUG     | true      
| i:ms72xx_ctl/ms7200_ctl/freq_rec_2d_keepbuf[13]     | PAP_MARK_DEBUG     | true      
| i:ms72xx_ctl/ms7200_ctl/freq_rec_2d_keepbuf[14]     | PAP_MARK_DEBUG     | true      
| i:ms72xx_ctl/ms7200_ctl/freq_rec_2d_keepbuf[15]     | PAP_MARK_DEBUG     | true      
| i:ms72xx_ctl/ms7200_ctl/freq_rec_2d_keepbuf[16]     | PAP_MARK_DEBUG     | true      
| i:ms72xx_ctl/ms7200_ctl/freq_rec_2d_keepbuf[17]     | PAP_MARK_DEBUG     | true      
| i:ms72xx_ctl/ms7200_ctl/freq_rec_2d_keepbuf[18]     | PAP_MARK_DEBUG     | true      
| i:ms72xx_ctl/ms7200_ctl/freq_rec_2d_keepbuf[19]     | PAP_MARK_DEBUG     | true      
| i:ms72xx_ctl/ms7200_ctl/freq_rec_2d_keepbuf[20]     | PAP_MARK_DEBUG     | true      
| i:ms72xx_ctl/ms7200_ctl/freq_rec_2d_keepbuf[21]     | PAP_MARK_DEBUG     | true      
| i:ms72xx_ctl/ms7200_ctl/freq_rec_2d_keepbuf[22]     | PAP_MARK_DEBUG     | true      
| i:ms72xx_ctl/ms7200_ctl/freq_rec_2d_keepbuf[23]     | PAP_MARK_DEBUG     | true      
| i:ms72xx_ctl/ms7200_ctl/freq_rec_2d_keepbuf[24]     | PAP_MARK_DEBUG     | true      
| i:ms72xx_ctl/ms7200_ctl/freq_rec_2d_keepbuf[25]     | PAP_MARK_DEBUG     | true      
| i:ms72xx_ctl/ms7200_ctl/freq_rec_2d_keepbuf[26]     | PAP_MARK_DEBUG     | true      
| i:ms72xx_ctl/ms7200_ctl/freq_rec_2d_keepbuf[27]     | PAP_MARK_DEBUG     | true      
| i:ms72xx_ctl/ms7200_ctl/freq_rec_2d_keepbuf[28]     | PAP_MARK_DEBUG     | true      
| i:ms72xx_ctl/ms7200_ctl/freq_rec_2d_keepbuf[29]     | PAP_MARK_DEBUG     | true      
| i:ms72xx_ctl/ms7200_ctl/freq_rec_2d_keepbuf[30]     | PAP_MARK_DEBUG     | true      
| i:ms72xx_ctl/ms7200_ctl/freq_rec_2d_keepbuf[31]     | PAP_MARK_DEBUG     | true      
| i:ms72xx_ctl/ms7200_ctl/freq_rec_keepbuf[0]         | PAP_MARK_DEBUG     | true      
| i:ms72xx_ctl/ms7200_ctl/freq_rec_keepbuf[1]         | PAP_MARK_DEBUG     | true      
| i:ms72xx_ctl/ms7200_ctl/freq_rec_keepbuf[2]         | PAP_MARK_DEBUG     | true      
| i:ms72xx_ctl/ms7200_ctl/freq_rec_keepbuf[3]         | PAP_MARK_DEBUG     | true      
| i:ms72xx_ctl/ms7200_ctl/freq_rec_keepbuf[4]         | PAP_MARK_DEBUG     | true      
| i:ms72xx_ctl/ms7200_ctl/freq_rec_keepbuf[5]         | PAP_MARK_DEBUG     | true      
| i:ms72xx_ctl/ms7200_ctl/freq_rec_keepbuf[6]         | PAP_MARK_DEBUG     | true      
| i:ms72xx_ctl/ms7200_ctl/freq_rec_keepbuf[7]         | PAP_MARK_DEBUG     | true      
| i:ms72xx_ctl/ms7200_ctl/freq_rec_keepbuf[8]         | PAP_MARK_DEBUG     | true      
| i:ms72xx_ctl/ms7200_ctl/freq_rec_keepbuf[9]         | PAP_MARK_DEBUG     | true      
| i:ms72xx_ctl/ms7200_ctl/freq_rec_keepbuf[10]        | PAP_MARK_DEBUG     | true      
| i:ms72xx_ctl/ms7200_ctl/freq_rec_keepbuf[11]        | PAP_MARK_DEBUG     | true      
| i:ms72xx_ctl/ms7200_ctl/freq_rec_keepbuf[12]        | PAP_MARK_DEBUG     | true      
| i:ms72xx_ctl/ms7200_ctl/freq_rec_keepbuf[13]        | PAP_MARK_DEBUG     | true      
| i:ms72xx_ctl/ms7200_ctl/freq_rec_keepbuf[14]        | PAP_MARK_DEBUG     | true      
| i:ms72xx_ctl/ms7200_ctl/freq_rec_keepbuf[15]        | PAP_MARK_DEBUG     | true      
| i:ms72xx_ctl/ms7200_ctl/freq_rec_keepbuf[16]        | PAP_MARK_DEBUG     | true      
| i:ms72xx_ctl/ms7200_ctl/freq_rec_keepbuf[17]        | PAP_MARK_DEBUG     | true      
| i:ms72xx_ctl/ms7200_ctl/freq_rec_keepbuf[18]        | PAP_MARK_DEBUG     | true      
| i:ms72xx_ctl/ms7200_ctl/freq_rec_keepbuf[19]        | PAP_MARK_DEBUG     | true      
| i:ms72xx_ctl/ms7200_ctl/freq_rec_keepbuf[20]        | PAP_MARK_DEBUG     | true      
| i:ms72xx_ctl/ms7200_ctl/freq_rec_keepbuf[21]        | PAP_MARK_DEBUG     | true      
| i:ms72xx_ctl/ms7200_ctl/freq_rec_keepbuf[22]        | PAP_MARK_DEBUG     | true      
| i:ms72xx_ctl/ms7200_ctl/freq_rec_keepbuf[23]        | PAP_MARK_DEBUG     | true      
| i:ms72xx_ctl/ms7200_ctl/freq_rec_keepbuf[24]        | PAP_MARK_DEBUG     | true      
| i:ms72xx_ctl/ms7200_ctl/freq_rec_keepbuf[25]        | PAP_MARK_DEBUG     | true      
| i:ms72xx_ctl/ms7200_ctl/freq_rec_keepbuf[26]        | PAP_MARK_DEBUG     | true      
| i:ms72xx_ctl/ms7200_ctl/freq_rec_keepbuf[27]        | PAP_MARK_DEBUG     | true      
| i:ms72xx_ctl/ms7200_ctl/freq_rec_keepbuf[28]        | PAP_MARK_DEBUG     | true      
| i:ms72xx_ctl/ms7200_ctl/freq_rec_keepbuf[29]        | PAP_MARK_DEBUG     | true      
| i:ms72xx_ctl/ms7200_ctl/freq_rec_keepbuf[30]        | PAP_MARK_DEBUG     | true      
| i:ms72xx_ctl/ms7200_ctl/freq_rec_keepbuf[31]        | PAP_MARK_DEBUG     | true      
| i:ms72xx_ctl/ms7200_ctl/state_keepbuf[0]            | PAP_MARK_DEBUG     | true      
| i:ms72xx_ctl/ms7200_ctl/state_keepbuf[1]            | PAP_MARK_DEBUG     | true      
| i:ms72xx_ctl/ms7200_ctl/state_keepbuf[2]            | PAP_MARK_DEBUG     | true      
| i:ms72xx_ctl/ms7200_ctl/state_keepbuf[3]            | PAP_MARK_DEBUG     | true      
| i:ms72xx_ctl/ms7200_ctl/state_keepbuf[4]            | PAP_MARK_DEBUG     | true      
| i:ms72xx_ctl/ms7200_ctl/state_keepbuf[5]            | PAP_MARK_DEBUG     | true      
| i:ms72xx_ctl/ms7200_ctl/state_keepbuf[6]            | PAP_MARK_DEBUG     | true      
| n:nt_iic_scl                                        | PAP_MARK_DEBUG     | true      
| n:nt_iic_tx_scl                                     | PAP_MARK_DEBUG     | true      
| n:ms72xx_ctl/addr_rx[0]                             | PAP_MARK_DEBUG     | true      
| n:ms72xx_ctl/addr_rx[1]                             | PAP_MARK_DEBUG     | true      
| n:ms72xx_ctl/addr_rx[2]                             | PAP_MARK_DEBUG     | true      
| n:ms72xx_ctl/addr_rx[3]                             | PAP_MARK_DEBUG     | true      
| n:ms72xx_ctl/addr_rx[4]                             | PAP_MARK_DEBUG     | true      
| n:ms72xx_ctl/addr_rx[5]                             | PAP_MARK_DEBUG     | true      
| n:ms72xx_ctl/addr_rx[6]                             | PAP_MARK_DEBUG     | true      
| n:ms72xx_ctl/addr_rx[7]                             | PAP_MARK_DEBUG     | true      
| n:ms72xx_ctl/addr_rx[8]                             | PAP_MARK_DEBUG     | true      
| n:ms72xx_ctl/addr_rx[9]                             | PAP_MARK_DEBUG     | true      
| n:ms72xx_ctl/addr_rx[12]                            | PAP_MARK_DEBUG     | true      
| n:ms72xx_ctl/addr_rx[13]                            | PAP_MARK_DEBUG     | true      
| n:ms72xx_ctl/addr_tx[0]                             | PAP_MARK_DEBUG     | true      
| n:ms72xx_ctl/addr_tx[1]                             | PAP_MARK_DEBUG     | true      
| n:ms72xx_ctl/addr_tx[2]                             | PAP_MARK_DEBUG     | true      
| n:ms72xx_ctl/addr_tx[3]                             | PAP_MARK_DEBUG     | true      
| n:ms72xx_ctl/addr_tx[4]                             | PAP_MARK_DEBUG     | true      
| n:ms72xx_ctl/addr_tx[5]                             | PAP_MARK_DEBUG     | true      
| n:ms72xx_ctl/addr_tx[6]                             | PAP_MARK_DEBUG     | true      
| n:ms72xx_ctl/addr_tx[7]                             | PAP_MARK_DEBUG     | true      
| n:ms72xx_ctl/addr_tx[8]                             | PAP_MARK_DEBUG     | true      
| n:ms72xx_ctl/addr_tx[9]                             | PAP_MARK_DEBUG     | true      
| n:ms72xx_ctl/addr_tx[10]                            | PAP_MARK_DEBUG     | true      
| n:ms72xx_ctl/addr_tx[11]                            | PAP_MARK_DEBUG     | true      
| n:ms72xx_ctl/sda_out                                | PAP_MARK_DEBUG     | true      
| n:ms72xx_ctl/sda_out_en                             | PAP_MARK_DEBUG     | true      
| n:ms72xx_ctl/sda_tx_out                             | PAP_MARK_DEBUG     | true      
| n:ms72xx_ctl/sda_tx_out_en                          | PAP_MARK_DEBUG     | true      
| n:ms72xx_ctl/ms7200_ctl/cmd_index[0]                | PAP_MARK_DEBUG     | true      
| n:ms72xx_ctl/ms7200_ctl/cmd_index[1]                | PAP_MARK_DEBUG     | true      
| n:ms72xx_ctl/ms7200_ctl/cmd_index[2]                | PAP_MARK_DEBUG     | true      
| n:ms72xx_ctl/ms7200_ctl/cmd_index[3]                | PAP_MARK_DEBUG     | true      
| n:ms72xx_ctl/ms7200_ctl/cmd_index[4]                | PAP_MARK_DEBUG     | true      
| n:ms72xx_ctl/ms7200_ctl/cmd_index[5]                | PAP_MARK_DEBUG     | true      
| n:ms72xx_ctl/ms7200_ctl/cmd_index[6]                | PAP_MARK_DEBUG     | true      
| n:ms72xx_ctl/ms7200_ctl/cmd_index[7]                | PAP_MARK_DEBUG     | true      
| n:ms72xx_ctl/ms7200_ctl/cmd_index[8]                | PAP_MARK_DEBUG     | true      
| n:ms72xx_ctl/ms7200_ctl/freq_ensure                 | PAP_MARK_DEBUG     | true      
| n:ms72xx_ctl/ms7200_ctl/freq_rec[0]                 | PAP_MARK_DEBUG     | true      
| n:ms72xx_ctl/ms7200_ctl/freq_rec[1]                 | PAP_MARK_DEBUG     | true      
| n:ms72xx_ctl/ms7200_ctl/freq_rec_1d[0]              | PAP_MARK_DEBUG     | true      
| n:ms72xx_ctl/ms7200_ctl/freq_rec_1d[1]              | PAP_MARK_DEBUG     | true      
| n:ms72xx_ctl/ms7200_ctl/freq_rec_1d[2]              | PAP_MARK_DEBUG     | true      
| n:ms72xx_ctl/ms7200_ctl/freq_rec_1d[3]              | PAP_MARK_DEBUG     | true      
| n:ms72xx_ctl/ms7200_ctl/freq_rec_1d[4]              | PAP_MARK_DEBUG     | true      
| n:ms72xx_ctl/ms7200_ctl/freq_rec_1d[5]              | PAP_MARK_DEBUG     | true      
| n:ms72xx_ctl/ms7200_ctl/freq_rec_1d[6]              | PAP_MARK_DEBUG     | true      
| n:ms72xx_ctl/ms7200_ctl/freq_rec_1d[7]              | PAP_MARK_DEBUG     | true      
| n:ms72xx_ctl/ms7200_ctl/freq_rec_1d[8]              | PAP_MARK_DEBUG     | true      
| n:ms72xx_ctl/ms7200_ctl/freq_rec_1d[9]              | PAP_MARK_DEBUG     | true      
| n:ms72xx_ctl/ms7200_ctl/freq_rec_1d[10]             | PAP_MARK_DEBUG     | true      
| n:ms72xx_ctl/ms7200_ctl/freq_rec_1d[11]             | PAP_MARK_DEBUG     | true      
| n:ms72xx_ctl/ms7200_ctl/freq_rec_1d[12]             | PAP_MARK_DEBUG     | true      
| n:ms72xx_ctl/ms7200_ctl/freq_rec_1d[13]             | PAP_MARK_DEBUG     | true      
| n:ms72xx_ctl/ms7200_ctl/freq_rec_1d[14]             | PAP_MARK_DEBUG     | true      
| n:ms72xx_ctl/ms7200_ctl/freq_rec_1d[15]             | PAP_MARK_DEBUG     | true      
| n:ms72xx_ctl/ms7200_ctl/freq_rec_1d[16]             | PAP_MARK_DEBUG     | true      
| n:ms72xx_ctl/ms7200_ctl/freq_rec_1d[17]             | PAP_MARK_DEBUG     | true      
| n:ms72xx_ctl/ms7200_ctl/freq_rec_1d[18]             | PAP_MARK_DEBUG     | true      
| n:ms72xx_ctl/ms7200_ctl/freq_rec_1d[19]             | PAP_MARK_DEBUG     | true      
| n:ms72xx_ctl/ms7200_ctl/freq_rec_1d[20]             | PAP_MARK_DEBUG     | true      
| n:ms72xx_ctl/ms7200_ctl/freq_rec_1d[21]             | PAP_MARK_DEBUG     | true      
| n:ms72xx_ctl/ms7200_ctl/freq_rec_1d[22]             | PAP_MARK_DEBUG     | true      
| n:ms72xx_ctl/ms7200_ctl/freq_rec_1d[23]             | PAP_MARK_DEBUG     | true      
| n:ms72xx_ctl/ms7200_ctl/freq_rec_1d[24]             | PAP_MARK_DEBUG     | true      
| n:ms72xx_ctl/ms7200_ctl/freq_rec_1d[25]             | PAP_MARK_DEBUG     | true      
| n:ms72xx_ctl/ms7200_ctl/freq_rec_1d[26]             | PAP_MARK_DEBUG     | true      
| n:ms72xx_ctl/ms7200_ctl/freq_rec_1d[27]             | PAP_MARK_DEBUG     | true      
| n:ms72xx_ctl/ms7200_ctl/freq_rec_1d[28]             | PAP_MARK_DEBUG     | true      
| n:ms72xx_ctl/ms7200_ctl/freq_rec_1d[29]             | PAP_MARK_DEBUG     | true      
| n:ms72xx_ctl/ms7200_ctl/freq_rec_1d[30]             | PAP_MARK_DEBUG     | true      
| n:ms72xx_ctl/ms7200_ctl/freq_rec_1d[31]             | PAP_MARK_DEBUG     | true      
| n:ms72xx_ctl/ms7200_ctl/freq_rec[2]                 | PAP_MARK_DEBUG     | true      
| n:ms72xx_ctl/ms7200_ctl/freq_rec_2d[0]              | PAP_MARK_DEBUG     | true      
| n:ms72xx_ctl/ms7200_ctl/freq_rec_2d[1]              | PAP_MARK_DEBUG     | true      
| n:ms72xx_ctl/ms7200_ctl/freq_rec_2d[2]              | PAP_MARK_DEBUG     | true      
| n:ms72xx_ctl/ms7200_ctl/freq_rec_2d[3]              | PAP_MARK_DEBUG     | true      
| n:ms72xx_ctl/ms7200_ctl/freq_rec_2d[4]              | PAP_MARK_DEBUG     | true      
| n:ms72xx_ctl/ms7200_ctl/freq_rec_2d[5]              | PAP_MARK_DEBUG     | true      
| n:ms72xx_ctl/ms7200_ctl/freq_rec_2d[6]              | PAP_MARK_DEBUG     | true      
| n:ms72xx_ctl/ms7200_ctl/freq_rec_2d[7]              | PAP_MARK_DEBUG     | true      
| n:ms72xx_ctl/ms7200_ctl/freq_rec_2d[8]              | PAP_MARK_DEBUG     | true      
| n:ms72xx_ctl/ms7200_ctl/freq_rec_2d[9]              | PAP_MARK_DEBUG     | true      
| n:ms72xx_ctl/ms7200_ctl/freq_rec_2d[10]             | PAP_MARK_DEBUG     | true      
| n:ms72xx_ctl/ms7200_ctl/freq_rec_2d[11]             | PAP_MARK_DEBUG     | true      
| n:ms72xx_ctl/ms7200_ctl/freq_rec_2d[12]             | PAP_MARK_DEBUG     | true      
| n:ms72xx_ctl/ms7200_ctl/freq_rec_2d[13]             | PAP_MARK_DEBUG     | true      
| n:ms72xx_ctl/ms7200_ctl/freq_rec_2d[14]             | PAP_MARK_DEBUG     | true      
| n:ms72xx_ctl/ms7200_ctl/freq_rec_2d[15]             | PAP_MARK_DEBUG     | true      
| n:ms72xx_ctl/ms7200_ctl/freq_rec_2d[16]             | PAP_MARK_DEBUG     | true      
| n:ms72xx_ctl/ms7200_ctl/freq_rec_2d[17]             | PAP_MARK_DEBUG     | true      
| n:ms72xx_ctl/ms7200_ctl/freq_rec_2d[18]             | PAP_MARK_DEBUG     | true      
| n:ms72xx_ctl/ms7200_ctl/freq_rec_2d[19]             | PAP_MARK_DEBUG     | true      
| n:ms72xx_ctl/ms7200_ctl/freq_rec_2d[20]             | PAP_MARK_DEBUG     | true      
| n:ms72xx_ctl/ms7200_ctl/freq_rec_2d[21]             | PAP_MARK_DEBUG     | true      
| n:ms72xx_ctl/ms7200_ctl/freq_rec_2d[22]             | PAP_MARK_DEBUG     | true      
| n:ms72xx_ctl/ms7200_ctl/freq_rec_2d[23]             | PAP_MARK_DEBUG     | true      
| n:ms72xx_ctl/ms7200_ctl/freq_rec_2d[24]             | PAP_MARK_DEBUG     | true      
| n:ms72xx_ctl/ms7200_ctl/freq_rec_2d[25]             | PAP_MARK_DEBUG     | true      
| n:ms72xx_ctl/ms7200_ctl/freq_rec_2d[26]             | PAP_MARK_DEBUG     | true      
| n:ms72xx_ctl/ms7200_ctl/freq_rec_2d[27]             | PAP_MARK_DEBUG     | true      
| n:ms72xx_ctl/ms7200_ctl/freq_rec_2d[28]             | PAP_MARK_DEBUG     | true      
| n:ms72xx_ctl/ms7200_ctl/freq_rec_2d[29]             | PAP_MARK_DEBUG     | true      
| n:ms72xx_ctl/ms7200_ctl/freq_rec_2d[30]             | PAP_MARK_DEBUG     | true      
| n:ms72xx_ctl/ms7200_ctl/freq_rec_2d[31]             | PAP_MARK_DEBUG     | true      
| n:ms72xx_ctl/ms7200_ctl/freq_rec[3]                 | PAP_MARK_DEBUG     | true      
| n:ms72xx_ctl/ms7200_ctl/freq_rec[4]                 | PAP_MARK_DEBUG     | true      
| n:ms72xx_ctl/ms7200_ctl/freq_rec[5]                 | PAP_MARK_DEBUG     | true      
| n:ms72xx_ctl/ms7200_ctl/freq_rec[6]                 | PAP_MARK_DEBUG     | true      
| n:ms72xx_ctl/ms7200_ctl/freq_rec[7]                 | PAP_MARK_DEBUG     | true      
| n:ms72xx_ctl/ms7200_ctl/freq_rec[8]                 | PAP_MARK_DEBUG     | true      
| n:ms72xx_ctl/ms7200_ctl/freq_rec[9]                 | PAP_MARK_DEBUG     | true      
| n:ms72xx_ctl/ms7200_ctl/freq_rec[10]                | PAP_MARK_DEBUG     | true      
| n:ms72xx_ctl/ms7200_ctl/freq_rec[11]                | PAP_MARK_DEBUG     | true      
| n:ms72xx_ctl/ms7200_ctl/freq_rec[12]                | PAP_MARK_DEBUG     | true      
| n:ms72xx_ctl/ms7200_ctl/freq_rec[13]                | PAP_MARK_DEBUG     | true      
| n:ms72xx_ctl/ms7200_ctl/freq_rec[14]                | PAP_MARK_DEBUG     | true      
| n:ms72xx_ctl/ms7200_ctl/freq_rec[15]                | PAP_MARK_DEBUG     | true      
| n:ms72xx_ctl/ms7200_ctl/freq_rec[16]                | PAP_MARK_DEBUG     | true      
| n:ms72xx_ctl/ms7200_ctl/freq_rec[17]                | PAP_MARK_DEBUG     | true      
| n:ms72xx_ctl/ms7200_ctl/freq_rec[18]                | PAP_MARK_DEBUG     | true      
| n:ms72xx_ctl/ms7200_ctl/freq_rec[19]                | PAP_MARK_DEBUG     | true      
| n:ms72xx_ctl/ms7200_ctl/freq_rec[20]                | PAP_MARK_DEBUG     | true      
| n:ms72xx_ctl/ms7200_ctl/freq_rec[21]                | PAP_MARK_DEBUG     | true      
| n:ms72xx_ctl/ms7200_ctl/freq_rec[22]                | PAP_MARK_DEBUG     | true      
| n:ms72xx_ctl/ms7200_ctl/freq_rec[23]                | PAP_MARK_DEBUG     | true      
| n:ms72xx_ctl/ms7200_ctl/freq_rec[24]                | PAP_MARK_DEBUG     | true      
| n:ms72xx_ctl/ms7200_ctl/freq_rec[25]                | PAP_MARK_DEBUG     | true      
| n:ms72xx_ctl/ms7200_ctl/freq_rec[26]                | PAP_MARK_DEBUG     | true      
| n:ms72xx_ctl/ms7200_ctl/freq_rec[27]                | PAP_MARK_DEBUG     | true      
| n:ms72xx_ctl/ms7200_ctl/freq_rec[28]                | PAP_MARK_DEBUG     | true      
| n:ms72xx_ctl/ms7200_ctl/freq_rec[29]                | PAP_MARK_DEBUG     | true      
| n:ms72xx_ctl/ms7200_ctl/freq_rec[30]                | PAP_MARK_DEBUG     | true      
| n:ms72xx_ctl/ms7200_ctl/freq_rec[31]                | PAP_MARK_DEBUG     | true      
| n:ms72xx_ctl/ms7200_ctl/state[0]                    | PAP_MARK_DEBUG     | true      
| n:ms72xx_ctl/ms7200_ctl/state[1]                    | PAP_MARK_DEBUG     | true      
| n:ms72xx_ctl/ms7200_ctl/state[2]                    | PAP_MARK_DEBUG     | true      
| n:ms72xx_ctl/ms7200_ctl/state[4]                    | PAP_MARK_DEBUG     | true      
+---------------------------------------------------------------------------------------+

Device mapping started.
Optimizing circuit logic.
W: Public-4008: [E:/code/PangoWork/References/pango50k/2_Demo/06_hdmi_loop/06_hdmi_loop/src/ms7200_ctl.v(line number: 658)] Instance 'ms72xx_ctl/ms7200_ctl/freq_rec[0]' of 'GTP_DFF_RE' unit is dangling and will be cleaned.
W: Public-4008: [E:/code/PangoWork/References/pango50k/2_Demo/06_hdmi_loop/06_hdmi_loop/src/ms7200_ctl.v(line number: 658)] Instance 'ms72xx_ctl/ms7200_ctl/freq_rec[1]' of 'GTP_DFF_RE' unit is dangling and will be cleaned.
W: Public-4008: [E:/code/PangoWork/References/pango50k/2_Demo/06_hdmi_loop/06_hdmi_loop/src/ms7200_ctl.v(line number: 380)] Instance 'ms72xx_ctl/ms7200_ctl/freq_rec_1d[0]' of 'GTP_DFF' unit is dangling and will be cleaned.
W: Public-4008: [E:/code/PangoWork/References/pango50k/2_Demo/06_hdmi_loop/06_hdmi_loop/src/ms7200_ctl.v(line number: 380)] Instance 'ms72xx_ctl/ms7200_ctl/freq_rec_1d[1]' of 'GTP_DFF' unit is dangling and will be cleaned.
W: Public-4008: [E:/code/PangoWork/References/pango50k/2_Demo/06_hdmi_loop/06_hdmi_loop/src/ms7200_ctl.v(line number: 380)] Instance 'ms72xx_ctl/ms7200_ctl/freq_rec_1d[2]' of 'GTP_DFF' unit is dangling and will be cleaned.
W: Public-4008: [E:/code/PangoWork/References/pango50k/2_Demo/06_hdmi_loop/06_hdmi_loop/src/ms7200_ctl.v(line number: 380)] Instance 'ms72xx_ctl/ms7200_ctl/freq_rec_1d[3]' of 'GTP_DFF' unit is dangling and will be cleaned.
W: Public-4008: [E:/code/PangoWork/References/pango50k/2_Demo/06_hdmi_loop/06_hdmi_loop/src/ms7200_ctl.v(line number: 380)] Instance 'ms72xx_ctl/ms7200_ctl/freq_rec_1d[4]' of 'GTP_DFF' unit is dangling and will be cleaned.
W: Public-4008: [E:/code/PangoWork/References/pango50k/2_Demo/06_hdmi_loop/06_hdmi_loop/src/ms7200_ctl.v(line number: 380)] Instance 'ms72xx_ctl/ms7200_ctl/freq_rec_1d[5]' of 'GTP_DFF' unit is dangling and will be cleaned.
W: Public-4008: [E:/code/PangoWork/References/pango50k/2_Demo/06_hdmi_loop/06_hdmi_loop/src/ms7200_ctl.v(line number: 380)] Instance 'ms72xx_ctl/ms7200_ctl/freq_rec_1d[6]' of 'GTP_DFF' unit is dangling and will be cleaned.
W: Public-4008: [E:/code/PangoWork/References/pango50k/2_Demo/06_hdmi_loop/06_hdmi_loop/src/ms7200_ctl.v(line number: 380)] Instance 'ms72xx_ctl/ms7200_ctl/freq_rec_1d[7]' of 'GTP_DFF' unit is dangling and will be cleaned.
W: Public-4008: [E:/code/PangoWork/References/pango50k/2_Demo/06_hdmi_loop/06_hdmi_loop/src/ms7200_ctl.v(line number: 380)] Instance 'ms72xx_ctl/ms7200_ctl/freq_rec_1d[8]' of 'GTP_DFF' unit is dangling and will be cleaned.
W: Public-4008: [E:/code/PangoWork/References/pango50k/2_Demo/06_hdmi_loop/06_hdmi_loop/src/ms7200_ctl.v(line number: 380)] Instance 'ms72xx_ctl/ms7200_ctl/freq_rec_1d[9]' of 'GTP_DFF' unit is dangling and will be cleaned.
W: Public-4008: [E:/code/PangoWork/References/pango50k/2_Demo/06_hdmi_loop/06_hdmi_loop/src/ms7200_ctl.v(line number: 380)] Instance 'ms72xx_ctl/ms7200_ctl/freq_rec_1d[10]' of 'GTP_DFF' unit is dangling and will be cleaned.
W: Public-4008: [E:/code/PangoWork/References/pango50k/2_Demo/06_hdmi_loop/06_hdmi_loop/src/ms7200_ctl.v(line number: 380)] Instance 'ms72xx_ctl/ms7200_ctl/freq_rec_1d[11]' of 'GTP_DFF' unit is dangling and will be cleaned.
W: Public-4008: [E:/code/PangoWork/References/pango50k/2_Demo/06_hdmi_loop/06_hdmi_loop/src/ms7200_ctl.v(line number: 380)] Instance 'ms72xx_ctl/ms7200_ctl/freq_rec_1d[12]' of 'GTP_DFF' unit is dangling and will be cleaned.
W: Public-4008: [E:/code/PangoWork/References/pango50k/2_Demo/06_hdmi_loop/06_hdmi_loop/src/ms7200_ctl.v(line number: 380)] Instance 'ms72xx_ctl/ms7200_ctl/freq_rec_1d[13]' of 'GTP_DFF' unit is dangling and will be cleaned.
W: Public-4008: [E:/code/PangoWork/References/pango50k/2_Demo/06_hdmi_loop/06_hdmi_loop/src/ms7200_ctl.v(line number: 380)] Instance 'ms72xx_ctl/ms7200_ctl/freq_rec_1d[14]' of 'GTP_DFF' unit is dangling and will be cleaned.
W: Public-4008: [E:/code/PangoWork/References/pango50k/2_Demo/06_hdmi_loop/06_hdmi_loop/src/ms7200_ctl.v(line number: 380)] Instance 'ms72xx_ctl/ms7200_ctl/freq_rec_1d[15]' of 'GTP_DFF' unit is dangling and will be cleaned.
W: Public-4008: [E:/code/PangoWork/References/pango50k/2_Demo/06_hdmi_loop/06_hdmi_loop/src/ms7200_ctl.v(line number: 380)] Instance 'ms72xx_ctl/ms7200_ctl/freq_rec_1d[18]' of 'GTP_DFF' unit is dangling and will be cleaned.
W: Public-4008: [E:/code/PangoWork/References/pango50k/2_Demo/06_hdmi_loop/06_hdmi_loop/src/ms7200_ctl.v(line number: 380)] Instance 'ms72xx_ctl/ms7200_ctl/freq_rec_1d[19]' of 'GTP_DFF' unit is dangling and will be cleaned.
W: Public-4008: [E:/code/PangoWork/References/pango50k/2_Demo/06_hdmi_loop/06_hdmi_loop/src/ms7200_ctl.v(line number: 380)] Instance 'ms72xx_ctl/ms7200_ctl/freq_rec_1d[20]' of 'GTP_DFF' unit is dangling and will be cleaned.
W: Public-4008: [E:/code/PangoWork/References/pango50k/2_Demo/06_hdmi_loop/06_hdmi_loop/src/ms7200_ctl.v(line number: 380)] Instance 'ms72xx_ctl/ms7200_ctl/freq_rec_1d[21]' of 'GTP_DFF' unit is dangling and will be cleaned.
W: Public-4008: [E:/code/PangoWork/References/pango50k/2_Demo/06_hdmi_loop/06_hdmi_loop/src/ms7200_ctl.v(line number: 380)] Instance 'ms72xx_ctl/ms7200_ctl/freq_rec_1d[22]' of 'GTP_DFF' unit is dangling and will be cleaned.
W: Public-4008: [E:/code/PangoWork/References/pango50k/2_Demo/06_hdmi_loop/06_hdmi_loop/src/ms7200_ctl.v(line number: 380)] Instance 'ms72xx_ctl/ms7200_ctl/freq_rec_1d[23]' of 'GTP_DFF' unit is dangling and will be cleaned.
W: Public-4008: [E:/code/PangoWork/References/pango50k/2_Demo/06_hdmi_loop/06_hdmi_loop/src/ms7200_ctl.v(line number: 380)] Instance 'ms72xx_ctl/ms7200_ctl/freq_rec_1d[24]' of 'GTP_DFF' unit is dangling and will be cleaned.
W: Public-4008: [E:/code/PangoWork/References/pango50k/2_Demo/06_hdmi_loop/06_hdmi_loop/src/ms7200_ctl.v(line number: 380)] Instance 'ms72xx_ctl/ms7200_ctl/freq_rec_1d[25]' of 'GTP_DFF' unit is dangling and will be cleaned.
W: Public-4008: [E:/code/PangoWork/References/pango50k/2_Demo/06_hdmi_loop/06_hdmi_loop/src/ms7200_ctl.v(line number: 380)] Instance 'ms72xx_ctl/ms7200_ctl/freq_rec_1d[26]' of 'GTP_DFF' unit is dangling and will be cleaned.
W: Public-4008: [E:/code/PangoWork/References/pango50k/2_Demo/06_hdmi_loop/06_hdmi_loop/src/ms7200_ctl.v(line number: 380)] Instance 'ms72xx_ctl/ms7200_ctl/freq_rec_1d[27]' of 'GTP_DFF' unit is dangling and will be cleaned.
W: Public-4008: [E:/code/PangoWork/References/pango50k/2_Demo/06_hdmi_loop/06_hdmi_loop/src/ms7200_ctl.v(line number: 380)] Instance 'ms72xx_ctl/ms7200_ctl/freq_rec_1d[28]' of 'GTP_DFF' unit is dangling and will be cleaned.
W: Public-4008: [E:/code/PangoWork/References/pango50k/2_Demo/06_hdmi_loop/06_hdmi_loop/src/ms7200_ctl.v(line number: 380)] Instance 'ms72xx_ctl/ms7200_ctl/freq_rec_1d[29]' of 'GTP_DFF' unit is dangling and will be cleaned.
W: Public-4008: [E:/code/PangoWork/References/pango50k/2_Demo/06_hdmi_loop/06_hdmi_loop/src/ms7200_ctl.v(line number: 380)] Instance 'ms72xx_ctl/ms7200_ctl/freq_rec_1d[30]' of 'GTP_DFF' unit is dangling and will be cleaned.
W: Public-4008: [E:/code/PangoWork/References/pango50k/2_Demo/06_hdmi_loop/06_hdmi_loop/src/ms7200_ctl.v(line number: 380)] Instance 'ms72xx_ctl/ms7200_ctl/freq_rec_1d[31]' of 'GTP_DFF' unit is dangling and will be cleaned.
W: Public-4008: [E:/code/PangoWork/References/pango50k/2_Demo/06_hdmi_loop/06_hdmi_loop/src/ms7200_ctl.v(line number: 658)] Instance 'ms72xx_ctl/ms7200_ctl/freq_rec[2]' of 'GTP_DFF_RE' unit is dangling and will be cleaned.
W: Public-4008: [E:/code/PangoWork/References/pango50k/2_Demo/06_hdmi_loop/06_hdmi_loop/src/ms7200_ctl.v(line number: 380)] Instance 'ms72xx_ctl/ms7200_ctl/freq_rec_2d[0]' of 'GTP_DFF_E' unit is dangling and will be cleaned.
W: Public-4008: [E:/code/PangoWork/References/pango50k/2_Demo/06_hdmi_loop/06_hdmi_loop/src/ms7200_ctl.v(line number: 380)] Instance 'ms72xx_ctl/ms7200_ctl/freq_rec_2d[1]' of 'GTP_DFF_E' unit is dangling and will be cleaned.
W: Public-4008: [E:/code/PangoWork/References/pango50k/2_Demo/06_hdmi_loop/06_hdmi_loop/src/ms7200_ctl.v(line number: 380)] Instance 'ms72xx_ctl/ms7200_ctl/freq_rec_2d[2]' of 'GTP_DFF_E' unit is dangling and will be cleaned.
W: Public-4008: [E:/code/PangoWork/References/pango50k/2_Demo/06_hdmi_loop/06_hdmi_loop/src/ms7200_ctl.v(line number: 380)] Instance 'ms72xx_ctl/ms7200_ctl/freq_rec_2d[3]' of 'GTP_DFF_E' unit is dangling and will be cleaned.
W: Public-4008: [E:/code/PangoWork/References/pango50k/2_Demo/06_hdmi_loop/06_hdmi_loop/src/ms7200_ctl.v(line number: 380)] Instance 'ms72xx_ctl/ms7200_ctl/freq_rec_2d[4]' of 'GTP_DFF_E' unit is dangling and will be cleaned.
W: Public-4008: [E:/code/PangoWork/References/pango50k/2_Demo/06_hdmi_loop/06_hdmi_loop/src/ms7200_ctl.v(line number: 380)] Instance 'ms72xx_ctl/ms7200_ctl/freq_rec_2d[5]' of 'GTP_DFF_E' unit is dangling and will be cleaned.
W: Public-4008: [E:/code/PangoWork/References/pango50k/2_Demo/06_hdmi_loop/06_hdmi_loop/src/ms7200_ctl.v(line number: 380)] Instance 'ms72xx_ctl/ms7200_ctl/freq_rec_2d[6]' of 'GTP_DFF_E' unit is dangling and will be cleaned.
W: Public-4008: [E:/code/PangoWork/References/pango50k/2_Demo/06_hdmi_loop/06_hdmi_loop/src/ms7200_ctl.v(line number: 380)] Instance 'ms72xx_ctl/ms7200_ctl/freq_rec_2d[7]' of 'GTP_DFF_E' unit is dangling and will be cleaned.
W: Public-4008: [E:/code/PangoWork/References/pango50k/2_Demo/06_hdmi_loop/06_hdmi_loop/src/ms7200_ctl.v(line number: 380)] Instance 'ms72xx_ctl/ms7200_ctl/freq_rec_2d[8]' of 'GTP_DFF_E' unit is dangling and will be cleaned.
W: Public-4008: [E:/code/PangoWork/References/pango50k/2_Demo/06_hdmi_loop/06_hdmi_loop/src/ms7200_ctl.v(line number: 380)] Instance 'ms72xx_ctl/ms7200_ctl/freq_rec_2d[9]' of 'GTP_DFF_E' unit is dangling and will be cleaned.
W: Public-4008: [E:/code/PangoWork/References/pango50k/2_Demo/06_hdmi_loop/06_hdmi_loop/src/ms7200_ctl.v(line number: 380)] Instance 'ms72xx_ctl/ms7200_ctl/freq_rec_2d[10]' of 'GTP_DFF_E' unit is dangling and will be cleaned.
W: Public-4008: [E:/code/PangoWork/References/pango50k/2_Demo/06_hdmi_loop/06_hdmi_loop/src/ms7200_ctl.v(line number: 380)] Instance 'ms72xx_ctl/ms7200_ctl/freq_rec_2d[11]' of 'GTP_DFF_E' unit is dangling and will be cleaned.
W: Public-4008: [E:/code/PangoWork/References/pango50k/2_Demo/06_hdmi_loop/06_hdmi_loop/src/ms7200_ctl.v(line number: 380)] Instance 'ms72xx_ctl/ms7200_ctl/freq_rec_2d[12]' of 'GTP_DFF_E' unit is dangling and will be cleaned.
W: Public-4008: [E:/code/PangoWork/References/pango50k/2_Demo/06_hdmi_loop/06_hdmi_loop/src/ms7200_ctl.v(line number: 380)] Instance 'ms72xx_ctl/ms7200_ctl/freq_rec_2d[13]' of 'GTP_DFF_E' unit is dangling and will be cleaned.
W: Public-4008: [E:/code/PangoWork/References/pango50k/2_Demo/06_hdmi_loop/06_hdmi_loop/src/ms7200_ctl.v(line number: 380)] Instance 'ms72xx_ctl/ms7200_ctl/freq_rec_2d[14]' of 'GTP_DFF_E' unit is dangling and will be cleaned.
W: Public-4008: [E:/code/PangoWork/References/pango50k/2_Demo/06_hdmi_loop/06_hdmi_loop/src/ms7200_ctl.v(line number: 380)] Instance 'ms72xx_ctl/ms7200_ctl/freq_rec_2d[15]' of 'GTP_DFF_E' unit is dangling and will be cleaned.
W: Public-4008: [E:/code/PangoWork/References/pango50k/2_Demo/06_hdmi_loop/06_hdmi_loop/src/ms7200_ctl.v(line number: 380)] Instance 'ms72xx_ctl/ms7200_ctl/freq_rec_2d[18]' of 'GTP_DFF_E' unit is dangling and will be cleaned.
W: Public-4008: [E:/code/PangoWork/References/pango50k/2_Demo/06_hdmi_loop/06_hdmi_loop/src/ms7200_ctl.v(line number: 380)] Instance 'ms72xx_ctl/ms7200_ctl/freq_rec_2d[19]' of 'GTP_DFF_E' unit is dangling and will be cleaned.
W: Public-4008: [E:/code/PangoWork/References/pango50k/2_Demo/06_hdmi_loop/06_hdmi_loop/src/ms7200_ctl.v(line number: 380)] Instance 'ms72xx_ctl/ms7200_ctl/freq_rec_2d[20]' of 'GTP_DFF_E' unit is dangling and will be cleaned.
W: Public-4008: [E:/code/PangoWork/References/pango50k/2_Demo/06_hdmi_loop/06_hdmi_loop/src/ms7200_ctl.v(line number: 380)] Instance 'ms72xx_ctl/ms7200_ctl/freq_rec_2d[21]' of 'GTP_DFF_E' unit is dangling and will be cleaned.
W: Public-4008: [E:/code/PangoWork/References/pango50k/2_Demo/06_hdmi_loop/06_hdmi_loop/src/ms7200_ctl.v(line number: 380)] Instance 'ms72xx_ctl/ms7200_ctl/freq_rec_2d[22]' of 'GTP_DFF_E' unit is dangling and will be cleaned.
W: Public-4008: [E:/code/PangoWork/References/pango50k/2_Demo/06_hdmi_loop/06_hdmi_loop/src/ms7200_ctl.v(line number: 380)] Instance 'ms72xx_ctl/ms7200_ctl/freq_rec_2d[23]' of 'GTP_DFF_E' unit is dangling and will be cleaned.
W: Public-4008: [E:/code/PangoWork/References/pango50k/2_Demo/06_hdmi_loop/06_hdmi_loop/src/ms7200_ctl.v(line number: 380)] Instance 'ms72xx_ctl/ms7200_ctl/freq_rec_2d[24]' of 'GTP_DFF_E' unit is dangling and will be cleaned.
W: Public-4008: [E:/code/PangoWork/References/pango50k/2_Demo/06_hdmi_loop/06_hdmi_loop/src/ms7200_ctl.v(line number: 380)] Instance 'ms72xx_ctl/ms7200_ctl/freq_rec_2d[25]' of 'GTP_DFF_E' unit is dangling and will be cleaned.
W: Public-4008: [E:/code/PangoWork/References/pango50k/2_Demo/06_hdmi_loop/06_hdmi_loop/src/ms7200_ctl.v(line number: 380)] Instance 'ms72xx_ctl/ms7200_ctl/freq_rec_2d[26]' of 'GTP_DFF_E' unit is dangling and will be cleaned.
W: Public-4008: [E:/code/PangoWork/References/pango50k/2_Demo/06_hdmi_loop/06_hdmi_loop/src/ms7200_ctl.v(line number: 380)] Instance 'ms72xx_ctl/ms7200_ctl/freq_rec_2d[27]' of 'GTP_DFF_E' unit is dangling and will be cleaned.
W: Public-4008: [E:/code/PangoWork/References/pango50k/2_Demo/06_hdmi_loop/06_hdmi_loop/src/ms7200_ctl.v(line number: 380)] Instance 'ms72xx_ctl/ms7200_ctl/freq_rec_2d[28]' of 'GTP_DFF_E' unit is dangling and will be cleaned.
W: Public-4008: [E:/code/PangoWork/References/pango50k/2_Demo/06_hdmi_loop/06_hdmi_loop/src/ms7200_ctl.v(line number: 380)] Instance 'ms72xx_ctl/ms7200_ctl/freq_rec_2d[29]' of 'GTP_DFF_E' unit is dangling and will be cleaned.
W: Public-4008: [E:/code/PangoWork/References/pango50k/2_Demo/06_hdmi_loop/06_hdmi_loop/src/ms7200_ctl.v(line number: 380)] Instance 'ms72xx_ctl/ms7200_ctl/freq_rec_2d[30]' of 'GTP_DFF_E' unit is dangling and will be cleaned.
W: Public-4008: [E:/code/PangoWork/References/pango50k/2_Demo/06_hdmi_loop/06_hdmi_loop/src/ms7200_ctl.v(line number: 380)] Instance 'ms72xx_ctl/ms7200_ctl/freq_rec_2d[31]' of 'GTP_DFF_E' unit is dangling and will be cleaned.
W: Public-4008: [E:/code/PangoWork/References/pango50k/2_Demo/06_hdmi_loop/06_hdmi_loop/src/ms7200_ctl.v(line number: 658)] Instance 'ms72xx_ctl/ms7200_ctl/freq_rec[3]' of 'GTP_DFF_RE' unit is dangling and will be cleaned.
W: Public-4008: [E:/code/PangoWork/References/pango50k/2_Demo/06_hdmi_loop/06_hdmi_loop/src/ms7200_ctl.v(line number: 658)] Instance 'ms72xx_ctl/ms7200_ctl/freq_rec[4]' of 'GTP_DFF_RE' unit is dangling and will be cleaned.
W: Public-4008: [E:/code/PangoWork/References/pango50k/2_Demo/06_hdmi_loop/06_hdmi_loop/src/ms7200_ctl.v(line number: 658)] Instance 'ms72xx_ctl/ms7200_ctl/freq_rec[5]' of 'GTP_DFF_RE' unit is dangling and will be cleaned.
W: Public-4008: [E:/code/PangoWork/References/pango50k/2_Demo/06_hdmi_loop/06_hdmi_loop/src/ms7200_ctl.v(line number: 658)] Instance 'ms72xx_ctl/ms7200_ctl/freq_rec[6]' of 'GTP_DFF_RE' unit is dangling and will be cleaned.
W: Public-4008: [E:/code/PangoWork/References/pango50k/2_Demo/06_hdmi_loop/06_hdmi_loop/src/ms7200_ctl.v(line number: 658)] Instance 'ms72xx_ctl/ms7200_ctl/freq_rec[7]' of 'GTP_DFF_RE' unit is dangling and will be cleaned.
W: Public-4008: [E:/code/PangoWork/References/pango50k/2_Demo/06_hdmi_loop/06_hdmi_loop/src/ms7200_ctl.v(line number: 658)] Instance 'ms72xx_ctl/ms7200_ctl/freq_rec[8]' of 'GTP_DFF_RE' unit is dangling and will be cleaned.
W: Public-4008: [E:/code/PangoWork/References/pango50k/2_Demo/06_hdmi_loop/06_hdmi_loop/src/ms7200_ctl.v(line number: 658)] Instance 'ms72xx_ctl/ms7200_ctl/freq_rec[9]' of 'GTP_DFF_RE' unit is dangling and will be cleaned.
W: Public-4008: [E:/code/PangoWork/References/pango50k/2_Demo/06_hdmi_loop/06_hdmi_loop/src/ms7200_ctl.v(line number: 658)] Instance 'ms72xx_ctl/ms7200_ctl/freq_rec[10]' of 'GTP_DFF_RE' unit is dangling and will be cleaned.
W: Public-4008: [E:/code/PangoWork/References/pango50k/2_Demo/06_hdmi_loop/06_hdmi_loop/src/ms7200_ctl.v(line number: 658)] Instance 'ms72xx_ctl/ms7200_ctl/freq_rec[11]' of 'GTP_DFF_RE' unit is dangling and will be cleaned.
W: Public-4008: [E:/code/PangoWork/References/pango50k/2_Demo/06_hdmi_loop/06_hdmi_loop/src/ms7200_ctl.v(line number: 658)] Instance 'ms72xx_ctl/ms7200_ctl/freq_rec[12]' of 'GTP_DFF_RE' unit is dangling and will be cleaned.
W: Public-4008: [E:/code/PangoWork/References/pango50k/2_Demo/06_hdmi_loop/06_hdmi_loop/src/ms7200_ctl.v(line number: 658)] Instance 'ms72xx_ctl/ms7200_ctl/freq_rec[13]' of 'GTP_DFF_RE' unit is dangling and will be cleaned.
W: Public-4008: [E:/code/PangoWork/References/pango50k/2_Demo/06_hdmi_loop/06_hdmi_loop/src/ms7200_ctl.v(line number: 658)] Instance 'ms72xx_ctl/ms7200_ctl/freq_rec[14]' of 'GTP_DFF_RE' unit is dangling and will be cleaned.
W: Public-4008: [E:/code/PangoWork/References/pango50k/2_Demo/06_hdmi_loop/06_hdmi_loop/src/ms7200_ctl.v(line number: 658)] Instance 'ms72xx_ctl/ms7200_ctl/freq_rec[15]' of 'GTP_DFF_RE' unit is dangling and will be cleaned.
W: Public-4008: [E:/code/PangoWork/References/pango50k/2_Demo/06_hdmi_loop/06_hdmi_loop/src/ms7200_ctl.v(line number: 658)] Instance 'ms72xx_ctl/ms7200_ctl/freq_rec[18]' of 'GTP_DFF_RE' unit is dangling and will be cleaned.
W: Public-4008: [E:/code/PangoWork/References/pango50k/2_Demo/06_hdmi_loop/06_hdmi_loop/src/ms7200_ctl.v(line number: 658)] Instance 'ms72xx_ctl/ms7200_ctl/freq_rec[19]' of 'GTP_DFF_RE' unit is dangling and will be cleaned.
W: Public-4008: [E:/code/PangoWork/References/pango50k/2_Demo/06_hdmi_loop/06_hdmi_loop/src/ms7200_ctl.v(line number: 658)] Instance 'ms72xx_ctl/ms7200_ctl/freq_rec[20]' of 'GTP_DFF_RE' unit is dangling and will be cleaned.
W: Public-4008: [E:/code/PangoWork/References/pango50k/2_Demo/06_hdmi_loop/06_hdmi_loop/src/ms7200_ctl.v(line number: 658)] Instance 'ms72xx_ctl/ms7200_ctl/freq_rec[21]' of 'GTP_DFF_RE' unit is dangling and will be cleaned.
W: Public-4008: [E:/code/PangoWork/References/pango50k/2_Demo/06_hdmi_loop/06_hdmi_loop/src/ms7200_ctl.v(line number: 658)] Instance 'ms72xx_ctl/ms7200_ctl/freq_rec[22]' of 'GTP_DFF_RE' unit is dangling and will be cleaned.
W: Public-4008: [E:/code/PangoWork/References/pango50k/2_Demo/06_hdmi_loop/06_hdmi_loop/src/ms7200_ctl.v(line number: 658)] Instance 'ms72xx_ctl/ms7200_ctl/freq_rec[23]' of 'GTP_DFF_RE' unit is dangling and will be cleaned.
W: Public-4008: [E:/code/PangoWork/References/pango50k/2_Demo/06_hdmi_loop/06_hdmi_loop/src/ms7200_ctl.v(line number: 658)] Instance 'ms72xx_ctl/ms7200_ctl/freq_rec[24]' of 'GTP_DFF_RE' unit is dangling and will be cleaned.
W: Public-4008: [E:/code/PangoWork/References/pango50k/2_Demo/06_hdmi_loop/06_hdmi_loop/src/ms7200_ctl.v(line number: 658)] Instance 'ms72xx_ctl/ms7200_ctl/freq_rec[25]' of 'GTP_DFF_RE' unit is dangling and will be cleaned.
W: Public-4008: [E:/code/PangoWork/References/pango50k/2_Demo/06_hdmi_loop/06_hdmi_loop/src/ms7200_ctl.v(line number: 658)] Instance 'ms72xx_ctl/ms7200_ctl/freq_rec[26]' of 'GTP_DFF_RE' unit is dangling and will be cleaned.
W: Public-4008: [E:/code/PangoWork/References/pango50k/2_Demo/06_hdmi_loop/06_hdmi_loop/src/ms7200_ctl.v(line number: 658)] Instance 'ms72xx_ctl/ms7200_ctl/freq_rec[27]' of 'GTP_DFF_RE' unit is dangling and will be cleaned.
W: Public-4008: [E:/code/PangoWork/References/pango50k/2_Demo/06_hdmi_loop/06_hdmi_loop/src/ms7200_ctl.v(line number: 658)] Instance 'ms72xx_ctl/ms7200_ctl/freq_rec[28]' of 'GTP_DFF_RE' unit is dangling and will be cleaned.
W: Public-4008: [E:/code/PangoWork/References/pango50k/2_Demo/06_hdmi_loop/06_hdmi_loop/src/ms7200_ctl.v(line number: 658)] Instance 'ms72xx_ctl/ms7200_ctl/freq_rec[29]' of 'GTP_DFF_RE' unit is dangling and will be cleaned.
W: Public-4008: [E:/code/PangoWork/References/pango50k/2_Demo/06_hdmi_loop/06_hdmi_loop/src/ms7200_ctl.v(line number: 658)] Instance 'ms72xx_ctl/ms7200_ctl/freq_rec[30]' of 'GTP_DFF_RE' unit is dangling and will be cleaned.
W: Public-4008: [E:/code/PangoWork/References/pango50k/2_Demo/06_hdmi_loop/06_hdmi_loop/src/ms7200_ctl.v(line number: 658)] Instance 'ms72xx_ctl/ms7200_ctl/freq_rec[31]' of 'GTP_DFF_RE' unit is dangling and will be cleaned.
Checking design netlist.
C: DRC-2062: Port CLKIN1 of inst u_pll/u_pll_e3(GTP_PLL_E3) clock frequency 1.0000MHz exceeds the minimum limit 5.0000MHz, please check your design.
C: DRC-2064: When port CLKIN1 is used as the reference clock input, the Fpfd of inst u_pll/u_pll_e3(GTP_PLL_E3) clock frequency 0.5000MHz exceeds the minimum limit 5.0000MHz, please check your design.
C: DRC-2064: When port CLKIN1 is used as the reference clock input, the Fvco of inst u_pll/u_pll_e3(GTP_PLL_E3) clock frequency 12.0000MHz exceeds the minimum limit 600.0000MHz, please check your design.
C: DRC-2064: When port CLKIN1 is used as the reference clock input, the CLKOUT0 of inst u_pll/u_pll_e3(GTP_PLL_E3) clock frequency 0.2000MHz exceeds the minimum limit 1.1700MHz, please check your design.
Processing tech operator.
I: The instance clkbufg_0(GTP_CLKBUFG) has been inserted on the net cfg_clk in design, driver pin CLKOUT0(instance u_pll/u_pll_e3) -> load pin CLK(instance rstn_1ms[0]).
I: The instance clkbufg_1(GTP_CLKBUFG) has been inserted on the net nt_pixclk_in in design, driver pin O(instance pixclk_in_ibuf) -> load pin CLK(instance b_out[0]).
Converting tech operator to gate operator.
Minimun Fanout To Report "1".
Number of Nets (Fanout>=Min Fanout) To Report "100".
Processing gate operator.
I: Infer CARRY group, base inst: N9_0_1/gateop, insts:13.
I: Infer CARRY group, base inst: ms72xx_ctl/iic_dri_rx/N138.lt_0/gateop, insts:2.
I: Infer CARRY group, base inst: ms72xx_ctl/iic_dri_tx/N138.lt_0/gateop, insts:2.
I: Infer CARRY group, base inst: ms72xx_ctl/ms7200_ctl/N112_1_1/gateop, insts:8.
I: Infer CARRY group, base inst: ms72xx_ctl/ms7200_ctl/N242_1_0/gateop, insts:9.
I: Infer CARRY group, base inst: ms72xx_ctl/ms7210_ctl/N111_1_1/gateop, insts:21.
I: Infer CARRY group, base inst: ms72xx_ctl/ms7210_ctl/N171_1_1/gateop, insts:5.
Device Utilization Summary:
+------------------------------------------------------------------------+
| Logic Utilization     | Used     | Available     | Utilization(%)     
+------------------------------------------------------------------------+
| APM                   | 0        | 84            | 0                  
| IOCKDLY               | 0        | 40            | 0                  
| FF                    | 273      | 64200         | 1                  
| LUT                   | 357      | 42800         | 1                  
| Distributed RAM       | 0        | 17000         | 0                  
| DLL                   | 0        | 10            | 0                  
| DQSL                  | 0        | 18            | 0                  
| DRM                   | 1.5      | 134           | 2                  
| FUSECODE              | 0        | 1             | 0                  
| IO                    | 63       | 296           | 22                 
| IOCKDIV               | 0        | 20            | 0                  
| IOCKGATE              | 0        | 20            | 0                  
| IPAL                  | 0        | 1             | 0                  
| PLL                   | 1        | 5             | 20                 
| RCKB                  | 0        | 24            | 0                  
| SCANCHAIN             | 0        | 2             | 0                  
| START                 | 1        | 1             | 100                
| USCM                  | 2        | 30            | 7                  
| HSST                  | 0        | 1             | 0                  
| OSC                   | 0        | 1             | 0                  
| CRYSTAL               | 0        | 2             | 0                  
| RESCAL                | 0        | 4             | 0                  
| UDID                  | 0        | 1             | 0                  
| PCIE                  | 0        | 1             | 0                  
| LDO                   | 0        | 4             | 0                  
+------------------------------------------------------------------------+

Generate Detailed Map Report "False".
Device mapping done.
Total device mapping takes 0.05 sec.

Design 'hdmi_loop' has been successfully mapped to architecture-specific objects.
Saving design to DB.
Action Device Map: Export DB successfully.
Override Pcf "True".
W: Public-4010: Pcf file E:/code/PangoWork/References/pango50k/2_Demo/06_hdmi_loop/06_hdmi_loop/prj_tasks/pnr_1/device_map/hdmi_out_top.pcf has been covered.
Action dev_map: Real time elapsed is 0h:0m:5s
Action dev_map: CPU time elapsed is 0h:0m:3s
Action dev_map: Process CPU time elapsed is 0h:0m:3s
Action dev_map: Peak memory pool usage is 252 MB

Current time: Wed Sep 16 12:58:02 2026
