#Build: Fabric Compiler 2025.2, Build 211867, Jan 16 16:10 2026
#Install: E:\work\pango\PDS_2025.2-ads\bin
#Application name: pds_shell.exe
#OS: Windows 11 10.0.26200
#CPU: Unknown
#RAM(GB): 32
#Hostname: dionirpyC
#Generated by Fabric Compiler (version 2025.2 build 211867) at Sun Sep 27 17:24:22 2026
Parameters for debugging are loaded as follows:
License checkout: fabric_ads from E:/work/pango/PDS_2025.2-ads/new_pds_F4A80DA47D72.lic
Compiling verification operator library.
Compiling vendor parameter file.
Loading technology operator library.
Compiling technology operator library.
Compiling technology operator (valence) library.
I: Enable Verilog2k features and keywords
Start rtl-analyze.
I: Include path: E:/code/PangoWork/Works/hdmi/.driver_lint_out7200
I: Verilog-0001: Analyzing file E:/code/PangoWork/Works/hdmi/Designs/drivers/iic/iic_master.v.
I: Verilog-0002: [E:/code/PangoWork/Works/hdmi/Designs/drivers/iic/iic_master.v(line number: 10)] Analyzing module iic_master (library work).
Parsing done.
I: Verilog-0001: Analyzing file E:/code/PangoWork/Works/hdmi/Designs/hardware/ms7200/ms7200_driver.v.
I: Verilog-0002: [E:/code/PangoWork/Works/hdmi/Designs/hardware/ms7200/ms7200_driver.v(line number: 1)] Analyzing module ms7200_driver (library work).
Parsing done.
I: Verilog-0001: Analyzing file E:/code/PangoWork/Works/hdmi/Designs/hardware/ms7200/ms7200_top.v.
I: Verilog-0002: [E:/code/PangoWork/Works/hdmi/Designs/hardware/ms7200/ms7200_top.v(line number: 1)] Analyzing module ms7200_top (library work).
Parsing done.
I: Module "ms7200_top" is set as top module
Executing : rtl-analyze successfully. Time elapsed: 2.127s wall, 0.047s user + 0.000s system = 0.047s CPU (2.2%). Peak memory used: 175 MB.

Start rtl-elaborate.
I: Verilog-0003: [E:/code/PangoWork/Works/hdmi/Designs/hardware/ms7200/ms7200_top.v(line number: 1)] Elaborating module ms7200_top.
I: Module instance {ms7200_top} parameter value:
    SYS_CLK_FREQ_HZ = 32'sh2FAF080 | 50000000 | 32'sb00000010111110101111000010000000
    IIC_CLK_FREQ_HZ = 32'sh186A00 | 1600000 | 32'sb00000000000110000110101000000000
    IIC_SCL_FREQ_HZ = 32'sh61A80 | 400000 | 32'sb00000000000001100001101010000000
    RESET_HOLD_MS = 32'sh1 | 1 | 32'sb00000000000000000000000000000001
    RESET_RELEASE_MS = 32'sh1 | 1 | 32'sb00000000000000000000000000000001
I: Verilog-0004: [E:/code/PangoWork/Works/hdmi/Designs/hardware/ms7200/ms7200_top.v(line number: 163)] Elaborating instance ms7200_driver_instance.
I: Verilog-0003: [E:/code/PangoWork/Works/hdmi/Designs/hardware/ms7200/ms7200_driver.v(line number: 1)] Elaborating module ms7200_driver.
I: Verilog-0004: [E:/code/PangoWork/Works/hdmi/Designs/hardware/ms7200/ms7200_top.v(line number: 182)] Elaborating instance ms7200_iic_instance.
I: Verilog-0003: [E:/code/PangoWork/Works/hdmi/Designs/drivers/iic/iic_master.v(line number: 10)] Elaborating module iic_master.
I: Module instance {ms7200_top/ms7200_iic_instance} parameter value:
    DEVICE_ADDR = 32'sh2B | 43 | 32'sb00000000000000000000000000101011
    IIC_CLK_FREQ = 32'sh186A00 | 1600000 | 32'sb00000000000110000110101000000000
    IIC_SCL_FREQ = 32'sh61A80 | 400000 | 32'sb00000000000001100001101010000000
Executing : rtl-elaborate successfully. Time elapsed: 0.043s wall, 0.016s user + 0.031s system = 0.047s CPU (108.7%). Peak memory used: 187 MB.

Start rtl-prep.
Executing : rtl-prep successfully. Time elapsed: 0.049s wall, 0.047s user + 0.000s system = 0.047s CPU (96.2%). Peak memory used: 187 MB.

Start rtl-infer.
Start DFF-inference.
W: Sdm-2020: [E:/code/PangoWork/Works/hdmi/Designs/hardware/ms7200/ms7200_driver.v(line number: 438)] Unused register frequency_sample_1 was removed.
Executing : DFF-inference successfully.
Executing : rtl-infer successfully. Time elapsed: 0.271s wall, 0.172s user + 0.094s system = 0.266s CPU (98.2%). Peak memory used: 188 MB.

Start rtl-control-opt.
Executing : rtl-control-opt successfully. Time elapsed: 0.025s wall, 0.031s user + 0.000s system = 0.031s CPU (122.7%). Peak memory used: 188 MB.

Start rtl-data-opt.
Executing : rtl-data-opt successfully. Time elapsed: 0.013s wall, 0.016s user + 0.000s system = 0.016s CPU (121.1%). Peak memory used: 188 MB.

Start FSM inference.
I: FSM state_current_fsm[1:0] inferred.
I: FSM state_current_fsm[2:0] inferred.
I: FSM state_fsm[4:0] inferred.
Executing : FSM inference successfully. Time elapsed: 0.037s wall, 0.031s user + 0.000s system = 0.031s CPU (85.5%). Peak memory used: 188 MB.

Start sdm2adm.
I: Constant propagation done on N3458 (bmsWIDEMUX).
I: Constant propagation done on N2665 (bmsWIDEMUX).
I: Constant propagation done on N3469 (bmsREDAND).
I: Constant propagation done on N1266_1 (bmsWIDEMUX).
I: Constant propagation done on N3457 (bmsWIDEMUX).
I: Constant propagation done on N2518 (bmsWIDEMUX).
I: Constant propagation done on N747 (bmsWIDEMUX).
I: Constant propagation done on N755 (bmsWIDEMUX).
I: Constant propagation done on N521[3]_inv (bmsINV).
I: Constant propagation done on N521[4]_inv (bmsINV).
Executing : sdm2adm successfully. Time elapsed: 0.043s wall, 0.031s user + 0.016s system = 0.047s CPU (108.6%). Peak memory used: 199 MB.

Saving design to DB.
Action Compile: Export DB successfully.
Action compile: Real time elapsed is 0h:0m:5s
Action compile: CPU time elapsed is 0h:0m:1s
Action compile: Process CPU time elapsed is 0h:0m:2s
Action compile: Peak memory pool usage is 199 MB

Current time: Sun Sep 27 17:24:25 2026
