#Build: Fabric Compiler 2025.2, Build 211867, Jan 16 16:10 2026
#Install: E:\work\pango\PDS_2025.2-ads\bin
#Application name: pds_shell.exe
#OS: Windows 11 10.0.26200
#CPU: Unknown
#RAM(GB): 32
#Hostname: dionirpyC
#Generated by Fabric Compiler (version 2025.2 build 211867) at Sat Sep 19 16:31:23 2026
Parameters for debugging are loaded as follows:
Compiling verification operator library.
Compiling vendor parameter file.
Compiling common defs.
Compiling prim grid devices.
Compiling place grid timing.
Compiling gate devices.
Compiling gate operators.
Compiling gate operators impls.
Building architecture model.
Loading device packaging model.
Building architecture floorplan logic view.
Constraint check start.
W: ConstraintEditor-4042: Port 'led_out[0]' lacks attribute 'SLEW', it's better to set the attribute for port.
W: ConstraintEditor-4042: Port 'led_out[0]' lacks attribute 'DRIVE', it's better to set the attribute for port.
W: ConstraintEditor-4042: Port 'led_out[0]' lacks attribute 'BUS_KEEPER', it's better to set the attribute for port.
W: ConstraintEditor-4042: Port 'led_out[1]' lacks attribute 'SLEW', it's better to set the attribute for port.
W: ConstraintEditor-4042: Port 'led_out[1]' lacks attribute 'DRIVE', it's better to set the attribute for port.
W: ConstraintEditor-4042: Port 'led_out[1]' lacks attribute 'BUS_KEEPER', it's better to set the attribute for port.
W: ConstraintEditor-4042: Port 'led_out[2]' lacks attribute 'SLEW', it's better to set the attribute for port.
W: ConstraintEditor-4042: Port 'led_out[2]' lacks attribute 'DRIVE', it's better to set the attribute for port.
W: ConstraintEditor-4042: Port 'led_out[2]' lacks attribute 'BUS_KEEPER', it's better to set the attribute for port.
W: ConstraintEditor-4042: Port 'led_out[3]' lacks attribute 'SLEW', it's better to set the attribute for port.
W: ConstraintEditor-4042: Port 'led_out[3]' lacks attribute 'DRIVE', it's better to set the attribute for port.
W: ConstraintEditor-4042: Port 'led_out[3]' lacks attribute 'BUS_KEEPER', it's better to set the attribute for port.
W: ConstraintEditor-4042: Port 'led_out[4]' lacks attribute 'SLEW', it's better to set the attribute for port.
W: ConstraintEditor-4042: Port 'led_out[4]' lacks attribute 'DRIVE', it's better to set the attribute for port.
W: ConstraintEditor-4042: Port 'led_out[4]' lacks attribute 'BUS_KEEPER', it's better to set the attribute for port.
W: ConstraintEditor-4042: Port 'led_out[5]' lacks attribute 'SLEW', it's better to set the attribute for port.
W: ConstraintEditor-4042: Port 'led_out[5]' lacks attribute 'DRIVE', it's better to set the attribute for port.
W: ConstraintEditor-4042: Port 'led_out[5]' lacks attribute 'BUS_KEEPER', it's better to set the attribute for port.
W: ConstraintEditor-4042: Port 'led_out[6]' lacks attribute 'SLEW', it's better to set the attribute for port.
W: ConstraintEditor-4042: Port 'led_out[6]' lacks attribute 'DRIVE', it's better to set the attribute for port.
W: ConstraintEditor-4042: Port 'led_out[6]' lacks attribute 'BUS_KEEPER', it's better to set the attribute for port.
W: ConstraintEditor-4042: Port 'led_out[7]' lacks attribute 'SLEW', it's better to set the attribute for port.
W: ConstraintEditor-4042: Port 'led_out[7]' lacks attribute 'DRIVE', it's better to set the attribute for port.
W: ConstraintEditor-4042: Port 'led_out[7]' lacks attribute 'BUS_KEEPER', it's better to set the attribute for port.
W: ConstraintEditor-4042: Port 'uart_tx' lacks attribute 'SLEW', it's better to set the attribute for port.
W: ConstraintEditor-4042: Port 'uart_tx' lacks attribute 'DRIVE', it's better to set the attribute for port.
W: ConstraintEditor-4042: Port 'key_in[0]' lacks attribute 'BUS_KEEPER', it's better to set the attribute for port.
W: ConstraintEditor-4040: [E:/code/PangoWork/Works/uart/prj_tasks/pnr_1/device_map/uart_rx_top.pcf(line number: 12)] Port key_in[0] has been placed at location K18, whose type is share pin.
W: ConstraintEditor-4042: Port 'key_in[1]' lacks attribute 'BUS_KEEPER', it's better to set the attribute for port.
W: ConstraintEditor-4042: Port 'key_in[2]' lacks attribute 'BUS_KEEPER', it's better to set the attribute for port.
W: ConstraintEditor-4042: Port 'key_in[3]' lacks attribute 'BUS_KEEPER', it's better to set the attribute for port.
W: ConstraintEditor-4042: Port 'key_in[4]' lacks attribute 'BUS_KEEPER', it's better to set the attribute for port.
W: ConstraintEditor-4042: Port 'key_in[5]' lacks attribute 'BUS_KEEPER', it's better to set the attribute for port.
W: ConstraintEditor-4040: [E:/code/PangoWork/Works/uart/prj_tasks/pnr_1/device_map/uart_rx_top.pcf(line number: 17)] Port key_in[5] has been placed at location J19, whose type is share pin.
W: ConstraintEditor-4042: Port 'key_in[6]' lacks attribute 'BUS_KEEPER', it's better to set the attribute for port.
W: ConstraintEditor-4040: [E:/code/PangoWork/Works/uart/prj_tasks/pnr_1/device_map/uart_rx_top.pcf(line number: 18)] Port key_in[6] has been placed at location H20, whose type is share pin.
W: ConstraintEditor-4042: Port 'key_in[7]' lacks attribute 'BUS_KEEPER', it's better to set the attribute for port.
W: ConstraintEditor-4040: [E:/code/PangoWork/Works/uart/prj_tasks/pnr_1/device_map/uart_rx_top.pcf(line number: 20)] Port rst_n has been placed at location AB13, whose type is share pin.
C: ConstraintEditor-2022: There are some ports' attributes are set to default value, please read [E:/code/PangoWork/Works/uart/prj_tasks/pnr_1/place_route/ports_defalut_attribute.txt(line number:0)] to confirm.
Found 0 error(s), 1 critical warning(s), 38 warning(s), out of 20 constraint(s)
Constraint check end.
Total time(hh:mm:ss) of constraint check : 00:00:00
Elaborate the liberty model.
I: Multithreading enabled for Timing using a maximum of 4 processes.
Placement started. Type: EP_COMMON_FLOW.

Stage 1 EP_INIT start.
Stage: after EP_INIT | Time (s): real = 0h:0m:6s ; cpu = 0h:0m:4s ; process = 0h:0m:6s | Memory (MB): curr = 428.996094 ; peak = 429.859375 | Checksum: 1481FD4C1220C5C5

Design Layer Utilization:
	LUT: 0.089%
	FF: 0.079%
	IO: 5.722%

Stage 2 EP_DL start.
build place dedicate switch graph takes 1.50 sec
Place location constraint group with base node:key_in_ibuf[0]/opit_1 at IOL_327_257
Place location constraint group with base node:key_in_ibuf[1]/opit_1 at IOL_327_134
Place location constraint group with base node:key_in_ibuf[2]/opit_1 at IOL_327_297
Place location constraint group with base node:key_in_ibuf[3]/opit_1 at IOL_327_133
Place location constraint group with base node:key_in_ibuf[4]/opit_1 at IOL_327_298
Place location constraint group with base node:key_in_ibuf[5]/opit_1 at IOL_327_262
Place location constraint group with base node:key_in_ibuf[6]/opit_1 at IOL_327_261
Place location constraint group with base node:key_in_ibuf[7]/opit_1 at IOL_327_365
Place location constraint group with base node:led_out_obuf[0]/opit_1 at IOL_19_374
Place location constraint group with base node:led_out_obuf[1]/opit_1 at IOL_19_373
Place location constraint group with base node:led_out_obuf[2]/opit_1 at IOL_35_374
Place location constraint group with base node:led_out_obuf[3]/opit_1 at IOL_35_373
Place location constraint group with base node:led_out_obuf[4]/opit_1 at IOL_67_374
Place location constraint group with base node:led_out_obuf[5]/opit_1 at IOL_67_373
Place location constraint group with base node:led_out_obuf[6]/opit_1 at IOL_47_374
Place location constraint group with base node:led_out_obuf[7]/opit_1 at IOL_47_373
Place location constraint group with base node:rst_n_ibuf/opit_1 at IOL_167_5
Place location constraint group with base node:sys_clk_50mhz_ibuf/opit_1 at IOL_327_210
Place location constraint group with base node:uart_rx_ibuf/opit_1 at IOL_43_5
Place location constraint group with base node:uart_tx_obuf/opit_1 at IOL_43_6
Place location constraint node:BKCL_auto_0 at BKCL_188_376
Place location constraint node:BKCL_auto_1 at BKCL_328_184
Place location constraint node:BKCL_auto_2 at BKCL_192_0
DRCP Convert Loc Constraint successful.

Stage 2.1 pre clock plan start.
Mapping instance GRS_INST/grs to START_324_2.
I: Clock statistic: 2 USCM.
solve clock designs takes 0.02 sec with memory (MB): curr = 499.250000, peak = 507.437500.
Mapping instance clkbufg_0/gopclkbufg to USCM_84_108:impl_uscm_rtb_a-USCM.
Mapping instance clkbufg_1/gopclkbufg to USCM_84_109:impl_uscm_rtb_a-USCM.
Mapping instance u_pll_50mhz/u_pll_e3/goppll to PLL_158_55.
Stage: after pre clock plan | Time (s): real = 0h:0m:8s ; cpu = 0h:0m:5s ; process = 0h:0m:8s | Memory (MB): curr = 499.394531 ; peak = 507.437500

Place location constraint node:clkbufg_0/gopclkbufg at USCM_84_108
Place location constraint node:clkbufg_1/gopclkbufg at USCM_84_109
Place location constraint node:u_pll_50mhz/u_pll_e3/goppll at PLL_158_55
DRCP Convert Loc Constraint successful.
Stage: after EP_DL | Time (s): real = 0h:0m:8s ; cpu = 0h:0m:5s ; process = 0h:0m:8s | Memory (MB): curr = 499.453125 ; peak = 507.437500 | Checksum: DD6C4226CF5AEABC


Stage 3 EP_FIP start.
DRCP Convert Loc Constraint successful.

Stage 3.1 fip global place start.
[GP] num_thread=0
I: Multithreading enabled for place using a maximum of 4 processes.
[GP] Placement Initial Method "Quad".
[GP] Placement Decongestion Mode "1".
[GP] Recovery Analysis in GP "Enable".
I: Loading Timing Delay Info...
I: Load Timing Delay Info successfully.
Init coarse delay table.
Read place coarse delay table takes 0.33 sec.
[GP] Init timing API takes 1.56 sec.
[GP] Init GP graph takes 1.60 sec.
Device graph total memory: 11.11877823 MB
[GP] Read position from netlist take 0 msec
[GP] Total node move: 5701.08, average node move: 93.46
First map gop timing takes 0.00 sec
[GP] SA handle 2 clusters.
[GP] SA init_cost = 33492.167900, final_cost = 33492.167900, final_cost/init_cost = 1.000000, occupied region_num = 1.
[GP] SA Optimize take time: 0.001000 sec.
[GP] Timing analysis take 0.003000 secs.
[GP] MarginTNSS=-24620, TNSS=-9620, WSS=-700
[GP] Place thread size: 4
[GP] Node size: 9168, net size: 72
[GP] Design graph total memory: 26.23729992 MB
[GP] Timing analysis take 0.003000 secs.
[GP] MarginTNSS=-24944, TNSS=-9944, WSS=-883
[GP] Step 0 take 0.022 secs: WL=486.04 OF=0.670321
[GP] Timing analysis take 0.004000 secs.
[GP] MarginTNSS=-25088, TNSS=-10088, WSS=-817
[GP] Step 1 take 0.135 secs: WL=461.22 OF=0.717011
[GP] Timing analysis take 0.003000 secs.
[GP] MarginTNSS=-26375, TNSS=-11375, WSS=-817
[GP] Step 2 take 0.140 secs: WL=459.18 OF=0.663406
[GP] Timing analysis take 0.004000 secs.
[GP] MarginTNSS=-26354, TNSS=-11354, WSS=-817
[GP] Step 3 take 0.138 secs: WL=459.03 OF=0.651036
[GP] Timing analysis take 0.004000 secs.
[GP] MarginTNSS=-24961, TNSS=-9961, WSS=-707
[GP] Step 4 take 0.140 secs: WL=435.38 OF=0.423596
[GP] Timing analysis take 0.003000 secs.
[GP] MarginTNSS=-24737, TNSS=-9737, WSS=-707
[GP] Step 5 take 0.138 secs: WL=408.76 OF=0.379390
[GP] Timing analysis take 0.004000 secs.
[GP] MarginTNSS=-24957, TNSS=-9957, WSS=-707
[GP] Step 6 take 0.137 secs: WL=411.99 OF=0.325044
[GP] Timing analysis take 0.003000 secs.
[GP] MarginTNSS=-25781, TNSS=-10781, WSS=-850
[GP] Step 7 take 0.140 secs: WL=415.87 OF=0.269740
[GP] Timing analysis take 0.003000 secs.
[GP] MarginTNSS=-24950, TNSS=-9950, WSS=-700
[GP] Step 8 take 0.135 secs: WL=417.70 OF=0.183692
[GP] Timing analysis take 0.004000 secs.
[GP] MarginTNSS=-25067, TNSS=-10067, WSS=-817
[GP] Step 9 take 0.141 secs: WL=422.29 OF=0.110084
[GP] Timing analysis take 0.003000 secs.
[GP] MarginTNSS=-25177, TNSS=-10177, WSS=-817
[GP] Step 10 take 0.139 secs: WL=429.17 OF=0.058280
[GP] Timing analysis take 0.003000 secs.
[GP] MarginTNSS=-25177, TNSS=-10177, WSS=-817
[GP] Final best WL=427.787129 OF=0.065212, totally takes 1.513000 secs, run timing analysis 13 times totally takes 0.044000 secs.
[GP] Total node move: 8705.17, average node move: 142.71
[GP] Placer use memory: 5.61702061 MB
Stage: after fip global place | Performance: WL = 319 ; TNS = -10177 ; WNS = -817 | Time (s): real = 0h:0m:11s ; cpu = 0h:0m:8s ; process = 0h:0m:12s | Memory (MB): curr = 633.789062 ; peak = 663.175781 | Checksum: 8A3726C62BB18F12

Flat initial placement flow takes 2.688.
Stage: after EP_FIP | Performance: WL = 319 ; TNS = -10177 ; WNS = -817 | Time (s): real = 0h:0m:11s ; cpu = 0h:0m:8s ; process = 0h:0m:12s | Memory (MB): curr = 634.042969 ; peak = 663.175781 | Checksum: 8A3726C62BB18F12


Stage 4 EP_CAGP start.

Stage 4.1 cagp site packing start.
Stage: after pack legalize group | Performance: avg_mov = 0.000000 ; max_mov = 0 ; mov_var = 0.000000
Stage: after cagp site packing | Performance: WL = 849 | Time (s): real = 0h:0m:11s ; cpu = 0h:0m:8s ; process = 0h:0m:12s | Memory (MB): curr = 649.273438 ; peak = 663.175781 | Checksum: 40EF4AE93528E883


Stage 4.2 cagp macro placement start.
Stage: after cagp macro placement | Performance: WL = 849 | Time (s): real = 0h:0m:11s ; cpu = 0h:0m:8s ; process = 0h:0m:12s | Memory (MB): curr = 649.355469 ; peak = 663.175781 | Checksum: 40EF4AE93528E883


Stage 4.3 post clock plan start.
pre solve all clock design takes 0.00 sec with memory (MB): curr = 649.445312, peak = 663.175781.
CRA timing analysis with worst slack -1478 takes 0.00 sec.
CRA cost 0 takes 0.00 sec.
solve all clock design takes 0.02 sec with memory (MB): curr = 649.968750, peak = 663.175781.
expand load region takes 0.02 sec.
Stage: after post clock plan | Time (s): real = 0h:0m:11s ; cpu = 0h:0m:8s ; process = 0h:0m:13s | Memory (MB): curr = 650.093750 ; peak = 663.175781

Movement during CRA, max : (0, 0) , total : (0, 0) , count : 0 , avg : (0, 0) .
Stage: after EP_CAGP | Performance: WL = 849 ; TNS = -17444 ; WNS = -1478 | Time (s): real = 0h:0m:11s ; cpu = 0h:0m:8s ; process = 0h:0m:13s | Memory (MB): curr = 650.097656 ; peak = 663.175781 | Checksum: 3021E2A3C3023412


Stage 5 EP_DRCP start.

Stage 5.1 DRC Placement start.
DRC final successful.
Stage: after DRC Placement | Time (s): real = 0h:0m:11s ; cpu = 0h:0m:8s ; process = 0h:0m:13s | Memory (MB): curr = 650.113281 ; peak = 663.175781


Stage 5.2 IO Placement start.
The average distance in IO place is 0.000000.
Stage: after IO Placement | Time (s): real = 0h:0m:11s ; cpu = 0h:0m:8s ; process = 0h:0m:13s | Memory (MB): curr = 650.281250 ; peak = 663.175781

Stage: after EP_DRCP | Performance: WL = 849 ; TNS = -17444 ; WNS = -1478 | Time (s): real = 0h:0m:11s ; cpu = 0h:0m:8s ; process = 0h:0m:13s | Memory (MB): curr = 650.285156 ; peak = 663.175781 | Checksum: DD985D9019F2B5A4


Stage 6 EP_MP start.

Stage 6.1 macro place start.
Stage: after macro place | Performance: WL = 849 | Time (s): real = 0h:0m:11s ; cpu = 0h:0m:8s ; process = 0h:0m:13s | Memory (MB): curr = 650.402344 ; peak = 663.175781 | Checksum: DD985D9019F2B5A4


Stage 6.2 mp post global place start.
[GP] num_thread=0
I: Multithreading enabled for place using a maximum of 4 processes.
[GP] Init timing API takes 0.00 sec.
[GP] Init GP graph takes 0.00 sec.
Device graph total memory: 11.12017441 MB
[GP] Read position from netlist take 0 msec
[GP] Timing analysis take 0.016000 secs.
[GP] MarginTNSS=-32444, TNSS=-17444, WSS=-1478
[GP] Place thread size: 4
[GP] Node size: 9144, net size: 71
[GP] Design graph total memory: 27.96618366 MB
[GP] Timing analysis take 0.003000 secs.
[GP] MarginTNSS=-27489, TNSS=-12489, WSS=-969
[GP] Step 0 take 0.020 secs: WL=705.86 OF=0.114400
[GP] Timing analysis take 0.004000 secs.
[GP] MarginTNSS=-25972, TNSS=-10972, WSS=-850
[GP] Step 1 take 0.137 secs: WL=461.94 OF=0.162222
[GP] Timing analysis take 0.003000 secs.
[GP] MarginTNSS=-26271, TNSS=-11271, WSS=-850
[GP] Step 2 take 0.138 secs: WL=464.97 OF=0.103771
[GP] Timing analysis take 0.003000 secs.
[GP] MarginTNSS=-25948, TNSS=-10948, WSS=-850
[GP] Step 3 take 0.138 secs: WL=468.77 OF=0.062538
[GP] Timing analysis take 0.003000 secs.
[GP] MarginTNSS=-25948, TNSS=-10948, WSS=-850
[GP] Final best WL=469.140738 OF=0.058805, totally takes 0.547000 secs, run timing analysis 6 times totally takes 0.032000 secs.
[GP] Total node move: 289.45, average node move: 7.82
[GP] Placer use memory: 5.61083221 MB
Stage: after mp post global place | Performance: WL = 352 ; TNS = -10948 ; WNS = -850 | Time (s): real = 0h:0m:12s ; cpu = 0h:0m:9s ; process = 0h:0m:14s | Memory (MB): curr = 652.996094 ; peak = 663.175781 | Checksum: BF5450EFFE9E0C48

MP flow takes 0.547.
Stage: after EP_MP | Performance: WL = 352 ; TNS = -10948 ; WNS = -850 | Time (s): real = 0h:0m:12s ; cpu = 0h:0m:9s ; process = 0h:0m:14s | Memory (MB): curr = 652.996094 ; peak = 663.175781 | Checksum: BF5450EFFE9E0C48


Stage 7 EP_LP start.
Stage: after legalization | Performance: avg_mov = 0.045455 ; max_mov = 1 ; mov_var = 0.043388
Legalize placement flow takes 0.000.
Stage: after EP_LP | Performance: WL = 356 ; TNS = -9928 ; WNS = -846 | Time (s): real = 0h:0m:12s ; cpu = 0h:0m:9s ; process = 0h:0m:14s | Memory (MB): curr = 654.570312 ; peak = 663.175781 | Checksum: FD6CCD0782EBCEF1


Stage 8 EP_DP start.
Stage: before DP | Performance: WL = 356 ; TNS = -9928 ; WNS = -846
    Cost at Swap iteration  0:  WNS =   -846,  TNS =  -9783,  MarginTNS = -24783,  takes    0.00 sec.
    Cost at DP   iteration  0:  WNS =   -822,  TNS =  -9366,  MarginTNS = -24366,  takes    0.00 sec.
    Cost at Swap iteration  1:  WNS =   -822,  TNS =  -9366,  MarginTNS = -24366,  takes    0.00 sec.
    Cost at Swap iteration  2:  WNS =   -822,  TNS =  -9366,  MarginTNS = -24366,  takes    0.00 sec.
    Cost at DP   iteration  2:  WNS =   -816,  TNS =  -9084,  MarginTNS = -24084,  takes    0.00 sec.
    Cost at Swap iteration  3:  WNS =   -816,  TNS =  -9084,  MarginTNS = -24084,  takes    0.02 sec.
    Cost at Swap iteration  4:  WNS =   -816,  TNS =  -9084,  MarginTNS = -24084,  takes    0.00 sec.
    Cost at DP   iteration  4:  WNS =   -700,  TNS =  -8816,  MarginTNS = -23816,  takes    0.00 sec.
    Cost at Swap iteration  5:  WNS =   -700,  TNS =  -8816,  MarginTNS = -23816,  takes    0.02 sec.
    Cost at Swap iteration  6:  WNS =   -700,  TNS =  -8816,  MarginTNS = -23816,  takes    0.00 sec.
    Cost at DP   iteration  6:  WNS =   -662,  TNS =  -8412,  MarginTNS = -23412,  takes    0.02 sec.
    Cost at Swap iteration  7:  WNS =   -662,  TNS =  -8412,  MarginTNS = -23412,  takes    0.00 sec.
    Cost at Swap iteration  8:  WNS =   -662,  TNS =  -8412,  MarginTNS = -23412,  takes    0.00 sec.
    Cost at DP   iteration  8:  WNS =   -653,  TNS =  -8833,  MarginTNS = -23833,  takes    0.02 sec.
    Cost at Swap iteration  9:  WNS =   -653,  TNS =  -8833,  MarginTNS = -23833,  takes    0.00 sec.
    Cost at Swap iteration 10:  WNS =   -653,  TNS =  -8833,  MarginTNS = -23833,  takes    0.02 sec.
    Cost at DP   iteration 10:  WNS =   -653,  TNS =  -8833,  MarginTNS = -23833,  takes    0.00 sec.
    Cost at Swap iteration 11:  WNS =   -653,  TNS =  -8833,  MarginTNS = -23833,  takes    0.02 sec.
Stage: after DP | Performance: WL = 356 ; TNS = -8833 ; WNS = -653
EP_DP takes 0 sec.
Stage: after EP_DP | Performance: WL = 356 ; TNS = -8833 ; WNS = -653 | Time (s): real = 0h:0m:12s ; cpu = 0h:0m:9s ; process = 0h:0m:14s | Memory (MB): curr = 655.707031 ; peak = 663.175781 | Checksum: A2A0F18644E655B5


Stage 9 EP_FP start.
AutoDRC Flow for Design Check After Place Start.
AutoDRC Flow for Design Check After Place End.
Stage: after EP_FP | Performance: WL = 356 ; TNS = -8821 ; WNS = -651 | Time (s): real = 0h:0m:12s ; cpu = 0h:0m:9s ; process = 0h:0m:14s | Memory (MB): curr = 659.125000 ; peak = 663.175781 | Checksum: AEAF5CB7EAF47DFA


Congestion analysis started.
I: Start printing congestion info.
I: Finish printing congestion info.
Congestion analysis takes 0.09 sec.


Device Utilization Summary :
+----------------------------------------------------------------------------+
| Device Type                      | Used     | Available     | Util(%)     
+----------------------------------------------------------------------------+
| CLMA                             | 10       | 6450          | 1           
| + FF                             | 26       | 38700         | 1           
| + LUT                            | 21       | 25800         | 1           
|   + LUT as Logic                 | 21       |               |             
|   + LUT as Const                 | 0        |               |             
|   + LUT as Bypass                | 0        |               |             
| CLMS                             | 12       | 4250          | 1           
| + FF                             | 25       | 25500         | 1           
| + LUT                            | 17       | 17000         | 1           
|   + LUT as Logic                 | 17       |               |             
|   + LUT as Memory                | 0        |               |             
|     + LUT as Distributed RAM     | 0        |               |             
|   + LUT as Const                 | 0        |               |             
|   + LUT as Bypass                | 0        |               |             
| IO                               | 20       | 296           | 7           
| + IOBD                           | 5        | 64            | 8           
| + IOBR_LR                        | 0        | 7             | 0           
| + IOBR_TB                        | 1        | 8             | 13          
| + IOBS_LR                        | 9        | 161           | 6           
| + IOBS_TB                        | 5        | 56            | 9           
| APM                              | 0        | 84            | 0           
| BKCL                             | 3        | 4             | 75          
| CRYSTAL                          | 0        | 2             | 0           
| DLL                              | 0        | 10            | 0           
| DQSL                             | 0        | 18            | 0           
| DRM                              | 0        | 134           | 0           
| FUSECODE                         | 0        | 1             | 0           
| HARD0N1                          | 0        | 6672          | 0           
| HSST                             | 0        | 1             | 0           
| IOCKDIV                          | 0        | 20            | 0           
| IOCKDLY                          | 0        | 40            | 0           
| IOCKGATE                         | 0        | 20            | 0           
| + IOCKGATE as Bypass             | 0        |               |             
| IOL                              | 20       | 400           | 5           
| IPAL                             | 0        | 1             | 0           
| LDO                              | 0        | 4             | 0           
| OSC                              | 0        | 1             | 0           
| PCIE                             | 0        | 1             | 0           
| PLL                              | 1        | 5             | 20          
| RCKB                             | 0        | 24            | 0           
| + RCKB as Bypass                 | 0        |               |             
| RESCAL                           | 0        | 4             | 0           
| SCANCHAIN                        | 0        | 2             | 0           
| START                            | 1        | 1             | 100         
| UDID                             | 0        | 1             | 0           
| USCM                             | 2        | 30            | 7           
| + USCM as Bypass                 | 0        |               |             
+----------------------------------------------------------------------------+

Total placement takes 5.80 sec.
Finished placement.
Design 'uart_rx_top' has been placed successfully.
Action place: Real time elapsed is 0h:0m:12s
Action place: CPU time elapsed is 0h:0m:9s
Action place: Process CPU time elapsed is 0h:0m:14s
Action place: Peak memory pool usage is 742 MB

Current time: Sat Sep 19 16:31:33 2026
