#Build: Fabric Compiler 2025.2, Build 211867, Jan 16 16:10 2026
#Install: E:\work\pango\PDS_2025.2-ads\bin
#Application name: pds_shell.exe
#OS: Windows 11 10.0.26200
#CPU: Unknown
#RAM(GB): 32
#Hostname: dionirpyC
#Generated by Fabric Compiler (version 2025.2 build 211867) at Fri Sep 18 21:00:02 2026
Parameters for debugging are loaded as follows:
Compiling verification operator library.
Compiling vendor parameter file.
Compiling common defs.
Compiling prim grid devices.
Compiling place grid timing.
Compiling gate devices.
Compiling gate operators.
Compiling gate operators impls.
Building architecture model.
Loading device packaging model.
Building architecture floorplan logic view.
Constraint check start.
W: ConstraintEditor-4042: Port 'led_out[0]' lacks attribute 'SLEW', it's better to set the attribute for port.
W: ConstraintEditor-4042: Port 'led_out[0]' lacks attribute 'DRIVE', it's better to set the attribute for port.
W: ConstraintEditor-4042: Port 'led_out[0]' lacks attribute 'BUS_KEEPER', it's better to set the attribute for port.
W: ConstraintEditor-4042: Port 'led_out[1]' lacks attribute 'SLEW', it's better to set the attribute for port.
W: ConstraintEditor-4042: Port 'led_out[1]' lacks attribute 'DRIVE', it's better to set the attribute for port.
W: ConstraintEditor-4042: Port 'led_out[1]' lacks attribute 'BUS_KEEPER', it's better to set the attribute for port.
W: ConstraintEditor-4042: Port 'led_out[2]' lacks attribute 'SLEW', it's better to set the attribute for port.
W: ConstraintEditor-4042: Port 'led_out[2]' lacks attribute 'DRIVE', it's better to set the attribute for port.
W: ConstraintEditor-4042: Port 'led_out[2]' lacks attribute 'BUS_KEEPER', it's better to set the attribute for port.
W: ConstraintEditor-4042: Port 'led_out[3]' lacks attribute 'SLEW', it's better to set the attribute for port.
W: ConstraintEditor-4042: Port 'led_out[3]' lacks attribute 'DRIVE', it's better to set the attribute for port.
W: ConstraintEditor-4042: Port 'led_out[3]' lacks attribute 'BUS_KEEPER', it's better to set the attribute for port.
W: ConstraintEditor-4042: Port 'led_out[4]' lacks attribute 'SLEW', it's better to set the attribute for port.
W: ConstraintEditor-4042: Port 'led_out[4]' lacks attribute 'DRIVE', it's better to set the attribute for port.
W: ConstraintEditor-4042: Port 'led_out[4]' lacks attribute 'BUS_KEEPER', it's better to set the attribute for port.
W: ConstraintEditor-4042: Port 'led_out[5]' lacks attribute 'SLEW', it's better to set the attribute for port.
W: ConstraintEditor-4042: Port 'led_out[5]' lacks attribute 'DRIVE', it's better to set the attribute for port.
W: ConstraintEditor-4042: Port 'led_out[5]' lacks attribute 'BUS_KEEPER', it's better to set the attribute for port.
W: ConstraintEditor-4042: Port 'led_out[6]' lacks attribute 'SLEW', it's better to set the attribute for port.
W: ConstraintEditor-4042: Port 'led_out[6]' lacks attribute 'DRIVE', it's better to set the attribute for port.
W: ConstraintEditor-4042: Port 'led_out[6]' lacks attribute 'BUS_KEEPER', it's better to set the attribute for port.
W: ConstraintEditor-4042: Port 'led_out[7]' lacks attribute 'SLEW', it's better to set the attribute for port.
W: ConstraintEditor-4042: Port 'led_out[7]' lacks attribute 'DRIVE', it's better to set the attribute for port.
W: ConstraintEditor-4042: Port 'led_out[7]' lacks attribute 'BUS_KEEPER', it's better to set the attribute for port.
W: ConstraintEditor-4042: Port 'uart_tx' lacks attribute 'SLEW', it's better to set the attribute for port.
W: ConstraintEditor-4042: Port 'uart_tx' lacks attribute 'DRIVE', it's better to set the attribute for port.
W: ConstraintEditor-4042: Port 'key_in[0]' lacks attribute 'BUS_KEEPER', it's better to set the attribute for port.
W: ConstraintEditor-4040: [E:/code/PangoWork/Works/uart/prj_tasks/pnr_1/device_map/uart_rx_top.pcf(line number: 12)] Port key_in[0] has been placed at location K18, whose type is share pin.
W: ConstraintEditor-4042: Port 'key_in[1]' lacks attribute 'BUS_KEEPER', it's better to set the attribute for port.
W: ConstraintEditor-4042: Port 'key_in[2]' lacks attribute 'BUS_KEEPER', it's better to set the attribute for port.
W: ConstraintEditor-4042: Port 'key_in[3]' lacks attribute 'BUS_KEEPER', it's better to set the attribute for port.
W: ConstraintEditor-4042: Port 'key_in[4]' lacks attribute 'BUS_KEEPER', it's better to set the attribute for port.
W: ConstraintEditor-4042: Port 'key_in[5]' lacks attribute 'BUS_KEEPER', it's better to set the attribute for port.
W: ConstraintEditor-4040: [E:/code/PangoWork/Works/uart/prj_tasks/pnr_1/device_map/uart_rx_top.pcf(line number: 17)] Port key_in[5] has been placed at location J19, whose type is share pin.
W: ConstraintEditor-4042: Port 'key_in[6]' lacks attribute 'BUS_KEEPER', it's better to set the attribute for port.
W: ConstraintEditor-4040: [E:/code/PangoWork/Works/uart/prj_tasks/pnr_1/device_map/uart_rx_top.pcf(line number: 18)] Port key_in[6] has been placed at location H20, whose type is share pin.
W: ConstraintEditor-4042: Port 'key_in[7]' lacks attribute 'BUS_KEEPER', it's better to set the attribute for port.
W: ConstraintEditor-4040: [E:/code/PangoWork/Works/uart/prj_tasks/pnr_1/device_map/uart_rx_top.pcf(line number: 20)] Port rst_n has been placed at location AB13, whose type is share pin.
C: ConstraintEditor-2022: There are some ports' attributes are set to default value, please read [E:/code/PangoWork/Works/uart/prj_tasks/pnr_1/place_route/ports_defalut_attribute.txt(line number:0)] to confirm.
Found 0 error(s), 1 critical warning(s), 38 warning(s), out of 20 constraint(s)
Constraint check end.
Total time(hh:mm:ss) of constraint check : 00:00:00
Elaborate the liberty model.
I: Multithreading enabled for Timing using a maximum of 4 processes.
Placement started. Type: EP_COMMON_FLOW.

Stage 1 EP_INIT start.
Stage: after EP_INIT | Time (s): real = 0h:0m:7s ; cpu = 0h:0m:4s ; process = 0h:0m:6s | Memory (MB): curr = 445.968750 ; peak = 447.027344 | Checksum: C5FADD8CB0117777

Design Layer Utilization:
	LUT: 0.946%
	FF: 0.660%
	DRM: 1.866%
	IO: 5.722%

Stage 2 EP_DL start.
build place dedicate switch graph takes 1.55 sec
Place location constraint group with base node:key_in_ibuf[0]/opit_1 at IOL_327_257
Place location constraint group with base node:key_in_ibuf[1]/opit_1 at IOL_327_134
Place location constraint group with base node:key_in_ibuf[2]/opit_1 at IOL_327_297
Place location constraint group with base node:key_in_ibuf[3]/opit_1 at IOL_327_133
Place location constraint group with base node:key_in_ibuf[4]/opit_1 at IOL_327_298
Place location constraint group with base node:key_in_ibuf[5]/opit_1 at IOL_327_262
Place location constraint group with base node:key_in_ibuf[6]/opit_1 at IOL_327_261
Place location constraint group with base node:key_in_ibuf[7]/opit_1 at IOL_327_365
Place location constraint group with base node:led_out_obuf[0]/opit_1 at IOL_19_374
Place location constraint group with base node:led_out_obuf[1]/opit_1 at IOL_19_373
Place location constraint group with base node:led_out_obuf[2]/opit_1 at IOL_35_374
Place location constraint group with base node:led_out_obuf[3]/opit_1 at IOL_35_373
Place location constraint group with base node:led_out_obuf[4]/opit_1 at IOL_67_374
Place location constraint group with base node:led_out_obuf[5]/opit_1 at IOL_67_373
Place location constraint group with base node:led_out_obuf[6]/opit_1 at IOL_47_374
Place location constraint group with base node:led_out_obuf[7]/opit_1 at IOL_47_373
Place location constraint group with base node:rst_n_ibuf/opit_1 at IOL_167_5
Place location constraint group with base node:sys_clk_50mhz_ibuf/opit_1 at IOL_327_210
Place location constraint group with base node:uart_rx_ibuf/opit_1 at IOL_43_5
Place location constraint group with base node:uart_tx/opit_1 at IOL_43_6
Place location constraint node:BKCL_auto_0 at BKCL_188_376
Place location constraint node:BKCL_auto_1 at BKCL_328_184
Place location constraint node:BKCL_auto_2 at BKCL_192_0
DRCP Convert Loc Constraint successful.

Stage 2.1 pre clock plan start.
Mapping instance GRS_INST/grs to START_324_2.
I: Clock statistic: 4 USCM.
solve clock designs takes 0.22 sec with memory (MB): curr = 519.890625, peak = 522.191406.
Mapping instance clkbufg_0/gopclkbufg to USCM_84_108:impl_uscm_rtb_a-USCM.
Mapping instance clkbufg_1/gopclkbufg to USCM_84_109:impl_uscm_rtb_a-USCM.
Mapping instance clkbufg_2/gopclkbufg to USCM_84_110:impl_uscm_rtb_a-USCM.
Mapping instance clkbufg_3/gopclkbufg to USCM_84_111:impl_uscm_rtb_a-USCM.
Mapping instance u_pll_50mhz/u_pll_e3/goppll to PLL_158_55.
Stage: after pre clock plan | Time (s): real = 0h:0m:9s ; cpu = 0h:0m:6s ; process = 0h:0m:8s | Memory (MB): curr = 520.042969 ; peak = 522.191406

Place location constraint node:clkbufg_0/gopclkbufg at USCM_84_108
Place location constraint node:clkbufg_1/gopclkbufg at USCM_84_109
Place location constraint node:clkbufg_2/gopclkbufg at USCM_84_110
Place location constraint node:clkbufg_3/gopclkbufg at USCM_84_111
Place location constraint node:u_pll_50mhz/u_pll_e3/goppll at PLL_158_55
DRCP Convert Loc Constraint successful.
Stage: after EP_DL | Time (s): real = 0h:0m:9s ; cpu = 0h:0m:6s ; process = 0h:0m:8s | Memory (MB): curr = 520.113281 ; peak = 522.191406 | Checksum: 42F524DDE0FBC642


Stage 3 EP_FIP start.
DRCP Convert Loc Constraint successful.

Stage 3.1 fip global place start.
[GP] num_thread=0
I: Multithreading enabled for place using a maximum of 4 processes.
[GP] Placement Initial Method "Quad".
[GP] Placement Decongestion Mode "1".
[GP] Recovery Analysis in GP "Enable".
I: Loading Timing Delay Info...
I: Load Timing Delay Info successfully.
Init coarse delay table.
Read place coarse delay table takes 0.33 sec.
[GP] Init timing API takes 1.65 sec.
[GP] Init GP graph takes 1.71 sec.
Device graph total memory: 11.22661304 MB
[GP] Read position from netlist take 0 msec
[GP] Total node move: 44729.00, average node move: 93.58
First map gop timing takes 0.00 sec
[GP] SA handle 4 clusters.
[GP] SA init_cost = 31055.516111, final_cost = 31055.516111, final_cost/init_cost = 1.000000, occupied region_num = 2.
[GP] SA Optimize take time: 0.003000 sec.
[GP] Timing analysis take 0.006000 secs.
[GP] MarginTNSS=-30040, TNSS=-4040, WSS=-361
[GP] Place thread size: 4
[GP] Node size: 9606, net size: 582
[GP] Design graph total memory: 33.18041134 MB
[GP] Timing analysis take 0.006000 secs.
[GP] MarginTNSS=-31983, TNSS=-5983, WSS=-521
[GP] Step 0 take 0.057 secs: WL=1586.68 OF=0.715723
[GP] Timing analysis take 0.007000 secs.
[GP] MarginTNSS=-37150, TNSS=-11150, WSS=-990
[GP] Step 1 take 0.351 secs: WL=1495.57 OF=0.626897
[GP] Timing analysis take 0.007000 secs.
[GP] MarginTNSS=-39392, TNSS=-13392, WSS=-990
[GP] Step 2 take 0.348 secs: WL=1464.40 OF=0.564111
[GP] Timing analysis take 0.007000 secs.
[GP] MarginTNSS=-39750, TNSS=-13750, WSS=-1007
[GP] Step 3 take 0.341 secs: WL=1435.32 OF=0.487459
[GP] Timing analysis take 0.007000 secs.
[GP] MarginTNSS=-38151, TNSS=-12151, WSS=-865
[GP] Step 4 take 0.343 secs: WL=1440.22 OF=0.424325
[GP] Timing analysis take 0.007000 secs.
[GP] MarginTNSS=-36051, TNSS=-10051, WSS=-773
[GP] Step 5 take 0.355 secs: WL=1457.36 OF=0.372986
[GP] Timing analysis take 0.007000 secs.
[GP] MarginTNSS=-32772, TNSS=-6772, WSS=-544
[GP] Step 6 take 0.367 secs: WL=1500.96 OF=0.317893
[GP] Timing analysis take 0.008000 secs.
[GP] MarginTNSS=-30720, TNSS=-4720, WSS=-478
[GP] Step 7 take 0.360 secs: WL=1550.23 OF=0.268308
[GP] Timing analysis take 0.006000 secs.
[GP] MarginTNSS=-30040, TNSS=-4040, WSS=-361
[GP] Step 8 take 0.299 secs: WL=1673.33 OF=0.199150
[GP] Timing analysis take 0.006000 secs.
[GP] MarginTNSS=-30040, TNSS=-4040, WSS=-361
[GP] Step 9 take 0.318 secs: WL=1710.89 OF=0.138348
[GP] Timing analysis take 0.007000 secs.
[GP] MarginTNSS=-30040, TNSS=-4040, WSS=-361
[GP] Timing analysis take 0.007000 secs.
[GP] MarginTNSS=-30040, TNSS=-4040, WSS=-361
[GP] Step 10 take 0.322 secs: WL=1896.31 OF=0.079840
[GP] Timing analysis take 0.006000 secs.
[GP] MarginTNSS=-30040, TNSS=-4040, WSS=-361
[GP] Step 11 take 0.174 secs: WL=1927.73 OF=0.044717
[GP] Timing analysis take 0.008000 secs.
[GP] MarginTNSS=-30040, TNSS=-4040, WSS=-361
[GP] Final best WL=1896.306869 OF=0.079840, totally takes 3.646000 secs, run timing analysis 15 times totally takes 0.102000 secs.
[GP] Total node move: 64090.27, average node move: 134.08
[GP] Placer use memory: 15.11004829 MB
Stage: after fip global place | Performance: WL = 1584 ; TNS = -4040 ; WNS = -361 | Time (s): real = 0h:0m:14s ; cpu = 0h:0m:11s ; process = 0h:0m:22s | Memory (MB): curr = 669.273438 ; peak = 684.589844 | Checksum: 8E898CBF30A4153

Flat initial placement flow takes 4.688.
Stage: after EP_FIP | Performance: WL = 1584 ; TNS = -4040 ; WNS = -361 | Time (s): real = 0h:0m:14s ; cpu = 0h:0m:11s ; process = 0h:0m:22s | Memory (MB): curr = 671.484375 ; peak = 684.589844 | Checksum: 8E898CBF30A4153


Stage 4 EP_CAGP start.

Stage 4.1 cagp site packing start.
Stage: after pack legalize group | Performance: avg_mov = 0.000000 ; max_mov = 0 ; mov_var = 0.000000
Stage: after cagp site packing | Performance: WL = 3253 | Time (s): real = 0h:0m:14s ; cpu = 0h:0m:11s ; process = 0h:0m:22s | Memory (MB): curr = 692.320312 ; peak = 698.886719 | Checksum: 5751A3B6C8DFAECC


Stage 4.2 cagp macro placement start.
Stage: after cagp macro placement | Performance: WL = 3253 | Time (s): real = 0h:0m:15s ; cpu = 0h:0m:11s ; process = 0h:0m:22s | Memory (MB): curr = 692.722656 ; peak = 698.886719 | Checksum: 5751A3B6C8DFAECC


Stage 4.3 post clock plan start.
pre solve all clock design takes 0.00 sec with memory (MB): curr = 692.824219, peak = 698.886719.
CRA timing analysis with worst slack -1019 takes 0.02 sec.
CRA cost 0 takes 0.02 sec.
solve all clock design takes 0.03 sec with memory (MB): curr = 693.910156, peak = 698.886719.
expand load region takes 0.00 sec.
Stage: after post clock plan | Time (s): real = 0h:0m:15s ; cpu = 0h:0m:11s ; process = 0h:0m:23s | Memory (MB): curr = 694.046875 ; peak = 698.886719

Movement during CRA, max : (0, 0) , total : (0, 0) , count : 0 , avg : (0, 0) .
Stage: after EP_CAGP | Performance: WL = 3253 ; TNS = -11580 ; WNS = -1019 | Time (s): real = 0h:0m:15s ; cpu = 0h:0m:11s ; process = 0h:0m:23s | Memory (MB): curr = 694.066406 ; peak = 698.886719 | Checksum: DE354A8CECBAA9BE


Stage 5 EP_DRCP start.

Stage 5.1 DRC Placement start.
DRC final successful.
Stage: after DRC Placement | Time (s): real = 0h:0m:15s ; cpu = 0h:0m:11s ; process = 0h:0m:23s | Memory (MB): curr = 694.085938 ; peak = 698.886719


Stage 5.2 IO Placement start.
The average distance in IO place is 0.000000.
Stage: after IO Placement | Time (s): real = 0h:0m:15s ; cpu = 0h:0m:11s ; process = 0h:0m:23s | Memory (MB): curr = 694.242188 ; peak = 698.886719

Stage: special units | Performance: avg_mov = 98.000000 ; max_mov = 98 ; mov_var = 0.000000
Stage: after EP_DRCP | Performance: WL = 3798 ; TNS = -11580 ; WNS = -1019 | Time (s): real = 0h:0m:15s ; cpu = 0h:0m:11s ; process = 0h:0m:23s | Memory (MB): curr = 694.488281 ; peak = 698.886719 | Checksum: 914325CAF057AFEB


Stage 6 EP_MP start.

Stage 6.1 macro place start.
The average distance of DRM is 0.000000, The max distance of DRM is 0.000000
Stage: after macro place | Performance: WL = 3798 | Time (s): real = 0h:0m:15s ; cpu = 0h:0m:11s ; process = 0h:0m:23s | Memory (MB): curr = 695.300781 ; peak = 698.886719 | Checksum: 3F157354BA35DF08


Stage 6.2 mp post global place start.
[GP] num_thread=0
I: Multithreading enabled for place using a maximum of 4 processes.
[GP] Init timing API takes 0.00 sec.
[GP] Init GP graph takes 0.01 sec.
Device graph total memory: 11.23356342 MB
[GP] Read position from netlist take 0 msec
[GP] Timing analysis take 0.059000 secs.
[GP] MarginTNSS=-37580, TNSS=-11580, WSS=-1019
[GP] Place thread size: 4
[GP] Node size: 9211, net size: 527
[GP] Design graph total memory: 29.01690578 MB
[GP] Timing analysis take 0.006000 secs.
[GP] MarginTNSS=-33983, TNSS=-7983, WSS=-563
[GP] Step 0 take 0.032 secs: WL=3415.10 OF=0.199110
[GP] Timing analysis take 0.007000 secs.
[GP] MarginTNSS=-33791, TNSS=-7791, WSS=-620
[GP] Step 1 take 0.194 secs: WL=2702.80 OF=0.242993
[GP] Timing analysis take 0.007000 secs.
[GP] MarginTNSS=-34106, TNSS=-8106, WSS=-544
[GP] Step 2 take 0.198 secs: WL=2736.06 OF=0.176982
[GP] Timing analysis take 0.007000 secs.
[GP] MarginTNSS=-34798, TNSS=-8798, WSS=-620
[GP] Step 3 take 0.188 secs: WL=2779.92 OF=0.124470
[GP] Timing analysis take 0.006000 secs.
[GP] MarginTNSS=-34187, TNSS=-8187, WSS=-663
[GP] Step 4 take 0.174 secs: WL=2839.08 OF=0.084103
[GP] Timing analysis take 0.007000 secs.
[GP] MarginTNSS=-34445, TNSS=-8445, WSS=-663
[GP] Step 5 take 0.174 secs: WL=2884.16 OF=0.057004
[GP] Timing analysis take 0.006000 secs.
[GP] MarginTNSS=-34445, TNSS=-8445, WSS=-663
[GP] Final best WL=2870.368993 OF=0.072417, totally takes 1.011000 secs, run timing analysis 8 times totally takes 0.105000 secs.
[GP] Total node move: 831.18, average node move: 4.09
[GP] Placer use memory: 5.93030167 MB
Stage: after mp post global place | Performance: WL = 2445 ; TNS = -8445 ; WNS = -663 | Time (s): real = 0h:0m:16s ; cpu = 0h:0m:12s ; process = 0h:0m:25s | Memory (MB): curr = 691.304688 ; peak = 698.886719 | Checksum: 1D7D7CB5D87B7AE7

MP flow takes 0.812.
Stage: after EP_MP | Performance: WL = 2445 ; TNS = -8445 ; WNS = -663 | Time (s): real = 0h:0m:16s ; cpu = 0h:0m:12s ; process = 0h:0m:25s | Memory (MB): curr = 691.304688 ; peak = 698.886719 | Checksum: 1D7D7CB5D87B7AE7


Stage 7 EP_LP start.
Stage: after legalization | Performance: avg_mov = 0.082781 ; max_mov = 1 ; mov_var = 0.075929
Legalize placement flow takes 0.016.
Stage: after EP_LP | Performance: WL = 2494 ; TNS = -9737 ; WNS = -707 | Time (s): real = 0h:0m:16s ; cpu = 0h:0m:12s ; process = 0h:0m:25s | Memory (MB): curr = 694.464844 ; peak = 698.886719 | Checksum: 6F250C504F6015C1


Stage 8 EP_DP start.
Stage: before DP | Performance: WL = 2494 ; TNS = -9737 ; WNS = -707
    Cost at Swap iteration  0:  WNS =   -707,  TNS =  -8638,  MarginTNS = -34638,  takes    0.02 sec.
    Cost at DP   iteration  0:  WNS =   -492,  TNS =  -4529,  MarginTNS = -30446,  takes    0.05 sec.
    Cost at Swap iteration  1:  WNS =   -492,  TNS =  -4529,  MarginTNS = -30446,  takes    0.03 sec.
    Cost at Swap iteration  2:  WNS =   -492,  TNS =  -4529,  MarginTNS = -30446,  takes    0.03 sec.
    Cost at DP   iteration  2:  WNS =   -401,  TNS =  -4385,  MarginTNS = -30302,  takes    0.03 sec.
    Cost at Swap iteration  3:  WNS =   -401,  TNS =  -4385,  MarginTNS = -30302,  takes    0.03 sec.
    Cost at Swap iteration  4:  WNS =   -401,  TNS =  -4385,  MarginTNS = -30302,  takes    0.02 sec.
    Cost at DP   iteration  4:  WNS =   -401,  TNS =  -4129,  MarginTNS = -30046,  takes    0.05 sec.
    Cost at Swap iteration  5:  WNS =   -401,  TNS =  -4129,  MarginTNS = -30046,  takes    0.00 sec.
Stage: after DP | Performance: WL = 2553 ; TNS = -4129 ; WNS = -401
EP_DP takes 0 sec.
Stage: after EP_DP | Performance: WL = 2553 ; TNS = -4129 ; WNS = -401 | Time (s): real = 0h:0m:16s ; cpu = 0h:0m:12s ; process = 0h:0m:26s | Memory (MB): curr = 695.281250 ; peak = 698.886719 | Checksum: 8F757DA1AB441462


Stage 9 EP_FP start.
AutoDRC Flow for Design Check After Place Start.
AutoDRC Flow for Design Check After Place End.
Stage: after EP_FP | Performance: WL = 2553 ; TNS = -3208 ; WNS = -348 | Time (s): real = 0h:0m:17s ; cpu = 0h:0m:12s ; process = 0h:0m:26s | Memory (MB): curr = 699.640625 ; peak = 700.867188 | Checksum: 891A6C317A69362E


Congestion analysis started.
I: Start printing congestion info.
I: Finish printing congestion info.
Congestion analysis takes 0.08 sec.


Device Utilization Summary :
+----------------------------------------------------------------------------+
| Device Type                      | Used     | Available     | Util(%)     
+----------------------------------------------------------------------------+
| CLMA                             | 95       | 6450          | 2           
| + FF                             | 219      | 38700         | 1           
| + LUT                            | 221      | 25800         | 1           
|   + LUT as Logic                 | 221      |               |             
|   + LUT as Const                 | 0        |               |             
|   + LUT as Bypass                | 0        |               |             
| CLMS                             | 71       | 4250          | 2           
| + FF                             | 177      | 25500         | 1           
| + LUT                            | 184      | 17000         | 2           
|   + LUT as Logic                 | 184      |               |             
|   + LUT as Memory                | 0        |               |             
|     + LUT as Distributed RAM     | 0        |               |             
|   + LUT as Const                 | 0        |               |             
|   + LUT as Bypass                | 0        |               |             
| IO                               | 20       | 296           | 7           
| + IOBD                           | 5        | 64            | 8           
| + IOBR_LR                        | 0        | 7             | 0           
| + IOBR_TB                        | 1        | 8             | 13          
| + IOBS_LR                        | 9        | 161           | 6           
| + IOBS_TB                        | 5        | 56            | 9           
| APM                              | 0        | 84            | 0           
| BKCL                             | 3        | 4             | 75          
| CRYSTAL                          | 0        | 2             | 0           
| DLL                              | 0        | 10            | 0           
| DQSL                             | 0        | 18            | 0           
| DRM                              | 3        | 134           | 3           
| FUSECODE                         | 0        | 1             | 0           
| HARD0N1                          | 0        | 6672          | 0           
| HSST                             | 0        | 1             | 0           
| IOCKDIV                          | 0        | 20            | 0           
| IOCKDLY                          | 0        | 40            | 0           
| IOCKGATE                         | 0        | 20            | 0           
| + IOCKGATE as Bypass             | 0        |               |             
| IOL                              | 20       | 400           | 5           
| IPAL                             | 0        | 1             | 0           
| LDO                              | 0        | 4             | 0           
| OSC                              | 0        | 1             | 0           
| PCIE                             | 0        | 1             | 0           
| PLL                              | 1        | 5             | 20          
| RCKB                             | 0        | 24            | 0           
| + RCKB as Bypass                 | 0        |               |             
| RESCAL                           | 0        | 4             | 0           
| SCANCHAIN                        | 1        | 2             | 50          
| START                            | 1        | 1             | 100         
| UDID                             | 0        | 1             | 0           
| USCM                             | 4        | 30            | 14          
| + USCM as Bypass                 | 0        |               |             
+----------------------------------------------------------------------------+

Total placement takes 8.83 sec.
Finished placement.
Design 'uart_rx_top' has been placed successfully.
Action place: Real time elapsed is 0h:0m:17s
Action place: CPU time elapsed is 0h:0m:13s
Action place: Process CPU time elapsed is 0h:0m:26s
Action place: Peak memory pool usage is 774 MB

Current time: Fri Sep 18 21:00:17 2026
