#Build: Fabric Compiler 2025.2, Build 211867, Jan 16 16:10 2026
#Install: E:\work\pango\PDS_2025.2-ads\bin
#Application name: pds_shell.exe
#OS: Windows 11 10.0.26200
#CPU: Unknown
#RAM(GB): 32
#Hostname: dionirpyC
#Generated by Fabric Compiler (version 2025.2 build 211867) at Fri Sep 18 21:00:19 2026
Parameters for debugging are loaded as follows:
Compiling verification operator library.
Compiling vendor parameter file.
Compiling common defs.
Compiling prim grid devices.
Compiling place grid timing.
Compiling gate devices.
Compiling gate operators.
Compiling gate operators impls.
Building architecture model.
Loading device packaging model.
Building architecture floorplan logic view.
Elaborate the liberty model.
I: Multithreading enabled for Timing using a maximum of 4 processes.

Routing started.
Build routing arch for double attribute device.
Enter timing driven router mode.
I: Multithreading enabled for route using a maximum of 6 processes.
Building routing graph takes 2.37 sec.
Enable Recovery Analysis in Routing
Init coarse delay table.
I: Loading Timing Delay Info...
I: Load Timing Delay Info successfully.
Read place coarse delay table takes 0.56 sec.
build place dedicate switch graph takes 2.97 sec
Setup STE netlist take 4113 msec.
Slack Weight : 90
CE/RS signal series limit : 500
Dispose control chain take 28 msec.
Collect const net info take 70 msec.
Total nets for routing: 562.
Total loads for routing: 2572.
Direct connect net size: 109
Build all design net take 56 msec.
Processing design graph takes 4.27 sec.
Route info is not supported in this chip.
Delay table total memory: 40.33647346 MB
Route graph total memory: 74.41784382 MB
Route design total memory: 1.53538895 MB
The remaining process takes 0.03 sec.
Stage: after context initialize | Time (s): real = 0h:0m:16s ; cpu = 0h:0m:13s ; process = 0h:0m:16s | Memory (MB): curr = 681.593750 ; peak = 719.351562 | Checksum: A7DC6D4CF7A8AC08
Global routing takes 0.00 sec.
Pin Cost Increasing Speed 300
Unrouted clock nets at iteration 0 (1.923 sec): 6
Unrouted clock nets at iteration 1 (0.002 sec): 3
Unrouted clock nets at iteration 2 (0.001 sec): 0
Stage: after clock route | Time (s): real = 0h:0m:18s ; cpu = 0h:0m:15s ; process = 0h:0m:18s | Memory (MB): curr = 709.125000 ; peak = 719.351562 | Checksum: A7F2A50659534416
Total route nets size: 550
Pre route takes 0.237 sec
Stage: after pre route | Performance: TNS = 0 ; WNS = 64 ; THS = -3387 ; WHS = -309 | Time (s): real = 0h:0m:18s ; cpu = 0h:0m:15s ; process = 0h:0m:18s | Memory (MB): curr = 724.910156 ; peak = 725.019531 | Checksum: 6FB694E56BB064C6
Unrouted general nets at iteration 5 (MT total route time: 0.150 sec): 404(overused: 2094)
Unrouted general nets at iteration 6 (MT total route time: 0.112 sec): 314(overused: 1293)
Unrouted general nets at iteration 7 (MT total route time: 0.109 sec): 256(overused: 868)
Unrouted general nets at iteration 8 (MT total route time: 0.086 sec): 195(overused: 494)
Unrouted general nets at iteration 9 (MT total route time: 0.070 sec): 134(overused: 283)
Unrouted general nets at iteration 10 (MT total route time: 0.044 sec): 79(overused: 168)
Unrouted general nets at iteration 11 (MT total route time: 0.030 sec): 43(overused: 70)
Unrouted general nets at iteration 12 (MT total route time: 0.017 sec): 22(overused: 50)
Unrouted general nets at iteration 13 (MT total route time: 0.012 sec): 11(overused: 20)
Unrouted general nets at iteration 14 (MT total route time: 0.008 sec): 4(overused: 6)
Unrouted general nets at iteration 15 (MT total route time: 0.002 sec): 2(overused: 2)
Unrouted general nets at iteration 16 (MT total route time: 0.002 sec): 2(overused: 2)
Unrouted general nets at iteration 17 (MT total route time: 0.001 sec): 0(overused: 0)
----General net take 0.001 sec(route net take 0.000 sec, inc cost take 0.001 sec, iter times: 1)
----const net route take 0.005 sec
Unrouted nets at iteration 18 (0.007 sec): 0
Stage: after detail route | Performance: TNS = 0 ; WNS = 64 ; THS = NA ; WHS = NA | Time (s): real = 0h:0m:19s ; cpu = 0h:0m:16s ; process = 0h:0m:19s | Memory (MB): curr = 727.484375 ; peak = 727.542969 | Checksum: A447788B2258189D
Begin rip-up and reroute:
Rip-up and reroute takes 0.03 sec.
Stage: after ripup & reroute | Performance: TNS = 0 ; WNS = 64 ; THS = NA ; WHS = NA | Time (s): real = 0h:0m:19s ; cpu = 0h:0m:16s ; process = 0h:0m:19s | Memory (MB): curr = 728.542969 ; peak = 728.609375 | Checksum: ADEEAE212BF19042
Detailed routing takes 3.48 sec.
I: Design net u_CORES/capture_wire is routed by general path.
C: Route-2036: The clock path from u_CORES/u_GTP_SCANCHAIN/scanchain:CAPDR to u_CORES/u_debug_core_0/u_hub_data_decode/id_sample.conf_id[0]/opit_0_inv:CLK is routed by SRB.
I: Design net u_CORES/drck1_wire is routed by general path.
C: Route-2036: The clock path from u_CORES/u_GTP_SCANCHAIN/scanchain:TCK_USER to clkbufg_1/gopclkbufg:CLK is routed by SRB.
Sort Original Nets take 0.003 sec
Check HPIO div result take 0.000 sec
Total net: 562, route succeed net: 562
Generate routing result take 0.002 sec
Handle PERMUX permutation take 0.047 sec
Handle const net take 0.004 sec
Handle route through take 0.008 sec
Used SRB routing arc is 4970.
Stage: after finish route | Performance: TNS = 0 ; WNS = 64 ; THS = NA ; WHS = NA | Time (s): real = 0h:0m:20s ; cpu = 0h:0m:17s ; process = 0h:0m:19s | Memory (MB): curr = 701.242188 ; peak = 728.609375 | Checksum: 3C445E15A4953EA9
Finish routing takes 0.23 sec.
Total routing takes 10.60 sec.

Device Utilization Summary :
+----------------------------------------------------------------------------+
| Device Type                      | Used     | Available     | Util(%)     
+----------------------------------------------------------------------------+
| CLMA                             | 118      | 6450          | 2           
| + FF                             | 219      | 38700         | 1           
| + LUT                            | 289      | 25800         | 2           
|   + LUT as Logic                 | 221      |               |             
|   + LUT as Const                 | 68       |               |             
|   + LUT as Bypass                | 0        |               |             
| CLMS                             | 74       | 4250          | 2           
| + FF                             | 177      | 25500         | 1           
| + LUT                            | 197      | 17000         | 2           
|   + LUT as Logic                 | 184      |               |             
|   + LUT as Memory                | 0        |               |             
|     + LUT as Distributed RAM     | 0        |               |             
|   + LUT as Const                 | 13       |               |             
|   + LUT as Bypass                | 0        |               |             
| IO                               | 20       | 296           | 7           
| + IOBD                           | 5        | 64            | 8           
| + IOBR_LR                        | 0        | 7             | 0           
| + IOBR_TB                        | 1        | 8             | 13          
| + IOBS_LR                        | 9        | 161           | 6           
| + IOBS_TB                        | 5        | 56            | 9           
| APM                              | 0        | 84            | 0           
| BKCL                             | 3        | 4             | 75          
| CRYSTAL                          | 0        | 2             | 0           
| DLL                              | 0        | 10            | 0           
| DQSL                             | 0        | 18            | 0           
| DRM                              | 3        | 134           | 3           
| FUSECODE                         | 0        | 1             | 0           
| HARD0N1                          | 41       | 6672          | 1           
| HSST                             | 0        | 1             | 0           
| IOCKDIV                          | 0        | 20            | 0           
| IOCKDLY                          | 0        | 40            | 0           
| IOCKGATE                         | 0        | 20            | 0           
| + IOCKGATE as Bypass             | 0        |               |             
| IOL                              | 20       | 400           | 5           
| IPAL                             | 0        | 1             | 0           
| LDO                              | 0        | 4             | 0           
| OSC                              | 0        | 1             | 0           
| PCIE                             | 0        | 1             | 0           
| PLL                              | 1        | 5             | 20          
| RCKB                             | 0        | 24            | 0           
| + RCKB as Bypass                 | 0        |               |             
| RESCAL                           | 0        | 4             | 0           
| SCANCHAIN                        | 1        | 2             | 50          
| START                            | 1        | 1             | 100         
| UDID                             | 0        | 1             | 0           
| USCM                             | 4        | 30            | 14          
| + USCM as Bypass                 | 0        |               |             
+----------------------------------------------------------------------------+

Finished routing. (CPU time elapsed 0h:00m:17s)
Design 'uart_rx_top' has been routed successfully.
Saving design to DB.
Action Route: Export DB successfully.
Action route: Real time elapsed is 0h:0m:20s
Action route: CPU time elapsed is 0h:0m:17s
Action route: Process CPU time elapsed is 0h:0m:20s
Action route: Peak memory pool usage is 728 MB

Current time: Fri Sep 18 21:00:37 2026
