#Build: Fabric Compiler 2025.2, Build 211867, Jan 16 16:10 2026
#Install: E:\work\pango\PDS_2025.2-ads\bin
#Application name: pds_shell.exe
#OS: Windows 11 10.0.26200
#CPU: Unknown
#RAM(GB): 32
#Hostname: dionirpyC
#Generated by Fabric Compiler (version 2025.2 build 211867) at Wed Sep 16 16:44:50 2026
Parameters for debugging are loaded as follows:
License checkout: fabric_ads from E:/work/pango/PDS_2025.2-ads/new_pds_F4A80DA47D72.lic
Compiling verification operator library.
Compiling vendor parameter file.
Loading technology operator library.
Compiling technology operator library.
Compiling technology operator (valence) library.
I: Enable Verilog2k features and keywords
Start rtl-analyze.
I: Include path: E:/code/PangoWork/References/pango50k/2_Demo/06_hdmi_loop/06_hdmi_loop
I: Verilog-0001: Analyzing file E:/code/PangoWork/References/pango50k/2_Demo/06_hdmi_loop/06_hdmi_loop/src/iic_dri.v.
I: Verilog-0008: [E:/code/PangoWork/References/pango50k/2_Demo/06_hdmi_loop/06_hdmi_loop/src/iic_dri.v(line number: 2)] Define macro UD #1.
I: Verilog-0002: [E:/code/PangoWork/References/pango50k/2_Demo/06_hdmi_loop/06_hdmi_loop/src/iic_dri.v(line number: 4)] Analyzing module iic_dri (library work).
Parsing done.
I: Verilog-0001: Analyzing file E:/code/PangoWork/References/pango50k/2_Demo/06_hdmi_loop/06_hdmi_loop/src/ms7210_ctl.v.
I: Verilog-0002: [E:/code/PangoWork/References/pango50k/2_Demo/06_hdmi_loop/06_hdmi_loop/src/ms7210_ctl.v(line number: 4)] Analyzing module ms7210_ctl (library work).
Parsing done.
I: Verilog-0001: Analyzing file E:/code/PangoWork/References/pango50k/2_Demo/06_hdmi_loop/06_hdmi_loop/src/ms7200_ctl.v.
I: Verilog-0002: [E:/code/PangoWork/References/pango50k/2_Demo/06_hdmi_loop/06_hdmi_loop/src/ms7200_ctl.v(line number: 4)] Analyzing module ms7200_ctl (library work).
Parsing done.
I: Verilog-0001: Analyzing file E:/code/PangoWork/References/pango50k/2_Demo/06_hdmi_loop/06_hdmi_loop/src/ms72xx_ctl.v.
I: Verilog-0002: [E:/code/PangoWork/References/pango50k/2_Demo/06_hdmi_loop/06_hdmi_loop/src/ms72xx_ctl.v(line number: 4)] Analyzing module ms72xx_ctl (library work).
Parsing done.
I: Verilog-0001: Analyzing file E:/code/PangoWork/References/pango50k/2_Demo/06_hdmi_loop/06_hdmi_loop/src/hdmi_loop.v.
I: Verilog-0008: [E:/code/PangoWork/References/pango50k/2_Demo/06_hdmi_loop/06_hdmi_loop/src/hdmi_loop.v(line number: 2)] Define macro HDMI_1920_1080.
I: Verilog-0002: [E:/code/PangoWork/References/pango50k/2_Demo/06_hdmi_loop/06_hdmi_loop/src/hdmi_loop.v(line number: 3)] Analyzing module hdmi_loop (library work).
W: Verilog-2057: [E:/code/PangoWork/References/pango50k/2_Demo/06_hdmi_loop/06_hdmi_loop/src/hdmi_loop.v(line number: 77)] init_over is declared implicitly.
Parsing done.
I: Verilog-0001: Analyzing file E:/code/PangoWork/References/pango50k/2_Demo/06_hdmi_loop/06_hdmi_loop/ipcore/PLL/PLL.v.
I: Verilog-0002: [E:/code/PangoWork/References/pango50k/2_Demo/06_hdmi_loop/06_hdmi_loop/ipcore/PLL/PLL.v(line number: 18)] Analyzing module PLL (library PLL).
Parsing done.
I: Module "hdmi_loop" is set as top module
Executing : rtl-analyze successfully. Time elapsed: 2.112s wall, 0.016s user + 0.031s system = 0.047s CPU (2.2%). Peak memory used: 176 MB.

Start rtl-elaborate.
I: Verilog-0003: [E:/code/PangoWork/References/pango50k/2_Demo/06_hdmi_loop/06_hdmi_loop/src/hdmi_loop.v(line number: 3)] Elaborating module hdmi_loop.
I: Module instance {hdmi_loop} parameter value:
    X_WIDTH = 4'hC | 4'd12 | 4'b1100
    Y_WIDTH = 4'hC | 4'd12 | 4'b1100
    V_TOTAL = 12'h465 | 12'd1125 | 12'b010001100101
    V_FP = 12'h4 | 12'd4 | 12'b000000000100
    V_BP = 12'h24 | 12'd36 | 12'b000000100100
    V_SYNC = 12'h5 | 12'd5 | 12'b000000000101
    V_ACT = 12'h438 | 12'd1080 | 12'b010000111000
    H_TOTAL = 12'h898 | 12'd2200 | 12'b100010011000
    H_FP = 12'h58 | 12'd88 | 12'b000001011000
    H_BP = 12'h94 | 12'd148 | 12'b000010010100
    H_SYNC = 12'h2C | 12'd44 | 12'b000000101100
    H_ACT = 12'h780 | 12'd1920 | 12'b011110000000
    HV_OFFSET = 12'h0 | 12'd0 | 12'b000000000000
I: Verilog-0004: [E:/code/PangoWork/References/pango50k/2_Demo/06_hdmi_loop/06_hdmi_loop/src/hdmi_loop.v(line number: 67)] Elaborating instance u_pll.
I: Verilog-0003: [E:/code/PangoWork/References/pango50k/2_Demo/06_hdmi_loop/06_hdmi_loop/ipcore/PLL/PLL.v(line number: 18)] Elaborating module PLL.
I: Verilog-0004: [E:/code/PangoWork/References/pango50k/2_Demo/06_hdmi_loop/06_hdmi_loop/ipcore/PLL/PLL.v(line number: 228)] Elaborating instance u_pll_e3.
W: Verilog-2021: [E:/code/PangoWork/References/pango50k/2_Demo/06_hdmi_loop/06_hdmi_loop/ipcore/PLL/PLL.v(line number: 115)] Net clkfb in PLL(original module PLL) does not have a driver, tie it to 0.
W: Verilog-2021: [E:/code/PangoWork/References/pango50k/2_Demo/06_hdmi_loop/06_hdmi_loop/ipcore/PLL/PLL.v(line number: 118)] Net pfden in PLL(original module PLL) does not have a driver, tie it to 0.
W: Verilog-2021: [E:/code/PangoWork/References/pango50k/2_Demo/06_hdmi_loop/06_hdmi_loop/ipcore/PLL/PLL.v(line number: 119)] Net clkout0_gate in PLL(original module PLL) does not have a driver, tie it to 0.
W: Verilog-2021: [E:/code/PangoWork/References/pango50k/2_Demo/06_hdmi_loop/06_hdmi_loop/ipcore/PLL/PLL.v(line number: 120)] Net clkout0_2pad_gate in PLL(original module PLL) does not have a driver, tie it to 0.
W: Verilog-2021: [E:/code/PangoWork/References/pango50k/2_Demo/06_hdmi_loop/06_hdmi_loop/ipcore/PLL/PLL.v(line number: 121)] Net clkout1_gate in PLL(original module PLL) does not have a driver, tie it to 0.
W: Verilog-2021: [E:/code/PangoWork/References/pango50k/2_Demo/06_hdmi_loop/06_hdmi_loop/ipcore/PLL/PLL.v(line number: 122)] Net clkout2_gate in PLL(original module PLL) does not have a driver, tie it to 0.
W: Verilog-2021: [E:/code/PangoWork/References/pango50k/2_Demo/06_hdmi_loop/06_hdmi_loop/ipcore/PLL/PLL.v(line number: 123)] Net clkout3_gate in PLL(original module PLL) does not have a driver, tie it to 0.
W: Verilog-2021: [E:/code/PangoWork/References/pango50k/2_Demo/06_hdmi_loop/06_hdmi_loop/ipcore/PLL/PLL.v(line number: 124)] Net clkout4_gate in PLL(original module PLL) does not have a driver, tie it to 0.
W: Verilog-2021: [E:/code/PangoWork/References/pango50k/2_Demo/06_hdmi_loop/06_hdmi_loop/ipcore/PLL/PLL.v(line number: 125)] Net clkout5_gate in PLL(original module PLL) does not have a driver, tie it to 0.
W: Verilog-2021: [E:/code/PangoWork/References/pango50k/2_Demo/06_hdmi_loop/06_hdmi_loop/ipcore/PLL/PLL.v(line number: 126)] Net dyn_idiv in PLL(original module PLL) does not have a driver, tie it to 0.
W: Verilog-2021: [E:/code/PangoWork/References/pango50k/2_Demo/06_hdmi_loop/06_hdmi_loop/ipcore/PLL/PLL.v(line number: 127)] Net dyn_odiv0 in PLL(original module PLL) does not have a driver, tie it to 0.
W: Verilog-2021: [E:/code/PangoWork/References/pango50k/2_Demo/06_hdmi_loop/06_hdmi_loop/ipcore/PLL/PLL.v(line number: 128)] Net dyn_odiv1 in PLL(original module PLL) does not have a driver, tie it to 0.
W: Verilog-2021: [E:/code/PangoWork/References/pango50k/2_Demo/06_hdmi_loop/06_hdmi_loop/ipcore/PLL/PLL.v(line number: 129)] Net dyn_odiv2 in PLL(original module PLL) does not have a driver, tie it to 0.
W: Verilog-2021: [E:/code/PangoWork/References/pango50k/2_Demo/06_hdmi_loop/06_hdmi_loop/ipcore/PLL/PLL.v(line number: 130)] Net dyn_odiv3 in PLL(original module PLL) does not have a driver, tie it to 0.
W: Verilog-2021: [E:/code/PangoWork/References/pango50k/2_Demo/06_hdmi_loop/06_hdmi_loop/ipcore/PLL/PLL.v(line number: 131)] Net dyn_odiv4 in PLL(original module PLL) does not have a driver, tie it to 0.
W: Verilog-2021: [E:/code/PangoWork/References/pango50k/2_Demo/06_hdmi_loop/06_hdmi_loop/ipcore/PLL/PLL.v(line number: 132)] Net dyn_fdiv in PLL(original module PLL) does not have a driver, tie it to 0.
W: Verilog-2021: [E:/code/PangoWork/References/pango50k/2_Demo/06_hdmi_loop/06_hdmi_loop/ipcore/PLL/PLL.v(line number: 133)] Net dyn_duty0 in PLL(original module PLL) does not have a driver, tie it to 0.
W: Verilog-2021: [E:/code/PangoWork/References/pango50k/2_Demo/06_hdmi_loop/06_hdmi_loop/ipcore/PLL/PLL.v(line number: 134)] Net dyn_duty1 in PLL(original module PLL) does not have a driver, tie it to 0.
W: Verilog-2021: [E:/code/PangoWork/References/pango50k/2_Demo/06_hdmi_loop/06_hdmi_loop/ipcore/PLL/PLL.v(line number: 135)] Net dyn_duty2 in PLL(original module PLL) does not have a driver, tie it to 0.
W: Verilog-2021: [E:/code/PangoWork/References/pango50k/2_Demo/06_hdmi_loop/06_hdmi_loop/ipcore/PLL/PLL.v(line number: 136)] Net dyn_duty3 in PLL(original module PLL) does not have a driver, tie it to 0.
W: Verilog-2021: [E:/code/PangoWork/References/pango50k/2_Demo/06_hdmi_loop/06_hdmi_loop/ipcore/PLL/PLL.v(line number: 137)] Net dyn_duty4 in PLL(original module PLL) does not have a driver, tie it to 0.
I: Verilog-0004: [E:/code/PangoWork/References/pango50k/2_Demo/06_hdmi_loop/06_hdmi_loop/src/hdmi_loop.v(line number: 73)] Elaborating instance ms72xx_ctl.
I: Verilog-0003: [E:/code/PangoWork/References/pango50k/2_Demo/06_hdmi_loop/06_hdmi_loop/src/ms72xx_ctl.v(line number: 4)] Elaborating module ms72xx_ctl.
I: Verilog-0004: [E:/code/PangoWork/References/pango50k/2_Demo/06_hdmi_loop/06_hdmi_loop/src/ms72xx_ctl.v(line number: 58)] Elaborating instance ms7200_ctl.
I: Verilog-0003: [E:/code/PangoWork/References/pango50k/2_Demo/06_hdmi_loop/06_hdmi_loop/src/ms7200_ctl.v(line number: 4)] Elaborating module ms7200_ctl.
I: Module instance {hdmi_loop/ms72xx_ctl/ms7200_ctl} parameter value:
    IDLE = 7'h1 | 7'd1 | 7'b0000001
    CONECT = 7'h2 | 7'd2 | 7'b0000010
    INIT = 7'h4 | 7'd4 | 7'b0000100
    WAIT = 7'h8 | 7'd8 | 7'b0001000
    STA_RD = 7'h10 | 7'd16 | 7'b0010000
    SETING = 7'h20 | 7'd32 | 7'b0100000
    RD_BAK = 7'h40 | 7'd64 | 7'b1000000
I: Verilog-0004: [E:/code/PangoWork/References/pango50k/2_Demo/06_hdmi_loop/06_hdmi_loop/src/ms72xx_ctl.v(line number: 73)] Elaborating instance ms7210_ctl.
I: Verilog-0003: [E:/code/PangoWork/References/pango50k/2_Demo/06_hdmi_loop/06_hdmi_loop/src/ms7210_ctl.v(line number: 4)] Elaborating module ms7210_ctl.
I: Module instance {hdmi_loop/ms72xx_ctl/ms7210_ctl} parameter value:
    IDLE = 6'h1 | 6'd1 | 6'b000001
    CONECT = 6'h2 | 6'd2 | 6'b000010
    INIT = 6'h4 | 6'd4 | 6'b000100
    WAIT = 6'h8 | 6'd8 | 6'b001000
    SETING = 6'h10 | 6'd16 | 6'b010000
    STA_RD = 6'h20 | 6'd32 | 6'b100000
I: Verilog-0004: [E:/code/PangoWork/References/pango50k/2_Demo/06_hdmi_loop/06_hdmi_loop/src/ms72xx_ctl.v(line number: 111)] Elaborating instance iic_dri_rx.
I: Verilog-0003: [E:/code/PangoWork/References/pango50k/2_Demo/06_hdmi_loop/06_hdmi_loop/src/iic_dri.v(line number: 4)] Elaborating module iic_dri.
I: Module instance {hdmi_loop/ms72xx_ctl/iic_dri_rx} parameter value:
    CLK_FRE = 27'h989680 | 27'd10000000 | 27'b000100110001001011010000000
    IIC_FREQ = 20'h61A80 | 20'd400000 | 20'b01100001101010000000
    T_WR = 10'h1 | 10'd1 | 10'b0000000001
    ADDR_BYTE = 2'h2 | 2'd2 | 2'b10
    LEN_WIDTH = 8'h3 | 8'd3 | 8'b00000011
    DATA_BYTE = 2'h1 | 2'd1 | 2'b01
I: Verilog-0004: [E:/code/PangoWork/References/pango50k/2_Demo/06_hdmi_loop/06_hdmi_loop/src/ms72xx_ctl.v(line number: 146)] Elaborating instance iic_dri_tx.
I: Verilog-0003: [E:/code/PangoWork/References/pango50k/2_Demo/06_hdmi_loop/06_hdmi_loop/src/iic_dri.v(line number: 4)] Elaborating module iic_dri.
I: Module instance {hdmi_loop/ms72xx_ctl/iic_dri_tx} parameter value:
    CLK_FRE = 27'h989680 | 27'd10000000 | 27'b000100110001001011010000000
    IIC_FREQ = 20'h61A80 | 20'd400000 | 20'b01100001101010000000
    T_WR = 10'h1 | 10'd1 | 10'b0000000001
    ADDR_BYTE = 2'h2 | 2'd2 | 2'b10
    LEN_WIDTH = 8'h3 | 8'd3 | 8'b00000011
    DATA_BYTE = 2'h1 | 2'd1 | 2'b01
Executing : rtl-elaborate successfully. Time elapsed: 0.049s wall, 0.031s user + 0.016s system = 0.047s CPU (94.9%). Peak memory used: 187 MB.

Start rtl-prep.
Executing : rtl-prep successfully. Time elapsed: 0.036s wall, 0.016s user + 0.031s system = 0.047s CPU (131.5%). Peak memory used: 187 MB.

Start rtl-infer.
Start DFF-inference.
Executing : DFF-inference successfully.
Executing : rtl-infer successfully. Time elapsed: 0.260s wall, 0.219s user + 0.031s system = 0.250s CPU (96.0%). Peak memory used: 189 MB.

Start rtl-control-opt.
W: Sdm-2000: [E:/code/PangoWork/References/pango50k/2_Demo/06_hdmi_loop/06_hdmi_loop/src/ms7200_ctl.v(line number: 594)] Removed register node ms72xx_ctl/ms7200_ctl/cmd_iic[23] that is stuck at constant 0.
W: Sdm-2000: [E:/code/PangoWork/References/pango50k/2_Demo/06_hdmi_loop/06_hdmi_loop/src/ms7200_ctl.v(line number: 594)] Removed register node ms72xx_ctl/ms7200_ctl/cmd_iic[22] that is stuck at constant 0.
W: Sdm-2000: [E:/code/PangoWork/References/pango50k/2_Demo/06_hdmi_loop/06_hdmi_loop/src/ms7210_ctl.v(line number: 227)] Removed register node ms72xx_ctl/ms7210_ctl/cmd_iic[23] that is stuck at constant 0.
W: Sdm-2000: [E:/code/PangoWork/References/pango50k/2_Demo/06_hdmi_loop/06_hdmi_loop/src/ms7210_ctl.v(line number: 227)] Removed register node ms72xx_ctl/ms7210_ctl/cmd_iic[22] that is stuck at constant 0.
W: Sdm-2000: [E:/code/PangoWork/References/pango50k/2_Demo/06_hdmi_loop/06_hdmi_loop/src/ms7210_ctl.v(line number: 227)] Removed register node ms72xx_ctl/ms7210_ctl/cmd_iic[21] that is stuck at constant 0.
Executing : rtl-control-opt successfully. Time elapsed: 0.041s wall, 0.031s user + 0.016s system = 0.047s CPU (113.9%). Peak memory used: 189 MB.

Start rtl-data-opt.
Executing : rtl-data-opt successfully. Time elapsed: 0.017s wall, 0.016s user + 0.000s system = 0.016s CPU (92.3%). Peak memory used: 189 MB.

Start FSM inference.
I: FSM state_fsm[6:0] inferred.
I: FSM state_fsm[5:0] inferred.
I: FSM state_fsm[2:0] inferred.
Executing : FSM inference successfully. Time elapsed: 0.029s wall, 0.016s user + 0.016s system = 0.031s CPU (106.1%). Peak memory used: 189 MB.

Start sdm2adm.
I: Constant propagation done on N43 (bmsWIDEMUX).
I: Constant propagation done on N52 (bmsWIDEMUX).
I: Constant propagation done on N60 (bmsWIDEMUX).
I: Constant propagation done on N70 (bmsWIDEMUX).
I: Constant propagation done on N79 (bmsWIDEMUX).
I: Constant propagation done on N88 (bmsWIDEMUX).
I: Constant propagation done on N140 (bmsWIDEMUX).
I: Constant propagation done on N360[3]_inv (bmsINV).
I: Constant propagation done on N360[4]_inv (bmsINV).
I: Constant propagation done on N360[5]_inv (bmsINV).
Executing : sdm2adm successfully. Time elapsed: 0.043s wall, 0.047s user + 0.000s system = 0.047s CPU (108.3%). Peak memory used: 200 MB.

Saving design to DB.
Action Compile: Export DB successfully.
Action compile: Real time elapsed is 0h:0m:6s
Action compile: CPU time elapsed is 0h:0m:1s
Action compile: Process CPU time elapsed is 0h:0m:1s
Action compile: Peak memory pool usage is 200 MB

Current time: Wed Sep 16 16:44:54 2026
