#Build: Fabric Compiler 2025.2, Build 211867, Jan 16 16:10 2026
#Install: E:\work\pango\PDS_2025.2-ads\bin
#Application name: pds_shell.exe
#OS: Windows 11 10.0.26200
#CPU: Unknown
#RAM(GB): 32
#Hostname: dionirpyC
#Generated by Fabric Compiler (version 2025.2 build 211867) at Sun Sep 27 17:41:10 2026
 
Command: set_option -options { top_module {hdmi_loop_top}} [get_filesets design_1]
launch_tasks [get_tasks {syn_1}] -to_action compile
wait_on_tasks [get_tasks {syn_1}] -to_action compile
Process "Compile" started.
Current time: Sun Sep 27 17:41:10 2026
Compiling architecture definition.
Analyzing project file 'E:/code/PangoWork/Works/hdmi/.hdmi_top_check/prj_tasks/syn_1/compile/compile.ptemp'.
#Generated by Fabric Compiler (version 2025.2 build 211867) at Sun Sep 27 17:41:11 2026
Parameters for debugging are loaded as follows:
License checkout: fabric_ads from E:/work/pango/PDS_2025.2-ads/new_pds_F4A80DA47D72.lic
Compiling verification operator library.
Compiling vendor parameter file.
Loading technology operator library.
Compiling technology operator library.
Compiling technology operator (valence) library.
I: Enable Verilog2k features and keywords
Start rtl-analyze.
I: Include path: E:/code/PangoWork/Works/hdmi/.hdmi_top_check
I: Verilog-0001: Analyzing file E:/code/PangoWork/Works/hdmi/ipcore/pll_50mhz/pll_50mhz.v.
I: Verilog-0002: [E:/code/PangoWork/Works/hdmi/ipcore/pll_50mhz/pll_50mhz.v(line number: 18)] Analyzing module pll_50mhz (library work).
Parsing done.
I: Verilog-0001: Analyzing file E:/code/PangoWork/Works/hdmi/Designs/drivers/iic/iic_master.v.
I: Verilog-0002: [E:/code/PangoWork/Works/hdmi/Designs/drivers/iic/iic_master.v(line number: 10)] Analyzing module iic_master (library work).
Parsing done.
I: Verilog-0001: Analyzing file E:/code/PangoWork/Works/hdmi/Designs/hardware/ms7200/ms7200_driver.v.
I: Verilog-0002: [E:/code/PangoWork/Works/hdmi/Designs/hardware/ms7200/ms7200_driver.v(line number: 1)] Analyzing module ms7200_driver (library work).
Parsing done.
I: Verilog-0001: Analyzing file E:/code/PangoWork/Works/hdmi/Designs/hardware/ms7200/ms7200_top.v.
I: Verilog-0002: [E:/code/PangoWork/Works/hdmi/Designs/hardware/ms7200/ms7200_top.v(line number: 1)] Analyzing module ms7200_top (library work).
Parsing done.
I: Verilog-0001: Analyzing file E:/code/PangoWork/Works/hdmi/Designs/hardware/ms7210/ms7210_driver.v.
I: Verilog-0002: [E:/code/PangoWork/Works/hdmi/Designs/hardware/ms7210/ms7210_driver.v(line number: 1)] Analyzing module ms7210_driver (library work).
Parsing done.
I: Verilog-0001: Analyzing file E:/code/PangoWork/Works/hdmi/Designs/hardware/ms7210/ms7210_top.v.
I: Verilog-0002: [E:/code/PangoWork/Works/hdmi/Designs/hardware/ms7210/ms7210_top.v(line number: 1)] Analyzing module ms7210_top (library work).
Parsing done.
I: Verilog-0001: Analyzing file E:/code/PangoWork/Works/hdmi/Designs/hdmi_loop_top.v.
I: Verilog-0002: [E:/code/PangoWork/Works/hdmi/Designs/hdmi_loop_top.v(line number: 1)] Analyzing module hdmi_loop_top (library work).
Parsing done.
I: Module "hdmi_loop_top" is set as top module
Executing : rtl-analyze successfully. Time elapsed: 1.998s wall, 0.031s user + 0.016s system = 0.047s CPU (2.3%). Peak memory used: 175 MB.

Start rtl-elaborate.
I: Verilog-0003: [E:/code/PangoWork/Works/hdmi/Designs/hdmi_loop_top.v(line number: 1)] Elaborating module hdmi_loop_top.
I: Module instance {hdmi_loop_top} parameter value:
    SYS_CLK_FREQ_HZ = 32'sh2FAF080 | 50000000 | 32'sb00000010111110101111000010000000
    IIC_CLK_FREQ_HZ = 32'sh186A00 | 1600000 | 32'sb00000000000110000110101000000000
    IIC_SCL_FREQ_HZ = 32'sh61A80 | 400000 | 32'sb00000000000001100001101010000000
I: Verilog-0004: [E:/code/PangoWork/Works/hdmi/Designs/hdmi_loop_top.v(line number: 73)] Elaborating instance u_pll_50mhz.
I: Verilog-0003: [E:/code/PangoWork/Works/hdmi/ipcore/pll_50mhz/pll_50mhz.v(line number: 18)] Elaborating module pll_50mhz.
I: Verilog-0004: [E:/code/PangoWork/Works/hdmi/ipcore/pll_50mhz/pll_50mhz.v(line number: 230)] Elaborating instance u_pll_e3.
W: Verilog-2021: [E:/code/PangoWork/Works/hdmi/ipcore/pll_50mhz/pll_50mhz.v(line number: 117)] Net clkfb in pll_50mhz(original module pll_50mhz) does not have a driver, tie it to 0.
W: Verilog-2021: [E:/code/PangoWork/Works/hdmi/ipcore/pll_50mhz/pll_50mhz.v(line number: 120)] Net pfden in pll_50mhz(original module pll_50mhz) does not have a driver, tie it to 0.
W: Verilog-2021: [E:/code/PangoWork/Works/hdmi/ipcore/pll_50mhz/pll_50mhz.v(line number: 121)] Net clkout0_gate in pll_50mhz(original module pll_50mhz) does not have a driver, tie it to 0.
W: Verilog-2021: [E:/code/PangoWork/Works/hdmi/ipcore/pll_50mhz/pll_50mhz.v(line number: 122)] Net clkout0_2pad_gate in pll_50mhz(original module pll_50mhz) does not have a driver, tie it to 0.
W: Verilog-2021: [E:/code/PangoWork/Works/hdmi/ipcore/pll_50mhz/pll_50mhz.v(line number: 123)] Net clkout1_gate in pll_50mhz(original module pll_50mhz) does not have a driver, tie it to 0.
W: Verilog-2021: [E:/code/PangoWork/Works/hdmi/ipcore/pll_50mhz/pll_50mhz.v(line number: 124)] Net clkout2_gate in pll_50mhz(original module pll_50mhz) does not have a driver, tie it to 0.
W: Verilog-2021: [E:/code/PangoWork/Works/hdmi/ipcore/pll_50mhz/pll_50mhz.v(line number: 125)] Net clkout3_gate in pll_50mhz(original module pll_50mhz) does not have a driver, tie it to 0.
W: Verilog-2021: [E:/code/PangoWork/Works/hdmi/ipcore/pll_50mhz/pll_50mhz.v(line number: 126)] Net clkout4_gate in pll_50mhz(original module pll_50mhz) does not have a driver, tie it to 0.
W: Verilog-2021: [E:/code/PangoWork/Works/hdmi/ipcore/pll_50mhz/pll_50mhz.v(line number: 127)] Net clkout5_gate in pll_50mhz(original module pll_50mhz) does not have a driver, tie it to 0.
W: Verilog-2021: [E:/code/PangoWork/Works/hdmi/ipcore/pll_50mhz/pll_50mhz.v(line number: 128)] Net dyn_idiv in pll_50mhz(original module pll_50mhz) does not have a driver, tie it to 0.
W: Verilog-2021: [E:/code/PangoWork/Works/hdmi/ipcore/pll_50mhz/pll_50mhz.v(line number: 129)] Net dyn_odiv0 in pll_50mhz(original module pll_50mhz) does not have a driver, tie it to 0.
W: Verilog-2021: [E:/code/PangoWork/Works/hdmi/ipcore/pll_50mhz/pll_50mhz.v(line number: 130)] Net dyn_odiv1 in pll_50mhz(original module pll_50mhz) does not have a driver, tie it to 0.
W: Verilog-2021: [E:/code/PangoWork/Works/hdmi/ipcore/pll_50mhz/pll_50mhz.v(line number: 131)] Net dyn_odiv2 in pll_50mhz(original module pll_50mhz) does not have a driver, tie it to 0.
W: Verilog-2021: [E:/code/PangoWork/Works/hdmi/ipcore/pll_50mhz/pll_50mhz.v(line number: 132)] Net dyn_odiv3 in pll_50mhz(original module pll_50mhz) does not have a driver, tie it to 0.
W: Verilog-2021: [E:/code/PangoWork/Works/hdmi/ipcore/pll_50mhz/pll_50mhz.v(line number: 133)] Net dyn_odiv4 in pll_50mhz(original module pll_50mhz) does not have a driver, tie it to 0.
W: Verilog-2021: [E:/code/PangoWork/Works/hdmi/ipcore/pll_50mhz/pll_50mhz.v(line number: 134)] Net dyn_fdiv in pll_50mhz(original module pll_50mhz) does not have a driver, tie it to 0.
W: Verilog-2021: [E:/code/PangoWork/Works/hdmi/ipcore/pll_50mhz/pll_50mhz.v(line number: 135)] Net dyn_duty0 in pll_50mhz(original module pll_50mhz) does not have a driver, tie it to 0.
W: Verilog-2021: [E:/code/PangoWork/Works/hdmi/ipcore/pll_50mhz/pll_50mhz.v(line number: 136)] Net dyn_duty1 in pll_50mhz(original module pll_50mhz) does not have a driver, tie it to 0.
W: Verilog-2021: [E:/code/PangoWork/Works/hdmi/ipcore/pll_50mhz/pll_50mhz.v(line number: 137)] Net dyn_duty2 in pll_50mhz(original module pll_50mhz) does not have a driver, tie it to 0.
W: Verilog-2021: [E:/code/PangoWork/Works/hdmi/ipcore/pll_50mhz/pll_50mhz.v(line number: 138)] Net dyn_duty3 in pll_50mhz(original module pll_50mhz) does not have a driver, tie it to 0.
W: Verilog-2021: [E:/code/PangoWork/Works/hdmi/ipcore/pll_50mhz/pll_50mhz.v(line number: 139)] Net dyn_duty4 in pll_50mhz(original module pll_50mhz) does not have a driver, tie it to 0.
I: Verilog-0004: [E:/code/PangoWork/Works/hdmi/Designs/hdmi_loop_top.v(line number: 154)] Elaborating instance u_ms7200_top.
I: Verilog-0003: [E:/code/PangoWork/Works/hdmi/Designs/hardware/ms7200/ms7200_top.v(line number: 1)] Elaborating module ms7200_top.
I: Module instance {hdmi_loop_top/u_ms7200_top} parameter value:
    SYS_CLK_FREQ_HZ = 32'sh2FAF080 | 50000000 | 32'sb00000010111110101111000010000000
    IIC_CLK_FREQ_HZ = 32'sh186A00 | 1600000 | 32'sb00000000000110000110101000000000
    IIC_SCL_FREQ_HZ = 32'sh61A80 | 400000 | 32'sb00000000000001100001101010000000
    RESET_HOLD_MS = 32'sh1 | 1 | 32'sb00000000000000000000000000000001
    RESET_RELEASE_MS = 32'sh1 | 1 | 32'sb00000000000000000000000000000001
I: Verilog-0004: [E:/code/PangoWork/Works/hdmi/Designs/hardware/ms7200/ms7200_top.v(line number: 163)] Elaborating instance ms7200_driver_instance.
I: Verilog-0003: [E:/code/PangoWork/Works/hdmi/Designs/hardware/ms7200/ms7200_driver.v(line number: 1)] Elaborating module ms7200_driver.
I: Verilog-0004: [E:/code/PangoWork/Works/hdmi/Designs/hardware/ms7200/ms7200_top.v(line number: 182)] Elaborating instance ms7200_iic_instance.
I: Verilog-0003: [E:/code/PangoWork/Works/hdmi/Designs/drivers/iic/iic_master.v(line number: 10)] Elaborating module iic_master.
I: Module instance {hdmi_loop_top/u_ms7200_top/ms7200_iic_instance} parameter value:
    DEVICE_ADDR = 32'sh2B | 43 | 32'sb00000000000000000000000000101011
    IIC_CLK_FREQ = 32'sh186A00 | 1600000 | 32'sb00000000000110000110101000000000
    IIC_SCL_FREQ = 32'sh61A80 | 400000 | 32'sb00000000000001100001101010000000
I: Verilog-0004: [E:/code/PangoWork/Works/hdmi/Designs/hdmi_loop_top.v(line number: 170)] Elaborating instance u_ms7210_top.
I: Verilog-0003: [E:/code/PangoWork/Works/hdmi/Designs/hardware/ms7210/ms7210_top.v(line number: 1)] Elaborating module ms7210_top.
I: Module instance {hdmi_loop_top/u_ms7210_top} parameter value:
    SYS_CLK_FREQ_HZ = 32'sh2FAF080 | 50000000 | 32'sb00000010111110101111000010000000
    IIC_CLK_FREQ_HZ = 32'sh186A00 | 1600000 | 32'sb00000000000110000110101000000000
    IIC_SCL_FREQ_HZ = 32'sh61A80 | 400000 | 32'sb00000000000001100001101010000000
    RESET_HOLD_MS = 32'sh1 | 1 | 32'sb00000000000000000000000000000001
    RESET_RELEASE_MS = 32'sh1 | 1 | 32'sb00000000000000000000000000000001
    STARTUP_WAIT_MS = 32'sh140 | 320 | 32'sb00000000000000000000000101000000
I: Verilog-0004: [E:/code/PangoWork/Works/hdmi/Designs/hardware/ms7210/ms7210_top.v(line number: 165)] Elaborating instance ms7210_driver_instance.
I: Verilog-0003: [E:/code/PangoWork/Works/hdmi/Designs/hardware/ms7210/ms7210_driver.v(line number: 1)] Elaborating module ms7210_driver.
I: Module instance {hdmi_loop_top/u_ms7210_top/ms7210_driver_instance} parameter value:
    SYS_CLK_FREQ_HZ = 32'sh2FAF080 | 50000000 | 32'sb00000010111110101111000010000000
    STARTUP_WAIT_MS = 32'sh140 | 320 | 32'sb00000000000000000000000101000000
I: Verilog-0004: [E:/code/PangoWork/Works/hdmi/Designs/hardware/ms7210/ms7210_top.v(line number: 184)] Elaborating instance ms7210_iic_instance.
I: Verilog-0003: [E:/code/PangoWork/Works/hdmi/Designs/drivers/iic/iic_master.v(line number: 10)] Elaborating module iic_master.
I: Module instance {hdmi_loop_top/u_ms7210_top/ms7210_iic_instance} parameter value:
    DEVICE_ADDR = 32'sh59 | 89 | 32'sb00000000000000000000000001011001
    IIC_CLK_FREQ = 32'sh186A00 | 1600000 | 32'sb00000000000110000110101000000000
    IIC_SCL_FREQ = 32'sh61A80 | 400000 | 32'sb00000000000001100001101010000000
Executing : rtl-elaborate successfully. Time elapsed: 0.075s wall, 0.031s user + 0.047s system = 0.078s CPU (103.7%). Peak memory used: 187 MB.

Start rtl-prep.
Executing : rtl-prep successfully. Time elapsed: 0.060s wall, 0.047s user + 0.000s system = 0.047s CPU (78.5%). Peak memory used: 187 MB.

Start rtl-infer.
Start DFF-inference.
W: Sdm-2020: [E:/code/PangoWork/Works/hdmi/Designs/hardware/ms7200/ms7200_driver.v(line number: 438)] Unused register frequency_sample_1 was removed.
Executing : DFF-inference successfully.
Executing : rtl-infer successfully. Time elapsed: 0.473s wall, 0.391s user + 0.094s system = 0.484s CPU (102.3%). Peak memory used: 189 MB.

Start rtl-control-opt.
Executing : rtl-control-opt successfully. Time elapsed: 0.043s wall, 0.047s user + 0.000s system = 0.047s CPU (107.8%). Peak memory used: 189 MB.

Start rtl-data-opt.
Executing : rtl-data-opt successfully. Time elapsed: 0.025s wall, 0.016s user + 0.000s system = 0.016s CPU (63.7%). Peak memory used: 189 MB.

Start FSM inference.
I: FSM state_current_fsm[1:0] inferred.
FSM state_current_fsm[1:0] STG:
Number of reachable states: 4
Input nets: sys_led[7:6] 
S0(00)-->S1(01): xx
S1(01)-->S2(10): 1x
S3(11)-->S3(11): xx
S2(10)-->S3(11): x1
S3(11)-->S3(11): x1

I: FSM state_current_fsm[1:0] inferred.
FSM state_current_fsm[1:0] STG:
Number of reachable states: 4
Input nets: N14_inv driver_done 
S0(00)-->S0(00): 0x
S0(00)-->S1(01): 1x
S1(01)-->S1(01): 0x
S1(01)-->S2(10): 1x
S2(10)-->S2(10): x0
S3(11)-->S3(11): xx
S2(10)-->S3(11): x1
S3(11)-->S3(11): x1

I: FSM state_current_fsm[1:0] inferred.
FSM state_current_fsm[1:0] STG:
Number of reachable states: 4
Input nets: N14_inv driver_done 
S0(00)-->S0(00): 0x
S0(00)-->S1(01): 1x
S1(01)-->S1(01): 0x
S1(01)-->S2(10): 1x
S2(10)-->S2(10): x0
S3(11)-->S3(11): xx
S2(10)-->S3(11): x1
S3(11)-->S3(11): x1

I: FSM state_current_fsm[2:0] inferred.
FSM state_current_fsm[2:0] STG:
Number of reachable states: 5
Input nets: N2534 N2543 N2551 N2560 
S0(000)-->S1(001): xxxx
S1(001)-->S2(010): 1xxx
S2(010)-->S3(011): x1xx
S3(011)-->S4(100): xx1x
S4(100)-->S3(011): xxx1

I: FSM state_fsm[4:0] inferred.
FSM state_fsm[4:0] STG:
Number of reachable states: 16
Input nets: N51 N169 N485 ack_seen addr_length_reg op_read 
S0(00000)-->S1(00001): 1xxxxx
S1(00001)-->S2(00010): xx1xxx
S2(00010)-->S3(00011): x1xxxx
S3(00011)-->S4(00100): xx101x
S3(00011)-->S6(00110): xx100x
S4(00100)-->S5(00101): x1xxxx
S5(00101)-->S6(00110): xx10xx
S6(00110)-->S7(00111): x1xxxx
S7(00111)-->S8(01000): xx10x0
S7(00111)-->S10(01010): xx10x1
S5(00101)-->S15(01111): xx11xx
S7(00111)-->S15(01111): xx11xx
S3(00011)-->S15(01111): xx11xx
S7(00111)-->S15(01111): xx11xx
S8(01000)-->S9(01001): x1xxxx
S9(01001)-->S15(01111): xx1xxx
S10(01010)-->S11(01011): xx1xxx
S11(01011)-->S12(01100): x1xxxx
S12(01100)-->S13(01101): xx10xx
S13(01101)-->S14(01110): x1xxxx
S14(01110)-->S15(01111): xx1xxx
S12(01100)-->S15(01111): xx11xx
S14(01110)-->S15(01111): xx11xx
S15(01111)-->S0(00000): xx1xxx

I: FSM state_current_fsm[2:0] inferred.
FSM state_current_fsm[2:0] STG:
Number of reachable states: 6
Input nets: N222 N231 N244 wait_finished 
S0(000)-->S1(001): xxxx
S1(001)-->S2(010): 1xxx
S2(010)-->S3(011): x1xx
S3(011)-->S4(100): xxx1
S5(101)-->S5(101): xxxx
S4(100)-->S5(101): xx1x
S5(101)-->S5(101): xx1x

I: FSM state_fsm[4:0] inferred.
FSM state_fsm[4:0] STG:
Number of reachable states: 16
Input nets: N51 N169 N485 ack_seen addr_length_reg op_read 
S0(00000)-->S1(00001): 1xxxxx
S1(00001)-->S2(00010): xx1xxx
S2(00010)-->S3(00011): x1xxxx
S3(00011)-->S4(00100): xx101x
S3(00011)-->S6(00110): xx100x
S4(00100)-->S5(00101): x1xxxx
S5(00101)-->S6(00110): xx10xx
S6(00110)-->S7(00111): x1xxxx
S7(00111)-->S8(01000): xx10x0
S7(00111)-->S10(01010): xx10x1
S5(00101)-->S15(01111): xx11xx
S7(00111)-->S15(01111): xx11xx
S3(00011)-->S15(01111): xx11xx
S7(00111)-->S15(01111): xx11xx
S8(01000)-->S9(01001): x1xxxx
S9(01001)-->S15(01111): xx1xxx
S10(01010)-->S11(01011): xx1xxx
S11(01011)-->S12(01100): x1xxxx
S12(01100)-->S13(01101): xx10xx
S13(01101)-->S14(01110): x1xxxx
S14(01110)-->S15(01111): xx1xxx
S12(01100)-->S15(01111): xx11xx
S14(01110)-->S15(01111): xx11xx
S15(01111)-->S0(00000): xx1xxx

Executing : FSM inference successfully. Time elapsed: 0.073s wall, 0.078s user + 0.000s system = 0.078s CPU (107.2%). Peak memory used: 190 MB.

Start sdm2adm.
I: Constant propagation done on N3458 (bmsWIDEMUX).
I: Constant propagation done on N2665 (bmsWIDEMUX).
I: Constant propagation done on N3469 (bmsREDAND).
I: Constant propagation done on N1266_1 (bmsWIDEMUX).
I: Constant propagation done on N3457 (bmsWIDEMUX).
I: Constant propagation done on N2518 (bmsWIDEMUX).
I: Constant propagation done on N747 (bmsWIDEMUX).
I: Constant propagation done on N755 (bmsWIDEMUX).
I: Constant propagation done on N521[3]_inv (bmsINV).
I: Constant propagation done on N521[4]_inv (bmsINV).
Executing : sdm2adm successfully. Time elapsed: 0.057s wall, 0.016s user + 0.031s system = 0.047s CPU (81.9%). Peak memory used: 200 MB.

Saving design to DB.
Action Compile: Export DB successfully.
Action compile: Real time elapsed is 0h:0m:5s
Action compile: CPU time elapsed is 0h:0m:2s
Action compile: Process CPU time elapsed is 0h:0m:2s
Action compile: Peak memory pool usage is 200 MB

Current time: Sun Sep 27 17:41:14 2026
Action from compile to compile: Total Real Time elapsed is 0h:0m:5s
Action from compile to compile: Total CPU time elapsed is 0h:0m:2s
Action from compile to compile: Total Process CPU Time elapsed is 0h:0m:2s
Process "Compile" done.
