#Build: Fabric Compiler 2025.2, Build 211867, Jan 16 16:10 2026
#Install: E:\work\pango\PDS_2025.2-ads\bin
#Application name: pds_shell.exe
#OS: Windows 11 10.0.26200
#CPU: Unknown
#RAM(GB): 32
#Hostname: dionirpyC
#Generated by Fabric Compiler (version 2025.2 build 211867) at Sat Sep 19 16:03:51 2026
Parameters for debugging are loaded as follows:
Compiling verification operator library.
Compiling vendor parameter file.
Compiling common defs.
Compiling prim grid devices.
Compiling place grid timing.
Compiling gate devices.
Compiling gate operators.
Compiling gate operators impls.
Building architecture model.
Loading device packaging model.
Building architecture floorplan logic view.
Constraint check start.
W: ConstraintEditor-4042: Port 'led_out[0]' lacks attribute 'SLEW', it's better to set the attribute for port.
W: ConstraintEditor-4042: Port 'led_out[0]' lacks attribute 'DRIVE', it's better to set the attribute for port.
W: ConstraintEditor-4042: Port 'led_out[0]' lacks attribute 'BUS_KEEPER', it's better to set the attribute for port.
W: ConstraintEditor-4042: Port 'led_out[1]' lacks attribute 'SLEW', it's better to set the attribute for port.
W: ConstraintEditor-4042: Port 'led_out[1]' lacks attribute 'DRIVE', it's better to set the attribute for port.
W: ConstraintEditor-4042: Port 'led_out[1]' lacks attribute 'BUS_KEEPER', it's better to set the attribute for port.
W: ConstraintEditor-4042: Port 'led_out[2]' lacks attribute 'SLEW', it's better to set the attribute for port.
W: ConstraintEditor-4042: Port 'led_out[2]' lacks attribute 'DRIVE', it's better to set the attribute for port.
W: ConstraintEditor-4042: Port 'led_out[2]' lacks attribute 'BUS_KEEPER', it's better to set the attribute for port.
W: ConstraintEditor-4042: Port 'led_out[3]' lacks attribute 'SLEW', it's better to set the attribute for port.
W: ConstraintEditor-4042: Port 'led_out[3]' lacks attribute 'DRIVE', it's better to set the attribute for port.
W: ConstraintEditor-4042: Port 'led_out[3]' lacks attribute 'BUS_KEEPER', it's better to set the attribute for port.
W: ConstraintEditor-4042: Port 'led_out[4]' lacks attribute 'SLEW', it's better to set the attribute for port.
W: ConstraintEditor-4042: Port 'led_out[4]' lacks attribute 'DRIVE', it's better to set the attribute for port.
W: ConstraintEditor-4042: Port 'led_out[4]' lacks attribute 'BUS_KEEPER', it's better to set the attribute for port.
W: ConstraintEditor-4042: Port 'led_out[5]' lacks attribute 'SLEW', it's better to set the attribute for port.
W: ConstraintEditor-4042: Port 'led_out[5]' lacks attribute 'DRIVE', it's better to set the attribute for port.
W: ConstraintEditor-4042: Port 'led_out[5]' lacks attribute 'BUS_KEEPER', it's better to set the attribute for port.
W: ConstraintEditor-4042: Port 'led_out[6]' lacks attribute 'SLEW', it's better to set the attribute for port.
W: ConstraintEditor-4042: Port 'led_out[6]' lacks attribute 'DRIVE', it's better to set the attribute for port.
W: ConstraintEditor-4042: Port 'led_out[6]' lacks attribute 'BUS_KEEPER', it's better to set the attribute for port.
W: ConstraintEditor-4042: Port 'led_out[7]' lacks attribute 'SLEW', it's better to set the attribute for port.
W: ConstraintEditor-4042: Port 'led_out[7]' lacks attribute 'DRIVE', it's better to set the attribute for port.
W: ConstraintEditor-4042: Port 'led_out[7]' lacks attribute 'BUS_KEEPER', it's better to set the attribute for port.
W: ConstraintEditor-4042: Port 'uart_tx' lacks attribute 'SLEW', it's better to set the attribute for port.
W: ConstraintEditor-4042: Port 'uart_tx' lacks attribute 'DRIVE', it's better to set the attribute for port.
W: ConstraintEditor-4042: Port 'key_in[0]' lacks attribute 'BUS_KEEPER', it's better to set the attribute for port.
W: ConstraintEditor-4040: [E:/code/PangoWork/Works/uart/prj_tasks/pnr_1/device_map/uart_rx_top.pcf(line number: 12)] Port key_in[0] has been placed at location K18, whose type is share pin.
W: ConstraintEditor-4042: Port 'key_in[1]' lacks attribute 'BUS_KEEPER', it's better to set the attribute for port.
W: ConstraintEditor-4042: Port 'key_in[2]' lacks attribute 'BUS_KEEPER', it's better to set the attribute for port.
W: ConstraintEditor-4042: Port 'key_in[3]' lacks attribute 'BUS_KEEPER', it's better to set the attribute for port.
W: ConstraintEditor-4042: Port 'key_in[4]' lacks attribute 'BUS_KEEPER', it's better to set the attribute for port.
W: ConstraintEditor-4042: Port 'key_in[5]' lacks attribute 'BUS_KEEPER', it's better to set the attribute for port.
W: ConstraintEditor-4040: [E:/code/PangoWork/Works/uart/prj_tasks/pnr_1/device_map/uart_rx_top.pcf(line number: 17)] Port key_in[5] has been placed at location J19, whose type is share pin.
W: ConstraintEditor-4042: Port 'key_in[6]' lacks attribute 'BUS_KEEPER', it's better to set the attribute for port.
W: ConstraintEditor-4040: [E:/code/PangoWork/Works/uart/prj_tasks/pnr_1/device_map/uart_rx_top.pcf(line number: 18)] Port key_in[6] has been placed at location H20, whose type is share pin.
W: ConstraintEditor-4042: Port 'key_in[7]' lacks attribute 'BUS_KEEPER', it's better to set the attribute for port.
W: ConstraintEditor-4040: [E:/code/PangoWork/Works/uart/prj_tasks/pnr_1/device_map/uart_rx_top.pcf(line number: 20)] Port rst_n has been placed at location AB13, whose type is share pin.
C: ConstraintEditor-2022: There are some ports' attributes are set to default value, please read [E:/code/PangoWork/Works/uart/prj_tasks/pnr_1/place_route/ports_defalut_attribute.txt(line number:0)] to confirm.
Found 0 error(s), 1 critical warning(s), 38 warning(s), out of 20 constraint(s)
Constraint check end.
Total time(hh:mm:ss) of constraint check : 00:00:00
Elaborate the liberty model.
I: Multithreading enabled for Timing using a maximum of 4 processes.
Placement started. Type: EP_COMMON_FLOW.

Stage 1 EP_INIT start.
Stage: after EP_INIT | Time (s): real = 0h:0m:9s ; cpu = 0h:0m:6s ; process = 0h:0m:8s | Memory (MB): curr = 446.339844 ; peak = 447.410156 | Checksum: 22583820A9CA18EE

Design Layer Utilization:
	LUT: 0.986%
	FF: 0.668%
	DRM: 1.866%
	IO: 5.722%

Stage 2 EP_DL start.
build place dedicate switch graph takes 3.09 sec
Place location constraint group with base node:key_in_ibuf[0]/opit_1 at IOL_327_257
Place location constraint group with base node:key_in_ibuf[1]/opit_1 at IOL_327_134
Place location constraint group with base node:key_in_ibuf[2]/opit_1 at IOL_327_297
Place location constraint group with base node:key_in_ibuf[3]/opit_1 at IOL_327_133
Place location constraint group with base node:key_in_ibuf[4]/opit_1 at IOL_327_298
Place location constraint group with base node:key_in_ibuf[5]/opit_1 at IOL_327_262
Place location constraint group with base node:key_in_ibuf[6]/opit_1 at IOL_327_261
Place location constraint group with base node:key_in_ibuf[7]/opit_1 at IOL_327_365
Place location constraint group with base node:led_out_obuf[0]/opit_1 at IOL_19_374
Place location constraint group with base node:led_out_obuf[1]/opit_1 at IOL_19_373
Place location constraint group with base node:led_out_obuf[2]/opit_1 at IOL_35_374
Place location constraint group with base node:led_out_obuf[3]/opit_1 at IOL_35_373
Place location constraint group with base node:led_out_obuf[4]/opit_1 at IOL_67_374
Place location constraint group with base node:led_out_obuf[5]/opit_1 at IOL_67_373
Place location constraint group with base node:led_out_obuf[6]/opit_1 at IOL_47_374
Place location constraint group with base node:led_out_obuf[7]/opit_1 at IOL_47_373
Place location constraint group with base node:rst_n_ibuf/opit_1 at IOL_167_5
Place location constraint group with base node:sys_clk_50mhz_ibuf/opit_1 at IOL_327_210
Place location constraint group with base node:uart_rx_ibuf/opit_1 at IOL_43_5
Place location constraint group with base node:uart_tx_obuf/opit_1 at IOL_43_6
Place location constraint node:BKCL_auto_0 at BKCL_188_376
Place location constraint node:BKCL_auto_1 at BKCL_328_184
Place location constraint node:BKCL_auto_2 at BKCL_192_0
DRCP Convert Loc Constraint successful.

Stage 2.1 pre clock plan start.
Mapping instance GRS_INST/grs to START_324_2.
I: Clock statistic: 4 USCM.
solve clock designs takes 0.50 sec with memory (MB): curr = 521.957031, peak = 522.742188.
Mapping instance clkbufg_0/gopclkbufg to USCM_84_108:impl_uscm_rtb_a-USCM.
Mapping instance clkbufg_1/gopclkbufg to USCM_84_109:impl_uscm_rtb_a-USCM.
Mapping instance clkbufg_2/gopclkbufg to USCM_84_110:impl_uscm_rtb_a-USCM.
Mapping instance clkbufg_3/gopclkbufg to USCM_84_111:impl_uscm_rtb_a-USCM.
Mapping instance u_pll_50mhz/u_pll_e3/goppll to PLL_158_55.
Stage: after pre clock plan | Time (s): real = 0h:0m:13s ; cpu = 0h:0m:10s ; process = 0h:0m:12s | Memory (MB): curr = 522.105469 ; peak = 522.742188

Place location constraint node:clkbufg_0/gopclkbufg at USCM_84_108
Place location constraint node:clkbufg_1/gopclkbufg at USCM_84_109
Place location constraint node:clkbufg_2/gopclkbufg at USCM_84_110
Place location constraint node:clkbufg_3/gopclkbufg at USCM_84_111
Place location constraint node:u_pll_50mhz/u_pll_e3/goppll at PLL_158_55
DRCP Convert Loc Constraint successful.
Stage: after EP_DL | Time (s): real = 0h:0m:13s ; cpu = 0h:0m:10s ; process = 0h:0m:12s | Memory (MB): curr = 522.183594 ; peak = 523.359375 | Checksum: 9A95BC3ED843CCFF


Stage 3 EP_FIP start.
DRCP Convert Loc Constraint successful.

Stage 3.1 fip global place start.
[GP] num_thread=0
I: Multithreading enabled for place using a maximum of 4 processes.
[GP] Placement Initial Method "Quad".
[GP] Placement Decongestion Mode "1".
[GP] Recovery Analysis in GP "Enable".
I: Loading Timing Delay Info...
I: Load Timing Delay Info successfully.
Init coarse delay table.
Read place coarse delay table takes 0.66 sec.
[GP] Init timing API takes 3.19 sec.
[GP] Init GP graph takes 3.30 sec.
Device graph total memory: 11.22661304 MB
[GP] Read position from netlist take 0 msec
[GP] Total node move: 45853.65, average node move: 93.58
First map gop timing takes 0.02 sec
[GP] SA handle 4 clusters.
[GP] SA init_cost = 31223.494613, final_cost = 31223.494613, final_cost/init_cost = 1.000000, occupied region_num = 2.
[GP] SA Optimize take time: 0.005000 sec.
[GP] Timing analysis take 0.011000 secs.
[GP] MarginTNSS=-39190, TNSS=-13366, WSS=-1310
[GP] Place thread size: 4
[GP] Node size: 9615, net size: 596
[GP] Design graph total memory: 33.18971062 MB
[GP] Timing analysis take 0.011000 secs.
[GP] MarginTNSS=-30827, TNSS=-5003, WSS=-534
[GP] Step 0 take 0.094 secs: WL=2128.63 OF=0.674677
[GP] Timing analysis take 0.011000 secs.
[GP] MarginTNSS=-37009, TNSS=-11009, WSS=-1081
[GP] Step 1 take 0.599 secs: WL=1352.85 OF=0.617724
[GP] Timing analysis take 0.011000 secs.
[GP] MarginTNSS=-36012, TNSS=-10012, WSS=-961
[GP] Step 2 take 0.579 secs: WL=1346.81 OF=0.563091
[GP] Timing analysis take 0.010000 secs.
[GP] MarginTNSS=-34887, TNSS=-8887, WSS=-873
[GP] Step 3 take 0.602 secs: WL=1379.62 OF=0.514387
[GP] Timing analysis take 0.010000 secs.
[GP] MarginTNSS=-34935, TNSS=-8935, WSS=-748
[GP] Step 4 take 0.612 secs: WL=1411.23 OF=0.466533
[GP] Timing analysis take 0.015000 secs.
[GP] MarginTNSS=-30677, TNSS=-4721, WSS=-435
[GP] Step 5 take 0.626 secs: WL=1419.26 OF=0.398388
[GP] Timing analysis take 0.010000 secs.
[GP] MarginTNSS=-27976, TNSS=-2328, WSS=-275
[GP] Step 6 take 0.608 secs: WL=1434.87 OF=0.344414
[GP] Timing analysis take 0.011000 secs.
[GP] MarginTNSS=-27976, TNSS=-2328, WSS=-275
[GP] Step 7 take 0.542 secs: WL=1473.13 OF=0.288234
[GP] Timing analysis take 0.011000 secs.
[GP] MarginTNSS=-27976, TNSS=-2328, WSS=-275
[GP] Step 8 take 0.592 secs: WL=1517.71 OF=0.238294
[GP] Timing analysis take 0.011000 secs.
[GP] MarginTNSS=-27976, TNSS=-2328, WSS=-275
[GP] Step 9 take 0.617 secs: WL=1560.04 OF=0.183839
[GP] Timing analysis take 0.011000 secs.
[GP] MarginTNSS=-27976, TNSS=-2328, WSS=-275
[GP] Timing analysis take 0.011000 secs.
[GP] MarginTNSS=-27976, TNSS=-2328, WSS=-275
[GP] Step 10 take 0.613 secs: WL=1846.17 OF=0.112285
[GP] Timing analysis take 0.011000 secs.
[GP] MarginTNSS=-27976, TNSS=-2328, WSS=-275
[GP] Step 11 take 0.302 secs: WL=1872.17 OF=0.074291
[GP] Timing analysis take 0.010000 secs.
[GP] MarginTNSS=-27976, TNSS=-2328, WSS=-275
[GP] Timing analysis take 0.010000 secs.
[GP] MarginTNSS=-27976, TNSS=-2328, WSS=-275
[GP] Final best WL=1869.999127 OF=0.075946, totally takes 6.681000 secs, run timing analysis 16 times totally takes 0.175000 secs.
[GP] Total node move: 66382.34, average node move: 135.47
[GP] Placer use memory: 15.12291145 MB
Stage: after fip global place | Performance: WL = 1579 ; TNS = -2328 ; WNS = -275 | Time (s): real = 0h:0m:23s ; cpu = 0h:0m:19s ; process = 0h:0m:37s | Memory (MB): curr = 659.128906 ; peak = 685.585938 | Checksum: 6F6C4CEB5E7F53D0

Flat initial placement flow takes 8.844.
Stage: after EP_FIP | Performance: WL = 1579 ; TNS = -2328 ; WNS = -275 | Time (s): real = 0h:0m:23s ; cpu = 0h:0m:19s ; process = 0h:0m:37s | Memory (MB): curr = 666.128906 ; peak = 685.585938 | Checksum: 6F6C4CEB5E7F53D0


Stage 4 EP_CAGP start.

Stage 4.1 cagp site packing start.
Stage: after pack legalize group | Performance: avg_mov = 0.000000 ; max_mov = 0 ; mov_var = 0.000000
Stage: after cagp site packing | Performance: WL = 3302 | Time (s): real = 0h:0m:24s ; cpu = 0h:0m:19s ; process = 0h:0m:37s | Memory (MB): curr = 689.570312 ; peak = 694.246094 | Checksum: 809F5A54ED10878D


Stage 4.2 cagp macro placement start.
Stage: after cagp macro placement | Performance: WL = 3302 | Time (s): real = 0h:0m:24s ; cpu = 0h:0m:19s ; process = 0h:0m:37s | Memory (MB): curr = 689.976562 ; peak = 694.246094 | Checksum: 809F5A54ED10878D


Stage 4.3 post clock plan start.
pre solve all clock design takes 0.02 sec with memory (MB): curr = 690.781250, peak = 694.246094.
CRA timing analysis with worst slack -859 takes 0.00 sec.
CRA cost 172 takes 0.00 sec.
solve all clock design takes 0.08 sec with memory (MB): curr = 692.136719, peak = 694.246094.
expand load region takes 0.00 sec.
Stage: after post clock plan | Time (s): real = 0h:0m:24s ; cpu = 0h:0m:19s ; process = 0h:0m:38s | Memory (MB): curr = 692.277344 ; peak = 694.246094

Movement during CRA, max : (0, 0) , total : (0, 0) , count : 0 , avg : (0, 0) .
Stage: after EP_CAGP | Performance: WL = 3302 ; TNS = -11004 ; WNS = -859 | Time (s): real = 0h:0m:24s ; cpu = 0h:0m:19s ; process = 0h:0m:38s | Memory (MB): curr = 692.285156 ; peak = 694.246094 | Checksum: F1A93EB54EC2F0B0


Stage 5 EP_DRCP start.

Stage 5.1 DRC Placement start.
DRC final successful.
Stage: after DRC Placement | Time (s): real = 0h:0m:24s ; cpu = 0h:0m:19s ; process = 0h:0m:38s | Memory (MB): curr = 692.296875 ; peak = 694.246094


Stage 5.2 IO Placement start.
The average distance in IO place is 0.000000.
Stage: after IO Placement | Time (s): real = 0h:0m:24s ; cpu = 0h:0m:19s ; process = 0h:0m:38s | Memory (MB): curr = 692.453125 ; peak = 694.246094

Stage: special units | Performance: avg_mov = 100.000000 ; max_mov = 100 ; mov_var = 0.000000
Stage: after EP_DRCP | Performance: WL = 3864 ; TNS = -11004 ; WNS = -859 | Time (s): real = 0h:0m:24s ; cpu = 0h:0m:19s ; process = 0h:0m:38s | Memory (MB): curr = 692.703125 ; peak = 694.257812 | Checksum: E6A9205B0E67B43F


Stage 6 EP_MP start.

Stage 6.1 macro place start.
The average distance of DRM is 0.000000, The max distance of DRM is 0.000000
Stage: after macro place | Performance: WL = 3864 | Time (s): real = 0h:0m:24s ; cpu = 0h:0m:19s ; process = 0h:0m:38s | Memory (MB): curr = 693.011719 ; peak = 694.546875 | Checksum: 9B38C7260A131363


Stage 6.2 mp post global place start.
[GP] num_thread=0
I: Multithreading enabled for place using a maximum of 4 processes.
[GP] Init timing API takes 0.00 sec.
[GP] Init GP graph takes 0.02 sec.
Device graph total memory: 11.23299122 MB
[GP] Read position from netlist take 0 msec
[GP] Timing analysis take 0.052000 secs.
[GP] MarginTNSS=-37004, TNSS=-11004, WSS=-859
[GP] Place thread size: 4
[GP] Node size: 9217, net size: 542
[GP] Design graph total memory: 29.02486992 MB
[GP] Timing analysis take 0.011000 secs.
[GP] MarginTNSS=-31480, TNSS=-5546, WSS=-525
[GP] Step 0 take 0.053 secs: WL=3455.56 OF=0.210386
[GP] Timing analysis take 0.010000 secs.
[GP] MarginTNSS=-32348, TNSS=-6348, WSS=-456
[GP] Step 1 take 0.300 secs: WL=2607.52 OF=0.249840
[GP] Timing analysis take 0.012000 secs.
[GP] MarginTNSS=-32155, TNSS=-6155, WSS=-511
[GP] Step 2 take 0.309 secs: WL=2646.64 OF=0.194069
[GP] Timing analysis take 0.011000 secs.
[GP] MarginTNSS=-31728, TNSS=-5728, WSS=-511
[GP] Step 3 take 0.327 secs: WL=2688.88 OF=0.146342
[GP] Timing analysis take 0.011000 secs.
[GP] MarginTNSS=-31620, TNSS=-5620, WSS=-511
[GP] Step 4 take 0.328 secs: WL=2745.57 OF=0.098355
[GP] Timing analysis take 0.011000 secs.
[GP] MarginTNSS=-31544, TNSS=-5544, WSS=-435
[GP] Step 5 take 0.306 secs: WL=2795.91 OF=0.067276
[GP] Timing analysis take 0.011000 secs.
[GP] MarginTNSS=-31696, TNSS=-5696, WSS=-511
[GP] Final best WL=2810.180820 OF=0.059829, totally takes 1.774000 secs, run timing analysis 8 times totally takes 0.129000 secs.
[GP] Total node move: 864.58, average node move: 4.08
[GP] Placer use memory: 5.94467545 MB
Stage: after mp post global place | Performance: WL = 2390 ; TNS = -5696 ; WNS = -511 | Time (s): real = 0h:0m:26s ; cpu = 0h:0m:21s ; process = 0h:0m:42s | Memory (MB): curr = 689.640625 ; peak = 694.546875 | Checksum: 7D700D1306A90B1A

MP flow takes 1.531.
Stage: after EP_MP | Performance: WL = 2390 ; TNS = -5696 ; WNS = -511 | Time (s): real = 0h:0m:26s ; cpu = 0h:0m:21s ; process = 0h:0m:42s | Memory (MB): curr = 689.640625 ; peak = 694.546875 | Checksum: 7D700D1306A90B1A


Stage 7 EP_LP start.
Stage: after legalization | Performance: avg_mov = 0.083333 ; max_mov = 1 ; mov_var = 0.076389
Legalize placement flow takes 0.031.
Stage: after EP_LP | Performance: WL = 2426 ; TNS = -7509 ; WNS = -705 | Time (s): real = 0h:0m:26s ; cpu = 0h:0m:21s ; process = 0h:0m:42s | Memory (MB): curr = 693.093750 ; peak = 694.546875 | Checksum: 9CAE6EDC53FBE67C


Stage 8 EP_DP start.
Stage: before DP | Performance: WL = 2426 ; TNS = -7509 ; WNS = -705
    Cost at Swap iteration  0:  WNS =   -705,  TNS =  -7218,  MarginTNS = -33183,  takes    0.03 sec.
    Cost at DP   iteration  0:  WNS =   -409,  TNS =  -4508,  MarginTNS = -30473,  takes    0.06 sec.
    Cost at Swap iteration  1:  WNS =   -409,  TNS =  -4396,  MarginTNS = -30328,  takes    0.06 sec.
    Cost at Swap iteration  2:  WNS =   -409,  TNS =  -4386,  MarginTNS = -30318,  takes    0.05 sec.
    Cost at DP   iteration  2:  WNS =   -393,  TNS =  -4634,  MarginTNS = -30599,  takes    0.05 sec.
    Cost at Swap iteration  3:  WNS =   -393,  TNS =  -4634,  MarginTNS = -30599,  takes    0.06 sec.
    Cost at Swap iteration  4:  WNS =   -393,  TNS =  -4634,  MarginTNS = -30599,  takes    0.02 sec.
    Cost at DP   iteration  4:  WNS =   -393,  TNS =  -4073,  MarginTNS = -30038,  takes    0.08 sec.
    Cost at Swap iteration  5:  WNS =   -393,  TNS =  -4073,  MarginTNS = -30038,  takes    0.03 sec.
Stage: after DP | Performance: WL = 2474 ; TNS = -4073 ; WNS = -393
EP_DP takes 0 sec.
Stage: after EP_DP | Performance: WL = 2474 ; TNS = -4073 ; WNS = -393 | Time (s): real = 0h:0m:27s ; cpu = 0h:0m:21s ; process = 0h:0m:43s | Memory (MB): curr = 695.125000 ; peak = 696.375000 | Checksum: 26F912C5B7B9FB0A


Stage 9 EP_FP start.
AutoDRC Flow for Design Check After Place Start.
AutoDRC Flow for Design Check After Place End.
Stage: after EP_FP | Performance: WL = 2474 ; TNS = -2670 ; WNS = -276 | Time (s): real = 0h:0m:27s ; cpu = 0h:0m:21s ; process = 0h:0m:43s | Memory (MB): curr = 698.781250 ; peak = 700.035156 | Checksum: 56C5EF3124A674F1


Congestion analysis started.
I: Start printing congestion info.
I: Finish printing congestion info.
Congestion analysis takes 0.22 sec.


Device Utilization Summary :
+----------------------------------------------------------------------------+
| Device Type                      | Used     | Available     | Util(%)     
+----------------------------------------------------------------------------+
| CLMA                             | 103      | 6450          | 2           
| + FF                             | 227      | 38700         | 1           
| + LUT                            | 243      | 25800         | 1           
|   + LUT as Logic                 | 243      |               |             
|   + LUT as Const                 | 0        |               |             
|   + LUT as Bypass                | 0        |               |             
| CLMS                             | 71       | 4250          | 2           
| + FF                             | 174      | 25500         | 1           
| + LUT                            | 179      | 17000         | 2           
|   + LUT as Logic                 | 179      |               |             
|   + LUT as Memory                | 0        |               |             
|     + LUT as Distributed RAM     | 0        |               |             
|   + LUT as Const                 | 0        |               |             
|   + LUT as Bypass                | 0        |               |             
| IO                               | 20       | 296           | 7           
| + IOBD                           | 5        | 64            | 8           
| + IOBR_LR                        | 0        | 7             | 0           
| + IOBR_TB                        | 1        | 8             | 13          
| + IOBS_LR                        | 9        | 161           | 6           
| + IOBS_TB                        | 5        | 56            | 9           
| APM                              | 0        | 84            | 0           
| BKCL                             | 3        | 4             | 75          
| CRYSTAL                          | 0        | 2             | 0           
| DLL                              | 0        | 10            | 0           
| DQSL                             | 0        | 18            | 0           
| DRM                              | 3        | 134           | 3           
| FUSECODE                         | 0        | 1             | 0           
| HARD0N1                          | 0        | 6672          | 0           
| HSST                             | 0        | 1             | 0           
| IOCKDIV                          | 0        | 20            | 0           
| IOCKDLY                          | 0        | 40            | 0           
| IOCKGATE                         | 0        | 20            | 0           
| + IOCKGATE as Bypass             | 0        |               |             
| IOL                              | 20       | 400           | 5           
| IPAL                             | 0        | 1             | 0           
| LDO                              | 0        | 4             | 0           
| OSC                              | 0        | 1             | 0           
| PCIE                             | 0        | 1             | 0           
| PLL                              | 1        | 5             | 20          
| RCKB                             | 0        | 24            | 0           
| + RCKB as Bypass                 | 0        |               |             
| RESCAL                           | 0        | 4             | 0           
| SCANCHAIN                        | 1        | 2             | 50          
| START                            | 1        | 1             | 100         
| UDID                             | 0        | 1             | 0           
| USCM                             | 4        | 30            | 14          
| + USCM as Bypass                 | 0        |               |             
+----------------------------------------------------------------------------+

Total placement takes 16.83 sec.
Finished placement.
Design 'uart_rx_top' has been placed successfully.
Action place: Real time elapsed is 0h:0m:28s
Action place: CPU time elapsed is 0h:0m:22s
Action place: Process CPU time elapsed is 0h:0m:43s
Action place: Peak memory pool usage is 774 MB

Current time: Sat Sep 19 16:04:17 2026
