#Build: Fabric Compiler 2025.2, Build 211867, Jan 16 16:10 2026
#Install: E:\work\pango\PDS_2025.2-ads\bin
#Application name: pds.exe
#OS: Windows 11 10.0.26200
#CPU: Unknown
#RAM(GB): 32
#Hostname: dionirpyC
#Generated by Fabric Compiler (version 2025.2 build 211867) at Fri Sep 25 17:47:04 2026
Parse module hierarchy of project 'E:/code/PangoWork/Works/cboard_imu/temp_projects/Main_Flow/Main_Flow.pds' (ADS Parser)
C: Flow-2001: Design file missing: 'E:/code/PangoWork/Works/cboard_imu/Designs/uart_loop_test_top.v'.
Open IP Compiler ...
IP Compiler initialization started successfully.
C: Flow-2008: IP file modified: 'E:/code/PangoWork/Works/cboard_imu/ipcore/cboard_imu_rx_fifo/cboard_imu_rx_fifo.idf'. 
Parse module hierarchy of project 'E:/code/PangoWork/Works/cboard_imu/temp_projects/Main_Flow/Main_Flow.pds' (ADS Parser)
C: Flow-2008: IP file modified: 'E:/code/PangoWork/Works/cboard_imu/ipcore/cboard_imu_rx_fifo/cboard_imu_rx_fifo.idf'. 
Parse module hierarchy of project 'E:/code/PangoWork/Works/cboard_imu/temp_projects/Main_Flow/Main_Flow.pds' (ADS Parser)
Parse module hierarchy of project 'E:/code/PangoWork/Works/cboard_imu/temp_projects/Main_Flow/Main_Flow.pds' (ADS Parser)
C: Flow-2001: Design file missing: 'E:/code/PangoWork/Works/cboard_imu/Designs/uart_loop_test_top.v'.
C: Flow-2008: IP file modified: 'E:/code/PangoWork/Works/cboard_imu/ipcore/cp2102_tx_fifo/cp2102_tx_fifo.idf'. 
Parse module hierarchy of project 'E:/code/PangoWork/Works/cboard_imu/temp_projects/Main_Flow/Main_Flow.pds' (ADS Parser)
C: Flow-2008: IP file modified: 'E:/code/PangoWork/Works/cboard_imu/ipcore/cp2102_tx_fifo/cp2102_tx_fifo.idf'. 
Parse module hierarchy of project 'E:/code/PangoWork/Works/cboard_imu/temp_projects/Main_Flow/Main_Flow.pds' (ADS Parser)
C: Flow-2001: Design file missing: 'E:/code/PangoWork/Works/cboard_imu/Designs/uart_loop_test_top.v'.
File "E:/code/PangoWork/Works/cboard_imu/Designs/hardware/cboard_imu/cboard_imu.v" has been added to project successfully. 
File "E:/code/PangoWork/Works/cboard_imu/Designs/hardware/cp2102/cp2102.v" has been added to project successfully. 
Parse module hierarchy of project 'E:/code/PangoWork/Works/cboard_imu/temp_projects/Main_Flow/Main_Flow.pds' (ADS Parser)
C: Flow-2001: Design file missing: 'E:/code/PangoWork/Works/cboard_imu/Designs/uart_loop_test_top.v'.
File "E:/code/PangoWork/Works/cboard_imu/Designs/cboard_imu_debug_top.v" has been added to project successfully. 
Parse module hierarchy of project 'E:/code/PangoWork/Works/cboard_imu/temp_projects/Main_Flow/Main_Flow.pds' (ADS Parser)
C: Flow-2001: Design file missing: 'E:/code/PangoWork/Works/cboard_imu/Designs/uart_loop_test_top.v'.
File "E:/code/PangoWork/Works/cboard_imu/Designs/uart_loop_test_top.v" has been removed from project successfully. 
Parse module hierarchy of project 'E:/code/PangoWork/Works/cboard_imu/temp_projects/Main_Flow/Main_Flow.pds' (ADS Parser)
Parse module hierarchy of project 'E:/code/PangoWork/Works/cboard_imu/temp_projects/Main_Flow/Main_Flow.pds' (ADS Parser)
Parse module hierarchy of project 'E:/code/PangoWork/Works/cboard_imu/temp_projects/Main_Flow/Main_Flow.pds' (ADS Parser)
I: Flow-6004: Design file modified: 'E:/code/PangoWork/Works/cboard_imu/Designs/hardware/cboard_imu/cboard_imu.v'. 
Parse module hierarchy of project 'E:/code/PangoWork/Works/cboard_imu/temp_projects/Main_Flow/Main_Flow.pds' (ADS Parser)
I: Flow-6004: Design file modified: 'E:/code/PangoWork/Works/cboard_imu/Designs/hardware/cp2102/cp2102.v'. 
Parse module hierarchy of project 'E:/code/PangoWork/Works/cboard_imu/temp_projects/Main_Flow/Main_Flow.pds' (ADS Parser)
I: Flow-6004: Design file modified: 'E:/code/PangoWork/Works/cboard_imu/Designs/hardware/cp2102/cp2102.v'. 
Parse module hierarchy of project 'E:/code/PangoWork/Works/cboard_imu/temp_projects/Main_Flow/Main_Flow.pds' (ADS Parser)
I: Flow-6004: Design file modified: 'E:/code/PangoWork/Works/cboard_imu/Designs/hardware/cboard_imu/cboard_imu.v'. 
Parse module hierarchy of project 'E:/code/PangoWork/Works/cboard_imu/temp_projects/Main_Flow/Main_Flow.pds' (ADS Parser)
I: Flow-6004: Design file modified: 'E:/code/PangoWork/Works/cboard_imu/Designs/cboard_imu_debug_top.v'. 
File "E:/code/PangoWork/Works/cboard_imu/Constraints/io/cp2102.fdc" has been added to project successfully. 
Parse module hierarchy of project 'E:/code/PangoWork/Works/cboard_imu/temp_projects/Main_Flow/Main_Flow.pds' (ADS Parser)
C: Flow-2001: Design file missing: 'E:/code/PangoWork/Works/cboard_imu/Designs/hardware/cboard_imu/cboard_imu.v'.
Parse module hierarchy of project 'E:/code/PangoWork/Works/cboard_imu/temp_projects/Main_Flow/Main_Flow.pds' (ADS Parser)
C: Flow-2001: Design file missing: 'E:/code/PangoWork/Works/cboard_imu/Designs/hardware/cp2102/cp2102.v'.
Parse module hierarchy of project 'E:/code/PangoWork/Works/cboard_imu/temp_projects/Main_Flow/Main_Flow.pds' (ADS Parser)
C: Flow-2001: Design file missing: 'E:/code/PangoWork/Works/cboard_imu/Designs/cboard_imu_debug_top.v'.
Parse module hierarchy of project 'E:/code/PangoWork/Works/cboard_imu/temp_projects/Main_Flow/Main_Flow.pds' (ADS Parser)
I: Flow-6004: Design file modified: 'E:/code/PangoWork/Works/cboard_imu/Designs/drivers/uart/uart_tx.v'. 
C: Flow-2001: Design file missing: 'E:/code/PangoWork/Works/cboard_imu/Designs/hardware/cboard_imu/cboard_imu.v'.
C: Flow-2001: Design file missing: 'E:/code/PangoWork/Works/cboard_imu/Designs/hardware/cp2102/cp2102.v'.
C: Flow-2001: Design file missing: 'E:/code/PangoWork/Works/cboard_imu/Designs/cboard_imu_debug_top.v'.
Parse module hierarchy of project 'E:/code/PangoWork/Works/cboard_imu/temp_projects/Main_Flow/Main_Flow.pds' (ADS Parser)
I: Flow-6004: Design file modified: 'E:/code/PangoWork/Works/cboard_imu/Designs/hardware/cboard_imu/cboard_imu.v'. 
Parse module hierarchy of project 'E:/code/PangoWork/Works/cboard_imu/temp_projects/Main_Flow/Main_Flow.pds' (ADS Parser)
I: Flow-6004: Design file modified: 'E:/code/PangoWork/Works/cboard_imu/Designs/hardware/cp2102/cp2102.v'. 
Parse module hierarchy of project 'E:/code/PangoWork/Works/cboard_imu/temp_projects/Main_Flow/Main_Flow.pds' (ADS Parser)
I: Flow-6004: Design file modified: 'E:/code/PangoWork/Works/cboard_imu/Designs/cboard_imu_debug_top.v'. 
Parse module hierarchy of project 'E:/code/PangoWork/Works/cboard_imu/temp_projects/Main_Flow/Main_Flow.pds' (ADS Parser)
I: Flow-6004: Design file modified: 'E:/code/PangoWork/Works/cboard_imu/Designs/hardware/cp2102/cp2102.v'. 
Parse module hierarchy of project 'E:/code/PangoWork/Works/cboard_imu/temp_projects/Main_Flow/Main_Flow.pds' (ADS Parser)
I: Flow-6004: Design file modified: 'E:/code/PangoWork/Works/cboard_imu/Designs/hardware/cboard_imu/cboard_imu.v'. 
Parse module hierarchy of project 'E:/code/PangoWork/Works/cboard_imu/temp_projects/Main_Flow/Main_Flow.pds' (ADS Parser)
I: Flow-6004: Design file modified: 'E:/code/PangoWork/Works/cboard_imu/Designs/hardware/cp2102/cp2102.v'. 
Parse module hierarchy of project 'E:/code/PangoWork/Works/cboard_imu/temp_projects/Main_Flow/Main_Flow.pds' (ADS Parser)
I: Flow-6004: Design file modified: 'E:/code/PangoWork/Works/cboard_imu/Designs/cboard_imu_debug_top.v'. 
Parse module hierarchy of project 'E:/code/PangoWork/Works/cboard_imu/temp_projects/Main_Flow/Main_Flow.pds' (ADS Parser)
I: Flow-6004: Design file modified: 'E:/code/PangoWork/Works/cboard_imu/Designs/hardware/cp2102/cp2102.v'. 
Parse module hierarchy of project 'E:/code/PangoWork/Works/cboard_imu/temp_projects/Main_Flow/Main_Flow.pds' (ADS Parser)
I: Flow-6004: Design file modified: 'E:/code/PangoWork/Works/cboard_imu/Designs/hardware/cp2102/cp2102.v'. 
Parse module hierarchy of project 'E:/code/PangoWork/Works/cboard_imu/temp_projects/Main_Flow/Main_Flow.pds' (ADS Parser)
I: Flow-6004: Design file modified: 'E:/code/PangoWork/Works/cboard_imu/Designs/hardware/cp2102/cp2102.v'. 
Parse module hierarchy of project 'E:/code/PangoWork/Works/cboard_imu/temp_projects/Main_Flow/Main_Flow.pds' (ADS Parser)
I: Flow-6004: Design file modified: 'E:/code/PangoWork/Works/cboard_imu/Designs/hardware/cp2102/cp2102.v'. 
Parse module hierarchy of project 'E:/code/PangoWork/Works/cboard_imu/temp_projects/Main_Flow/Main_Flow.pds' (ADS Parser)
I: Flow-6004: Design file modified: 'E:/code/PangoWork/Works/cboard_imu/Designs/hardware/cp2102/cp2102.v'. 
Parse module hierarchy of project 'E:/code/PangoWork/Works/cboard_imu/temp_projects/Main_Flow/Main_Flow.pds' (ADS Parser)
I: Flow-6004: Design file modified: 'E:/code/PangoWork/Works/cboard_imu/Designs/hardware/cp2102/cp2102.v'. 
Parse module hierarchy of project 'E:/code/PangoWork/Works/cboard_imu/temp_projects/Main_Flow/Main_Flow.pds' (ADS Parser)
I: Flow-6004: Design file modified: 'E:/code/PangoWork/Works/cboard_imu/Designs/hardware/cp2102/cp2102.v'. 
Parse module hierarchy of project 'E:/code/PangoWork/Works/cboard_imu/temp_projects/Main_Flow/Main_Flow.pds' (ADS Parser)
I: Flow-6004: Design file modified: 'E:/code/PangoWork/Works/cboard_imu/Designs/hardware/cp2102/cp2102.v'. 
Parse module hierarchy of project 'E:/code/PangoWork/Works/cboard_imu/temp_projects/Main_Flow/Main_Flow.pds' (ADS Parser)
I: Flow-6004: Design file modified: 'E:/code/PangoWork/Works/cboard_imu/Designs/hardware/cp2102/cp2102.v'. 
Parse module hierarchy of project 'E:/code/PangoWork/Works/cboard_imu/temp_projects/Main_Flow/Main_Flow.pds' (ADS Parser)
I: Flow-6004: Design file modified: 'E:/code/PangoWork/Works/cboard_imu/Designs/hardware/cp2102/cp2102.v'. 
Parse module hierarchy of project 'E:/code/PangoWork/Works/cboard_imu/temp_projects/Main_Flow/Main_Flow.pds' (ADS Parser)
I: Flow-6004: Design file modified: 'E:/code/PangoWork/Works/cboard_imu/Designs/hardware/cp2102/cp2102.v'. 
Parse module hierarchy of project 'E:/code/PangoWork/Works/cboard_imu/temp_projects/Main_Flow/Main_Flow.pds' (ADS Parser)
I: Flow-6004: Design file modified: 'E:/code/PangoWork/Works/cboard_imu/Designs/hardware/cp2102/cp2102.v'. 
Parse module hierarchy of project 'E:/code/PangoWork/Works/cboard_imu/temp_projects/Main_Flow/Main_Flow.pds' (ADS Parser)
I: Flow-6004: Design file modified: 'E:/code/PangoWork/Works/cboard_imu/Designs/hardware/cp2102/cp2102.v'. 
Parse module hierarchy of project 'E:/code/PangoWork/Works/cboard_imu/temp_projects/Main_Flow/Main_Flow.pds' (ADS Parser)
I: Flow-6004: Design file modified: 'E:/code/PangoWork/Works/cboard_imu/Designs/hardware/cp2102/cp2102.v'. 
Parse module hierarchy of project 'E:/code/PangoWork/Works/cboard_imu/temp_projects/Main_Flow/Main_Flow.pds' (ADS Parser)
I: Flow-6004: Design file modified: 'E:/code/PangoWork/Works/cboard_imu/Designs/hardware/cp2102/cp2102.v'. 
Parse module hierarchy of project 'E:/code/PangoWork/Works/cboard_imu/temp_projects/Main_Flow/Main_Flow.pds' (ADS Parser)
I: Flow-6004: Design file modified: 'E:/code/PangoWork/Works/cboard_imu/Designs/hardware/cp2102/cp2102.v'. 
