#Build: Fabric Compiler 2025.2, Build 211867, Jan 16 16:10 2026
#Install: E:\work\pango\PDS_2025.2-ads\bin
#Application name: pds.exe
#OS: Windows 11 10.0.26200
#CPU: Unknown
#RAM(GB): 32
#Hostname: dionirpyC
#Generated by Fabric Compiler (version 2025.2 build 211867) at Tue Sep 29 19:59:40 2026
Parse module hierarchy of project 'E:/code/PangoWork/Works/flash/temp_projects/Main_Flow/Main_Flow.pds' (TEXT Parser)
Open IP Compiler ...
IP Compiler initialization started successfully.
C: Flow-2008: IP file modified: 'E:/code/PangoWork/Works/flash/ipcore/pll_50mhz/pll_50mhz.idf'. 
Parse module hierarchy of project 'E:/code/PangoWork/Works/flash/temp_projects/Main_Flow/Main_Flow.pds' (ADS Parser)
Parse module hierarchy of project 'E:/code/PangoWork/Works/flash/temp_projects/Main_Flow/Main_Flow.pds' (ADS Parser)
C: Flow-2008: IP file modified: 'E:/code/PangoWork/Works/flash/ipcore/flash_rx_fifo/flash_rx_fifo.idf'. 
Parse module hierarchy of project 'E:/code/PangoWork/Works/flash/temp_projects/Main_Flow/Main_Flow.pds' (ADS Parser)
C: Flow-2008: IP file modified: 'E:/code/PangoWork/Works/flash/ipcore/flash_rx_fifo/flash_rx_fifo.idf'. 
Parse module hierarchy of project 'E:/code/PangoWork/Works/flash/temp_projects/Main_Flow/Main_Flow.pds' (ADS Parser)
C: Flow-2008: IP file modified: 'E:/code/PangoWork/Works/flash/ipcore/cp2102_tx_fifo/cp2102_tx_fifo.idf'. 
Parse module hierarchy of project 'E:/code/PangoWork/Works/flash/temp_projects/Main_Flow/Main_Flow.pds' (ADS Parser)
C: Flow-2008: IP file modified: 'E:/code/PangoWork/Works/flash/ipcore/cp2102_tx_fifo/cp2102_tx_fifo.idf'. 
Parse module hierarchy of project 'E:/code/PangoWork/Works/flash/temp_projects/Main_Flow/Main_Flow.pds' (ADS Parser)
