#Build: Fabric Compiler 2025.2, Build 211867, Jan 16 16:10 2026
#Install: E:\work\pango\PDS_2025.2-ads\bin
#Application name: pds_shell.exe
#OS: Windows 11 10.0.26200
#CPU: Unknown
#RAM(GB): 32
#Hostname: dionirpyC
#Generated by Fabric Compiler (version 2025.2 build 211867) at Wed Sep 23 18:40:33 2026
Executing : open_project E:/code/PangoWork/Works/i2c/i2c.pds successfully.
Executing : set_option max_threads 0
Executing : set_option max_threads 0 successfully.
Executing : set_arch -family Logos -device PGL50H -speedgrade -6 -package FBG484
Executing : set_arch -family Logos -device PGL50H -speedgrade -6 -package FBG484 successfully.
Executing : get_filesets design_1
Executing : get_filesets design_1 successfully.
Executing : set_option -options {top_module i2c_eeprom_top top_library work} [get_filesets design_1]
Executing : set_option -options {top_module i2c_eeprom_top top_library work} [get_filesets design_1] successfully.
Executing : get_tasks syn_1
Executing : get_tasks syn_1 successfully.
Executing : launch_tasks [get_tasks syn_1] -to_action compile
E: CommandPub-0013: 'compile' of 'syn_1' has already been run, it needs to be reset before launching.
W: Failed to execute the script : 
