#Build: Fabric Compiler 2025.2, Build 211867, Jan 16 16:10 2026
#Install: E:\work\pango\PDS_2025.2-ads\bin
#Application name: pds_shell.exe
#OS: Windows 11 10.0.26200
#CPU: Unknown
#RAM(GB): 32
#Hostname: dionirpyC
#Generated by Fabric Compiler (version 2025.2 build 211867) at Fri Sep 25 20:08:03 2026
Executing : open_project E:/code/PangoWork/Works/cboard_imu/impl.pds successfully.
Executing : create_project E:/code/PangoWork/Works/cboard_imu/impl.pds -project_type rtl -force -in_process successfully.


Executing : add_design E:/code/PangoWork/Works/cboard_imu/Designs/drivers/uart/uart_rx.v
Executing : add_design E:/code/PangoWork/Works/cboard_imu/Designs/drivers/uart/uart_rx.v successfully.


Executing : add_design E:/code/PangoWork/Works/cboard_imu/Designs/drivers/uart/uart_tx.v
Executing : add_design E:/code/PangoWork/Works/cboard_imu/Designs/drivers/uart/uart_tx.v successfully.


Executing : add_design E:/code/PangoWork/Works/cboard_imu/Designs/hardware/led/led.v
Executing : add_design E:/code/PangoWork/Works/cboard_imu/Designs/hardware/led/led.v successfully.


Executing : add_design E:/code/PangoWork/Works/cboard_imu/ipcore/pll_50mhz/pll_50mhz.idf
W: Flow-4058: The device information PGL50H-6FBG484 of IP 'E:/code/PangoWork/Works/cboard_imu/ipcore/pll_50mhz/pll_50mhz.idf' is not the same as the current project.
Executing : add_design E:/code/PangoWork/Works/cboard_imu/ipcore/pll_50mhz/pll_50mhz.idf successfully.


Executing : add_design E:/code/PangoWork/Works/cboard_imu/ipcore/cboard_imu_rx_fifo/cboard_imu_rx_fifo.idf
W: Flow-4058: The device information PGL50H-6FBG484 of IP 'E:/code/PangoWork/Works/cboard_imu/ipcore/cboard_imu_rx_fifo/cboard_imu_rx_fifo.idf' is not the same as the current project.
Executing : add_design E:/code/PangoWork/Works/cboard_imu/ipcore/cboard_imu_rx_fifo/cboard_imu_rx_fifo.idf successfully.


Executing : add_design E:/code/PangoWork/Works/cboard_imu/ipcore/cp2102_tx_fifo/cp2102_tx_fifo.idf
W: Flow-4058: The device information PGL50H-6FBG484 of IP 'E:/code/PangoWork/Works/cboard_imu/ipcore/cp2102_tx_fifo/cp2102_tx_fifo.idf' is not the same as the current project.
Executing : add_design E:/code/PangoWork/Works/cboard_imu/ipcore/cp2102_tx_fifo/cp2102_tx_fifo.idf successfully.


Executing : add_design E:/code/PangoWork/Works/cboard_imu/Designs/hardware/cboard_imu/cboard_imu.v
Executing : add_design E:/code/PangoWork/Works/cboard_imu/Designs/hardware/cboard_imu/cboard_imu.v successfully.


Executing : add_design E:/code/PangoWork/Works/cboard_imu/Designs/hardware/cp2102/cp2102.v
Executing : add_design E:/code/PangoWork/Works/cboard_imu/Designs/hardware/cp2102/cp2102.v successfully.


Executing : add_design E:/code/PangoWork/Works/cboard_imu/Designs/cboard_imu_debug_top.v
Executing : add_design E:/code/PangoWork/Works/cboard_imu/Designs/cboard_imu_debug_top.v successfully.


Executing : remove_design -verilog E:/code/PangoWork/Works/cboard_imu/Designs/uart_loop_test_top.v
W: UiCommand-4180: File E:/code/PangoWork/Works/cboard_imu/Designs/uart_loop_test_top.v does not exist in design item.


Executing : add_constraint E:/code/PangoWork/Works/cboard_imu/Constraints/io/clk.fdc
Executing : add_constraint E:/code/PangoWork/Works/cboard_imu/Constraints/io/clk.fdc successfully.


Executing : add_constraint E:/code/PangoWork/Works/cboard_imu/Constraints/io/led.fdc
Executing : add_constraint E:/code/PangoWork/Works/cboard_imu/Constraints/io/led.fdc successfully.


Executing : add_constraint E:/code/PangoWork/Works/cboard_imu/Constraints/io/cboard_imu.fdc
Executing : add_constraint E:/code/PangoWork/Works/cboard_imu/Constraints/io/cboard_imu.fdc successfully.


Executing : add_constraint E:/code/PangoWork/Works/cboard_imu/Constraints/io/cp2102.fdc
Executing : add_constraint E:/code/PangoWork/Works/cboard_imu/Constraints/io/cp2102.fdc successfully.


Executing : add_constraint E:/code/PangoWork/Works/cboard_imu/Constraints/clock/clocks.fdc
Executing : add_constraint E:/code/PangoWork/Works/cboard_imu/Constraints/clock/clocks.fdc successfully.
Executing : set_option max_threads 0
Executing : set_option max_threads 0 successfully.
Executing : set_arch -family Logos -device PGL50H -speedgrade -6 -package FBG484
Executing : set_arch -family Logos -device PGL50H -speedgrade -6 -package FBG484 successfully.
Executing : get_filesets design_1
Executing : get_filesets design_1 successfully.
Executing : set_option -options { top_module {cboard_imu_debug_top} top_library {work}} [get_filesets design_1]
Executing : set_option -options { top_module {cboard_imu_debug_top} top_library {work}} [get_filesets design_1] successfully.
Executing : get_tasks syn_1
Executing : get_tasks syn_1 successfully.
Executing : launch_tasks [get_tasks syn_1] -to_action compile
 
Command: set_option -options { top_module {cboard_imu_debug_top}} [get_filesets design_1]
launch_tasks [get_tasks {syn_1}] -to_action compile
wait_on_tasks [get_tasks {syn_1}] -to_action compile
Process "Compile" started.
Current time: Fri Sep 25 20:08:03 2026
Executing : launch_tasks [get_tasks syn_1] -to_action compile successfully.
Executing : get_tasks syn_1
Executing : get_tasks syn_1 successfully.
Executing : wait_on_tasks [get_tasks syn_1] -to_action compile
Compiling architecture definition.
Analyzing project file 'E:/code/PangoWork/Works/cboard_imu/prj_tasks/syn_1/compile/compile.ptemp'.
#Generated by Fabric Compiler (version 2025.2 build 211867) at Fri Sep 25 20:08:04 2026
Parameters for debugging are loaded as follows:
License checkout: fabric_ads from E:/work/pango/PDS_2025.2-ads/new_pds_F4A80DA47D72.lic
Compiling verification operator library.
Compiling vendor parameter file.
Loading technology operator library.
Compiling technology operator library.
Compiling technology operator (valence) library.
I: Enable Verilog2k features and keywords
Start rtl-analyze.
I: Include path: E:/code/PangoWork/Works/cboard_imu
I: Verilog-0001: Analyzing file E:/code/PangoWork/Works/cboard_imu/Designs/drivers/uart/uart_rx.v.
I: Verilog-0002: [E:/code/PangoWork/Works/cboard_imu/Designs/drivers/uart/uart_rx.v(line number: 3)] Analyzing module uart_rx (library work).
Parsing done.
I: Verilog-0001: Analyzing file E:/code/PangoWork/Works/cboard_imu/Designs/drivers/uart/uart_tx.v.
I: Verilog-0002: [E:/code/PangoWork/Works/cboard_imu/Designs/drivers/uart/uart_tx.v(line number: 5)] Analyzing module uart_tx (library work).
Parsing done.
I: Verilog-0001: Analyzing file E:/code/PangoWork/Works/cboard_imu/Designs/hardware/led/led.v.
I: Verilog-0002: [E:/code/PangoWork/Works/cboard_imu/Designs/hardware/led/led.v(line number: 4)] Analyzing module led (library work).
Parsing done.
I: Verilog-0001: Analyzing file E:/code/PangoWork/Works/cboard_imu/Designs/hardware/cboard_imu/cboard_imu.v.
I: Verilog-0002: [E:/code/PangoWork/Works/cboard_imu/Designs/hardware/cboard_imu/cboard_imu.v(line number: 3)] Analyzing module cboard_imu (library work).
Parsing done.
I: Verilog-0001: Analyzing file E:/code/PangoWork/Works/cboard_imu/Designs/hardware/cp2102/cp2102.v.
I: Verilog-0002: [E:/code/PangoWork/Works/cboard_imu/Designs/hardware/cp2102/cp2102.v(line number: 2)] Analyzing module cp2102 (library work).
Parsing done.
I: Verilog-0001: Analyzing file E:/code/PangoWork/Works/cboard_imu/Designs/cboard_imu_debug_top.v.
I: Verilog-0002: [E:/code/PangoWork/Works/cboard_imu/Designs/cboard_imu_debug_top.v(line number: 2)] Analyzing module cboard_imu_debug_top (library work).
Parsing done.
I: Verilog-0001: Analyzing file E:/code/PangoWork/Works/cboard_imu/ipcore/pll_50mhz/pll_50mhz.v.
I: Verilog-0002: [E:/code/PangoWork/Works/cboard_imu/ipcore/pll_50mhz/pll_50mhz.v(line number: 18)] Analyzing module pll_50mhz (library pll_50mhz).
Parsing done.
I: Verilog-0001: Analyzing file E:/code/PangoWork/Works/cboard_imu/ipcore/cboard_imu_rx_fifo/rtl/ipml_fifo_ctrl_v1_14_cboard_imu_rx_fifo.v.
I: Verilog-0002: [E:/code/PangoWork/Works/cboard_imu/ipcore/cboard_imu_rx_fifo/rtl/ipml_fifo_ctrl_v1_14_cboard_imu_rx_fifo.v(line number: 18)] Analyzing module ipml_fifo_ctrl_v1_14_cboard_imu_rx_fifo (library cboard_imu_rx_fifo).
I: [E:/code/PangoWork/Works/cboard_imu/ipcore/cboard_imu_rx_fifo/rtl/ipml_fifo_ctrl_v1_14_cboard_imu_rx_fifo.v(line number: 56)] Convert attribute name from syn_preserve to PAP_PRESERVE
I: [E:/code/PangoWork/Works/cboard_imu/ipcore/cboard_imu_rx_fifo/rtl/ipml_fifo_ctrl_v1_14_cboard_imu_rx_fifo.v(line number: 58)] Convert attribute name from syn_preserve to PAP_PRESERVE
I: [E:/code/PangoWork/Works/cboard_imu/ipcore/cboard_imu_rx_fifo/rtl/ipml_fifo_ctrl_v1_14_cboard_imu_rx_fifo.v(line number: 69)] Convert attribute name from syn_preserve to PAP_PRESERVE
I: [E:/code/PangoWork/Works/cboard_imu/ipcore/cboard_imu_rx_fifo/rtl/ipml_fifo_ctrl_v1_14_cboard_imu_rx_fifo.v(line number: 71)] Convert attribute name from syn_preserve to PAP_PRESERVE
I: [E:/code/PangoWork/Works/cboard_imu/ipcore/cboard_imu_rx_fifo/rtl/ipml_fifo_ctrl_v1_14_cboard_imu_rx_fifo.v(line number: 99)] Convert attribute name from syn_preserve to PAP_PRESERVE
I: [E:/code/PangoWork/Works/cboard_imu/ipcore/cboard_imu_rx_fifo/rtl/ipml_fifo_ctrl_v1_14_cboard_imu_rx_fifo.v(line number: 100)] Convert attribute name from syn_preserve to PAP_PRESERVE
Parsing done.
I: Verilog-0001: Analyzing file E:/code/PangoWork/Works/cboard_imu/ipcore/cboard_imu_rx_fifo/rtl/ipml_sdpram_v1_13_cboard_imu_rx_fifo.v.
I: Verilog-0002: [E:/code/PangoWork/Works/cboard_imu/ipcore/cboard_imu_rx_fifo/rtl/ipml_sdpram_v1_13_cboard_imu_rx_fifo.v(line number: 18)] Analyzing module ipml_sdpram_v1_13_cboard_imu_rx_fifo (library cboard_imu_rx_fifo).
W: Verilog-2064: [E:/code/PangoWork/Works/cboard_imu/ipcore/cboard_imu_rx_fifo/rtl/ipml_sdpram_v1_13_cboard_imu_rx_fifo.v(line number: 305)] Within an initial construct, only memory $readmemh/$readmemb initialization and variable initialization statements are supported and other statements will be ignored. Simulation mismatch may occur.
Parsing done.
I: Verilog-0001: Analyzing file E:/code/PangoWork/Works/cboard_imu/ipcore/cboard_imu_rx_fifo/rtl/ipml_fifo_v1_14_cboard_imu_rx_fifo.v.
I: Verilog-0002: [E:/code/PangoWork/Works/cboard_imu/ipcore/cboard_imu_rx_fifo/rtl/ipml_fifo_v1_14_cboard_imu_rx_fifo.v(line number: 23)] Analyzing module ipml_fifo_v1_14_cboard_imu_rx_fifo (library cboard_imu_rx_fifo).
Parsing done.
I: Verilog-0001: Analyzing file E:/code/PangoWork/Works/cboard_imu/ipcore/cboard_imu_rx_fifo/cboard_imu_rx_fifo.v.
I: Verilog-0002: [E:/code/PangoWork/Works/cboard_imu/ipcore/cboard_imu_rx_fifo/cboard_imu_rx_fifo.v(line number: 16)] Analyzing module cboard_imu_rx_fifo (library cboard_imu_rx_fifo).
Parsing done.
I: Verilog-0001: Analyzing file E:/code/PangoWork/Works/cboard_imu/ipcore/cp2102_tx_fifo/rtl/ipml_fifo_ctrl_v1_14_cp2102_tx_fifo.v.
I: Verilog-0002: [E:/code/PangoWork/Works/cboard_imu/ipcore/cp2102_tx_fifo/rtl/ipml_fifo_ctrl_v1_14_cp2102_tx_fifo.v(line number: 18)] Analyzing module ipml_fifo_ctrl_v1_14_cp2102_tx_fifo (library cp2102_tx_fifo).
I: [E:/code/PangoWork/Works/cboard_imu/ipcore/cp2102_tx_fifo/rtl/ipml_fifo_ctrl_v1_14_cp2102_tx_fifo.v(line number: 56)] Convert attribute name from syn_preserve to PAP_PRESERVE
I: [E:/code/PangoWork/Works/cboard_imu/ipcore/cp2102_tx_fifo/rtl/ipml_fifo_ctrl_v1_14_cp2102_tx_fifo.v(line number: 58)] Convert attribute name from syn_preserve to PAP_PRESERVE
I: [E:/code/PangoWork/Works/cboard_imu/ipcore/cp2102_tx_fifo/rtl/ipml_fifo_ctrl_v1_14_cp2102_tx_fifo.v(line number: 69)] Convert attribute name from syn_preserve to PAP_PRESERVE
I: [E:/code/PangoWork/Works/cboard_imu/ipcore/cp2102_tx_fifo/rtl/ipml_fifo_ctrl_v1_14_cp2102_tx_fifo.v(line number: 71)] Convert attribute name from syn_preserve to PAP_PRESERVE
I: [E:/code/PangoWork/Works/cboard_imu/ipcore/cp2102_tx_fifo/rtl/ipml_fifo_ctrl_v1_14_cp2102_tx_fifo.v(line number: 99)] Convert attribute name from syn_preserve to PAP_PRESERVE
I: [E:/code/PangoWork/Works/cboard_imu/ipcore/cp2102_tx_fifo/rtl/ipml_fifo_ctrl_v1_14_cp2102_tx_fifo.v(line number: 100)] Convert attribute name from syn_preserve to PAP_PRESERVE
Parsing done.
I: Verilog-0001: Analyzing file E:/code/PangoWork/Works/cboard_imu/ipcore/cp2102_tx_fifo/rtl/ipml_sdpram_v1_13_cp2102_tx_fifo.v.
I: Verilog-0002: [E:/code/PangoWork/Works/cboard_imu/ipcore/cp2102_tx_fifo/rtl/ipml_sdpram_v1_13_cp2102_tx_fifo.v(line number: 18)] Analyzing module ipml_sdpram_v1_13_cp2102_tx_fifo (library cp2102_tx_fifo).
W: Verilog-2064: [E:/code/PangoWork/Works/cboard_imu/ipcore/cp2102_tx_fifo/rtl/ipml_sdpram_v1_13_cp2102_tx_fifo.v(line number: 305)] Within an initial construct, only memory $readmemh/$readmemb initialization and variable initialization statements are supported and other statements will be ignored. Simulation mismatch may occur.
Parsing done.
I: Verilog-0001: Analyzing file E:/code/PangoWork/Works/cboard_imu/ipcore/cp2102_tx_fifo/rtl/ipml_fifo_v1_14_cp2102_tx_fifo.v.
I: Verilog-0002: [E:/code/PangoWork/Works/cboard_imu/ipcore/cp2102_tx_fifo/rtl/ipml_fifo_v1_14_cp2102_tx_fifo.v(line number: 23)] Analyzing module ipml_fifo_v1_14_cp2102_tx_fifo (library cp2102_tx_fifo).
Parsing done.
I: Verilog-0001: Analyzing file E:/code/PangoWork/Works/cboard_imu/ipcore/cp2102_tx_fifo/cp2102_tx_fifo.v.
I: Verilog-0002: [E:/code/PangoWork/Works/cboard_imu/ipcore/cp2102_tx_fifo/cp2102_tx_fifo.v(line number: 16)] Analyzing module cp2102_tx_fifo (library cp2102_tx_fifo).
Parsing done.
I: Module "cboard_imu_debug_top" is set as top module
Executing : rtl-analyze successfully. Time elapsed: 2.460s wall, 0.062s user + 0.016s system = 0.078s CPU (3.2%). Peak memory used: 178 MB.

Start rtl-elaborate.
I: Verilog-0003: [E:/code/PangoWork/Works/cboard_imu/Designs/cboard_imu_debug_top.v(line number: 2)] Elaborating module cboard_imu_debug_top.
I: Module instance {cboard_imu_debug_top} parameter value:
    SYS_CLK_FREQ = 32'sh2FAF080 | 50000000 | 32'sb00000010111110101111000010000000
    UART_CLK_FREQ = 32'shE0F825 | 14743589 | 32'sb00000000111000001111100000100101
    BAUD_RATE = 32'shE1000 | 921600 | 32'sb00000000000011100001000000000000
    DATA_BITS = 32'sh8 | 8 | 32'sb00000000000000000000000000001000
    PARITY = NONE
    STOP_BITS = 32'sh1 | 1 | 32'sb00000000000000000000000000000001
    LED_ON_MS = 32'sh64 | 100 | 32'sb00000000000000000000000001100100
I: Verilog-0004: [E:/code/PangoWork/Works/cboard_imu/Designs/cboard_imu_debug_top.v(line number: 31)] Elaborating instance u_pll_50mhz.
I: Verilog-0003: [E:/code/PangoWork/Works/cboard_imu/ipcore/pll_50mhz/pll_50mhz.v(line number: 18)] Elaborating module pll_50mhz.
I: Verilog-0004: [E:/code/PangoWork/Works/cboard_imu/ipcore/pll_50mhz/pll_50mhz.v(line number: 230)] Elaborating instance u_pll_e3.
W: Verilog-2021: [E:/code/PangoWork/Works/cboard_imu/ipcore/pll_50mhz/pll_50mhz.v(line number: 117)] Net clkfb in pll_50mhz(original module pll_50mhz) does not have a driver, tie it to 0.
W: Verilog-2021: [E:/code/PangoWork/Works/cboard_imu/ipcore/pll_50mhz/pll_50mhz.v(line number: 120)] Net pfden in pll_50mhz(original module pll_50mhz) does not have a driver, tie it to 0.
W: Verilog-2021: [E:/code/PangoWork/Works/cboard_imu/ipcore/pll_50mhz/pll_50mhz.v(line number: 121)] Net clkout0_gate in pll_50mhz(original module pll_50mhz) does not have a driver, tie it to 0.
W: Verilog-2021: [E:/code/PangoWork/Works/cboard_imu/ipcore/pll_50mhz/pll_50mhz.v(line number: 122)] Net clkout0_2pad_gate in pll_50mhz(original module pll_50mhz) does not have a driver, tie it to 0.
W: Verilog-2021: [E:/code/PangoWork/Works/cboard_imu/ipcore/pll_50mhz/pll_50mhz.v(line number: 123)] Net clkout1_gate in pll_50mhz(original module pll_50mhz) does not have a driver, tie it to 0.
W: Verilog-2021: [E:/code/PangoWork/Works/cboard_imu/ipcore/pll_50mhz/pll_50mhz.v(line number: 124)] Net clkout2_gate in pll_50mhz(original module pll_50mhz) does not have a driver, tie it to 0.
W: Verilog-2021: [E:/code/PangoWork/Works/cboard_imu/ipcore/pll_50mhz/pll_50mhz.v(line number: 125)] Net clkout3_gate in pll_50mhz(original module pll_50mhz) does not have a driver, tie it to 0.
W: Verilog-2021: [E:/code/PangoWork/Works/cboard_imu/ipcore/pll_50mhz/pll_50mhz.v(line number: 126)] Net clkout4_gate in pll_50mhz(original module pll_50mhz) does not have a driver, tie it to 0.
W: Verilog-2021: [E:/code/PangoWork/Works/cboard_imu/ipcore/pll_50mhz/pll_50mhz.v(line number: 127)] Net clkout5_gate in pll_50mhz(original module pll_50mhz) does not have a driver, tie it to 0.
W: Verilog-2021: [E:/code/PangoWork/Works/cboard_imu/ipcore/pll_50mhz/pll_50mhz.v(line number: 128)] Net dyn_idiv in pll_50mhz(original module pll_50mhz) does not have a driver, tie it to 0.
W: Verilog-2021: [E:/code/PangoWork/Works/cboard_imu/ipcore/pll_50mhz/pll_50mhz.v(line number: 129)] Net dyn_odiv0 in pll_50mhz(original module pll_50mhz) does not have a driver, tie it to 0.
W: Verilog-2021: [E:/code/PangoWork/Works/cboard_imu/ipcore/pll_50mhz/pll_50mhz.v(line number: 130)] Net dyn_odiv1 in pll_50mhz(original module pll_50mhz) does not have a driver, tie it to 0.
W: Verilog-2021: [E:/code/PangoWork/Works/cboard_imu/ipcore/pll_50mhz/pll_50mhz.v(line number: 131)] Net dyn_odiv2 in pll_50mhz(original module pll_50mhz) does not have a driver, tie it to 0.
W: Verilog-2021: [E:/code/PangoWork/Works/cboard_imu/ipcore/pll_50mhz/pll_50mhz.v(line number: 132)] Net dyn_odiv3 in pll_50mhz(original module pll_50mhz) does not have a driver, tie it to 0.
W: Verilog-2021: [E:/code/PangoWork/Works/cboard_imu/ipcore/pll_50mhz/pll_50mhz.v(line number: 133)] Net dyn_odiv4 in pll_50mhz(original module pll_50mhz) does not have a driver, tie it to 0.
W: Verilog-2021: [E:/code/PangoWork/Works/cboard_imu/ipcore/pll_50mhz/pll_50mhz.v(line number: 134)] Net dyn_fdiv in pll_50mhz(original module pll_50mhz) does not have a driver, tie it to 0.
W: Verilog-2021: [E:/code/PangoWork/Works/cboard_imu/ipcore/pll_50mhz/pll_50mhz.v(line number: 135)] Net dyn_duty0 in pll_50mhz(original module pll_50mhz) does not have a driver, tie it to 0.
W: Verilog-2021: [E:/code/PangoWork/Works/cboard_imu/ipcore/pll_50mhz/pll_50mhz.v(line number: 136)] Net dyn_duty1 in pll_50mhz(original module pll_50mhz) does not have a driver, tie it to 0.
W: Verilog-2021: [E:/code/PangoWork/Works/cboard_imu/ipcore/pll_50mhz/pll_50mhz.v(line number: 137)] Net dyn_duty2 in pll_50mhz(original module pll_50mhz) does not have a driver, tie it to 0.
W: Verilog-2021: [E:/code/PangoWork/Works/cboard_imu/ipcore/pll_50mhz/pll_50mhz.v(line number: 138)] Net dyn_duty3 in pll_50mhz(original module pll_50mhz) does not have a driver, tie it to 0.
W: Verilog-2021: [E:/code/PangoWork/Works/cboard_imu/ipcore/pll_50mhz/pll_50mhz.v(line number: 139)] Net dyn_duty4 in pll_50mhz(original module pll_50mhz) does not have a driver, tie it to 0.
I: Verilog-0004: [E:/code/PangoWork/Works/cboard_imu/Designs/cboard_imu_debug_top.v(line number: 55)] Elaborating instance u_cboard_imu.
I: Verilog-0003: [E:/code/PangoWork/Works/cboard_imu/Designs/hardware/cboard_imu/cboard_imu.v(line number: 3)] Elaborating module cboard_imu.
I: Module instance {cboard_imu_debug_top/u_cboard_imu} parameter value:
    SYS_CLK_FREQ = 32'sh2FAF080 | 50000000 | 32'sb00000010111110101111000010000000
    UART_CLK_FREQ = 32'shE0F825 | 14743589 | 32'sb00000000111000001111100000100101
    BAUD_RATE = 32'shE1000 | 921600 | 32'sb00000000000011100001000000000000
    DATA_BITS = 32'sh8 | 8 | 32'sb00000000000000000000000000001000
    PARITY = NONE
    STOP_BITS = 32'sh1 | 1 | 32'sb00000000000000000000000000000001
I: Verilog-0004: [E:/code/PangoWork/Works/cboard_imu/Designs/hardware/cboard_imu/cboard_imu.v(line number: 42)] Elaborating instance u_uart_rx.
I: Verilog-0003: [E:/code/PangoWork/Works/cboard_imu/Designs/drivers/uart/uart_rx.v(line number: 3)] Elaborating module uart_rx.
I: Module instance {cboard_imu_debug_top/u_cboard_imu/u_uart_rx} parameter value:
    SYS_CLK_FREQ = 32'sh2FAF080 | 50000000 | 32'sb00000010111110101111000010000000
    UART_CLK_FREQ = 32'shE0F825 | 14743589 | 32'sb00000000111000001111100000100101
    BAUD_RATE = 32'shE1000 | 921600 | 32'sb00000000000011100001000000000000
    DATA_BITS = 32'sh8 | 8 | 32'sb00000000000000000000000000001000
    PARITY = NONE
    STOP_BITS = 32'sh1 | 1 | 32'sb00000000000000000000000000000001
I: Verilog-0004: [E:/code/PangoWork/Works/cboard_imu/Designs/hardware/cboard_imu/cboard_imu.v(line number: 50)] Elaborating instance u_cboard_imu_rx_fifo.
I: Verilog-0003: [E:/code/PangoWork/Works/cboard_imu/ipcore/cboard_imu_rx_fifo/cboard_imu_rx_fifo.v(line number: 16)] Elaborating module cboard_imu_rx_fifo.
I: Verilog-0004: [E:/code/PangoWork/Works/cboard_imu/ipcore/cboard_imu_rx_fifo/cboard_imu_rx_fifo.v(line number: 174)] Elaborating instance U_ipml_fifo_cboard_imu_rx_fifo.
I: Verilog-0003: [E:/code/PangoWork/Works/cboard_imu/ipcore/cboard_imu_rx_fifo/rtl/ipml_fifo_v1_14_cboard_imu_rx_fifo.v(line number: 23)] Elaborating module ipml_fifo_v1_14_cboard_imu_rx_fifo.
I: Module instance {cboard_imu_debug_top/u_cboard_imu/u_cboard_imu_rx_fifo/U_ipml_fifo_cboard_imu_rx_fifo} parameter value:
    c_SIM_DEVICE = LOGOS
    c_WR_DEPTH_WIDTH = 32'sh5 | 5 | 32'sb00000000000000000000000000000101
    c_WR_DATA_WIDTH = 32'sh30 | 48 | 32'sb00000000000000000000000000110000
    c_RD_DEPTH_WIDTH = 32'sh5 | 5 | 32'sb00000000000000000000000000000101
    c_RD_DATA_WIDTH = 32'sh30 | 48 | 32'sb00000000000000000000000000110000
    c_OUTPUT_REG = 32'sh0 | 0 | 32'sb00000000000000000000000000000000
    c_RD_OCE_EN = 32'sh0 | 0 | 32'sb00000000000000000000000000000000
    c_RESET_TYPE = ASYNC_RESET
    c_POWER_OPT = 32'sh0 | 0 | 32'sb00000000000000000000000000000000
    c_RD_CLK_OR_POL_INV = 32'sh0 | 0 | 32'sb00000000000000000000000000000000
    c_WR_BYTE_EN = 32'sh0 | 0 | 32'sb00000000000000000000000000000000
    c_BE_WIDTH = 32'sh1 | 1 | 32'sb00000000000000000000000000000001
    c_FIFO_TYPE = ASYN
    c_ALMOST_FULL_NUM = 32'sh1C | 28 | 32'sb00000000000000000000000000011100
    c_ALMOST_EMPTY_NUM = 32'sh4 | 4 | 32'sb00000000000000000000000000000100
    c_DATA_VALID_EN = 32'sh0 | 0 | 32'sb00000000000000000000000000000000
    c_PREFETCH_EN = 32'sh0 | 0 | 32'sb00000000000000000000000000000000
I: Verilog-0004: [E:/code/PangoWork/Works/cboard_imu/ipcore/cboard_imu_rx_fifo/rtl/ipml_fifo_v1_14_cboard_imu_rx_fifo.v(line number: 96)] Elaborating instance U_ipml_sdpram.
I: Verilog-0003: [E:/code/PangoWork/Works/cboard_imu/ipcore/cboard_imu_rx_fifo/rtl/ipml_sdpram_v1_13_cboard_imu_rx_fifo.v(line number: 18)] Elaborating module ipml_sdpram_v1_13_cboard_imu_rx_fifo.
I: Module instance {cboard_imu_debug_top/u_cboard_imu/u_cboard_imu_rx_fifo/U_ipml_fifo_cboard_imu_rx_fifo/U_ipml_sdpram} parameter value:
    c_SIM_DEVICE = LOGOS
    c_WR_ADDR_WIDTH = 32'sh5 | 5 | 32'sb00000000000000000000000000000101
    c_WR_DATA_WIDTH = 32'sh30 | 48 | 32'sb00000000000000000000000000110000
    c_RD_ADDR_WIDTH = 32'sh5 | 5 | 32'sb00000000000000000000000000000101
    c_RD_DATA_WIDTH = 32'sh30 | 48 | 32'sb00000000000000000000000000110000
    c_OUTPUT_REG = 32'sh0 | 0 | 32'sb00000000000000000000000000000000
    c_RD_OCE_EN = 32'sh0 | 0 | 32'sb00000000000000000000000000000000
    c_WR_ADDR_STROBE_EN = 32'sh0 | 0 | 32'sb00000000000000000000000000000000
    c_RD_ADDR_STROBE_EN = 32'sh0 | 0 | 32'sb00000000000000000000000000000000
    c_WR_CLK_EN = 32'sh1 | 1 | 32'sb00000000000000000000000000000001
    c_RD_CLK_EN = 32'sh1 | 1 | 32'sb00000000000000000000000000000001
    c_RD_CLK_OR_POL_INV = 32'sh0 | 0 | 32'sb00000000000000000000000000000000
    c_RESET_TYPE = ASYNC_RESET
    c_POWER_OPT = 32'sh0 | 0 | 32'sb00000000000000000000000000000000
    c_INIT_FILE = NONE
    c_INIT_FORMAT = BIN
    c_WR_BYTE_EN = 32'sh0 | 0 | 32'sb00000000000000000000000000000000
    c_BE_WIDTH = 32'sh1 | 1 | 32'sb00000000000000000000000000000001
W: [E:/code/PangoWork/Works/cboard_imu/ipcore/cboard_imu_rx_fifo/rtl/ipml_sdpram_v1_13_cboard_imu_rx_fifo.v(line number: 311)] IPSpecCheck: 01030102 ipml_flex_sdpram parameter setting error !!!: c_WR_ADDR_WIDTH must between 8-20 (module instance : cboard_imu_debug_top/u_cboard_imu/u_cboard_imu_rx_fifo/U_ipml_fifo_cboard_imu_rx_fifo/U_ipml_sdpram)
W: Verilog-2008: [E:/code/PangoWork/Works/cboard_imu/ipcore/cboard_imu_rx_fifo/rtl/ipml_sdpram_v1_13_cboard_imu_rx_fifo.v(line number: 311)] Ignore 'system task' $display.
W: Verilog-2038: [E:/code/PangoWork/Works/cboard_imu/ipcore/cboard_imu_rx_fifo/rtl/ipml_sdpram_v1_13_cboard_imu_rx_fifo.v(line number: 484)] This case item expression '1' never match with the case expression 'DRM_DATA_WIDTH_A'.
W: Verilog-2038: [E:/code/PangoWork/Works/cboard_imu/ipcore/cboard_imu_rx_fifo/rtl/ipml_sdpram_v1_13_cboard_imu_rx_fifo.v(line number: 485)] This case item expression '2' never match with the case expression 'DRM_DATA_WIDTH_A'.
W: Verilog-2038: [E:/code/PangoWork/Works/cboard_imu/ipcore/cboard_imu_rx_fifo/rtl/ipml_sdpram_v1_13_cboard_imu_rx_fifo.v(line number: 486)] This case item expression '4' never match with the case expression 'DRM_DATA_WIDTH_A'.
W: Verilog-2038: [E:/code/PangoWork/Works/cboard_imu/ipcore/cboard_imu_rx_fifo/rtl/ipml_sdpram_v1_13_cboard_imu_rx_fifo.v(line number: 487)] This case item expression '8' never match with the case expression 'DRM_DATA_WIDTH_A'.
W: Verilog-2038: [E:/code/PangoWork/Works/cboard_imu/ipcore/cboard_imu_rx_fifo/rtl/ipml_sdpram_v1_13_cboard_imu_rx_fifo.v(line number: 487)] This case item expression '9' never match with the case expression 'DRM_DATA_WIDTH_A'.
W: Verilog-2038: [E:/code/PangoWork/Works/cboard_imu/ipcore/cboard_imu_rx_fifo/rtl/ipml_sdpram_v1_13_cboard_imu_rx_fifo.v(line number: 488)] This case item expression '16' never match with the case expression 'DRM_DATA_WIDTH_A'.
W: Verilog-2038: [E:/code/PangoWork/Works/cboard_imu/ipcore/cboard_imu_rx_fifo/rtl/ipml_sdpram_v1_13_cboard_imu_rx_fifo.v(line number: 488)] This case item expression '18' never match with the case expression 'DRM_DATA_WIDTH_A'.
W: Verilog-2038: [E:/code/PangoWork/Works/cboard_imu/ipcore/cboard_imu_rx_fifo/rtl/ipml_sdpram_v1_13_cboard_imu_rx_fifo.v(line number: 489)] This case item expression '36' never match with the case expression 'DRM_DATA_WIDTH_A'.
W: Verilog-2038: [E:/code/PangoWork/Works/cboard_imu/ipcore/cboard_imu_rx_fifo/rtl/ipml_sdpram_v1_13_cboard_imu_rx_fifo.v(line number: 484)] This case item expression '1' never match with the case expression 'DRM_DATA_WIDTH_A'.
W: Verilog-2038: [E:/code/PangoWork/Works/cboard_imu/ipcore/cboard_imu_rx_fifo/rtl/ipml_sdpram_v1_13_cboard_imu_rx_fifo.v(line number: 485)] This case item expression '2' never match with the case expression 'DRM_DATA_WIDTH_A'.
W: Verilog-2038: [E:/code/PangoWork/Works/cboard_imu/ipcore/cboard_imu_rx_fifo/rtl/ipml_sdpram_v1_13_cboard_imu_rx_fifo.v(line number: 486)] This case item expression '4' never match with the case expression 'DRM_DATA_WIDTH_A'.
W: Verilog-2038: [E:/code/PangoWork/Works/cboard_imu/ipcore/cboard_imu_rx_fifo/rtl/ipml_sdpram_v1_13_cboard_imu_rx_fifo.v(line number: 487)] This case item expression '8' never match with the case expression 'DRM_DATA_WIDTH_A'.
W: Verilog-2038: [E:/code/PangoWork/Works/cboard_imu/ipcore/cboard_imu_rx_fifo/rtl/ipml_sdpram_v1_13_cboard_imu_rx_fifo.v(line number: 487)] This case item expression '9' never match with the case expression 'DRM_DATA_WIDTH_A'.
W: Verilog-2038: [E:/code/PangoWork/Works/cboard_imu/ipcore/cboard_imu_rx_fifo/rtl/ipml_sdpram_v1_13_cboard_imu_rx_fifo.v(line number: 488)] This case item expression '16' never match with the case expression 'DRM_DATA_WIDTH_A'.
W: Verilog-2038: [E:/code/PangoWork/Works/cboard_imu/ipcore/cboard_imu_rx_fifo/rtl/ipml_sdpram_v1_13_cboard_imu_rx_fifo.v(line number: 488)] This case item expression '18' never match with the case expression 'DRM_DATA_WIDTH_A'.
W: Verilog-2038: [E:/code/PangoWork/Works/cboard_imu/ipcore/cboard_imu_rx_fifo/rtl/ipml_sdpram_v1_13_cboard_imu_rx_fifo.v(line number: 489)] This case item expression '36' never match with the case expression 'DRM_DATA_WIDTH_A'.
W: Verilog-2038: [E:/code/PangoWork/Works/cboard_imu/ipcore/cboard_imu_rx_fifo/rtl/ipml_sdpram_v1_13_cboard_imu_rx_fifo.v(line number: 674)] This case item expression '1' never match with the case expression 'DRM_DATA_WIDTH_B'.
W: Verilog-2038: [E:/code/PangoWork/Works/cboard_imu/ipcore/cboard_imu_rx_fifo/rtl/ipml_sdpram_v1_13_cboard_imu_rx_fifo.v(line number: 675)] This case item expression '2' never match with the case expression 'DRM_DATA_WIDTH_B'.
W: Verilog-2038: [E:/code/PangoWork/Works/cboard_imu/ipcore/cboard_imu_rx_fifo/rtl/ipml_sdpram_v1_13_cboard_imu_rx_fifo.v(line number: 676)] This case item expression '4' never match with the case expression 'DRM_DATA_WIDTH_B'.
W: Verilog-2038: [E:/code/PangoWork/Works/cboard_imu/ipcore/cboard_imu_rx_fifo/rtl/ipml_sdpram_v1_13_cboard_imu_rx_fifo.v(line number: 677)] This case item expression '8' never match with the case expression 'DRM_DATA_WIDTH_B'.
W: Verilog-2038: [E:/code/PangoWork/Works/cboard_imu/ipcore/cboard_imu_rx_fifo/rtl/ipml_sdpram_v1_13_cboard_imu_rx_fifo.v(line number: 677)] This case item expression '9' never match with the case expression 'DRM_DATA_WIDTH_B'.
W: Verilog-2038: [E:/code/PangoWork/Works/cboard_imu/ipcore/cboard_imu_rx_fifo/rtl/ipml_sdpram_v1_13_cboard_imu_rx_fifo.v(line number: 678)] This case item expression '16' never match with the case expression 'DRM_DATA_WIDTH_B'.
W: Verilog-2038: [E:/code/PangoWork/Works/cboard_imu/ipcore/cboard_imu_rx_fifo/rtl/ipml_sdpram_v1_13_cboard_imu_rx_fifo.v(line number: 678)] This case item expression '18' never match with the case expression 'DRM_DATA_WIDTH_B'.
W: Verilog-2038: [E:/code/PangoWork/Works/cboard_imu/ipcore/cboard_imu_rx_fifo/rtl/ipml_sdpram_v1_13_cboard_imu_rx_fifo.v(line number: 679)] This case item expression '36' never match with the case expression 'DRM_DATA_WIDTH_B'.
I: Verilog-0004: [E:/code/PangoWork/Works/cboard_imu/ipcore/cboard_imu_rx_fifo/rtl/ipml_sdpram_v1_13_cboard_imu_rx_fifo.v(line number: 839)] Elaborating instance U_GTP_DRM9K.
I: Verilog-0004: [E:/code/PangoWork/Works/cboard_imu/ipcore/cboard_imu_rx_fifo/rtl/ipml_sdpram_v1_13_cboard_imu_rx_fifo.v(line number: 839)] Elaborating instance U_GTP_DRM9K.
I: Sdm-0004: [E:/code/PangoWork/Works/cboard_imu/ipcore/cboard_imu_rx_fifo/rtl/ipml_sdpram_v1_13_cboard_imu_rx_fifo.v(line number: 47)] Input port wr_byte_en in module ipml_sdpram_v1_13_cboard_imu_rx_fifo has no load.
W: Verilog-2020: [E:/code/PangoWork/Works/cboard_imu/ipcore/cboard_imu_rx_fifo/rtl/ipml_sdpram_v1_13_cboard_imu_rx_fifo.v(line number: 760)] Net DA_bus[8] in ipml_sdpram_v1_13_cboard_imu_rx_fifo(original module ipml_sdpram_v1_13_cboard_imu_rx_fifo) does not have a driver, tie it to 0.
W: Verilog-2020: [E:/code/PangoWork/Works/cboard_imu/ipcore/cboard_imu_rx_fifo/rtl/ipml_sdpram_v1_13_cboard_imu_rx_fifo.v(line number: 760)] Net DA_bus[17] in ipml_sdpram_v1_13_cboard_imu_rx_fifo(original module ipml_sdpram_v1_13_cboard_imu_rx_fifo) does not have a driver, tie it to 0.
W: Verilog-2020: [E:/code/PangoWork/Works/cboard_imu/ipcore/cboard_imu_rx_fifo/rtl/ipml_sdpram_v1_13_cboard_imu_rx_fifo.v(line number: 760)] Net DA_bus[26] in ipml_sdpram_v1_13_cboard_imu_rx_fifo(original module ipml_sdpram_v1_13_cboard_imu_rx_fifo) does not have a driver, tie it to 0.
W: Verilog-2020: [E:/code/PangoWork/Works/cboard_imu/ipcore/cboard_imu_rx_fifo/rtl/ipml_sdpram_v1_13_cboard_imu_rx_fifo.v(line number: 760)] Net DA_bus[35] in ipml_sdpram_v1_13_cboard_imu_rx_fifo(original module ipml_sdpram_v1_13_cboard_imu_rx_fifo) does not have a driver, tie it to 0.
W: Verilog-2020: [E:/code/PangoWork/Works/cboard_imu/ipcore/cboard_imu_rx_fifo/rtl/ipml_sdpram_v1_13_cboard_imu_rx_fifo.v(line number: 761)] Net DB_bus[8] in ipml_sdpram_v1_13_cboard_imu_rx_fifo(original module ipml_sdpram_v1_13_cboard_imu_rx_fifo) does not have a driver, tie it to 0.
W: Verilog-2020: [E:/code/PangoWork/Works/cboard_imu/ipcore/cboard_imu_rx_fifo/rtl/ipml_sdpram_v1_13_cboard_imu_rx_fifo.v(line number: 761)] Net DB_bus[17] in ipml_sdpram_v1_13_cboard_imu_rx_fifo(original module ipml_sdpram_v1_13_cboard_imu_rx_fifo) does not have a driver, tie it to 0.
W: Verilog-2020: [E:/code/PangoWork/Works/cboard_imu/ipcore/cboard_imu_rx_fifo/rtl/ipml_sdpram_v1_13_cboard_imu_rx_fifo.v(line number: 761)] Net DB_bus[26] in ipml_sdpram_v1_13_cboard_imu_rx_fifo(original module ipml_sdpram_v1_13_cboard_imu_rx_fifo) does not have a driver, tie it to 0.
W: Verilog-2020: [E:/code/PangoWork/Works/cboard_imu/ipcore/cboard_imu_rx_fifo/rtl/ipml_sdpram_v1_13_cboard_imu_rx_fifo.v(line number: 761)] Net DB_bus[35] in ipml_sdpram_v1_13_cboard_imu_rx_fifo(original module ipml_sdpram_v1_13_cboard_imu_rx_fifo) does not have a driver, tie it to 0.
I: Verilog-0004: [E:/code/PangoWork/Works/cboard_imu/ipcore/cboard_imu_rx_fifo/rtl/ipml_fifo_v1_14_cboard_imu_rx_fifo.v(line number: 127)] Elaborating instance U_ipml_fifo_ctrl.
I: Verilog-0003: [E:/code/PangoWork/Works/cboard_imu/ipcore/cboard_imu_rx_fifo/rtl/ipml_fifo_ctrl_v1_14_cboard_imu_rx_fifo.v(line number: 18)] Elaborating module ipml_fifo_ctrl_v1_14_cboard_imu_rx_fifo.
I: Module instance {cboard_imu_debug_top/u_cboard_imu/u_cboard_imu_rx_fifo/U_ipml_fifo_cboard_imu_rx_fifo/U_ipml_fifo_ctrl} parameter value:
    c_WR_DEPTH_WIDTH = 32'sh5 | 5 | 32'sb00000000000000000000000000000101
    c_RD_DEPTH_WIDTH = 32'sh5 | 5 | 32'sb00000000000000000000000000000101
    c_FIFO_TYPE = ASYN
    c_ALMOST_FULL_NUM = 32'sh1C | 28 | 32'sb00000000000000000000000000011100
    c_ALMOST_EMPTY_NUM = 32'sh4 | 4 | 32'sb00000000000000000000000000000100
    c_PREFETCH_EN = 32'sh0 | 0 | 32'sb00000000000000000000000000000000
    c_DATA_VALID_EN = 32'sh0 | 0 | 32'sb00000000000000000000000000000000
    c_OUTPUT_REG = 32'sh0 | 0 | 32'sb00000000000000000000000000000000
    c_FAB_REG = 32'sh0 | 0 | 32'sb00000000000000000000000000000000
    c_RD_CLK_OR_POL_INV = 32'sh0 | 0 | 32'sb00000000000000000000000000000000
W: Verilog-2039: [E:/code/PangoWork/Works/cboard_imu/ipcore/cboard_imu_rx_fifo/rtl/ipml_fifo_ctrl_v1_14_cboard_imu_rx_fifo.v(line number: 652)] Value of replication constant '(c_RD_DEPTH_WIDTH - c_WR_DEPTH_WIDTH)' in multiple concatenation is 0.
I: Verilog-0004: [E:/code/PangoWork/Works/cboard_imu/Designs/cboard_imu_debug_top.v(line number: 73)] Elaborating instance u_cp2102.
I: Verilog-0003: [E:/code/PangoWork/Works/cboard_imu/Designs/hardware/cp2102/cp2102.v(line number: 2)] Elaborating module cp2102.
I: Module instance {cboard_imu_debug_top/u_cp2102} parameter value:
    SYS_CLK_FREQ = 32'sh2FAF080 | 50000000 | 32'sb00000010111110101111000010000000
    UART_CLK_FREQ = 32'shE0F825 | 14743589 | 32'sb00000000111000001111100000100101
    BAUD_RATE = 32'shE1000 | 921600 | 32'sb00000000000011100001000000000000
    DATA_BITS = 32'sh8 | 8 | 32'sb00000000000000000000000000001000
    PARITY = NONE
    STOP_BITS = 32'sh1 | 1 | 32'sb00000000000000000000000000000001
I: Verilog-0004: [E:/code/PangoWork/Works/cboard_imu/Designs/hardware/cp2102/cp2102.v(line number: 17)] Elaborating instance u_cp2102_tx_fifo.
I: Verilog-0003: [E:/code/PangoWork/Works/cboard_imu/ipcore/cp2102_tx_fifo/cp2102_tx_fifo.v(line number: 16)] Elaborating module cp2102_tx_fifo.
I: Verilog-0004: [E:/code/PangoWork/Works/cboard_imu/ipcore/cp2102_tx_fifo/cp2102_tx_fifo.v(line number: 174)] Elaborating instance U_ipml_fifo_cp2102_tx_fifo.
I: Verilog-0003: [E:/code/PangoWork/Works/cboard_imu/ipcore/cp2102_tx_fifo/rtl/ipml_fifo_v1_14_cp2102_tx_fifo.v(line number: 23)] Elaborating module ipml_fifo_v1_14_cp2102_tx_fifo.
I: Module instance {cboard_imu_debug_top/u_cp2102/u_cp2102_tx_fifo/U_ipml_fifo_cp2102_tx_fifo} parameter value:
    c_SIM_DEVICE = LOGOS
    c_WR_DEPTH_WIDTH = 32'sh5 | 5 | 32'sb00000000000000000000000000000101
    c_WR_DATA_WIDTH = 32'sh30 | 48 | 32'sb00000000000000000000000000110000
    c_RD_DEPTH_WIDTH = 32'sh5 | 5 | 32'sb00000000000000000000000000000101
    c_RD_DATA_WIDTH = 32'sh30 | 48 | 32'sb00000000000000000000000000110000
    c_OUTPUT_REG = 32'sh0 | 0 | 32'sb00000000000000000000000000000000
    c_RD_OCE_EN = 32'sh0 | 0 | 32'sb00000000000000000000000000000000
    c_RESET_TYPE = ASYNC_RESET
    c_POWER_OPT = 32'sh0 | 0 | 32'sb00000000000000000000000000000000
    c_RD_CLK_OR_POL_INV = 32'sh0 | 0 | 32'sb00000000000000000000000000000000
    c_WR_BYTE_EN = 32'sh0 | 0 | 32'sb00000000000000000000000000000000
    c_BE_WIDTH = 32'sh1 | 1 | 32'sb00000000000000000000000000000001
    c_FIFO_TYPE = ASYN
    c_ALMOST_FULL_NUM = 32'sh1C | 28 | 32'sb00000000000000000000000000011100
    c_ALMOST_EMPTY_NUM = 32'sh4 | 4 | 32'sb00000000000000000000000000000100
    c_DATA_VALID_EN = 32'sh0 | 0 | 32'sb00000000000000000000000000000000
    c_PREFETCH_EN = 32'sh0 | 0 | 32'sb00000000000000000000000000000000
I: Verilog-0004: [E:/code/PangoWork/Works/cboard_imu/ipcore/cp2102_tx_fifo/rtl/ipml_fifo_v1_14_cp2102_tx_fifo.v(line number: 96)] Elaborating instance U_ipml_sdpram.
I: Verilog-0003: [E:/code/PangoWork/Works/cboard_imu/ipcore/cp2102_tx_fifo/rtl/ipml_sdpram_v1_13_cp2102_tx_fifo.v(line number: 18)] Elaborating module ipml_sdpram_v1_13_cp2102_tx_fifo.
I: Module instance {cboard_imu_debug_top/u_cp2102/u_cp2102_tx_fifo/U_ipml_fifo_cp2102_tx_fifo/U_ipml_sdpram} parameter value:
    c_SIM_DEVICE = LOGOS
    c_WR_ADDR_WIDTH = 32'sh5 | 5 | 32'sb00000000000000000000000000000101
    c_WR_DATA_WIDTH = 32'sh30 | 48 | 32'sb00000000000000000000000000110000
    c_RD_ADDR_WIDTH = 32'sh5 | 5 | 32'sb00000000000000000000000000000101
    c_RD_DATA_WIDTH = 32'sh30 | 48 | 32'sb00000000000000000000000000110000
    c_OUTPUT_REG = 32'sh0 | 0 | 32'sb00000000000000000000000000000000
    c_RD_OCE_EN = 32'sh0 | 0 | 32'sb00000000000000000000000000000000
    c_WR_ADDR_STROBE_EN = 32'sh0 | 0 | 32'sb00000000000000000000000000000000
    c_RD_ADDR_STROBE_EN = 32'sh0 | 0 | 32'sb00000000000000000000000000000000
    c_WR_CLK_EN = 32'sh1 | 1 | 32'sb00000000000000000000000000000001
    c_RD_CLK_EN = 32'sh1 | 1 | 32'sb00000000000000000000000000000001
    c_RD_CLK_OR_POL_INV = 32'sh0 | 0 | 32'sb00000000000000000000000000000000
    c_RESET_TYPE = ASYNC_RESET
    c_POWER_OPT = 32'sh0 | 0 | 32'sb00000000000000000000000000000000
    c_INIT_FILE = NONE
    c_INIT_FORMAT = BIN
    c_WR_BYTE_EN = 32'sh0 | 0 | 32'sb00000000000000000000000000000000
    c_BE_WIDTH = 32'sh1 | 1 | 32'sb00000000000000000000000000000001
W: [E:/code/PangoWork/Works/cboard_imu/ipcore/cp2102_tx_fifo/rtl/ipml_sdpram_v1_13_cp2102_tx_fifo.v(line number: 311)] IPSpecCheck: 01030102 ipml_flex_sdpram parameter setting error !!!: c_WR_ADDR_WIDTH must between 8-20 (module instance : cboard_imu_debug_top/u_cp2102/u_cp2102_tx_fifo/U_ipml_fifo_cp2102_tx_fifo/U_ipml_sdpram)
W: Verilog-2008: [E:/code/PangoWork/Works/cboard_imu/ipcore/cp2102_tx_fifo/rtl/ipml_sdpram_v1_13_cp2102_tx_fifo.v(line number: 311)] Ignore 'system task' $display.
W: Verilog-2038: [E:/code/PangoWork/Works/cboard_imu/ipcore/cp2102_tx_fifo/rtl/ipml_sdpram_v1_13_cp2102_tx_fifo.v(line number: 484)] This case item expression '1' never match with the case expression 'DRM_DATA_WIDTH_A'.
W: Verilog-2038: [E:/code/PangoWork/Works/cboard_imu/ipcore/cp2102_tx_fifo/rtl/ipml_sdpram_v1_13_cp2102_tx_fifo.v(line number: 485)] This case item expression '2' never match with the case expression 'DRM_DATA_WIDTH_A'.
W: Verilog-2038: [E:/code/PangoWork/Works/cboard_imu/ipcore/cp2102_tx_fifo/rtl/ipml_sdpram_v1_13_cp2102_tx_fifo.v(line number: 486)] This case item expression '4' never match with the case expression 'DRM_DATA_WIDTH_A'.
W: Verilog-2038: [E:/code/PangoWork/Works/cboard_imu/ipcore/cp2102_tx_fifo/rtl/ipml_sdpram_v1_13_cp2102_tx_fifo.v(line number: 487)] This case item expression '8' never match with the case expression 'DRM_DATA_WIDTH_A'.
W: Verilog-2038: [E:/code/PangoWork/Works/cboard_imu/ipcore/cp2102_tx_fifo/rtl/ipml_sdpram_v1_13_cp2102_tx_fifo.v(line number: 487)] This case item expression '9' never match with the case expression 'DRM_DATA_WIDTH_A'.
W: Verilog-2038: [E:/code/PangoWork/Works/cboard_imu/ipcore/cp2102_tx_fifo/rtl/ipml_sdpram_v1_13_cp2102_tx_fifo.v(line number: 488)] This case item expression '16' never match with the case expression 'DRM_DATA_WIDTH_A'.
W: Verilog-2038: [E:/code/PangoWork/Works/cboard_imu/ipcore/cp2102_tx_fifo/rtl/ipml_sdpram_v1_13_cp2102_tx_fifo.v(line number: 488)] This case item expression '18' never match with the case expression 'DRM_DATA_WIDTH_A'.
W: Verilog-2038: [E:/code/PangoWork/Works/cboard_imu/ipcore/cp2102_tx_fifo/rtl/ipml_sdpram_v1_13_cp2102_tx_fifo.v(line number: 489)] This case item expression '36' never match with the case expression 'DRM_DATA_WIDTH_A'.
W: Verilog-2038: [E:/code/PangoWork/Works/cboard_imu/ipcore/cp2102_tx_fifo/rtl/ipml_sdpram_v1_13_cp2102_tx_fifo.v(line number: 484)] This case item expression '1' never match with the case expression 'DRM_DATA_WIDTH_A'.
W: Verilog-2038: [E:/code/PangoWork/Works/cboard_imu/ipcore/cp2102_tx_fifo/rtl/ipml_sdpram_v1_13_cp2102_tx_fifo.v(line number: 485)] This case item expression '2' never match with the case expression 'DRM_DATA_WIDTH_A'.
W: Verilog-2038: [E:/code/PangoWork/Works/cboard_imu/ipcore/cp2102_tx_fifo/rtl/ipml_sdpram_v1_13_cp2102_tx_fifo.v(line number: 486)] This case item expression '4' never match with the case expression 'DRM_DATA_WIDTH_A'.
W: Verilog-2038: [E:/code/PangoWork/Works/cboard_imu/ipcore/cp2102_tx_fifo/rtl/ipml_sdpram_v1_13_cp2102_tx_fifo.v(line number: 487)] This case item expression '8' never match with the case expression 'DRM_DATA_WIDTH_A'.
W: Verilog-2038: [E:/code/PangoWork/Works/cboard_imu/ipcore/cp2102_tx_fifo/rtl/ipml_sdpram_v1_13_cp2102_tx_fifo.v(line number: 487)] This case item expression '9' never match with the case expression 'DRM_DATA_WIDTH_A'.
W: Verilog-2038: [E:/code/PangoWork/Works/cboard_imu/ipcore/cp2102_tx_fifo/rtl/ipml_sdpram_v1_13_cp2102_tx_fifo.v(line number: 488)] This case item expression '16' never match with the case expression 'DRM_DATA_WIDTH_A'.
W: Verilog-2038: [E:/code/PangoWork/Works/cboard_imu/ipcore/cp2102_tx_fifo/rtl/ipml_sdpram_v1_13_cp2102_tx_fifo.v(line number: 488)] This case item expression '18' never match with the case expression 'DRM_DATA_WIDTH_A'.
W: Verilog-2038: [E:/code/PangoWork/Works/cboard_imu/ipcore/cp2102_tx_fifo/rtl/ipml_sdpram_v1_13_cp2102_tx_fifo.v(line number: 489)] This case item expression '36' never match with the case expression 'DRM_DATA_WIDTH_A'.
W: Verilog-2038: [E:/code/PangoWork/Works/cboard_imu/ipcore/cp2102_tx_fifo/rtl/ipml_sdpram_v1_13_cp2102_tx_fifo.v(line number: 674)] This case item expression '1' never match with the case expression 'DRM_DATA_WIDTH_B'.
W: Verilog-2038: [E:/code/PangoWork/Works/cboard_imu/ipcore/cp2102_tx_fifo/rtl/ipml_sdpram_v1_13_cp2102_tx_fifo.v(line number: 675)] This case item expression '2' never match with the case expression 'DRM_DATA_WIDTH_B'.
W: Verilog-2038: [E:/code/PangoWork/Works/cboard_imu/ipcore/cp2102_tx_fifo/rtl/ipml_sdpram_v1_13_cp2102_tx_fifo.v(line number: 676)] This case item expression '4' never match with the case expression 'DRM_DATA_WIDTH_B'.
W: Verilog-2038: [E:/code/PangoWork/Works/cboard_imu/ipcore/cp2102_tx_fifo/rtl/ipml_sdpram_v1_13_cp2102_tx_fifo.v(line number: 677)] This case item expression '8' never match with the case expression 'DRM_DATA_WIDTH_B'.
W: Verilog-2038: [E:/code/PangoWork/Works/cboard_imu/ipcore/cp2102_tx_fifo/rtl/ipml_sdpram_v1_13_cp2102_tx_fifo.v(line number: 677)] This case item expression '9' never match with the case expression 'DRM_DATA_WIDTH_B'.
W: Verilog-2038: [E:/code/PangoWork/Works/cboard_imu/ipcore/cp2102_tx_fifo/rtl/ipml_sdpram_v1_13_cp2102_tx_fifo.v(line number: 678)] This case item expression '16' never match with the case expression 'DRM_DATA_WIDTH_B'.
W: Verilog-2038: [E:/code/PangoWork/Works/cboard_imu/ipcore/cp2102_tx_fifo/rtl/ipml_sdpram_v1_13_cp2102_tx_fifo.v(line number: 678)] This case item expression '18' never match with the case expression 'DRM_DATA_WIDTH_B'.
W: Verilog-2038: [E:/code/PangoWork/Works/cboard_imu/ipcore/cp2102_tx_fifo/rtl/ipml_sdpram_v1_13_cp2102_tx_fifo.v(line number: 679)] This case item expression '36' never match with the case expression 'DRM_DATA_WIDTH_B'.
I: Verilog-0004: [E:/code/PangoWork/Works/cboard_imu/ipcore/cp2102_tx_fifo/rtl/ipml_sdpram_v1_13_cp2102_tx_fifo.v(line number: 839)] Elaborating instance U_GTP_DRM9K.
I: Verilog-0004: [E:/code/PangoWork/Works/cboard_imu/ipcore/cp2102_tx_fifo/rtl/ipml_sdpram_v1_13_cp2102_tx_fifo.v(line number: 839)] Elaborating instance U_GTP_DRM9K.
I: Sdm-0004: [E:/code/PangoWork/Works/cboard_imu/ipcore/cp2102_tx_fifo/rtl/ipml_sdpram_v1_13_cp2102_tx_fifo.v(line number: 47)] Input port wr_byte_en in module ipml_sdpram_v1_13_cp2102_tx_fifo has no load.
W: Verilog-2020: [E:/code/PangoWork/Works/cboard_imu/ipcore/cp2102_tx_fifo/rtl/ipml_sdpram_v1_13_cp2102_tx_fifo.v(line number: 760)] Net DA_bus[8] in ipml_sdpram_v1_13_cp2102_tx_fifo(original module ipml_sdpram_v1_13_cp2102_tx_fifo) does not have a driver, tie it to 0.
W: Verilog-2020: [E:/code/PangoWork/Works/cboard_imu/ipcore/cp2102_tx_fifo/rtl/ipml_sdpram_v1_13_cp2102_tx_fifo.v(line number: 760)] Net DA_bus[17] in ipml_sdpram_v1_13_cp2102_tx_fifo(original module ipml_sdpram_v1_13_cp2102_tx_fifo) does not have a driver, tie it to 0.
W: Verilog-2020: [E:/code/PangoWork/Works/cboard_imu/ipcore/cp2102_tx_fifo/rtl/ipml_sdpram_v1_13_cp2102_tx_fifo.v(line number: 760)] Net DA_bus[26] in ipml_sdpram_v1_13_cp2102_tx_fifo(original module ipml_sdpram_v1_13_cp2102_tx_fifo) does not have a driver, tie it to 0.
W: Verilog-2020: [E:/code/PangoWork/Works/cboard_imu/ipcore/cp2102_tx_fifo/rtl/ipml_sdpram_v1_13_cp2102_tx_fifo.v(line number: 760)] Net DA_bus[35] in ipml_sdpram_v1_13_cp2102_tx_fifo(original module ipml_sdpram_v1_13_cp2102_tx_fifo) does not have a driver, tie it to 0.
W: Verilog-2020: [E:/code/PangoWork/Works/cboard_imu/ipcore/cp2102_tx_fifo/rtl/ipml_sdpram_v1_13_cp2102_tx_fifo.v(line number: 761)] Net DB_bus[8] in ipml_sdpram_v1_13_cp2102_tx_fifo(original module ipml_sdpram_v1_13_cp2102_tx_fifo) does not have a driver, tie it to 0.
W: Verilog-2020: [E:/code/PangoWork/Works/cboard_imu/ipcore/cp2102_tx_fifo/rtl/ipml_sdpram_v1_13_cp2102_tx_fifo.v(line number: 761)] Net DB_bus[17] in ipml_sdpram_v1_13_cp2102_tx_fifo(original module ipml_sdpram_v1_13_cp2102_tx_fifo) does not have a driver, tie it to 0.
W: Verilog-2020: [E:/code/PangoWork/Works/cboard_imu/ipcore/cp2102_tx_fifo/rtl/ipml_sdpram_v1_13_cp2102_tx_fifo.v(line number: 761)] Net DB_bus[26] in ipml_sdpram_v1_13_cp2102_tx_fifo(original module ipml_sdpram_v1_13_cp2102_tx_fifo) does not have a driver, tie it to 0.
W: Verilog-2020: [E:/code/PangoWork/Works/cboard_imu/ipcore/cp2102_tx_fifo/rtl/ipml_sdpram_v1_13_cp2102_tx_fifo.v(line number: 761)] Net DB_bus[35] in ipml_sdpram_v1_13_cp2102_tx_fifo(original module ipml_sdpram_v1_13_cp2102_tx_fifo) does not have a driver, tie it to 0.
I: Verilog-0004: [E:/code/PangoWork/Works/cboard_imu/ipcore/cp2102_tx_fifo/rtl/ipml_fifo_v1_14_cp2102_tx_fifo.v(line number: 127)] Elaborating instance U_ipml_fifo_ctrl.
I: Verilog-0003: [E:/code/PangoWork/Works/cboard_imu/ipcore/cp2102_tx_fifo/rtl/ipml_fifo_ctrl_v1_14_cp2102_tx_fifo.v(line number: 18)] Elaborating module ipml_fifo_ctrl_v1_14_cp2102_tx_fifo.
I: Module instance {cboard_imu_debug_top/u_cp2102/u_cp2102_tx_fifo/U_ipml_fifo_cp2102_tx_fifo/U_ipml_fifo_ctrl} parameter value:
    c_WR_DEPTH_WIDTH = 32'sh5 | 5 | 32'sb00000000000000000000000000000101
    c_RD_DEPTH_WIDTH = 32'sh5 | 5 | 32'sb00000000000000000000000000000101
    c_FIFO_TYPE = ASYN
    c_ALMOST_FULL_NUM = 32'sh1C | 28 | 32'sb00000000000000000000000000011100
    c_ALMOST_EMPTY_NUM = 32'sh4 | 4 | 32'sb00000000000000000000000000000100
    c_PREFETCH_EN = 32'sh0 | 0 | 32'sb00000000000000000000000000000000
    c_DATA_VALID_EN = 32'sh0 | 0 | 32'sb00000000000000000000000000000000
    c_OUTPUT_REG = 32'sh0 | 0 | 32'sb00000000000000000000000000000000
    c_FAB_REG = 32'sh0 | 0 | 32'sb00000000000000000000000000000000
    c_RD_CLK_OR_POL_INV = 32'sh0 | 0 | 32'sb00000000000000000000000000000000
W: Verilog-2039: [E:/code/PangoWork/Works/cboard_imu/ipcore/cp2102_tx_fifo/rtl/ipml_fifo_ctrl_v1_14_cp2102_tx_fifo.v(line number: 652)] Value of replication constant '(c_RD_DEPTH_WIDTH - c_WR_DEPTH_WIDTH)' in multiple concatenation is 0.
I: Verilog-0004: [E:/code/PangoWork/Works/cboard_imu/Designs/hardware/cp2102/cp2102.v(line number: 18)] Elaborating instance u_uart_tx.
I: Verilog-0003: [E:/code/PangoWork/Works/cboard_imu/Designs/drivers/uart/uart_tx.v(line number: 5)] Elaborating module uart_tx.
I: Module instance {cboard_imu_debug_top/u_cp2102/u_uart_tx} parameter value:
    SYS_CLK_FREQ = 32'sh2FAF080 | 50000000 | 32'sb00000010111110101111000010000000
    UART_CLK_FREQ = 32'shE0F825 | 14743589 | 32'sb00000000111000001111100000100101
    BAUD_RATE = 32'shE1000 | 921600 | 32'sb00000000000011100001000000000000
    DATA_BITS = 32'sh8 | 8 | 32'sb00000000000000000000000000001000
    PARITY = NONE
    STOP_BITS = 32'sh1 | 1 | 32'sb00000000000000000000000000000001
I: Verilog-0004: [E:/code/PangoWork/Works/cboard_imu/Designs/cboard_imu_debug_top.v(line number: 115)] Elaborating instance u_led.
I: Verilog-0003: [E:/code/PangoWork/Works/cboard_imu/Designs/hardware/led/led.v(line number: 4)] Elaborating module led.
I: Module instance {cboard_imu_debug_top/u_led} parameter value:
    LED_NUMBER = 32'sh8 | 8 | 32'sb00000000000000000000000000001000
Executing : rtl-elaborate successfully. Time elapsed: 0.109s wall, 0.047s user + 0.047s system = 0.094s CPU (86.2%). Peak memory used: 189 MB.

Start rtl-prep.
W: Sdm-2020: [E:/code/PangoWork/Works/cboard_imu/ipcore/cboard_imu_rx_fifo/rtl/ipml_sdpram_v1_13_cboard_imu_rx_fifo.v(line number: 627)] Unused register rd_addr_bsel_rd_ce was removed.
W: Sdm-2020: [E:/code/PangoWork/Works/cboard_imu/ipcore/cboard_imu_rx_fifo/rtl/ipml_sdpram_v1_13_cboard_imu_rx_fifo.v(line number: 1047)] Unused register addr_bus_rd_ce was removed.
W: Sdm-2020: [E:/code/PangoWork/Works/cboard_imu/ipcore/cboard_imu_rx_fifo/rtl/ipml_sdpram_v1_13_cboard_imu_rx_fifo.v(line number: 1054)] Unused register addr_bus_rd_oce was removed.
W: Sdm-2020: [E:/code/PangoWork/Works/cboard_imu/ipcore/cboard_imu_rx_fifo/rtl/ipml_sdpram_v1_13_cboard_imu_rx_fifo.v(line number: 1061)] Unused register addr_bus_rd_invt was removed.
W: Sdm-2020: [E:/code/PangoWork/Works/cboard_imu/ipcore/cp2102_tx_fifo/rtl/ipml_sdpram_v1_13_cp2102_tx_fifo.v(line number: 627)] Unused register rd_addr_bsel_rd_ce was removed.
W: Sdm-2020: [E:/code/PangoWork/Works/cboard_imu/ipcore/cp2102_tx_fifo/rtl/ipml_sdpram_v1_13_cp2102_tx_fifo.v(line number: 1047)] Unused register addr_bus_rd_ce was removed.
W: Sdm-2020: [E:/code/PangoWork/Works/cboard_imu/ipcore/cp2102_tx_fifo/rtl/ipml_sdpram_v1_13_cp2102_tx_fifo.v(line number: 1054)] Unused register addr_bus_rd_oce was removed.
W: Sdm-2020: [E:/code/PangoWork/Works/cboard_imu/ipcore/cp2102_tx_fifo/rtl/ipml_sdpram_v1_13_cp2102_tx_fifo.v(line number: 1061)] Unused register addr_bus_rd_invt was removed.
Executing : rtl-prep successfully. Time elapsed: 0.037s wall, 0.031s user + 0.000s system = 0.031s CPU (85.1%). Peak memory used: 189 MB.

Start rtl-infer.
Start DFF-inference.
C: Sdm-3003: [E:/code/PangoWork/Works/cboard_imu/Designs/drivers/uart/uart_rx.v(line number: 116)] Reduce accumulator bit_index size from 32 to 3.
W: Sdm-2000: [E:/code/PangoWork/Works/cboard_imu/Designs/drivers/uart/uart_rx.v(line number: 116)] Removed register node u_cboard_imu/u_uart_rx/bit_index[31] that is stuck at constant 0.
W: Sdm-2000: [E:/code/PangoWork/Works/cboard_imu/Designs/drivers/uart/uart_rx.v(line number: 116)] Removed register node u_cboard_imu/u_uart_rx/bit_index[30] that is stuck at constant 0.
W: Sdm-2000: [E:/code/PangoWork/Works/cboard_imu/Designs/drivers/uart/uart_rx.v(line number: 116)] Removed register node u_cboard_imu/u_uart_rx/bit_index[29] that is stuck at constant 0.
W: Sdm-2000: [E:/code/PangoWork/Works/cboard_imu/Designs/drivers/uart/uart_rx.v(line number: 116)] Removed register node u_cboard_imu/u_uart_rx/bit_index[28] that is stuck at constant 0.
W: Sdm-2000: [E:/code/PangoWork/Works/cboard_imu/Designs/drivers/uart/uart_rx.v(line number: 116)] Removed register node u_cboard_imu/u_uart_rx/bit_index[27] that is stuck at constant 0.
W: Sdm-2000: [E:/code/PangoWork/Works/cboard_imu/Designs/drivers/uart/uart_rx.v(line number: 116)] Removed register node u_cboard_imu/u_uart_rx/bit_index[26] that is stuck at constant 0.
W: Sdm-2000: [E:/code/PangoWork/Works/cboard_imu/Designs/drivers/uart/uart_rx.v(line number: 116)] Removed register node u_cboard_imu/u_uart_rx/bit_index[25] that is stuck at constant 0.
W: Sdm-2000: [E:/code/PangoWork/Works/cboard_imu/Designs/drivers/uart/uart_rx.v(line number: 116)] Removed register node u_cboard_imu/u_uart_rx/bit_index[24] that is stuck at constant 0.
W: Sdm-2000: [E:/code/PangoWork/Works/cboard_imu/Designs/drivers/uart/uart_rx.v(line number: 116)] Removed register node u_cboard_imu/u_uart_rx/bit_index[23] that is stuck at constant 0.
W: Sdm-2000: [E:/code/PangoWork/Works/cboard_imu/Designs/drivers/uart/uart_rx.v(line number: 116)] Removed register node u_cboard_imu/u_uart_rx/bit_index[22] that is stuck at constant 0.
W: Sdm-2000: [E:/code/PangoWork/Works/cboard_imu/Designs/drivers/uart/uart_rx.v(line number: 116)] Removed register node u_cboard_imu/u_uart_rx/bit_index[21] that is stuck at constant 0.
W: Sdm-2000: [E:/code/PangoWork/Works/cboard_imu/Designs/drivers/uart/uart_rx.v(line number: 116)] Removed register node u_cboard_imu/u_uart_rx/bit_index[20] that is stuck at constant 0.
W: Sdm-2000: [E:/code/PangoWork/Works/cboard_imu/Designs/drivers/uart/uart_rx.v(line number: 116)] Removed register node u_cboard_imu/u_uart_rx/bit_index[19] that is stuck at constant 0.
W: Sdm-2000: [E:/code/PangoWork/Works/cboard_imu/Designs/drivers/uart/uart_rx.v(line number: 116)] Removed register node u_cboard_imu/u_uart_rx/bit_index[18] that is stuck at constant 0.
W: Sdm-2000: [E:/code/PangoWork/Works/cboard_imu/Designs/drivers/uart/uart_rx.v(line number: 116)] Removed register node u_cboard_imu/u_uart_rx/bit_index[17] that is stuck at constant 0.
W: Sdm-2000: [E:/code/PangoWork/Works/cboard_imu/Designs/drivers/uart/uart_rx.v(line number: 116)] Removed register node u_cboard_imu/u_uart_rx/bit_index[16] that is stuck at constant 0.
W: Sdm-2000: [E:/code/PangoWork/Works/cboard_imu/Designs/drivers/uart/uart_rx.v(line number: 116)] Removed register node u_cboard_imu/u_uart_rx/bit_index[15] that is stuck at constant 0.
W: Sdm-2000: [E:/code/PangoWork/Works/cboard_imu/Designs/drivers/uart/uart_rx.v(line number: 116)] Removed register node u_cboard_imu/u_uart_rx/bit_index[14] that is stuck at constant 0.
W: Sdm-2000: [E:/code/PangoWork/Works/cboard_imu/Designs/drivers/uart/uart_rx.v(line number: 116)] Removed register node u_cboard_imu/u_uart_rx/bit_index[13] that is stuck at constant 0.
W: Sdm-2000: [E:/code/PangoWork/Works/cboard_imu/Designs/drivers/uart/uart_rx.v(line number: 116)] Removed register node u_cboard_imu/u_uart_rx/bit_index[12] that is stuck at constant 0.
W: Sdm-2000: [E:/code/PangoWork/Works/cboard_imu/Designs/drivers/uart/uart_rx.v(line number: 116)] Removed register node u_cboard_imu/u_uart_rx/bit_index[11] that is stuck at constant 0.
W: Sdm-2000: [E:/code/PangoWork/Works/cboard_imu/Designs/drivers/uart/uart_rx.v(line number: 116)] Removed register node u_cboard_imu/u_uart_rx/bit_index[10] that is stuck at constant 0.
W: Sdm-2000: [E:/code/PangoWork/Works/cboard_imu/Designs/drivers/uart/uart_rx.v(line number: 116)] Removed register node u_cboard_imu/u_uart_rx/bit_index[9] that is stuck at constant 0.
W: Sdm-2000: [E:/code/PangoWork/Works/cboard_imu/Designs/drivers/uart/uart_rx.v(line number: 116)] Removed register node u_cboard_imu/u_uart_rx/bit_index[8] that is stuck at constant 0.
W: Sdm-2000: [E:/code/PangoWork/Works/cboard_imu/Designs/drivers/uart/uart_rx.v(line number: 116)] Removed register node u_cboard_imu/u_uart_rx/bit_index[7] that is stuck at constant 0.
W: Sdm-2000: [E:/code/PangoWork/Works/cboard_imu/Designs/drivers/uart/uart_rx.v(line number: 116)] Removed register node u_cboard_imu/u_uart_rx/bit_index[6] that is stuck at constant 0.
W: Sdm-2000: [E:/code/PangoWork/Works/cboard_imu/Designs/drivers/uart/uart_rx.v(line number: 116)] Removed register node u_cboard_imu/u_uart_rx/bit_index[5] that is stuck at constant 0.
W: Sdm-2000: [E:/code/PangoWork/Works/cboard_imu/Designs/drivers/uart/uart_rx.v(line number: 116)] Removed register node u_cboard_imu/u_uart_rx/bit_index[4] that is stuck at constant 0.
W: Sdm-2000: [E:/code/PangoWork/Works/cboard_imu/Designs/drivers/uart/uart_rx.v(line number: 116)] Removed register node u_cboard_imu/u_uart_rx/bit_index[3] that is stuck at constant 0.
C: Sdm-3003: [E:/code/PangoWork/Works/cboard_imu/Designs/drivers/uart/uart_rx.v(line number: 116)] Reduce accumulator stop_index size from 32 to 1.
W: Sdm-2000: [E:/code/PangoWork/Works/cboard_imu/Designs/drivers/uart/uart_rx.v(line number: 116)] Removed register node u_cboard_imu/u_uart_rx/stop_index[31] that is stuck at constant 0.
W: Sdm-2000: [E:/code/PangoWork/Works/cboard_imu/Designs/drivers/uart/uart_rx.v(line number: 116)] Removed register node u_cboard_imu/u_uart_rx/stop_index[30] that is stuck at constant 0.
W: Sdm-2000: [E:/code/PangoWork/Works/cboard_imu/Designs/drivers/uart/uart_rx.v(line number: 116)] Removed register node u_cboard_imu/u_uart_rx/stop_index[29] that is stuck at constant 0.
W: Sdm-2000: [E:/code/PangoWork/Works/cboard_imu/Designs/drivers/uart/uart_rx.v(line number: 116)] Removed register node u_cboard_imu/u_uart_rx/stop_index[28] that is stuck at constant 0.
W: Sdm-2000: [E:/code/PangoWork/Works/cboard_imu/Designs/drivers/uart/uart_rx.v(line number: 116)] Removed register node u_cboard_imu/u_uart_rx/stop_index[27] that is stuck at constant 0.
W: Sdm-2000: [E:/code/PangoWork/Works/cboard_imu/Designs/drivers/uart/uart_rx.v(line number: 116)] Removed register node u_cboard_imu/u_uart_rx/stop_index[26] that is stuck at constant 0.
W: Sdm-2000: [E:/code/PangoWork/Works/cboard_imu/Designs/drivers/uart/uart_rx.v(line number: 116)] Removed register node u_cboard_imu/u_uart_rx/stop_index[25] that is stuck at constant 0.
W: Sdm-2000: [E:/code/PangoWork/Works/cboard_imu/Designs/drivers/uart/uart_rx.v(line number: 116)] Removed register node u_cboard_imu/u_uart_rx/stop_index[24] that is stuck at constant 0.
W: Sdm-2000: [E:/code/PangoWork/Works/cboard_imu/Designs/drivers/uart/uart_rx.v(line number: 116)] Removed register node u_cboard_imu/u_uart_rx/stop_index[23] that is stuck at constant 0.
W: Sdm-2000: [E:/code/PangoWork/Works/cboard_imu/Designs/drivers/uart/uart_rx.v(line number: 116)] Removed register node u_cboard_imu/u_uart_rx/stop_index[22] that is stuck at constant 0.
W: Sdm-2000: [E:/code/PangoWork/Works/cboard_imu/Designs/drivers/uart/uart_rx.v(line number: 116)] Removed register node u_cboard_imu/u_uart_rx/stop_index[21] that is stuck at constant 0.
W: Sdm-2000: [E:/code/PangoWork/Works/cboard_imu/Designs/drivers/uart/uart_rx.v(line number: 116)] Removed register node u_cboard_imu/u_uart_rx/stop_index[20] that is stuck at constant 0.
W: Sdm-2000: [E:/code/PangoWork/Works/cboard_imu/Designs/drivers/uart/uart_rx.v(line number: 116)] Removed register node u_cboard_imu/u_uart_rx/stop_index[19] that is stuck at constant 0.
W: Sdm-2000: [E:/code/PangoWork/Works/cboard_imu/Designs/drivers/uart/uart_rx.v(line number: 116)] Removed register node u_cboard_imu/u_uart_rx/stop_index[18] that is stuck at constant 0.
W: Sdm-2000: [E:/code/PangoWork/Works/cboard_imu/Designs/drivers/uart/uart_rx.v(line number: 116)] Removed register node u_cboard_imu/u_uart_rx/stop_index[17] that is stuck at constant 0.
W: Sdm-2000: [E:/code/PangoWork/Works/cboard_imu/Designs/drivers/uart/uart_rx.v(line number: 116)] Removed register node u_cboard_imu/u_uart_rx/stop_index[16] that is stuck at constant 0.
W: Sdm-2000: [E:/code/PangoWork/Works/cboard_imu/Designs/drivers/uart/uart_rx.v(line number: 116)] Removed register node u_cboard_imu/u_uart_rx/stop_index[15] that is stuck at constant 0.
W: Sdm-2000: [E:/code/PangoWork/Works/cboard_imu/Designs/drivers/uart/uart_rx.v(line number: 116)] Removed register node u_cboard_imu/u_uart_rx/stop_index[14] that is stuck at constant 0.
W: Sdm-2000: [E:/code/PangoWork/Works/cboard_imu/Designs/drivers/uart/uart_rx.v(line number: 116)] Removed register node u_cboard_imu/u_uart_rx/stop_index[13] that is stuck at constant 0.
W: Sdm-2000: [E:/code/PangoWork/Works/cboard_imu/Designs/drivers/uart/uart_rx.v(line number: 116)] Removed register node u_cboard_imu/u_uart_rx/stop_index[12] that is stuck at constant 0.
W: Sdm-2000: [E:/code/PangoWork/Works/cboard_imu/Designs/drivers/uart/uart_rx.v(line number: 116)] Removed register node u_cboard_imu/u_uart_rx/stop_index[11] that is stuck at constant 0.
W: Sdm-2000: [E:/code/PangoWork/Works/cboard_imu/Designs/drivers/uart/uart_rx.v(line number: 116)] Removed register node u_cboard_imu/u_uart_rx/stop_index[10] that is stuck at constant 0.
W: Sdm-2000: [E:/code/PangoWork/Works/cboard_imu/Designs/drivers/uart/uart_rx.v(line number: 116)] Removed register node u_cboard_imu/u_uart_rx/stop_index[9] that is stuck at constant 0.
W: Sdm-2000: [E:/code/PangoWork/Works/cboard_imu/Designs/drivers/uart/uart_rx.v(line number: 116)] Removed register node u_cboard_imu/u_uart_rx/stop_index[8] that is stuck at constant 0.
W: Sdm-2000: [E:/code/PangoWork/Works/cboard_imu/Designs/drivers/uart/uart_rx.v(line number: 116)] Removed register node u_cboard_imu/u_uart_rx/stop_index[7] that is stuck at constant 0.
W: Sdm-2000: [E:/code/PangoWork/Works/cboard_imu/Designs/drivers/uart/uart_rx.v(line number: 116)] Removed register node u_cboard_imu/u_uart_rx/stop_index[6] that is stuck at constant 0.
W: Sdm-2000: [E:/code/PangoWork/Works/cboard_imu/Designs/drivers/uart/uart_rx.v(line number: 116)] Removed register node u_cboard_imu/u_uart_rx/stop_index[5] that is stuck at constant 0.
W: Sdm-2000: [E:/code/PangoWork/Works/cboard_imu/Designs/drivers/uart/uart_rx.v(line number: 116)] Removed register node u_cboard_imu/u_uart_rx/stop_index[4] that is stuck at constant 0.
W: Sdm-2000: [E:/code/PangoWork/Works/cboard_imu/Designs/drivers/uart/uart_rx.v(line number: 116)] Removed register node u_cboard_imu/u_uart_rx/stop_index[3] that is stuck at constant 0.
W: Sdm-2000: [E:/code/PangoWork/Works/cboard_imu/Designs/drivers/uart/uart_rx.v(line number: 116)] Removed register node u_cboard_imu/u_uart_rx/stop_index[2] that is stuck at constant 0.
W: Sdm-2000: [E:/code/PangoWork/Works/cboard_imu/Designs/drivers/uart/uart_rx.v(line number: 116)] Removed register node u_cboard_imu/u_uart_rx/stop_index[1] that is stuck at constant 0.
C: Sdm-3005: [E:/code/PangoWork/Works/cboard_imu/Designs/drivers/uart/uart_tx.v(line number: 168)] The value of index bit_index of variable tx_data_latch may be out of range [7:0], this may cause a simulation mismatch.
C: Sdm-3003: [E:/code/PangoWork/Works/cboard_imu/Designs/drivers/uart/uart_tx.v(line number: 99)] Reduce accumulator bit_index size from 32 to 3.
W: Sdm-2000: [E:/code/PangoWork/Works/cboard_imu/Designs/drivers/uart/uart_tx.v(line number: 99)] Removed register node u_cp2102/u_uart_tx/bit_index[31] that is stuck at constant 0.
W: Sdm-2000: [E:/code/PangoWork/Works/cboard_imu/Designs/drivers/uart/uart_tx.v(line number: 99)] Removed register node u_cp2102/u_uart_tx/bit_index[30] that is stuck at constant 0.
W: Sdm-2000: [E:/code/PangoWork/Works/cboard_imu/Designs/drivers/uart/uart_tx.v(line number: 99)] Removed register node u_cp2102/u_uart_tx/bit_index[29] that is stuck at constant 0.
W: Sdm-2000: [E:/code/PangoWork/Works/cboard_imu/Designs/drivers/uart/uart_tx.v(line number: 99)] Removed register node u_cp2102/u_uart_tx/bit_index[28] that is stuck at constant 0.
W: Sdm-2000: [E:/code/PangoWork/Works/cboard_imu/Designs/drivers/uart/uart_tx.v(line number: 99)] Removed register node u_cp2102/u_uart_tx/bit_index[27] that is stuck at constant 0.
W: Sdm-2000: [E:/code/PangoWork/Works/cboard_imu/Designs/drivers/uart/uart_tx.v(line number: 99)] Removed register node u_cp2102/u_uart_tx/bit_index[26] that is stuck at constant 0.
W: Sdm-2000: [E:/code/PangoWork/Works/cboard_imu/Designs/drivers/uart/uart_tx.v(line number: 99)] Removed register node u_cp2102/u_uart_tx/bit_index[25] that is stuck at constant 0.
W: Sdm-2000: [E:/code/PangoWork/Works/cboard_imu/Designs/drivers/uart/uart_tx.v(line number: 99)] Removed register node u_cp2102/u_uart_tx/bit_index[24] that is stuck at constant 0.
W: Sdm-2000: [E:/code/PangoWork/Works/cboard_imu/Designs/drivers/uart/uart_tx.v(line number: 99)] Removed register node u_cp2102/u_uart_tx/bit_index[23] that is stuck at constant 0.
W: Sdm-2000: [E:/code/PangoWork/Works/cboard_imu/Designs/drivers/uart/uart_tx.v(line number: 99)] Removed register node u_cp2102/u_uart_tx/bit_index[22] that is stuck at constant 0.
W: Sdm-2000: [E:/code/PangoWork/Works/cboard_imu/Designs/drivers/uart/uart_tx.v(line number: 99)] Removed register node u_cp2102/u_uart_tx/bit_index[21] that is stuck at constant 0.
W: Sdm-2000: [E:/code/PangoWork/Works/cboard_imu/Designs/drivers/uart/uart_tx.v(line number: 99)] Removed register node u_cp2102/u_uart_tx/bit_index[20] that is stuck at constant 0.
W: Sdm-2000: [E:/code/PangoWork/Works/cboard_imu/Designs/drivers/uart/uart_tx.v(line number: 99)] Removed register node u_cp2102/u_uart_tx/bit_index[19] that is stuck at constant 0.
W: Sdm-2000: [E:/code/PangoWork/Works/cboard_imu/Designs/drivers/uart/uart_tx.v(line number: 99)] Removed register node u_cp2102/u_uart_tx/bit_index[18] that is stuck at constant 0.
W: Sdm-2000: [E:/code/PangoWork/Works/cboard_imu/Designs/drivers/uart/uart_tx.v(line number: 99)] Removed register node u_cp2102/u_uart_tx/bit_index[17] that is stuck at constant 0.
W: Sdm-2000: [E:/code/PangoWork/Works/cboard_imu/Designs/drivers/uart/uart_tx.v(line number: 99)] Removed register node u_cp2102/u_uart_tx/bit_index[16] that is stuck at constant 0.
W: Sdm-2000: [E:/code/PangoWork/Works/cboard_imu/Designs/drivers/uart/uart_tx.v(line number: 99)] Removed register node u_cp2102/u_uart_tx/bit_index[15] that is stuck at constant 0.
W: Sdm-2000: [E:/code/PangoWork/Works/cboard_imu/Designs/drivers/uart/uart_tx.v(line number: 99)] Removed register node u_cp2102/u_uart_tx/bit_index[14] that is stuck at constant 0.
W: Sdm-2000: [E:/code/PangoWork/Works/cboard_imu/Designs/drivers/uart/uart_tx.v(line number: 99)] Removed register node u_cp2102/u_uart_tx/bit_index[13] that is stuck at constant 0.
W: Sdm-2000: [E:/code/PangoWork/Works/cboard_imu/Designs/drivers/uart/uart_tx.v(line number: 99)] Removed register node u_cp2102/u_uart_tx/bit_index[12] that is stuck at constant 0.
W: Sdm-2000: [E:/code/PangoWork/Works/cboard_imu/Designs/drivers/uart/uart_tx.v(line number: 99)] Removed register node u_cp2102/u_uart_tx/bit_index[11] that is stuck at constant 0.
W: Sdm-2000: [E:/code/PangoWork/Works/cboard_imu/Designs/drivers/uart/uart_tx.v(line number: 99)] Removed register node u_cp2102/u_uart_tx/bit_index[10] that is stuck at constant 0.
W: Sdm-2000: [E:/code/PangoWork/Works/cboard_imu/Designs/drivers/uart/uart_tx.v(line number: 99)] Removed register node u_cp2102/u_uart_tx/bit_index[9] that is stuck at constant 0.
W: Sdm-2000: [E:/code/PangoWork/Works/cboard_imu/Designs/drivers/uart/uart_tx.v(line number: 99)] Removed register node u_cp2102/u_uart_tx/bit_index[8] that is stuck at constant 0.
W: Sdm-2000: [E:/code/PangoWork/Works/cboard_imu/Designs/drivers/uart/uart_tx.v(line number: 99)] Removed register node u_cp2102/u_uart_tx/bit_index[7] that is stuck at constant 0.
W: Sdm-2000: [E:/code/PangoWork/Works/cboard_imu/Designs/drivers/uart/uart_tx.v(line number: 99)] Removed register node u_cp2102/u_uart_tx/bit_index[6] that is stuck at constant 0.
W: Sdm-2000: [E:/code/PangoWork/Works/cboard_imu/Designs/drivers/uart/uart_tx.v(line number: 99)] Removed register node u_cp2102/u_uart_tx/bit_index[5] that is stuck at constant 0.
W: Sdm-2000: [E:/code/PangoWork/Works/cboard_imu/Designs/drivers/uart/uart_tx.v(line number: 99)] Removed register node u_cp2102/u_uart_tx/bit_index[4] that is stuck at constant 0.
W: Sdm-2000: [E:/code/PangoWork/Works/cboard_imu/Designs/drivers/uart/uart_tx.v(line number: 99)] Removed register node u_cp2102/u_uart_tx/bit_index[3] that is stuck at constant 0.
C: Sdm-3003: [E:/code/PangoWork/Works/cboard_imu/Designs/drivers/uart/uart_tx.v(line number: 99)] Reduce accumulator stop_index size from 32 to 1.
W: Sdm-2000: [E:/code/PangoWork/Works/cboard_imu/Designs/drivers/uart/uart_tx.v(line number: 99)] Removed register node u_cp2102/u_uart_tx/stop_index[31] that is stuck at constant 0.
W: Sdm-2000: [E:/code/PangoWork/Works/cboard_imu/Designs/drivers/uart/uart_tx.v(line number: 99)] Removed register node u_cp2102/u_uart_tx/stop_index[30] that is stuck at constant 0.
W: Sdm-2000: [E:/code/PangoWork/Works/cboard_imu/Designs/drivers/uart/uart_tx.v(line number: 99)] Removed register node u_cp2102/u_uart_tx/stop_index[29] that is stuck at constant 0.
W: Sdm-2000: [E:/code/PangoWork/Works/cboard_imu/Designs/drivers/uart/uart_tx.v(line number: 99)] Removed register node u_cp2102/u_uart_tx/stop_index[28] that is stuck at constant 0.
W: Sdm-2000: [E:/code/PangoWork/Works/cboard_imu/Designs/drivers/uart/uart_tx.v(line number: 99)] Removed register node u_cp2102/u_uart_tx/stop_index[27] that is stuck at constant 0.
W: Sdm-2000: [E:/code/PangoWork/Works/cboard_imu/Designs/drivers/uart/uart_tx.v(line number: 99)] Removed register node u_cp2102/u_uart_tx/stop_index[26] that is stuck at constant 0.
W: Sdm-2000: [E:/code/PangoWork/Works/cboard_imu/Designs/drivers/uart/uart_tx.v(line number: 99)] Removed register node u_cp2102/u_uart_tx/stop_index[25] that is stuck at constant 0.
W: Sdm-2000: [E:/code/PangoWork/Works/cboard_imu/Designs/drivers/uart/uart_tx.v(line number: 99)] Removed register node u_cp2102/u_uart_tx/stop_index[24] that is stuck at constant 0.
W: Sdm-2000: [E:/code/PangoWork/Works/cboard_imu/Designs/drivers/uart/uart_tx.v(line number: 99)] Removed register node u_cp2102/u_uart_tx/stop_index[23] that is stuck at constant 0.
W: Sdm-2000: [E:/code/PangoWork/Works/cboard_imu/Designs/drivers/uart/uart_tx.v(line number: 99)] Removed register node u_cp2102/u_uart_tx/stop_index[22] that is stuck at constant 0.
W: Sdm-2000: [E:/code/PangoWork/Works/cboard_imu/Designs/drivers/uart/uart_tx.v(line number: 99)] Removed register node u_cp2102/u_uart_tx/stop_index[21] that is stuck at constant 0.
W: Sdm-2000: [E:/code/PangoWork/Works/cboard_imu/Designs/drivers/uart/uart_tx.v(line number: 99)] Removed register node u_cp2102/u_uart_tx/stop_index[20] that is stuck at constant 0.
W: Sdm-2000: [E:/code/PangoWork/Works/cboard_imu/Designs/drivers/uart/uart_tx.v(line number: 99)] Removed register node u_cp2102/u_uart_tx/stop_index[19] that is stuck at constant 0.
W: Sdm-2000: [E:/code/PangoWork/Works/cboard_imu/Designs/drivers/uart/uart_tx.v(line number: 99)] Removed register node u_cp2102/u_uart_tx/stop_index[18] that is stuck at constant 0.
W: Sdm-2000: [E:/code/PangoWork/Works/cboard_imu/Designs/drivers/uart/uart_tx.v(line number: 99)] Removed register node u_cp2102/u_uart_tx/stop_index[17] that is stuck at constant 0.
W: Sdm-2000: [E:/code/PangoWork/Works/cboard_imu/Designs/drivers/uart/uart_tx.v(line number: 99)] Removed register node u_cp2102/u_uart_tx/stop_index[16] that is stuck at constant 0.
W: Sdm-2000: [E:/code/PangoWork/Works/cboard_imu/Designs/drivers/uart/uart_tx.v(line number: 99)] Removed register node u_cp2102/u_uart_tx/stop_index[15] that is stuck at constant 0.
W: Sdm-2000: [E:/code/PangoWork/Works/cboard_imu/Designs/drivers/uart/uart_tx.v(line number: 99)] Removed register node u_cp2102/u_uart_tx/stop_index[14] that is stuck at constant 0.
W: Sdm-2000: [E:/code/PangoWork/Works/cboard_imu/Designs/drivers/uart/uart_tx.v(line number: 99)] Removed register node u_cp2102/u_uart_tx/stop_index[13] that is stuck at constant 0.
W: Sdm-2000: [E:/code/PangoWork/Works/cboard_imu/Designs/drivers/uart/uart_tx.v(line number: 99)] Removed register node u_cp2102/u_uart_tx/stop_index[12] that is stuck at constant 0.
W: Sdm-2000: [E:/code/PangoWork/Works/cboard_imu/Designs/drivers/uart/uart_tx.v(line number: 99)] Removed register node u_cp2102/u_uart_tx/stop_index[11] that is stuck at constant 0.
W: Sdm-2000: [E:/code/PangoWork/Works/cboard_imu/Designs/drivers/uart/uart_tx.v(line number: 99)] Removed register node u_cp2102/u_uart_tx/stop_index[10] that is stuck at constant 0.
W: Sdm-2000: [E:/code/PangoWork/Works/cboard_imu/Designs/drivers/uart/uart_tx.v(line number: 99)] Removed register node u_cp2102/u_uart_tx/stop_index[9] that is stuck at constant 0.
W: Sdm-2000: [E:/code/PangoWork/Works/cboard_imu/Designs/drivers/uart/uart_tx.v(line number: 99)] Removed register node u_cp2102/u_uart_tx/stop_index[8] that is stuck at constant 0.
W: Sdm-2000: [E:/code/PangoWork/Works/cboard_imu/Designs/drivers/uart/uart_tx.v(line number: 99)] Removed register node u_cp2102/u_uart_tx/stop_index[7] that is stuck at constant 0.
W: Sdm-2000: [E:/code/PangoWork/Works/cboard_imu/Designs/drivers/uart/uart_tx.v(line number: 99)] Removed register node u_cp2102/u_uart_tx/stop_index[6] that is stuck at constant 0.
W: Sdm-2000: [E:/code/PangoWork/Works/cboard_imu/Designs/drivers/uart/uart_tx.v(line number: 99)] Removed register node u_cp2102/u_uart_tx/stop_index[5] that is stuck at constant 0.
W: Sdm-2000: [E:/code/PangoWork/Works/cboard_imu/Designs/drivers/uart/uart_tx.v(line number: 99)] Removed register node u_cp2102/u_uart_tx/stop_index[4] that is stuck at constant 0.
W: Sdm-2000: [E:/code/PangoWork/Works/cboard_imu/Designs/drivers/uart/uart_tx.v(line number: 99)] Removed register node u_cp2102/u_uart_tx/stop_index[3] that is stuck at constant 0.
W: Sdm-2000: [E:/code/PangoWork/Works/cboard_imu/Designs/drivers/uart/uart_tx.v(line number: 99)] Removed register node u_cp2102/u_uart_tx/stop_index[2] that is stuck at constant 0.
W: Sdm-2000: [E:/code/PangoWork/Works/cboard_imu/Designs/drivers/uart/uart_tx.v(line number: 99)] Removed register node u_cp2102/u_uart_tx/stop_index[1] that is stuck at constant 0.
Executing : DFF-inference successfully.
W: Sdm-2000: [E:/code/PangoWork/Works/cboard_imu/ipcore/cboard_imu_rx_fifo/rtl/ipml_sdpram_v1_13_cboard_imu_rx_fifo.v(line number: 556)] Removed register node u_cboard_imu/u_cboard_imu_rx_fifo/U_ipml_fifo_cboard_imu_rx_fifo/U_ipml_sdpram/wr_cs_bit2_bus_ff[0] that is stuck at constant 0.
W: Sdm-2000: [E:/code/PangoWork/Works/cboard_imu/ipcore/cboard_imu_rx_fifo/rtl/ipml_sdpram_v1_13_cboard_imu_rx_fifo.v(line number: 556)] Removed register node u_cboard_imu/u_cboard_imu_rx_fifo/U_ipml_fifo_cboard_imu_rx_fifo/U_ipml_sdpram/wr_cs_bit0_ff that is stuck at constant 0.
W: Sdm-2000: [E:/code/PangoWork/Works/cboard_imu/ipcore/cboard_imu_rx_fifo/rtl/ipml_sdpram_v1_13_cboard_imu_rx_fifo.v(line number: 556)] Removed register node u_cboard_imu/u_cboard_imu_rx_fifo/U_ipml_fifo_cboard_imu_rx_fifo/U_ipml_sdpram/wr_cs_bit1_bus_ff[0] that is stuck at constant 0.
W: Sdm-2000: [E:/code/PangoWork/Works/cboard_imu/ipcore/cboard_imu_rx_fifo/rtl/ipml_sdpram_v1_13_cboard_imu_rx_fifo.v(line number: 745)] Removed register node u_cboard_imu/u_cboard_imu_rx_fifo/U_ipml_fifo_cboard_imu_rx_fifo/U_ipml_sdpram/rd_cs_bit0_ff that is stuck at constant 0.
W: Sdm-2000: [E:/code/PangoWork/Works/cboard_imu/ipcore/cboard_imu_rx_fifo/rtl/ipml_sdpram_v1_13_cboard_imu_rx_fifo.v(line number: 745)] Removed register node u_cboard_imu/u_cboard_imu_rx_fifo/U_ipml_fifo_cboard_imu_rx_fifo/U_ipml_sdpram/rd_cs_bit1_bus_ff[0] that is stuck at constant 0.
W: Sdm-2000: [E:/code/PangoWork/Works/cboard_imu/ipcore/cboard_imu_rx_fifo/rtl/ipml_sdpram_v1_13_cboard_imu_rx_fifo.v(line number: 745)] Removed register node u_cboard_imu/u_cboard_imu_rx_fifo/U_ipml_fifo_cboard_imu_rx_fifo/U_ipml_sdpram/rd_cs_bit2_bus_ff[0] that is stuck at constant 0.
W: Sdm-2000: [E:/code/PangoWork/Works/cboard_imu/ipcore/cp2102_tx_fifo/rtl/ipml_sdpram_v1_13_cp2102_tx_fifo.v(line number: 556)] Removed register node u_cp2102/u_cp2102_tx_fifo/U_ipml_fifo_cp2102_tx_fifo/U_ipml_sdpram/wr_cs_bit2_bus_ff[0] that is stuck at constant 0.
W: Sdm-2000: [E:/code/PangoWork/Works/cboard_imu/ipcore/cp2102_tx_fifo/rtl/ipml_sdpram_v1_13_cp2102_tx_fifo.v(line number: 556)] Removed register node u_cp2102/u_cp2102_tx_fifo/U_ipml_fifo_cp2102_tx_fifo/U_ipml_sdpram/wr_cs_bit0_ff that is stuck at constant 0.
W: Sdm-2000: [E:/code/PangoWork/Works/cboard_imu/ipcore/cp2102_tx_fifo/rtl/ipml_sdpram_v1_13_cp2102_tx_fifo.v(line number: 556)] Removed register node u_cp2102/u_cp2102_tx_fifo/U_ipml_fifo_cp2102_tx_fifo/U_ipml_sdpram/wr_cs_bit1_bus_ff[0] that is stuck at constant 0.
W: Sdm-2000: [E:/code/PangoWork/Works/cboard_imu/ipcore/cp2102_tx_fifo/rtl/ipml_sdpram_v1_13_cp2102_tx_fifo.v(line number: 745)] Removed register node u_cp2102/u_cp2102_tx_fifo/U_ipml_fifo_cp2102_tx_fifo/U_ipml_sdpram/rd_cs_bit0_ff that is stuck at constant 0.
W: Sdm-2000: [E:/code/PangoWork/Works/cboard_imu/ipcore/cp2102_tx_fifo/rtl/ipml_sdpram_v1_13_cp2102_tx_fifo.v(line number: 745)] Removed register node u_cp2102/u_cp2102_tx_fifo/U_ipml_fifo_cp2102_tx_fifo/U_ipml_sdpram/rd_cs_bit1_bus_ff[0] that is stuck at constant 0.
W: Sdm-2000: [E:/code/PangoWork/Works/cboard_imu/ipcore/cp2102_tx_fifo/rtl/ipml_sdpram_v1_13_cp2102_tx_fifo.v(line number: 745)] Removed register node u_cp2102/u_cp2102_tx_fifo/U_ipml_fifo_cp2102_tx_fifo/U_ipml_sdpram/rd_cs_bit2_bus_ff[0] that is stuck at constant 0.
Executing : rtl-infer successfully. Time elapsed: 0.568s wall, 0.453s user + 0.109s system = 0.562s CPU (99.1%). Peak memory used: 191 MB.

Start rtl-control-opt.
Executing : rtl-control-opt successfully. Time elapsed: 0.048s wall, 0.047s user + 0.016s system = 0.062s CPU (129.3%). Peak memory used: 191 MB.

Start rtl-data-opt.
Executing : rtl-data-opt successfully. Time elapsed: 0.034s wall, 0.016s user + 0.016s system = 0.031s CPU (91.5%). Peak memory used: 191 MB.

Start FSM inference.
I: FSM current_state_fsm[2:0] inferred.
FSM current_state_fsm[2:0] STG:
Number of reachable states: 5
Input nets: N168 uart_data_rx[7:0] 
S1(001)-->S2(010): x10101010
S0(000)-->S1(001): x01010101
S1(001)-->S1(001): x01010101
S2(010)-->S3(011): 1xxxxxxxx
S3(011)-->S4(100): xxxxxxxxx
S4(100)-->S0(000): x1xxxxxxx
S4(100)-->S0(000): xx0xxxxxx
S4(100)-->S0(000): xxx1xxxxx
S4(100)-->S0(000): xxxx0xxxx
S4(100)-->S0(000): xxxxx1xxx
S4(100)-->S0(000): xxxxxx0xx
S4(100)-->S0(000): xxxxxxx1x
S4(100)-->S0(000): xxxxxxxx0
S0(000)-->S1(001): x01010101
S4(100)-->S1(001): x01010101
S1(001)-->S0(000): x11xxxxxx
S1(001)-->S0(000): x00xxxxxx
S1(001)-->S0(000): xx00xxxxx
S1(001)-->S0(000): xx11xxxxx
S1(001)-->S0(000): xxx11xxxx
S1(001)-->S0(000): xxx00xxxx
S1(001)-->S0(000): xxxx00xxx
S1(001)-->S0(000): xxxx11xxx
S1(001)-->S0(000): xxxxx11xx
S1(001)-->S0(000): xxxxx00xx
S1(001)-->S0(000): xxxxxx00x
S1(001)-->S0(000): xxxxxx11x
S1(001)-->S0(000): xxxxxxx11
S1(001)-->S0(000): xxxxxxx00

I: FSM xfer_current_state_fsm[1:0] inferred.
FSM xfer_current_state_fsm[1:0] STG:
Number of reachable states: 4
Input nets: N18 tx_fifo_wr_full_inv 
S0(00)-->S1(01): 1x
S1(01)-->S2(10): xx
S2(10)-->S3(11): xx
S3(11)-->S0(00): x1

I: FSM tx_current_state_fsm[2:0] inferred.
FSM tx_current_state_fsm[2:0] STG:
Number of reachable states: 6
Input nets: N189 tx_fifo_rd_empty_inv uart_busy 
S0(000)-->S1(001): x1x
S1(001)-->S2(010): xxx
S2(010)-->S3(011): xxx
S3(011)-->S4(100): xxx
S4(100)-->S5(101): xx1
S5(101)-->S3(011): 0x0
S5(101)-->S0(000): 1x0

I: FSM current_state_fsm[2:0] inferred.
FSM current_state_fsm[2:0] STG:
Number of reachable states: 4
Input nets: N23 N34 bit_sample rx_sync start_sample 
S0(000)-->S1(001): xxx0x
S1(001)-->S2(010): xxx01
S2(010)-->S3(100): 1xxxx
S2(010)-->S3(100): 1x1xx
S3(100)-->S0(000): x1xxx
S1(001)-->S0(000): xxx11

I: FSM current_state_fsm[2:0] inferred.
FSM current_state_fsm[2:0] STG:
Number of reachable states: 4
Input nets: N16 N27 bit_done uart_data_valid_tx 
S0(000)-->S1(001): xxx1
S1(001)-->S2(010): xx1x
S2(010)-->S3(100): 1xxx
S2(010)-->S3(100): 1x1x
S3(100)-->S0(000): x1xx

Executing : FSM inference successfully. Time elapsed: 0.072s wall, 0.062s user + 0.000s system = 0.062s CPU (87.1%). Peak memory used: 191 MB.

Start sdm2adm.
I: Constant propagation done on bit_index[3]_inv (bmsINV).
I: Constant propagation done on bit_index[4]_inv (bmsINV).
I: Constant propagation done on bit_index[5]_inv (bmsINV).
I: Constant propagation done on bit_index[6]_inv (bmsINV).
I: Constant propagation done on bit_index[7]_inv (bmsINV).
I: Constant propagation done on bit_index[8]_inv (bmsINV).
I: Constant propagation done on bit_index[9]_inv (bmsINV).
I: Constant propagation done on bit_index[10]_inv (bmsINV).
I: Constant propagation done on bit_index[11]_inv (bmsINV).
I: Constant propagation done on bit_index[12]_inv (bmsINV).
Executing : sdm2adm successfully. Time elapsed: 0.070s wall, 0.078s user + 0.000s system = 0.078s CPU (111.7%). Peak memory used: 203 MB.

Saving design to DB.
Action Compile: Export DB successfully.
Action compile: Real time elapsed is 0h:0m:7s
Action compile: CPU time elapsed is 0h:0m:2s
Action compile: Process CPU time elapsed is 0h:0m:2s
Action compile: Peak memory pool usage is 203 MB

Current time: Fri Sep 25 20:08:09 2026
Action from compile to compile: Total Real Time elapsed is 0h:0m:7s
Action from compile to compile: Total CPU time elapsed is 0h:0m:2s
Action from compile to compile: Total Process CPU Time elapsed is 0h:0m:2s
Process "Compile" done.
E: Public-0001: Failed to save project file 'E:/code/PangoWork/Works/cboard_imu/impl.pds'.
Executing : wait_on_tasks [get_tasks syn_1] -to_action compile successfully.
W: Public-4023: Error has occurred, please run command clean before running again.
W: Public-4023: Error has occurred, please run command clean before running again.
W: Public-4023: Error has occurred, please run command clean before running again.
W: Public-4023: Error has occurred, please run command clean before running again.
W: Public-4023: Error has occurred, please run command clean before running again.
W: Public-4023: Error has occurred, please run command clean before running again.
W: Public-4023: Error has occurred, please run command clean before running again.
W: Public-4023: Error has occurred, please run command clean before running again.
W: Public-4023: Error has occurred, please run command clean before running again.
W: Public-4023: Error has occurred, please run command clean before running again.
W: Public-4023: Error has occurred, please run command clean before running again.
W: Public-4023: Error has occurred, please run command clean before running again.
W: Public-4023: Error has occurred, please run command clean before running again.
W: Public-4023: Error has occurred, please run command clean before running again.
W: Public-4023: Error has occurred, please run command clean before running again.
W: Public-4023: Error has occurred, please run command clean before running again.
W: Public-4023: Error has occurred, please run command clean before running again.
W: Public-4023: Error has occurred, please run command clean before running again.
W: Public-4023: Error has occurred, please run command clean before running again.
W: Public-4023: Error has occurred, please run command clean before running again.
W: Public-4023: Error has occurred, please run command clean before running again.
W: Public-4023: Error has occurred, please run command clean before running again.
W: Public-4023: Error has occurred, please run command clean before running again.
W: Public-4023: Error has occurred, please run command clean before running again.
W: Public-4023: Error has occurred, please run command clean before running again.
W: Public-4023: Error has occurred, please run command clean before running again.
W: Public-4023: Error has occurred, please run command clean before running again.
W: Public-4023: Error has occurred, please run command clean before running again.
W: Public-4023: Error has occurred, please run command clean before running again.
W: Public-4023: Error has occurred, please run command clean before running again.
W: Public-4023: Error has occurred, please run command clean before running again.
W: Public-4023: Error has occurred, please run command clean before running again.
W: Public-4023: Error has occurred, please run command clean before running again.
W: Public-4023: Error has occurred, please run command clean before running again.
W: Public-4023: Error has occurred, please run command clean before running again.
W: Public-4023: Error has occurred, please run command clean before running again.
W: Public-4023: Error has occurred, please run command clean before running again.
W: Public-4023: Error has occurred, please run command clean before running again.
W: Public-4023: Error has occurred, please run command clean before running again.
W: Public-4023: Error has occurred, please run command clean before running again.
W: Public-4023: Error has occurred, please run command clean before running again.
W: Public-4023: Error has occurred, please run command clean before running again.
W: Public-4023: Error has occurred, please run command clean before running again.
W: Public-4023: Error has occurred, please run command clean before running again.
W: Public-4023: Error has occurred, please run command clean before running again.
W: Public-4023: Error has occurred, please run command clean before running again.
W: Public-4023: Error has occurred, please run command clean before running again.
W: Public-4023: Error has occurred, please run command clean before running again.
W: Public-4023: Error has occurred, please run command clean before running again.
W: Public-4023: Error has occurred, please run command clean before running again.
W: Public-4023: Error has occurred, please run command clean before running again.
W: Public-4023: Error has occurred, please run command clean before running again.
W: Public-4023: Error has occurred, please run command clean before running again.
W: Public-4023: Error has occurred, please run command clean before running again.
W: Public-4023: Error has occurred, please run command clean before running again.
W: Public-4023: Error has occurred, please run command clean before running again.
W: Public-4023: Error has occurred, please run command clean before running again.
W: Public-4023: Error has occurred, please run command clean before running again.
