#Build: Fabric Compiler 2025.2, Build 211867, Jan 16 16:10 2026
#Install: D:\pango\PDS_2025.2-ads\bin
#Application name: pds_shell.exe
#OS: Windows 11 10.0.26100
#CPU: Unknown
#RAM(GB): 16
#Hostname: hustlyrm
#Generated by Fabric Compiler (version 2025.2 build 211867) at Thu Oct  1 18:26:33 2026
Executing : open_project D:/pango/works/ECSDC_FPGA_2026/query_reset.pds successfully.
Executing : create_project D:/pango/works/ECSDC_FPGA_2026/query_reset.pds -force -in_process successfully.
Executing : help
Executing : help successfully.
Executing : get_tasks -help
Executing : get_tasks -help successfully.
Executing : launch_tasks -help
Executing : launch_tasks -help successfully.


Executing : rerun -help
Executing : rerun -help successfully.
Executing : clean -help
Executing : clean -help successfully.
