#Build: Fabric Compiler 2025.2, Build 211867, Jan 16 16:10 2026
#Install: D:\pango\PDS_2025.2-ads\bin
#Application name: pds_shell.exe
#OS: Windows 11 10.0.26100
#CPU: Unknown
#RAM(GB): 16
#Hostname: hustlyrm
#Generated by Fabric Compiler (version 2025.2 build 211867) at Wed Sep 30 21:23:50 2026
 
Command: set_option -options { top_module {flash_read_top} top_library {work}} [get_filesets design_1]
launch_tasks [get_tasks {syn_1}] -to_action compile
wait_on_tasks [get_tasks {syn_1}] -to_action compile
Process "Compile" started.
Current time: Wed Sep 30 21:23:50 2026
Compiling architecture definition.
Analyzing project file 'D:/pango/works/ECSDC_FPGA_2026/prj_tasks/syn_1/compile/compile.ptemp'.
#Generated by Fabric Compiler (version 2025.2 build 211867) at Wed Sep 30 21:23:51 2026
Parameters for debugging are loaded as follows:
License checkout: fabric_ads from D:/pango/PDS_2025.2-ads/new_pds_F4A80DA47D72.lic
Compiling verification operator library.
Compiling vendor parameter file.
Loading technology operator library.
Compiling technology operator library.
Compiling technology operator (valence) library.
I: Enable Verilog2k features and keywords
Start rtl-analyze.
I: Include path: D:/pango/works/ECSDC_FPGA_2026
I: Verilog-0001: Analyzing file D:/pango/works/ECSDC_FPGA_2026/Designs/flash_read_top.v.
I: Verilog-0002: [D:/pango/works/ECSDC_FPGA_2026/Designs/flash_read_top.v(line number: 2)] Analyzing module flash_read_top (library work).
Parsing done.
I: Verilog-0001: Analyzing file D:/pango/works/ECSDC_FPGA_2026/Designs/Hardware/cp2102/cp2102_driver.v.
I: Verilog-0002: [D:/pango/works/ECSDC_FPGA_2026/Designs/Hardware/cp2102/cp2102_driver.v(line number: 6)] Analyzing module cp2102 (library work).
I: Verilog-0002: [D:/pango/works/ECSDC_FPGA_2026/Designs/Hardware/cp2102/cp2102_driver.v(line number: 234)] Analyzing module cp2102_uart_tx (library work).
Parsing done.
I: Verilog-0001: Analyzing file D:/pango/works/ECSDC_FPGA_2026/Designs/Hardware/cp2102/cp2102_top.v.
I: Verilog-0002: [D:/pango/works/ECSDC_FPGA_2026/Designs/Hardware/cp2102/cp2102_top.v(line number: 2)] Analyzing module cp2102_top (library work).
Parsing done.
I: Verilog-0001: Analyzing file D:/pango/works/ECSDC_FPGA_2026/Designs/Hardware/flash/flash_driver.v.
I: Verilog-0002: [D:/pango/works/ECSDC_FPGA_2026/Designs/Hardware/flash/flash_driver.v(line number: 4)] Analyzing module flash_driver (library work).
Parsing done.
I: Verilog-0001: Analyzing file D:/pango/works/ECSDC_FPGA_2026/Designs/Hardware/flash/flash_top.v.
I: Verilog-0002: [D:/pango/works/ECSDC_FPGA_2026/Designs/Hardware/flash/flash_top.v(line number: 3)] Analyzing module flash_top (library work).
Parsing done.
I: Verilog-0001: Analyzing file D:/pango/works/ECSDC_FPGA_2026/Designs/Driver/spi/qspi_master_rx.v.
I: Verilog-0002: [D:/pango/works/ECSDC_FPGA_2026/Designs/Driver/spi/qspi_master_rx.v(line number: 4)] Analyzing module qspi_master_rx (library work).
Parsing done.
I: Verilog-0001: Analyzing file D:/pango/works/ECSDC_FPGA_2026/Designs/Driver/uart/uart_tx.v.
I: Verilog-0002: [D:/pango/works/ECSDC_FPGA_2026/Designs/Driver/uart/uart_tx.v(line number: 5)] Analyzing module uart_tx (library work).
Parsing done.
I: Verilog-0001: Analyzing file D:/pango/works/ECSDC_FPGA_2026/Designs/Driver/uart/uart_rx.v.
I: Verilog-0002: [D:/pango/works/ECSDC_FPGA_2026/Designs/Driver/uart/uart_rx.v(line number: 3)] Analyzing module uart_rx (library work).
Parsing done.
I: Verilog-0001: Analyzing file D:/pango/works/ECSDC_FPGA_2026/ipcore/cp2102_tx_fifo/rtl/ipml_fifo_ctrl_v1_14_cp2102_tx_fifo.v.
I: Verilog-0002: [D:/pango/works/ECSDC_FPGA_2026/ipcore/cp2102_tx_fifo/rtl/ipml_fifo_ctrl_v1_14_cp2102_tx_fifo.v(line number: 18)] Analyzing module ipml_fifo_ctrl_v1_14_cp2102_tx_fifo (library cp2102_tx_fifo).
I: [D:/pango/works/ECSDC_FPGA_2026/ipcore/cp2102_tx_fifo/rtl/ipml_fifo_ctrl_v1_14_cp2102_tx_fifo.v(line number: 56)] Convert attribute name from syn_preserve to PAP_PRESERVE
I: [D:/pango/works/ECSDC_FPGA_2026/ipcore/cp2102_tx_fifo/rtl/ipml_fifo_ctrl_v1_14_cp2102_tx_fifo.v(line number: 58)] Convert attribute name from syn_preserve to PAP_PRESERVE
I: [D:/pango/works/ECSDC_FPGA_2026/ipcore/cp2102_tx_fifo/rtl/ipml_fifo_ctrl_v1_14_cp2102_tx_fifo.v(line number: 69)] Convert attribute name from syn_preserve to PAP_PRESERVE
I: [D:/pango/works/ECSDC_FPGA_2026/ipcore/cp2102_tx_fifo/rtl/ipml_fifo_ctrl_v1_14_cp2102_tx_fifo.v(line number: 71)] Convert attribute name from syn_preserve to PAP_PRESERVE
I: [D:/pango/works/ECSDC_FPGA_2026/ipcore/cp2102_tx_fifo/rtl/ipml_fifo_ctrl_v1_14_cp2102_tx_fifo.v(line number: 99)] Convert attribute name from syn_preserve to PAP_PRESERVE
I: [D:/pango/works/ECSDC_FPGA_2026/ipcore/cp2102_tx_fifo/rtl/ipml_fifo_ctrl_v1_14_cp2102_tx_fifo.v(line number: 100)] Convert attribute name from syn_preserve to PAP_PRESERVE
Parsing done.
I: Verilog-0001: Analyzing file D:/pango/works/ECSDC_FPGA_2026/ipcore/cp2102_tx_fifo/rtl/ipml_sdpram_v1_13_cp2102_tx_fifo.v.
I: Verilog-0002: [D:/pango/works/ECSDC_FPGA_2026/ipcore/cp2102_tx_fifo/rtl/ipml_sdpram_v1_13_cp2102_tx_fifo.v(line number: 18)] Analyzing module ipml_sdpram_v1_13_cp2102_tx_fifo (library cp2102_tx_fifo).
W: Verilog-2064: [D:/pango/works/ECSDC_FPGA_2026/ipcore/cp2102_tx_fifo/rtl/ipml_sdpram_v1_13_cp2102_tx_fifo.v(line number: 305)] Within an initial construct, only memory $readmemh/$readmemb initialization and variable initialization statements are supported and other statements will be ignored. Simulation mismatch may occur.
Parsing done.
I: Verilog-0001: Analyzing file D:/pango/works/ECSDC_FPGA_2026/ipcore/cp2102_tx_fifo/rtl/ipml_fifo_v1_14_cp2102_tx_fifo.v.
I: Verilog-0002: [D:/pango/works/ECSDC_FPGA_2026/ipcore/cp2102_tx_fifo/rtl/ipml_fifo_v1_14_cp2102_tx_fifo.v(line number: 23)] Analyzing module ipml_fifo_v1_14_cp2102_tx_fifo (library cp2102_tx_fifo).
Parsing done.
I: Verilog-0001: Analyzing file D:/pango/works/ECSDC_FPGA_2026/ipcore/cp2102_tx_fifo/cp2102_tx_fifo.v.
I: Verilog-0002: [D:/pango/works/ECSDC_FPGA_2026/ipcore/cp2102_tx_fifo/cp2102_tx_fifo.v(line number: 16)] Analyzing module cp2102_tx_fifo (library cp2102_tx_fifo).
Parsing done.
I: Verilog-0001: Analyzing file D:/pango/works/ECSDC_FPGA_2026/ipcore/flash_rx_fifo/rtl/ipml_fifo_ctrl_v1_14_flash_rx_fifo.v.
I: Verilog-0002: [D:/pango/works/ECSDC_FPGA_2026/ipcore/flash_rx_fifo/rtl/ipml_fifo_ctrl_v1_14_flash_rx_fifo.v(line number: 18)] Analyzing module ipml_fifo_ctrl_v1_14_flash_rx_fifo (library flash_rx_fifo).
I: [D:/pango/works/ECSDC_FPGA_2026/ipcore/flash_rx_fifo/rtl/ipml_fifo_ctrl_v1_14_flash_rx_fifo.v(line number: 56)] Convert attribute name from syn_preserve to PAP_PRESERVE
I: [D:/pango/works/ECSDC_FPGA_2026/ipcore/flash_rx_fifo/rtl/ipml_fifo_ctrl_v1_14_flash_rx_fifo.v(line number: 58)] Convert attribute name from syn_preserve to PAP_PRESERVE
I: [D:/pango/works/ECSDC_FPGA_2026/ipcore/flash_rx_fifo/rtl/ipml_fifo_ctrl_v1_14_flash_rx_fifo.v(line number: 69)] Convert attribute name from syn_preserve to PAP_PRESERVE
I: [D:/pango/works/ECSDC_FPGA_2026/ipcore/flash_rx_fifo/rtl/ipml_fifo_ctrl_v1_14_flash_rx_fifo.v(line number: 71)] Convert attribute name from syn_preserve to PAP_PRESERVE
I: [D:/pango/works/ECSDC_FPGA_2026/ipcore/flash_rx_fifo/rtl/ipml_fifo_ctrl_v1_14_flash_rx_fifo.v(line number: 99)] Convert attribute name from syn_preserve to PAP_PRESERVE
I: [D:/pango/works/ECSDC_FPGA_2026/ipcore/flash_rx_fifo/rtl/ipml_fifo_ctrl_v1_14_flash_rx_fifo.v(line number: 100)] Convert attribute name from syn_preserve to PAP_PRESERVE
Parsing done.
I: Verilog-0001: Analyzing file D:/pango/works/ECSDC_FPGA_2026/ipcore/flash_rx_fifo/rtl/ipml_sdpram_v1_13_flash_rx_fifo.v.
I: Verilog-0002: [D:/pango/works/ECSDC_FPGA_2026/ipcore/flash_rx_fifo/rtl/ipml_sdpram_v1_13_flash_rx_fifo.v(line number: 18)] Analyzing module ipml_sdpram_v1_13_flash_rx_fifo (library flash_rx_fifo).
W: Verilog-2064: [D:/pango/works/ECSDC_FPGA_2026/ipcore/flash_rx_fifo/rtl/ipml_sdpram_v1_13_flash_rx_fifo.v(line number: 305)] Within an initial construct, only memory $readmemh/$readmemb initialization and variable initialization statements are supported and other statements will be ignored. Simulation mismatch may occur.
Parsing done.
I: Verilog-0001: Analyzing file D:/pango/works/ECSDC_FPGA_2026/ipcore/flash_rx_fifo/rtl/ipml_fifo_v1_14_flash_rx_fifo.v.
I: Verilog-0002: [D:/pango/works/ECSDC_FPGA_2026/ipcore/flash_rx_fifo/rtl/ipml_fifo_v1_14_flash_rx_fifo.v(line number: 23)] Analyzing module ipml_fifo_v1_14_flash_rx_fifo (library flash_rx_fifo).
Parsing done.
I: Verilog-0001: Analyzing file D:/pango/works/ECSDC_FPGA_2026/ipcore/flash_rx_fifo/flash_rx_fifo.v.
I: Verilog-0002: [D:/pango/works/ECSDC_FPGA_2026/ipcore/flash_rx_fifo/flash_rx_fifo.v(line number: 16)] Analyzing module flash_rx_fifo (library flash_rx_fifo).
Parsing done.
I: Verilog-0001: Analyzing file D:/pango/works/ECSDC_FPGA_2026/ipcore/pll_50mhz/pll_50mhz.v.
I: Verilog-0002: [D:/pango/works/ECSDC_FPGA_2026/ipcore/pll_50mhz/pll_50mhz.v(line number: 18)] Analyzing module pll_50mhz (library pll_50mhz).
Parsing done.
I: Module "flash_read_top" is set as top module
Executing : rtl-analyze successfully. Time elapsed: 1.578s wall, 0.000s user + 0.031s system = 0.031s CPU (2.0%). Peak memory used: 177 MB.

Start rtl-elaborate.
I: Verilog-0003: [D:/pango/works/ECSDC_FPGA_2026/Designs/flash_read_top.v(line number: 2)] Elaborating module flash_read_top.
I: Verilog-0004: [D:/pango/works/ECSDC_FPGA_2026/Designs/flash_read_top.v(line number: 49)] Elaborating instance u_cp2102_top.
I: Verilog-0003: [D:/pango/works/ECSDC_FPGA_2026/Designs/Hardware/cp2102/cp2102_top.v(line number: 2)] Elaborating module cp2102_top.
I: Module instance {flash_read_top/u_cp2102_top} parameter value:
    UART_CLK_FREQ = 32'sh2FAF080 | 50000000 | 32'sb00000010111110101111000010000000
    UART_BAUD_RATE = 32'shE1000 | 921600 | 32'sb00000000000011100001000000000000
    PAYLOAD_WORDS = 32'sh8 | 8 | 32'sb00000000000000000000000000001000
I: Verilog-0004: [D:/pango/works/ECSDC_FPGA_2026/Designs/Hardware/cp2102/cp2102_top.v(line number: 21)] Elaborating instance u_cp2102.
I: Verilog-0003: [D:/pango/works/ECSDC_FPGA_2026/Designs/Hardware/cp2102/cp2102_driver.v(line number: 6)] Elaborating module cp2102.
I: Module instance {flash_read_top/u_cp2102_top/u_cp2102} parameter value:
    SYS_CLK_FREQ = 32'sh2FAF080 | 50000000 | 32'sb00000010111110101111000010000000
    UART_CLK_FREQ = 32'sh2FAF080 | 50000000 | 32'sb00000010111110101111000010000000
    BAUD_RATE = 32'shE1000 | 921600 | 32'sb00000000000011100001000000000000
    DATA_BITS = 32'sh8 | 8 | 32'sb00000000000000000000000000001000
    PARITY = NONE
    STOP_BITS = 32'sh1 | 1 | 32'sb00000000000000000000000000000001
    PAYLOAD_WORDS = 32'sh8 | 8 | 32'sb00000000000000000000000000001000
I: Verilog-0004: [D:/pango/works/ECSDC_FPGA_2026/Designs/Hardware/cp2102/cp2102_driver.v(line number: 41)] Elaborating instance u_cp2102_tx_fifo.
I: Verilog-0003: [D:/pango/works/ECSDC_FPGA_2026/ipcore/cp2102_tx_fifo/cp2102_tx_fifo.v(line number: 16)] Elaborating module cp2102_tx_fifo.
I: Verilog-0004: [D:/pango/works/ECSDC_FPGA_2026/ipcore/cp2102_tx_fifo/cp2102_tx_fifo.v(line number: 174)] Elaborating instance U_ipml_fifo_cp2102_tx_fifo.
I: Verilog-0003: [D:/pango/works/ECSDC_FPGA_2026/ipcore/cp2102_tx_fifo/rtl/ipml_fifo_v1_14_cp2102_tx_fifo.v(line number: 23)] Elaborating module ipml_fifo_v1_14_cp2102_tx_fifo.
I: Module instance {flash_read_top/u_cp2102_top/u_cp2102/u_cp2102_tx_fifo/U_ipml_fifo_cp2102_tx_fifo} parameter value:
    c_SIM_DEVICE = LOGOS
    c_WR_DEPTH_WIDTH = 32'sh9 | 9 | 32'sb00000000000000000000000000001001
    c_WR_DATA_WIDTH = 32'sh20 | 32 | 32'sb00000000000000000000000000100000
    c_RD_DEPTH_WIDTH = 32'sh9 | 9 | 32'sb00000000000000000000000000001001
    c_RD_DATA_WIDTH = 32'sh20 | 32 | 32'sb00000000000000000000000000100000
    c_OUTPUT_REG = 32'sh0 | 0 | 32'sb00000000000000000000000000000000
    c_RD_OCE_EN = 32'sh0 | 0 | 32'sb00000000000000000000000000000000
    c_RESET_TYPE = ASYNC_RESET
    c_POWER_OPT = 32'sh0 | 0 | 32'sb00000000000000000000000000000000
    c_RD_CLK_OR_POL_INV = 32'sh0 | 0 | 32'sb00000000000000000000000000000000
    c_WR_BYTE_EN = 32'sh0 | 0 | 32'sb00000000000000000000000000000000
    c_BE_WIDTH = 32'sh1 | 1 | 32'sb00000000000000000000000000000001
    c_FIFO_TYPE = ASYN
    c_ALMOST_FULL_NUM = 32'sh1C | 28 | 32'sb00000000000000000000000000011100
    c_ALMOST_EMPTY_NUM = 32'sh4 | 4 | 32'sb00000000000000000000000000000100
    c_DATA_VALID_EN = 32'sh0 | 0 | 32'sb00000000000000000000000000000000
    c_PREFETCH_EN = 32'sh0 | 0 | 32'sb00000000000000000000000000000000
I: Verilog-0004: [D:/pango/works/ECSDC_FPGA_2026/ipcore/cp2102_tx_fifo/rtl/ipml_fifo_v1_14_cp2102_tx_fifo.v(line number: 96)] Elaborating instance U_ipml_sdpram.
I: Verilog-0003: [D:/pango/works/ECSDC_FPGA_2026/ipcore/cp2102_tx_fifo/rtl/ipml_sdpram_v1_13_cp2102_tx_fifo.v(line number: 18)] Elaborating module ipml_sdpram_v1_13_cp2102_tx_fifo.
I: Module instance {flash_read_top/u_cp2102_top/u_cp2102/u_cp2102_tx_fifo/U_ipml_fifo_cp2102_tx_fifo/U_ipml_sdpram} parameter value:
    c_SIM_DEVICE = LOGOS
    c_WR_ADDR_WIDTH = 32'sh9 | 9 | 32'sb00000000000000000000000000001001
    c_WR_DATA_WIDTH = 32'sh20 | 32 | 32'sb00000000000000000000000000100000
    c_RD_ADDR_WIDTH = 32'sh9 | 9 | 32'sb00000000000000000000000000001001
    c_RD_DATA_WIDTH = 32'sh20 | 32 | 32'sb00000000000000000000000000100000
    c_OUTPUT_REG = 32'sh0 | 0 | 32'sb00000000000000000000000000000000
    c_RD_OCE_EN = 32'sh0 | 0 | 32'sb00000000000000000000000000000000
    c_WR_ADDR_STROBE_EN = 32'sh0 | 0 | 32'sb00000000000000000000000000000000
    c_RD_ADDR_STROBE_EN = 32'sh0 | 0 | 32'sb00000000000000000000000000000000
    c_WR_CLK_EN = 32'sh1 | 1 | 32'sb00000000000000000000000000000001
    c_RD_CLK_EN = 32'sh1 | 1 | 32'sb00000000000000000000000000000001
    c_RD_CLK_OR_POL_INV = 32'sh0 | 0 | 32'sb00000000000000000000000000000000
    c_RESET_TYPE = ASYNC_RESET
    c_POWER_OPT = 32'sh0 | 0 | 32'sb00000000000000000000000000000000
    c_INIT_FILE = NONE
    c_INIT_FORMAT = BIN
    c_WR_BYTE_EN = 32'sh0 | 0 | 32'sb00000000000000000000000000000000
    c_BE_WIDTH = 32'sh1 | 1 | 32'sb00000000000000000000000000000001
W: Verilog-2039: [D:/pango/works/ECSDC_FPGA_2026/ipcore/cp2102_tx_fifo/rtl/ipml_sdpram_v1_13_cp2102_tx_fifo.v(line number: 472)] Value of replication constant '(CAS_DATA_WIDTH_A - c_WR_DATA_WIDTH)' in multiple concatenation is 0.
W: Verilog-2039: [D:/pango/works/ECSDC_FPGA_2026/ipcore/cp2102_tx_fifo/rtl/ipml_sdpram_v1_13_cp2102_tx_fifo.v(line number: 474)] Value of replication constant '(ADDR_WIDTH_A - c_WR_ADDR_WIDTH)' in multiple concatenation is 0.
W: Verilog-2038: [D:/pango/works/ECSDC_FPGA_2026/ipcore/cp2102_tx_fifo/rtl/ipml_sdpram_v1_13_cp2102_tx_fifo.v(line number: 484)] This case item expression '1' never match with the case expression 'DRM_DATA_WIDTH_A'.
W: Verilog-2038: [D:/pango/works/ECSDC_FPGA_2026/ipcore/cp2102_tx_fifo/rtl/ipml_sdpram_v1_13_cp2102_tx_fifo.v(line number: 485)] This case item expression '2' never match with the case expression 'DRM_DATA_WIDTH_A'.
W: Verilog-2038: [D:/pango/works/ECSDC_FPGA_2026/ipcore/cp2102_tx_fifo/rtl/ipml_sdpram_v1_13_cp2102_tx_fifo.v(line number: 486)] This case item expression '4' never match with the case expression 'DRM_DATA_WIDTH_A'.
W: Verilog-2038: [D:/pango/works/ECSDC_FPGA_2026/ipcore/cp2102_tx_fifo/rtl/ipml_sdpram_v1_13_cp2102_tx_fifo.v(line number: 487)] This case item expression '8' never match with the case expression 'DRM_DATA_WIDTH_A'.
W: Verilog-2038: [D:/pango/works/ECSDC_FPGA_2026/ipcore/cp2102_tx_fifo/rtl/ipml_sdpram_v1_13_cp2102_tx_fifo.v(line number: 487)] This case item expression '9' never match with the case expression 'DRM_DATA_WIDTH_A'.
W: Verilog-2038: [D:/pango/works/ECSDC_FPGA_2026/ipcore/cp2102_tx_fifo/rtl/ipml_sdpram_v1_13_cp2102_tx_fifo.v(line number: 488)] This case item expression '18' never match with the case expression 'DRM_DATA_WIDTH_A'.
W: Verilog-2038: [D:/pango/works/ECSDC_FPGA_2026/ipcore/cp2102_tx_fifo/rtl/ipml_sdpram_v1_13_cp2102_tx_fifo.v(line number: 484)] This case item expression '1' never match with the case expression 'DRM_DATA_WIDTH_A'.
W: Verilog-2038: [D:/pango/works/ECSDC_FPGA_2026/ipcore/cp2102_tx_fifo/rtl/ipml_sdpram_v1_13_cp2102_tx_fifo.v(line number: 485)] This case item expression '2' never match with the case expression 'DRM_DATA_WIDTH_A'.
W: Verilog-2038: [D:/pango/works/ECSDC_FPGA_2026/ipcore/cp2102_tx_fifo/rtl/ipml_sdpram_v1_13_cp2102_tx_fifo.v(line number: 486)] This case item expression '4' never match with the case expression 'DRM_DATA_WIDTH_A'.
W: Verilog-2038: [D:/pango/works/ECSDC_FPGA_2026/ipcore/cp2102_tx_fifo/rtl/ipml_sdpram_v1_13_cp2102_tx_fifo.v(line number: 487)] This case item expression '8' never match with the case expression 'DRM_DATA_WIDTH_A'.
W: Verilog-2038: [D:/pango/works/ECSDC_FPGA_2026/ipcore/cp2102_tx_fifo/rtl/ipml_sdpram_v1_13_cp2102_tx_fifo.v(line number: 487)] This case item expression '9' never match with the case expression 'DRM_DATA_WIDTH_A'.
W: Verilog-2038: [D:/pango/works/ECSDC_FPGA_2026/ipcore/cp2102_tx_fifo/rtl/ipml_sdpram_v1_13_cp2102_tx_fifo.v(line number: 488)] This case item expression '18' never match with the case expression 'DRM_DATA_WIDTH_A'.
W: Verilog-2039: [D:/pango/works/ECSDC_FPGA_2026/ipcore/cp2102_tx_fifo/rtl/ipml_sdpram_v1_13_cp2102_tx_fifo.v(line number: 620)] Value of replication constant '(ADDR_WIDTH_B - c_RD_ADDR_WIDTH)' in multiple concatenation is 0.
W: Verilog-2038: [D:/pango/works/ECSDC_FPGA_2026/ipcore/cp2102_tx_fifo/rtl/ipml_sdpram_v1_13_cp2102_tx_fifo.v(line number: 674)] This case item expression '1' never match with the case expression 'DRM_DATA_WIDTH_B'.
W: Verilog-2038: [D:/pango/works/ECSDC_FPGA_2026/ipcore/cp2102_tx_fifo/rtl/ipml_sdpram_v1_13_cp2102_tx_fifo.v(line number: 675)] This case item expression '2' never match with the case expression 'DRM_DATA_WIDTH_B'.
W: Verilog-2038: [D:/pango/works/ECSDC_FPGA_2026/ipcore/cp2102_tx_fifo/rtl/ipml_sdpram_v1_13_cp2102_tx_fifo.v(line number: 676)] This case item expression '4' never match with the case expression 'DRM_DATA_WIDTH_B'.
W: Verilog-2038: [D:/pango/works/ECSDC_FPGA_2026/ipcore/cp2102_tx_fifo/rtl/ipml_sdpram_v1_13_cp2102_tx_fifo.v(line number: 677)] This case item expression '8' never match with the case expression 'DRM_DATA_WIDTH_B'.
W: Verilog-2038: [D:/pango/works/ECSDC_FPGA_2026/ipcore/cp2102_tx_fifo/rtl/ipml_sdpram_v1_13_cp2102_tx_fifo.v(line number: 677)] This case item expression '9' never match with the case expression 'DRM_DATA_WIDTH_B'.
W: Verilog-2038: [D:/pango/works/ECSDC_FPGA_2026/ipcore/cp2102_tx_fifo/rtl/ipml_sdpram_v1_13_cp2102_tx_fifo.v(line number: 678)] This case item expression '18' never match with the case expression 'DRM_DATA_WIDTH_B'.
I: Verilog-0004: [D:/pango/works/ECSDC_FPGA_2026/ipcore/cp2102_tx_fifo/rtl/ipml_sdpram_v1_13_cp2102_tx_fifo.v(line number: 839)] Elaborating instance U_GTP_DRM9K.
I: Verilog-0004: [D:/pango/works/ECSDC_FPGA_2026/ipcore/cp2102_tx_fifo/rtl/ipml_sdpram_v1_13_cp2102_tx_fifo.v(line number: 839)] Elaborating instance U_GTP_DRM9K.
I: Sdm-0004: [D:/pango/works/ECSDC_FPGA_2026/ipcore/cp2102_tx_fifo/rtl/ipml_sdpram_v1_13_cp2102_tx_fifo.v(line number: 47)] Input port wr_byte_en in module ipml_sdpram_v1_13_cp2102_tx_fifo has no load.
W: Verilog-2020: [D:/pango/works/ECSDC_FPGA_2026/ipcore/cp2102_tx_fifo/rtl/ipml_sdpram_v1_13_cp2102_tx_fifo.v(line number: 760)] Net DA_bus[8] in ipml_sdpram_v1_13_cp2102_tx_fifo(original module ipml_sdpram_v1_13_cp2102_tx_fifo) does not have a driver, tie it to 0.
W: Verilog-2020: [D:/pango/works/ECSDC_FPGA_2026/ipcore/cp2102_tx_fifo/rtl/ipml_sdpram_v1_13_cp2102_tx_fifo.v(line number: 760)] Net DA_bus[17] in ipml_sdpram_v1_13_cp2102_tx_fifo(original module ipml_sdpram_v1_13_cp2102_tx_fifo) does not have a driver, tie it to 0.
W: Verilog-2020: [D:/pango/works/ECSDC_FPGA_2026/ipcore/cp2102_tx_fifo/rtl/ipml_sdpram_v1_13_cp2102_tx_fifo.v(line number: 760)] Net DA_bus[26] in ipml_sdpram_v1_13_cp2102_tx_fifo(original module ipml_sdpram_v1_13_cp2102_tx_fifo) does not have a driver, tie it to 0.
W: Verilog-2020: [D:/pango/works/ECSDC_FPGA_2026/ipcore/cp2102_tx_fifo/rtl/ipml_sdpram_v1_13_cp2102_tx_fifo.v(line number: 760)] Net DA_bus[35] in ipml_sdpram_v1_13_cp2102_tx_fifo(original module ipml_sdpram_v1_13_cp2102_tx_fifo) does not have a driver, tie it to 0.
W: Verilog-2020: [D:/pango/works/ECSDC_FPGA_2026/ipcore/cp2102_tx_fifo/rtl/ipml_sdpram_v1_13_cp2102_tx_fifo.v(line number: 761)] Net DB_bus[8] in ipml_sdpram_v1_13_cp2102_tx_fifo(original module ipml_sdpram_v1_13_cp2102_tx_fifo) does not have a driver, tie it to 0.
W: Verilog-2020: [D:/pango/works/ECSDC_FPGA_2026/ipcore/cp2102_tx_fifo/rtl/ipml_sdpram_v1_13_cp2102_tx_fifo.v(line number: 761)] Net DB_bus[17] in ipml_sdpram_v1_13_cp2102_tx_fifo(original module ipml_sdpram_v1_13_cp2102_tx_fifo) does not have a driver, tie it to 0.
W: Verilog-2020: [D:/pango/works/ECSDC_FPGA_2026/ipcore/cp2102_tx_fifo/rtl/ipml_sdpram_v1_13_cp2102_tx_fifo.v(line number: 761)] Net DB_bus[26] in ipml_sdpram_v1_13_cp2102_tx_fifo(original module ipml_sdpram_v1_13_cp2102_tx_fifo) does not have a driver, tie it to 0.
W: Verilog-2020: [D:/pango/works/ECSDC_FPGA_2026/ipcore/cp2102_tx_fifo/rtl/ipml_sdpram_v1_13_cp2102_tx_fifo.v(line number: 761)] Net DB_bus[35] in ipml_sdpram_v1_13_cp2102_tx_fifo(original module ipml_sdpram_v1_13_cp2102_tx_fifo) does not have a driver, tie it to 0.
I: Verilog-0004: [D:/pango/works/ECSDC_FPGA_2026/ipcore/cp2102_tx_fifo/rtl/ipml_fifo_v1_14_cp2102_tx_fifo.v(line number: 127)] Elaborating instance U_ipml_fifo_ctrl.
I: Verilog-0003: [D:/pango/works/ECSDC_FPGA_2026/ipcore/cp2102_tx_fifo/rtl/ipml_fifo_ctrl_v1_14_cp2102_tx_fifo.v(line number: 18)] Elaborating module ipml_fifo_ctrl_v1_14_cp2102_tx_fifo.
I: Module instance {flash_read_top/u_cp2102_top/u_cp2102/u_cp2102_tx_fifo/U_ipml_fifo_cp2102_tx_fifo/U_ipml_fifo_ctrl} parameter value:
    c_WR_DEPTH_WIDTH = 32'sh9 | 9 | 32'sb00000000000000000000000000001001
    c_RD_DEPTH_WIDTH = 32'sh9 | 9 | 32'sb00000000000000000000000000001001
    c_FIFO_TYPE = ASYN
    c_ALMOST_FULL_NUM = 32'sh1C | 28 | 32'sb00000000000000000000000000011100
    c_ALMOST_EMPTY_NUM = 32'sh4 | 4 | 32'sb00000000000000000000000000000100
    c_PREFETCH_EN = 32'sh0 | 0 | 32'sb00000000000000000000000000000000
    c_DATA_VALID_EN = 32'sh0 | 0 | 32'sb00000000000000000000000000000000
    c_OUTPUT_REG = 32'sh0 | 0 | 32'sb00000000000000000000000000000000
    c_FAB_REG = 32'sh0 | 0 | 32'sb00000000000000000000000000000000
    c_RD_CLK_OR_POL_INV = 32'sh0 | 0 | 32'sb00000000000000000000000000000000
W: Verilog-2039: [D:/pango/works/ECSDC_FPGA_2026/ipcore/cp2102_tx_fifo/rtl/ipml_fifo_ctrl_v1_14_cp2102_tx_fifo.v(line number: 652)] Value of replication constant '(c_RD_DEPTH_WIDTH - c_WR_DEPTH_WIDTH)' in multiple concatenation is 0.
I: Verilog-0004: [D:/pango/works/ECSDC_FPGA_2026/Designs/Hardware/cp2102/cp2102_driver.v(line number: 129)] Elaborating instance u_uart_tx.
I: Verilog-0003: [D:/pango/works/ECSDC_FPGA_2026/Designs/Hardware/cp2102/cp2102_driver.v(line number: 234)] Elaborating module cp2102_uart_tx.
I: Module instance {flash_read_top/u_cp2102_top/u_cp2102/u_uart_tx} parameter value:
    UART_CLK_FREQ = 32'sh2FAF080 | 50000000 | 32'sb00000010111110101111000010000000
    BAUD_RATE = 32'shE1000 | 921600 | 32'sb00000000000011100001000000000000
    DATA_BITS = 32'sh8 | 8 | 32'sb00000000000000000000000000001000
    PARITY = NONE
    STOP_BITS = 32'sh1 | 1 | 32'sb00000000000000000000000000000001
I: Verilog-0004: [D:/pango/works/ECSDC_FPGA_2026/Designs/flash_read_top.v(line number: 30)] Elaborating instance u_flash_driver.
I: Verilog-0003: [D:/pango/works/ECSDC_FPGA_2026/Designs/Hardware/flash/flash_driver.v(line number: 4)] Elaborating module flash_driver.
I: Module instance {flash_read_top/u_flash_driver} parameter value:
    QSPI_CLK_FREQ = 32'sh2FAF080 | 50000000 | 32'sb00000010111110101111000010000000
    QSPI_SCK_FREQ = 32'shBEBC20 | 12500000 | 32'sb00000000101111101011110000100000
    QSPI_MODE = 32'sh0 | 0 | 32'sb00000000000000000000000000000000
    FLASH_READ_OPCODE = 8'h6B | 8'd107 | 8'b01101011
    FLASH_START_ADDRESS = 24'h20200 | 24'd131584 | 24'b000000100000001000000000
    FLASH_DUMMY_CYCLES = 8'h8 | 8'd8 | 8'b00001000
    FLASH_BYTE_COUNT = 32'sh20 | 32 | 32'sb00000000000000000000000000100000
I: Verilog-0004: [D:/pango/works/ECSDC_FPGA_2026/Designs/Hardware/flash/flash_driver.v(line number: 41)] Elaborating instance u_qspi_master_rx.
I: Verilog-0003: [D:/pango/works/ECSDC_FPGA_2026/Designs/Driver/spi/qspi_master_rx.v(line number: 4)] Elaborating module qspi_master_rx.
I: Module instance {flash_read_top/u_flash_driver/u_qspi_master_rx} parameter value:
    QSPI_CLK_FREQ = 32'sh2FAF080 | 50000000 | 32'sb00000010111110101111000010000000
    QSPI_SCK_FREQ = 32'shBEBC20 | 12500000 | 32'sb00000000101111101011110000100000
    QSPI_MODE = 32'sh0 | 0 | 32'sb00000000000000000000000000000000
    READ_OPCODE = 8'h6B | 8'd107 | 8'b01101011
    READ_START_ADDRESS = 24'h20200 | 24'd131584 | 24'b000000100000001000000000
    READ_DUMMY_CYCLES = 8'h8 | 8'd8 | 8'b00001000
W: Verilog-2038: [D:/pango/works/ECSDC_FPGA_2026/Designs/Driver/spi/qspi_master_rx.v(line number: 70)] This case item expression '8'bzzzzzzzz' never match with the case expression 'value'.
W: Verilog-2038: [D:/pango/works/ECSDC_FPGA_2026/Designs/Driver/spi/qspi_master_rx.v(line number: 80)] This case item expression '24'bzzzzzzzzzzzzzzzzzzzzzzzz' never match with the case expression 'value'.
W: Verilog-2038: [D:/pango/works/ECSDC_FPGA_2026/Designs/Driver/spi/qspi_master_rx.v(line number: 90)] This case item expression '8'bzzzzzzzz' never match with the case expression 'value'.
Executing : rtl-elaborate successfully. Time elapsed: 0.068s wall, 0.031s user + 0.031s system = 0.062s CPU (92.4%). Peak memory used: 187 MB.

Start rtl-prep.
W: Sdm-2020: [D:/pango/works/ECSDC_FPGA_2026/ipcore/cp2102_tx_fifo/rtl/ipml_sdpram_v1_13_cp2102_tx_fifo.v(line number: 627)] Unused register rd_addr_bsel_rd_ce was removed.
W: Sdm-2020: [D:/pango/works/ECSDC_FPGA_2026/ipcore/cp2102_tx_fifo/rtl/ipml_sdpram_v1_13_cp2102_tx_fifo.v(line number: 1047)] Unused register addr_bus_rd_ce was removed.
W: Sdm-2020: [D:/pango/works/ECSDC_FPGA_2026/ipcore/cp2102_tx_fifo/rtl/ipml_sdpram_v1_13_cp2102_tx_fifo.v(line number: 1054)] Unused register addr_bus_rd_oce was removed.
W: Sdm-2020: [D:/pango/works/ECSDC_FPGA_2026/ipcore/cp2102_tx_fifo/rtl/ipml_sdpram_v1_13_cp2102_tx_fifo.v(line number: 1061)] Unused register addr_bus_rd_invt was removed.
Executing : rtl-prep successfully. Time elapsed: 0.024s wall, 0.000s user + 0.031s system = 0.031s CPU (130.3%). Peak memory used: 187 MB.

Start rtl-infer.
Start DFF-inference.
Executing : DFF-inference successfully.
W: Sdm-2000: [D:/pango/works/ECSDC_FPGA_2026/ipcore/cp2102_tx_fifo/rtl/ipml_sdpram_v1_13_cp2102_tx_fifo.v(line number: 556)] Removed register node u_cp2102_top/u_cp2102/u_cp2102_tx_fifo/U_ipml_fifo_cp2102_tx_fifo/U_ipml_sdpram/wr_cs_bit2_bus_ff[0] that is stuck at constant 0.
W: Sdm-2000: [D:/pango/works/ECSDC_FPGA_2026/ipcore/cp2102_tx_fifo/rtl/ipml_sdpram_v1_13_cp2102_tx_fifo.v(line number: 556)] Removed register node u_cp2102_top/u_cp2102/u_cp2102_tx_fifo/U_ipml_fifo_cp2102_tx_fifo/U_ipml_sdpram/wr_cs_bit0_ff that is stuck at constant 0.
W: Sdm-2000: [D:/pango/works/ECSDC_FPGA_2026/ipcore/cp2102_tx_fifo/rtl/ipml_sdpram_v1_13_cp2102_tx_fifo.v(line number: 556)] Removed register node u_cp2102_top/u_cp2102/u_cp2102_tx_fifo/U_ipml_fifo_cp2102_tx_fifo/U_ipml_sdpram/wr_cs_bit1_bus_ff[0] that is stuck at constant 0.
W: Sdm-2000: [D:/pango/works/ECSDC_FPGA_2026/ipcore/cp2102_tx_fifo/rtl/ipml_sdpram_v1_13_cp2102_tx_fifo.v(line number: 745)] Removed register node u_cp2102_top/u_cp2102/u_cp2102_tx_fifo/U_ipml_fifo_cp2102_tx_fifo/U_ipml_sdpram/rd_cs_bit0_ff that is stuck at constant 0.
W: Sdm-2000: [D:/pango/works/ECSDC_FPGA_2026/ipcore/cp2102_tx_fifo/rtl/ipml_sdpram_v1_13_cp2102_tx_fifo.v(line number: 745)] Removed register node u_cp2102_top/u_cp2102/u_cp2102_tx_fifo/U_ipml_fifo_cp2102_tx_fifo/U_ipml_sdpram/rd_cs_bit1_bus_ff[0] that is stuck at constant 0.
W: Sdm-2000: [D:/pango/works/ECSDC_FPGA_2026/ipcore/cp2102_tx_fifo/rtl/ipml_sdpram_v1_13_cp2102_tx_fifo.v(line number: 745)] Removed register node u_cp2102_top/u_cp2102/u_cp2102_tx_fifo/U_ipml_fifo_cp2102_tx_fifo/U_ipml_sdpram/rd_cs_bit2_bus_ff[0] that is stuck at constant 0.
I: Removed inst frame_sent that is redundant to frame_done.
Executing : rtl-infer successfully. Time elapsed: 0.369s wall, 0.250s user + 0.125s system = 0.375s CPU (101.7%). Peak memory used: 189 MB.

Start rtl-control-opt.
Executing : rtl-control-opt successfully. Time elapsed: 0.035s wall, 0.031s user + 0.000s system = 0.031s CPU (88.5%). Peak memory used: 189 MB.

Start rtl-data-opt.
Executing : rtl-data-opt successfully. Time elapsed: 0.016s wall, 0.016s user + 0.000s system = 0.016s CPU (96.3%). Peak memory used: 189 MB.

Start FSM inference.
I: FSM byte_index_fsm[1:0] inferred.
FSM byte_index_fsm[1:0] STG:
Number of reachable states: 4
Input nets: 
S0(00)-->S1(01): x
S1(01)-->S2(10): x
S2(10)-->S3(11): x
S3(11)-->S0(00): x

I: FSM tx_state_fsm[3:0] inferred.
FSM tx_state_fsm[3:0] STG:
Number of reachable states: 9
Input nets: N83 N223 N231 header_byte_index tx_fifo_rd_empty_inv tx_mode[1:0] uart_busy 
S0(0000)-->S1(0001): 1xxxxxxx
S1(0001)-->S2(0010): xxxxxxx0
S2(0010)-->S3(0011): xxxxxxx1
S3(0011)-->S1(0001): xxx0x000
S3(0011)-->S4(0100): xxx1x000
S3(0011)-->S4(0100): x01xx010
S3(0011)-->S6(0110): xx0xx010
S3(0011)-->S7(0111): x11xx010
S3(0011)-->S8(1000): xxxxx100
S4(0100)-->S5(0101): xxxx1xxx
S5(0101)-->S6(0110): xxxxxxxx
S6(0110)-->S2(0010): xxxxxxx0
S7(0111)-->S2(0010): xxxxxxx0
S8(1000)-->S2(0010): xxxxxxx0
S3(0011)-->S0(0000): xxxxx110

I: FSM tx_mode_fsm[1:0] inferred.
FSM tx_mode_fsm[1:0] STG:
Number of reachable states: 4
Input nets: N220 N229 N277 N307 header_byte_index uart_busy_inv 
S0(00)-->S1(01): x1xx11
S1(01)-->S2(10): x1x1x1
S2(10)-->S3(11): x1xxx1
S0(00)-->S0(00): xx1xxx
S1(01)-->S0(00): xx1xxx
S2(10)-->S0(00): xx1xxx
S3(11)-->S0(00): xx1xxx
S0(00)-->S1(01): 1xxxxx
S1(01)-->S1(01): 1xxxxx
S2(10)-->S1(01): 1xxxxx
S3(11)-->S1(01): 1xxxxx

I: FSM state_current_fsm[2:0] inferred.
FSM state_current_fsm[2:0] STG:
Number of reachable states: 5
Input nets: N28 N35 N50 N213 
S0(000)-->S1(001): xxxx
S1(001)-->S2(010): 1xxx
S2(010)-->S3(011): x1x0
S2(010)-->S4(100): x1x1
S3(011)-->S4(100): xx1x
S2(010)-->S4(100): x111
S3(011)-->S4(100): x111
S4(100)-->S4(100): xxxx

I: FSM uart_state_fsm[2:0] inferred.
FSM uart_state_fsm[2:0] STG:
Number of reachable states: 4
Input nets: N143 N148 bit_done uart_data_valid_tx 
S0(000)-->S1(001): xxx1
S1(001)-->S2(010): xx1x
S2(010)-->S3(100): x1xx
S2(010)-->S3(100): x11x
S3(100)-->S0(000): 1xxx

Executing : FSM inference successfully. Time elapsed: 0.056s wall, 0.016s user + 0.031s system = 0.047s CPU (83.2%). Peak memory used: 189 MB.

Start sdm2adm.
I: Constant propagation done on N222 (bmsWIDEMUX).
I: Constant propagation done on N224 (bmsWIDEMUX).
I: Constant propagation done on N143 (bmsWIDEMUX).
I: Constant propagation done on N364 (bmsWIDEMUX).
I: Constant propagation done on N328 (bmsWIDEMUX).
I: Constant propagation done on N63 (bmsWIDEMUX).
I: Constant propagation done on N0 (bmsWIDEMUX).
I: Constant propagation done on N99_9 (bmsREDXOR).
I: Constant propagation done on N33 (bmsREDXOR).
I: Constant propagation done on N40 (bmsREDXOR).
Executing : sdm2adm successfully. Time elapsed: 0.033s wall, 0.047s user + 0.000s system = 0.047s CPU (142.3%). Peak memory used: 200 MB.

Saving design to DB.
Action Compile: Export DB successfully.
Action compile: Real time elapsed is 0h:0m:5s
Action compile: CPU time elapsed is 0h:0m:1s
Action compile: Process CPU time elapsed is 0h:0m:1s
Action compile: Peak memory pool usage is 200 MB

Current time: Wed Sep 30 21:23:54 2026
Action from compile to compile: Total Real Time elapsed is 0h:0m:5s
Action from compile to compile: Total CPU time elapsed is 0h:0m:1s
Action from compile to compile: Total Process CPU Time elapsed is 0h:0m:1s
Process "Compile" done.
 
Command: launch_tasks [get_tasks {syn_1}] -to_action synthesize
wait_on_tasks [get_tasks {syn_1}] -to_action synthesize
Process "Synthesize" started.
Current time: Wed Sep 30 21:23:54 2026
Compiling architecture definition.
Analyzing project file 'D:/pango/works/ECSDC_FPGA_2026/prj_tasks/syn_1/synthesize/synthesize.ptemp'.
#Generated by Fabric Compiler (version 2025.2 build 211867) at Wed Sep 30 21:23:55 2026
Parameters for debugging are loaded as follows:
License checkout: fabric_ads from D:/pango/PDS_2025.2-ads/new_pds_F4A80DA47D72.lic
Compiling verification operator library.
Compiling vendor parameter file.
Compiling common defs.
Loading technology operator library.
Compiling technology operator library.
Compiling technology operator (valence) library.
Reading design from compile DB
NOTE: The technology fpga was specified.
NOTE: delay_model specified was generic_cmos.
NOTE: Using the fpga syntax tables...
Elaborate the liberty model.
I: Multithreading enabled for Timing using a maximum of 4 processes.
Totals:
 Calls to malloc = 0
 Calls to calloc = 111555

Reading design from compile DB successfully.
Constraint check start.
Compiling prim grid devices.
Building architecture model.
Loading device packaging model.
Building architecture floorplan logic view.
W: ConstraintEditor-4040: [D:/pango/works/ECSDC_FPGA_2026/Constraints/flash/flash.fdc(line number: 4)] Port p:sys_qspi_csn has been placed at location AA3, whose type is share pin.
W: ConstraintEditor-4040: [D:/pango/works/ECSDC_FPGA_2026/Constraints/flash/flash.fdc(line number: 8)] Port p:sys_qspi_sck has been placed at location Y20, whose type is share pin.
W: ConstraintEditor-4040: [D:/pango/works/ECSDC_FPGA_2026/Constraints/system/system.fdc(line number: 8)] Port p:sys_rstn has been placed at location AB13, whose type is share pin.
W: ConstraintEditor-4040: [D:/pango/works/ECSDC_FPGA_2026/Constraints/flash/flash.fdc(line number: 12)] Port p:sys_qspi_dq[0] has been placed at location AB20, whose type is share pin.
W: ConstraintEditor-4040: [D:/pango/works/ECSDC_FPGA_2026/Constraints/flash/flash.fdc(line number: 16)] Port p:sys_qspi_dq[1] has been placed at location AA20, whose type is share pin.
W: ConstraintEditor-4040: [D:/pango/works/ECSDC_FPGA_2026/Constraints/flash/flash.fdc(line number: 20)] Port p:sys_qspi_dq[2] has been placed at location R13, whose type is share pin.
W: ConstraintEditor-4040: [D:/pango/works/ECSDC_FPGA_2026/Constraints/flash/flash.fdc(line number: 24)] Port p:sys_qspi_dq[3] has been placed at location T14, whose type is share pin.
W: ConstraintEditor-4042: Port 'p:sys_qspi_csn' lacks attribute 'PAP_IO_DRIVE', it's better to set the attribute for port.
W: ConstraintEditor-4042: Port 'p:sys_qspi_csn' lacks attribute 'PAP_IO_SLEW', it's better to set the attribute for port.
W: ConstraintEditor-4042: Port 'p:sys_qspi_csn' lacks attribute 'BUS_KEEPER', it's better to set the attribute for port.
W: ConstraintEditor-4042: Port 'p:sys_qspi_sck' lacks attribute 'PAP_IO_DRIVE', it's better to set the attribute for port.
W: ConstraintEditor-4042: Port 'p:sys_qspi_sck' lacks attribute 'PAP_IO_SLEW', it's better to set the attribute for port.
W: ConstraintEditor-4042: Port 'p:sys_qspi_sck' lacks attribute 'BUS_KEEPER', it's better to set the attribute for port.
W: ConstraintEditor-4042: Port 'p:sys_qspi_dq[0]' lacks attribute 'PAP_IO_DRIVE', it's better to set the attribute for port.
W: ConstraintEditor-4042: Port 'p:sys_qspi_dq[0]' lacks attribute 'PAP_IO_SLEW', it's better to set the attribute for port.
W: ConstraintEditor-4042: Port 'p:sys_qspi_dq[0]' lacks attribute 'BUS_KEEPER', it's better to set the attribute for port.
W: ConstraintEditor-4042: Port 'p:sys_qspi_dq[1]' lacks attribute 'PAP_IO_DRIVE', it's better to set the attribute for port.
W: ConstraintEditor-4042: Port 'p:sys_qspi_dq[1]' lacks attribute 'PAP_IO_SLEW', it's better to set the attribute for port.
W: ConstraintEditor-4042: Port 'p:sys_qspi_dq[1]' lacks attribute 'BUS_KEEPER', it's better to set the attribute for port.
W: ConstraintEditor-4042: Port 'p:sys_qspi_dq[2]' lacks attribute 'PAP_IO_DRIVE', it's better to set the attribute for port.
W: ConstraintEditor-4042: Port 'p:sys_qspi_dq[2]' lacks attribute 'PAP_IO_SLEW', it's better to set the attribute for port.
W: ConstraintEditor-4042: Port 'p:sys_qspi_dq[2]' lacks attribute 'BUS_KEEPER', it's better to set the attribute for port.
W: ConstraintEditor-4042: Port 'p:sys_qspi_dq[3]' lacks attribute 'PAP_IO_DRIVE', it's better to set the attribute for port.
W: ConstraintEditor-4042: Port 'p:sys_qspi_dq[3]' lacks attribute 'PAP_IO_SLEW', it's better to set the attribute for port.
W: ConstraintEditor-4042: Port 'p:sys_qspi_dq[3]' lacks attribute 'BUS_KEEPER', it's better to set the attribute for port.
W: ConstraintEditor-4042: Port 'p:sys_cp2102_tx' lacks attribute 'PAP_IO_DRIVE', it's better to set the attribute for port.
W: ConstraintEditor-4042: Port 'p:sys_cp2102_tx' lacks attribute 'PAP_IO_SLEW', it's better to set the attribute for port.
C: Timing-4004: [D:/pango/works/ECSDC_FPGA_2026/Constraints/system/system_clk.fdc(line number: 5)] Net 'u_pll_50mhz/clkout0' is not found in current design.
E: CommandTiming-0057: [D:/pango/works/ECSDC_FPGA_2026/Constraints/system/system_clk.fdc(line number: 5)] Nothing matched for 'source_list', command 'create_generated_clock' is aborted.
E: ConstraintEditor-0046: [D:/pango/works/ECSDC_FPGA_2026/Constraints/system/system_clk.fdc(line number: 5)] Parse file error: Failed to import constraint "create_generated_clock -name pll_sys_clk_50mhz -source [get_ports sys_clk_50mhz] -master_clock sys_clk_50mhz -multiply_by 1 -divide_by 1 [get_nets u_pll_50mhz/clkout0]".
Found 2 error(s), 1 critical warning(s), 27 warning(s), out of 41 constraint(s), you can contact with D:/pango/works/ECSDC_FPGA_2026/prj_tasks/syn_1/synthesize/constraint_check.ccr for more detail information.
Constraint check end.
Total time(hh:mm:ss) of constraint check : 00:00:01
Action synthesize: Real time elapsed is 0h:0m:3s
Action synthesize: CPU time elapsed is 0h:0m:2s
Action synthesize: Process CPU time elapsed is 0h:0m:2s
Action synthesize: Peak memory pool usage is 232 MB

Current time: Wed Sep 30 21:23:56 2026
Run process "Synthesize" failed, exit code: 1.
Action from compile to synthesize: Total Real Time elapsed is 0h:0m:8s
Action from compile to synthesize: Total CPU time elapsed is 0h:0m:3s
Action from compile to synthesize: Total Process CPU Time elapsed is 0h:0m:3s
