#Build: Fabric Compiler 2025.2, Build 211867, Jan 16 16:10 2026
#Install: E:\work\pango\PDS_2025.2-ads\bin
#Application name: pds.exe
#OS: Windows 11 10.0.26200
#CPU: Unknown
#RAM(GB): 32
#Hostname: dionirpyC
#Generated by Fabric Compiler (version 2025.2 build 211867) at Sun Sep 27 16:39:27 2026
Parse module hierarchy of project 'E:/code/PangoWork/Works/hdmi/temp_projects/Main_Flow/Main_Flow.pds' (TEXT Parser)
Open IP Compiler ...
IP Compiler initialization started successfully.
C: Flow-2008: IP file modified: 'E:/code/PangoWork/Works/hdmi/ipcore/pll_50mhz/pll_50mhz.idf'. 
Parse module hierarchy of project 'E:/code/PangoWork/Works/hdmi/temp_projects/Main_Flow/Main_Flow.pds' (TEXT Parser)
C: Flow-2008: IP file modified: 'E:/code/PangoWork/Works/hdmi/ipcore/pll_50mhz/pll_50mhz.idf'. 
Parse module hierarchy of project 'E:/code/PangoWork/Works/hdmi/temp_projects/Main_Flow/Main_Flow.pds' (ADS Parser)
Parse module hierarchy of project 'E:/code/PangoWork/Works/hdmi/temp_projects/Main_Flow/Main_Flow.pds' (ADS Parser)
IP Compiler Closed.
File "E:/code/PangoWork/Works/hdmi/Designs/hdmi_loop_top.v" has been added to project successfully. 
File "E:/code/PangoWork/Works/hdmi/Designs/hardware/ms7200/ms7200_driver.v" has been added to project successfully. 
File "E:/code/PangoWork/Works/hdmi/Designs/hardware/ms7200/ms7200_top.v" has been added to project successfully. 
File "E:/code/PangoWork/Works/hdmi/Designs/hardware/ms7210/ms7210_driver.v" has been added to project successfully. 
File "E:/code/PangoWork/Works/hdmi/Designs/hardware/ms7210/ms7210_top.v" has been added to project successfully. 
File "E:/code/PangoWork/Works/hdmi/Designs/hardware/led/led.v" has been added to project successfully. 
File "E:/code/PangoWork/Works/hdmi/Designs/drivers/iic/iic_master.v" has been added to project successfully. 
Parse module hierarchy of project 'E:/code/PangoWork/Works/hdmi/temp_projects/Main_Flow/Main_Flow.pds' (ADS Parser)
Parse module hierarchy of project 'E:/code/PangoWork/Works/hdmi/temp_projects/Main_Flow/Main_Flow.pds' (ADS Parser)
I: Flow-6004: Design file modified: 'E:/code/PangoWork/Works/hdmi/Designs/hdmi_loop_top.v'. 
Parse module hierarchy of project 'E:/code/PangoWork/Works/hdmi/temp_projects/Main_Flow/Main_Flow.pds' (ADS Parser)
I: Flow-6004: Design file modified: 'E:/code/PangoWork/Works/hdmi/Designs/hdmi_loop_top.v'. 
Parse module hierarchy of project 'E:/code/PangoWork/Works/hdmi/temp_projects/Main_Flow/Main_Flow.pds' (ADS Parser)
I: Flow-6004: Design file modified: 'E:/code/PangoWork/Works/hdmi/Designs/hdmi_loop_top.v'. 
Parse module hierarchy of project 'E:/code/PangoWork/Works/hdmi/temp_projects/Main_Flow/Main_Flow.pds' (ADS Parser)
I: Flow-6004: Design file modified: 'E:/code/PangoWork/Works/hdmi/Designs/hdmi_loop_top.v'. 
Parse module hierarchy of project 'E:/code/PangoWork/Works/hdmi/temp_projects/Main_Flow/Main_Flow.pds' (ADS Parser)
I: Flow-6004: Design file modified: 'E:/code/PangoWork/Works/hdmi/Designs/hdmi_loop_top.v'. 
 
Command: set_option -options { top_module {hdmi_loop_top} top_library {work}} [get_filesets design_1]
launch_tasks [get_tasks {syn_1}] -to_action compile
wait_on_tasks [get_tasks {syn_1}] -to_action compile
Process "Compile" started.
Current time: Sun Sep 27 17:43:53 2026
Process "Compile" done.
Compiling common defs.
Compiling technology operator (valence) library.
Compiling gate operators.
Compiling tech operator impls.
I: Multithreading enabled for Timing using a maximum of 0 processes.
Start load GTP liberty...
Elaborate the liberty model.
Load GTP liberty finished.
Constraint check start.
Constraint check end.
Total time(hh:mm:ss) of constraint check : 00:00:00
Compiling gate operators impls.
Compiling gate devices.
Compiling prim grid devices.
Building architecture model.
Loading device packaging model.
Building architecture floorplan logic view.
File "E:/code/PangoWork/Works/hdmi/Constraints/hdmi/hdmi_in.fdc" has been added to project successfully. 
File "E:/code/PangoWork/Works/hdmi/Constraints/hdmi/hdmi_out.fdc" has been added to project successfully. 
File "E:/code/PangoWork/Works/hdmi/Constraints/hdmi/ms7200.fdc" has been added to project successfully. 
File "E:/code/PangoWork/Works/hdmi/Constraints/hdmi/ms7210.fdc" has been added to project successfully. 
File "E:/code/PangoWork/Works/hdmi/Constraints/key/key.fdc" has been added to project successfully. 
File "E:/code/PangoWork/Works/hdmi/Constraints/led/led.fdc" has been added to project successfully. 
File "E:/code/PangoWork/Works/hdmi/Constraints/system/system.fdc" has been added to project successfully. 
File "E:/code/PangoWork/Works/hdmi/Constraints/system/system_clk.fdc" has been added to project successfully. 
Constraint check start.
W: ConstraintEditor-4040: [E:/code/PangoWork/Works/hdmi/Constraints/hdmi/ms7200.fdc(line number: 3)] Port p:sys_ms7200_iic_scl has been placed at location V19, whose type is share pin.
W: ConstraintEditor-4040: [E:/code/PangoWork/Works/hdmi/Constraints/system/system.fdc(line number: 8)] Port p:sys_rstn has been placed at location AB13, whose type is share pin.
W: ConstraintEditor-4040: [E:/code/PangoWork/Works/hdmi/Constraints/hdmi/ms7200.fdc(line number: 11)] Port p:sys_ms7200_iic_sda has been placed at location V20, whose type is share pin.
W: ConstraintEditor-4040: [E:/code/PangoWork/Works/hdmi/Constraints/hdmi/hdmi_in.fdc(line number: 54)] Port p:sys_hdmi_in_g[5] has been placed at location AB18, whose type is share pin.
W: ConstraintEditor-4040: [E:/code/PangoWork/Works/hdmi/Constraints/hdmi/hdmi_in.fdc(line number: 59)] Port p:sys_hdmi_in_g[4] has been placed at location AA18, whose type is share pin.
W: ConstraintEditor-4040: [E:/code/PangoWork/Works/hdmi/Constraints/hdmi/hdmi_in.fdc(line number: 64)] Port p:sys_hdmi_in_g[3] has been placed at location AB19, whose type is share pin.
W: ConstraintEditor-4040: [E:/code/PangoWork/Works/hdmi/Constraints/hdmi/hdmi_in.fdc(line number: 69)] Port p:sys_hdmi_in_g[2] has been placed at location W18, whose type is share pin.
W: ConstraintEditor-4040: [E:/code/PangoWork/Works/hdmi/Constraints/hdmi/hdmi_in.fdc(line number: 74)] Port p:sys_hdmi_in_g[1] has been placed at location V17, whose type is share pin.
W: ConstraintEditor-4040: [E:/code/PangoWork/Works/hdmi/Constraints/hdmi/hdmi_in.fdc(line number: 127)] Port p:sys_hdmi_in_pixclk has been placed at location AA12, whose type is share pin.
W: ConstraintEditor-4040: [E:/code/PangoWork/Works/hdmi/Constraints/hdmi/hdmi_out.fdc(line number: 177)] Port p:sys_hdmi_out_pixclk has been placed at location M22, whose type is share pin.
W: ConstraintEditor-4042: Port 'p:sys_led[0]' lacks attribute 'PAP_IO_DRIVE', it's better to set the attribute for port.
W: ConstraintEditor-4042: Port 'p:sys_led[0]' lacks attribute 'PAP_IO_SLEW', it's better to set the attribute for port.
W: ConstraintEditor-4042: Port 'p:sys_led[0]' lacks attribute 'BUS_KEEPER', it's better to set the attribute for port.
W: ConstraintEditor-4042: Port 'p:sys_led[1]' lacks attribute 'PAP_IO_DRIVE', it's better to set the attribute for port.
W: ConstraintEditor-4042: Port 'p:sys_led[1]' lacks attribute 'PAP_IO_SLEW', it's better to set the attribute for port.
W: ConstraintEditor-4042: Port 'p:sys_led[1]' lacks attribute 'BUS_KEEPER', it's better to set the attribute for port.
W: ConstraintEditor-4042: Port 'p:sys_led[2]' lacks attribute 'PAP_IO_DRIVE', it's better to set the attribute for port.
W: ConstraintEditor-4042: Port 'p:sys_led[2]' lacks attribute 'PAP_IO_SLEW', it's better to set the attribute for port.
W: ConstraintEditor-4042: Port 'p:sys_led[2]' lacks attribute 'BUS_KEEPER', it's better to set the attribute for port.
W: ConstraintEditor-4042: Port 'p:sys_led[3]' lacks attribute 'PAP_IO_DRIVE', it's better to set the attribute for port.
W: ConstraintEditor-4042: Port 'p:sys_led[3]' lacks attribute 'PAP_IO_SLEW', it's better to set the attribute for port.
W: ConstraintEditor-4042: Port 'p:sys_led[3]' lacks attribute 'BUS_KEEPER', it's better to set the attribute for port.
W: ConstraintEditor-4042: Port 'p:sys_led[4]' lacks attribute 'PAP_IO_DRIVE', it's better to set the attribute for port.
W: ConstraintEditor-4042: Port 'p:sys_led[4]' lacks attribute 'PAP_IO_SLEW', it's better to set the attribute for port.
W: ConstraintEditor-4042: Port 'p:sys_led[4]' lacks attribute 'BUS_KEEPER', it's better to set the attribute for port.
W: ConstraintEditor-4042: Port 'p:sys_led[5]' lacks attribute 'PAP_IO_DRIVE', it's better to set the attribute for port.
W: ConstraintEditor-4042: Port 'p:sys_led[5]' lacks attribute 'PAP_IO_SLEW', it's better to set the attribute for port.
W: ConstraintEditor-4042: Port 'p:sys_led[5]' lacks attribute 'BUS_KEEPER', it's better to set the attribute for port.
W: ConstraintEditor-4042: Port 'p:sys_led[6]' lacks attribute 'PAP_IO_DRIVE', it's better to set the attribute for port.
W: ConstraintEditor-4042: Port 'p:sys_led[6]' lacks attribute 'PAP_IO_SLEW', it's better to set the attribute for port.
W: ConstraintEditor-4042: Port 'p:sys_led[6]' lacks attribute 'BUS_KEEPER', it's better to set the attribute for port.
W: ConstraintEditor-4042: Port 'p:sys_led[7]' lacks attribute 'PAP_IO_DRIVE', it's better to set the attribute for port.
W: ConstraintEditor-4042: Port 'p:sys_led[7]' lacks attribute 'PAP_IO_SLEW', it's better to set the attribute for port.
W: ConstraintEditor-4042: Port 'p:sys_led[7]' lacks attribute 'BUS_KEEPER', it's better to set the attribute for port.
E: ConstraintEditor-0046: [E:/code/PangoWork/Works/hdmi/Constraints/key/key.fdc(line number: 1)] Parse file error: Object 'p:sys_key[0]' can not be found in current view, please verify the correctness of the argument.
E: ConstraintEditor-0046: [E:/code/PangoWork/Works/hdmi/Constraints/key/key.fdc(line number: 2)] Parse file error: Object 'p:sys_key[0]' can not be found in current view, please verify the correctness of the argument.
E: ConstraintEditor-0046: [E:/code/PangoWork/Works/hdmi/Constraints/key/key.fdc(line number: 3)] Parse file error: Object 'p:sys_key[0]' can not be found in current view, please verify the correctness of the argument.
E: ConstraintEditor-0086: [E:/code/PangoWork/Works/hdmi/Constraints/hdmi/hdmi_out.fdc(line number: 3)] Package pin 'P26' is invalid to be placed at.
E: ConstraintEditor-0046: [E:/code/PangoWork/Works/hdmi/Constraints/key/key.fdc(line number: 4)] Parse file error: Object 'p:sys_key[0]' can not be found in current view, please verify the correctness of the argument.
E: ConstraintEditor-0046: [E:/code/PangoWork/Works/hdmi/Constraints/key/key.fdc(line number: 5)] Parse file error: Object 'p:sys_key[1]' can not be found in current view, please verify the correctness of the argument.
E: ConstraintEditor-0046: [E:/code/PangoWork/Works/hdmi/Constraints/key/key.fdc(line number: 6)] Parse file error: Object 'p:sys_key[1]' can not be found in current view, please verify the correctness of the argument.
E: ConstraintEditor-0046: [E:/code/PangoWork/Works/hdmi/Constraints/key/key.fdc(line number: 7)] Parse file error: Object 'p:sys_key[1]' can not be found in current view, please verify the correctness of the argument.
E: ConstraintEditor-0046: [E:/code/PangoWork/Works/hdmi/Constraints/key/key.fdc(line number: 8)] Parse file error: Object 'p:sys_key[1]' can not be found in current view, please verify the correctness of the argument.
E: ConstraintEditor-0046: [E:/code/PangoWork/Works/hdmi/Constraints/key/key.fdc(line number: 9)] Parse file error: Object 'p:sys_key[2]' can not be found in current view, please verify the correctness of the argument.
E: ConstraintEditor-0046: [E:/code/PangoWork/Works/hdmi/Constraints/key/key.fdc(line number: 10)] Parse file error: Object 'p:sys_key[2]' can not be found in current view, please verify the correctness of the argument.
E: ConstraintEditor-0086: [E:/code/PangoWork/Works/hdmi/Constraints/hdmi/hdmi_out.fdc(line number: 10)] Package pin 'R26' is invalid to be placed at.
E: ConstraintEditor-0046: [E:/code/PangoWork/Works/hdmi/Constraints/key/key.fdc(line number: 11)] Parse file error: Object 'p:sys_key[2]' can not be found in current view, please verify the correctness of the argument.
E: ConstraintEditor-0046: [E:/code/PangoWork/Works/hdmi/Constraints/key/key.fdc(line number: 12)] Parse file error: Object 'p:sys_key[2]' can not be found in current view, please verify the correctness of the argument.
E: ConstraintEditor-0046: [E:/code/PangoWork/Works/hdmi/Constraints/key/key.fdc(line number: 13)] Parse file error: Object 'p:sys_key[3]' can not be found in current view, please verify the correctness of the argument.
E: ConstraintEditor-0046: [E:/code/PangoWork/Works/hdmi/Constraints/key/key.fdc(line number: 14)] Parse file error: Object 'p:sys_key[3]' can not be found in current view, please verify the correctness of the argument.
E: ConstraintEditor-0046: [E:/code/PangoWork/Works/hdmi/Constraints/key/key.fdc(line number: 15)] Parse file error: Object 'p:sys_key[3]' can not be found in current view, please verify the correctness of the argument.
E: ConstraintEditor-0046: [E:/code/PangoWork/Works/hdmi/Constraints/key/key.fdc(line number: 16)] Parse file error: Object 'p:sys_key[3]' can not be found in current view, please verify the correctness of the argument.
E: ConstraintEditor-0046: [E:/code/PangoWork/Works/hdmi/Constraints/key/key.fdc(line number: 17)] Parse file error: Object 'p:sys_key[4]' can not be found in current view, please verify the correctness of the argument.
E: ConstraintEditor-0086: [E:/code/PangoWork/Works/hdmi/Constraints/hdmi/hdmi_out.fdc(line number: 17)] Package pin 'R25' is invalid to be placed at.
E: ConstraintEditor-0046: [E:/code/PangoWork/Works/hdmi/Constraints/key/key.fdc(line number: 18)] Parse file error: Object 'p:sys_key[4]' can not be found in current view, please verify the correctness of the argument.
E: ConstraintEditor-0046: [E:/code/PangoWork/Works/hdmi/Constraints/key/key.fdc(line number: 19)] Parse file error: Object 'p:sys_key[4]' can not be found in current view, please verify the correctness of the argument.
E: ConstraintEditor-0046: [E:/code/PangoWork/Works/hdmi/Constraints/key/key.fdc(line number: 20)] Parse file error: Object 'p:sys_key[4]' can not be found in current view, please verify the correctness of the argument.
E: ConstraintEditor-0046: [E:/code/PangoWork/Works/hdmi/Constraints/key/key.fdc(line number: 21)] Parse file error: Object 'p:sys_key[5]' can not be found in current view, please verify the correctness of the argument.
E: ConstraintEditor-0046: [E:/code/PangoWork/Works/hdmi/Constraints/key/key.fdc(line number: 22)] Parse file error: Object 'p:sys_key[5]' can not be found in current view, please verify the correctness of the argument.
E: ConstraintEditor-0046: [E:/code/PangoWork/Works/hdmi/Constraints/key/key.fdc(line number: 23)] Parse file error: Object 'p:sys_key[5]' can not be found in current view, please verify the correctness of the argument.
E: ConstraintEditor-0046: [E:/code/PangoWork/Works/hdmi/Constraints/key/key.fdc(line number: 24)] Parse file error: Object 'p:sys_key[5]' can not be found in current view, please verify the correctness of the argument.
E: ConstraintEditor-0086: [E:/code/PangoWork/Works/hdmi/Constraints/hdmi/hdmi_out.fdc(line number: 24)] Package pin 'T25' is invalid to be placed at.
E: ConstraintEditor-0046: [E:/code/PangoWork/Works/hdmi/Constraints/key/key.fdc(line number: 25)] Parse file error: Object 'p:sys_key[6]' can not be found in current view, please verify the correctness of the argument.
E: ConstraintEditor-0046: [E:/code/PangoWork/Works/hdmi/Constraints/key/key.fdc(line number: 26)] Parse file error: Object 'p:sys_key[6]' can not be found in current view, please verify the correctness of the argument.
E: ConstraintEditor-0046: [E:/code/PangoWork/Works/hdmi/Constraints/key/key.fdc(line number: 27)] Parse file error: Object 'p:sys_key[6]' can not be found in current view, please verify the correctness of the argument.
E: ConstraintEditor-0046: [E:/code/PangoWork/Works/hdmi/Constraints/key/key.fdc(line number: 28)] Parse file error: Object 'p:sys_key[6]' can not be found in current view, please verify the correctness of the argument.
E: ConstraintEditor-0046: [E:/code/PangoWork/Works/hdmi/Constraints/key/key.fdc(line number: 29)] Parse file error: Object 'p:sys_key[7]' can not be found in current view, please verify the correctness of the argument.
E: ConstraintEditor-0046: [E:/code/PangoWork/Works/hdmi/Constraints/key/key.fdc(line number: 30)] Parse file error: Object 'p:sys_key[7]' can not be found in current view, please verify the correctness of the argument.
E: ConstraintEditor-0046: [E:/code/PangoWork/Works/hdmi/Constraints/key/key.fdc(line number: 31)] Parse file error: Object 'p:sys_key[7]' can not be found in current view, please verify the correctness of the argument.
E: ConstraintEditor-0086: [E:/code/PangoWork/Works/hdmi/Constraints/hdmi/hdmi_out.fdc(line number: 31)] Package pin 'R23' is invalid to be placed at.
E: ConstraintEditor-0046: [E:/code/PangoWork/Works/hdmi/Constraints/key/key.fdc(line number: 32)] Parse file error: Object 'p:sys_key[7]' can not be found in current view, please verify the correctness of the argument.
E: ConstraintEditor-0086: [E:/code/PangoWork/Works/hdmi/Constraints/hdmi/hdmi_out.fdc(line number: 45)] Package pin 'T24' is invalid to be placed at.
E: ConstraintEditor-0086: [E:/code/PangoWork/Works/hdmi/Constraints/hdmi/hdmi_out.fdc(line number: 52)] Package pin 'T23' is invalid to be placed at.
E: ConstraintEditor-0086: [E:/code/PangoWork/Works/hdmi/Constraints/hdmi/hdmi_out.fdc(line number: 61)] Package pin 'N24' is invalid to be placed at.
E: ConstraintEditor-0086: [E:/code/PangoWork/Works/hdmi/Constraints/hdmi/hdmi_out.fdc(line number: 68)] Package pin 'N23' is invalid to be placed at.
E: ConstraintEditor-0086: [E:/code/PangoWork/Works/hdmi/Constraints/hdmi/hdmi_out.fdc(line number: 75)] Package pin 'P25' is invalid to be placed at.
E: ConstraintEditor-0086: [E:/code/PangoWork/Works/hdmi/Constraints/hdmi/hdmi_out.fdc(line number: 82)] Package pin 'P24' is invalid to be placed at.
E: ConstraintEditor-0086: [E:/code/PangoWork/Works/hdmi/Constraints/hdmi/hdmi_out.fdc(line number: 89)] Package pin 'P23' is invalid to be placed at.
E: ConstraintEditor-0086: [E:/code/PangoWork/Works/hdmi/Constraints/hdmi/hdmi_out.fdc(line number: 119)] Package pin 'L23' is invalid to be placed at.
E: ConstraintEditor-0086: [E:/code/PangoWork/Works/hdmi/Constraints/hdmi/hdmi_out.fdc(line number: 168)] Package pin 'N21' is invalid to be placed at.
E: ConstraintEditor-0086: [E:/code/PangoWork/Works/hdmi/Constraints/hdmi/hdmi_out.fdc(line number: 186)] Package pin 'N17' is invalid to be placed at.
E: ConstraintEditor-0086: [E:/code/PangoWork/Works/hdmi/Constraints/hdmi/hdmi_out.fdc(line number: 203)] Package pin 'N18' is invalid to be placed at.
Constraint check end.
Total time(hh:mm:ss) of constraint check : 00:00:00
C: Flow-2004: Constraint file modified: 'E:/code/PangoWork/Works/hdmi/Constraints/hdmi/hdmi_out.fdc'.
C: Flow-2004: Constraint file modified: 'E:/code/PangoWork/Works/hdmi/Constraints/hdmi/hdmi_out.fdc'.
C: Flow-2004: Constraint file modified: 'E:/code/PangoWork/Works/hdmi/Constraints/hdmi/hdmi_in.fdc'.
C: Flow-2004: Constraint file modified: 'E:/code/PangoWork/Works/hdmi/Constraints/hdmi/hdmi_in.fdc'.
Constraint check start.
W: ConstraintEditor-4040: [E:/code/PangoWork/Works/hdmi/Constraints/hdmi/ms7200.fdc(line number: 3)] Port p:sys_ms7200_iic_scl has been placed at location V19, whose type is share pin.
W: ConstraintEditor-4040: [E:/code/PangoWork/Works/hdmi/Constraints/system/system.fdc(line number: 8)] Port p:sys_rstn has been placed at location AB13, whose type is share pin.
W: ConstraintEditor-4040: [E:/code/PangoWork/Works/hdmi/Constraints/hdmi/ms7200.fdc(line number: 11)] Port p:sys_ms7200_iic_sda has been placed at location V20, whose type is share pin.
W: ConstraintEditor-4040: [E:/code/PangoWork/Works/hdmi/Constraints/hdmi/hdmi_in.fdc(line number: 54)] Port p:sys_hdmi_in_g[5] has been placed at location AB18, whose type is share pin.
W: ConstraintEditor-4040: [E:/code/PangoWork/Works/hdmi/Constraints/hdmi/hdmi_in.fdc(line number: 59)] Port p:sys_hdmi_in_g[4] has been placed at location AA18, whose type is share pin.
W: ConstraintEditor-4040: [E:/code/PangoWork/Works/hdmi/Constraints/hdmi/hdmi_in.fdc(line number: 64)] Port p:sys_hdmi_in_g[3] has been placed at location AB19, whose type is share pin.
W: ConstraintEditor-4040: [E:/code/PangoWork/Works/hdmi/Constraints/hdmi/hdmi_in.fdc(line number: 69)] Port p:sys_hdmi_in_g[2] has been placed at location W18, whose type is share pin.
W: ConstraintEditor-4040: [E:/code/PangoWork/Works/hdmi/Constraints/hdmi/hdmi_in.fdc(line number: 74)] Port p:sys_hdmi_in_g[1] has been placed at location V17, whose type is share pin.
W: ConstraintEditor-4040: [E:/code/PangoWork/Works/hdmi/Constraints/hdmi/hdmi_in.fdc(line number: 127)] Port p:sys_hdmi_in_pixclk has been placed at location AA12, whose type is share pin.
W: ConstraintEditor-4040: [E:/code/PangoWork/Works/hdmi/Constraints/hdmi/hdmi_out.fdc(line number: 177)] Port p:sys_hdmi_out_pixclk has been placed at location M22, whose type is share pin.
W: ConstraintEditor-4042: Port 'p:sys_led[0]' lacks attribute 'PAP_IO_DRIVE', it's better to set the attribute for port.
W: ConstraintEditor-4042: Port 'p:sys_led[0]' lacks attribute 'PAP_IO_SLEW', it's better to set the attribute for port.
W: ConstraintEditor-4042: Port 'p:sys_led[0]' lacks attribute 'BUS_KEEPER', it's better to set the attribute for port.
W: ConstraintEditor-4042: Port 'p:sys_led[1]' lacks attribute 'PAP_IO_DRIVE', it's better to set the attribute for port.
W: ConstraintEditor-4042: Port 'p:sys_led[1]' lacks attribute 'PAP_IO_SLEW', it's better to set the attribute for port.
W: ConstraintEditor-4042: Port 'p:sys_led[1]' lacks attribute 'BUS_KEEPER', it's better to set the attribute for port.
W: ConstraintEditor-4042: Port 'p:sys_led[2]' lacks attribute 'PAP_IO_DRIVE', it's better to set the attribute for port.
W: ConstraintEditor-4042: Port 'p:sys_led[2]' lacks attribute 'PAP_IO_SLEW', it's better to set the attribute for port.
W: ConstraintEditor-4042: Port 'p:sys_led[2]' lacks attribute 'BUS_KEEPER', it's better to set the attribute for port.
W: ConstraintEditor-4042: Port 'p:sys_led[3]' lacks attribute 'PAP_IO_DRIVE', it's better to set the attribute for port.
W: ConstraintEditor-4042: Port 'p:sys_led[3]' lacks attribute 'PAP_IO_SLEW', it's better to set the attribute for port.
W: ConstraintEditor-4042: Port 'p:sys_led[3]' lacks attribute 'BUS_KEEPER', it's better to set the attribute for port.
W: ConstraintEditor-4042: Port 'p:sys_led[4]' lacks attribute 'PAP_IO_DRIVE', it's better to set the attribute for port.
W: ConstraintEditor-4042: Port 'p:sys_led[4]' lacks attribute 'PAP_IO_SLEW', it's better to set the attribute for port.
W: ConstraintEditor-4042: Port 'p:sys_led[4]' lacks attribute 'BUS_KEEPER', it's better to set the attribute for port.
W: ConstraintEditor-4042: Port 'p:sys_led[5]' lacks attribute 'PAP_IO_DRIVE', it's better to set the attribute for port.
W: ConstraintEditor-4042: Port 'p:sys_led[5]' lacks attribute 'PAP_IO_SLEW', it's better to set the attribute for port.
W: ConstraintEditor-4042: Port 'p:sys_led[5]' lacks attribute 'BUS_KEEPER', it's better to set the attribute for port.
W: ConstraintEditor-4042: Port 'p:sys_led[6]' lacks attribute 'PAP_IO_DRIVE', it's better to set the attribute for port.
W: ConstraintEditor-4042: Port 'p:sys_led[6]' lacks attribute 'PAP_IO_SLEW', it's better to set the attribute for port.
W: ConstraintEditor-4042: Port 'p:sys_led[6]' lacks attribute 'BUS_KEEPER', it's better to set the attribute for port.
W: ConstraintEditor-4042: Port 'p:sys_led[7]' lacks attribute 'PAP_IO_DRIVE', it's better to set the attribute for port.
W: ConstraintEditor-4042: Port 'p:sys_led[7]' lacks attribute 'PAP_IO_SLEW', it's better to set the attribute for port.
W: ConstraintEditor-4042: Port 'p:sys_led[7]' lacks attribute 'BUS_KEEPER', it's better to set the attribute for port.
E: ConstraintEditor-0046: [E:/code/PangoWork/Works/hdmi/Constraints/key/key.fdc(line number: 1)] Parse file error: Object 'p:sys_key[0]' can not be found in current view, please verify the correctness of the argument.
E: ConstraintEditor-0046: [E:/code/PangoWork/Works/hdmi/Constraints/key/key.fdc(line number: 2)] Parse file error: Object 'p:sys_key[0]' can not be found in current view, please verify the correctness of the argument.
E: ConstraintEditor-0046: [E:/code/PangoWork/Works/hdmi/Constraints/key/key.fdc(line number: 3)] Parse file error: Object 'p:sys_key[0]' can not be found in current view, please verify the correctness of the argument.
E: ConstraintEditor-0086: [E:/code/PangoWork/Works/hdmi/Constraints/hdmi/hdmi_out.fdc(line number: 3)] Package pin 'P26' is invalid to be placed at.
E: ConstraintEditor-0046: [E:/code/PangoWork/Works/hdmi/Constraints/key/key.fdc(line number: 4)] Parse file error: Object 'p:sys_key[0]' can not be found in current view, please verify the correctness of the argument.
E: ConstraintEditor-0046: [E:/code/PangoWork/Works/hdmi/Constraints/key/key.fdc(line number: 5)] Parse file error: Object 'p:sys_key[1]' can not be found in current view, please verify the correctness of the argument.
E: ConstraintEditor-0046: [E:/code/PangoWork/Works/hdmi/Constraints/key/key.fdc(line number: 6)] Parse file error: Object 'p:sys_key[1]' can not be found in current view, please verify the correctness of the argument.
E: ConstraintEditor-0046: [E:/code/PangoWork/Works/hdmi/Constraints/key/key.fdc(line number: 7)] Parse file error: Object 'p:sys_key[1]' can not be found in current view, please verify the correctness of the argument.
E: ConstraintEditor-0046: [E:/code/PangoWork/Works/hdmi/Constraints/key/key.fdc(line number: 8)] Parse file error: Object 'p:sys_key[1]' can not be found in current view, please verify the correctness of the argument.
E: ConstraintEditor-0046: [E:/code/PangoWork/Works/hdmi/Constraints/key/key.fdc(line number: 9)] Parse file error: Object 'p:sys_key[2]' can not be found in current view, please verify the correctness of the argument.
E: ConstraintEditor-0046: [E:/code/PangoWork/Works/hdmi/Constraints/key/key.fdc(line number: 10)] Parse file error: Object 'p:sys_key[2]' can not be found in current view, please verify the correctness of the argument.
E: ConstraintEditor-0086: [E:/code/PangoWork/Works/hdmi/Constraints/hdmi/hdmi_out.fdc(line number: 10)] Package pin 'R26' is invalid to be placed at.
E: ConstraintEditor-0046: [E:/code/PangoWork/Works/hdmi/Constraints/key/key.fdc(line number: 11)] Parse file error: Object 'p:sys_key[2]' can not be found in current view, please verify the correctness of the argument.
E: ConstraintEditor-0046: [E:/code/PangoWork/Works/hdmi/Constraints/key/key.fdc(line number: 12)] Parse file error: Object 'p:sys_key[2]' can not be found in current view, please verify the correctness of the argument.
E: ConstraintEditor-0046: [E:/code/PangoWork/Works/hdmi/Constraints/key/key.fdc(line number: 13)] Parse file error: Object 'p:sys_key[3]' can not be found in current view, please verify the correctness of the argument.
E: ConstraintEditor-0046: [E:/code/PangoWork/Works/hdmi/Constraints/key/key.fdc(line number: 14)] Parse file error: Object 'p:sys_key[3]' can not be found in current view, please verify the correctness of the argument.
E: ConstraintEditor-0046: [E:/code/PangoWork/Works/hdmi/Constraints/key/key.fdc(line number: 15)] Parse file error: Object 'p:sys_key[3]' can not be found in current view, please verify the correctness of the argument.
E: ConstraintEditor-0046: [E:/code/PangoWork/Works/hdmi/Constraints/key/key.fdc(line number: 16)] Parse file error: Object 'p:sys_key[3]' can not be found in current view, please verify the correctness of the argument.
E: ConstraintEditor-0046: [E:/code/PangoWork/Works/hdmi/Constraints/key/key.fdc(line number: 17)] Parse file error: Object 'p:sys_key[4]' can not be found in current view, please verify the correctness of the argument.
E: ConstraintEditor-0086: [E:/code/PangoWork/Works/hdmi/Constraints/hdmi/hdmi_out.fdc(line number: 17)] Package pin 'R25' is invalid to be placed at.
E: ConstraintEditor-0046: [E:/code/PangoWork/Works/hdmi/Constraints/key/key.fdc(line number: 18)] Parse file error: Object 'p:sys_key[4]' can not be found in current view, please verify the correctness of the argument.
E: ConstraintEditor-0046: [E:/code/PangoWork/Works/hdmi/Constraints/key/key.fdc(line number: 19)] Parse file error: Object 'p:sys_key[4]' can not be found in current view, please verify the correctness of the argument.
E: ConstraintEditor-0046: [E:/code/PangoWork/Works/hdmi/Constraints/key/key.fdc(line number: 20)] Parse file error: Object 'p:sys_key[4]' can not be found in current view, please verify the correctness of the argument.
E: ConstraintEditor-0046: [E:/code/PangoWork/Works/hdmi/Constraints/key/key.fdc(line number: 21)] Parse file error: Object 'p:sys_key[5]' can not be found in current view, please verify the correctness of the argument.
E: ConstraintEditor-0046: [E:/code/PangoWork/Works/hdmi/Constraints/key/key.fdc(line number: 22)] Parse file error: Object 'p:sys_key[5]' can not be found in current view, please verify the correctness of the argument.
E: ConstraintEditor-0046: [E:/code/PangoWork/Works/hdmi/Constraints/key/key.fdc(line number: 23)] Parse file error: Object 'p:sys_key[5]' can not be found in current view, please verify the correctness of the argument.
E: ConstraintEditor-0046: [E:/code/PangoWork/Works/hdmi/Constraints/key/key.fdc(line number: 24)] Parse file error: Object 'p:sys_key[5]' can not be found in current view, please verify the correctness of the argument.
E: ConstraintEditor-0086: [E:/code/PangoWork/Works/hdmi/Constraints/hdmi/hdmi_out.fdc(line number: 24)] Package pin 'T25' is invalid to be placed at.
E: ConstraintEditor-0046: [E:/code/PangoWork/Works/hdmi/Constraints/key/key.fdc(line number: 25)] Parse file error: Object 'p:sys_key[6]' can not be found in current view, please verify the correctness of the argument.
E: ConstraintEditor-0046: [E:/code/PangoWork/Works/hdmi/Constraints/key/key.fdc(line number: 26)] Parse file error: Object 'p:sys_key[6]' can not be found in current view, please verify the correctness of the argument.
E: ConstraintEditor-0046: [E:/code/PangoWork/Works/hdmi/Constraints/key/key.fdc(line number: 27)] Parse file error: Object 'p:sys_key[6]' can not be found in current view, please verify the correctness of the argument.
E: ConstraintEditor-0046: [E:/code/PangoWork/Works/hdmi/Constraints/key/key.fdc(line number: 28)] Parse file error: Object 'p:sys_key[6]' can not be found in current view, please verify the correctness of the argument.
E: ConstraintEditor-0046: [E:/code/PangoWork/Works/hdmi/Constraints/key/key.fdc(line number: 29)] Parse file error: Object 'p:sys_key[7]' can not be found in current view, please verify the correctness of the argument.
E: ConstraintEditor-0046: [E:/code/PangoWork/Works/hdmi/Constraints/key/key.fdc(line number: 30)] Parse file error: Object 'p:sys_key[7]' can not be found in current view, please verify the correctness of the argument.
E: ConstraintEditor-0046: [E:/code/PangoWork/Works/hdmi/Constraints/key/key.fdc(line number: 31)] Parse file error: Object 'p:sys_key[7]' can not be found in current view, please verify the correctness of the argument.
E: ConstraintEditor-0086: [E:/code/PangoWork/Works/hdmi/Constraints/hdmi/hdmi_out.fdc(line number: 31)] Package pin 'R23' is invalid to be placed at.
E: ConstraintEditor-0046: [E:/code/PangoWork/Works/hdmi/Constraints/key/key.fdc(line number: 32)] Parse file error: Object 'p:sys_key[7]' can not be found in current view, please verify the correctness of the argument.
E: ConstraintEditor-0086: [E:/code/PangoWork/Works/hdmi/Constraints/hdmi/hdmi_out.fdc(line number: 45)] Package pin 'T24' is invalid to be placed at.
E: ConstraintEditor-0086: [E:/code/PangoWork/Works/hdmi/Constraints/hdmi/hdmi_out.fdc(line number: 52)] Package pin 'T23' is invalid to be placed at.
E: ConstraintEditor-0086: [E:/code/PangoWork/Works/hdmi/Constraints/hdmi/hdmi_out.fdc(line number: 61)] Package pin 'N24' is invalid to be placed at.
E: ConstraintEditor-0086: [E:/code/PangoWork/Works/hdmi/Constraints/hdmi/hdmi_out.fdc(line number: 68)] Package pin 'N23' is invalid to be placed at.
E: ConstraintEditor-0086: [E:/code/PangoWork/Works/hdmi/Constraints/hdmi/hdmi_out.fdc(line number: 75)] Package pin 'P25' is invalid to be placed at.
E: ConstraintEditor-0086: [E:/code/PangoWork/Works/hdmi/Constraints/hdmi/hdmi_out.fdc(line number: 82)] Package pin 'P24' is invalid to be placed at.
E: ConstraintEditor-0086: [E:/code/PangoWork/Works/hdmi/Constraints/hdmi/hdmi_out.fdc(line number: 89)] Package pin 'P23' is invalid to be placed at.
E: ConstraintEditor-0086: [E:/code/PangoWork/Works/hdmi/Constraints/hdmi/hdmi_out.fdc(line number: 119)] Package pin 'L23' is invalid to be placed at.
E: ConstraintEditor-0086: [E:/code/PangoWork/Works/hdmi/Constraints/hdmi/hdmi_out.fdc(line number: 168)] Package pin 'N21' is invalid to be placed at.
E: ConstraintEditor-0086: [E:/code/PangoWork/Works/hdmi/Constraints/hdmi/hdmi_out.fdc(line number: 186)] Package pin 'N17' is invalid to be placed at.
E: ConstraintEditor-0086: [E:/code/PangoWork/Works/hdmi/Constraints/hdmi/hdmi_out.fdc(line number: 203)] Package pin 'N18' is invalid to be placed at.
Constraint check end.
Total time(hh:mm:ss) of constraint check : 00:00:00
Parse module hierarchy of project 'E:/code/PangoWork/Works/hdmi/temp_projects/Main_Flow/Main_Flow.pds' (ADS Parser)
I: Flow-6004: Design file modified: 'E:/code/PangoWork/Works/hdmi/Designs/hdmi_loop_top.v'. 
Parse module hierarchy of project 'E:/code/PangoWork/Works/hdmi/temp_projects/Main_Flow/Main_Flow.pds' (ADS Parser)
I: Flow-6004: Design file modified: 'E:/code/PangoWork/Works/hdmi/Designs/hdmi_loop_top.v'. 
 
Command: set_option -options { top_module {hdmi_loop_top} top_library {work}} [get_filesets design_1]
launch_tasks [get_tasks {syn_1}] -to_action compile
wait_on_tasks [get_tasks {syn_1}] -to_action compile
Process "Compile" started.
Current time: Sun Sep 27 17:49:32 2026
Process "Compile" done.
Constraint check start.
W: ConstraintEditor-4040: [E:/code/PangoWork/Works/hdmi/Constraints/hdmi/ms7200.fdc(line number: 3)] Port p:sys_ms7200_iic_scl has been placed at location V19, whose type is share pin.
W: ConstraintEditor-4040: [E:/code/PangoWork/Works/hdmi/Constraints/system/system.fdc(line number: 8)] Port p:sys_rstn has been placed at location AB13, whose type is share pin.
W: ConstraintEditor-4040: [E:/code/PangoWork/Works/hdmi/Constraints/hdmi/ms7200.fdc(line number: 11)] Port p:sys_ms7200_iic_sda has been placed at location V20, whose type is share pin.
W: ConstraintEditor-4040: [E:/code/PangoWork/Works/hdmi/Constraints/hdmi/hdmi_in.fdc(line number: 54)] Port p:sys_hdmi_in_g[5] has been placed at location AB18, whose type is share pin.
W: ConstraintEditor-4040: [E:/code/PangoWork/Works/hdmi/Constraints/hdmi/hdmi_in.fdc(line number: 59)] Port p:sys_hdmi_in_g[4] has been placed at location AA18, whose type is share pin.
W: ConstraintEditor-4040: [E:/code/PangoWork/Works/hdmi/Constraints/hdmi/hdmi_in.fdc(line number: 64)] Port p:sys_hdmi_in_g[3] has been placed at location AB19, whose type is share pin.
W: ConstraintEditor-4040: [E:/code/PangoWork/Works/hdmi/Constraints/hdmi/hdmi_in.fdc(line number: 69)] Port p:sys_hdmi_in_g[2] has been placed at location W18, whose type is share pin.
W: ConstraintEditor-4040: [E:/code/PangoWork/Works/hdmi/Constraints/hdmi/hdmi_in.fdc(line number: 74)] Port p:sys_hdmi_in_g[1] has been placed at location V17, whose type is share pin.
W: ConstraintEditor-4040: [E:/code/PangoWork/Works/hdmi/Constraints/hdmi/hdmi_in.fdc(line number: 127)] Port p:sys_hdmi_in_pixclk has been placed at location AA12, whose type is share pin.
W: ConstraintEditor-4040: [E:/code/PangoWork/Works/hdmi/Constraints/hdmi/hdmi_out.fdc(line number: 177)] Port p:sys_hdmi_out_pixclk has been placed at location M22, whose type is share pin.
W: ConstraintEditor-4042: Port 'p:sys_led[0]' lacks attribute 'PAP_IO_DRIVE', it's better to set the attribute for port.
W: ConstraintEditor-4042: Port 'p:sys_led[0]' lacks attribute 'PAP_IO_SLEW', it's better to set the attribute for port.
W: ConstraintEditor-4042: Port 'p:sys_led[0]' lacks attribute 'BUS_KEEPER', it's better to set the attribute for port.
W: ConstraintEditor-4042: Port 'p:sys_led[1]' lacks attribute 'PAP_IO_DRIVE', it's better to set the attribute for port.
W: ConstraintEditor-4042: Port 'p:sys_led[1]' lacks attribute 'PAP_IO_SLEW', it's better to set the attribute for port.
W: ConstraintEditor-4042: Port 'p:sys_led[1]' lacks attribute 'BUS_KEEPER', it's better to set the attribute for port.
W: ConstraintEditor-4042: Port 'p:sys_led[2]' lacks attribute 'PAP_IO_DRIVE', it's better to set the attribute for port.
W: ConstraintEditor-4042: Port 'p:sys_led[2]' lacks attribute 'PAP_IO_SLEW', it's better to set the attribute for port.
W: ConstraintEditor-4042: Port 'p:sys_led[2]' lacks attribute 'BUS_KEEPER', it's better to set the attribute for port.
W: ConstraintEditor-4042: Port 'p:sys_led[3]' lacks attribute 'PAP_IO_DRIVE', it's better to set the attribute for port.
W: ConstraintEditor-4042: Port 'p:sys_led[3]' lacks attribute 'PAP_IO_SLEW', it's better to set the attribute for port.
W: ConstraintEditor-4042: Port 'p:sys_led[3]' lacks attribute 'BUS_KEEPER', it's better to set the attribute for port.
W: ConstraintEditor-4042: Port 'p:sys_led[4]' lacks attribute 'PAP_IO_DRIVE', it's better to set the attribute for port.
W: ConstraintEditor-4042: Port 'p:sys_led[4]' lacks attribute 'PAP_IO_SLEW', it's better to set the attribute for port.
W: ConstraintEditor-4042: Port 'p:sys_led[4]' lacks attribute 'BUS_KEEPER', it's better to set the attribute for port.
W: ConstraintEditor-4042: Port 'p:sys_led[5]' lacks attribute 'PAP_IO_DRIVE', it's better to set the attribute for port.
W: ConstraintEditor-4042: Port 'p:sys_led[5]' lacks attribute 'PAP_IO_SLEW', it's better to set the attribute for port.
W: ConstraintEditor-4042: Port 'p:sys_led[5]' lacks attribute 'BUS_KEEPER', it's better to set the attribute for port.
W: ConstraintEditor-4042: Port 'p:sys_led[6]' lacks attribute 'PAP_IO_DRIVE', it's better to set the attribute for port.
W: ConstraintEditor-4042: Port 'p:sys_led[6]' lacks attribute 'PAP_IO_SLEW', it's better to set the attribute for port.
W: ConstraintEditor-4042: Port 'p:sys_led[6]' lacks attribute 'BUS_KEEPER', it's better to set the attribute for port.
W: ConstraintEditor-4042: Port 'p:sys_led[7]' lacks attribute 'PAP_IO_DRIVE', it's better to set the attribute for port.
W: ConstraintEditor-4042: Port 'p:sys_led[7]' lacks attribute 'PAP_IO_SLEW', it's better to set the attribute for port.
W: ConstraintEditor-4042: Port 'p:sys_led[7]' lacks attribute 'BUS_KEEPER', it's better to set the attribute for port.
E: ConstraintEditor-0046: [E:/code/PangoWork/Works/hdmi/Constraints/key/key.fdc(line number: 1)] Parse file error: Object 'p:sys_key[0]' can not be found in current view, please verify the correctness of the argument.
E: ConstraintEditor-0046: [E:/code/PangoWork/Works/hdmi/Constraints/key/key.fdc(line number: 2)] Parse file error: Object 'p:sys_key[0]' can not be found in current view, please verify the correctness of the argument.
E: ConstraintEditor-0046: [E:/code/PangoWork/Works/hdmi/Constraints/key/key.fdc(line number: 3)] Parse file error: Object 'p:sys_key[0]' can not be found in current view, please verify the correctness of the argument.
E: ConstraintEditor-0086: [E:/code/PangoWork/Works/hdmi/Constraints/hdmi/hdmi_out.fdc(line number: 3)] Package pin 'P26' is invalid to be placed at.
E: ConstraintEditor-0046: [E:/code/PangoWork/Works/hdmi/Constraints/key/key.fdc(line number: 4)] Parse file error: Object 'p:sys_key[0]' can not be found in current view, please verify the correctness of the argument.
E: ConstraintEditor-0046: [E:/code/PangoWork/Works/hdmi/Constraints/key/key.fdc(line number: 5)] Parse file error: Object 'p:sys_key[1]' can not be found in current view, please verify the correctness of the argument.
E: ConstraintEditor-0046: [E:/code/PangoWork/Works/hdmi/Constraints/key/key.fdc(line number: 6)] Parse file error: Object 'p:sys_key[1]' can not be found in current view, please verify the correctness of the argument.
E: ConstraintEditor-0046: [E:/code/PangoWork/Works/hdmi/Constraints/key/key.fdc(line number: 7)] Parse file error: Object 'p:sys_key[1]' can not be found in current view, please verify the correctness of the argument.
E: ConstraintEditor-0046: [E:/code/PangoWork/Works/hdmi/Constraints/key/key.fdc(line number: 8)] Parse file error: Object 'p:sys_key[1]' can not be found in current view, please verify the correctness of the argument.
E: ConstraintEditor-0046: [E:/code/PangoWork/Works/hdmi/Constraints/key/key.fdc(line number: 9)] Parse file error: Object 'p:sys_key[2]' can not be found in current view, please verify the correctness of the argument.
E: ConstraintEditor-0046: [E:/code/PangoWork/Works/hdmi/Constraints/key/key.fdc(line number: 10)] Parse file error: Object 'p:sys_key[2]' can not be found in current view, please verify the correctness of the argument.
E: ConstraintEditor-0086: [E:/code/PangoWork/Works/hdmi/Constraints/hdmi/hdmi_out.fdc(line number: 10)] Package pin 'R26' is invalid to be placed at.
E: ConstraintEditor-0046: [E:/code/PangoWork/Works/hdmi/Constraints/key/key.fdc(line number: 11)] Parse file error: Object 'p:sys_key[2]' can not be found in current view, please verify the correctness of the argument.
E: ConstraintEditor-0046: [E:/code/PangoWork/Works/hdmi/Constraints/key/key.fdc(line number: 12)] Parse file error: Object 'p:sys_key[2]' can not be found in current view, please verify the correctness of the argument.
E: ConstraintEditor-0046: [E:/code/PangoWork/Works/hdmi/Constraints/key/key.fdc(line number: 13)] Parse file error: Object 'p:sys_key[3]' can not be found in current view, please verify the correctness of the argument.
E: ConstraintEditor-0046: [E:/code/PangoWork/Works/hdmi/Constraints/key/key.fdc(line number: 14)] Parse file error: Object 'p:sys_key[3]' can not be found in current view, please verify the correctness of the argument.
E: ConstraintEditor-0046: [E:/code/PangoWork/Works/hdmi/Constraints/key/key.fdc(line number: 15)] Parse file error: Object 'p:sys_key[3]' can not be found in current view, please verify the correctness of the argument.
E: ConstraintEditor-0046: [E:/code/PangoWork/Works/hdmi/Constraints/key/key.fdc(line number: 16)] Parse file error: Object 'p:sys_key[3]' can not be found in current view, please verify the correctness of the argument.
E: ConstraintEditor-0046: [E:/code/PangoWork/Works/hdmi/Constraints/key/key.fdc(line number: 17)] Parse file error: Object 'p:sys_key[4]' can not be found in current view, please verify the correctness of the argument.
E: ConstraintEditor-0086: [E:/code/PangoWork/Works/hdmi/Constraints/hdmi/hdmi_out.fdc(line number: 17)] Package pin 'R25' is invalid to be placed at.
E: ConstraintEditor-0046: [E:/code/PangoWork/Works/hdmi/Constraints/key/key.fdc(line number: 18)] Parse file error: Object 'p:sys_key[4]' can not be found in current view, please verify the correctness of the argument.
E: ConstraintEditor-0046: [E:/code/PangoWork/Works/hdmi/Constraints/key/key.fdc(line number: 19)] Parse file error: Object 'p:sys_key[4]' can not be found in current view, please verify the correctness of the argument.
E: ConstraintEditor-0046: [E:/code/PangoWork/Works/hdmi/Constraints/key/key.fdc(line number: 20)] Parse file error: Object 'p:sys_key[4]' can not be found in current view, please verify the correctness of the argument.
E: ConstraintEditor-0046: [E:/code/PangoWork/Works/hdmi/Constraints/key/key.fdc(line number: 21)] Parse file error: Object 'p:sys_key[5]' can not be found in current view, please verify the correctness of the argument.
E: ConstraintEditor-0046: [E:/code/PangoWork/Works/hdmi/Constraints/key/key.fdc(line number: 22)] Parse file error: Object 'p:sys_key[5]' can not be found in current view, please verify the correctness of the argument.
E: ConstraintEditor-0046: [E:/code/PangoWork/Works/hdmi/Constraints/key/key.fdc(line number: 23)] Parse file error: Object 'p:sys_key[5]' can not be found in current view, please verify the correctness of the argument.
E: ConstraintEditor-0046: [E:/code/PangoWork/Works/hdmi/Constraints/key/key.fdc(line number: 24)] Parse file error: Object 'p:sys_key[5]' can not be found in current view, please verify the correctness of the argument.
E: ConstraintEditor-0086: [E:/code/PangoWork/Works/hdmi/Constraints/hdmi/hdmi_out.fdc(line number: 24)] Package pin 'T25' is invalid to be placed at.
E: ConstraintEditor-0046: [E:/code/PangoWork/Works/hdmi/Constraints/key/key.fdc(line number: 25)] Parse file error: Object 'p:sys_key[6]' can not be found in current view, please verify the correctness of the argument.
E: ConstraintEditor-0046: [E:/code/PangoWork/Works/hdmi/Constraints/key/key.fdc(line number: 26)] Parse file error: Object 'p:sys_key[6]' can not be found in current view, please verify the correctness of the argument.
E: ConstraintEditor-0046: [E:/code/PangoWork/Works/hdmi/Constraints/key/key.fdc(line number: 27)] Parse file error: Object 'p:sys_key[6]' can not be found in current view, please verify the correctness of the argument.
E: ConstraintEditor-0046: [E:/code/PangoWork/Works/hdmi/Constraints/key/key.fdc(line number: 28)] Parse file error: Object 'p:sys_key[6]' can not be found in current view, please verify the correctness of the argument.
E: ConstraintEditor-0046: [E:/code/PangoWork/Works/hdmi/Constraints/key/key.fdc(line number: 29)] Parse file error: Object 'p:sys_key[7]' can not be found in current view, please verify the correctness of the argument.
E: ConstraintEditor-0046: [E:/code/PangoWork/Works/hdmi/Constraints/key/key.fdc(line number: 30)] Parse file error: Object 'p:sys_key[7]' can not be found in current view, please verify the correctness of the argument.
E: ConstraintEditor-0046: [E:/code/PangoWork/Works/hdmi/Constraints/key/key.fdc(line number: 31)] Parse file error: Object 'p:sys_key[7]' can not be found in current view, please verify the correctness of the argument.
E: ConstraintEditor-0086: [E:/code/PangoWork/Works/hdmi/Constraints/hdmi/hdmi_out.fdc(line number: 31)] Package pin 'R23' is invalid to be placed at.
E: ConstraintEditor-0046: [E:/code/PangoWork/Works/hdmi/Constraints/key/key.fdc(line number: 32)] Parse file error: Object 'p:sys_key[7]' can not be found in current view, please verify the correctness of the argument.
E: ConstraintEditor-0086: [E:/code/PangoWork/Works/hdmi/Constraints/hdmi/hdmi_out.fdc(line number: 45)] Package pin 'T24' is invalid to be placed at.
E: ConstraintEditor-0086: [E:/code/PangoWork/Works/hdmi/Constraints/hdmi/hdmi_out.fdc(line number: 52)] Package pin 'T23' is invalid to be placed at.
E: ConstraintEditor-0086: [E:/code/PangoWork/Works/hdmi/Constraints/hdmi/hdmi_out.fdc(line number: 61)] Package pin 'N24' is invalid to be placed at.
E: ConstraintEditor-0086: [E:/code/PangoWork/Works/hdmi/Constraints/hdmi/hdmi_out.fdc(line number: 68)] Package pin 'N23' is invalid to be placed at.
E: ConstraintEditor-0086: [E:/code/PangoWork/Works/hdmi/Constraints/hdmi/hdmi_out.fdc(line number: 75)] Package pin 'P25' is invalid to be placed at.
E: ConstraintEditor-0086: [E:/code/PangoWork/Works/hdmi/Constraints/hdmi/hdmi_out.fdc(line number: 82)] Package pin 'P24' is invalid to be placed at.
E: ConstraintEditor-0086: [E:/code/PangoWork/Works/hdmi/Constraints/hdmi/hdmi_out.fdc(line number: 89)] Package pin 'P23' is invalid to be placed at.
E: ConstraintEditor-0086: [E:/code/PangoWork/Works/hdmi/Constraints/hdmi/hdmi_out.fdc(line number: 119)] Package pin 'L23' is invalid to be placed at.
E: ConstraintEditor-0086: [E:/code/PangoWork/Works/hdmi/Constraints/hdmi/hdmi_out.fdc(line number: 168)] Package pin 'N21' is invalid to be placed at.
E: ConstraintEditor-0086: [E:/code/PangoWork/Works/hdmi/Constraints/hdmi/hdmi_out.fdc(line number: 186)] Package pin 'N17' is invalid to be placed at.
E: ConstraintEditor-0086: [E:/code/PangoWork/Works/hdmi/Constraints/hdmi/hdmi_out.fdc(line number: 203)] Package pin 'N18' is invalid to be placed at.
Constraint check end.
Total time(hh:mm:ss) of constraint check : 00:00:00
 
Command: launch_tasks [get_tasks {syn_1}] -to_action synthesize
wait_on_tasks [get_tasks {syn_1}] -to_action synthesize
Process "Synthesize" started.
Current time: Sun Sep 27 17:49:48 2026
E: ConstraintEditor-0046: [E:/code/PangoWork/Works/hdmi/Constraints/key/key.fdc(line number: 1)] Parse file error: Object 'p:sys_key[0]' can not be found in current view, please verify the correctness of the argument. [syn_1::Synthesize]
E: ConstraintEditor-0046: [E:/code/PangoWork/Works/hdmi/Constraints/key/key.fdc(line number: 2)] Parse file error: Object 'p:sys_key[0]' can not be found in current view, please verify the correctness of the argument. [syn_1::Synthesize]
E: ConstraintEditor-0046: [E:/code/PangoWork/Works/hdmi/Constraints/key/key.fdc(line number: 3)] Parse file error: Object 'p:sys_key[0]' can not be found in current view, please verify the correctness of the argument. [syn_1::Synthesize]
E: ConstraintEditor-0086: [E:/code/PangoWork/Works/hdmi/Constraints/hdmi/hdmi_out.fdc(line number: 3)] Package pin 'P26' is invalid to be placed at. [syn_1::Synthesize]
E: ConstraintEditor-0046: [E:/code/PangoWork/Works/hdmi/Constraints/key/key.fdc(line number: 4)] Parse file error: Object 'p:sys_key[0]' can not be found in current view, please verify the correctness of the argument. [syn_1::Synthesize]
E: ConstraintEditor-0046: [E:/code/PangoWork/Works/hdmi/Constraints/key/key.fdc(line number: 5)] Parse file error: Object 'p:sys_key[1]' can not be found in current view, please verify the correctness of the argument. [syn_1::Synthesize]
E: ConstraintEditor-0046: [E:/code/PangoWork/Works/hdmi/Constraints/key/key.fdc(line number: 6)] Parse file error: Object 'p:sys_key[1]' can not be found in current view, please verify the correctness of the argument. [syn_1::Synthesize]
E: ConstraintEditor-0046: [E:/code/PangoWork/Works/hdmi/Constraints/key/key.fdc(line number: 7)] Parse file error: Object 'p:sys_key[1]' can not be found in current view, please verify the correctness of the argument. [syn_1::Synthesize]
E: ConstraintEditor-0046: [E:/code/PangoWork/Works/hdmi/Constraints/key/key.fdc(line number: 8)] Parse file error: Object 'p:sys_key[1]' can not be found in current view, please verify the correctness of the argument. [syn_1::Synthesize]
E: ConstraintEditor-0046: [E:/code/PangoWork/Works/hdmi/Constraints/key/key.fdc(line number: 9)] Parse file error: Object 'p:sys_key[2]' can not be found in current view, please verify the correctness of the argument. [syn_1::Synthesize]
E: ConstraintEditor-0046: [E:/code/PangoWork/Works/hdmi/Constraints/key/key.fdc(line number: 10)] Parse file error: Object 'p:sys_key[2]' can not be found in current view, please verify the correctness of the argument. [syn_1::Synthesize]
E: ConstraintEditor-0086: [E:/code/PangoWork/Works/hdmi/Constraints/hdmi/hdmi_out.fdc(line number: 10)] Package pin 'R26' is invalid to be placed at. [syn_1::Synthesize]
E: ConstraintEditor-0046: [E:/code/PangoWork/Works/hdmi/Constraints/key/key.fdc(line number: 11)] Parse file error: Object 'p:sys_key[2]' can not be found in current view, please verify the correctness of the argument. [syn_1::Synthesize]
E: ConstraintEditor-0046: [E:/code/PangoWork/Works/hdmi/Constraints/key/key.fdc(line number: 12)] Parse file error: Object 'p:sys_key[2]' can not be found in current view, please verify the correctness of the argument. [syn_1::Synthesize]
E: ConstraintEditor-0046: [E:/code/PangoWork/Works/hdmi/Constraints/key/key.fdc(line number: 13)] Parse file error: Object 'p:sys_key[3]' can not be found in current view, please verify the correctness of the argument. [syn_1::Synthesize]
E: ConstraintEditor-0046: [E:/code/PangoWork/Works/hdmi/Constraints/key/key.fdc(line number: 14)] Parse file error: Object 'p:sys_key[3]' can not be found in current view, please verify the correctness of the argument. [syn_1::Synthesize]
E: ConstraintEditor-0046: [E:/code/PangoWork/Works/hdmi/Constraints/key/key.fdc(line number: 15)] Parse file error: Object 'p:sys_key[3]' can not be found in current view, please verify the correctness of the argument. [syn_1::Synthesize]
E: ConstraintEditor-0046: [E:/code/PangoWork/Works/hdmi/Constraints/key/key.fdc(line number: 16)] Parse file error: Object 'p:sys_key[3]' can not be found in current view, please verify the correctness of the argument. [syn_1::Synthesize]
E: ConstraintEditor-0046: [E:/code/PangoWork/Works/hdmi/Constraints/key/key.fdc(line number: 17)] Parse file error: Object 'p:sys_key[4]' can not be found in current view, please verify the correctness of the argument. [syn_1::Synthesize]
E: ConstraintEditor-0086: [E:/code/PangoWork/Works/hdmi/Constraints/hdmi/hdmi_out.fdc(line number: 17)] Package pin 'R25' is invalid to be placed at. [syn_1::Synthesize]
E: ConstraintEditor-0046: [E:/code/PangoWork/Works/hdmi/Constraints/key/key.fdc(line number: 18)] Parse file error: Object 'p:sys_key[4]' can not be found in current view, please verify the correctness of the argument. [syn_1::Synthesize]
E: ConstraintEditor-0046: [E:/code/PangoWork/Works/hdmi/Constraints/key/key.fdc(line number: 19)] Parse file error: Object 'p:sys_key[4]' can not be found in current view, please verify the correctness of the argument. [syn_1::Synthesize]
E: ConstraintEditor-0046: [E:/code/PangoWork/Works/hdmi/Constraints/key/key.fdc(line number: 20)] Parse file error: Object 'p:sys_key[4]' can not be found in current view, please verify the correctness of the argument. [syn_1::Synthesize]
E: ConstraintEditor-0046: [E:/code/PangoWork/Works/hdmi/Constraints/key/key.fdc(line number: 21)] Parse file error: Object 'p:sys_key[5]' can not be found in current view, please verify the correctness of the argument. [syn_1::Synthesize]
E: ConstraintEditor-0046: [E:/code/PangoWork/Works/hdmi/Constraints/key/key.fdc(line number: 22)] Parse file error: Object 'p:sys_key[5]' can not be found in current view, please verify the correctness of the argument. [syn_1::Synthesize]
E: ConstraintEditor-0046: [E:/code/PangoWork/Works/hdmi/Constraints/key/key.fdc(line number: 23)] Parse file error: Object 'p:sys_key[5]' can not be found in current view, please verify the correctness of the argument. [syn_1::Synthesize]
E: ConstraintEditor-0046: [E:/code/PangoWork/Works/hdmi/Constraints/key/key.fdc(line number: 24)] Parse file error: Object 'p:sys_key[5]' can not be found in current view, please verify the correctness of the argument. [syn_1::Synthesize]
E: ConstraintEditor-0086: [E:/code/PangoWork/Works/hdmi/Constraints/hdmi/hdmi_out.fdc(line number: 24)] Package pin 'T25' is invalid to be placed at. [syn_1::Synthesize]
E: ConstraintEditor-0046: [E:/code/PangoWork/Works/hdmi/Constraints/key/key.fdc(line number: 25)] Parse file error: Object 'p:sys_key[6]' can not be found in current view, please verify the correctness of the argument. [syn_1::Synthesize]
E: ConstraintEditor-0046: [E:/code/PangoWork/Works/hdmi/Constraints/key/key.fdc(line number: 26)] Parse file error: Object 'p:sys_key[6]' can not be found in current view, please verify the correctness of the argument. [syn_1::Synthesize]
E: ConstraintEditor-0046: [E:/code/PangoWork/Works/hdmi/Constraints/key/key.fdc(line number: 27)] Parse file error: Object 'p:sys_key[6]' can not be found in current view, please verify the correctness of the argument. [syn_1::Synthesize]
E: ConstraintEditor-0046: [E:/code/PangoWork/Works/hdmi/Constraints/key/key.fdc(line number: 28)] Parse file error: Object 'p:sys_key[6]' can not be found in current view, please verify the correctness of the argument. [syn_1::Synthesize]
E: ConstraintEditor-0046: [E:/code/PangoWork/Works/hdmi/Constraints/key/key.fdc(line number: 29)] Parse file error: Object 'p:sys_key[7]' can not be found in current view, please verify the correctness of the argument. [syn_1::Synthesize]
E: ConstraintEditor-0046: [E:/code/PangoWork/Works/hdmi/Constraints/key/key.fdc(line number: 30)] Parse file error: Object 'p:sys_key[7]' can not be found in current view, please verify the correctness of the argument. [syn_1::Synthesize]
E: ConstraintEditor-0046: [E:/code/PangoWork/Works/hdmi/Constraints/key/key.fdc(line number: 31)] Parse file error: Object 'p:sys_key[7]' can not be found in current view, please verify the correctness of the argument. [syn_1::Synthesize]
E: ConstraintEditor-0086: [E:/code/PangoWork/Works/hdmi/Constraints/hdmi/hdmi_out.fdc(line number: 31)] Package pin 'R23' is invalid to be placed at. [syn_1::Synthesize]
E: ConstraintEditor-0046: [E:/code/PangoWork/Works/hdmi/Constraints/key/key.fdc(line number: 32)] Parse file error: Object 'p:sys_key[7]' can not be found in current view, please verify the correctness of the argument. [syn_1::Synthesize]
E: ConstraintEditor-0086: [E:/code/PangoWork/Works/hdmi/Constraints/hdmi/hdmi_out.fdc(line number: 45)] Package pin 'T24' is invalid to be placed at. [syn_1::Synthesize]
E: ConstraintEditor-0086: [E:/code/PangoWork/Works/hdmi/Constraints/hdmi/hdmi_out.fdc(line number: 52)] Package pin 'T23' is invalid to be placed at. [syn_1::Synthesize]
E: ConstraintEditor-0086: [E:/code/PangoWork/Works/hdmi/Constraints/hdmi/hdmi_out.fdc(line number: 61)] Package pin 'N24' is invalid to be placed at. [syn_1::Synthesize]
E: ConstraintEditor-0086: [E:/code/PangoWork/Works/hdmi/Constraints/hdmi/hdmi_out.fdc(line number: 68)] Package pin 'N23' is invalid to be placed at. [syn_1::Synthesize]
E: ConstraintEditor-0086: [E:/code/PangoWork/Works/hdmi/Constraints/hdmi/hdmi_out.fdc(line number: 75)] Package pin 'P25' is invalid to be placed at. [syn_1::Synthesize]
E: ConstraintEditor-0086: [E:/code/PangoWork/Works/hdmi/Constraints/hdmi/hdmi_out.fdc(line number: 82)] Package pin 'P24' is invalid to be placed at. [syn_1::Synthesize]
E: ConstraintEditor-0086: [E:/code/PangoWork/Works/hdmi/Constraints/hdmi/hdmi_out.fdc(line number: 89)] Package pin 'P23' is invalid to be placed at. [syn_1::Synthesize]
E: ConstraintEditor-0086: [E:/code/PangoWork/Works/hdmi/Constraints/hdmi/hdmi_out.fdc(line number: 119)] Package pin 'L23' is invalid to be placed at. [syn_1::Synthesize]
E: ConstraintEditor-0086: [E:/code/PangoWork/Works/hdmi/Constraints/hdmi/hdmi_out.fdc(line number: 168)] Package pin 'N21' is invalid to be placed at. [syn_1::Synthesize]
E: ConstraintEditor-0086: [E:/code/PangoWork/Works/hdmi/Constraints/hdmi/hdmi_out.fdc(line number: 186)] Package pin 'N17' is invalid to be placed at. [syn_1::Synthesize]
E: ConstraintEditor-0086: [E:/code/PangoWork/Works/hdmi/Constraints/hdmi/hdmi_out.fdc(line number: 203)] Package pin 'N18' is invalid to be placed at. [syn_1::Synthesize]
Run process "Synthesize" failed, exit code: 1.
