design_1::Designs:
1. E:/code/PangoWork/Works/hdmi/Designs/hdmi_loop_top.v
Size: 8312bytes
Last modified time: 2026/09/27 17:49:28
2. E:/code/PangoWork/Works/hdmi/Designs/hardware/ms7200/ms7200_driver.v
Size: 25975bytes
Last modified time: 2026/09/27 19:17:27
3. E:/code/PangoWork/Works/hdmi/Designs/hardware/ms7200/ms7200_top.v
Size: 6263bytes
Last modified time: 2026/09/27 19:17:28
4. E:/code/PangoWork/Works/hdmi/Designs/hardware/ms7210/ms7210_driver.v
Size: 9559bytes
Last modified time: 2026/09/27 19:17:25
5. E:/code/PangoWork/Works/hdmi/Designs/hardware/ms7210/ms7210_top.v
Size: 6236bytes
Last modified time: 2026/09/27 19:17:24
6. E:/code/PangoWork/Works/hdmi/Designs/hardware/led/led.v
Size: 774bytes
Last modified time: 2026/09/27 19:17:31
7. E:/code/PangoWork/Works/hdmi/Designs/drivers/iic/iic_master.v
Size: 15130bytes
Last modified time: 2026/09/27 19:17:33

design_1::IPs:
1. E:/code/PangoWork/Works/hdmi/ipcore/pll_50mhz/pll_50mhz.idf
Size: 36022bytes
Last modified time: 2026/09/27 16:40:43

constrs_1::Constraints:
1. E:/code/PangoWork/Works/hdmi/Constraints/hdmi/hdmi_in.fdc
Size: 8903bytes
Last modified time: 2026/09/27 17:47:52
2. E:/code/PangoWork/Works/hdmi/Constraints/hdmi/hdmi_out.fdc
Size: 12408bytes
Last modified time: 2026/09/27 17:58:27
3. E:/code/PangoWork/Works/hdmi/Constraints/hdmi/ms7200.fdc
Size: 1019bytes
Last modified time: 2026/09/27 17:40:59
4. E:/code/PangoWork/Works/hdmi/Constraints/hdmi/ms7210.fdc
Size: 1019bytes
Last modified time: 2026/09/27 17:41:01
5. E:/code/PangoWork/Works/hdmi/Constraints/led/led.fdc
Size: 1822bytes
Last modified time: 2026/09/25 15:03:30
6. E:/code/PangoWork/Works/hdmi/Constraints/system/system.fdc
Size: 1054bytes
Last modified time: 2026/09/27 17:38:35
7. E:/code/PangoWork/Works/hdmi/Constraints/system/system_clk.fdc
Size: 680bytes
Last modified time: 2026/09/27 17:30:00

pnr_constrs_1::Physical Constraint Editor (Post-Map):
1. E:/code/PangoWork/Works/hdmi/prj_tasks/pnr_1/device_map/hdmi_loop_top.pcf
Size: 6437bytes
Last modified time: 2026/09/27 18:13:11

