#Build: Fabric Compiler 2025.2, Build 211867, Jan 16 16:10 2026
#Install: D:\pango\PDS_2025.2-ads\bin
#Application name: pds_shell.exe
#OS: Windows 11 10.0.26100
#CPU: Unknown
#RAM(GB): 16
#Hostname: hustlyrm
#Generated by Fabric Compiler (version 2025.2 build 211867) at Thu Oct  1 18:41:59 2026
Parameters for debugging are loaded as follows:
Compiling verification operator library.
Compiling vendor parameter file.
Compiling common defs.
Compiling prim grid devices.
Compiling place grid timing.
Compiling gate devices.
Compiling gate operators.
Compiling gate operators impls.
Building architecture model.
Loading device packaging model.
Building architecture floorplan logic view.
Constraint check start.
W: ConstraintEditor-4042: Port 'sys_qspi_dq[0]' lacks attribute 'SLEW', it's better to set the attribute for port.
W: ConstraintEditor-4042: Port 'sys_qspi_dq[0]' lacks attribute 'DRIVE', it's better to set the attribute for port.
W: ConstraintEditor-4042: Port 'sys_qspi_dq[0]' lacks attribute 'BUS_KEEPER', it's better to set the attribute for port.
W: ConstraintEditor-4040: [D:/pango/works/ECSDC_FPGA_2026/prj_tasks/pnr_1/device_map/flash_read_top.pcf(line number: 3)] Port sys_qspi_dq[0] has been placed at location AB20, whose type is share pin.
W: ConstraintEditor-4042: Port 'sys_qspi_dq[1]' lacks attribute 'SLEW', it's better to set the attribute for port.
W: ConstraintEditor-4042: Port 'sys_qspi_dq[1]' lacks attribute 'DRIVE', it's better to set the attribute for port.
W: ConstraintEditor-4042: Port 'sys_qspi_dq[1]' lacks attribute 'BUS_KEEPER', it's better to set the attribute for port.
W: ConstraintEditor-4040: [D:/pango/works/ECSDC_FPGA_2026/prj_tasks/pnr_1/device_map/flash_read_top.pcf(line number: 4)] Port sys_qspi_dq[1] has been placed at location AA20, whose type is share pin.
W: ConstraintEditor-4042: Port 'sys_qspi_dq[2]' lacks attribute 'SLEW', it's better to set the attribute for port.
W: ConstraintEditor-4042: Port 'sys_qspi_dq[2]' lacks attribute 'DRIVE', it's better to set the attribute for port.
W: ConstraintEditor-4042: Port 'sys_qspi_dq[2]' lacks attribute 'BUS_KEEPER', it's better to set the attribute for port.
W: ConstraintEditor-4040: [D:/pango/works/ECSDC_FPGA_2026/prj_tasks/pnr_1/device_map/flash_read_top.pcf(line number: 5)] Port sys_qspi_dq[2] has been placed at location R13, whose type is share pin.
W: ConstraintEditor-4042: Port 'sys_qspi_dq[3]' lacks attribute 'SLEW', it's better to set the attribute for port.
W: ConstraintEditor-4042: Port 'sys_qspi_dq[3]' lacks attribute 'DRIVE', it's better to set the attribute for port.
W: ConstraintEditor-4042: Port 'sys_qspi_dq[3]' lacks attribute 'BUS_KEEPER', it's better to set the attribute for port.
W: ConstraintEditor-4040: [D:/pango/works/ECSDC_FPGA_2026/prj_tasks/pnr_1/device_map/flash_read_top.pcf(line number: 6)] Port sys_qspi_dq[3] has been placed at location T14, whose type is share pin.
W: ConstraintEditor-4042: Port 'sys_cp2102_tx' lacks attribute 'SLEW', it's better to set the attribute for port.
W: ConstraintEditor-4042: Port 'sys_cp2102_tx' lacks attribute 'DRIVE', it's better to set the attribute for port.
W: ConstraintEditor-4042: Port 'sys_led[0]' lacks attribute 'SLEW', it's better to set the attribute for port.
W: ConstraintEditor-4042: Port 'sys_led[0]' lacks attribute 'DRIVE', it's better to set the attribute for port.
W: ConstraintEditor-4042: Port 'sys_led[0]' lacks attribute 'BUS_KEEPER', it's better to set the attribute for port.
W: ConstraintEditor-4042: Port 'sys_led[1]' lacks attribute 'SLEW', it's better to set the attribute for port.
W: ConstraintEditor-4042: Port 'sys_led[1]' lacks attribute 'DRIVE', it's better to set the attribute for port.
W: ConstraintEditor-4042: Port 'sys_led[1]' lacks attribute 'BUS_KEEPER', it's better to set the attribute for port.
W: ConstraintEditor-4042: Port 'sys_led[2]' lacks attribute 'SLEW', it's better to set the attribute for port.
W: ConstraintEditor-4042: Port 'sys_led[2]' lacks attribute 'DRIVE', it's better to set the attribute for port.
W: ConstraintEditor-4042: Port 'sys_led[2]' lacks attribute 'BUS_KEEPER', it's better to set the attribute for port.
W: ConstraintEditor-4042: Port 'sys_led[3]' lacks attribute 'SLEW', it's better to set the attribute for port.
W: ConstraintEditor-4042: Port 'sys_led[3]' lacks attribute 'DRIVE', it's better to set the attribute for port.
W: ConstraintEditor-4042: Port 'sys_led[3]' lacks attribute 'BUS_KEEPER', it's better to set the attribute for port.
W: ConstraintEditor-4042: Port 'sys_led[4]' lacks attribute 'SLEW', it's better to set the attribute for port.
W: ConstraintEditor-4042: Port 'sys_led[4]' lacks attribute 'DRIVE', it's better to set the attribute for port.
W: ConstraintEditor-4042: Port 'sys_led[4]' lacks attribute 'BUS_KEEPER', it's better to set the attribute for port.
W: ConstraintEditor-4042: Port 'sys_led[5]' lacks attribute 'SLEW', it's better to set the attribute for port.
W: ConstraintEditor-4042: Port 'sys_led[5]' lacks attribute 'DRIVE', it's better to set the attribute for port.
W: ConstraintEditor-4042: Port 'sys_led[5]' lacks attribute 'BUS_KEEPER', it's better to set the attribute for port.
W: ConstraintEditor-4042: Port 'sys_led[6]' lacks attribute 'SLEW', it's better to set the attribute for port.
W: ConstraintEditor-4042: Port 'sys_led[6]' lacks attribute 'DRIVE', it's better to set the attribute for port.
W: ConstraintEditor-4042: Port 'sys_led[6]' lacks attribute 'BUS_KEEPER', it's better to set the attribute for port.
W: ConstraintEditor-4042: Port 'sys_led[7]' lacks attribute 'SLEW', it's better to set the attribute for port.
W: ConstraintEditor-4042: Port 'sys_led[7]' lacks attribute 'DRIVE', it's better to set the attribute for port.
W: ConstraintEditor-4042: Port 'sys_led[7]' lacks attribute 'BUS_KEEPER', it's better to set the attribute for port.
W: ConstraintEditor-4042: Port 'sys_qspi_csn' lacks attribute 'SLEW', it's better to set the attribute for port.
W: ConstraintEditor-4042: Port 'sys_qspi_csn' lacks attribute 'DRIVE', it's better to set the attribute for port.
W: ConstraintEditor-4042: Port 'sys_qspi_csn' lacks attribute 'BUS_KEEPER', it's better to set the attribute for port.
W: ConstraintEditor-4040: [D:/pango/works/ECSDC_FPGA_2026/prj_tasks/pnr_1/device_map/flash_read_top.pcf(line number: 16)] Port sys_qspi_csn has been placed at location AA3, whose type is share pin.
W: ConstraintEditor-4042: Port 'sys_qspi_sck' lacks attribute 'SLEW', it's better to set the attribute for port.
W: ConstraintEditor-4042: Port 'sys_qspi_sck' lacks attribute 'DRIVE', it's better to set the attribute for port.
W: ConstraintEditor-4042: Port 'sys_qspi_sck' lacks attribute 'BUS_KEEPER', it's better to set the attribute for port.
W: ConstraintEditor-4040: [D:/pango/works/ECSDC_FPGA_2026/prj_tasks/pnr_1/device_map/flash_read_top.pcf(line number: 17)] Port sys_qspi_sck has been placed at location Y20, whose type is share pin.
W: ConstraintEditor-4040: [D:/pango/works/ECSDC_FPGA_2026/prj_tasks/pnr_1/device_map/flash_read_top.pcf(line number: 19)] Port sys_rstn has been placed at location AB13, whose type is share pin.
C: ConstraintEditor-2022: There are some ports' attributes are set to default value, please read [D:/pango/works/ECSDC_FPGA_2026/prj_tasks/pnr_1/place_route/ports_defalut_attribute.txt(line number:0)] to confirm.
Found 0 error(s), 1 critical warning(s), 51 warning(s), out of 17 constraint(s)
Constraint check end.
Total time(hh:mm:ss) of constraint check : 00:00:00
Elaborate the liberty model.
I: Multithreading enabled for Timing using a maximum of 4 processes.
Placement started. Type: EP_COMMON_FLOW.

Stage 1 EP_INIT start.
Stage: after EP_INIT | Time (s): real = 0h:0m:5s ; cpu = 0h:0m:3s ; process = 0h:0m:5s | Memory (MB): curr = 439.632812 ; peak = 440.667969 | Checksum: 4AD32AEED12936C5

Design Layer Utilization:
	LUT: 0.783%
	FF: 0.503%
	DRM: 0.746%
	IO: 4.864%

Stage 2 EP_DL start.
build place dedicate switch graph takes 0.97 sec
Place location constraint group with base node:sys_clk_50mhz_ibuf/opit_1 at IOL_327_210
Place location constraint group with base node:sys_cp2102_tx_obuf/opit_1 at IOL_43_6
Place location constraint group with base node:sys_led_obuf[0]/opit_1 at IOL_19_374
Place location constraint group with base node:sys_led_obuf[1]/opit_1 at IOL_19_373
Place location constraint group with base node:sys_led_obuf[2]/opit_1 at IOL_35_374
Place location constraint group with base node:sys_led_obuf[3]/opit_1 at IOL_35_373
Place location constraint group with base node:sys_led_obuf[4]/opit_1 at IOL_67_374
Place location constraint group with base node:sys_led_obuf[5]/opit_1 at IOL_67_373
Place location constraint group with base node:sys_led_obuf[6]/opit_1 at IOL_47_374
Place location constraint group with base node:sys_led_obuf[7]/opit_1 at IOL_47_373
Place location constraint group with base node:sys_qspi_csn_obuf/opit_1 at IOL_15_5
Place location constraint group with base node:sys_qspi_sck_obuf/opit_1 at IOL_323_6
Place location constraint group with base node:sys_rstn_ibuf/opit_1 at IOL_167_5
Place location constraint group with base node:u_flash_top.u_flash_driver.u_qspi_master_rx.sys_qspi_dq_tri[0]/opit_1 at IOL_315_5
Place location constraint group with base node:u_flash_top.u_flash_driver.u_qspi_master_rx.sys_qspi_dq_tri[1]/opit_1 at IOL_315_6
Place location constraint group with base node:u_flash_top.u_flash_driver.u_qspi_master_rx.sys_qspi_dq_tri[2]/opit_1 at IOL_247_6
Place location constraint group with base node:u_flash_top.u_flash_driver.u_qspi_master_rx.sys_qspi_dq_tri[3]/opit_1 at IOL_247_5
Place location constraint node:BKCL_auto_0 at BKCL_188_376
Place location constraint node:BKCL_auto_1 at BKCL_328_184
Place location constraint node:BKCL_auto_2 at BKCL_192_0
DRCP Convert Loc Constraint successful.

Stage 2.1 pre clock plan start.
Mapping instance GRS_INST/grs to START_324_2.
I: Clock statistic: 1 USCM.
solve clock designs takes 0.02 sec with memory (MB): curr = 515.324219, peak = 518.726562.
Mapping instance clkbufg_0/gopclkbufg to USCM_84_108:impl_uscm_rtb_a-USCM.
Stage: after pre clock plan | Time (s): real = 0h:0m:7s ; cpu = 0h:0m:4s ; process = 0h:0m:7s | Memory (MB): curr = 515.480469 ; peak = 518.726562

Place location constraint node:clkbufg_0/gopclkbufg at USCM_84_108
DRCP Convert Loc Constraint successful.
Stage: after EP_DL | Time (s): real = 0h:0m:7s ; cpu = 0h:0m:4s ; process = 0h:0m:7s | Memory (MB): curr = 515.558594 ; peak = 518.726562 | Checksum: FC10691D8B404AAD


Stage 3 EP_FIP start.
DRCP Convert Loc Constraint successful.

Stage 3.1 fip global place start.
[GP] num_thread=0
I: Multithreading enabled for place using a maximum of 4 processes.
[GP] Placement Initial Method "Quad".
[GP] Placement Decongestion Mode "1".
[GP] Recovery Analysis in GP "Enable".
I: Loading Timing Delay Info...
I: Load Timing Delay Info successfully.
Init coarse delay table.
Read place coarse delay table takes 0.33 sec.
[GP] Init timing API takes 1.51 sec.
[GP] Init GP graph takes 1.56 sec.
Device graph total memory: 11.16541767 MB
[GP] Read position from netlist take 0 msec
[GP] Total node move: 38468.77, average node move: 93.60
First map gop timing takes 0.00 sec
[GP] SA handle 2 clusters.
[GP] SA init_cost = 75245.000000, final_cost = 75245.000000, final_cost/init_cost = 1.000000, occupied region_num = 2.
[GP] SA Optimize take time: 0.003000 sec.
[GP] Timing analysis take 0.006000 secs.
[GP] MarginTNSS=0, TNSS=0, WSS=6070
[GP] Place thread size: 4
[GP] Node size: 9558, net size: 549
[GP] Design graph total memory: 32.97327423 MB
[GP] Timing analysis take 0.005000 secs.
[GP] MarginTNSS=0, TNSS=0, WSS=10663
[GP] Step 0 take 0.048 secs: WL=3199.66 OF=0.602817
[GP] Timing analysis take 0.006000 secs.
[GP] MarginTNSS=0, TNSS=0, WSS=13407
[GP] Step 1 take 0.326 secs: WL=2320.28 OF=0.502735
[GP] Timing analysis take 0.007000 secs.
[GP] MarginTNSS=0, TNSS=0, WSS=13750
[GP] Step 2 take 0.324 secs: WL=2032.92 OF=0.427098
[GP] Timing analysis take 0.007000 secs.
[GP] MarginTNSS=0, TNSS=0, WSS=14055
[GP] Timing analysis take 0.006000 secs.
[GP] MarginTNSS=0, TNSS=0, WSS=14090
[GP] Step 3 take 0.326 secs: WL=1893.44 OF=0.395612
[GP] Timing analysis take 0.006000 secs.
[GP] MarginTNSS=0, TNSS=0, WSS=14136
[GP] Step 4 take 0.172 secs: WL=1920.21 OF=0.359667
[GP] Timing analysis take 0.007000 secs.
[GP] MarginTNSS=0, TNSS=0, WSS=14399
[GP] Step 5 take 0.168 secs: WL=1895.43 OF=0.311391
[GP] Timing analysis take 0.008000 secs.
[GP] MarginTNSS=0, TNSS=0, WSS=14214
[GP] Step 6 take 0.186 secs: WL=1913.76 OF=0.244789
[GP] Timing analysis take 0.007000 secs.
[GP] MarginTNSS=0, TNSS=0, WSS=14477
[GP] Step 7 take 0.183 secs: WL=1927.03 OF=0.185905
[GP] Timing analysis take 0.007000 secs.
[GP] MarginTNSS=0, TNSS=0, WSS=14265
[GP] Step 8 take 0.196 secs: WL=1927.88 OF=0.120143
[GP] Timing analysis take 0.008000 secs.
[GP] MarginTNSS=0, TNSS=0, WSS=14265
[GP] Final best WL=1943.353243 OF=0.089648, totally takes 2.065000 secs, run timing analysis 12 times totally takes 0.080000 secs.
[GP] Total node move: 43025.00, average node move: 104.68
[GP] Placer use memory: 14.89470291 MB
Stage: after fip global place | Performance: WL = 1771 ; TNS =  0 ; WNS =  14265 | Time (s): real = 0h:0m:10s ; cpu = 0h:0m:8s ; process = 0h:0m:13s | Memory (MB): curr = 662.816406 ; peak = 678.773438 | Checksum: B0142680CDE8E33

Flat initial placement flow takes 3.312.
Stage: after EP_FIP | Performance: WL = 1771 ; TNS =  0 ; WNS =  14265 | Time (s): real = 0h:0m:11s ; cpu = 0h:0m:8s ; process = 0h:0m:13s | Memory (MB): curr = 661.640625 ; peak = 678.773438 | Checksum: B0142680CDE8E33


Stage 4 EP_CAGP start.

Stage 4.1 cagp site packing start.
Stage: after pack legalize group | Performance: avg_mov = 0.000000 ; max_mov = 0 ; mov_var = 0.000000
Stage: after cagp site packing | Performance: WL = 3924 | Time (s): real = 0h:0m:11s ; cpu = 0h:0m:8s ; process = 0h:0m:13s | Memory (MB): curr = 683.281250 ; peak = 688.726562 | Checksum: 399789A3E089429


Stage 4.2 cagp macro placement start.
Stage: after cagp macro placement | Performance: WL = 3924 | Time (s): real = 0h:0m:11s ; cpu = 0h:0m:8s ; process = 0h:0m:13s | Memory (MB): curr = 683.691406 ; peak = 688.726562 | Checksum: 399789A3E089429


Stage 4.3 post clock plan start.
pre solve all clock design takes 0.00 sec with memory (MB): curr = 683.781250, peak = 688.726562.
CRA timing analysis with worst slack 13363 takes 0.02 sec.
CRA cost 0 takes 0.02 sec.
solve all clock design takes 0.02 sec with memory (MB): curr = 684.445312, peak = 688.726562.
expand load region takes 0.00 sec.
Stage: after post clock plan | Time (s): real = 0h:0m:11s ; cpu = 0h:0m:8s ; process = 0h:0m:14s | Memory (MB): curr = 684.582031 ; peak = 688.726562

Movement during CRA, max : (0, 0) , total : (0, 0) , count : 0 , avg : (0, 0) .
Stage: after EP_CAGP | Performance: WL = 3924 ; TNS =  0 ; WNS =  13363 | Time (s): real = 0h:0m:11s ; cpu = 0h:0m:8s ; process = 0h:0m:14s | Memory (MB): curr = 684.593750 ; peak = 688.726562 | Checksum: 8ED3BDA7F3981379


Stage 5 EP_DRCP start.

Stage 5.1 DRC Placement start.
DRC final successful.
Stage: after DRC Placement | Time (s): real = 0h:0m:11s ; cpu = 0h:0m:8s ; process = 0h:0m:14s | Memory (MB): curr = 684.621094 ; peak = 688.726562


Stage 5.2 IO Placement start.
The average distance in IO place is 0.000000.
Stage: after IO Placement | Time (s): real = 0h:0m:11s ; cpu = 0h:0m:8s ; process = 0h:0m:14s | Memory (MB): curr = 684.785156 ; peak = 688.726562

Stage: after EP_DRCP | Performance: WL = 3924 ; TNS =  0 ; WNS =  13363 | Time (s): real = 0h:0m:11s ; cpu = 0h:0m:8s ; process = 0h:0m:14s | Memory (MB): curr = 684.796875 ; peak = 688.726562 | Checksum: 1397C71CEAF6B2CE


Stage 6 EP_MP start.

Stage 6.1 macro place start.
The average distance of DRM is 0.000000, The max distance of DRM is 0.000000
Stage: after macro place | Performance: WL = 4007 | Time (s): real = 0h:0m:11s ; cpu = 0h:0m:8s ; process = 0h:0m:14s | Memory (MB): curr = 684.902344 ; peak = 688.726562 | Checksum: B5DB0F9A12340947


Stage 6.2 mp post global place start.
[GP] num_thread=0
I: Multithreading enabled for place using a maximum of 4 processes.
[GP] Init timing API takes 0.00 sec.
[GP] Init GP graph takes 0.01 sec.
Device graph total memory: 11.16932392 MB
[GP] Read position from netlist take 0 msec
[GP] Timing analysis take 0.084000 secs.
[GP] MarginTNSS=0, TNSS=0, WSS=13363
[GP] Place thread size: 4
[GP] Node size: 9197, net size: 489
[GP] Design graph total memory: 28.72851276 MB
[GP] Timing analysis take 0.005000 secs.
[GP] MarginTNSS=0, TNSS=0, WSS=13770
[GP] Step 0 take 0.026 secs: WL=3153.40 OF=0.187306
[GP] Timing analysis take 0.007000 secs.
[GP] MarginTNSS=0, TNSS=0, WSS=14318
[GP] Step 1 take 0.171 secs: WL=2092.39 OF=0.260581
[GP] Timing analysis take 0.006000 secs.
[GP] MarginTNSS=0, TNSS=0, WSS=14273
[GP] Step 2 take 0.158 secs: WL=2128.88 OF=0.191843
[GP] Timing analysis take 0.005000 secs.
[GP] MarginTNSS=0, TNSS=0, WSS=14165
[GP] Step 3 take 0.151 secs: WL=2164.35 OF=0.141553
[GP] Timing analysis take 0.007000 secs.
[GP] MarginTNSS=0, TNSS=0, WSS=14212
[GP] Step 4 take 0.154 secs: WL=2205.62 OF=0.088385
[GP] Timing analysis take 0.009000 secs.
[GP] MarginTNSS=0, TNSS=0, WSS=14212
[GP] Final best WL=2218.963034 OF=0.075238, totally takes 0.721000 secs, run timing analysis 7 times totally takes 0.123000 secs.
[GP] Total node move: 824.35, average node move: 4.74
[GP] Placer use memory: 5.89147949 MB
Stage: after mp post global place | Performance: WL = 2089 ; TNS =  0 ; WNS =  14212 | Time (s): real = 0h:0m:12s ; cpu = 0h:0m:9s ; process = 0h:0m:15s | Memory (MB): curr = 680.703125 ; peak = 688.726562 | Checksum: 9E8A6BCD412DFF1F

MP flow takes 0.656.
Stage: after EP_MP | Performance: WL = 2089 ; TNS =  0 ; WNS =  14212 | Time (s): real = 0h:0m:12s ; cpu = 0h:0m:9s ; process = 0h:0m:15s | Memory (MB): curr = 680.703125 ; peak = 688.726562 | Checksum: 9E8A6BCD412DFF1F


Stage 7 EP_LP start.
Stage: after legalization | Performance: avg_mov = 0.100775 ; max_mov = 1 ; mov_var = 0.090620
Legalize placement flow takes 0.000.
Stage: after EP_LP | Performance: WL = 2121 ; TNS =  0 ; WNS =  14274 | Time (s): real = 0h:0m:12s ; cpu = 0h:0m:9s ; process = 0h:0m:15s | Memory (MB): curr = 683.437500 ; peak = 688.726562 | Checksum: F89811BBF4664665


Stage 8 EP_DP start.
Stage: before DP | Performance: WL = 2121 ; TNS = 0 ; WNS = 14274
Stage: after DP | Performance: WL = 2121 ; TNS = 0 ; WNS = 14274
EP_DP takes 0 sec.
Stage: after EP_DP | Performance: WL = 2121 ; TNS =  0 ; WNS =  14274 | Time (s): real = 0h:0m:12s ; cpu = 0h:0m:9s ; process = 0h:0m:16s | Memory (MB): curr = 685.023438 ; peak = 688.726562 | Checksum: F89811BBF4664665


Stage 9 EP_FP start.
AutoDRC Flow for Design Check After Place Start.
AutoDRC Flow for Design Check After Place End.
Stage: after EP_FP | Performance: WL = 2121 ; TNS =  0 ; WNS =  14274 | Time (s): real = 0h:0m:12s ; cpu = 0h:0m:9s ; process = 0h:0m:16s | Memory (MB): curr = 686.781250 ; peak = 688.726562 | Checksum: 58B89F66328D5DBC


Congestion analysis started.
I: Start printing congestion info.
I: Finish printing congestion info.
Congestion analysis takes 0.11 sec.


Device Utilization Summary :
+----------------------------------------------------------------------------+
| Device Type                      | Used     | Available     | Util(%)     
+----------------------------------------------------------------------------+
| CLMA                             | 86       | 6450          | 2           
| + FF                             | 195      | 38700         | 1           
| + LUT                            | 223      | 25800         | 1           
|   + LUT as Logic                 | 223      |               |             
|   + LUT as Const                 | 0        |               |             
|   + LUT as Bypass                | 0        |               |             
| CLMS                             | 47       | 4250          | 2           
| + FF                             | 105      | 25500         | 1           
| + LUT                            | 112      | 17000         | 1           
|   + LUT as Logic                 | 112      |               |             
|   + LUT as Memory                | 0        |               |             
|     + LUT as Distributed RAM     | 0        |               |             
|   + LUT as Const                 | 0        |               |             
|   + LUT as Bypass                | 0        |               |             
| IO                               | 17       | 296           | 6           
| + IOBD                           | 8        | 64            | 13          
| + IOBR_LR                        | 0        | 7             | 0           
| + IOBR_TB                        | 1        | 8             | 13          
| + IOBS_LR                        | 1        | 161           | 1           
| + IOBS_TB                        | 7        | 56            | 13          
| APM                              | 0        | 84            | 0           
| BKCL                             | 3        | 4             | 75          
| CRYSTAL                          | 0        | 2             | 0           
| DLL                              | 0        | 10            | 0           
| DQSL                             | 0        | 18            | 0           
| DRM                              | 1        | 134           | 1           
| FUSECODE                         | 0        | 1             | 0           
| HARD0N1                          | 0        | 6672          | 0           
| HSST                             | 0        | 1             | 0           
| IOCKDIV                          | 0        | 20            | 0           
| IOCKDLY                          | 0        | 40            | 0           
| IOCKGATE                         | 0        | 20            | 0           
| + IOCKGATE as Bypass             | 0        |               |             
| IOL                              | 17       | 400           | 5           
| IPAL                             | 0        | 1             | 0           
| LDO                              | 0        | 4             | 0           
| OSC                              | 0        | 1             | 0           
| PCIE                             | 0        | 1             | 0           
| PLL                              | 0        | 5             | 0           
| RCKB                             | 0        | 24            | 0           
| + RCKB as Bypass                 | 0        |               |             
| RESCAL                           | 0        | 4             | 0           
| SCANCHAIN                        | 0        | 2             | 0           
| START                            | 1        | 1             | 100         
| UDID                             | 0        | 1             | 0           
| USCM                             | 1        | 30            | 4           
| + USCM as Bypass                 | 0        |               |             
+----------------------------------------------------------------------------+

Total placement takes 6.08 sec.
Finished placement.
Design 'flash_read_top' has been placed successfully.
Action place: Real time elapsed is 0h:0m:13s
Action place: CPU time elapsed is 0h:0m:9s
Action place: Process CPU time elapsed is 0h:0m:16s
Action place: Peak memory pool usage is 766 MB

Current time: Thu Oct  1 18:42:10 2026
