#Build: Fabric Compiler 2025.2, Build 211867, Jan 16 16:10 2026
#Install: D:\pango\PDS_2025.2-ads\bin
#Application name: pds_shell.exe
#OS: Windows 11 10.0.26100
#CPU: Unknown
#RAM(GB): 16
#Hostname: hustlyrm
#Generated by Fabric Compiler (version 2025.2 build 211867) at Wed Sep 30 22:22:09 2026
Parameters for debugging are loaded as follows:
Compiling verification operator library.
Compiling vendor parameter file.
Compiling common defs.
Compiling prim grid devices.
Compiling place grid timing.
Compiling gate devices.
Compiling gate operators.
Compiling gate operators impls.
Building architecture model.
Loading device packaging model.
Building architecture floorplan logic view.
Elaborate the liberty model.
I: Multithreading enabled for Timing using a maximum of 4 processes.

Routing started.
Build routing arch for double attribute device.
Enter timing driven router mode.
I: Multithreading enabled for route using a maximum of 6 processes.
Building routing graph takes 1.86 sec.
Enable Recovery Analysis in Routing
Init coarse delay table.
I: Loading Timing Delay Info...
I: Load Timing Delay Info successfully.
Read place coarse delay table takes 0.45 sec.
build place dedicate switch graph takes 1.58 sec
Setup STE netlist take 2809 msec.
Slack Weight : 90
CE/RS signal series limit : 500
Dispose control chain take 21 msec.
Collect const net info take 46 msec.
Total nets for routing: 473.
Total loads for routing: 1845.
Direct connect net size: 110
Build all design net take 38 msec.
Processing design graph takes 2.92 sec.
Route info is not supported in this chip.
Delay table total memory: 40.33647346 MB
Route graph total memory: 74.36140156 MB
Route design total memory: 1.42551041 MB
The remaining process takes 0.02 sec.
Stage: after context initialize | Time (s): real = 0h:0m:14s ; cpu = 0h:0m:10s ; process = 0h:0m:12s | Memory (MB): curr = 672.386719 ; peak = 711.476562 | Checksum: 554E7EF4E5FC20F6
Global routing takes 0.00 sec.
Pin Cost Increasing Speed 300
Unrouted clock nets at iteration 0 (0.005 sec): 0
Stage: after clock route | Time (s): real = 0h:0m:14s ; cpu = 0h:0m:10s ; process = 0h:0m:12s | Memory (MB): curr = 674.339844 ; peak = 711.476562 | Checksum: 4C65A3716377E529
Total route nets size: 469
Pre route takes 0.126 sec
Stage: after pre route | Performance: TNS = 0 ; WNS = 14846 ; THS = 0 ; WHS = 209 | Time (s): real = 0h:0m:14s ; cpu = 0h:0m:10s ; process = 0h:0m:12s | Memory (MB): curr = 686.222656 ; peak = 711.476562 | Checksum: FD9A291B03DF167A
Unrouted general nets at iteration 3 (MT total route time: 0.080 sec): 334(overused: 1730)
Unrouted general nets at iteration 4 (MT total route time: 0.065 sec): 294(overused: 1200)
Unrouted general nets at iteration 5 (MT total route time: 0.057 sec): 225(overused: 721)
Unrouted general nets at iteration 6 (MT total route time: 0.048 sec): 161(overused: 414)
Unrouted general nets at iteration 7 (MT total route time: 0.046 sec): 105(overused: 236)
Unrouted general nets at iteration 8 (MT total route time: 0.023 sec): 51(overused: 103)
Unrouted general nets at iteration 9 (MT total route time: 0.021 sec): 30(overused: 64)
Unrouted general nets at iteration 10 (MT total route time: 0.012 sec): 17(overused: 42)
Unrouted general nets at iteration 11 (MT total route time: 0.007 sec): 11(overused: 16)
Unrouted general nets at iteration 12 (MT total route time: 0.005 sec): 2(overused: 4)
Unrouted general nets at iteration 13 (MT total route time: 0.004 sec): 0(overused: 0)
----General net take 0.002 sec(route net take 0.000 sec, inc cost take 0.001 sec, iter times: 1)
----const net route take 0.002 sec
Unrouted nets at iteration 14 (0.005 sec): 0
Stage: after detail route | Performance: TNS = 0 ; WNS = 14344 ; THS = NA ; WHS = NA | Time (s): real = 0h:0m:15s ; cpu = 0h:0m:11s ; process = 0h:0m:12s | Memory (MB): curr = 688.359375 ; peak = 711.476562 | Checksum: 9BEAC3787122E699
Begin rip-up and reroute:
Rip-up and reroute takes 0.02 sec.
Stage: after ripup & reroute | Performance: TNS = 0 ; WNS = 14344 ; THS = NA ; WHS = NA | Time (s): real = 0h:0m:15s ; cpu = 0h:0m:11s ; process = 0h:0m:13s | Memory (MB): curr = 689.269531 ; peak = 711.476562 | Checksum: 9BEAC3787122E699
Detailed routing takes 1.16 sec.
Sort Original Nets take 0.002 sec
Check HPIO div result take 0.000 sec
Total net: 473, route succeed net: 473
Generate routing result take 0.002 sec
Handle PERMUX permutation take 0.018 sec
Handle const net take 0.002 sec
Handle route through take 0.007 sec
Used SRB routing arc is 3597.
Stage: after finish route | Performance: TNS = 0 ; WNS = 14344 ; THS = NA ; WHS = NA | Time (s): real = 0h:0m:15s ; cpu = 0h:0m:11s ; process = 0h:0m:13s | Memory (MB): curr = 665.390625 ; peak = 711.476562 | Checksum: 12B182356AFC0FA9
Finish routing takes 0.26 sec.
Total routing takes 6.38 sec.

Device Utilization Summary :
+----------------------------------------------------------------------------+
| Device Type                      | Used     | Available     | Util(%)     
+----------------------------------------------------------------------------+
| CLMA                             | 91       | 6450          | 2           
| + FF                             | 181      | 38700         | 1           
| + LUT                            | 235      | 25800         | 1           
|   + LUT as Logic                 | 186      |               |             
|   + LUT as Const                 | 45       |               |             
|   + LUT as Bypass                | 4        |               |             
| CLMS                             | 42       | 4250          | 1           
| + FF                             | 91       | 25500         | 1           
| + LUT                            | 118      | 17000         | 1           
|   + LUT as Logic                 | 102      |               |             
|   + LUT as Memory                | 0        |               |             
|     + LUT as Distributed RAM     | 0        |               |             
|   + LUT as Const                 | 12       |               |             
|   + LUT as Bypass                | 4        |               |             
| IO                               | 17       | 296           | 6           
| + IOBD                           | 8        | 64            | 13          
| + IOBR_LR                        | 0        | 7             | 0           
| + IOBR_TB                        | 1        | 8             | 13          
| + IOBS_LR                        | 1        | 161           | 1           
| + IOBS_TB                        | 7        | 56            | 13          
| APM                              | 0        | 84            | 0           
| BKCL                             | 3        | 4             | 75          
| CRYSTAL                          | 0        | 2             | 0           
| DLL                              | 0        | 10            | 0           
| DQSL                             | 0        | 18            | 0           
| DRM                              | 1        | 134           | 1           
| FUSECODE                         | 0        | 1             | 0           
| HARD0N1                          | 9        | 6672          | 1           
| HSST                             | 0        | 1             | 0           
| IOCKDIV                          | 0        | 20            | 0           
| IOCKDLY                          | 0        | 40            | 0           
| IOCKGATE                         | 0        | 20            | 0           
| + IOCKGATE as Bypass             | 0        |               |             
| IOL                              | 17       | 400           | 5           
| IPAL                             | 0        | 1             | 0           
| LDO                              | 0        | 4             | 0           
| OSC                              | 0        | 1             | 0           
| PCIE                             | 0        | 1             | 0           
| PLL                              | 0        | 5             | 0           
| RCKB                             | 0        | 24            | 0           
| + RCKB as Bypass                 | 0        |               |             
| RESCAL                           | 0        | 4             | 0           
| SCANCHAIN                        | 0        | 2             | 0           
| START                            | 1        | 1             | 100         
| UDID                             | 0        | 1             | 0           
| USCM                             | 1        | 30            | 4           
| + USCM as Bypass                 | 0        |               |             
+----------------------------------------------------------------------------+

Finished routing. (CPU time elapsed 0h:00m:11s)
Design 'flash_read_top' has been routed successfully.
Saving design to DB.
Action Route: Export DB successfully.
Action route: Real time elapsed is 0h:0m:16s
Action route: CPU time elapsed is 0h:0m:11s
Action route: Process CPU time elapsed is 0h:0m:13s
Action route: Peak memory pool usage is 711 MB

Current time: Wed Sep 30 22:22:23 2026
