#Build: Fabric Compiler 2025.2, Build 211867, Jan 16 16:10 2026
#Install: E:\work\pango\PDS_2025.2-ads\bin
#Application name: pds_shell.exe
#OS: Windows 11 10.0.26200
#CPU: Unknown
#RAM(GB): 32
#Hostname: dionirpyC
#Generated by Fabric Compiler (version 2025.2 build 211867) at Fri Sep 18 20:36:47 2026
Parameters for debugging are loaded as follows:
Compiling verification operator library.
Compiling vendor parameter file.
Compiling common defs.
Compiling prim grid devices.
Compiling place grid timing.
Compiling gate devices.
Compiling gate operators.
Compiling gate operators impls.
Building architecture model.
Loading device packaging model.
Building architecture floorplan logic view.
Elaborate the liberty model.
I: Multithreading enabled for Timing using a maximum of 4 processes.

Routing started.
Build routing arch for double attribute device.
Enter timing driven router mode.
I: Multithreading enabled for route using a maximum of 6 processes.
Building routing graph takes 1.69 sec.
Enable Recovery Analysis in Routing
Init coarse delay table.
I: Loading Timing Delay Info...
I: Load Timing Delay Info successfully.
Read place coarse delay table takes 0.41 sec.
build place dedicate switch graph takes 1.67 sec
Setup STE netlist take 2338 msec.
Slack Weight : 90
CE/RS signal series limit : 500
Dispose control chain take 15 msec.
Collect const net info take 46 msec.
Total nets for routing: 421.
Total loads for routing: 1943.
Direct connect net size: 94
Build all design net take 38 msec.
Processing design graph takes 2.44 sec.
Route info is not supported in this chip.
Delay table total memory: 40.33647346 MB
Route graph total memory: 74.36137867 MB
Route design total memory: 1.42123032 MB
The remaining process takes 0.01 sec.
Stage: after context initialize | Time (s): real = 0h:0m:11s ; cpu = 0h:0m:9s ; process = 0h:0m:11s | Memory (MB): curr = 667.332031 ; peak = 705.824219 | Checksum: E252C62CE0E51786
Global routing takes 0.00 sec.
Pin Cost Increasing Speed 300
Unrouted clock nets at iteration 0 (1.246 sec): 6
Unrouted clock nets at iteration 1 (0.001 sec): 3
Unrouted clock nets at iteration 2 (0.000 sec): 0
Stage: after clock route | Time (s): real = 0h:0m:12s ; cpu = 0h:0m:10s ; process = 0h:0m:13s | Memory (MB): curr = 695.019531 ; peak = 705.824219 | Checksum: ECA28AF94C7B5CFD
Total route nets size: 409
Pre route takes 0.117 sec
Stage: after pre route | Performance: TNS = 0 ; WNS = 151 ; THS = -605 ; WHS = -370 | Time (s): real = 0h:0m:13s ; cpu = 0h:0m:11s ; process = 0h:0m:13s | Memory (MB): curr = 704.191406 ; peak = 706.535156 | Checksum: DFAE35DB89547F95
Unrouted general nets at iteration 5 (MT total route time: 0.073 sec): 296(overused: 1671)
Unrouted general nets at iteration 6 (MT total route time: 0.057 sec): 252(overused: 1107)
Unrouted general nets at iteration 7 (MT total route time: 0.043 sec): 217(overused: 742)
Unrouted general nets at iteration 8 (MT total route time: 0.046 sec): 153(overused: 379)
Unrouted general nets at iteration 9 (MT total route time: 0.030 sec): 100(overused: 219)
Unrouted general nets at iteration 10 (MT total route time: 0.017 sec): 45(overused: 78)
Unrouted general nets at iteration 11 (MT total route time: 0.010 sec): 25(overused: 53)
Unrouted general nets at iteration 12 (MT total route time: 0.004 sec): 17(overused: 30)
Unrouted general nets at iteration 13 (MT total route time: 0.005 sec): 10(overused: 14)
Unrouted general nets at iteration 14 (MT total route time: 0.005 sec): 5(overused: 6)
Unrouted general nets at iteration 15 (MT total route time: 0.002 sec): 0(overused: 0)
----General net take 0.000 sec(route net take 0.000 sec, inc cost take 0.000 sec, iter times: 1)
----const net route take 0.002 sec
Unrouted nets at iteration 16 (0.003 sec): 0
Stage: after detail route | Performance: TNS = 0 ; WNS = 151 ; THS = NA ; WHS = NA | Time (s): real = 0h:0m:13s ; cpu = 0h:0m:11s ; process = 0h:0m:13s | Memory (MB): curr = 707.160156 ; peak = 707.218750 | Checksum: 2F55CE410345E680
Begin rip-up and reroute:
Rip-up and reroute takes 0.02 sec.
Stage: after ripup & reroute | Performance: TNS = 0 ; WNS = 151 ; THS = NA ; WHS = NA | Time (s): real = 0h:0m:13s ; cpu = 0h:0m:11s ; process = 0h:0m:13s | Memory (MB): curr = 708.015625 ; peak = 708.089844 | Checksum: 2F55CE410345E680
Detailed routing takes 2.10 sec.
I: Design net u_CORES/capture_wire is routed by general path.
C: Route-2036: The clock path from u_CORES/u_GTP_SCANCHAIN/scanchain:CAPDR to u_CORES/u_debug_core_0/u_hub_data_decode/newconfini.conf_id_ini[2]/opit_0_inv:CLK is routed by SRB.
I: Design net u_CORES/drck1_wire is routed by general path.
C: Route-2036: The clock path from u_CORES/u_GTP_SCANCHAIN/scanchain:TCK_USER to clkbufg_1/gopclkbufg:CLK is routed by SRB.
Sort Original Nets take 0.002 sec
Check HPIO div result take 0.000 sec
Total net: 421, route succeed net: 421
Generate routing result take 0.002 sec
Handle PERMUX permutation take 0.018 sec
Handle const net take 0.002 sec
Handle route through take 0.004 sec
Used SRB routing arc is 3643.
Stage: after finish route | Performance: TNS = 0 ; WNS = 151 ; THS = NA ; WHS = NA | Time (s): real = 0h:0m:13s ; cpu = 0h:0m:11s ; process = 0h:0m:14s | Memory (MB): curr = 682.761719 ; peak = 708.218750 | Checksum: 1B05FE2FBFCA6357
Finish routing takes 0.13 sec.
Total routing takes 6.49 sec.

Device Utilization Summary :
+----------------------------------------------------------------------------+
| Device Type                      | Used     | Available     | Util(%)     
+----------------------------------------------------------------------------+
| CLMA                             | 100      | 6450          | 2           
| + FF                             | 155      | 38700         | 1           
| + LUT                            | 259      | 25800         | 2           
|   + LUT as Logic                 | 190      |               |             
|   + LUT as Const                 | 67       |               |             
|   + LUT as Bypass                | 2        |               |             
| CLMS                             | 49       | 4250          | 2           
| + FF                             | 120      | 25500         | 1           
| + LUT                            | 138      | 17000         | 1           
|   + LUT as Logic                 | 134      |               |             
|   + LUT as Memory                | 0        |               |             
|     + LUT as Distributed RAM     | 0        |               |             
|   + LUT as Const                 | 4        |               |             
|   + LUT as Bypass                | 0        |               |             
| IO                               | 20       | 296           | 7           
| + IOBD                           | 5        | 64            | 8           
| + IOBR_LR                        | 0        | 7             | 0           
| + IOBR_TB                        | 1        | 8             | 13          
| + IOBS_LR                        | 9        | 161           | 6           
| + IOBS_TB                        | 5        | 56            | 9           
| APM                              | 0        | 84            | 0           
| BKCL                             | 3        | 4             | 75          
| CRYSTAL                          | 0        | 2             | 0           
| DLL                              | 0        | 10            | 0           
| DQSL                             | 0        | 18            | 0           
| DRM                              | 1        | 134           | 1           
| FUSECODE                         | 0        | 1             | 0           
| HARD0N1                          | 36       | 6672          | 1           
| HSST                             | 0        | 1             | 0           
| IOCKDIV                          | 0        | 20            | 0           
| IOCKDLY                          | 0        | 40            | 0           
| IOCKGATE                         | 0        | 20            | 0           
| + IOCKGATE as Bypass             | 0        |               |             
| IOL                              | 20       | 400           | 5           
| IPAL                             | 0        | 1             | 0           
| LDO                              | 0        | 4             | 0           
| OSC                              | 0        | 1             | 0           
| PCIE                             | 0        | 1             | 0           
| PLL                              | 1        | 5             | 20          
| RCKB                             | 0        | 24            | 0           
| + RCKB as Bypass                 | 0        |               |             
| RESCAL                           | 0        | 4             | 0           
| SCANCHAIN                        | 1        | 2             | 50          
| START                            | 1        | 1             | 100         
| UDID                             | 0        | 1             | 0           
| USCM                             | 4        | 30            | 14          
| + USCM as Bypass                 | 0        |               |             
+----------------------------------------------------------------------------+

Finished routing. (CPU time elapsed 0h:00m:11s)
Design 'uart_rx_top' has been routed successfully.
Saving design to DB.
Action Route: Export DB successfully.
Action route: Real time elapsed is 0h:0m:14s
Action route: CPU time elapsed is 0h:0m:12s
Action route: Process CPU time elapsed is 0h:0m:14s
Action route: Peak memory pool usage is 708 MB

Current time: Fri Sep 18 20:36:59 2026
