#Build: Fabric Compiler 2025.2, Build 211867, Jan 16 16:10 2026
#Install: E:\work\pango\PDS_2025.2-ads\bin
#Application name: pds_shell.exe
#OS: Windows 11 10.0.26200
#CPU: Unknown
#RAM(GB): 32
#Hostname: dionirpyC
#Generated by Fabric Compiler (version 2025.2 build 211867) at Fri Sep 18 20:36:29 2026
Parameters for debugging are loaded as follows:
Compiling verification operator library.
Compiling vendor parameter file.
Compiling common defs.
Compiling prim grid devices.
Compiling place grid timing.
Compiling gate devices.
Compiling gate operators.
Compiling gate operators impls.
Building architecture model.
Loading device packaging model.
Building architecture floorplan logic view.
Constraint check start.
W: ConstraintEditor-4042: Port 'led_out[0]' lacks attribute 'SLEW', it's better to set the attribute for port.
W: ConstraintEditor-4042: Port 'led_out[0]' lacks attribute 'DRIVE', it's better to set the attribute for port.
W: ConstraintEditor-4042: Port 'led_out[0]' lacks attribute 'BUS_KEEPER', it's better to set the attribute for port.
W: ConstraintEditor-4042: Port 'led_out[1]' lacks attribute 'SLEW', it's better to set the attribute for port.
W: ConstraintEditor-4042: Port 'led_out[1]' lacks attribute 'DRIVE', it's better to set the attribute for port.
W: ConstraintEditor-4042: Port 'led_out[1]' lacks attribute 'BUS_KEEPER', it's better to set the attribute for port.
W: ConstraintEditor-4042: Port 'led_out[2]' lacks attribute 'SLEW', it's better to set the attribute for port.
W: ConstraintEditor-4042: Port 'led_out[2]' lacks attribute 'DRIVE', it's better to set the attribute for port.
W: ConstraintEditor-4042: Port 'led_out[2]' lacks attribute 'BUS_KEEPER', it's better to set the attribute for port.
W: ConstraintEditor-4042: Port 'led_out[3]' lacks attribute 'SLEW', it's better to set the attribute for port.
W: ConstraintEditor-4042: Port 'led_out[3]' lacks attribute 'DRIVE', it's better to set the attribute for port.
W: ConstraintEditor-4042: Port 'led_out[3]' lacks attribute 'BUS_KEEPER', it's better to set the attribute for port.
W: ConstraintEditor-4042: Port 'led_out[4]' lacks attribute 'SLEW', it's better to set the attribute for port.
W: ConstraintEditor-4042: Port 'led_out[4]' lacks attribute 'DRIVE', it's better to set the attribute for port.
W: ConstraintEditor-4042: Port 'led_out[4]' lacks attribute 'BUS_KEEPER', it's better to set the attribute for port.
W: ConstraintEditor-4042: Port 'led_out[5]' lacks attribute 'SLEW', it's better to set the attribute for port.
W: ConstraintEditor-4042: Port 'led_out[5]' lacks attribute 'DRIVE', it's better to set the attribute for port.
W: ConstraintEditor-4042: Port 'led_out[5]' lacks attribute 'BUS_KEEPER', it's better to set the attribute for port.
W: ConstraintEditor-4042: Port 'led_out[6]' lacks attribute 'SLEW', it's better to set the attribute for port.
W: ConstraintEditor-4042: Port 'led_out[6]' lacks attribute 'DRIVE', it's better to set the attribute for port.
W: ConstraintEditor-4042: Port 'led_out[6]' lacks attribute 'BUS_KEEPER', it's better to set the attribute for port.
W: ConstraintEditor-4042: Port 'led_out[7]' lacks attribute 'SLEW', it's better to set the attribute for port.
W: ConstraintEditor-4042: Port 'led_out[7]' lacks attribute 'DRIVE', it's better to set the attribute for port.
W: ConstraintEditor-4042: Port 'led_out[7]' lacks attribute 'BUS_KEEPER', it's better to set the attribute for port.
W: ConstraintEditor-4042: Port 'uart_tx' lacks attribute 'SLEW', it's better to set the attribute for port.
W: ConstraintEditor-4042: Port 'uart_tx' lacks attribute 'DRIVE', it's better to set the attribute for port.
W: ConstraintEditor-4042: Port 'key_in[0]' lacks attribute 'BUS_KEEPER', it's better to set the attribute for port.
W: ConstraintEditor-4040: [E:/code/PangoWork/Works/uart/prj_tasks/pnr_1/device_map/uart_rx_top.pcf(line number: 12)] Port key_in[0] has been placed at location K18, whose type is share pin.
W: ConstraintEditor-4042: Port 'key_in[1]' lacks attribute 'BUS_KEEPER', it's better to set the attribute for port.
W: ConstraintEditor-4042: Port 'key_in[2]' lacks attribute 'BUS_KEEPER', it's better to set the attribute for port.
W: ConstraintEditor-4042: Port 'key_in[3]' lacks attribute 'BUS_KEEPER', it's better to set the attribute for port.
W: ConstraintEditor-4042: Port 'key_in[4]' lacks attribute 'BUS_KEEPER', it's better to set the attribute for port.
W: ConstraintEditor-4042: Port 'key_in[5]' lacks attribute 'BUS_KEEPER', it's better to set the attribute for port.
W: ConstraintEditor-4040: [E:/code/PangoWork/Works/uart/prj_tasks/pnr_1/device_map/uart_rx_top.pcf(line number: 17)] Port key_in[5] has been placed at location J19, whose type is share pin.
W: ConstraintEditor-4042: Port 'key_in[6]' lacks attribute 'BUS_KEEPER', it's better to set the attribute for port.
W: ConstraintEditor-4040: [E:/code/PangoWork/Works/uart/prj_tasks/pnr_1/device_map/uart_rx_top.pcf(line number: 18)] Port key_in[6] has been placed at location H20, whose type is share pin.
W: ConstraintEditor-4042: Port 'key_in[7]' lacks attribute 'BUS_KEEPER', it's better to set the attribute for port.
W: ConstraintEditor-4040: [E:/code/PangoWork/Works/uart/prj_tasks/pnr_1/device_map/uart_rx_top.pcf(line number: 20)] Port rst_n has been placed at location AB13, whose type is share pin.
C: ConstraintEditor-2022: There are some ports' attributes are set to default value, please read [E:/code/PangoWork/Works/uart/prj_tasks/pnr_1/place_route/ports_defalut_attribute.txt(line number:0)] to confirm.
Found 0 error(s), 1 critical warning(s), 38 warning(s), out of 20 constraint(s)
Constraint check end.
Total time(hh:mm:ss) of constraint check : 00:00:00
Elaborate the liberty model.
I: Multithreading enabled for Timing using a maximum of 4 processes.
Placement started. Type: EP_COMMON_FLOW.

Stage 1 EP_INIT start.
Stage: after EP_INIT | Time (s): real = 0h:0m:7s ; cpu = 0h:0m:5s ; process = 0h:0m:7s | Memory (MB): curr = 445.011719 ; peak = 446.058594 | Checksum: 5CD90A787628315E

Design Layer Utilization:
	LUT: 0.757%
	FF: 0.464%
	DRM: 0.746%
	IO: 5.722%

Stage 2 EP_DL start.
build place dedicate switch graph takes 2.12 sec
Place location constraint group with base node:key_in_ibuf[0]/opit_1 at IOL_327_257
Place location constraint group with base node:key_in_ibuf[1]/opit_1 at IOL_327_134
Place location constraint group with base node:key_in_ibuf[2]/opit_1 at IOL_327_297
Place location constraint group with base node:key_in_ibuf[3]/opit_1 at IOL_327_133
Place location constraint group with base node:key_in_ibuf[4]/opit_1 at IOL_327_298
Place location constraint group with base node:key_in_ibuf[5]/opit_1 at IOL_327_262
Place location constraint group with base node:key_in_ibuf[6]/opit_1 at IOL_327_261
Place location constraint group with base node:key_in_ibuf[7]/opit_1 at IOL_327_365
Place location constraint group with base node:led_out_obuf[0]/opit_1 at IOL_19_374
Place location constraint group with base node:led_out_obuf[1]/opit_1 at IOL_19_373
Place location constraint group with base node:led_out_obuf[2]/opit_1 at IOL_35_374
Place location constraint group with base node:led_out_obuf[3]/opit_1 at IOL_35_373
Place location constraint group with base node:led_out_obuf[4]/opit_1 at IOL_67_374
Place location constraint group with base node:led_out_obuf[5]/opit_1 at IOL_67_373
Place location constraint group with base node:led_out_obuf[6]/opit_1 at IOL_47_374
Place location constraint group with base node:led_out_obuf[7]/opit_1 at IOL_47_373
Place location constraint group with base node:rst_n_ibuf/opit_1 at IOL_167_5
Place location constraint group with base node:sys_clk_50mhz_ibuf/opit_1 at IOL_327_210
Place location constraint group with base node:uart_rx_ibuf/opit_1 at IOL_43_5
Place location constraint group with base node:uart_tx/opit_1 at IOL_43_6
Place location constraint node:BKCL_auto_0 at BKCL_188_376
Place location constraint node:BKCL_auto_1 at BKCL_328_184
Place location constraint node:BKCL_auto_2 at BKCL_192_0
DRCP Convert Loc Constraint successful.

Stage 2.1 pre clock plan start.
Mapping instance GRS_INST/grs to START_324_2.
I: Clock statistic: 4 USCM.
solve clock designs takes 0.28 sec with memory (MB): curr = 517.449219, peak = 520.800781.
Mapping instance clkbufg_0/gopclkbufg to USCM_84_108:impl_uscm_rtb_a-USCM.
Mapping instance clkbufg_1/gopclkbufg to USCM_84_109:impl_uscm_rtb_a-USCM.
Mapping instance clkbufg_2/gopclkbufg to USCM_84_110:impl_uscm_rtb_a-USCM.
Mapping instance clkbufg_3/gopclkbufg to USCM_84_111:impl_uscm_rtb_a-USCM.
Mapping instance u_pll_50mhz/u_pll_e3/goppll to PLL_158_55.
Stage: after pre clock plan | Time (s): real = 0h:0m:10s ; cpu = 0h:0m:7s ; process = 0h:0m:10s | Memory (MB): curr = 517.167969 ; peak = 520.800781

Place location constraint node:clkbufg_0/gopclkbufg at USCM_84_108
Place location constraint node:clkbufg_1/gopclkbufg at USCM_84_109
Place location constraint node:clkbufg_2/gopclkbufg at USCM_84_110
Place location constraint node:clkbufg_3/gopclkbufg at USCM_84_111
Place location constraint node:u_pll_50mhz/u_pll_e3/goppll at PLL_158_55
DRCP Convert Loc Constraint successful.
Stage: after EP_DL | Time (s): real = 0h:0m:10s ; cpu = 0h:0m:7s ; process = 0h:0m:10s | Memory (MB): curr = 517.222656 ; peak = 520.800781 | Checksum: A51DC414B810BADE


Stage 3 EP_FIP start.
DRCP Convert Loc Constraint successful.

Stage 3.1 fip global place start.
[GP] num_thread=0
I: Multithreading enabled for place using a maximum of 4 processes.
[GP] Placement Initial Method "Quad".
[GP] Placement Decongestion Mode "1".
[GP] Recovery Analysis in GP "Enable".
I: Loading Timing Delay Info...
I: Load Timing Delay Info successfully.
Init coarse delay table.
Read place coarse delay table takes 0.34 sec.
[GP] Init timing API takes 1.76 sec.
[GP] Init GP graph takes 1.83 sec.
Device graph total memory: 11.18441677 MB
[GP] Read position from netlist take 0 msec
[GP] Total node move: 32018.61, average node move: 93.62
First map gop timing takes 0.00 sec
[GP] SA handle 4 clusters.
[GP] SA init_cost = 9939.510991, final_cost = 9939.510991, final_cost/init_cost = 1.000000, occupied region_num = 2.
[GP] SA Optimize take time: 0.004000 sec.
[GP] Timing analysis take 0.006000 secs.
[GP] MarginTNSS=-3723, TNSS=-723, WSS=-478
[GP] Place thread size: 4
[GP] Node size: 9501, net size: 440
[GP] Design graph total memory: 32.85168171 MB
[GP] Timing analysis take 0.007000 secs.
[GP] MarginTNSS=-3758, TNSS=-758, WSS=-513
[GP] Step 0 take 0.055 secs: WL=633.67 OF=0.920513
[GP] Timing analysis take 0.007000 secs.
[GP] MarginTNSS=-4227, TNSS=-1227, WSS=-989
[GP] Step 1 take 0.342 secs: WL=688.73 OF=0.895864
[GP] Timing analysis take 0.006000 secs.
[GP] MarginTNSS=-4560, TNSS=-1560, WSS=-1322
[GP] Timing analysis take 0.006000 secs.
[GP] MarginTNSS=-4560, TNSS=-1560, WSS=-1322
[GP] Step 2 take 0.350 secs: WL=848.29 OF=0.843438
[GP] Timing analysis take 0.007000 secs.
[GP] MarginTNSS=-4622, TNSS=-1622, WSS=-919
[GP] Step 3 take 0.182 secs: WL=884.56 OF=0.651742
[GP] Timing analysis take 0.007000 secs.
[GP] MarginTNSS=-4147, TNSS=-1147, WSS=-792
[GP] Step 4 take 0.182 secs: WL=865.33 OF=0.596191
[GP] Timing analysis take 0.007000 secs.
[GP] MarginTNSS=-4147, TNSS=-1147, WSS=-742
[GP] Step 5 take 0.177 secs: WL=871.05 OF=0.516785
[GP] Timing analysis take 0.007000 secs.
[GP] MarginTNSS=-4175, TNSS=-1175, WSS=-644
[GP] Step 6 take 0.180 secs: WL=907.05 OF=0.466312
[GP] Timing analysis take 0.007000 secs.
[GP] MarginTNSS=-3716, TNSS=-716, WSS=-471
[GP] Step 7 take 0.183 secs: WL=934.89 OF=0.399544
[GP] Timing analysis take 0.007000 secs.
[GP] MarginTNSS=-3489, TNSS=-489, WSS=-361
[GP] Step 8 take 0.184 secs: WL=974.26 OF=0.340648
[GP] Timing analysis take 0.009000 secs.
[GP] MarginTNSS=-3489, TNSS=-489, WSS=-361
[GP] Step 9 take 0.196 secs: WL=1005.24 OF=0.274634
[GP] Timing analysis take 0.007000 secs.
[GP] MarginTNSS=-3489, TNSS=-489, WSS=-361
[GP] Step 10 take 0.178 secs: WL=1031.43 OF=0.211198
[GP] Timing analysis take 0.007000 secs.
[GP] MarginTNSS=-3489, TNSS=-489, WSS=-361
[GP] Step 11 take 0.183 secs: WL=1062.01 OF=0.157641
[GP] Timing analysis take 0.007000 secs.
[GP] MarginTNSS=-3489, TNSS=-489, WSS=-361
[GP] Step 12 take 0.185 secs: WL=1101.17 OF=0.112328
[GP] Timing analysis take 0.007000 secs.
[GP] MarginTNSS=-3489, TNSS=-489, WSS=-361
[GP] Step 13 take 0.186 secs: WL=1142.85 OF=0.075802
[GP] Timing analysis take 0.007000 secs.
[GP] MarginTNSS=-3489, TNSS=-489, WSS=-361
[GP] Final best WL=1126.714447 OF=0.086946, totally takes 2.891000 secs, run timing analysis 17 times totally takes 0.118000 secs.
[GP] Total node move: 52212.24, average node move: 152.67
[GP] Placer use memory: 14.98837852 MB
Stage: after fip global place | Performance: WL = 854 ; TNS = -489 ; WNS = -361 | Time (s): real = 0h:0m:15s ; cpu = 0h:0m:12s ; process = 0h:0m:21s | Memory (MB): curr = 663.773438 ; peak = 681.476562 | Checksum: 815992147FA17369

Flat initial placement flow takes 4.141.
Stage: after EP_FIP | Performance: WL = 854 ; TNS = -489 ; WNS = -361 | Time (s): real = 0h:0m:15s ; cpu = 0h:0m:12s ; process = 0h:0m:21s | Memory (MB): curr = 665.460938 ; peak = 681.476562 | Checksum: 815992147FA17369


Stage 4 EP_CAGP start.

Stage 4.1 cagp site packing start.
Stage: after pack legalize group | Performance: avg_mov = 0.000000 ; max_mov = 0 ; mov_var = 0.000000
Stage: after cagp site packing | Performance: WL = 2006 | Time (s): real = 0h:0m:15s ; cpu = 0h:0m:12s ; process = 0h:0m:21s | Memory (MB): curr = 684.984375 ; peak = 691.746094 | Checksum: DED864C7C4F9CE39


Stage 4.2 cagp macro placement start.
Stage: after cagp macro placement | Performance: WL = 2006 | Time (s): real = 0h:0m:15s ; cpu = 0h:0m:12s ; process = 0h:0m:21s | Memory (MB): curr = 685.406250 ; peak = 691.746094 | Checksum: DED864C7C4F9CE39


Stage 4.3 post clock plan start.
pre solve all clock design takes 0.00 sec with memory (MB): curr = 685.480469, peak = 691.746094.
CRA timing analysis with worst slack -517 takes 0.00 sec.
CRA cost 0 takes 0.00 sec.
solve all clock design takes 0.05 sec with memory (MB): curr = 685.992188, peak = 691.746094.
expand load region takes 0.00 sec.
Stage: after post clock plan | Time (s): real = 0h:0m:16s ; cpu = 0h:0m:12s ; process = 0h:0m:22s | Memory (MB): curr = 686.128906 ; peak = 691.746094

Movement during CRA, max : (0, 0) , total : (0, 0) , count : 0 , avg : (0, 0) .
Stage: after EP_CAGP | Performance: WL = 2006 ; TNS = -998 ; WNS = -517 | Time (s): real = 0h:0m:16s ; cpu = 0h:0m:12s ; process = 0h:0m:22s | Memory (MB): curr = 686.148438 ; peak = 691.746094 | Checksum: B84E36E1BA1549AE


Stage 5 EP_DRCP start.

Stage 5.1 DRC Placement start.
DRC final successful.
Stage: after DRC Placement | Time (s): real = 0h:0m:16s ; cpu = 0h:0m:12s ; process = 0h:0m:22s | Memory (MB): curr = 686.164062 ; peak = 691.746094


Stage 5.2 IO Placement start.
The average distance in IO place is 0.000000.
Stage: after IO Placement | Time (s): real = 0h:0m:16s ; cpu = 0h:0m:12s ; process = 0h:0m:22s | Memory (MB): curr = 686.320312 ; peak = 691.746094

Stage: special units | Performance: avg_mov = 80.000000 ; max_mov = 80 ; mov_var = 0.000000
Stage: after EP_DRCP | Performance: WL = 2372 ; TNS = -998 ; WNS = -517 | Time (s): real = 0h:0m:16s ; cpu = 0h:0m:12s ; process = 0h:0m:22s | Memory (MB): curr = 686.562500 ; peak = 691.746094 | Checksum: 8CDCC09B3D8265D4


Stage 6 EP_MP start.

Stage 6.1 macro place start.
The average distance of DRM is 0.000000, The max distance of DRM is 0.000000
Stage: after macro place | Performance: WL = 2372 | Time (s): real = 0h:0m:16s ; cpu = 0h:0m:12s ; process = 0h:0m:22s | Memory (MB): curr = 686.703125 ; peak = 691.746094 | Checksum: F01768E045E122EF


Stage 6.2 mp post global place start.
[GP] num_thread=0
I: Multithreading enabled for place using a maximum of 4 processes.
[GP] Init timing API takes 0.00 sec.
[GP] Init GP graph takes 0.01 sec.
Device graph total memory: 11.19068050 MB
[GP] Read position from netlist take 0 msec
[GP] Timing analysis take 0.048000 secs.
[GP] MarginTNSS=-3998, TNSS=-998, WSS=-517
[GP] Place thread size: 4
[GP] Node size: 9195, net size: 401
[GP] Design graph total memory: 28.73723412 MB
[GP] Timing analysis take 0.006000 secs.
[GP] MarginTNSS=-3828, TNSS=-828, WSS=-471
[GP] Step 0 take 0.034 secs: WL=2079.16 OF=0.209170
[GP] Timing analysis take 0.006000 secs.
[GP] MarginTNSS=-3723, TNSS=-723, WSS=-478
[GP] Step 1 take 0.183 secs: WL=1586.56 OF=0.280162
[GP] Timing analysis take 0.007000 secs.
[GP] MarginTNSS=-3606, TNSS=-606, WSS=-361
[GP] Step 2 take 0.181 secs: WL=1606.93 OF=0.221284
[GP] Timing analysis take 0.006000 secs.
[GP] MarginTNSS=-3723, TNSS=-723, WSS=-478
[GP] Step 3 take 0.186 secs: WL=1620.95 OF=0.171573
[GP] Timing analysis take 0.007000 secs.
[GP] MarginTNSS=-3489, TNSS=-489, WSS=-361
[GP] Step 4 take 0.187 secs: WL=1667.49 OF=0.115761
[GP] Timing analysis take 0.006000 secs.
[GP] MarginTNSS=-3606, TNSS=-606, WSS=-361
[GP] Step 5 take 0.186 secs: WL=1708.47 OF=0.070156
[GP] Timing analysis take 0.007000 secs.
[GP] MarginTNSS=-3606, TNSS=-606, WSS=-361
[GP] Timing analysis take 0.007000 secs.
[GP] MarginTNSS=-3606, TNSS=-606, WSS=-361
[GP] Final best WL=1708.472535 OF=0.070156, totally takes 1.151000 secs, run timing analysis 9 times totally takes 0.100000 secs.
[GP] Total node move: 806.76, average node move: 5.04
[GP] Placer use memory: 5.84089279 MB
Stage: after mp post global place | Performance: WL = 1333 ; TNS = -606 ; WNS = -361 | Time (s): real = 0h:0m:17s ; cpu = 0h:0m:13s ; process = 0h:0m:24s | Memory (MB): curr = 681.960938 ; peak = 691.746094 | Checksum: 2FC6A7EAB0A3AB67

MP flow takes 0.969.
Stage: after EP_MP | Performance: WL = 1333 ; TNS = -606 ; WNS = -361 | Time (s): real = 0h:0m:17s ; cpu = 0h:0m:13s ; process = 0h:0m:24s | Memory (MB): curr = 681.964844 ; peak = 691.746094 | Checksum: 2FC6A7EAB0A3AB67


Stage 7 EP_LP start.
Stage: after legalization | Performance: avg_mov = 0.075949 ; max_mov = 1 ; mov_var = 0.070181
Legalize placement flow takes 0.016.
Stage: after EP_LP | Performance: WL = 1345 ; TNS = -1115 ; WNS = -557 | Time (s): real = 0h:0m:17s ; cpu = 0h:0m:13s ; process = 0h:0m:24s | Memory (MB): curr = 684.585938 ; peak = 691.746094 | Checksum: B2AD410E5AA84DD1


Stage 8 EP_DP start.
Stage: before DP | Performance: WL = 1345 ; TNS = -1115 ; WNS = -557
    Cost at Swap iteration  0:  WNS =   -262,  TNS =   -776,  MarginTNS =  -3776,  takes    0.00 sec.
    Cost at DP   iteration  0:  WNS =   -262,  TNS =   -475,  MarginTNS =  -3475,  takes    0.02 sec.
    Cost at Swap iteration  1:  WNS =   -262,  TNS =   -475,  MarginTNS =  -3475,  takes    0.02 sec.
    Cost at Swap iteration  2:  WNS =   -262,  TNS =   -475,  MarginTNS =  -3475,  takes    0.02 sec.
    Cost at DP   iteration  2:  WNS =   -262,  TNS =   -366,  MarginTNS =  -3326,  takes    0.00 sec.
    Cost at Swap iteration  3:  WNS =   -262,  TNS =   -366,  MarginTNS =  -3326,  takes    0.03 sec.
Stage: after DP | Performance: WL = 1364 ; TNS = -366 ; WNS = -262
EP_DP takes 0 sec.
Stage: after EP_DP | Performance: WL = 1364 ; TNS = -366 ; WNS = -262 | Time (s): real = 0h:0m:17s ; cpu = 0h:0m:13s ; process = 0h:0m:25s | Memory (MB): curr = 686.128906 ; peak = 691.746094 | Checksum: DEC12B26BC552FD7


Stage 9 EP_FP start.
AutoDRC Flow for Design Check After Place Start.
AutoDRC Flow for Design Check After Place End.
Stage: after EP_FP | Performance: WL = 1364 ; TNS = -262 ; WNS = -262 | Time (s): real = 0h:0m:17s ; cpu = 0h:0m:13s ; process = 0h:0m:25s | Memory (MB): curr = 689.117188 ; peak = 691.746094 | Checksum: E4EB26CF13B22253


Congestion analysis started.
I: Start printing congestion info.
I: Finish printing congestion info.
Congestion analysis takes 0.12 sec.


Device Utilization Summary :
+----------------------------------------------------------------------------+
| Device Type                      | Used     | Available     | Util(%)     
+----------------------------------------------------------------------------+
| CLMA                             | 74       | 6450          | 2           
| + FF                             | 155      | 38700         | 1           
| + LUT                            | 190      | 25800         | 1           
|   + LUT as Logic                 | 190      |               |             
|   + LUT as Const                 | 0        |               |             
|   + LUT as Bypass                | 0        |               |             
| CLMS                             | 49       | 4250          | 2           
| + FF                             | 120      | 25500         | 1           
| + LUT                            | 134      | 17000         | 1           
|   + LUT as Logic                 | 134      |               |             
|   + LUT as Memory                | 0        |               |             
|     + LUT as Distributed RAM     | 0        |               |             
|   + LUT as Const                 | 0        |               |             
|   + LUT as Bypass                | 0        |               |             
| IO                               | 20       | 296           | 7           
| + IOBD                           | 5        | 64            | 8           
| + IOBR_LR                        | 0        | 7             | 0           
| + IOBR_TB                        | 1        | 8             | 13          
| + IOBS_LR                        | 9        | 161           | 6           
| + IOBS_TB                        | 5        | 56            | 9           
| APM                              | 0        | 84            | 0           
| BKCL                             | 3        | 4             | 75          
| CRYSTAL                          | 0        | 2             | 0           
| DLL                              | 0        | 10            | 0           
| DQSL                             | 0        | 18            | 0           
| DRM                              | 1        | 134           | 1           
| FUSECODE                         | 0        | 1             | 0           
| HARD0N1                          | 0        | 6672          | 0           
| HSST                             | 0        | 1             | 0           
| IOCKDIV                          | 0        | 20            | 0           
| IOCKDLY                          | 0        | 40            | 0           
| IOCKGATE                         | 0        | 20            | 0           
| + IOCKGATE as Bypass             | 0        |               |             
| IOL                              | 20       | 400           | 5           
| IPAL                             | 0        | 1             | 0           
| LDO                              | 0        | 4             | 0           
| OSC                              | 0        | 1             | 0           
| PCIE                             | 0        | 1             | 0           
| PLL                              | 1        | 5             | 20          
| RCKB                             | 0        | 24            | 0           
| + RCKB as Bypass                 | 0        |               |             
| RESCAL                           | 0        | 4             | 0           
| SCANCHAIN                        | 1        | 2             | 50          
| START                            | 1        | 1             | 100         
| UDID                             | 0        | 1             | 0           
| USCM                             | 4        | 30            | 14          
| + USCM as Bypass                 | 0        |               |             
+----------------------------------------------------------------------------+

Total placement takes 9.25 sec.
Finished placement.
Design 'uart_rx_top' has been placed successfully.
Action place: Real time elapsed is 0h:0m:18s
Action place: CPU time elapsed is 0h:0m:14s
Action place: Process CPU time elapsed is 0h:0m:25s
Action place: Peak memory pool usage is 770 MB

Current time: Fri Sep 18 20:36:45 2026
