#Build: Fabric Compiler 2025.2, Build 211867, Jan 16 16:10 2026
#Install: E:\work\pango\PDS_2025.2-ads\bin
#Application name: pds_shell.exe
#OS: Windows 11 10.0.26200
#CPU: Unknown
#RAM(GB): 32
#Hostname: dionirpyC
#Generated by Fabric Compiler (version 2025.2 build 211867) at Wed Sep 23 18:39:25 2026
Parameters for debugging are loaded as follows:
Compiling verification operator library.
Compiling vendor parameter file.
Compiling common defs.
Compiling prim grid devices.
Compiling place grid timing.
Compiling gate devices.
Compiling gate operators.
Compiling gate operators impls.
Building architecture model.
Loading device packaging model.
Building architecture floorplan logic view.
Elaborate the liberty model.
I: Multithreading enabled for Timing using a maximum of 4 processes.

Routing started.
Build routing arch for double attribute device.
Enter timing driven router mode.
I: Multithreading enabled for route using a maximum of 6 processes.
Building routing graph takes 1.40 sec.
Enable Recovery Analysis in Routing
Init coarse delay table.
I: Loading Timing Delay Info...
I: Load Timing Delay Info successfully.
Read place coarse delay table takes 0.33 sec.
build place dedicate switch graph takes 1.33 sec
Setup STE netlist take 1842 msec.
Slack Weight : 90
CE/RS signal series limit : 500
Dispose control chain take 13 msec.
Collect const net info take 36 msec.
Total nets for routing: 387.
Total loads for routing: 1534.
Direct connect net size: 102
Build all design net take 30 msec.
Processing design graph takes 1.93 sec.
Route info is not supported in this chip.
Delay table total memory: 40.34379768 MB
Route graph total memory: 74.28999043 MB
Route design total memory: 1.38443375 MB
The remaining process takes 0.01 sec.
Stage: after context initialize | Time (s): real = 0h:0m:11s ; cpu = 0h:0m:8s ; process = 0h:0m:10s | Memory (MB): curr = 675.066406 ; peak = 712.828125 | Checksum: BAB8C2757E9E6D1
Global routing takes 0.00 sec.
Pin Cost Increasing Speed 300
Unrouted clock nets at iteration 0 (0.002 sec): 0
Stage: after clock route | Time (s): real = 0h:0m:11s ; cpu = 0h:0m:8s ; process = 0h:0m:11s | Memory (MB): curr = 675.890625 ; peak = 712.828125 | Checksum: 20DC1B5FB1C3AD8F
Total route nets size: 381
Pre route takes 0.191 sec
Stage: after pre route | Performance: TNS = 0 ; WNS = 14318 ; THS = 0 ; WHS = 159 | Time (s): real = 0h:0m:12s ; cpu = 0h:0m:8s ; process = 0h:0m:11s | Memory (MB): curr = 689.394531 ; peak = 712.828125 | Checksum: DF598216D3C58F28
Unrouted general nets at iteration 3 (MT total route time: 0.032 sec): 272(overused: 1020)
Unrouted general nets at iteration 4 (MT total route time: 0.020 sec): 195(overused: 652)
Unrouted general nets at iteration 5 (MT total route time: 0.017 sec): 147(overused: 378)
Unrouted general nets at iteration 6 (MT total route time: 0.014 sec): 102(overused: 245)
Unrouted general nets at iteration 7 (MT total route time: 0.012 sec): 68(overused: 160)
Unrouted general nets at iteration 8 (MT total route time: 0.006 sec): 32(overused: 70)
Unrouted general nets at iteration 9 (MT total route time: 0.004 sec): 18(overused: 30)
Unrouted general nets at iteration 10 (MT total route time: 0.003 sec): 15(overused: 24)
Unrouted general nets at iteration 11 (MT total route time: 0.002 sec): 11(overused: 18)
Unrouted general nets at iteration 12 (MT total route time: 0.003 sec): 8(overused: 16)
Unrouted general nets at iteration 13 (MT total route time: 0.002 sec): 2(overused: 4)
Unrouted general nets at iteration 14 (MT total route time: 0.001 sec): 3(overused: 6)
Unrouted general nets at iteration 15 (MT total route time: 0.000 sec): 0(overused: 0)
----General net take 0.000 sec(route net take 0.000 sec, inc cost take 0.000 sec, iter times: 1)
----const net route take 0.003 sec
Unrouted nets at iteration 16 (0.004 sec): 0
Stage: after detail route | Performance: TNS = 0 ; WNS = 13334 ; THS = NA ; WHS = NA | Time (s): real = 0h:0m:12s ; cpu = 0h:0m:9s ; process = 0h:0m:11s | Memory (MB): curr = 692.546875 ; peak = 712.828125 | Checksum: 99845E6B496C25A5
Begin rip-up and reroute:
Rip-up and reroute takes 0.01 sec.
Stage: after ripup & reroute | Performance: TNS = 0 ; WNS = 13334 ; THS = NA ; WHS = NA | Time (s): real = 0h:0m:12s ; cpu = 0h:0m:9s ; process = 0h:0m:11s | Memory (MB): curr = 693.304688 ; peak = 712.828125 | Checksum: 75A7E079E8300B4F
Detailed routing takes 0.72 sec.
Sort Original Nets take 0.001 sec
Check HPIO div result take 0.000 sec
Total net: 387, route succeed net: 387
Generate routing result take 0.001 sec
Handle PERMUX permutation take 0.010 sec
Handle const net take 0.001 sec
Handle route through take 0.003 sec
Used SRB routing arc is 2814.
Stage: after finish route | Performance: TNS = 0 ; WNS = 13334 ; THS = NA ; WHS = NA | Time (s): real = 0h:0m:12s ; cpu = 0h:0m:9s ; process = 0h:0m:11s | Memory (MB): curr = 666.789062 ; peak = 712.828125 | Checksum: D577BD6948F926C8
Finish routing takes 0.12 sec.
Total routing takes 4.28 sec.

Device Utilization Summary :
+----------------------------------------------------------------------------+
| Device Type                      | Used     | Available     | Util(%)     
+----------------------------------------------------------------------------+
| CLMA                             | 88       | 6450          | 2           
| + FF                             | 124      | 38700         | 1           
| + LUT                            | 227      | 25800         | 1           
|   + LUT as Logic                 | 139      |               |             
|   + LUT as Const                 | 88       |               |             
|   + LUT as Bypass                | 0        |               |             
| CLMS                             | 35       | 4250          | 1           
| + FF                             | 95       | 25500         | 1           
| + LUT                            | 101      | 17000         | 1           
|   + LUT as Logic                 | 98       |               |             
|   + LUT as Memory                | 0        |               |             
|     + LUT as Distributed RAM     | 0        |               |             
|   + LUT as Const                 | 1        |               |             
|   + LUT as Bypass                | 2        |               |             
| IO                               | 20       | 296           | 7           
| + IOBD                           | 5        | 64            | 8           
| + IOBR_LR                        | 0        | 7             | 0           
| + IOBR_TB                        | 1        | 8             | 13          
| + IOBS_LR                        | 9        | 161           | 6           
| + IOBS_TB                        | 5        | 56            | 9           
| APM                              | 0        | 84            | 0           
| BKCL                             | 3        | 4             | 75          
| CRYSTAL                          | 0        | 2             | 0           
| DLL                              | 0        | 10            | 0           
| DQSL                             | 0        | 18            | 0           
| DRM                              | 2        | 134           | 2           
| FUSECODE                         | 0        | 1             | 0           
| HARD0N1                          | 13       | 6672          | 1           
| HSST                             | 0        | 1             | 0           
| IOCKDIV                          | 0        | 20            | 0           
| IOCKDLY                          | 0        | 40            | 0           
| IOCKGATE                         | 0        | 20            | 0           
| + IOCKGATE as Bypass             | 0        |               |             
| IOL                              | 20       | 400           | 5           
| IPAL                             | 0        | 1             | 0           
| LDO                              | 0        | 4             | 0           
| OSC                              | 0        | 1             | 0           
| PCIE                             | 0        | 1             | 0           
| PLL                              | 1        | 5             | 20          
| RCKB                             | 0        | 24            | 0           
| + RCKB as Bypass                 | 0        |               |             
| RESCAL                           | 0        | 4             | 0           
| SCANCHAIN                        | 0        | 2             | 0           
| START                            | 1        | 1             | 100         
| UDID                             | 0        | 1             | 0           
| USCM                             | 1        | 30            | 4           
| + USCM as Bypass                 | 0        |               |             
+----------------------------------------------------------------------------+

Finished routing. (CPU time elapsed 0h:00m:09s)
Design 'i2c_eeprom_top' has been routed successfully.
Saving design to DB.
Action Route: Export DB successfully.
Action route: Real time elapsed is 0h:0m:12s
Action route: CPU time elapsed is 0h:0m:9s
Action route: Process CPU time elapsed is 0h:0m:12s
Action route: Peak memory pool usage is 712 MB

Current time: Wed Sep 23 18:39:35 2026
