#Build: Fabric Compiler 2025.2, Build 211867, Jan 16 16:10 2026
#Install: E:\work\pango\PDS_2025.2-ads\bin
#Application name: pds_shell.exe
#OS: Windows 11 10.0.26200
#CPU: Unknown
#RAM(GB): 32
#Hostname: dionirpyC
#Generated by Fabric Compiler (version 2025.2 build 211867) at Wed Sep 23 18:39:11 2026
Parameters for debugging are loaded as follows:
Compiling verification operator library.
Compiling vendor parameter file.
Compiling common defs.
Compiling prim grid devices.
Compiling place grid timing.
Compiling gate devices.
Compiling gate operators.
Compiling gate operators impls.
Building architecture model.
Loading device packaging model.
Building architecture floorplan logic view.
Constraint check start.
W: ConstraintEditor-4040: [E:/code/PangoWork/Works/i2c/prj_tasks/pnr_1/device_map/i2c_eeprom_top.pcf(line number: 13)] Port key_in[0] has been placed at location K18, whose type is share pin.
W: ConstraintEditor-4040: [E:/code/PangoWork/Works/i2c/prj_tasks/pnr_1/device_map/i2c_eeprom_top.pcf(line number: 18)] Port key_in[5] has been placed at location J19, whose type is share pin.
W: ConstraintEditor-4040: [E:/code/PangoWork/Works/i2c/prj_tasks/pnr_1/device_map/i2c_eeprom_top.pcf(line number: 19)] Port key_in[6] has been placed at location H20, whose type is share pin.
W: ConstraintEditor-4040: [E:/code/PangoWork/Works/i2c/prj_tasks/pnr_1/device_map/i2c_eeprom_top.pcf(line number: 22)] Port sys_rst_n has been placed at location AB13, whose type is share pin.
C: ConstraintEditor-2022: There are some ports' attributes are set to default value, please read [E:/code/PangoWork/Works/i2c/prj_tasks/pnr_1/place_route/ports_defalut_attribute.txt(line number:0)] to confirm.
Found 0 error(s), 1 critical warning(s), 4 warning(s), out of 20 constraint(s)
Constraint check end.
Total time(hh:mm:ss) of constraint check : 00:00:00
Elaborate the liberty model.
I: Multithreading enabled for Timing using a maximum of 4 processes.
Placement started. Type: EP_COMMON_FLOW.

Stage 1 EP_INIT start.
Stage: after EP_INIT | Time (s): real = 0h:0m:6s ; cpu = 0h:0m:4s ; process = 0h:0m:6s | Memory (MB): curr = 438.152344 ; peak = 439.097656 | Checksum: F883A2D6FC22A2BE

Design Layer Utilization:
	LUT: 0.554%
	FF: 0.400%
	DRM: 0.746%
	IO: 5.722%

Stage 2 EP_DL start.
build place dedicate switch graph takes 1.42 sec
Place location constraint group with base node:eeprom_i2c_scl_obuf/opit_1 at IOL_243_373
Place location constraint group with base node:key_in_ibuf[0]/opit_1 at IOL_327_257
Place location constraint group with base node:key_in_ibuf[1]/opit_1 at IOL_327_134
Place location constraint group with base node:key_in_ibuf[2]/opit_1 at IOL_327_297
Place location constraint group with base node:key_in_ibuf[3]/opit_1 at IOL_327_133
Place location constraint group with base node:key_in_ibuf[4]/opit_1 at IOL_327_298
Place location constraint group with base node:key_in_ibuf[5]/opit_1 at IOL_327_262
Place location constraint group with base node:key_in_ibuf[6]/opit_1 at IOL_327_261
Place location constraint group with base node:key_in_ibuf[7]/opit_1 at IOL_327_365
Place location constraint group with base node:led_out_obuf[0]/opit_1 at IOL_19_374
Place location constraint group with base node:led_out_obuf[1]/opit_1 at IOL_19_373
Place location constraint group with base node:led_out_obuf[2]/opit_1 at IOL_35_374
Place location constraint group with base node:led_out_obuf[3]/opit_1 at IOL_35_373
Place location constraint group with base node:led_out_obuf[4]/opit_1 at IOL_67_374
Place location constraint group with base node:led_out_obuf[5]/opit_1 at IOL_67_373
Place location constraint group with base node:led_out_obuf[6]/opit_1 at IOL_47_374
Place location constraint group with base node:led_out_obuf[7]/opit_1 at IOL_47_373
Place location constraint group with base node:sys_clk_50mhz_ibuf/opit_1 at IOL_327_210
Place location constraint group with base node:sys_rst_n_ibuf/opit_1 at IOL_167_5
Place location constraint group with base node:u_eeprom.i2c_driver_inst.sda_tri/opit_1 at IOL_71_374
Place location constraint node:BKCL_auto_0 at BKCL_188_376
Place location constraint node:BKCL_auto_1 at BKCL_328_184
Place location constraint node:BKCL_auto_2 at BKCL_192_0
DRCP Convert Loc Constraint successful.

Stage 2.1 pre clock plan start.
Mapping instance GRS_INST/grs to START_324_2.
I: Clock statistic: 1 USCM.
solve clock designs takes 0.00 sec with memory (MB): curr = 511.933594, peak = 515.687500.
Mapping instance clkbufg_0/gopclkbufg to USCM_84_108:impl_uscm_rtb_a-USCM.
Mapping instance u_pll_50mhz/u_pll_e3/goppll to PLL_158_55.
Stage: after pre clock plan | Time (s): real = 0h:0m:8s ; cpu = 0h:0m:6s ; process = 0h:0m:8s | Memory (MB): curr = 512.078125 ; peak = 515.687500

Place location constraint node:clkbufg_0/gopclkbufg at USCM_84_108
Place location constraint node:u_pll_50mhz/u_pll_e3/goppll at PLL_158_55
DRCP Convert Loc Constraint successful.
Stage: after EP_DL | Time (s): real = 0h:0m:8s ; cpu = 0h:0m:6s ; process = 0h:0m:8s | Memory (MB): curr = 512.148438 ; peak = 515.687500 | Checksum: 33B8A6FC3424F20C


Stage 3 EP_FIP start.
DRCP Convert Loc Constraint successful.

Stage 3.1 fip global place start.
[GP] num_thread=0
I: Multithreading enabled for place using a maximum of 4 processes.
[GP] Placement Initial Method "Quad".
[GP] Placement Decongestion Mode "1".
[GP] Recovery Analysis in GP "Enable".
I: Loading Timing Delay Info...
I: Load Timing Delay Info successfully.
Init coarse delay table.
Read place coarse delay table takes 0.31 sec.
[GP] Init timing API takes 1.66 sec.
[GP] Init GP graph takes 1.72 sec.
Device graph total memory: 11.21274567 MB
[GP] Read position from netlist take 0 msec
[GP] Total node move: 22083.76, average node move: 93.58
First map gop timing takes 0.00 sec
[GP] SA handle 2 clusters.
[GP] SA init_cost = 64594.750000, final_cost = 64594.750000, final_cost/init_cost = 1.000000, occupied region_num = 2.
[GP] SA Optimize take time: 0.002000 sec.
[GP] Timing analysis take 0.005000 secs.
[GP] MarginTNSS=0, TNSS=0, WSS=13230
[GP] Place thread size: 4
[GP] Node size: 9414, net size: 394
[GP] Design graph total memory: 32.75162888 MB
[GP] Timing analysis take 0.006000 secs.
[GP] MarginTNSS=0, TNSS=0, WSS=13188
[GP] Step 0 take 0.057 secs: WL=1574.13 OF=0.537960
[GP] Timing analysis take 0.007000 secs.
[GP] MarginTNSS=0, TNSS=0, WSS=13382
[GP] Step 1 take 0.361 secs: WL=1625.05 OF=0.423350
[GP] Timing analysis take 0.006000 secs.
[GP] MarginTNSS=0, TNSS=0, WSS=13292
[GP] Step 2 take 0.342 secs: WL=1567.63 OF=0.355813
[GP] Timing analysis take 0.005000 secs.
[GP] MarginTNSS=0, TNSS=0, WSS=13691
[GP] Step 3 take 0.301 secs: WL=1538.98 OF=0.363037
[GP] Timing analysis take 0.005000 secs.
[GP] MarginTNSS=0, TNSS=0, WSS=13621
[GP] Step 4 take 0.286 secs: WL=1457.48 OF=0.347430
[GP] Timing analysis take 0.005000 secs.
[GP] MarginTNSS=0, TNSS=0, WSS=13446
[GP] Step 5 take 0.288 secs: WL=1443.00 OF=0.343698
[GP] Timing analysis take 0.006000 secs.
[GP] MarginTNSS=0, TNSS=0, WSS=13729
[GP] Step 6 take 0.291 secs: WL=1397.01 OF=0.264143
[GP] Timing analysis take 0.006000 secs.
[GP] MarginTNSS=0, TNSS=0, WSS=13614
[GP] Step 7 take 0.351 secs: WL=1419.38 OF=0.217069
[GP] Timing analysis take 0.006000 secs.
[GP] MarginTNSS=0, TNSS=0, WSS=13842
[GP] Step 8 take 0.360 secs: WL=1423.86 OF=0.150563
[GP] Timing analysis take 0.008000 secs.
[GP] MarginTNSS=0, TNSS=0, WSS=13582
[GP] Timing analysis take 0.007000 secs.
[GP] MarginTNSS=0, TNSS=0, WSS=13632
[GP] Step 9 take 0.562 secs: WL=1468.26 OF=0.096378
[GP] Timing analysis take 0.009000 secs.
[GP] MarginTNSS=0, TNSS=0, WSS=13632
[GP] Final best WL=1464.859478 OF=0.088488, totally takes 3.233000 secs, run timing analysis 13 times totally takes 0.081000 secs.
[GP] Total node move: 23459.47, average node move: 99.40
[GP] Placer use memory: 14.74498367 MB
Stage: after fip global place | Performance: WL = 1359 ; TNS =  0 ; WNS =  13632 | Time (s): real = 0h:0m:13s ; cpu = 0h:0m:10s ; process = 0h:0m:16s | Memory (MB): curr = 658.011719 ; peak = 676.296875 | Checksum: 8685EAD48560801

Flat initial placement flow takes 4.391.
Stage: after EP_FIP | Performance: WL = 1359 ; TNS =  0 ; WNS =  13632 | Time (s): real = 0h:0m:13s ; cpu = 0h:0m:10s ; process = 0h:0m:16s | Memory (MB): curr = 659.558594 ; peak = 676.296875 | Checksum: 8685EAD48560801


Stage 4 EP_CAGP start.

Stage 4.1 cagp site packing start.
Stage: after pack legalize group | Performance: avg_mov = 0.000000 ; max_mov = 0 ; mov_var = 0.000000
Stage: after cagp site packing | Performance: WL = 2888 | Time (s): real = 0h:0m:13s ; cpu = 0h:0m:10s ; process = 0h:0m:17s | Memory (MB): curr = 678.558594 ; peak = 684.835938 | Checksum: 80E62C5A0A10B6E2


Stage 4.2 cagp macro placement start.
Stage: after cagp macro placement | Performance: WL = 2888 | Time (s): real = 0h:0m:13s ; cpu = 0h:0m:10s ; process = 0h:0m:17s | Memory (MB): curr = 678.976562 ; peak = 684.835938 | Checksum: 80E62C5A0A10B6E2


Stage 4.3 post clock plan start.
pre solve all clock design takes 0.00 sec with memory (MB): curr = 679.156250, peak = 684.835938.
CRA timing analysis with worst slack 12676 takes 0.02 sec.
CRA cost 0 takes 0.02 sec.
solve all clock design takes 0.00 sec with memory (MB): curr = 679.820312, peak = 684.835938.
expand load region takes 0.00 sec.
Stage: after post clock plan | Time (s): real = 0h:0m:13s ; cpu = 0h:0m:10s ; process = 0h:0m:17s | Memory (MB): curr = 679.953125 ; peak = 684.835938

Movement during CRA, max : (0, 0) , total : (0, 0) , count : 0 , avg : (0, 0) .
Stage: after EP_CAGP | Performance: WL = 2888 ; TNS =  0 ; WNS =  12676 | Time (s): real = 0h:0m:13s ; cpu = 0h:0m:10s ; process = 0h:0m:17s | Memory (MB): curr = 679.992188 ; peak = 684.835938 | Checksum: A75EFB3EEC7B369B


Stage 5 EP_DRCP start.

Stage 5.1 DRC Placement start.
DRC final successful.
Stage: after DRC Placement | Time (s): real = 0h:0m:13s ; cpu = 0h:0m:10s ; process = 0h:0m:17s | Memory (MB): curr = 680.144531 ; peak = 684.835938


Stage 5.2 IO Placement start.
The average distance in IO place is 0.000000.
Stage: after IO Placement | Time (s): real = 0h:0m:13s ; cpu = 0h:0m:10s ; process = 0h:0m:17s | Memory (MB): curr = 680.308594 ; peak = 684.835938

Stage: after EP_DRCP | Performance: WL = 2888 ; TNS =  0 ; WNS =  12676 | Time (s): real = 0h:0m:13s ; cpu = 0h:0m:10s ; process = 0h:0m:17s | Memory (MB): curr = 680.316406 ; peak = 684.835938 | Checksum: C5689C3F58CB2EE0


Stage 6 EP_MP start.

Stage 6.1 macro place start.
The average distance of DRM is 0.000000, The max distance of DRM is 0.000000
Stage: after macro place | Performance: WL = 2888 | Time (s): real = 0h:0m:13s ; cpu = 0h:0m:10s ; process = 0h:0m:17s | Memory (MB): curr = 680.664062 ; peak = 684.835938 | Checksum: A306421833F5DA4D


Stage 6.2 mp post global place start.
[GP] num_thread=0
I: Multithreading enabled for place using a maximum of 4 processes.
[GP] Init timing API takes 0.00 sec.
[GP] Init GP graph takes 0.01 sec.
Device graph total memory: 11.21721649 MB
[GP] Read position from netlist take 0 msec
[GP] Timing analysis take 0.046000 secs.
[GP] MarginTNSS=0, TNSS=0, WSS=12676
[GP] Place thread size: 4
[GP] Node size: 9158, net size: 381
[GP] Design graph total memory: 28.55447102 MB
[GP] Timing analysis take 0.006000 secs.
[GP] MarginTNSS=0, TNSS=0, WSS=13314
[GP] Step 0 take 0.028 secs: WL=2093.78 OF=0.186388
[GP] Timing analysis take 0.005000 secs.
[GP] MarginTNSS=0, TNSS=0, WSS=13450
[GP] Step 1 take 0.156 secs: WL=1466.11 OF=0.250580
[GP] Timing analysis take 0.005000 secs.
[GP] MarginTNSS=0, TNSS=0, WSS=13686
[GP] Step 2 take 0.156 secs: WL=1478.85 OF=0.188638
[GP] Timing analysis take 0.005000 secs.
[GP] MarginTNSS=0, TNSS=0, WSS=13685
[GP] Step 3 take 0.162 secs: WL=1498.15 OF=0.136305
[GP] Timing analysis take 0.005000 secs.
[GP] MarginTNSS=0, TNSS=0, WSS=13685
[GP] Step 4 take 0.160 secs: WL=1530.81 OF=0.081751
[GP] Timing analysis take 0.006000 secs.
[GP] MarginTNSS=0, TNSS=0, WSS=13685
[GP] Final best WL=1530.809109 OF=0.081751, totally takes 0.669000 secs, run timing analysis 7 times totally takes 0.078000 secs.
[GP] Total node move: 476.09, average node move: 4.58
[GP] Placer use memory: 5.77703857 MB
Stage: after mp post global place | Performance: WL = 1429 ; TNS =  0 ; WNS =  13685 | Time (s): real = 0h:0m:14s ; cpu = 0h:0m:11s ; process = 0h:0m:19s | Memory (MB): curr = 675.699219 ; peak = 684.835938 | Checksum: 9743A3DDB9E58CF7

MP flow takes 0.625.
Stage: after EP_MP | Performance: WL = 1429 ; TNS =  0 ; WNS =  13685 | Time (s): real = 0h:0m:14s ; cpu = 0h:0m:11s ; process = 0h:0m:19s | Memory (MB): curr = 675.703125 ; peak = 684.835938 | Checksum: 9743A3DDB9E58CF7


Stage 7 EP_LP start.
Stage: after legalization | Performance: avg_mov = 0.052941 ; max_mov = 1 ; mov_var = 0.050138
Legalize placement flow takes 0.000.
Stage: after EP_LP | Performance: WL = 1433 ; TNS =  0 ; WNS =  13760 | Time (s): real = 0h:0m:14s ; cpu = 0h:0m:11s ; process = 0h:0m:19s | Memory (MB): curr = 678.062500 ; peak = 684.835938 | Checksum: F07536FA0CF7D88E


Stage 8 EP_DP start.
Stage: before DP | Performance: WL = 1433 ; TNS = 0 ; WNS = 13760
Stage: after DP | Performance: WL = 1433 ; TNS = 0 ; WNS = 13760
EP_DP takes 0 sec.
Stage: after EP_DP | Performance: WL = 1433 ; TNS =  0 ; WNS =  13760 | Time (s): real = 0h:0m:14s ; cpu = 0h:0m:11s ; process = 0h:0m:19s | Memory (MB): curr = 678.921875 ; peak = 684.835938 | Checksum: F07536FA0CF7D88E


Stage 9 EP_FP start.
AutoDRC Flow for Design Check After Place Start.
AutoDRC Flow for Design Check After Place End.
Stage: after EP_FP | Performance: WL = 1433 ; TNS =  0 ; WNS =  13760 | Time (s): real = 0h:0m:14s ; cpu = 0h:0m:11s ; process = 0h:0m:19s | Memory (MB): curr = 680.289062 ; peak = 684.835938 | Checksum: BBD7808BA1037BFC


Congestion analysis started.
I: Start printing congestion info.
I: Finish printing congestion info.
Congestion analysis takes 0.08 sec.


Device Utilization Summary :
+----------------------------------------------------------------------------+
| Device Type                      | Used     | Available     | Util(%)     
+----------------------------------------------------------------------------+
| CLMA                             | 57       | 6450          | 1           
| + FF                             | 124      | 38700         | 1           
| + LUT                            | 139      | 25800         | 1           
|   + LUT as Logic                 | 139      |               |             
|   + LUT as Const                 | 0        |               |             
|   + LUT as Bypass                | 0        |               |             
| CLMS                             | 34       | 4250          | 1           
| + FF                             | 95       | 25500         | 1           
| + LUT                            | 98       | 17000         | 1           
|   + LUT as Logic                 | 98       |               |             
|   + LUT as Memory                | 0        |               |             
|     + LUT as Distributed RAM     | 0        |               |             
|   + LUT as Const                 | 0        |               |             
|   + LUT as Bypass                | 0        |               |             
| IO                               | 20       | 296           | 7           
| + IOBD                           | 5        | 64            | 8           
| + IOBR_LR                        | 0        | 7             | 0           
| + IOBR_TB                        | 1        | 8             | 13          
| + IOBS_LR                        | 9        | 161           | 6           
| + IOBS_TB                        | 5        | 56            | 9           
| APM                              | 0        | 84            | 0           
| BKCL                             | 3        | 4             | 75          
| CRYSTAL                          | 0        | 2             | 0           
| DLL                              | 0        | 10            | 0           
| DQSL                             | 0        | 18            | 0           
| DRM                              | 2        | 134           | 2           
| FUSECODE                         | 0        | 1             | 0           
| HARD0N1                          | 0        | 6672          | 0           
| HSST                             | 0        | 1             | 0           
| IOCKDIV                          | 0        | 20            | 0           
| IOCKDLY                          | 0        | 40            | 0           
| IOCKGATE                         | 0        | 20            | 0           
| + IOCKGATE as Bypass             | 0        |               |             
| IOL                              | 20       | 400           | 5           
| IPAL                             | 0        | 1             | 0           
| LDO                              | 0        | 4             | 0           
| OSC                              | 0        | 1             | 0           
| PCIE                             | 0        | 1             | 0           
| PLL                              | 1        | 5             | 20          
| RCKB                             | 0        | 24            | 0           
| + RCKB as Bypass                 | 0        |               |             
| RESCAL                           | 0        | 4             | 0           
| SCANCHAIN                        | 0        | 2             | 0           
| START                            | 1        | 1             | 100         
| UDID                             | 0        | 1             | 0           
| USCM                             | 1        | 30            | 4           
| + USCM as Bypass                 | 0        |               |             
+----------------------------------------------------------------------------+

Total placement takes 7.58 sec.
Finished placement.
Design 'i2c_eeprom_top' has been placed successfully.
Action place: Real time elapsed is 0h:0m:15s
Action place: CPU time elapsed is 0h:0m:11s
Action place: Process CPU time elapsed is 0h:0m:19s
Action place: Peak memory pool usage is 760 MB

Current time: Wed Sep 23 18:39:24 2026
