#Build: Fabric Configuration 2025.2, Build 211867, Jan 16 16:10 2026
#Install: D:\pango\PDS_2025.2-ads\bin
#Application name: cdt_cfg.exe
#OS: Windows 11 10.0.26100
#CPU: Unknown
#RAM(GB): 16
#Hostname: hustlyrm
#Generated by Fabric Configuration (version 2025.2 build 211867) at Thu Oct  1 20:15:57 2026
M_PROCESS_FINISH_STARTED

Connecting to server[127.0.0.1 : 65420].
Connect to server[127.0.0.1 : 65420] successfully.
COMMAND[check version information] execute successfully, takes 0.2 secs.
The cable List : 
Cable index 0:USB Cable II/fffffffffffffffe 

COMMAND[get_cable_paras] execute successfully, takes 1.0 secs.
PANGO USB CABLE II cable driver: D2XX DLL
Memory(MB): peak = 71.6992;gain = 71.6836; diff = 0.609375
E: JtagServer-0306: No devices were detected while scanning the JTAG chain, failed to detect the JTAG device chain.
W: Please check the device power, cable connection situation and whether put the chip in the right way or not.
   If these do not work, try to restart the software.
E: Configuration-0008: Failed to execute the command 'Open config cable'.
Memory(MB): peak = 71.7617;gain = 71.7617; diff = 0.0703125
PGL50H
This device configure situation (done bit): 0
COMMAND[Open config cable] execute successfully, takes 3.9 secs.
COMMAND[Scan Outer SPI Flash] execute successfully, takes 20.1 secs.
The start address of operating flash is 0x0.
COMMAND[Erase Outer Flash] execute finish, takes 13.3 secs.
The start address of operating flash is 0x0.
COMMAND[Program Outer Flash] execute finish, takes 35.1 secs.
The start address of operating flash is 0x0.
COMMAND[Verify Outer Flash] execute successfully, takes 2.6 secs.
[2026.10.01 20:17:50]Finish program D:/pango/works/ECSDC_FPGA_2026/prj_tasks/pnr_1/generate_bitstream/flash_read_top.sbit
The done bit is 1
COMMAND[Program] execute successfully, takes 1.8 secs.
