#Build: Fabric Debugger 2025.2, Build 211867, Jan 16 16:10 2026
#Install: E:\work\pango\PDS_2025.2-ads\bin
#Application name: cdt_dbg.exe
#OS: Windows 11 10.0.26200
#CPU: Unknown
#RAM(GB): 32
#Hostname: dionirpyC
#Generated by Fabric Debugger (version 2025.2 build 211867) at Sat Sep 19 16:14:22 2026
M_PROCESS_FINISH_STARTED

Executing : dbg_scan_chain
I: Connecting to server[127.0.0.1 : 65420].
COMMAND: check version information
COMMAND[check version information] execute successfully, takes 0.013 seconds.
I: Connecting to server[127.0.0.1 : 65420] successfully.
COMMAND: get cable paras
I: The Cable List : 
Cable index 0:USB Cable II/fffffffffffffffe 

COMMAND[get cable paras] execute successfully, takes 1.229 seconds.
COMMAND: open_cable
I: PANGO USB CABLE II cable driver: D2XX DLL
COMMAND[open_cable] execute successfully, takes 1.595 seconds.
Executing : dbg_scan_chain successfully.
Executing : dbg_program -device 0 -file E:/code/PangoWork/Works/uart/uart_rx_top.sbit
COMMAND: configure
Process:-5%
Process:--10%
Process:---15%
Process:----20%
Process:-----25%
Process:------30%
Process:-------35%
Process:--------40%
Process:---------45%
Process:----------50%
Process:-----------55%
Process:------------60%
Process:-------------65%
Process:--------------70%
Process:---------------75%
Process:----------------80%
Process:-----------------85%
Process:------------------90%
Process:-------------------95%
Process:--------------------100%
COMMAND[configure] execute successfully, takes 2.201 seconds.
Executing : dbg_program -device 0 -file E:/code/PangoWork/Works/uart/uart_rx_top.sbit successfully.
Executing : dbg_program -device 0 -file E:/code/PangoWork/Works/uart/prj_tasks/pnr_1/generate_bitstream/uart_rx_top.sbit
COMMAND: configure
Process:-5%
Process:--10%
Process:---15%
Process:----20%
Process:-----25%
Process:------30%
Process:-------35%
Process:--------40%
Process:---------45%
Process:----------50%
Process:-----------55%
Process:------------60%
Process:-------------65%
Process:--------------70%
Process:---------------75%
Process:----------------80%
Process:-----------------85%
Process:------------------90%
Process:-------------------95%
Process:--------------------100%
COMMAND[configure] execute successfully, takes 2.197 seconds.
Executing : dbg_program -device 0 -file E:/code/PangoWork/Works/uart/prj_tasks/pnr_1/generate_bitstream/uart_rx_top.sbit successfully.
Executing : dbg_import_fic -device 0 -file {E:/code/PangoWork/Works/uart/prj_tasks/syn_1/synthesize/uart_rx_top_syn.fic}
I: Import E:/code/PangoWork/Works/uart/prj_tasks/syn_1/synthesize/uart_rx_top_syn.fic success
Executing : dbg_import_fic -device 0 -file {E:/code/PangoWork/Works/uart/prj_tasks/syn_1/synthesize/uart_rx_top_syn.fic} successfully.
