[Debug] [2026-9-18 20:31:13] /*************************** 2026-09-18 20:31:13  Start ***************************/
[Debug] [2026-9-18 20:31:13] Path: E:/work/pango/PDS_2025.2-ads/bin
[Debug] [2026-9-18 20:31:13] #Generated by Fabric Debugger (version 2025.2 build 211867) at Fri Sep 18 20:31:13 2026


[Debug] [2026-9-18 20:31:14] Main window show.
[Debug] [2026-9-18 20:31:25] Log::Print : Executing : dbg_scan_chain
[Info] [2026-9-18 20:31:25] MsgOut: Connecting to server[127.0.0.1 : 65420].
[Debug] [2026-9-18 20:31:25] Log::Print : COMMAND: check version information
[Debug] [2026-9-18 20:31:25] Log::Print : COMMAND[check version information] execute successfully, takes 0.012 seconds.
[Info] [2026-9-18 20:31:25] MsgOut: Connecting to server[127.0.0.1 : 65420] successfully.
[Debug] [2026-9-18 20:31:25] Log::Print : COMMAND: get cable paras
[Debug] [2026-9-18 20:31:26] Log::Print : I: The Cable List : 
Cable index 0:USB Cable II/fffffffffffffffe 

[Debug] [2026-9-18 20:31:26] Log::Print : COMMAND[get cable paras] execute successfully, takes 1.203 seconds.
[Debug] [2026-9-18 20:31:26] Log::Print : COMMAND: open_cable
[Debug] [2026-9-18 20:31:28] Log::Print : COMMAND[open_cable] execute successfully, takes 1.44 seconds.
[Debug] [2026-9-18 20:31:28] Log::Print : Executing : dbg_scan_chain successfully.
[Debug] [2026-9-18 20:31:42] Log::Print : Executing : dbg_scan_chain
[Debug] [2026-9-18 20:31:42] Log::Print : COMMAND: open_cable
[Debug] [2026-9-18 20:31:44] Log::Print : COMMAND[open_cable] execute successfully, takes 1.694 seconds.
[Debug] [2026-9-18 20:31:44] Log::Print : Executing : dbg_scan_chain successfully.
[Debug] [2026-9-18 20:31:51] Log::Print : Executing : dbg_fla_set_trig_cond -device 0 -fla 0 -add TriggerCondition2
[Debug] [2026-9-18 20:31:51] Log::Print : Executing : dbg_fla_set_trig_cond -device 0 -fla 0 -add TriggerCondition2 successfully.
[Debug] [2026-9-18 20:31:53] Log::Print : Executing : dbg_fla_set_trig_cond -device 0 -fla 0 -delete TriggerCondition2
[Debug] [2026-9-18 20:31:53] Log::Print : Executing : dbg_fla_set_trig_cond -device 0 -fla 0 -delete TriggerCondition2 successfully.
[Debug] [2026-9-18 20:31:59] Log::Print : Executing : dbg_fla_run -device 0 -fla 0 -async
[Debug] [2026-9-18 20:31:59] Log::Print : COMMAND: run
[Debug] [2026-9-18 20:31:59] Log::Print : Executing : dbg_fla_run -device 0 -fla 0 -async successfully.
[Debug] [2026-9-18 20:31:59] Log::Print :  I: Core 0 trigger successful at Fri Sep 18 20:31:59 2026
[Debug] [2026-9-18 20:31:59] Log::Print : COMMAND[run] execute successfully, takes 0.198 seconds.
[Debug] [2026-9-18 20:32:20] Log::Print : Executing : dbg_fla_run -device 0 -fla 0 -async
[Debug] [2026-9-18 20:32:20] Log::Print : COMMAND: run
[Debug] [2026-9-18 20:32:20] Log::Print : Executing : dbg_fla_run -device 0 -fla 0 -async successfully.
[Debug] [2026-9-18 20:32:20] Log::Print :  I: Core 0 trigger successful at Fri Sep 18 20:32:20 2026
[Debug] [2026-9-18 20:32:20] Log::Print : COMMAND[run] execute successfully, takes 0.195 seconds.
[Debug] [2026-9-18 20:32:21] Log::Print : Executing : dbg_fla_run -device 0 -fla 0 -async
[Debug] [2026-9-18 20:32:21] Log::Print : COMMAND: run
[Debug] [2026-9-18 20:32:21] Log::Print : Executing : dbg_fla_run -device 0 -fla 0 -async successfully.
[Debug] [2026-9-18 20:32:21] Log::Print :  I: Core 0 trigger successful at Fri Sep 18 20:32:21 2026
[Debug] [2026-9-18 20:32:21] Log::Print : COMMAND[run] execute successfully, takes 0.185 seconds.
[Debug] [2026-9-18 20:33:39] Log::Print : Executing : dbg_fla_run -device 0 -fla 0 -async
[Debug] [2026-9-18 20:33:39] Log::Print : COMMAND: run
[Debug] [2026-9-18 20:33:39] Log::Print : Executing : dbg_fla_run -device 0 -fla 0 -async successfully.
[Debug] [2026-9-18 20:33:39] Log::Print :  I: Core 0 trigger successful at Fri Sep 18 20:33:39 2026
[Debug] [2026-9-18 20:33:39] Log::Print : COMMAND[run] execute successfully, takes 0.204 seconds.
[Debug] [2026-9-18 20:33:58] /*************************** 2026-09-18 20:33:58  End ***************************/
[Debug] [2026-9-18 20:34:50] /*************************** 2026-09-18 20:34:50  Start ***************************/
[Debug] [2026-9-18 20:34:50] Path: E:/work/pango/PDS_2025.2-ads/bin
[Debug] [2026-9-18 20:34:50] #Generated by Fabric Debugger (version 2025.2 build 211867) at Fri Sep 18 20:34:50 2026


[Debug] [2026-9-18 20:34:50] Main window show.
[Debug] [2026-9-18 20:34:53] Log::Print : Executing : dbg_scan_chain
[Info] [2026-9-18 20:34:53] MsgOut: Connecting to server[127.0.0.1 : 65420].
[Debug] [2026-9-18 20:34:53] Log::Print : COMMAND: check version information
[Debug] [2026-9-18 20:34:54] Log::Print : COMMAND[check version information] execute successfully, takes 0.014 seconds.
[Info] [2026-9-18 20:34:54] MsgOut: Connecting to server[127.0.0.1 : 65420] successfully.
[Debug] [2026-9-18 20:34:54] Log::Print : COMMAND: get cable paras
[Debug] [2026-9-18 20:34:55] Log::Print : I: The Cable List : 
Cable index 0:USB Cable II/fffffffffffffffe 

[Debug] [2026-9-18 20:34:55] Log::Print : COMMAND[get cable paras] execute successfully, takes 1.302 seconds.
[Debug] [2026-9-18 20:34:55] Log::Print : COMMAND: open_cable
[Warn] [2026-9-18 20:34:58] cmdid:10001 HandleInfoExec msg:PANGO USB CABLE II cable driver: D2XX DLL
[Info] [2026-9-18 20:34:58] MsgOut: PANGO USB CABLE II cable driver: D2XX DLL
[Debug] [2026-9-18 20:34:58] Log::Print : COMMAND[open_cable] execute successfully, takes 3.093 seconds.
[Debug] [2026-9-18 20:34:58] Log::Print : Executing : dbg_scan_chain successfully.
[Debug] [2026-9-18 20:35:14] Log::Print : Executing : dbg_program -device 0 -file E:/code/PangoWork/Works/uart/prj_tasks/pnr_1/generate_bitstream/uart_rx_top.sbit
[Debug] [2026-9-18 20:35:14] Log::Print : COMMAND: configure
[Debug] [2026-9-18 20:35:16] Log::Print : COMMAND[configure] execute successfully, takes 2.135 seconds.
[Debug] [2026-9-18 20:35:16] Log::Print : Executing : dbg_program -device 0 -file E:/code/PangoWork/Works/uart/prj_tasks/pnr_1/generate_bitstream/uart_rx_top.sbit successfully.
[Debug] [2026-9-18 20:35:16] Log::Print : Executing : dbg_import_fic -device 0 -file {E:/code/PangoWork/Works/uart/prj_tasks/syn_1/synthesize/uart_rx_top_syn.fic}
[Info] [2026-9-18 20:35:16] MsgOut: Import E:/code/PangoWork/Works/uart/prj_tasks/syn_1/synthesize/uart_rx_top_syn.fic success
[Debug] [2026-9-18 20:35:16] Log::Print : Executing : dbg_import_fic -device 0 -file {E:/code/PangoWork/Works/uart/prj_tasks/syn_1/synthesize/uart_rx_top_syn.fic} successfully.
[Debug] [2026-9-18 20:35:42] Log::Print : Executing : dbg_fla_run -device 0 -fla 0 -async
[Debug] [2026-9-18 20:35:42] Log::Print : COMMAND: run
[Debug] [2026-9-18 20:35:42] Log::Print : Executing : dbg_fla_run -device 0 -fla 0 -async successfully.
[Error] [2026-9-18 20:35:45] cmdid:10003 HandleErrorExec msg:JtagServer-0325: No available debugger core detected, please check power or reset.
[Error] [2026-9-18 20:35:45] cmdid:10003 HandleErrorExec msg:JtagServer-0330: Failed to capture the data.
[Error] [2026-9-18 20:35:45] MsgOut: Debugger-0013: Failed operation : JtagServer-0325: No available debugger core detected, please check power or reset.
[Error] [2026-9-18 20:35:45] MsgOut: Debugger-0013: Failed operation : JtagServer-0330: Failed to capture the data.
[Error] [2026-9-18 20:35:45] MsgOut: Debugger-0005: Command run execution failed.
[Debug] [2026-9-18 20:35:51] Log::Print : Executing : dbg_fla_run -device 0 -fla 0 -async
[Debug] [2026-9-18 20:35:51] Log::Print : COMMAND: run
[Debug] [2026-9-18 20:35:51] Log::Print : Executing : dbg_fla_run -device 0 -fla 0 -async successfully.
[Error] [2026-9-18 20:35:51] cmdid:10003 HandleErrorExec msg:JtagServer-0310: The core read from the device doesn't match, core may has changed elsewhere, please rescan.
[Error] [2026-9-18 20:35:51] MsgOut: Debugger-0013: Failed operation : JtagServer-0310: The core read from the device doesn't match, core may has changed elsewhere, please rescan.
[Error] [2026-9-18 20:35:51] MsgOut: Debugger-0005: Command run execution failed.
[Debug] [2026-9-18 20:35:52] Log::Print : Executing : dbg_fla_run -device 0 -fla 0 -async
[Debug] [2026-9-18 20:35:52] Log::Print : COMMAND: run
[Debug] [2026-9-18 20:35:52] Log::Print : Executing : dbg_fla_run -device 0 -fla 0 -async successfully.
[Error] [2026-9-18 20:35:52] cmdid:10003 HandleErrorExec msg:JtagServer-0310: The core read from the device doesn't match, core may has changed elsewhere, please rescan.
[Error] [2026-9-18 20:35:52] MsgOut: Debugger-0013: Failed operation : JtagServer-0310: The core read from the device doesn't match, core may has changed elsewhere, please rescan.
[Error] [2026-9-18 20:35:52] MsgOut: Debugger-0005: Command run execution failed.
[Debug] [2026-9-18 20:35:53] Log::Print : Executing : dbg_fla_run -device 0 -fla 0 -async
[Debug] [2026-9-18 20:35:53] Log::Print : COMMAND: run
[Debug] [2026-9-18 20:35:53] Log::Print : Executing : dbg_fla_run -device 0 -fla 0 -async successfully.
[Error] [2026-9-18 20:35:53] cmdid:10003 HandleErrorExec msg:JtagServer-0310: The core read from the device doesn't match, core may has changed elsewhere, please rescan.
[Error] [2026-9-18 20:35:53] MsgOut: Debugger-0013: Failed operation : JtagServer-0310: The core read from the device doesn't match, core may has changed elsewhere, please rescan.
[Error] [2026-9-18 20:35:53] MsgOut: Debugger-0005: Command run execution failed.
[Debug] [2026-9-18 20:35:58] Log::Print : Executing : dbg_scan_chain
[Debug] [2026-9-18 20:35:58] Log::Print : COMMAND: open_cable
[Debug] [2026-9-18 20:36:00] Log::Print : COMMAND[open_cable] execute successfully, takes 1.49 seconds.
[Debug] [2026-9-18 20:36:00] Log::Print : Executing : dbg_scan_chain successfully.
[Debug] [2026-9-18 20:37:32] Log::Print : Executing : dbg_scan_chain
[Debug] [2026-9-18 20:37:32] Log::Print : COMMAND: open_cable
[Debug] [2026-9-18 20:37:33] Log::Print : COMMAND[open_cable] execute successfully, takes 1.034 seconds.
[Debug] [2026-9-18 20:37:33] Log::Print : Executing : dbg_scan_chain successfully.
[Debug] [2026-9-18 20:37:38] Log::Print : Executing : dbg_program -device 0 -file E:/code/PangoWork/Works/uart/prj_tasks/pnr_1/generate_bitstream/uart_rx_top.sbit
[Debug] [2026-9-18 20:37:38] Log::Print : COMMAND: configure
[Debug] [2026-9-18 20:37:40] Log::Print : COMMAND[configure] execute successfully, takes 2.116 seconds.
[Debug] [2026-9-18 20:37:40] Log::Print : Executing : dbg_program -device 0 -file E:/code/PangoWork/Works/uart/prj_tasks/pnr_1/generate_bitstream/uart_rx_top.sbit successfully.
[Debug] [2026-9-18 20:37:40] Log::Print : Executing : dbg_import_fic -device 0 -file {E:/code/PangoWork/Works/uart/prj_tasks/syn_1/synthesize/uart_rx_top_syn.fic}
[Info] [2026-9-18 20:37:40] MsgOut: Import E:/code/PangoWork/Works/uart/prj_tasks/syn_1/synthesize/uart_rx_top_syn.fic success
[Debug] [2026-9-18 20:37:40] Log::Print : Executing : dbg_import_fic -device 0 -file {E:/code/PangoWork/Works/uart/prj_tasks/syn_1/synthesize/uart_rx_top_syn.fic} successfully.
[Debug] [2026-9-18 20:38:09] Log::Print : Executing : dbg_fla_set_capture -device 0 -fla 0 -type W -windows 0 -position 248
[Debug] [2026-9-18 20:38:09] Log::Print : Executing : dbg_fla_set_capture -device 0 -fla 0 -type W -windows 0 -position 248 successfully.
[Debug] [2026-9-18 20:38:17] Log::Print : Executing : dbg_fla_set_capture -device 0 -fla 0 -type W -windows 0 -position 248
[Debug] [2026-9-18 20:38:17] Log::Print : Executing : dbg_fla_set_capture -device 0 -fla 0 -type W -windows 0 -position 248 successfully.
[Debug] [2026-9-18 20:38:23] Log::Print : Executing : dbg_fla_run -device 0 -fla 0 -async
[Debug] [2026-9-18 20:38:23] Log::Print : COMMAND: run
[Debug] [2026-9-18 20:38:23] Log::Print : Executing : dbg_fla_run -device 0 -fla 0 -async successfully.
[Error] [2026-9-18 20:40:10] cmdid:10003 HandleErrorExec msg:JtagServer-0325: No available debugger core detected, please check power or reset.
[Error] [2026-9-18 20:40:10] cmdid:10003 HandleErrorExec msg:JtagServer-0330: Failed to capture the data.
[Error] [2026-9-18 20:40:10] cmdid:10003 HandleErrorExec msg:JtagServer-0001: No PANGO USB CABLE II cable was found in the system.
[Error] [2026-9-18 20:40:10] MsgOut: Debugger-0013: Failed operation : JtagServer-0325: No available debugger core detected, please check power or reset.
[Error] [2026-9-18 20:40:10] MsgOut: Debugger-0013: Failed operation : JtagServer-0330: Failed to capture the data.
[Error] [2026-9-18 20:40:10] MsgOut: Debugger-0013: Failed operation : JtagServer-0001: No PANGO USB CABLE II cable was found in the system.
[Error] [2026-9-18 20:40:10] MsgOut: Debugger-0005: Command run execution failed.
[Debug] [2026-9-18 20:40:19] Log::Print : Executing : dbg_program -device 0 -file E:/code/PangoWork/Works/uart/prj_tasks/pnr_1/generate_bitstream/uart_rx_top.sbit
[Debug] [2026-9-18 20:40:19] Log::Print : COMMAND: configure
[Debug] [2026-9-18 20:40:21] Log::Print : COMMAND[configure] execute successfully, takes 2.21 seconds.
[Debug] [2026-9-18 20:40:21] Log::Print : Executing : dbg_program -device 0 -file E:/code/PangoWork/Works/uart/prj_tasks/pnr_1/generate_bitstream/uart_rx_top.sbit successfully.
[Debug] [2026-9-18 20:40:21] Log::Print : Executing : dbg_import_fic -device 0 -file {E:/code/PangoWork/Works/uart/prj_tasks/syn_1/synthesize/uart_rx_top_syn.fic}
[Info] [2026-9-18 20:40:21] MsgOut: Import E:/code/PangoWork/Works/uart/prj_tasks/syn_1/synthesize/uart_rx_top_syn.fic success
[Debug] [2026-9-18 20:40:21] Log::Print : Executing : dbg_import_fic -device 0 -file {E:/code/PangoWork/Works/uart/prj_tasks/syn_1/synthesize/uart_rx_top_syn.fic} successfully.
[Debug] [2026-9-18 20:40:33] Log::Print : Executing : dbg_fla_run -device 0 -fla 0 -async
[Debug] [2026-9-18 20:40:33] Log::Print : COMMAND: run
[Debug] [2026-9-18 20:40:33] Log::Print : Executing : dbg_fla_run -device 0 -fla 0 -async successfully.
[Debug] [2026-9-18 20:42:52] Log::Print : Executing : dbg_fla_stop -device 0 -fla 0
[Debug] [2026-9-18 20:42:52] Log::Print : COMMAND: stop
[Debug] [2026-9-18 20:42:52] Log::Print : COMMAND[stop] execute successfully, takes 0 seconds.
[Debug] [2026-9-18 20:42:52] Log::Print : Executing : dbg_fla_stop -device 0 -fla 0 successfully.
[Debug] [2026-9-18 20:42:52] Log::Print :  I: DebugCore triggering is stopped by user
[Error] [2026-9-18 20:42:52] cmdid:10003 HandleErrorExec msg:JtagServer-0330: Failed to capture the data.
[Debug] [2026-9-18 20:42:52] Log::Print :  I: The captured data is too limited to form one window.
[Error] [2026-9-18 20:42:52] MsgOut: Debugger-0013: Failed operation : JtagServer-0330: Failed to capture the data.
[Error] [2026-9-18 20:42:52] MsgOut: Debugger-0005: Command run execution failed.
[Debug] [2026-9-18 20:42:57] Log::Print : Executing : dbg_fla_run -device 0 -fla 0 -async
[Debug] [2026-9-18 20:42:57] Log::Print : COMMAND: run
[Debug] [2026-9-18 20:42:57] Log::Print : Executing : dbg_fla_run -device 0 -fla 0 -async successfully.
[Error] [2026-9-18 20:43:11] cmdid:10003 HandleErrorExec msg:JtagServer-0325: No available debugger core detected, please check power or reset.
[Error] [2026-9-18 20:43:11] cmdid:10003 HandleErrorExec msg:JtagServer-0330: Failed to capture the data.
[Error] [2026-9-18 20:43:11] MsgOut: Debugger-0013: Failed operation : JtagServer-0325: No available debugger core detected, please check power or reset.
[Error] [2026-9-18 20:43:11] MsgOut: Debugger-0013: Failed operation : JtagServer-0330: Failed to capture the data.
[Error] [2026-9-18 20:43:11] MsgOut: Debugger-0005: Command run execution failed.
[Debug] [2026-9-18 20:43:14] Log::Print : Executing : dbg_fla_run -device 0 -fla 0 -async
[Debug] [2026-9-18 20:43:14] Log::Print : COMMAND: run
[Debug] [2026-9-18 20:43:14] Log::Print : Executing : dbg_fla_run -device 0 -fla 0 -async successfully.
[Error] [2026-9-18 20:43:15] cmdid:10003 HandleErrorExec msg:JtagServer-0310: The core read from the device doesn't match, core may has changed elsewhere, please rescan.
[Error] [2026-9-18 20:43:15] MsgOut: Debugger-0013: Failed operation : JtagServer-0310: The core read from the device doesn't match, core may has changed elsewhere, please rescan.
[Error] [2026-9-18 20:43:15] MsgOut: Debugger-0005: Command run execution failed.
[Debug] [2026-9-18 20:43:15] Log::Print : Executing : dbg_fla_run -device 0 -fla 0 -async
[Debug] [2026-9-18 20:43:15] Log::Print : COMMAND: run
[Debug] [2026-9-18 20:43:15] Log::Print : Executing : dbg_fla_run -device 0 -fla 0 -async successfully.
[Error] [2026-9-18 20:43:16] cmdid:10003 HandleErrorExec msg:JtagServer-0310: The core read from the device doesn't match, core may has changed elsewhere, please rescan.
[Error] [2026-9-18 20:43:16] MsgOut: Debugger-0013: Failed operation : JtagServer-0310: The core read from the device doesn't match, core may has changed elsewhere, please rescan.
[Error] [2026-9-18 20:43:16] MsgOut: Debugger-0005: Command run execution failed.
[Debug] [2026-9-18 20:43:16] Log::Print : Executing : dbg_fla_run -device 0 -fla 0 -async
[Debug] [2026-9-18 20:43:16] Log::Print : COMMAND: run
[Debug] [2026-9-18 20:43:16] Log::Print : Executing : dbg_fla_run -device 0 -fla 0 -async successfully.
[Debug] [2026-9-18 20:44:43] Log::Print : Executing : dbg_fla_stop -device 0 -fla 0
[Debug] [2026-9-18 20:44:43] Log::Print : COMMAND: stop
[Debug] [2026-9-18 20:44:43] Log::Print : COMMAND[stop] execute successfully, takes 0.001 seconds.
[Debug] [2026-9-18 20:44:43] Log::Print : Executing : dbg_fla_stop -device 0 -fla 0 successfully.
[Debug] [2026-9-18 20:44:43] Log::Print :  I: DebugCore triggering is stopped by user
[Error] [2026-9-18 20:44:43] cmdid:10003 HandleErrorExec msg:JtagServer-0330: Failed to capture the data.
[Debug] [2026-9-18 20:44:43] Log::Print :  I: The captured data is too limited to form one window.
[Error] [2026-9-18 20:44:43] MsgOut: Debugger-0013: Failed operation : JtagServer-0330: Failed to capture the data.
[Error] [2026-9-18 20:44:43] MsgOut: Debugger-0005: Command run execution failed.
[Debug] [2026-9-18 20:44:44] Log::Print : Executing : dbg_fla_run -device 0 -fla 0 -async
[Debug] [2026-9-18 20:44:44] Log::Print : COMMAND: run
[Debug] [2026-9-18 20:44:44] Log::Print : Executing : dbg_fla_run -device 0 -fla 0 -async successfully.
[Debug] [2026-9-18 20:45:31] Log::Print : Executing : dbg_fla_add_bus -device 0 -fla 0 -name {} -channel { nt_uart_rx }
[Debug] [2026-9-18 20:45:31] Log::Print : Executing : dbg_fla_add_bus -device 0 -fla 0 -name {} -channel { nt_uart_rx } successfully.
[Debug] [2026-9-18 20:45:45] Log::Print : Executing : dbg_fla_stop -device 0 -fla 0
[Debug] [2026-9-18 20:45:45] Log::Print : COMMAND: stop
[Debug] [2026-9-18 20:45:45] Log::Print : COMMAND[stop] execute successfully, takes 0.001 seconds.
[Debug] [2026-9-18 20:45:45] Log::Print : Executing : dbg_fla_stop -device 0 -fla 0 successfully.
[Debug] [2026-9-18 20:45:45] Log::Print :  I: DebugCore triggering is stopped by user
[Error] [2026-9-18 20:45:45] cmdid:10003 HandleErrorExec msg:JtagServer-0330: Failed to capture the data.
[Debug] [2026-9-18 20:45:45] Log::Print :  I: The captured data is too limited to form one window.
[Error] [2026-9-18 20:45:45] MsgOut: Debugger-0013: Failed operation : JtagServer-0330: Failed to capture the data.
[Error] [2026-9-18 20:45:45] MsgOut: Debugger-0005: Command run execution failed.
[Debug] [2026-9-18 20:46:10] Log::Print : Executing : dbg_fla_set_capture -device 0 -fla 0 -type W -windows 0 -position 248
[Debug] [2026-9-18 20:46:10] Log::Print : Executing : dbg_fla_set_capture -device 0 -fla 0 -type W -windows 0 -position 248 successfully.
[Debug] [2026-9-18 20:46:12] Log::Print : Executing : dbg_fla_run -device 0 -fla 0 -async
[Debug] [2026-9-18 20:46:12] Log::Print : Executing : dbg_fla_set_capture -device 0 -fla 0 -type W -windows 0 -position 248
[Debug] [2026-9-18 20:46:12] Log::Print : Executing : dbg_fla_set_capture -device 0 -fla 0 -type W -windows 0 -position 248 successfully.
[Debug] [2026-9-18 20:46:12] Log::Print : COMMAND: run
[Debug] [2026-9-18 20:46:12] Log::Print : Executing : dbg_fla_run -device 0 -fla 0 -async successfully.
[Debug] [2026-9-18 20:47:17] Log::Print : Executing : dbg_fla_stop -device 0 -fla 0
[Debug] [2026-9-18 20:47:17] Log::Print : COMMAND: stop
[Debug] [2026-9-18 20:47:17] Log::Print : COMMAND[stop] execute successfully, takes 0.001 seconds.
[Debug] [2026-9-18 20:47:17] Log::Print : Executing : dbg_fla_stop -device 0 -fla 0 successfully.
[Debug] [2026-9-18 20:47:17] Log::Print :  I: DebugCore triggering is stopped by user
[Error] [2026-9-18 20:47:17] cmdid:10003 HandleErrorExec msg:JtagServer-0330: Failed to capture the data.
[Debug] [2026-9-18 20:47:17] Log::Print :  I: The captured data is too limited to form one window.
[Error] [2026-9-18 20:47:17] MsgOut: Debugger-0013: Failed operation : JtagServer-0330: Failed to capture the data.
[Error] [2026-9-18 20:47:17] MsgOut: Debugger-0005: Command run execution failed.
[Debug] [2026-9-18 20:47:18] Log::Print : Executing : dbg_fla_run -device 0 -fla 0 -async
[Debug] [2026-9-18 20:47:18] Log::Print : COMMAND: run
[Debug] [2026-9-18 20:47:18] Log::Print : Executing : dbg_fla_run -device 0 -fla 0 -async successfully.
[Debug] [2026-9-18 20:47:34] Log::Print :  I: Core 0 trigger successful at Fri Sep 18 20:47:34 2026
[Debug] [2026-9-18 20:47:34] Log::Print : COMMAND[run] execute successfully, takes 15.937 seconds.
[Debug] [2026-9-18 20:48:01] Log::Print : Executing : dbg_fla_run -device 0 -fla 0 -async
[Debug] [2026-9-18 20:48:01] Log::Print : COMMAND: run
[Debug] [2026-9-18 20:48:01] Log::Print : Executing : dbg_fla_run -device 0 -fla 0 -async successfully.
[Debug] [2026-9-18 20:48:07] Log::Print :  I: Core 0 trigger successful at Fri Sep 18 20:48:07 2026
[Debug] [2026-9-18 20:48:07] Log::Print : COMMAND[run] execute successfully, takes 5.917 seconds.
[Debug] [2026-9-18 20:52:26] Log::Print : Executing : dbg_program -device 0 -file E:/code/PangoWork/Works/uart/prj_tasks/pnr_1/generate_bitstream/uart_rx_top.sbit
[Debug] [2026-9-18 20:52:26] Log::Print : COMMAND: configure
[Debug] [2026-9-18 20:52:28] Log::Print : COMMAND[configure] execute successfully, takes 2.221 seconds.
[Debug] [2026-9-18 20:52:28] Log::Print : Executing : dbg_program -device 0 -file E:/code/PangoWork/Works/uart/prj_tasks/pnr_1/generate_bitstream/uart_rx_top.sbit successfully.
[Debug] [2026-9-18 20:52:28] Log::Print : Executing : dbg_import_fic -device 0 -file {E:/code/PangoWork/Works/uart/prj_tasks/syn_1/synthesize/uart_rx_top_syn.fic}
[Info] [2026-9-18 20:52:28] MsgOut: Import E:/code/PangoWork/Works/uart/prj_tasks/syn_1/synthesize/uart_rx_top_syn.fic success
[Debug] [2026-9-18 20:52:28] Log::Print : Executing : dbg_import_fic -device 0 -file {E:/code/PangoWork/Works/uart/prj_tasks/syn_1/synthesize/uart_rx_top_syn.fic} successfully.
[Debug] [2026-9-18 20:52:40] Log::Print : Executing : dbg_fla_set_capture -device 0 -fla 0 -type W -windows 0 -position 100
[Debug] [2026-9-18 20:52:40] Log::Print : Executing : dbg_fla_set_capture -device 0 -fla 0 -type W -windows 0 -position 100 successfully.
[Debug] [2026-9-18 20:52:42] Log::Print : Executing : dbg_fla_run -device 0 -fla 0 -async
[Debug] [2026-9-18 20:52:42] Log::Print : Executing : dbg_fla_set_capture -device 0 -fla 0 -type W -windows 0 -position 100
[Debug] [2026-9-18 20:52:42] Log::Print : Executing : dbg_fla_set_capture -device 0 -fla 0 -type W -windows 0 -position 100 successfully.
[Debug] [2026-9-18 20:52:42] Log::Print : COMMAND: run
[Debug] [2026-9-18 20:52:42] Log::Print : Executing : dbg_fla_run -device 0 -fla 0 -async successfully.
[Debug] [2026-9-18 20:52:48] Log::Print :  I: Core 0 trigger successful at Fri Sep 18 20:52:48 2026
[Debug] [2026-9-18 20:52:48] Log::Print : COMMAND[run] execute successfully, takes 6.173 seconds.
[Debug] [2026-9-18 21:01:15] Log::Print : Executing : dbg_program -device 0 -file E:/code/PangoWork/Works/uart/prj_tasks/pnr_1/generate_bitstream/uart_rx_top.sbit
[Debug] [2026-9-18 21:01:15] Log::Print : COMMAND: configure
[Debug] [2026-9-18 21:01:17] Log::Print : COMMAND[configure] execute successfully, takes 2.221 seconds.
[Debug] [2026-9-18 21:01:17] Log::Print : Executing : dbg_program -device 0 -file E:/code/PangoWork/Works/uart/prj_tasks/pnr_1/generate_bitstream/uart_rx_top.sbit successfully.
[Debug] [2026-9-18 21:01:17] Log::Print : Executing : dbg_import_fic -device 0 -file {E:/code/PangoWork/Works/uart/prj_tasks/syn_1/synthesize/uart_rx_top_syn.fic}
[Info] [2026-9-18 21:01:17] MsgOut: Import E:/code/PangoWork/Works/uart/prj_tasks/syn_1/synthesize/uart_rx_top_syn.fic success
[Debug] [2026-9-18 21:01:17] Log::Print : Executing : dbg_import_fic -device 0 -file {E:/code/PangoWork/Works/uart/prj_tasks/syn_1/synthesize/uart_rx_top_syn.fic} successfully.
[Debug] [2026-9-18 21:01:27] Log::Print : Executing : dbg_fla_set_capture -device 0 -fla 0 -type W -windows 0 -position 100
[Debug] [2026-9-18 21:01:27] Log::Print : Executing : dbg_fla_set_capture -device 0 -fla 0 -type W -windows 0 -position 100 successfully.
[Debug] [2026-9-18 21:01:29] Log::Print : Executing : dbg_fla_run -device 0 -fla 0 -async
[Debug] [2026-9-18 21:01:29] Log::Print : Executing : dbg_fla_set_capture -device 0 -fla 0 -type W -windows 0 -position 100
[Debug] [2026-9-18 21:01:29] Log::Print : Executing : dbg_fla_set_capture -device 0 -fla 0 -type W -windows 0 -position 100 successfully.
[Debug] [2026-9-18 21:01:29] Log::Print : COMMAND: run
[Debug] [2026-9-18 21:01:29] Log::Print : Executing : dbg_fla_run -device 0 -fla 0 -async successfully.
[Debug] [2026-9-18 21:01:35] Log::Print :  I: Core 0 trigger successful at Fri Sep 18 21:01:35 2026
[Debug] [2026-9-18 21:01:35] Log::Print : COMMAND[run] execute successfully, takes 6.458 seconds.
[Debug] [2026-9-18 21:02:28] Log::Print : Executing : dbg_fla_run -device 0 -fla 0 -async
[Debug] [2026-9-18 21:02:28] Log::Print : COMMAND: run
[Debug] [2026-9-18 21:02:28] Log::Print : Executing : dbg_fla_run -device 0 -fla 0 -async successfully.
[Debug] [2026-9-18 21:02:32] Log::Print :  I: Core 0 trigger successful at Fri Sep 18 21:02:32 2026
[Debug] [2026-9-18 21:02:33] Log::Print : COMMAND[run] execute successfully, takes 4.734 seconds.
[Debug] [2026-9-18 21:02:52] Log::Print : Executing : dbg_fla_run -device 0 -fla 0 -async
[Debug] [2026-9-18 21:02:52] Log::Print : COMMAND: run
[Debug] [2026-9-18 21:02:52] Log::Print : Executing : dbg_fla_run -device 0 -fla 0 -async successfully.
[Debug] [2026-9-18 21:02:55] Log::Print :  I: Core 0 trigger successful at Fri Sep 18 21:02:55 2026
[Debug] [2026-9-18 21:02:55] Log::Print : COMMAND[run] execute successfully, takes 2.451 seconds.
[Debug] [2026-9-18 21:02:58] Log::Print : Executing : dbg_fla_run -device 0 -fla 0 -async
[Debug] [2026-9-18 21:02:58] Log::Print : COMMAND: run
[Debug] [2026-9-18 21:02:58] Log::Print : Executing : dbg_fla_run -device 0 -fla 0 -async successfully.
[Debug] [2026-9-18 21:03:04] Log::Print :  I: Core 0 trigger successful at Fri Sep 18 21:03:04 2026
[Debug] [2026-9-18 21:03:04] Log::Print : COMMAND[run] execute successfully, takes 6.003 seconds.
[Debug] [2026-9-18 21:03:51] Log::Print : Executing : dbg_fla_run -device 0 -fla 0 -async
[Debug] [2026-9-18 21:03:51] Log::Print : COMMAND: run
[Debug] [2026-9-18 21:03:51] Log::Print : Executing : dbg_fla_run -device 0 -fla 0 -async successfully.
[Debug] [2026-9-18 21:03:55] Log::Print :  I: Core 0 trigger successful at Fri Sep 18 21:03:55 2026
[Debug] [2026-9-18 21:03:55] Log::Print : COMMAND[run] execute successfully, takes 4.297 seconds.
[Debug] [2026-9-19 16:14:21] /*************************** 2026-09-19 16:14:21  Start ***************************/
[Debug] [2026-9-19 16:14:21] Path: E:/work/pango/PDS_2025.2-ads/bin
[Debug] [2026-9-19 16:14:21] #Generated by Fabric Debugger (version 2025.2 build 211867) at Sat Sep 19 16:14:21 2026


[Debug] [2026-9-19 16:14:22] Main window show.
[Debug] [2026-9-19 16:14:28] Log::Print : Executing : dbg_scan_chain
[Info] [2026-9-19 16:14:28] MsgOut: Connecting to server[127.0.0.1 : 65420].
[Debug] [2026-9-19 16:14:28] Log::Print : COMMAND: check version information
[Debug] [2026-9-19 16:14:28] Log::Print : COMMAND[check version information] execute successfully, takes 0.013 seconds.
[Info] [2026-9-19 16:14:28] MsgOut: Connecting to server[127.0.0.1 : 65420] successfully.
[Debug] [2026-9-19 16:14:28] Log::Print : COMMAND: get cable paras
[Debug] [2026-9-19 16:14:29] Log::Print : I: The Cable List : 
Cable index 0:USB Cable II/fffffffffffffffe 

[Debug] [2026-9-19 16:14:29] Log::Print : COMMAND[get cable paras] execute successfully, takes 1.229 seconds.
[Debug] [2026-9-19 16:14:29] Log::Print : COMMAND: open_cable
[Warn] [2026-9-19 16:14:31] cmdid:10001 HandleInfoExec msg:PANGO USB CABLE II cable driver: D2XX DLL
[Info] [2026-9-19 16:14:31] MsgOut: PANGO USB CABLE II cable driver: D2XX DLL
[Debug] [2026-9-19 16:14:31] Log::Print : COMMAND[open_cable] execute successfully, takes 1.595 seconds.
[Debug] [2026-9-19 16:14:31] Log::Print : Executing : dbg_scan_chain successfully.
[Debug] [2026-9-19 16:14:40] Log::Print : Executing : dbg_program -device 0 -file E:/code/PangoWork/Works/uart/uart_rx_top.sbit
[Debug] [2026-9-19 16:14:40] Log::Print : COMMAND: configure
[Debug] [2026-9-19 16:14:43] Log::Print : COMMAND[configure] execute successfully, takes 2.201 seconds.
[Debug] [2026-9-19 16:14:43] Log::Print : Executing : dbg_program -device 0 -file E:/code/PangoWork/Works/uart/uart_rx_top.sbit successfully.
[Debug] [2026-9-19 16:15:48] Log::Print : Executing : dbg_program -device 0 -file E:/code/PangoWork/Works/uart/prj_tasks/pnr_1/generate_bitstream/uart_rx_top.sbit
[Debug] [2026-9-19 16:15:48] Log::Print : COMMAND: configure
[Debug] [2026-9-19 16:15:50] Log::Print : COMMAND[configure] execute successfully, takes 2.197 seconds.
[Debug] [2026-9-19 16:15:50] Log::Print : Executing : dbg_program -device 0 -file E:/code/PangoWork/Works/uart/prj_tasks/pnr_1/generate_bitstream/uart_rx_top.sbit successfully.
[Debug] [2026-9-19 16:15:50] Log::Print : Executing : dbg_import_fic -device 0 -file {E:/code/PangoWork/Works/uart/prj_tasks/syn_1/synthesize/uart_rx_top_syn.fic}
[Info] [2026-9-19 16:15:50] MsgOut: Import E:/code/PangoWork/Works/uart/prj_tasks/syn_1/synthesize/uart_rx_top_syn.fic success
[Debug] [2026-9-19 16:15:50] Log::Print : Executing : dbg_import_fic -device 0 -file {E:/code/PangoWork/Works/uart/prj_tasks/syn_1/synthesize/uart_rx_top_syn.fic} successfully.
[Debug] [2026-9-19 17:08:05] /*************************** 2026-09-19 17:08:05  End ***************************/
