#Build: Fabric Inserter 2025.2, Build 211867, Jan 16 16:10 2026
#Install: E:\work\pango\PDS_2025.2-ads\bin
#Application name: cdt_ins.exe
#OS: Windows 11 10.0.26200
#CPU: Unknown
#RAM(GB): 32
#Hostname: dionirpyC
#Generated by Fabric Inserter (version 2025.2 build 211867) at Sat Sep 19 16:27:21 2026
*************************************************************************
*
*  Parsing design. Please be patient as this can take several minutes.
*
*************************************************************************
Compiling architecture definition.
Loading technology operator library.
Compiling technology operator library.
Compiling technology operator (valence) library.
Compiling file 'E:/code/PangoWork/Works/uart/prj_tasks/syn_1/synthesize/uart_rx_top_syn.adf' successful.
Creating module hierarchy.
Collecting net information.
*************************************************************************
*
*  Design Parsing Done.
*
*************************************************************************
Read project 'E:/code/PangoWork/Works/uart/prj_tasks/syn_1/synthesize/uart_rx_top_syn.fic' Successfully.
M_PROCESS_FINISH_STARTED

