[Info] [2026-9-27 17:57:34] CPU working cores have been set to the first four cores.
[Info] [2026-9-27 17:57:34] Enable high resolution clock.

[Info] [2026-9-27 17:57:34] /***************************Start jtagserver***************************/
[Info] [2026-9-27 17:57:34] Path: E:/work/pango/PDS_2025.2-ads/bin
[Info] [2026-9-27 17:57:34] Version: 211867
[Debug] [2026-9-27 17:57:34] Pid:9460
[Debug] [2026-9-27 17:57:34] Parent Pid:40620
[Debug] [2026-9-27 17:57:34] Parent Name:cdt_cfg.exe
[Debug] [2026-9-27 17:57:35] Add a new user_thread, thread id is 0000000000005AA8
[Debug] [2026-9-27 17:57:35] After adding, map size is : 1
[Debug] [2026-9-27 17:57:35] socket thread id is 0000000000005AA8 and socket type is 9/r/n
[Debug] [2026-9-27 17:57:35] socket thread id is 0000000000005AA8 and socket type is 9/r/nAdd a new user_thread, thread id is 00000000000086D0
[Debug] [2026-9-27 17:57:35] After adding, map size is : 2
[Debug] [2026-9-27 17:57:35] socket thread id is 0000000000005AA8 and socket type is 9/r/nsocket thread id is 00000000000086D0 and socket type is 9/r/n
[Debug] [2026-9-27 17:57:35] Send back reponse of cmd check version information
[Debug] [2026-9-27 17:57:35] connection thread 00000000000086D0run cmd, cmd id :40010cmd name : get_cable_paras
[Debug] [2026-9-27 17:57:35] [Memory]Memory before run:72.6719(MB)
[Debug] [2026-9-27 17:57:36] [Memory]Memory after run:72.8242(MB)
[Debug] [2026-9-27 17:57:36] [Memory]Peak memory:73.6055(MB)
[Debug] [2026-9-27 17:57:36] Send back reponse of cmd get_cable_paras
[Debug] [2026-9-27 17:57:36] connection thread 00000000000086D0send back response, cmd id :40010cmd name : get_cable_paras
[Debug] [2026-9-27 17:57:36] connection thread 00000000000086D0run cmd, cmd id :20001cmd name : Open config cable
[Debug] [2026-9-27 17:57:36] [Memory]Memory before run:72.8477(MB)
[Debug] [2026-9-27 17:57:36] [Memory]Memory after run:73.543(MB)
[Debug] [2026-9-27 17:57:36] [Memory]Peak memory:73.6055(MB)
[Debug] [2026-9-27 17:57:36] Send back reponse of cmd Open config cable
[Debug] [2026-9-27 17:57:36] connection thread 00000000000086D0send back response, cmd id :20001cmd name : Open config cable
[Debug] [2026-9-27 17:57:36] Send back reponse of cmd heart beat
[Debug] [2026-9-27 17:57:38] Send back reponse of cmd heart beat
[Debug] [2026-9-27 17:57:39] Send back reponse of cmd heart beat
[Debug] [2026-9-27 17:57:41] Send back reponse of cmd heart beat
[Debug] [2026-9-27 17:57:42] Send back reponse of cmd heart beat
[Debug] [2026-9-27 17:57:44] Send back reponse of cmd heart beat
[Debug] [2026-9-27 17:57:45] Send back reponse of cmd heart beat
[Debug] [2026-9-27 17:57:47] connection thread 00000000000086D0run cmd, cmd id :20002cmd name : Program
[Debug] [2026-9-27 17:57:47] [Memory]Memory before run:73.5664(MB)
[Debug] [2026-9-27 17:57:47] begin to read back config registerregAddr is 4
[Debug] [2026-9-27 17:57:47] Send back reponse of cmd set progress bar
[Debug] [2026-9-27 17:57:47] Send back reponse of cmd set progress bar
[Debug] [2026-9-27 17:57:47] Send back reponse of cmd set progress bar
[Debug] [2026-9-27 17:57:47] Send back reponse of cmd set progress bar
[Debug] [2026-9-27 17:57:47] Send back reponse of cmd set progress bar
[Debug] [2026-9-27 17:57:47] Send back reponse of cmd set progress bar
[Debug] [2026-9-27 17:57:47] Send back reponse of cmd set progress bar
[Debug] [2026-9-27 17:57:47] Send back reponse of cmd set progress bar
[Debug] [2026-9-27 17:57:48] Send back reponse of cmd set progress bar
[Debug] [2026-9-27 17:57:48] Send back reponse of cmd set progress bar
[Debug] [2026-9-27 17:57:48] Send back reponse of cmd set progress bar
[Debug] [2026-9-27 17:57:48] Send back reponse of cmd set progress bar
[Debug] [2026-9-27 17:57:48] Send back reponse of cmd set progress bar
[Debug] [2026-9-27 17:57:48] Send back reponse of cmd set progress bar
[Debug] [2026-9-27 17:57:48] Send back reponse of cmd set progress bar
[Debug] [2026-9-27 17:57:48] Send back reponse of cmd set progress bar
[Debug] [2026-9-27 17:57:48] Send back reponse of cmd set progress bar
[Debug] [2026-9-27 17:57:48] Send back reponse of cmd set progress bar
[Debug] [2026-9-27 17:57:48] Send back reponse of cmd set progress bar
[Debug] [2026-9-27 17:57:48] Send back reponse of cmd set progress bar
[Debug] [2026-9-27 17:57:48] the value in the status register is :2096288
[Debug] [2026-9-27 17:57:48] [Memory]Memory after run:73.6367(MB)
[Debug] [2026-9-27 17:57:48] [Memory]Peak memory:73.6367(MB)
[Debug] [2026-9-27 17:57:48] Send back reponse of cmd Program
[Debug] [2026-9-27 17:57:48] connection thread 00000000000086D0send back response, cmd id :20002cmd name : Program
[Debug] [2026-9-27 17:57:48] Send back reponse of cmd heart beat
[Debug] [2026-9-27 17:57:50] Send back reponse of cmd heart beat
[Debug] [2026-9-27 17:57:51] Send back reponse of cmd heart beat
[Debug] [2026-9-27 17:57:53] Send back reponse of cmd heart beat
[Debug] [2026-9-27 17:57:54] Send back reponse of cmd heart beat
[Debug] [2026-9-27 17:57:56] Send back reponse of cmd heart beat
[Debug] [2026-9-27 17:57:57] Send back reponse of cmd heart beat
[Debug] [2026-9-27 17:57:59] Send back reponse of cmd heart beat
[Debug] [2026-9-27 17:58:00] Send back reponse of cmd heart beat
[Debug] [2026-9-27 17:58:02] Send back reponse of cmd heart beat
[Debug] [2026-9-27 17:58:03] Send back reponse of cmd heart beat
[Debug] [2026-9-27 17:58:05] Send back reponse of cmd heart beat
[Debug] [2026-9-27 17:58:06] Send back reponse of cmd heart beat
[Debug] [2026-9-27 17:58:08] Send back reponse of cmd heart beat
[Debug] [2026-9-27 17:58:09] Send back reponse of cmd heart beat
[Debug] [2026-9-27 17:58:11] Send back reponse of cmd heart beat
[Debug] [2026-9-27 17:58:11] connection thread 00000000000086D0run cmd, cmd id :20002cmd name : Program
[Debug] [2026-9-27 17:58:11] [Memory]Memory before run:73.6406(MB)
[Debug] [2026-9-27 17:58:11] begin to read back config registerregAddr is 4
[Debug] [2026-9-27 17:58:11] Send back reponse of cmd set progress bar
[Debug] [2026-9-27 17:58:11] Send back reponse of cmd set progress bar
[Debug] [2026-9-27 17:58:11] Send back reponse of cmd set progress bar
[Debug] [2026-9-27 17:58:11] Send back reponse of cmd set progress bar
[Debug] [2026-9-27 17:58:11] Send back reponse of cmd set progress bar
[Debug] [2026-9-27 17:58:11] Send back reponse of cmd set progress bar
[Debug] [2026-9-27 17:58:12] Send back reponse of cmd set progress bar
[Debug] [2026-9-27 17:58:12] Send back reponse of cmd set progress bar
[Debug] [2026-9-27 17:58:12] Send back reponse of cmd set progress bar
[Debug] [2026-9-27 17:58:12] Send back reponse of cmd set progress bar
[Debug] [2026-9-27 17:58:12] Send back reponse of cmd set progress bar
[Debug] [2026-9-27 17:58:12] Send back reponse of cmd set progress bar
[Debug] [2026-9-27 17:58:12] Send back reponse of cmd set progress bar
[Debug] [2026-9-27 17:58:12] Send back reponse of cmd set progress bar
[Debug] [2026-9-27 17:58:12] Send back reponse of cmd set progress bar
[Debug] [2026-9-27 17:58:12] Send back reponse of cmd set progress bar
[Debug] [2026-9-27 17:58:12] Send back reponse of cmd set progress bar
[Debug] [2026-9-27 17:58:13] Send back reponse of cmd set progress bar
[Debug] [2026-9-27 17:58:13] Send back reponse of cmd set progress bar
[Debug] [2026-9-27 17:58:13] Send back reponse of cmd set progress bar
[Debug] [2026-9-27 17:58:13] the value in the status register is :2096288
[Debug] [2026-9-27 17:58:13] [Memory]Memory after run:73.6406(MB)
[Debug] [2026-9-27 17:58:13] [Memory]Peak memory:73.6406(MB)
[Debug] [2026-9-27 17:58:13] Send back reponse of cmd Program
[Debug] [2026-9-27 17:58:13] connection thread 00000000000086D0send back response, cmd id :20002cmd name : Program
[Debug] [2026-9-27 17:58:13] Send back reponse of cmd heart beat
[Debug] [2026-9-27 17:58:14] Send back reponse of cmd heart beat
[Debug] [2026-9-27 17:58:15] Send back reponse of cmd heart beat
[Debug] [2026-9-27 17:58:17] Send back reponse of cmd heart beat
[Debug] [2026-9-27 17:58:18] Send back reponse of cmd heart beat
[Debug] [2026-9-27 17:58:20] Send back reponse of cmd heart beat
[Debug] [2026-9-27 17:58:21] Send back reponse of cmd heart beat
[Debug] [2026-9-27 17:58:23] Send back reponse of cmd heart beat
[Debug] [2026-9-27 17:58:24] Send back reponse of cmd heart beat
[Debug] [2026-9-27 17:58:26] Send back reponse of cmd heart beat
[Debug] [2026-9-27 17:58:27] Send back reponse of cmd heart beat
[Debug] [2026-9-27 17:58:29] Send back reponse of cmd heart beat
[Debug] [2026-9-27 17:58:30] Send back reponse of cmd heart beat
[Debug] [2026-9-27 17:58:32] Send back reponse of cmd heart beat
[Debug] [2026-9-27 17:58:33] Send back reponse of cmd heart beat
[Debug] [2026-9-27 17:58:35] Send back reponse of cmd heart beat
[Debug] [2026-9-27 17:58:36] Send back reponse of cmd heart beat
[Debug] [2026-9-27 17:58:38] Send back reponse of cmd heart beat
[Debug] [2026-9-27 17:58:39] Send back reponse of cmd heart beat
[Debug] [2026-9-27 17:58:41] Send back reponse of cmd heart beat
[Debug] [2026-9-27 17:58:42] Send back reponse of cmd heart beat
[Debug] [2026-9-27 17:58:44] Send back reponse of cmd heart beat
[Debug] [2026-9-27 17:58:45] Send back reponse of cmd heart beat
[Debug] [2026-9-27 17:58:47] Send back reponse of cmd heart beat
[Debug] [2026-9-27 17:58:48] Send back reponse of cmd heart beat
[Debug] [2026-9-27 17:58:50] Send back reponse of cmd heart beat
[Debug] [2026-9-27 17:58:51] Send back reponse of cmd heart beat
[Debug] [2026-9-27 17:58:53] Send back reponse of cmd heart beat
[Debug] [2026-9-27 17:58:54] Send back reponse of cmd heart beat
[Debug] [2026-9-27 17:58:56] Send back reponse of cmd heart beat
[Debug] [2026-9-27 17:58:57] Send back reponse of cmd heart beat
[Debug] [2026-9-27 17:58:59] Send back reponse of cmd heart beat
[Debug] [2026-9-27 17:59:00] Send back reponse of cmd heart beat
[Debug] [2026-9-27 17:59:02] Send back reponse of cmd heart beat
[Debug] [2026-9-27 17:59:03] Send back reponse of cmd heart beat
[Debug] [2026-9-27 17:59:05] Send back reponse of cmd heart beat
[Debug] [2026-9-27 17:59:06] Send back reponse of cmd heart beat
[Debug] [2026-9-27 17:59:08] Send back reponse of cmd heart beat
[Debug] [2026-9-27 17:59:09] Send back reponse of cmd heart beat
[Debug] [2026-9-27 17:59:11] Send back reponse of cmd heart beat
[Debug] [2026-9-27 17:59:12] Send back reponse of cmd heart beat
[Debug] [2026-9-27 17:59:14] Send back reponse of cmd heart beat
[Debug] [2026-9-27 17:59:15] Send back reponse of cmd heart beat
[Debug] [2026-9-27 17:59:17] Send back reponse of cmd heart beat
[Debug] [2026-9-27 17:59:18] Send back reponse of cmd heart beat
[Debug] [2026-9-27 17:59:20] Send back reponse of cmd heart beat
[Debug] [2026-9-27 17:59:21] Send back reponse of cmd heart beat
[Debug] [2026-9-27 17:59:23] Send back reponse of cmd heart beat
[Debug] [2026-9-27 17:59:24] Send back reponse of cmd heart beat
[Debug] [2026-9-27 17:59:26] Send back reponse of cmd heart beat
[Debug] [2026-9-27 17:59:27] Send back reponse of cmd heart beat
[Debug] [2026-9-27 17:59:29] Send back reponse of cmd heart beat
[Debug] [2026-9-27 17:59:30] Send back reponse of cmd heart beat
[Debug] [2026-9-27 17:59:32] Send back reponse of cmd heart beat
[Debug] [2026-9-27 17:59:33] Send back reponse of cmd heart beat
[Debug] [2026-9-27 17:59:35] Send back reponse of cmd heart beat
[Debug] [2026-9-27 17:59:36] Send back reponse of cmd heart beat
[Debug] [2026-9-27 17:59:38] Send back reponse of cmd heart beat
[Debug] [2026-9-27 17:59:39] Send back reponse of cmd heart beat
[Debug] [2026-9-27 17:59:41] Send back reponse of cmd heart beat
[Debug] [2026-9-27 17:59:42] Send back reponse of cmd heart beat
[Debug] [2026-9-27 17:59:44] Send back reponse of cmd heart beat
[Debug] [2026-9-27 17:59:45] Send back reponse of cmd heart beat
[Debug] [2026-9-27 17:59:47] Send back reponse of cmd heart beat
[Debug] [2026-9-27 17:59:48] Send back reponse of cmd heart beat
[Debug] [2026-9-27 17:59:50] Send back reponse of cmd heart beat
[Debug] [2026-9-27 17:59:51] Send back reponse of cmd heart beat
[Debug] [2026-9-27 17:59:53] Send back reponse of cmd heart beat
[Debug] [2026-9-27 17:59:54] Send back reponse of cmd heart beat
[Debug] [2026-9-27 17:59:56] Send back reponse of cmd heart beat
[Debug] [2026-9-27 17:59:57] Send back reponse of cmd heart beat
[Debug] [2026-9-27 17:59:59] Send back reponse of cmd heart beat
[Debug] [2026-9-27 18:00:00] Send back reponse of cmd heart beat
[Debug] [2026-9-27 18:00:02] Send back reponse of cmd heart beat
[Debug] [2026-9-27 18:00:03] Send back reponse of cmd heart beat
[Debug] [2026-9-27 18:00:05] Send back reponse of cmd heart beat
[Debug] [2026-9-27 18:00:06] Send back reponse of cmd heart beat
[Debug] [2026-9-27 18:00:08] Send back reponse of cmd heart beat
[Debug] [2026-9-27 18:00:09] Send back reponse of cmd heart beat
[Debug] [2026-9-27 18:00:11] Send back reponse of cmd heart beat
[Debug] [2026-9-27 18:00:12] Send back reponse of cmd heart beat
[Debug] [2026-9-27 18:00:14] Send back reponse of cmd heart beat
[Debug] [2026-9-27 18:00:15] Send back reponse of cmd heart beat
[Debug] [2026-9-27 18:00:17] Send back reponse of cmd heart beat
[Debug] [2026-9-27 18:00:18] Send back reponse of cmd heart beat
[Debug] [2026-9-27 18:00:20] Send back reponse of cmd heart beat
[Debug] [2026-9-27 18:00:21] Send back reponse of cmd heart beat
[Debug] [2026-9-27 18:00:23] Send back reponse of cmd heart beat
[Debug] [2026-9-27 18:00:24] Send back reponse of cmd heart beat
[Debug] [2026-9-27 18:00:26] Send back reponse of cmd heart beat
[Debug] [2026-9-27 18:00:27] Send back reponse of cmd heart beat
[Debug] [2026-9-27 18:00:29] Send back reponse of cmd heart beat
[Debug] [2026-9-27 18:00:30] Send back reponse of cmd heart beat
[Debug] [2026-9-27 18:00:32] Send back reponse of cmd heart beat
[Debug] [2026-9-27 18:00:33] Send back reponse of cmd heart beat
[Debug] [2026-9-27 18:00:35] Send back reponse of cmd heart beat
[Debug] [2026-9-27 18:00:36] Send back reponse of cmd heart beat
[Debug] [2026-9-27 18:00:38] Send back reponse of cmd heart beat
[Debug] [2026-9-27 18:00:39] Send back reponse of cmd heart beat
[Debug] [2026-9-27 18:00:41] Send back reponse of cmd heart beat
[Debug] [2026-9-27 18:00:42] Send back reponse of cmd heart beat
[Debug] [2026-9-27 18:00:44] Send back reponse of cmd heart beat
[Debug] [2026-9-27 18:00:45] Send back reponse of cmd heart beat
[Debug] [2026-9-27 18:00:47] Send back reponse of cmd heart beat
[Debug] [2026-9-27 18:00:48] Send back reponse of cmd heart beat
[Debug] [2026-9-27 18:00:50] Send back reponse of cmd heart beat
[Debug] [2026-9-27 18:00:51] Send back reponse of cmd heart beat
[Debug] [2026-9-27 18:00:53] Send back reponse of cmd heart beat
[Debug] [2026-9-27 18:00:54] Send back reponse of cmd heart beat
[Debug] [2026-9-27 18:00:56] Send back reponse of cmd heart beat
[Debug] [2026-9-27 18:00:57] Send back reponse of cmd heart beat
[Debug] [2026-9-27 18:00:59] Send back reponse of cmd heart beat
[Debug] [2026-9-27 18:01:00] Send back reponse of cmd heart beat
[Debug] [2026-9-27 18:01:02] Send back reponse of cmd heart beat
[Debug] [2026-9-27 18:01:03] Send back reponse of cmd heart beat
[Debug] [2026-9-27 18:01:05] Send back reponse of cmd heart beat
[Debug] [2026-9-27 18:01:06] Send back reponse of cmd heart beat
[Debug] [2026-9-27 18:01:08] Send back reponse of cmd heart beat
[Debug] [2026-9-27 18:01:09] Send back reponse of cmd heart beat
[Debug] [2026-9-27 18:01:11] Send back reponse of cmd heart beat
[Debug] [2026-9-27 18:01:12] Send back reponse of cmd heart beat
[Debug] [2026-9-27 18:01:14] Send back reponse of cmd heart beat
[Debug] [2026-9-27 18:01:15] Send back reponse of cmd heart beat
[Debug] [2026-9-27 18:01:17] Send back reponse of cmd heart beat
[Debug] [2026-9-27 18:01:18] Send back reponse of cmd heart beat
[Debug] [2026-9-27 18:01:20] Send back reponse of cmd heart beat
[Debug] [2026-9-27 18:01:21] Send back reponse of cmd heart beat
[Debug] [2026-9-27 18:01:23] Send back reponse of cmd heart beat
[Debug] [2026-9-27 18:01:24] Send back reponse of cmd heart beat
[Debug] [2026-9-27 18:01:26] Send back reponse of cmd heart beat
[Debug] [2026-9-27 18:01:27] Send back reponse of cmd heart beat
[Debug] [2026-9-27 18:01:29] Send back reponse of cmd heart beat
[Debug] [2026-9-27 18:01:30] Send back reponse of cmd heart beat
[Debug] [2026-9-27 18:01:32] Send back reponse of cmd heart beat
[Debug] [2026-9-27 18:01:33] Send back reponse of cmd heart beat
[Debug] [2026-9-27 18:01:35] Send back reponse of cmd heart beat
[Debug] [2026-9-27 18:01:36] Send back reponse of cmd heart beat
[Debug] [2026-9-27 18:01:38] Send back reponse of cmd heart beat
[Debug] [2026-9-27 18:01:39] Send back reponse of cmd heart beat
[Debug] [2026-9-27 18:01:41] Send back reponse of cmd heart beat
[Debug] [2026-9-27 18:01:42] Send back reponse of cmd heart beat
[Debug] [2026-9-27 18:01:44] Send back reponse of cmd heart beat
[Debug] [2026-9-27 18:01:45] Send back reponse of cmd heart beat
[Debug] [2026-9-27 18:01:47] Send back reponse of cmd heart beat
[Debug] [2026-9-27 18:01:48] Send back reponse of cmd heart beat
[Debug] [2026-9-27 18:01:50] Send back reponse of cmd heart beat
[Debug] [2026-9-27 18:01:51] Send back reponse of cmd heart beat
[Debug] [2026-9-27 18:01:53] Send back reponse of cmd heart beat
[Debug] [2026-9-27 18:01:54] Send back reponse of cmd heart beat
[Debug] [2026-9-27 18:01:56] Send back reponse of cmd heart beat
[Debug] [2026-9-27 18:01:57] Send back reponse of cmd heart beat
[Debug] [2026-9-27 18:01:59] Send back reponse of cmd heart beat
[Debug] [2026-9-27 18:02:00] Send back reponse of cmd heart beat
[Debug] [2026-9-27 18:02:02] Send back reponse of cmd heart beat
[Debug] [2026-9-27 18:02:03] Send back reponse of cmd heart beat
[Debug] [2026-9-27 18:02:05] Send back reponse of cmd heart beat
[Debug] [2026-9-27 18:02:06] Send back reponse of cmd heart beat
[Debug] [2026-9-27 18:02:08] Send back reponse of cmd heart beat
[Debug] [2026-9-27 18:02:09] Send back reponse of cmd heart beat
[Debug] [2026-9-27 18:02:11] Send back reponse of cmd heart beat
[Debug] [2026-9-27 18:02:12] Send back reponse of cmd heart beat
[Debug] [2026-9-27 18:02:14] Send back reponse of cmd heart beat
[Debug] [2026-9-27 18:02:15] Send back reponse of cmd heart beat
[Debug] [2026-9-27 18:02:17] Send back reponse of cmd heart beat
[Debug] [2026-9-27 18:02:18] Send back reponse of cmd heart beat
[Debug] [2026-9-27 18:02:20] Send back reponse of cmd heart beat
[Debug] [2026-9-27 18:02:21] Send back reponse of cmd heart beat
[Debug] [2026-9-27 18:02:23] Send back reponse of cmd heart beat
[Debug] [2026-9-27 18:02:24] Send back reponse of cmd heart beat
[Debug] [2026-9-27 18:02:26] Send back reponse of cmd heart beat
[Debug] [2026-9-27 18:02:27] Send back reponse of cmd heart beat
[Debug] [2026-9-27 18:02:29] Send back reponse of cmd heart beat
[Debug] [2026-9-27 18:02:30] Send back reponse of cmd heart beat
[Debug] [2026-9-27 18:02:32] Send back reponse of cmd heart beat
[Debug] [2026-9-27 18:02:33] Send back reponse of cmd heart beat
[Debug] [2026-9-27 18:02:35] Send back reponse of cmd heart beat
[Debug] [2026-9-27 18:02:36] Send back reponse of cmd heart beat
[Debug] [2026-9-27 18:02:38] Send back reponse of cmd heart beat
[Debug] [2026-9-27 18:02:39] Send back reponse of cmd heart beat
[Debug] [2026-9-27 18:02:41] Send back reponse of cmd heart beat
[Debug] [2026-9-27 18:02:42] Send back reponse of cmd heart beat
[Debug] [2026-9-27 18:02:44] Send back reponse of cmd heart beat
[Debug] [2026-9-27 18:02:45] Send back reponse of cmd heart beat
[Debug] [2026-9-27 18:02:47] Send back reponse of cmd heart beat
[Debug] [2026-9-27 18:02:48] Send back reponse of cmd heart beat
[Debug] [2026-9-27 18:02:50] Send back reponse of cmd heart beat
[Debug] [2026-9-27 18:02:51] Send back reponse of cmd heart beat
[Debug] [2026-9-27 18:02:53] Send back reponse of cmd heart beat
[Debug] [2026-9-27 18:02:54] Send back reponse of cmd heart beat
[Debug] [2026-9-27 18:02:56] Send back reponse of cmd heart beat
[Debug] [2026-9-27 18:02:57] Send back reponse of cmd heart beat
[Debug] [2026-9-27 18:02:59] Send back reponse of cmd heart beat
[Debug] [2026-9-27 18:03:00] Send back reponse of cmd heart beat
[Debug] [2026-9-27 18:03:02] Send back reponse of cmd heart beat
[Debug] [2026-9-27 18:03:03] Send back reponse of cmd heart beat
[Debug] [2026-9-27 18:03:05] Send back reponse of cmd heart beat
[Debug] [2026-9-27 18:03:06] Send back reponse of cmd heart beat
[Debug] [2026-9-27 18:03:08] Send back reponse of cmd heart beat
[Debug] [2026-9-27 18:03:09] Send back reponse of cmd heart beat
[Debug] [2026-9-27 18:03:11] Send back reponse of cmd heart beat
[Debug] [2026-9-27 18:03:12] Send back reponse of cmd heart beat
[Debug] [2026-9-27 18:03:14] Send back reponse of cmd heart beat
[Debug] [2026-9-27 18:03:15] Send back reponse of cmd heart beat
[Debug] [2026-9-27 18:03:17] Send back reponse of cmd heart beat
[Debug] [2026-9-27 18:03:18] Send back reponse of cmd heart beat
[Debug] [2026-9-27 18:03:20] Send back reponse of cmd heart beat
[Debug] [2026-9-27 18:03:21] Send back reponse of cmd heart beat
[Debug] [2026-9-27 18:03:23] Send back reponse of cmd heart beat
[Debug] [2026-9-27 18:03:24] Send back reponse of cmd heart beat
[Debug] [2026-9-27 18:03:26] Send back reponse of cmd heart beat
[Debug] [2026-9-27 18:03:27] Send back reponse of cmd heart beat
[Debug] [2026-9-27 18:03:29] Send back reponse of cmd heart beat
[Debug] [2026-9-27 18:03:30] Send back reponse of cmd heart beat
[Debug] [2026-9-27 18:03:32] Send back reponse of cmd heart beat
[Debug] [2026-9-27 18:03:33] Send back reponse of cmd heart beat
[Debug] [2026-9-27 18:03:35] Send back reponse of cmd heart beat
[Debug] [2026-9-27 18:03:36] Send back reponse of cmd heart beat
[Debug] [2026-9-27 18:03:38] Send back reponse of cmd heart beat
[Debug] [2026-9-27 18:03:39] Send back reponse of cmd heart beat
[Debug] [2026-9-27 18:03:41] Send back reponse of cmd heart beat
[Debug] [2026-9-27 18:03:42] Send back reponse of cmd heart beat
[Debug] [2026-9-27 18:03:44] Send back reponse of cmd heart beat
[Debug] [2026-9-27 18:03:45] Send back reponse of cmd heart beat
[Debug] [2026-9-27 18:03:47] Send back reponse of cmd heart beat
[Debug] [2026-9-27 18:03:48] Send back reponse of cmd heart beat
[Debug] [2026-9-27 18:03:50] Send back reponse of cmd heart beat
[Debug] [2026-9-27 18:03:51] Send back reponse of cmd heart beat
[Debug] [2026-9-27 18:03:53] Send back reponse of cmd heart beat
[Debug] [2026-9-27 18:03:54] Send back reponse of cmd heart beat
[Debug] [2026-9-27 18:03:56] Send back reponse of cmd heart beat
