#Build: Fabric Compiler 2025.2, Build 211867, Jan 16 16:10 2026
#Install: E:\work\pango\PDS_2025.2-ads\bin
#Application name: pds_shell.exe
#OS: Windows 11 10.0.26200
#CPU: Unknown
#RAM(GB): 32
#Hostname: dionirpyC
#Generated by Fabric Compiler (version 2025.2 build 211867) at Tue Sep 22 18:35:49 2026
Parameters for debugging are loaded as follows:
Compiling verification operator library.
Compiling vendor parameter file.
Compiling common defs.
Compiling prim grid devices.
Compiling place grid timing.
Compiling gate devices.
Compiling gate operators.
Compiling gate operators impls.
Building architecture model.
Loading device packaging model.
Building architecture floorplan logic view.
Constraint check start.
W: ConstraintEditor-4040: [E:/code/PangoWork/Works/i2c/prj_tasks/pnr_1/device_map/i2c_eeprom_top.pcf(line number: 13)] Port key_in[0] has been placed at location K18, whose type is share pin.
W: ConstraintEditor-4040: [E:/code/PangoWork/Works/i2c/prj_tasks/pnr_1/device_map/i2c_eeprom_top.pcf(line number: 18)] Port key_in[5] has been placed at location J19, whose type is share pin.
W: ConstraintEditor-4040: [E:/code/PangoWork/Works/i2c/prj_tasks/pnr_1/device_map/i2c_eeprom_top.pcf(line number: 19)] Port key_in[6] has been placed at location H20, whose type is share pin.
W: ConstraintEditor-4040: [E:/code/PangoWork/Works/i2c/prj_tasks/pnr_1/device_map/i2c_eeprom_top.pcf(line number: 22)] Port sys_rst_n has been placed at location AB13, whose type is share pin.
C: ConstraintEditor-2022: There are some ports' attributes are set to default value, please read [E:/code/PangoWork/Works/i2c/prj_tasks/pnr_1/place_route/ports_defalut_attribute.txt(line number:0)] to confirm.
Found 0 error(s), 1 critical warning(s), 4 warning(s), out of 20 constraint(s)
Constraint check end.
Total time(hh:mm:ss) of constraint check : 00:00:00
Elaborate the liberty model.
I: Multithreading enabled for Timing using a maximum of 4 processes.
Placement started. Type: EP_COMMON_FLOW.

Stage 1 EP_INIT start.
Stage: after EP_INIT | Time (s): real = 0h:0m:6s ; cpu = 0h:0m:4s ; process = 0h:0m:6s | Memory (MB): curr = 435.625000 ; peak = 436.527344 | Checksum: 5D39BAC2D2FEC69B

Design Layer Utilization:
	LUT: 0.364%
	FF: 0.232%
	IO: 5.722%

Stage 2 EP_DL start.
build place dedicate switch graph takes 1.69 sec
Place location constraint group with base node:eeprom_i2c_scl_obuf/opit_1 at IOL_243_373
Place location constraint group with base node:key_in_ibuf[0]/opit_1 at IOL_327_257
Place location constraint group with base node:key_in_ibuf[1]/opit_1 at IOL_327_134
Place location constraint group with base node:key_in_ibuf[2]/opit_1 at IOL_327_297
Place location constraint group with base node:key_in_ibuf[3]/opit_1 at IOL_327_133
Place location constraint group with base node:key_in_ibuf[4]/opit_1 at IOL_327_298
Place location constraint group with base node:key_in_ibuf[5]/opit_1 at IOL_327_262
Place location constraint group with base node:key_in_ibuf[6]/opit_1 at IOL_327_261
Place location constraint group with base node:key_in_ibuf[7]/opit_1 at IOL_327_365
Place location constraint group with base node:led_out_obuf[0]/opit_1 at IOL_19_374
Place location constraint group with base node:led_out_obuf[1]/opit_1 at IOL_19_373
Place location constraint group with base node:led_out_obuf[2]/opit_1 at IOL_35_374
Place location constraint group with base node:led_out_obuf[3]/opit_1 at IOL_35_373
Place location constraint group with base node:led_out_obuf[4]/opit_1 at IOL_67_374
Place location constraint group with base node:led_out_obuf[5]/opit_1 at IOL_67_373
Place location constraint group with base node:led_out_obuf[6]/opit_1 at IOL_47_374
Place location constraint group with base node:led_out_obuf[7]/opit_1 at IOL_47_373
Place location constraint group with base node:sys_clk_50mhz_ibuf/opit_1 at IOL_327_210
Place location constraint group with base node:sys_rst_n_ibuf/opit_1 at IOL_167_5
Place location constraint group with base node:u_eeprom.sda_tri/opit_1 at IOL_71_374
Place location constraint node:BKCL_auto_0 at BKCL_188_376
Place location constraint node:BKCL_auto_1 at BKCL_328_184
Place location constraint node:BKCL_auto_2 at BKCL_192_0
DRCP Convert Loc Constraint successful.

Stage 2.1 pre clock plan start.
Mapping instance GRS_INST/grs to START_324_2.
I: Clock statistic: 1 USCM.
solve clock designs takes 0.03 sec with memory (MB): curr = 505.683594, peak = 514.074219.
Mapping instance clkbufg_0/gopclkbufg to USCM_84_108:impl_uscm_rtb_a-USCM.
Mapping instance u_pll_50mhz/u_pll_e3/goppll to PLL_158_55.
Stage: after pre clock plan | Time (s): real = 0h:0m:8s ; cpu = 0h:0m:6s ; process = 0h:0m:8s | Memory (MB): curr = 505.117188 ; peak = 514.074219

Place location constraint node:clkbufg_0/gopclkbufg at USCM_84_108
Place location constraint node:u_pll_50mhz/u_pll_e3/goppll at PLL_158_55
DRCP Convert Loc Constraint successful.
Stage: after EP_DL | Time (s): real = 0h:0m:8s ; cpu = 0h:0m:6s ; process = 0h:0m:8s | Memory (MB): curr = 505.218750 ; peak = 514.074219 | Checksum: 283847C8E66AD336


Stage 3 EP_FIP start.
DRCP Convert Loc Constraint successful.

Stage 3.1 fip global place start.
[GP] num_thread=0
I: Multithreading enabled for place using a maximum of 4 processes.
[GP] Placement Initial Method "Quad".
[GP] Placement Decongestion Mode "1".
[GP] Recovery Analysis in GP "Enable".
I: Loading Timing Delay Info...
I: Load Timing Delay Info successfully.
Init coarse delay table.
Read place coarse delay table takes 0.67 sec.
[GP] Init timing API takes 3.18 sec.
[GP] Init GP graph takes 3.27 sec.
Device graph total memory: 11.12037659 MB
[GP] Read position from netlist take 0 msec
[GP] Total node move: 12907.34, average node move: 93.53
First map gop timing takes 0.02 sec
[GP] SA handle 2 clusters.
[GP] SA init_cost = 51816.250000, final_cost = 51816.250000, final_cost/init_cost = 1.000000, occupied region_num = 2.
[GP] SA Optimize take time: 0.003000 sec.
[GP] Timing analysis take 0.008000 secs.
[GP] MarginTNSS=0, TNSS=0, WSS=12251
[GP] Place thread size: 4
[GP] Node size: 9215, net size: 207
[GP] Design graph total memory: 26.40300846 MB
[GP] Timing analysis take 0.007000 secs.
[GP] MarginTNSS=0, TNSS=0, WSS=13249
[GP] Step 0 take 0.048 secs: WL=1049.64 OF=0.363236
[GP] Timing analysis take 0.007000 secs.
[GP] MarginTNSS=0, TNSS=0, WSS=13973
[GP] Step 1 take 0.301 secs: WL=1001.74 OF=0.333409
[GP] Timing analysis take 0.007000 secs.
[GP] MarginTNSS=0, TNSS=0, WSS=15091
[GP] Step 2 take 0.297 secs: WL=962.99 OF=0.479193
[GP] Timing analysis take 0.008000 secs.
[GP] MarginTNSS=0, TNSS=0, WSS=15308
[GP] Step 3 take 0.301 secs: WL=911.66 OF=0.413703
[GP] Timing analysis take 0.007000 secs.
[GP] MarginTNSS=0, TNSS=0, WSS=15410
[GP] Step 4 take 0.292 secs: WL=933.88 OF=0.426962
[GP] Timing analysis take 0.008000 secs.
[GP] MarginTNSS=0, TNSS=0, WSS=15188
[GP] Step 5 take 0.344 secs: WL=883.60 OF=0.320372
[GP] Timing analysis take 0.008000 secs.
[GP] MarginTNSS=0, TNSS=0, WSS=15315
[GP] Step 6 take 0.300 secs: WL=887.70 OF=0.306177
[GP] Timing analysis take 0.007000 secs.
[GP] MarginTNSS=0, TNSS=0, WSS=15003
[GP] Step 7 take 0.296 secs: WL=888.56 OF=0.220180
[GP] Timing analysis take 0.007000 secs.
[GP] MarginTNSS=0, TNSS=0, WSS=15003
[GP] Step 8 take 0.289 secs: WL=889.83 OF=0.144151
[GP] Timing analysis take 0.007000 secs.
[GP] MarginTNSS=0, TNSS=0, WSS=15003
[GP] Step 9 take 0.277 secs: WL=899.86 OF=0.098669
[GP] Timing analysis take 0.007000 secs.
[GP] MarginTNSS=0, TNSS=0, WSS=15003
[GP] Final best WL=900.981376 OF=0.095382, totally takes 2.772000 secs, run timing analysis 12 times totally takes 0.088000 secs.
[GP] Total node move: 17103.04, average node move: 123.94
[GP] Placer use memory: 5.71082687 MB
Stage: after fip global place | Performance: WL = 824 ; TNS =  0 ; WNS =  15003 | Time (s): real = 0h:0m:14s ; cpu = 0h:0m:11s ; process = 0h:0m:17s | Memory (MB): curr = 640.078125 ; peak = 669.132812 | Checksum: 17310EEE5EC3BF48

Flat initial placement flow takes 5.375.
Stage: after EP_FIP | Performance: WL = 824 ; TNS =  0 ; WNS =  15003 | Time (s): real = 0h:0m:14s ; cpu = 0h:0m:11s ; process = 0h:0m:17s | Memory (MB): curr = 641.371094 ; peak = 669.132812 | Checksum: 17310EEE5EC3BF48


Stage 4 EP_CAGP start.

Stage 4.1 cagp site packing start.
Stage: after pack legalize group | Performance: avg_mov = 0.406780 ; max_mov = 1 ; mov_var = 0.241310
Stage: after cagp site packing | Performance: WL = 2028 | Time (s): real = 0h:0m:15s ; cpu = 0h:0m:11s ; process = 0h:0m:17s | Memory (MB): curr = 661.203125 ; peak = 669.339844 | Checksum: 83787673BF8B309E


Stage 4.2 cagp macro placement start.
Stage: after cagp macro placement | Performance: WL = 2028 | Time (s): real = 0h:0m:15s ; cpu = 0h:0m:11s ; process = 0h:0m:17s | Memory (MB): curr = 661.296875 ; peak = 669.339844 | Checksum: 83787673BF8B309E


Stage 4.3 post clock plan start.
pre solve all clock design takes 0.00 sec with memory (MB): curr = 661.382812, peak = 669.339844.
CRA timing analysis with worst slack 13122 takes 0.00 sec.
CRA cost 0 takes 0.00 sec.
solve all clock design takes 0.03 sec with memory (MB): curr = 662.617188, peak = 669.339844.
expand load region takes 0.00 sec.
Stage: after post clock plan | Time (s): real = 0h:0m:15s ; cpu = 0h:0m:12s ; process = 0h:0m:18s | Memory (MB): curr = 662.753906 ; peak = 669.339844

Movement during CRA, max : (0, 0) , total : (0, 0) , count : 0 , avg : (0, 0) .
Stage: after EP_CAGP | Performance: WL = 2028 ; TNS =  0 ; WNS =  13122 | Time (s): real = 0h:0m:15s ; cpu = 0h:0m:12s ; process = 0h:0m:18s | Memory (MB): curr = 662.757812 ; peak = 669.339844 | Checksum: F7126772A7D2AA56


Stage 5 EP_DRCP start.

Stage 5.1 DRC Placement start.
DRC final successful.
Stage: after DRC Placement | Time (s): real = 0h:0m:15s ; cpu = 0h:0m:12s ; process = 0h:0m:18s | Memory (MB): curr = 662.773438 ; peak = 669.339844


Stage 5.2 IO Placement start.
The average distance in IO place is 0.000000.
Stage: after IO Placement | Time (s): real = 0h:0m:15s ; cpu = 0h:0m:12s ; process = 0h:0m:18s | Memory (MB): curr = 662.941406 ; peak = 669.339844

Stage: after EP_DRCP | Performance: WL = 2028 ; TNS =  0 ; WNS =  13122 | Time (s): real = 0h:0m:15s ; cpu = 0h:0m:12s ; process = 0h:0m:18s | Memory (MB): curr = 662.949219 ; peak = 669.339844 | Checksum: F0E33CEDF46D9494


Stage 6 EP_MP start.

Stage 6.1 macro place start.
Stage: after macro place | Performance: WL = 2028 | Time (s): real = 0h:0m:15s ; cpu = 0h:0m:12s ; process = 0h:0m:18s | Memory (MB): curr = 663.445312 ; peak = 669.339844 | Checksum: F0E33CEDF46D9494


Stage 6.2 mp post global place start.
[GP] num_thread=0
I: Multithreading enabled for place using a maximum of 4 processes.
[GP] Init timing API takes 0.00 sec.
[GP] Init GP graph takes 0.01 sec.
Device graph total memory: 11.12339020 MB
[GP] Read position from netlist take 0 msec
[GP] Timing analysis take 0.033000 secs.
[GP] MarginTNSS=0, TNSS=0, WSS=13122
[GP] Place thread size: 4
[GP] Node size: 9142, net size: 201
[GP] Design graph total memory: 28.10527992 MB
[GP] Timing analysis take 0.008000 secs.
[GP] MarginTNSS=0, TNSS=0, WSS=13829
[GP] Step 0 take 0.050 secs: WL=1575.39 OF=0.178299
[GP] Timing analysis take 0.008000 secs.
[GP] MarginTNSS=0, TNSS=0, WSS=14981
[GP] Step 1 take 0.298 secs: WL=952.01 OF=0.228501
[GP] Timing analysis take 0.008000 secs.
[GP] MarginTNSS=0, TNSS=0, WSS=15025
[GP] Step 2 take 0.289 secs: WL=958.76 OF=0.153138
[GP] Timing analysis take 0.005000 secs.
[GP] MarginTNSS=0, TNSS=0, WSS=15025
[GP] Step 3 take 0.216 secs: WL=976.41 OF=0.102376
[GP] Timing analysis take 0.005000 secs.
[GP] MarginTNSS=0, TNSS=0, WSS=15025
[GP] Final best WL=990.361444 OF=0.075771, totally takes 0.988000 secs, run timing analysis 6 times totally takes 0.067000 secs.
[GP] Total node move: 375.66, average node move: 5.78
[GP] Placer use memory: 5.69303513 MB
Stage: after mp post global place | Performance: WL = 902 ; TNS =  0 ; WNS =  15025 | Time (s): real = 0h:0m:16s ; cpu = 0h:0m:13s ; process = 0h:0m:20s | Memory (MB): curr = 666.851562 ; peak = 669.339844 | Checksum: 87D5FA72CBF673BB

MP flow takes 0.906.
Stage: after EP_MP | Performance: WL = 902 ; TNS =  0 ; WNS =  15025 | Time (s): real = 0h:0m:16s ; cpu = 0h:0m:13s ; process = 0h:0m:20s | Memory (MB): curr = 666.851562 ; peak = 669.339844 | Checksum: 87D5FA72CBF673BB


Stage 7 EP_LP start.
Stage: after legalization | Performance: avg_mov = 0.055556 ; max_mov = 1 ; mov_var = 0.052469
Legalize placement flow takes 0.016.
Stage: after EP_LP | Performance: WL = 915 ; TNS =  0 ; WNS =  15094 | Time (s): real = 0h:0m:16s ; cpu = 0h:0m:13s ; process = 0h:0m:20s | Memory (MB): curr = 665.722656 ; peak = 669.339844 | Checksum: FA208BAC50CBF6C4


Stage 8 EP_DP start.
Stage: before DP | Performance: WL = 915 ; TNS = 0 ; WNS = 15094
Stage: after DP | Performance: WL = 915 ; TNS = 0 ; WNS = 15094
EP_DP takes 0 sec.
Stage: after EP_DP | Performance: WL = 915 ; TNS =  0 ; WNS =  15094 | Time (s): real = 0h:0m:16s ; cpu = 0h:0m:13s ; process = 0h:0m:20s | Memory (MB): curr = 666.332031 ; peak = 669.339844 | Checksum: FA208BAC50CBF6C4


Stage 9 EP_FP start.
AutoDRC Flow for Design Check After Place Start.
AutoDRC Flow for Design Check After Place End.
Stage: after EP_FP | Performance: WL = 915 ; TNS =  0 ; WNS =  15094 | Time (s): real = 0h:0m:16s ; cpu = 0h:0m:13s ; process = 0h:0m:20s | Memory (MB): curr = 666.964844 ; peak = 669.339844 | Checksum: B5D2B480370D3B1C


Congestion analysis started.
I: Start printing congestion info.
I: Finish printing congestion info.
Congestion analysis takes 0.09 sec.


Device Utilization Summary :
+----------------------------------------------------------------------------+
| Device Type                      | Used     | Available     | Util(%)     
+----------------------------------------------------------------------------+
| CLMA                             | 34       | 6450          | 1           
| + FF                             | 76       | 38700         | 1           
| + LUT                            | 90       | 25800         | 1           
|   + LUT as Logic                 | 90       |               |             
|   + LUT as Const                 | 0        |               |             
|   + LUT as Bypass                | 0        |               |             
| CLMS                             | 26       | 4250          | 1           
| + FF                             | 49       | 25500         | 1           
| + LUT                            | 66       | 17000         | 1           
|   + LUT as Logic                 | 66       |               |             
|   + LUT as Memory                | 0        |               |             
|     + LUT as Distributed RAM     | 0        |               |             
|   + LUT as Const                 | 0        |               |             
|   + LUT as Bypass                | 0        |               |             
| IO                               | 20       | 296           | 7           
| + IOBD                           | 5        | 64            | 8           
| + IOBR_LR                        | 0        | 7             | 0           
| + IOBR_TB                        | 1        | 8             | 13          
| + IOBS_LR                        | 9        | 161           | 6           
| + IOBS_TB                        | 5        | 56            | 9           
| APM                              | 0        | 84            | 0           
| BKCL                             | 3        | 4             | 75          
| CRYSTAL                          | 0        | 2             | 0           
| DLL                              | 0        | 10            | 0           
| DQSL                             | 0        | 18            | 0           
| DRM                              | 0        | 134           | 0           
| FUSECODE                         | 0        | 1             | 0           
| HARD0N1                          | 0        | 6672          | 0           
| HSST                             | 0        | 1             | 0           
| IOCKDIV                          | 0        | 20            | 0           
| IOCKDLY                          | 0        | 40            | 0           
| IOCKGATE                         | 0        | 20            | 0           
| + IOCKGATE as Bypass             | 0        |               |             
| IOL                              | 20       | 400           | 5           
| IPAL                             | 0        | 1             | 0           
| LDO                              | 0        | 4             | 0           
| OSC                              | 0        | 1             | 0           
| PCIE                             | 0        | 1             | 0           
| PLL                              | 1        | 5             | 20          
| RCKB                             | 0        | 24            | 0           
| + RCKB as Bypass                 | 0        |               |             
| RESCAL                           | 0        | 4             | 0           
| SCANCHAIN                        | 0        | 2             | 0           
| START                            | 1        | 1             | 100         
| UDID                             | 0        | 1             | 0           
| USCM                             | 1        | 30            | 4           
| + USCM as Bypass                 | 0        |               |             
+----------------------------------------------------------------------------+

Total placement takes 9.36 sec.
Finished placement.
Design 'i2c_eeprom_top' has been placed successfully.
Action place: Real time elapsed is 0h:0m:16s
Action place: CPU time elapsed is 0h:0m:13s
Action place: Process CPU time elapsed is 0h:0m:20s
Action place: Peak memory pool usage is 752 MB

Current time: Tue Sep 22 18:36:03 2026
