#Build: Fabric Compiler 2025.2, Build 211867, Jan 16 16:10 2026
#Install: E:\work\pango\PDS_2025.2-ads\bin
#Application name: pds_shell.exe
#OS: Windows 11 10.0.26200
#CPU: Unknown
#RAM(GB): 32
#Hostname: dionirpyC
#Generated by Fabric Compiler (version 2025.2 build 211867) at Tue Sep 22 18:36:05 2026
Parameters for debugging are loaded as follows:
Compiling verification operator library.
Compiling vendor parameter file.
Compiling common defs.
Compiling prim grid devices.
Compiling place grid timing.
Compiling gate devices.
Compiling gate operators.
Compiling gate operators impls.
Building architecture model.
Loading device packaging model.
Building architecture floorplan logic view.
Elaborate the liberty model.
I: Multithreading enabled for Timing using a maximum of 4 processes.

Routing started.
Build routing arch for double attribute device.
Enter timing driven router mode.
I: Multithreading enabled for route using a maximum of 6 processes.
Building routing graph takes 1.52 sec.
Enable Recovery Analysis in Routing
Init coarse delay table.
I: Loading Timing Delay Info...
I: Load Timing Delay Info successfully.
Read place coarse delay table takes 0.36 sec.
build place dedicate switch graph takes 1.41 sec
Setup STE netlist take 1999 msec.
Slack Weight : 90
CE/RS signal series limit : 500
Dispose control chain take 10 msec.
Collect const net info take 32 msec.
Total nets for routing: 199.
Total loads for routing: 954.
Direct connect net size: 80
Build all design net take 22 msec.
Processing design graph takes 2.07 sec.
Route info is not supported in this chip.
Delay table total memory: 40.33647346 MB
Route graph total memory: 74.24022388 MB
Route design total memory: 1.26044846 MB
The remaining process takes 0.01 sec.
Stage: after context initialize | Time (s): real = 0h:0m:11s ; cpu = 0h:0m:8s ; process = 0h:0m:11s | Memory (MB): curr = 659.515625 ; peak = 698.703125 | Checksum: 6CB7FF47BDD569C9
Global routing takes 0.00 sec.
Pin Cost Increasing Speed 300
Unrouted clock nets at iteration 0 (0.001 sec): 0
Stage: after clock route | Time (s): real = 0h:0m:11s ; cpu = 0h:0m:8s ; process = 0h:0m:11s | Memory (MB): curr = 660.492188 ; peak = 698.703125 | Checksum: C98A0305DD192C9A
Total route nets size: 193
Pre route takes 0.066 sec
Stage: after pre route | Performance: TNS = 0 ; WNS = 15618 ; THS = 0 ; WHS = 267 | Time (s): real = 0h:0m:11s ; cpu = 0h:0m:8s ; process = 0h:0m:11s | Memory (MB): curr = 669.320312 ; peak = 698.703125 | Checksum: 941521368FA78220
Unrouted general nets at iteration 3 (MT total route time: 0.028 sec): 144(overused: 789)
Unrouted general nets at iteration 4 (MT total route time: 0.020 sec): 132(overused: 554)
Unrouted general nets at iteration 5 (MT total route time: 0.016 sec): 105(overused: 378)
Unrouted general nets at iteration 6 (MT total route time: 0.015 sec): 75(overused: 201)
Unrouted general nets at iteration 7 (MT total route time: 0.010 sec): 52(overused: 124)
Unrouted general nets at iteration 8 (MT total route time: 0.006 sec): 27(overused: 72)
Unrouted general nets at iteration 9 (MT total route time: 0.005 sec): 20(overused: 40)
Unrouted general nets at iteration 10 (MT total route time: 0.003 sec): 7(overused: 10)
Unrouted general nets at iteration 11 (MT total route time: 0.002 sec): 2(overused: 2)
Unrouted general nets at iteration 12 (MT total route time: 0.002 sec): 2(overused: 4)
Unrouted general nets at iteration 13 (MT total route time: 0.000 sec): 0(overused: 0)
----General net take 0.000 sec(route net take 0.000 sec, inc cost take 0.000 sec, iter times: 1)
----const net route take 0.001 sec
Unrouted nets at iteration 14 (0.002 sec): 0
Stage: after detail route | Performance: TNS = 0 ; WNS = 14911 ; THS = NA ; WHS = NA | Time (s): real = 0h:0m:11s ; cpu = 0h:0m:9s ; process = 0h:0m:11s | Memory (MB): curr = 671.425781 ; peak = 698.703125 | Checksum: 1BCA6F71764EA76A
Begin rip-up and reroute:
Rip-up and reroute takes 0.01 sec.
Stage: after ripup & reroute | Performance: TNS = 0 ; WNS = 14911 ; THS = NA ; WHS = NA | Time (s): real = 0h:0m:11s ; cpu = 0h:0m:9s ; process = 0h:0m:11s | Memory (MB): curr = 672.203125 ; peak = 698.703125 | Checksum: 1BCA6F71764EA76A
Detailed routing takes 0.58 sec.
Sort Original Nets take 0.001 sec
Check HPIO div result take 0.000 sec
Total net: 199, route succeed net: 199
Generate routing result take 0.001 sec
Handle PERMUX permutation take 0.007 sec
Handle const net take 0.001 sec
Handle route through take 0.002 sec
Used SRB routing arc is 1764.
Stage: after finish route | Performance: TNS = 0 ; WNS = 14911 ; THS = NA ; WHS = NA | Time (s): real = 0h:0m:11s ; cpu = 0h:0m:9s ; process = 0h:0m:11s | Memory (MB): curr = 647.214844 ; peak = 698.703125 | Checksum: 15D3F64B209AF0AF
Finish routing takes 0.11 sec.
Total routing takes 4.39 sec.

Device Utilization Summary :
+----------------------------------------------------------------------------+
| Device Type                      | Used     | Available     | Util(%)     
+----------------------------------------------------------------------------+
| CLMA                             | 47       | 6450          | 1           
| + FF                             | 76       | 38700         | 1           
| + LUT                            | 127      | 25800         | 1           
|   + LUT as Logic                 | 90       |               |             
|   + LUT as Const                 | 37       |               |             
|   + LUT as Bypass                | 0        |               |             
| CLMS                             | 30       | 4250          | 1           
| + FF                             | 49       | 25500         | 1           
| + LUT                            | 81       | 17000         | 1           
|   + LUT as Logic                 | 66       |               |             
|   + LUT as Memory                | 0        |               |             
|     + LUT as Distributed RAM     | 0        |               |             
|   + LUT as Const                 | 15       |               |             
|   + LUT as Bypass                | 0        |               |             
| IO                               | 20       | 296           | 7           
| + IOBD                           | 5        | 64            | 8           
| + IOBR_LR                        | 0        | 7             | 0           
| + IOBR_TB                        | 1        | 8             | 13          
| + IOBS_LR                        | 9        | 161           | 6           
| + IOBS_TB                        | 5        | 56            | 9           
| APM                              | 0        | 84            | 0           
| BKCL                             | 3        | 4             | 75          
| CRYSTAL                          | 0        | 2             | 0           
| DLL                              | 0        | 10            | 0           
| DQSL                             | 0        | 18            | 0           
| DRM                              | 0        | 134           | 0           
| FUSECODE                         | 0        | 1             | 0           
| HARD0N1                          | 4        | 6672          | 1           
| HSST                             | 0        | 1             | 0           
| IOCKDIV                          | 0        | 20            | 0           
| IOCKDLY                          | 0        | 40            | 0           
| IOCKGATE                         | 0        | 20            | 0           
| + IOCKGATE as Bypass             | 0        |               |             
| IOL                              | 20       | 400           | 5           
| IPAL                             | 0        | 1             | 0           
| LDO                              | 0        | 4             | 0           
| OSC                              | 0        | 1             | 0           
| PCIE                             | 0        | 1             | 0           
| PLL                              | 1        | 5             | 20          
| RCKB                             | 0        | 24            | 0           
| + RCKB as Bypass                 | 0        |               |             
| RESCAL                           | 0        | 4             | 0           
| SCANCHAIN                        | 0        | 2             | 0           
| START                            | 1        | 1             | 100         
| UDID                             | 0        | 1             | 0           
| USCM                             | 1        | 30            | 4           
| + USCM as Bypass                 | 0        |               |             
+----------------------------------------------------------------------------+

Finished routing. (CPU time elapsed 0h:00m:09s)
Design 'i2c_eeprom_top' has been routed successfully.
Saving design to DB.
Action Route: Export DB successfully.
Action route: Real time elapsed is 0h:0m:12s
Action route: CPU time elapsed is 0h:0m:9s
Action route: Process CPU time elapsed is 0h:0m:12s
Action route: Peak memory pool usage is 698 MB

Current time: Tue Sep 22 18:36:15 2026
