#Build: Fabric Compiler 2025.2, Build 211867, Jan 16 16:10 2026
#Install: D:\pango\PDS_2025.2-ads\bin
#Application name: pds_shell.exe
#OS: Windows 11 10.0.26100
#CPU: Unknown
#RAM(GB): 16
#Hostname: hustlyrm
#Generated by Fabric Compiler (version 2025.2 build 211867) at Wed Sep 30 21:42:11 2026
Parameters for debugging are loaded as follows:
Compiling verification operator library.
Compiling vendor parameter file.
Compiling common defs.
Compiling prim grid devices.
Compiling place grid timing.
Compiling gate devices.
Compiling gate operators.
Compiling gate operators impls.
Building architecture model.
Loading device packaging model.
Building architecture floorplan logic view.
Constraint check start.
W: ConstraintEditor-4042: Port 'sys_qspi_dq[0]' lacks attribute 'SLEW', it's better to set the attribute for port.
W: ConstraintEditor-4042: Port 'sys_qspi_dq[0]' lacks attribute 'DRIVE', it's better to set the attribute for port.
W: ConstraintEditor-4042: Port 'sys_qspi_dq[0]' lacks attribute 'BUS_KEEPER', it's better to set the attribute for port.
W: ConstraintEditor-4040: [D:/pango/works/ECSDC_FPGA_2026/prj_tasks/pnr_1/device_map/flash_read_top.pcf(line number: 3)] Port sys_qspi_dq[0] has been placed at location AB20, whose type is share pin.
W: ConstraintEditor-4042: Port 'sys_qspi_dq[1]' lacks attribute 'SLEW', it's better to set the attribute for port.
W: ConstraintEditor-4042: Port 'sys_qspi_dq[1]' lacks attribute 'DRIVE', it's better to set the attribute for port.
W: ConstraintEditor-4042: Port 'sys_qspi_dq[1]' lacks attribute 'BUS_KEEPER', it's better to set the attribute for port.
W: ConstraintEditor-4040: [D:/pango/works/ECSDC_FPGA_2026/prj_tasks/pnr_1/device_map/flash_read_top.pcf(line number: 4)] Port sys_qspi_dq[1] has been placed at location AA20, whose type is share pin.
W: ConstraintEditor-4042: Port 'sys_qspi_dq[2]' lacks attribute 'SLEW', it's better to set the attribute for port.
W: ConstraintEditor-4042: Port 'sys_qspi_dq[2]' lacks attribute 'DRIVE', it's better to set the attribute for port.
W: ConstraintEditor-4042: Port 'sys_qspi_dq[2]' lacks attribute 'BUS_KEEPER', it's better to set the attribute for port.
W: ConstraintEditor-4040: [D:/pango/works/ECSDC_FPGA_2026/prj_tasks/pnr_1/device_map/flash_read_top.pcf(line number: 5)] Port sys_qspi_dq[2] has been placed at location R13, whose type is share pin.
W: ConstraintEditor-4042: Port 'sys_qspi_dq[3]' lacks attribute 'SLEW', it's better to set the attribute for port.
W: ConstraintEditor-4042: Port 'sys_qspi_dq[3]' lacks attribute 'DRIVE', it's better to set the attribute for port.
W: ConstraintEditor-4042: Port 'sys_qspi_dq[3]' lacks attribute 'BUS_KEEPER', it's better to set the attribute for port.
W: ConstraintEditor-4040: [D:/pango/works/ECSDC_FPGA_2026/prj_tasks/pnr_1/device_map/flash_read_top.pcf(line number: 6)] Port sys_qspi_dq[3] has been placed at location T14, whose type is share pin.
W: ConstraintEditor-4042: Port 'sys_cp2102_tx' lacks attribute 'SLEW', it's better to set the attribute for port.
W: ConstraintEditor-4042: Port 'sys_cp2102_tx' lacks attribute 'DRIVE', it's better to set the attribute for port.
W: ConstraintEditor-4042: Port 'sys_qspi_csn' lacks attribute 'SLEW', it's better to set the attribute for port.
W: ConstraintEditor-4042: Port 'sys_qspi_csn' lacks attribute 'DRIVE', it's better to set the attribute for port.
W: ConstraintEditor-4042: Port 'sys_qspi_csn' lacks attribute 'BUS_KEEPER', it's better to set the attribute for port.
W: ConstraintEditor-4040: [D:/pango/works/ECSDC_FPGA_2026/prj_tasks/pnr_1/device_map/flash_read_top.pcf(line number: 8)] Port sys_qspi_csn has been placed at location AA3, whose type is share pin.
W: ConstraintEditor-4042: Port 'sys_qspi_sck' lacks attribute 'SLEW', it's better to set the attribute for port.
W: ConstraintEditor-4042: Port 'sys_qspi_sck' lacks attribute 'DRIVE', it's better to set the attribute for port.
W: ConstraintEditor-4042: Port 'sys_qspi_sck' lacks attribute 'BUS_KEEPER', it's better to set the attribute for port.
W: ConstraintEditor-4040: [D:/pango/works/ECSDC_FPGA_2026/prj_tasks/pnr_1/device_map/flash_read_top.pcf(line number: 9)] Port sys_qspi_sck has been placed at location Y20, whose type is share pin.
W: ConstraintEditor-4040: [D:/pango/works/ECSDC_FPGA_2026/prj_tasks/pnr_1/device_map/flash_read_top.pcf(line number: 11)] Port sys_rstn has been placed at location AB13, whose type is share pin.
C: ConstraintEditor-2019: Port 'sys_led[0]' unspecified I/O constraint.
C: ConstraintEditor-2019: Port 'sys_led[1]' unspecified I/O constraint.
C: ConstraintEditor-2019: Port 'sys_led[2]' unspecified I/O constraint.
C: ConstraintEditor-2019: Port 'sys_led[3]' unspecified I/O constraint.
C: ConstraintEditor-2019: Port 'sys_led[4]' unspecified I/O constraint.
C: ConstraintEditor-2019: Port 'sys_led[5]' unspecified I/O constraint.
C: ConstraintEditor-2022: There are some ports' attributes are set to default value, please read [D:/pango/works/ECSDC_FPGA_2026/prj_tasks/pnr_1/place_route/ports_defalut_attribute.txt(line number:0)] to confirm.
Found 0 error(s), 7 critical warning(s), 27 warning(s), out of 9 constraint(s)
Constraint check end.
Total time(hh:mm:ss) of constraint check : 00:00:00
Elaborate the liberty model.
I: Multithreading enabled for Timing using a maximum of 4 processes.
Placement started. Type: EP_COMMON_FLOW.

Stage 1 EP_INIT start.
Stage: after EP_INIT | Time (s): real = 0h:0m:5s ; cpu = 0h:0m:3s ; process = 0h:0m:6s | Memory (MB): curr = 434.292969 ; peak = 435.347656 | Checksum: 7D094B5C7BBE13D1

Design Layer Utilization:
	LUT: 0.645%
	FF: 0.441%
	DRM: 0.746%
	IO: 4.864%

Stage 2 EP_DL start.
build place dedicate switch graph takes 1.08 sec
Place location constraint group with base node:sys_clk_50mhz_ibuf/opit_1 at IOL_327_210
Place location constraint group with base node:sys_cp2102_tx_obuf/opit_1 at IOL_43_6
Place location constraint group with base node:sys_qspi_csn_obuf/opit_1 at IOL_15_5
Place location constraint group with base node:sys_qspi_sck_obuf/opit_1 at IOL_323_6
Place location constraint group with base node:sys_rstn_ibuf/opit_1 at IOL_167_5
Place location constraint group with base node:u_flash_top.u_flash_driver.u_qspi_master_rx.sys_qspi_dq_tri[0]/opit_1 at IOL_315_5
Place location constraint group with base node:u_flash_top.u_flash_driver.u_qspi_master_rx.sys_qspi_dq_tri[1]/opit_1 at IOL_315_6
Place location constraint group with base node:u_flash_top.u_flash_driver.u_qspi_master_rx.sys_qspi_dq_tri[2]/opit_1 at IOL_247_6
Place location constraint group with base node:u_flash_top.u_flash_driver.u_qspi_master_rx.sys_qspi_dq_tri[3]/opit_1 at IOL_247_5
Place location constraint node:BKCL_auto_0 at BKCL_328_184
Place location constraint node:BKCL_auto_1 at BKCL_192_0
DRCP Convert Loc Constraint successful.

Stage 2.1 pre clock plan start.
Mapping instance GRS_INST/grs to START_324_2.
I: Clock statistic: 1 USCM.
solve clock designs takes 0.00 sec with memory (MB): curr = 510.207031, peak = 514.890625.
Mapping instance clkbufg_0/gopclkbufg to USCM_84_108:impl_uscm_rtb_a-USCM.
Stage: after pre clock plan | Time (s): real = 0h:0m:6s ; cpu = 0h:0m:4s ; process = 0h:0m:7s | Memory (MB): curr = 510.363281 ; peak = 514.890625

Place location constraint node:clkbufg_0/gopclkbufg at USCM_84_108
DRCP Convert Loc Constraint successful.
Stage: after EP_DL | Time (s): real = 0h:0m:6s ; cpu = 0h:0m:4s ; process = 0h:0m:7s | Memory (MB): curr = 510.460938 ; peak = 514.890625 | Checksum: C045BC86169FBEDD


Stage 3 EP_FIP start.
DRCP Convert Loc Constraint successful.

Stage 3.1 fip global place start.
[GP] num_thread=0
I: Multithreading enabled for place using a maximum of 4 processes.
[GP] Placement Initial Method "Quad".
[GP] Placement Decongestion Mode "1".
[GP] Recovery Analysis in GP "Enable".
I: Loading Timing Delay Info...
I: Load Timing Delay Info successfully.
Init coarse delay table.
Read place coarse delay table takes 0.30 sec.
[GP] Init timing API takes 1.51 sec.
[GP] Init GP graph takes 1.56 sec.
Device graph total memory: 11.16541767 MB
[GP] Read position from netlist take 0 msec
[GP] Total node move: 35460.50, average node move: 93.56
First map gop timing takes 0.00 sec
[GP] SA handle 2 clusters.
[GP] SA init_cost = 27547.491162, final_cost = 27547.491162, final_cost/init_cost = 1.000000, occupied region_num = 1.
[GP] SA Optimize take time: 0.003000 sec.
[GP] Timing analysis take 0.006000 secs.
[GP] MarginTNSS=0, TNSS=0, WSS=14635
[GP] Place thread size: 4
[GP] Node size: 9530, net size: 490
[GP] Design graph total memory: 33.18419933 MB
[GP] Timing analysis take 0.008000 secs.
[GP] MarginTNSS=0, TNSS=0, WSS=14936
[GP] Step 0 take 0.051 secs: WL=546.57 OF=0.912128
[GP] Timing analysis take 0.009000 secs.
[GP] MarginTNSS=0, TNSS=0, WSS=14696
[GP] Step 1 take 0.362 secs: WL=582.62 OF=0.870098
[GP] Timing analysis take 0.009000 secs.
[GP] MarginTNSS=0, TNSS=0, WSS=14391
[GP] Step 2 take 0.384 secs: WL=690.99 OF=0.736006
[GP] Timing analysis take 0.009000 secs.
[GP] MarginTNSS=0, TNSS=0, WSS=14025
[GP] Step 3 take 0.369 secs: WL=764.36 OF=0.730122
[GP] Timing analysis take 0.008000 secs.
[GP] MarginTNSS=0, TNSS=0, WSS=14112
[GP] Step 4 take 0.379 secs: WL=795.65 OF=0.643010
[GP] Timing analysis take 0.010000 secs.
[GP] MarginTNSS=0, TNSS=0, WSS=14192
[GP] Timing analysis take 0.008000 secs.
[GP] MarginTNSS=0, TNSS=0, WSS=14192
[GP] Step 5 take 0.388 secs: WL=845.30 OF=0.566841
[GP] Timing analysis take 0.008000 secs.
[GP] MarginTNSS=0, TNSS=0, WSS=14058
[GP] Step 6 take 0.198 secs: WL=834.33 OF=0.529401
[GP] Timing analysis take 0.008000 secs.
[GP] MarginTNSS=0, TNSS=0, WSS=14283
[GP] Step 7 take 0.190 secs: WL=875.36 OF=0.513354
[GP] Timing analysis take 0.007000 secs.
[GP] MarginTNSS=0, TNSS=0, WSS=14402
[GP] Step 8 take 0.190 secs: WL=912.55 OF=0.507665
[GP] Timing analysis take 0.008000 secs.
[GP] MarginTNSS=0, TNSS=0, WSS=14238
[GP] Step 9 take 0.197 secs: WL=949.76 OF=0.450276
[GP] Timing analysis take 0.010000 secs.
[GP] MarginTNSS=0, TNSS=0, WSS=14378
[GP] Step 10 take 0.198 secs: WL=991.01 OF=0.412350
[GP] Timing analysis take 0.008000 secs.
[GP] MarginTNSS=0, TNSS=0, WSS=14393
[GP] Step 11 take 0.196 secs: WL=1042.20 OF=0.388329
[GP] Timing analysis take 0.007000 secs.
[GP] MarginTNSS=0, TNSS=0, WSS=14393
[GP] Step 12 take 0.204 secs: WL=1122.33 OF=0.345411
[GP] Timing analysis take 0.009000 secs.
[GP] MarginTNSS=0, TNSS=0, WSS=14372
[GP] Step 13 take 0.190 secs: WL=1207.86 OF=0.341926
[GP] Timing analysis take 0.009000 secs.
[GP] MarginTNSS=0, TNSS=0, WSS=14372
[GP] Step 14 take 0.191 secs: WL=1290.44 OF=0.314140
[GP] Timing analysis take 0.009000 secs.
[GP] MarginTNSS=0, TNSS=0, WSS=14406
[GP] Step 15 take 0.204 secs: WL=1340.50 OF=0.294405
[GP] Timing analysis take 0.010000 secs.
[GP] MarginTNSS=0, TNSS=0, WSS=14606
[GP] Step 16 take 0.206 secs: WL=1442.70 OF=0.298735
[GP] Timing analysis take 0.009000 secs.
[GP] MarginTNSS=0, TNSS=0, WSS=14731
[GP] Step 17 take 0.199 secs: WL=1518.39 OF=0.305599
[GP] Timing analysis take 0.008000 secs.
[GP] MarginTNSS=0, TNSS=0, WSS=14400
[GP] Step 18 take 0.182 secs: WL=1604.51 OF=0.261551
[GP] Timing analysis take 0.008000 secs.
[GP] MarginTNSS=0, TNSS=0, WSS=14517
[GP] Step 19 take 0.206 secs: WL=1636.01 OF=0.279240
[GP] Timing analysis take 0.008000 secs.
[GP] MarginTNSS=0, TNSS=0, WSS=14476
[GP] Step 20 take 0.198 secs: WL=1703.30 OF=0.262996
[GP] Timing analysis take 0.008000 secs.
[GP] MarginTNSS=0, TNSS=0, WSS=14401
[GP] Step 21 take 0.190 secs: WL=1759.10 OF=0.265449
[GP] Timing analysis take 0.013000 secs.
[GP] MarginTNSS=0, TNSS=0, WSS=14438
[GP] Step 22 take 0.224 secs: WL=1847.71 OF=0.267311
[GP] Timing analysis take 0.011000 secs.
[GP] MarginTNSS=0, TNSS=0, WSS=14511
[GP] Step 23 take 0.241 secs: WL=1893.13 OF=0.263627
[GP] Timing analysis take 0.012000 secs.
[GP] MarginTNSS=0, TNSS=0, WSS=14362
[GP] Step 24 take 0.255 secs: WL=1949.29 OF=0.260617
[GP] Timing analysis take 0.010000 secs.
[GP] MarginTNSS=0, TNSS=0, WSS=14395
[GP] Step 25 take 0.248 secs: WL=1984.51 OF=0.261804
[GP] Timing analysis take 0.010000 secs.
[GP] MarginTNSS=0, TNSS=0, WSS=14281
[GP] Step 26 take 0.229 secs: WL=2028.63 OF=0.286629
[GP] Timing analysis take 0.012000 secs.
[GP] MarginTNSS=0, TNSS=0, WSS=14307
[GP] Step 27 take 0.263 secs: WL=2047.55 OF=0.276768
[GP] Timing analysis take 0.010000 secs.
[GP] MarginTNSS=0, TNSS=0, WSS=14270
[GP] Step 28 take 0.232 secs: WL=2076.96 OF=0.276380
[GP] Timing analysis take 0.012000 secs.
[GP] MarginTNSS=0, TNSS=0, WSS=14273
[GP] Step 29 take 0.235 secs: WL=2092.87 OF=0.277796
[GP] Timing analysis take 0.011000 secs.
[GP] MarginTNSS=0, TNSS=0, WSS=14307
[GP] Step 30 take 0.231 secs: WL=2098.50 OF=0.277556
[GP] Timing analysis take 0.011000 secs.
[GP] MarginTNSS=0, TNSS=0, WSS=14307
[GP] Step 31 take 0.222 secs: WL=2127.94 OF=0.275508
[GP] Timing analysis take 0.012000 secs.
[GP] MarginTNSS=0, TNSS=0, WSS=14213
[GP] Step 32 take 0.262 secs: WL=2150.22 OF=0.277664
[GP] Timing analysis take 0.011000 secs.
[GP] MarginTNSS=0, TNSS=0, WSS=14310
[GP] Step 33 take 0.235 secs: WL=2171.08 OF=0.275760
[GP] Timing analysis take 0.011000 secs.
[GP] MarginTNSS=0, TNSS=0, WSS=14678
[GP] Final best WL=1554.654731 OF=0.256913, totally takes 8.034000 secs, run timing analysis 37 times totally takes 0.347000 secs.
[GP] Total node move: 36917.24, average node move: 97.41
[GP] Placer use memory: 9.39503098 MB
Stage: after fip global place | Performance: WL = 1309 ; TNS =  0 ; WNS =  14678 | Time (s): real = 0h:0m:16s ; cpu = 0h:0m:13s ; process = 0h:0m:35s | Memory (MB): curr = 659.078125 ; peak = 674.773438 | Checksum: 9A70A46810FC2634

Flat initial placement flow takes 8.797.
Stage: after EP_FIP | Performance: WL = 1309 ; TNS =  0 ; WNS =  14678 | Time (s): real = 0h:0m:16s ; cpu = 0h:0m:13s ; process = 0h:0m:36s | Memory (MB): curr = 658.375000 ; peak = 674.773438 | Checksum: 9A70A46810FC2634


Stage 4 EP_CAGP start.

Stage 4.1 cagp site packing start.
Stage: after pack legalize group | Performance: avg_mov = 0.000000 ; max_mov = 0 ; mov_var = 0.000000
Stage: after cagp site packing | Performance: WL = 2317 | Time (s): real = 0h:0m:16s ; cpu = 0h:0m:13s ; process = 0h:0m:36s | Memory (MB): curr = 678.570312 ; peak = 684.570312 | Checksum: 51B0390A5F1135D6


Stage 4.2 cagp macro placement start.
Stage: after cagp macro placement | Performance: WL = 2317 | Time (s): real = 0h:0m:16s ; cpu = 0h:0m:13s ; process = 0h:0m:36s | Memory (MB): curr = 678.988281 ; peak = 684.570312 | Checksum: 51B0390A5F1135D6


Stage 4.3 post clock plan start.
pre solve all clock design takes 0.00 sec with memory (MB): curr = 679.035156, peak = 684.570312.
CRA timing analysis with worst slack 14178 takes 0.02 sec.
CRA cost 0 takes 0.02 sec.
solve all clock design takes 0.02 sec with memory (MB): curr = 680.039062, peak = 684.570312.
expand load region takes 0.00 sec.
Stage: after post clock plan | Time (s): real = 0h:0m:16s ; cpu = 0h:0m:13s ; process = 0h:0m:36s | Memory (MB): curr = 680.195312 ; peak = 684.570312

Movement during CRA, max : (0, 0) , total : (0, 0) , count : 0 , avg : (0, 0) .
Stage: after EP_CAGP | Performance: WL = 2317 ; TNS =  0 ; WNS =  14178 | Time (s): real = 0h:0m:16s ; cpu = 0h:0m:13s ; process = 0h:0m:36s | Memory (MB): curr = 680.207031 ; peak = 684.570312 | Checksum: C0FD0EDEEAD9F70F


Stage 5 EP_DRCP start.

Stage 5.1 DRC Placement start.
DRC final successful.
Stage: after DRC Placement | Time (s): real = 0h:0m:16s ; cpu = 0h:0m:13s ; process = 0h:0m:36s | Memory (MB): curr = 680.492188 ; peak = 684.570312


Stage 5.2 IO Placement start.
The average distance in IO place is 12.500000.
Stage: after IO Placement | Time (s): real = 0h:0m:16s ; cpu = 0h:0m:13s ; process = 0h:0m:36s | Memory (MB): curr = 680.750000 ; peak = 684.570312

Stage: after EP_DRCP | Performance: WL = 2287 ; TNS =  0 ; WNS =  14178 | Time (s): real = 0h:0m:16s ; cpu = 0h:0m:13s ; process = 0h:0m:36s | Memory (MB): curr = 680.750000 ; peak = 684.570312 | Checksum: A1F067A0F3531772


Stage 6 EP_MP start.

Stage 6.1 macro place start.
The average distance of DRM is 0.000000, The max distance of DRM is 0.000000
Stage: after macro place | Performance: WL = 2305 | Time (s): real = 0h:0m:16s ; cpu = 0h:0m:13s ; process = 0h:0m:36s | Memory (MB): curr = 680.859375 ; peak = 684.570312 | Checksum: BADAE51954613928


Stage 6.2 mp post global place start.
[GP] num_thread=0
I: Multithreading enabled for place using a maximum of 4 processes.
[GP] Init timing API takes 0.00 sec.
[GP] Init GP graph takes 0.01 sec.
Device graph total memory: 11.16918659 MB
[GP] Read position from netlist take 0 msec
[GP] Timing analysis take 0.060000 secs.
[GP] MarginTNSS=0, TNSS=0, WSS=14178
[GP] Place thread size: 4
[GP] Node size: 9184, net size: 452
[GP] Design graph total memory: 28.69378281 MB
[GP] Timing analysis take 0.008000 secs.
[GP] MarginTNSS=0, TNSS=0, WSS=14478
[GP] Step 0 take 0.035 secs: WL=1770.63 OF=0.304282
[GP] Timing analysis take 0.008000 secs.
[GP] MarginTNSS=0, TNSS=0, WSS=14430
[GP] Step 1 take 0.200 secs: WL=1355.19 OF=0.315103
[GP] Timing analysis take 0.007000 secs.
[GP] MarginTNSS=0, TNSS=0, WSS=14194
[GP] Step 2 take 0.200 secs: WL=1405.64 OF=0.259659
[GP] Timing analysis take 0.007000 secs.
[GP] MarginTNSS=0, TNSS=0, WSS=14401
[GP] Step 3 take 0.197 secs: WL=1457.75 OF=0.204224
[GP] Timing analysis take 0.009000 secs.
[GP] MarginTNSS=0, TNSS=0, WSS=14371
[GP] Step 4 take 0.201 secs: WL=1508.82 OF=0.156554
[GP] Timing analysis take 0.008000 secs.
[GP] MarginTNSS=0, TNSS=0, WSS=14239
[GP] Step 5 take 0.206 secs: WL=1568.83 OF=0.102240
[GP] Timing analysis take 0.010000 secs.
[GP] MarginTNSS=0, TNSS=0, WSS=14229
[GP] Final best WL=1597.998656 OF=0.072247, totally takes 1.192000 secs, run timing analysis 8 times totally takes 0.117000 secs.
[GP] Total node move: 507.47, average node move: 3.41
[GP] Placer use memory: 5.85160065 MB
Stage: after mp post global place | Performance: WL = 1380 ; TNS =  0 ; WNS =  14229 | Time (s): real = 0h:0m:18s ; cpu = 0h:0m:14s ; process = 0h:0m:39s | Memory (MB): curr = 674.535156 ; peak = 684.570312 | Checksum: E75160B16CF7D84B

MP flow takes 1.031.
Stage: after EP_MP | Performance: WL = 1380 ; TNS =  0 ; WNS =  14229 | Time (s): real = 0h:0m:18s ; cpu = 0h:0m:14s ; process = 0h:0m:39s | Memory (MB): curr = 674.539062 ; peak = 684.570312 | Checksum: E75160B16CF7D84B


Stage 7 EP_LP start.
Stage: after legalization | Performance: avg_mov = 0.094170 ; max_mov = 1 ; mov_var = 0.085302
Legalize placement flow takes 0.016.
Stage: after EP_LP | Performance: WL = 1395 ; TNS =  0 ; WNS =  14026 | Time (s): real = 0h:0m:18s ; cpu = 0h:0m:14s ; process = 0h:0m:39s | Memory (MB): curr = 677.929688 ; peak = 684.570312 | Checksum: 7671570EDA93A9B0


Stage 8 EP_DP start.
Stage: before DP | Performance: WL = 1395 ; TNS = 0 ; WNS = 14026
Stage: after DP | Performance: WL = 1395 ; TNS = 0 ; WNS = 14026
EP_DP takes 0 sec.
Stage: after EP_DP | Performance: WL = 1395 ; TNS =  0 ; WNS =  14026 | Time (s): real = 0h:0m:18s ; cpu = 0h:0m:14s ; process = 0h:0m:39s | Memory (MB): curr = 678.867188 ; peak = 684.570312 | Checksum: 7671570EDA93A9B0


Stage 9 EP_FP start.
AutoDRC Flow for Design Check After Place Start.
AutoDRC Flow for Design Check After Place End.
Stage: after EP_FP | Performance: WL = 1395 ; TNS =  0 ; WNS =  14026 | Time (s): real = 0h:0m:18s ; cpu = 0h:0m:14s ; process = 0h:0m:39s | Memory (MB): curr = 680.621094 ; peak = 684.570312 | Checksum: A9114012176A97E8


Congestion analysis started.
I: Start printing congestion info.
I: Finish printing congestion info.
Congestion analysis takes 0.11 sec.


Device Utilization Summary :
+----------------------------------------------------------------------------+
| Device Type                      | Used     | Available     | Util(%)     
+----------------------------------------------------------------------------+
| CLMA                             | 67       | 6450          | 2           
| + FF                             | 155      | 38700         | 1           
| + LUT                            | 165      | 25800         | 1           
|   + LUT as Logic                 | 165      |               |             
|   + LUT as Const                 | 0        |               |             
|   + LUT as Bypass                | 0        |               |             
| CLMS                             | 45       | 4250          | 2           
| + FF                             | 115      | 25500         | 1           
| + LUT                            | 111      | 17000         | 1           
|   + LUT as Logic                 | 111      |               |             
|   + LUT as Memory                | 0        |               |             
|     + LUT as Distributed RAM     | 0        |               |             
|   + LUT as Const                 | 0        |               |             
|   + LUT as Bypass                | 0        |               |             
| IO                               | 17       | 296           | 6           
| + IOBD                           | 4        | 64            | 7           
| + IOBR_LR                        | 0        | 7             | 0           
| + IOBR_TB                        | 0        | 8             | 0           
| + IOBS_LR                        | 4        | 161           | 3           
| + IOBS_TB                        | 9        | 56            | 17          
| APM                              | 0        | 84            | 0           
| BKCL                             | 2        | 4             | 50          
| CRYSTAL                          | 0        | 2             | 0           
| DLL                              | 0        | 10            | 0           
| DQSL                             | 0        | 18            | 0           
| DRM                              | 1        | 134           | 1           
| FUSECODE                         | 0        | 1             | 0           
| HARD0N1                          | 0        | 6672          | 0           
| HSST                             | 0        | 1             | 0           
| IOCKDIV                          | 0        | 20            | 0           
| IOCKDLY                          | 0        | 40            | 0           
| IOCKGATE                         | 0        | 20            | 0           
| + IOCKGATE as Bypass             | 0        |               |             
| IOL                              | 17       | 400           | 5           
| IPAL                             | 0        | 1             | 0           
| LDO                              | 0        | 4             | 0           
| OSC                              | 0        | 1             | 0           
| PCIE                             | 0        | 1             | 0           
| PLL                              | 0        | 5             | 0           
| RCKB                             | 0        | 24            | 0           
| + RCKB as Bypass                 | 0        |               |             
| RESCAL                           | 0        | 4             | 0           
| SCANCHAIN                        | 0        | 2             | 0           
| START                            | 1        | 1             | 100         
| UDID                             | 0        | 1             | 0           
| USCM                             | 1        | 30            | 4           
| + USCM as Bypass                 | 0        |               |             
+----------------------------------------------------------------------------+

Total placement takes 12.08 sec.
Finished placement.
Design 'flash_read_top' has been placed successfully.
Action place: Real time elapsed is 0h:0m:18s
Action place: CPU time elapsed is 0h:0m:15s
Action place: Process CPU time elapsed is 0h:0m:40s
Action place: Peak memory pool usage is 760 MB

Current time: Wed Sep 30 21:42:28 2026
