#Build: Fabric Compiler 2025.2, Build 211867, Jan 16 16:10 2026
#Install: D:\pango\PDS_2025.2-ads\bin
#Application name: pds_shell.exe
#OS: Windows 11 10.0.26100
#CPU: Unknown
#RAM(GB): 16
#Hostname: hustlyrm
#Generated by Fabric Compiler (version 2025.2 build 211867) at Wed Sep 30 21:42:30 2026
Parameters for debugging are loaded as follows:
Compiling verification operator library.
Compiling vendor parameter file.
Compiling common defs.
Compiling prim grid devices.
Compiling place grid timing.
Compiling gate devices.
Compiling gate operators.
Compiling gate operators impls.
Building architecture model.
Loading device packaging model.
Building architecture floorplan logic view.
Elaborate the liberty model.
I: Multithreading enabled for Timing using a maximum of 4 processes.

Routing started.
Build routing arch for double attribute device.
Enter timing driven router mode.
I: Multithreading enabled for route using a maximum of 6 processes.
Building routing graph takes 1.50 sec.
Enable Recovery Analysis in Routing
Init coarse delay table.
I: Loading Timing Delay Info...
I: Load Timing Delay Info successfully.
Read place coarse delay table takes 0.36 sec.
build place dedicate switch graph takes 1.34 sec
Setup STE netlist take 1995 msec.
Slack Weight : 90
CE/RS signal series limit : 500
Dispose control chain take 16 msec.
Collect const net info take 38 msec.
Total nets for routing: 469.
Total loads for routing: 1812.
Direct connect net size: 107
Build all design net take 27 msec.
Processing design graph takes 2.08 sec.
Route info is not supported in this chip.
Delay table total memory: 40.33696175 MB
Route graph total memory: 74.35701466 MB
Route design total memory: 1.42147446 MB
The remaining process takes 0.01 sec.
Stage: after context initialize | Time (s): real = 0h:0m:11s ; cpu = 0h:0m:9s ; process = 0h:0m:11s | Memory (MB): curr = 672.902344 ; peak = 711.875000 | Checksum: 97DD9963A01AC33F
Global routing takes 0.00 sec.
Pin Cost Increasing Speed 300
Unrouted clock nets at iteration 0 (0.001 sec): 0
Stage: after clock route | Time (s): real = 0h:0m:11s ; cpu = 0h:0m:9s ; process = 0h:0m:11s | Memory (MB): curr = 673.734375 ; peak = 711.875000 | Checksum: 49B8AC8AF8FCD60C
Total route nets size: 465
Pre route takes 0.128 sec
Stage: after pre route | Performance: TNS = 0 ; WNS = 14937 ; THS = 0 ; WHS = 234 | Time (s): real = 0h:0m:11s ; cpu = 0h:0m:9s ; process = 0h:0m:12s | Memory (MB): curr = 684.519531 ; peak = 711.875000 | Checksum: 237B37C583D4BEFA
Unrouted general nets at iteration 3 (MT total route time: 0.057 sec): 317(overused: 1536)
Unrouted general nets at iteration 4 (MT total route time: 0.047 sec): 258(overused: 1014)
Unrouted general nets at iteration 5 (MT total route time: 0.039 sec): 202(overused: 647)
Unrouted general nets at iteration 6 (MT total route time: 0.035 sec): 140(overused: 322)
Unrouted general nets at iteration 7 (MT total route time: 0.030 sec): 73(overused: 160)
Unrouted general nets at iteration 8 (MT total route time: 0.012 sec): 38(overused: 70)
Unrouted general nets at iteration 9 (MT total route time: 0.006 sec): 23(overused: 32)
Unrouted general nets at iteration 10 (MT total route time: 0.004 sec): 8(overused: 14)
Unrouted general nets at iteration 11 (MT total route time: 0.002 sec): 4(overused: 4)
Unrouted general nets at iteration 12 (MT total route time: 0.001 sec): 0(overused: 0)
----General net take 0.000 sec(route net take 0.000 sec, inc cost take 0.000 sec, iter times: 1)
----const net route take 0.001 sec
Unrouted nets at iteration 13 (0.002 sec): 0
Stage: after detail route | Performance: TNS = 0 ; WNS = 14937 ; THS = NA ; WHS = NA | Time (s): real = 0h:0m:11s ; cpu = 0h:0m:9s ; process = 0h:0m:12s | Memory (MB): curr = 684.804688 ; peak = 711.875000 | Checksum: 5DA84B4F63681D6
Begin rip-up and reroute:
Rip-up and reroute takes 0.02 sec.
Stage: after ripup & reroute | Performance: TNS = 0 ; WNS = 14147 ; THS = NA ; WHS = NA | Time (s): real = 0h:0m:11s ; cpu = 0h:0m:9s ; process = 0h:0m:12s | Memory (MB): curr = 686.246094 ; peak = 711.875000 | Checksum: 7DEBA84EF22BF87
Detailed routing takes 0.84 sec.
Sort Original Nets take 0.003 sec
Check HPIO div result take 0.000 sec
Total net: 469, route succeed net: 469
Generate routing result take 0.001 sec
Handle PERMUX permutation take 0.012 sec
Handle const net take 0.002 sec
Handle route through take 0.004 sec
Used SRB routing arc is 3512.
Stage: after finish route | Performance: TNS = 0 ; WNS = 14147 ; THS = NA ; WHS = NA | Time (s): real = 0h:0m:12s ; cpu = 0h:0m:9s ; process = 0h:0m:12s | Memory (MB): curr = 662.601562 ; peak = 711.875000 | Checksum: ECF52096260133E0
Finish routing takes 0.15 sec.
Total routing takes 4.70 sec.

Device Utilization Summary :
+----------------------------------------------------------------------------+
| Device Type                      | Used     | Available     | Util(%)     
+----------------------------------------------------------------------------+
| CLMA                             | 84       | 6450          | 2           
| + FF                             | 155      | 38700         | 1           
| + LUT                            | 206      | 25800         | 1           
|   + LUT as Logic                 | 165      |               |             
|   + LUT as Const                 | 39       |               |             
|   + LUT as Bypass                | 2        |               |             
| CLMS                             | 49       | 4250          | 2           
| + FF                             | 115      | 25500         | 1           
| + LUT                            | 130      | 17000         | 1           
|   + LUT as Logic                 | 111      |               |             
|   + LUT as Memory                | 0        |               |             
|     + LUT as Distributed RAM     | 0        |               |             
|   + LUT as Const                 | 17       |               |             
|   + LUT as Bypass                | 2        |               |             
| IO                               | 17       | 296           | 6           
| + IOBD                           | 4        | 64            | 7           
| + IOBR_LR                        | 0        | 7             | 0           
| + IOBR_TB                        | 0        | 8             | 0           
| + IOBS_LR                        | 4        | 161           | 3           
| + IOBS_TB                        | 9        | 56            | 17          
| APM                              | 0        | 84            | 0           
| BKCL                             | 2        | 4             | 50          
| CRYSTAL                          | 0        | 2             | 0           
| DLL                              | 0        | 10            | 0           
| DQSL                             | 0        | 18            | 0           
| DRM                              | 1        | 134           | 1           
| FUSECODE                         | 0        | 1             | 0           
| HARD0N1                          | 8        | 6672          | 1           
| HSST                             | 0        | 1             | 0           
| IOCKDIV                          | 0        | 20            | 0           
| IOCKDLY                          | 0        | 40            | 0           
| IOCKGATE                         | 0        | 20            | 0           
| + IOCKGATE as Bypass             | 0        |               |             
| IOL                              | 17       | 400           | 5           
| IPAL                             | 0        | 1             | 0           
| LDO                              | 0        | 4             | 0           
| OSC                              | 0        | 1             | 0           
| PCIE                             | 0        | 1             | 0           
| PLL                              | 0        | 5             | 0           
| RCKB                             | 0        | 24            | 0           
| + RCKB as Bypass                 | 0        |               |             
| RESCAL                           | 0        | 4             | 0           
| SCANCHAIN                        | 0        | 2             | 0           
| START                            | 1        | 1             | 100         
| UDID                             | 0        | 1             | 0           
| USCM                             | 1        | 30            | 4           
| + USCM as Bypass                 | 0        |               |             
+----------------------------------------------------------------------------+

Finished routing. (CPU time elapsed 0h:00m:09s)
Design 'flash_read_top' has been routed successfully.
Saving design to DB.
Action Route: Export DB successfully.
Action route: Real time elapsed is 0h:0m:12s
Action route: CPU time elapsed is 0h:0m:10s
Action route: Process CPU time elapsed is 0h:0m:12s
Action route: Peak memory pool usage is 711 MB

Current time: Wed Sep 30 21:42:40 2026
