#Build: Fabric Compiler 2022.2-SP6.7.1, Build 188940, Jun 13 11:15 2025
#Install: D:\Pango\PDS_2022.2-SP6.7.1-ads\bin
#Application name: pds_shell.exe
#OS: Windows 10 10.0.19044
#Hostname: DESKTOP-BG38EDA
Generated by Fabric Compiler (version 2022.2-SP6.7.1 build 188940) at Wed Jun 17 10:56:22 2026
License checkout: fabric_ads from D:\Pango\PDS_2022.2-SP6.7.1-ads\license\new_pds_047c1643e028.lic
Compiling verification operator library.
Compiling common defs.
Loading technology operator library.
Compiling technology operator library.
Compiling technology operator (valence) library.
Reading design from compile DB
Reading design from compile DB successfully.
Constraint check start.
Compiling prim grid devices.
Building architecture model.
Loading device packaging model.
Building architecture floorplan logic view.
Executing : get_ports sys_clk
Executing : get_ports sys_clk successfully.
Executing : create_clock -name sys_clk [get_ports sys_clk] -period 20.000 -waveform {0.000 10.000}
Executing : create_clock -name sys_clk [get_ports sys_clk] -period 20.000 -waveform {0.000 10.000} successfully.
C: ConstraintEditor-2002: [E:/FPGA_pro/Pango/PG2L100H/29_eeprom_byte_rd_wr/pds_prj/eeprom_byte_rd_wr.fdc(line number: 4)] | Port sda has been placed at location N19, whose type is share pin.
C: ConstraintEditor-2002: [E:/FPGA_pro/Pango/PG2L100H/29_eeprom_byte_rd_wr/pds_prj/eeprom_byte_rd_wr.fdc(line number: 11)] | Port scl has been placed at location P19, whose type is share pin.
C: ConstraintEditor-2002: [E:/FPGA_pro/Pango/PG2L100H/29_eeprom_byte_rd_wr/pds_prj/eeprom_byte_rd_wr.fdc(line number: 25)] | Port key_rd has been placed at location R26, whose type is share pin.
C: ConstraintEditor-2002: [E:/FPGA_pro/Pango/PG2L100H/29_eeprom_byte_rd_wr/pds_prj/eeprom_byte_rd_wr.fdc(line number: 30)] | Port key_wr has been placed at location P26, whose type is share pin.
C: ConstraintEditor-2002: [E:/FPGA_pro/Pango/PG2L100H/29_eeprom_byte_rd_wr/pds_prj/eeprom_byte_rd_wr.fdc(line number: 40)] | Port sys_rst_n has been placed at location G25, whose type is share pin.
Constraint check end.

C: SDC-2025: Clock source 'n:i2c_ctrl_inst/N976' need a clock constraint, please use 'create_clock' or 'create_generate_clock' to generate.
C: SDC-2025: Clock source 'n:i2c_ctrl_inst/i2c_clk' need a clock constraint, please use 'create_clock' or 'create_generate_clock' to generate.
C: SDC-2025: Clock source 'n:i2c_ctrl_inst/N611' need a clock constraint, please use 'create_clock' or 'create_generate_clock' to generate.
C: SDC-2025: Clock source 'n:i2c_ctrl_inst/N989' need a clock constraint, please use 'create_clock' or 'create_generate_clock' to generate.
Start pre-mapping.
I: Constant propagation done on i2c_ctrl_inst/N698 (bmsWIDEINV).
I: Constant propagation done on i2c_ctrl_inst/N699 (bmsWIDEINV).
I: Constant propagation done on i2c_ctrl_inst/N700 (bmsWIDEINV).
I: Constant propagation done on i2c_ctrl_inst/N701 (bmsWIDEINV).
I: Constant propagation done on i2c_ctrl_inst/N702 (bmsWIDEINV).
I: Constant propagation done on i2c_ctrl_inst/N703 (bmsWIDEINV).
I: Constant propagation done on i2c_ctrl_inst/N704 (bmsWIDEINV).
I: Constant propagation done on i2c_ctrl_inst/N705 (bmsWIDEINV).
I: Constant propagation done on i2c_ctrl_inst/N706 (bmsWIDEINV).
I: Constant propagation done on i2c_ctrl_inst/N707 (bmsWIDEINV).
I: Removed bmsDECODER inst ND11_0 that is redundant to ND10_0
I: Removed bmsDECODER inst ND12_0 that is redundant to ND10_0
I: Removed bmsDECODER inst ND10_0 that is redundant to ND9_0
I: Encoding type of FSM 'state_fsm[3:0]' is: onehot.
I: Encoding table of FSM 'state_fsm[3:0]':
I: from  i2c_ctrl_inst/state[3] i2c_ctrl_inst/state[2] i2c_ctrl_inst/state[1] i2c_ctrl_inst/state[0]
I: to  i2c_ctrl_inst/state_reg[15] i2c_ctrl_inst/state_reg[14] i2c_ctrl_inst/state_reg[13] i2c_ctrl_inst/state_reg[12] i2c_ctrl_inst/state_reg[11] i2c_ctrl_inst/state_reg[10] i2c_ctrl_inst/state_reg[9] i2c_ctrl_inst/state_reg[8] i2c_ctrl_inst/state_reg[7] i2c_ctrl_inst/state_reg[6] i2c_ctrl_inst/state_reg[5] i2c_ctrl_inst/state_reg[4] i2c_ctrl_inst/state_reg[3] i2c_ctrl_inst/state_reg[2] i2c_ctrl_inst/state_reg[1] i2c_ctrl_inst/state_reg[0]
I: 0000 => 0000000000000001
I: 0001 => 0000000000000010
I: 0010 => 0000000000000100
I: 0011 => 0000000000001000
I: 0100 => 0000000000010000
I: 0101 => 0000000000100000
I: 0110 => 0000000001000000
I: 0111 => 0000000010000000
I: 1000 => 0000000100000000
I: 1001 => 0000001000000000
I: 1010 => 0000010000000000
I: 1011 => 0000100000000000
I: 1100 => 0001000000000000
I: 1101 => 0010000000000000
I: 1110 => 0100000000000000
I: 1111 => 1000000000000000
Executing : pre-mapping successfully. Time elapsed: 0.128s wall, 0.094s user + 0.016s system = 0.109s CPU (85.6%)

Start mod-gen.
W: Public-4008: Instance 'fifo_read_inst/U_ipm2l_fifo_fifo_data/U_ipm2l_fifo_ctrl/wr_water_level[15:0]' of 'bmsWIDEDFFCPE' unit is dangling and will be cleaned.
W: Removed bmsWIDEDFFCPE inst i2c_ctrl_inst/cnt_clk[7:0] at 5 that is stuck at constant 0.
W: Removed bmsWIDEDFFCPE inst i2c_rw_data_inst/cnt_start[15:0] at 12 that is stuck at constant 0.
W: Removed bmsWIDEDFFCPE inst i2c_rw_data_inst/cnt_wait[27:0] at 9 that is stuck at constant 0.
Executing : mod-gen successfully. Time elapsed: 0.123s wall, 0.125s user + 0.031s system = 0.156s CPU (127.4%)

Start logic-optimization.
Executing : logic-optimization successfully. Time elapsed: 0.139s wall, 0.141s user + 0.000s system = 0.141s CPU (100.8%)

Start tech-mapping phase 1.
W: Public-4008: Instance 'i2c_ctrl_inst/cnt_clk[5]' of 'bmsWIDEDFFCPE' unit is dangling and will be cleaned.
W: Public-4008: Instance 'i2c_ctrl_inst/cnt_clk[6]' of 'bmsWIDEDFFCPE' unit is dangling and will be cleaned.
W: Public-4008: Instance 'i2c_ctrl_inst/cnt_clk[7]' of 'bmsWIDEDFFCPE' unit is dangling and will be cleaned.
W: Public-4008: Instance 'i2c_rw_data_inst/cnt_start[12]' of 'bmsWIDEDFFCPE' unit is dangling and will be cleaned.
W: Public-4008: Instance 'i2c_rw_data_inst/cnt_start[13]' of 'bmsWIDEDFFCPE' unit is dangling and will be cleaned.
W: Public-4008: Instance 'i2c_rw_data_inst/cnt_start[14]' of 'bmsWIDEDFFCPE' unit is dangling and will be cleaned.
W: Public-4008: Instance 'i2c_rw_data_inst/cnt_start[15]' of 'bmsWIDEDFFCPE' unit is dangling and will be cleaned.
W: Public-4008: Instance 'i2c_rw_data_inst/cnt_wait[9]' of 'bmsWIDEDFFCPE' unit is dangling and will be cleaned.
W: Public-4008: Instance 'i2c_rw_data_inst/cnt_wait[10]' of 'bmsWIDEDFFCPE' unit is dangling and will be cleaned.
W: Public-4008: Instance 'i2c_rw_data_inst/cnt_wait[11]' of 'bmsWIDEDFFCPE' unit is dangling and will be cleaned.
W: Public-4008: Instance 'i2c_rw_data_inst/cnt_wait[12]' of 'bmsWIDEDFFCPE' unit is dangling and will be cleaned.
W: Public-4008: Instance 'i2c_rw_data_inst/cnt_wait[13]' of 'bmsWIDEDFFCPE' unit is dangling and will be cleaned.
W: Public-4008: Instance 'i2c_rw_data_inst/cnt_wait[14]' of 'bmsWIDEDFFCPE' unit is dangling and will be cleaned.
W: Public-4008: Instance 'i2c_rw_data_inst/cnt_wait[15]' of 'bmsWIDEDFFCPE' unit is dangling and will be cleaned.
W: Public-4008: Instance 'i2c_rw_data_inst/cnt_wait[16]' of 'bmsWIDEDFFCPE' unit is dangling and will be cleaned.
W: Public-4008: Instance 'i2c_rw_data_inst/cnt_wait[17]' of 'bmsWIDEDFFCPE' unit is dangling and will be cleaned.
W: Public-4008: Instance 'i2c_rw_data_inst/cnt_wait[18]' of 'bmsWIDEDFFCPE' unit is dangling and will be cleaned.
W: Public-4008: Instance 'i2c_rw_data_inst/cnt_wait[19]' of 'bmsWIDEDFFCPE' unit is dangling and will be cleaned.
W: Public-4008: Instance 'i2c_rw_data_inst/cnt_wait[20]' of 'bmsWIDEDFFCPE' unit is dangling and will be cleaned.
W: Public-4008: Instance 'i2c_rw_data_inst/cnt_wait[21]' of 'bmsWIDEDFFCPE' unit is dangling and will be cleaned.
W: Public-4008: Instance 'i2c_rw_data_inst/cnt_wait[22]' of 'bmsWIDEDFFCPE' unit is dangling and will be cleaned.
W: Public-4008: Instance 'i2c_rw_data_inst/cnt_wait[23]' of 'bmsWIDEDFFCPE' unit is dangling and will be cleaned.
W: Public-4008: Instance 'i2c_rw_data_inst/cnt_wait[24]' of 'bmsWIDEDFFCPE' unit is dangling and will be cleaned.
W: Public-4008: Instance 'i2c_rw_data_inst/cnt_wait[25]' of 'bmsWIDEDFFCPE' unit is dangling and will be cleaned.
W: Public-4008: Instance 'i2c_rw_data_inst/cnt_wait[26]' of 'bmsWIDEDFFCPE' unit is dangling and will be cleaned.
W: Public-4008: Instance 'i2c_rw_data_inst/cnt_wait[27]' of 'bmsWIDEDFFCPE' unit is dangling and will be cleaned.
W: Public-4008: Instance 'i2c_rw_data_inst/fifo_read_inst/U_ipm2l_fifo_fifo_data/U_ipm2l_fifo_ctrl/SYN_CTRL.wbin[15]' of 'bmsWIDEDFFCPE' unit is dangling and will be cleaned.
W: Public-4008: Instance 'i2c_rw_data_inst/fifo_read_inst/U_ipm2l_fifo_fifo_data/U_ipm2l_fifo_ctrl/rd_water_level[8]' of 'bmsWIDEDFFCPE' unit is dangling and will be cleaned.
W: Public-4008: Instance 'i2c_rw_data_inst/fifo_read_inst/U_ipm2l_fifo_fifo_data/U_ipm2l_fifo_ctrl/rd_water_level[9]' of 'bmsWIDEDFFCPE' unit is dangling and will be cleaned.
W: Public-4008: Instance 'i2c_rw_data_inst/fifo_read_inst/U_ipm2l_fifo_fifo_data/U_ipm2l_fifo_ctrl/rd_water_level[10]' of 'bmsWIDEDFFCPE' unit is dangling and will be cleaned.
W: Public-4008: Instance 'i2c_rw_data_inst/fifo_read_inst/U_ipm2l_fifo_fifo_data/U_ipm2l_fifo_ctrl/rd_water_level[11]' of 'bmsWIDEDFFCPE' unit is dangling and will be cleaned.
W: Public-4008: Instance 'i2c_rw_data_inst/fifo_read_inst/U_ipm2l_fifo_fifo_data/U_ipm2l_fifo_ctrl/rd_water_level[12]' of 'bmsWIDEDFFCPE' unit is dangling and will be cleaned.
W: Public-4008: Instance 'i2c_rw_data_inst/fifo_read_inst/U_ipm2l_fifo_fifo_data/U_ipm2l_fifo_ctrl/rd_water_level[13]' of 'bmsWIDEDFFCPE' unit is dangling and will be cleaned.
W: Public-4008: Instance 'i2c_rw_data_inst/fifo_read_inst/U_ipm2l_fifo_fifo_data/U_ipm2l_fifo_ctrl/rd_water_level[14]' of 'bmsWIDEDFFCPE' unit is dangling and will be cleaned.
W: Public-4008: Instance 'i2c_rw_data_inst/fifo_read_inst/U_ipm2l_fifo_fifo_data/U_ipm2l_fifo_ctrl/rd_water_level[15]' of 'bmsWIDEDFFCPE' unit is dangling and will be cleaned.
W: Public-4008: Instance 'i2c_rw_data_inst/fifo_read_inst/U_ipm2l_fifo_fifo_data/U_ipm2l_fifo_ctrl/SYN_CTRL.rbin[15]' of 'bmsWIDEDFFCPE' unit is dangling and will be cleaned.
Executing : tech-mapping phase 1 successfully. Time elapsed: 0.022s wall, 0.031s user + 0.000s system = 0.031s CPU (141.9%)

Start tech-mapping phase 2.
Executing : tech-mapping phase 2 successfully. Time elapsed: 0.261s wall, 0.250s user + 0.094s system = 0.344s CPU (131.6%)

Start tech-optimization.
Executing : tech-optimization successfully. Time elapsed: 0.058s wall, 0.062s user + 0.000s system = 0.062s CPU (107.7%)

Start phys-optimization.
Executing : phys-optimization successfully. Time elapsed: 0.000s wall, 0.000s user + 0.000s system = 0.000s CPU (n/a%)

Start restore-hierarchy.
Executing : restore-hierarchy successfully. Time elapsed: 0.043s wall, 0.047s user + 0.000s system = 0.047s CPU (108.6%)

W: prevent name conflict by renaming net i2c_ctrl_inst/N544 to i2c_ctrl_inst/N544_rnmt
W: prevent name conflict by renaming net i2c_ctrl_inst/i2c_sda_reg to i2c_ctrl_inst/i2c_sda_reg_rnmt

Cell Usage:
GTP_DFF_C                   162 uses
GTP_DFF_CE                   92 uses
GTP_DFF_P                     3 uses
GTP_DFF_PE                    6 uses
GTP_DLATCH                   10 uses
GTP_DRM36K_E1                 8 uses
GTP_GRS                       1 use
GTP_INV                       4 uses
GTP_LUT2                      2 uses
GTP_LUT3                     32 uses
GTP_LUT4                     12 uses
GTP_LUT5                      8 uses
GTP_LUT6                     91 uses
GTP_LUT6CARRY               134 uses
GTP_LUT6D                    47 uses
GTP_MUX2LUT7                  2 uses

I/O ports: 7
GTP_INBUF                   4 uses
GTP_IOBUF                   1 use
GTP_OUTBUF                  2 uses

Mapping Summary:
Total LUTs: 326 of 66600 (0.49%)
	LUTs as dram: 0 of 19900 (0.00%)
	LUTs as logic: 326
Total Registers: 263 of 133200 (0.20%)
Total Latches: 10

DRM36K/FIFO:
Total DRM = 8.0 of 155 (5.16%)

APMs:
Total APMs = 0.00 of 240 (0.00%)

Total I/O ports = 7 of 300 (2.33%)


Overview of Control Sets:

Number of unique control sets : 16

Histogram:
**************************************************************
  Fanout      | Count    | Sync Set/Reset    Async Set/Reset
--------------------------------------------------------------
  [0, 2)      | 3        | 0                 3
  [2, 4)      | 2        | 0                 2
  [4, 6)      | 1        | 0                 1
  [6, 8)      | 0        | 0                 0
  [8, 10)     | 4        | 0                 4
  [10, 12)    | 0        | 0                 0
  [12, 14)    | 0        | 0                 0
  [14, 16)    | 0        | 0                 0
  [16, Inf)   | 6        | 0                 6
--------------------------------------------------------------
  The maximum fanout: 84
==============================================================

Flip-Flop Distribution:
************************************************************************
  Clock Enable    Sync Set/Reset    Async Set/Reset    Total Registers
------------------------------------------------------------------------
  NO              NO                NO                 0
  NO              NO                YES                165
  NO              YES               NO                 0
  YES             NO                NO                 0
  YES             NO                YES                98
  YES             YES               NO                 0
========================================================================

Latch Distribution:
************************************************
  Gate Enable    Preset/Clear    Total Latches
************************************************
  NO             NO              10
  NO             YES             0
  YES            NO              0
  YES            YES             0
************************************************

Design 'eeprom_byte_rd_wr' has been successfully synthesized to architecture-specific objects.
Saving design to DB.
I: Adm-6003: Trying to disconnect un-connected pin 'Z[0]' of instance 'ND0'.
I: Adm-6003: Trying to disconnect un-connected pin 'Z[0]' of instance 'ND17'.
I: Adm-6003: Trying to disconnect un-connected pin 'Z[0]' of instance 'ND16'.
I: Adm-6003: Trying to disconnect un-connected pin 'Z[0]' of instance 'ND8[0]'.
I: Adm-6003: Trying to disconnect un-connected pin 'Z[0]' of instance 'ND8[1]'.
Saving design to eeprom_byte_rd_wr_syn.vm
Constructing timing graph ...
Timing graph has been constructed successfully
C: STA-3001: Combinational loops are found in the netlist, following timing arcs are set to false path.
C: STA-3019: Latch loop on node i2c_ctrl_inst/rd_data_reg[0]/D is found in the design.
C: STA-3019: Latch loop on node i2c_ctrl_inst/rd_data_reg[1]/D is found in the design.
C: STA-3019: Latch loop on node i2c_ctrl_inst/rd_data_reg[2]/D is found in the design.
C: STA-3019: Latch loop on node i2c_ctrl_inst/rd_data_reg[3]/D is found in the design.
C: STA-3019: Latch loop on node i2c_ctrl_inst/rd_data_reg[4]/D is found in the design.
C: STA-3019: Latch loop on node i2c_ctrl_inst/rd_data_reg[5]/D is found in the design.
C: STA-3019: Latch loop on node i2c_ctrl_inst/rd_data_reg[6]/D is found in the design.
C: STA-3019: Latch loop on node i2c_ctrl_inst/rd_data_reg[7]/D is found in the design.
W: STA-3011: Clock pin 'i2c_ctrl_inst/ack/G' (GTP_DLATCH.G) has no clock, timing propagation is disabled at the pin.
W: STA-3011: Clock pin 'i2c_ctrl_inst/cnt_bit[0]/CLK' (GTP_DFF_CE.CLK) has no clock, timing propagation is disabled at the pin.
W: STA-3011: Clock pin 'i2c_ctrl_inst/cnt_bit[1]/CLK' (GTP_DFF_CE.CLK) has no clock, timing propagation is disabled at the pin.
W: STA-3011: Clock pin 'i2c_ctrl_inst/cnt_bit[2]/CLK' (GTP_DFF_CE.CLK) has no clock, timing propagation is disabled at the pin.
W: STA-3011: Clock pin 'i2c_ctrl_inst/cnt_i2c_clk[0]/CLK' (GTP_DFF_CE.CLK) has no clock, timing propagation is disabled at the pin.
W: STA-3011: Clock pin 'i2c_ctrl_inst/cnt_i2c_clk[1]/CLK' (GTP_DFF_CE.CLK) has no clock, timing propagation is disabled at the pin.
W: STA-3011: Clock pin 'i2c_ctrl_inst/cnt_i2c_clk_en/CLK' (GTP_DFF_C.CLK) has no clock, timing propagation is disabled at the pin.
W: STA-3011: Clock pin 'i2c_ctrl_inst/i2c_end/CLK' (GTP_DFF_C.CLK) has no clock, timing propagation is disabled at the pin.
W: STA-3011: Clock pin 'i2c_ctrl_inst/i2c_sda_reg/G' (GTP_DLATCH.G) has no clock, timing propagation is disabled at the pin.
W: STA-3011: Clock pin 'i2c_ctrl_inst/rd_data[0]/CLK' (GTP_DFF_CE.CLK) has no clock, timing propagation is disabled at the pin.
W: STA-3011: Clock pin 'i2c_ctrl_inst/rd_data[1]/CLK' (GTP_DFF_CE.CLK) has no clock, timing propagation is disabled at the pin.
W: STA-3011: Clock pin 'i2c_ctrl_inst/rd_data[2]/CLK' (GTP_DFF_CE.CLK) has no clock, timing propagation is disabled at the pin.
W: STA-3011: Clock pin 'i2c_ctrl_inst/rd_data[3]/CLK' (GTP_DFF_CE.CLK) has no clock, timing propagation is disabled at the pin.
W: STA-3011: Clock pin 'i2c_ctrl_inst/rd_data[4]/CLK' (GTP_DFF_CE.CLK) has no clock, timing propagation is disabled at the pin.
W: STA-3011: Clock pin 'i2c_ctrl_inst/rd_data[5]/CLK' (GTP_DFF_CE.CLK) has no clock, timing propagation is disabled at the pin.
W: STA-3011: Clock pin 'i2c_ctrl_inst/rd_data[6]/CLK' (GTP_DFF_CE.CLK) has no clock, timing propagation is disabled at the pin.
W: STA-3011: Clock pin 'i2c_ctrl_inst/rd_data[7]/CLK' (GTP_DFF_CE.CLK) has no clock, timing propagation is disabled at the pin.
W: STA-3011: Clock pin 'i2c_ctrl_inst/rd_data_reg[0]/G' (GTP_DLATCH.G) has no clock, timing propagation is disabled at the pin.
W: STA-3011: Clock pin 'i2c_ctrl_inst/rd_data_reg[1]/G' (GTP_DLATCH.G) has no clock, timing propagation is disabled at the pin.
W: STA-3011: Clock pin 'i2c_ctrl_inst/rd_data_reg[2]/G' (GTP_DLATCH.G) has no clock, timing propagation is disabled at the pin.
W: STA-3011: Clock pin 'i2c_ctrl_inst/rd_data_reg[3]/G' (GTP_DLATCH.G) has no clock, timing propagation is disabled at the pin.
W: STA-3011: Clock pin 'i2c_ctrl_inst/rd_data_reg[4]/G' (GTP_DLATCH.G) has no clock, timing propagation is disabled at the pin.
W: STA-3011: Clock pin 'i2c_ctrl_inst/rd_data_reg[5]/G' (GTP_DLATCH.G) has no clock, timing propagation is disabled at the pin.
W: STA-3011: Clock pin 'i2c_ctrl_inst/rd_data_reg[6]/G' (GTP_DLATCH.G) has no clock, timing propagation is disabled at the pin.
W: STA-3011: Clock pin 'i2c_ctrl_inst/rd_data_reg[7]/G' (GTP_DLATCH.G) has no clock, timing propagation is disabled at the pin.
W: STA-3011: Clock pin 'i2c_ctrl_inst/state_reg[0]/CLK' (GTP_DFF_P.CLK) has no clock, timing propagation is disabled at the pin.
W: STA-3011: Clock pin 'i2c_ctrl_inst/state_reg[1]/CLK' (GTP_DFF_C.CLK) has no clock, timing propagation is disabled at the pin.
W: STA-3011: Clock pin 'i2c_ctrl_inst/state_reg[2]/CLK' (GTP_DFF_C.CLK) has no clock, timing propagation is disabled at the pin.
W: STA-3011: Clock pin 'i2c_ctrl_inst/state_reg[3]/CLK' (GTP_DFF_C.CLK) has no clock, timing propagation is disabled at the pin.
W: STA-3011: Clock pin 'i2c_ctrl_inst/state_reg[4]/CLK' (GTP_DFF_C.CLK) has no clock, timing propagation is disabled at the pin.
W: STA-3011: Clock pin 'i2c_ctrl_inst/state_reg[5]/CLK' (GTP_DFF_C.CLK) has no clock, timing propagation is disabled at the pin.
W: STA-3011: Clock pin 'i2c_ctrl_inst/state_reg[6]/CLK' (GTP_DFF_C.CLK) has no clock, timing propagation is disabled at the pin.
W: STA-3011: Clock pin 'i2c_ctrl_inst/state_reg[7]/CLK' (GTP_DFF_C.CLK) has no clock, timing propagation is disabled at the pin.
W: STA-3011: Clock pin 'i2c_ctrl_inst/state_reg[8]/CLK' (GTP_DFF_C.CLK) has no clock, timing propagation is disabled at the pin.
W: STA-3011: Clock pin 'i2c_ctrl_inst/state_reg[9]/CLK' (GTP_DFF_C.CLK) has no clock, timing propagation is disabled at the pin.
W: STA-3011: Clock pin 'i2c_ctrl_inst/state_reg[10]/CLK' (GTP_DFF_C.CLK) has no clock, timing propagation is disabled at the pin.
W: STA-3011: Clock pin 'i2c_ctrl_inst/state_reg[11]/CLK' (GTP_DFF_C.CLK) has no clock, timing propagation is disabled at the pin.
W: STA-3011: Clock pin 'i2c_ctrl_inst/state_reg[12]/CLK' (GTP_DFF_C.CLK) has no clock, timing propagation is disabled at the pin.
W: STA-3011: Clock pin 'i2c_ctrl_inst/state_reg[13]/CLK' (GTP_DFF_C.CLK) has no clock, timing propagation is disabled at the pin.
W: STA-3011: Clock pin 'i2c_ctrl_inst/state_reg[14]/CLK' (GTP_DFF_C.CLK) has no clock, timing propagation is disabled at the pin.
W: STA-3011: Clock pin 'i2c_ctrl_inst/state_reg[15]/CLK' (GTP_DFF_C.CLK) has no clock, timing propagation is disabled at the pin.
W: STA-3011: Clock pin 'i2c_rw_data_inst/byte_addr[0]/CLK' (GTP_DFF_CE.CLK) has no clock, timing propagation is disabled at the pin.
W: STA-3011: Clock pin 'i2c_rw_data_inst/byte_addr[1]/CLK' (GTP_DFF_PE.CLK) has no clock, timing propagation is disabled at the pin.
W: STA-3011: Clock pin 'i2c_rw_data_inst/byte_addr[2]/CLK' (GTP_DFF_CE.CLK) has no clock, timing propagation is disabled at the pin.
W: STA-3011: Clock pin 'i2c_rw_data_inst/byte_addr[3]/CLK' (GTP_DFF_PE.CLK) has no clock, timing propagation is disabled at the pin.
W: STA-3011: Clock pin 'i2c_rw_data_inst/byte_addr[4]/CLK' (GTP_DFF_PE.CLK) has no clock, timing propagation is disabled at the pin.
W: STA-3011: Clock pin 'i2c_rw_data_inst/byte_addr[5]/CLK' (GTP_DFF_CE.CLK) has no clock, timing propagation is disabled at the pin.
W: STA-3011: Clock pin 'i2c_rw_data_inst/byte_addr[6]/CLK' (GTP_DFF_PE.CLK) has no clock, timing propagation is disabled at the pin.
W: STA-3011: Clock pin 'i2c_rw_data_inst/byte_addr[7]/CLK' (GTP_DFF_CE.CLK) has no clock, timing propagation is disabled at the pin.
W: STA-3011: Clock pin 'i2c_rw_data_inst/byte_addr[8]/CLK' (GTP_DFF_CE.CLK) has no clock, timing propagation is disabled at the pin.
W: STA-3011: Clock pin 'i2c_rw_data_inst/byte_addr[9]/CLK' (GTP_DFF_CE.CLK) has no clock, timing propagation is disabled at the pin.
W: STA-3011: Clock pin 'i2c_rw_data_inst/byte_addr[10]/CLK' (GTP_DFF_CE.CLK) has no clock, timing propagation is disabled at the pin.
W: STA-3011: Clock pin 'i2c_rw_data_inst/byte_addr[11]/CLK' (GTP_DFF_CE.CLK) has no clock, timing propagation is disabled at the pin.
W: STA-3011: Clock pin 'i2c_rw_data_inst/byte_addr[12]/CLK' (GTP_DFF_CE.CLK) has no clock, timing propagation is disabled at the pin.
W: STA-3011: Clock pin 'i2c_rw_data_inst/byte_addr[13]/CLK' (GTP_DFF_CE.CLK) has no clock, timing propagation is disabled at the pin.
W: STA-3011: Clock pin 'i2c_rw_data_inst/byte_addr[14]/CLK' (GTP_DFF_CE.CLK) has no clock, timing propagation is disabled at the pin.
W: STA-3011: Clock pin 'i2c_rw_data_inst/byte_addr[15]/CLK' (GTP_DFF_CE.CLK) has no clock, timing propagation is disabled at the pin.
W: STA-3011: Clock pin 'i2c_rw_data_inst/cnt_start[0]/CLK' (GTP_DFF_C.CLK) has no clock, timing propagation is disabled at the pin.
W: STA-3011: Clock pin 'i2c_rw_data_inst/cnt_start[1]/CLK' (GTP_DFF_C.CLK) has no clock, timing propagation is disabled at the pin.
W: STA-3011: Clock pin 'i2c_rw_data_inst/cnt_start[2]/CLK' (GTP_DFF_C.CLK) has no clock, timing propagation is disabled at the pin.
W: STA-3011: Clock pin 'i2c_rw_data_inst/cnt_start[3]/CLK' (GTP_DFF_C.CLK) has no clock, timing propagation is disabled at the pin.
W: STA-3011: Clock pin 'i2c_rw_data_inst/cnt_start[4]/CLK' (GTP_DFF_C.CLK) has no clock, timing propagation is disabled at the pin.
W: STA-3011: Clock pin 'i2c_rw_data_inst/cnt_start[5]/CLK' (GTP_DFF_C.CLK) has no clock, timing propagation is disabled at the pin.
W: STA-3011: Clock pin 'i2c_rw_data_inst/cnt_start[6]/CLK' (GTP_DFF_C.CLK) has no clock, timing propagation is disabled at the pin.
W: STA-3011: Clock pin 'i2c_rw_data_inst/cnt_start[7]/CLK' (GTP_DFF_C.CLK) has no clock, timing propagation is disabled at the pin.
W: STA-3011: Clock pin 'i2c_rw_data_inst/cnt_start[8]/CLK' (GTP_DFF_C.CLK) has no clock, timing propagation is disabled at the pin.
W: STA-3011: Clock pin 'i2c_rw_data_inst/cnt_start[9]/CLK' (GTP_DFF_C.CLK) has no clock, timing propagation is disabled at the pin.
W: STA-3011: Clock pin 'i2c_rw_data_inst/cnt_start[10]/CLK' (GTP_DFF_C.CLK) has no clock, timing propagation is disabled at the pin.
W: STA-3011: Clock pin 'i2c_rw_data_inst/cnt_start[11]/CLK' (GTP_DFF_C.CLK) has no clock, timing propagation is disabled at the pin.
W: STA-3011: Clock pin 'i2c_rw_data_inst/cnt_wait[0]/CLK' (GTP_DFF_C.CLK) has no clock, timing propagation is disabled at the pin.
W: STA-3011: Clock pin 'i2c_rw_data_inst/cnt_wait[1]/CLK' (GTP_DFF_C.CLK) has no clock, timing propagation is disabled at the pin.
W: STA-3011: Clock pin 'i2c_rw_data_inst/cnt_wait[2]/CLK' (GTP_DFF_C.CLK) has no clock, timing propagation is disabled at the pin.
W: STA-3011: Clock pin 'i2c_rw_data_inst/cnt_wait[3]/CLK' (GTP_DFF_C.CLK) has no clock, timing propagation is disabled at the pin.
W: STA-3011: Clock pin 'i2c_rw_data_inst/cnt_wait[4]/CLK' (GTP_DFF_C.CLK) has no clock, timing propagation is disabled at the pin.
W: STA-3011: Clock pin 'i2c_rw_data_inst/cnt_wait[5]/CLK' (GTP_DFF_C.CLK) has no clock, timing propagation is disabled at the pin.
W: STA-3011: Clock pin 'i2c_rw_data_inst/cnt_wait[6]/CLK' (GTP_DFF_C.CLK) has no clock, timing propagation is disabled at the pin.
W: STA-3011: Clock pin 'i2c_rw_data_inst/cnt_wait[7]/CLK' (GTP_DFF_C.CLK) has no clock, timing propagation is disabled at the pin.
W: STA-3011: Clock pin 'i2c_rw_data_inst/cnt_wait[8]/CLK' (GTP_DFF_C.CLK) has no clock, timing propagation is disabled at the pin.
W: STA-3011: Clock pin 'i2c_rw_data_inst/fifo_rd_en/CLK' (GTP_DFF_C.CLK) has no clock, timing propagation is disabled at the pin.
W: STA-3011: Clock pin 'i2c_rw_data_inst/fifo_rd_valid/CLK' (GTP_DFF_C.CLK) has no clock, timing propagation is disabled at the pin.
W: STA-3011: Clock pin 'i2c_rw_data_inst/fifo_read_inst/U_ipm2l_fifo_fifo_data/U_ipm2l_fifo_ctrl/SYN_CTRL.rbin[0]/CLK' (GTP_DFF_C.CLK) has no clock, timing propagation is disabled at the pin.
W: STA-3011: Clock pin 'i2c_rw_data_inst/fifo_read_inst/U_ipm2l_fifo_fifo_data/U_ipm2l_fifo_ctrl/SYN_CTRL.rbin[1]/CLK' (GTP_DFF_C.CLK) has no clock, timing propagation is disabled at the pin.
W: STA-3011: Clock pin 'i2c_rw_data_inst/fifo_read_inst/U_ipm2l_fifo_fifo_data/U_ipm2l_fifo_ctrl/SYN_CTRL.rbin[2]/CLK' (GTP_DFF_C.CLK) has no clock, timing propagation is disabled at the pin.
W: STA-3011: Clock pin 'i2c_rw_data_inst/fifo_read_inst/U_ipm2l_fifo_fifo_data/U_ipm2l_fifo_ctrl/SYN_CTRL.rbin[3]/CLK' (GTP_DFF_C.CLK) has no clock, timing propagation is disabled at the pin.
W: STA-3011: Clock pin 'i2c_rw_data_inst/fifo_read_inst/U_ipm2l_fifo_fifo_data/U_ipm2l_fifo_ctrl/SYN_CTRL.rbin[4]/CLK' (GTP_DFF_C.CLK) has no clock, timing propagation is disabled at the pin.
W: STA-3011: Clock pin 'i2c_rw_data_inst/fifo_read_inst/U_ipm2l_fifo_fifo_data/U_ipm2l_fifo_ctrl/SYN_CTRL.rbin[5]/CLK' (GTP_DFF_C.CLK) has no clock, timing propagation is disabled at the pin.
W: STA-3011: Clock pin 'i2c_rw_data_inst/fifo_read_inst/U_ipm2l_fifo_fifo_data/U_ipm2l_fifo_ctrl/SYN_CTRL.rbin[6]/CLK' (GTP_DFF_C.CLK) has no clock, timing propagation is disabled at the pin.
W: STA-3011: Clock pin 'i2c_rw_data_inst/fifo_read_inst/U_ipm2l_fifo_fifo_data/U_ipm2l_fifo_ctrl/SYN_CTRL.rbin[7]/CLK' (GTP_DFF_C.CLK) has no clock, timing propagation is disabled at the pin.
W: STA-3011: Clock pin 'i2c_rw_data_inst/fifo_read_inst/U_ipm2l_fifo_fifo_data/U_ipm2l_fifo_ctrl/SYN_CTRL.rbin[8]/CLK' (GTP_DFF_C.CLK) has no clock, timing propagation is disabled at the pin.
W: STA-3011: Clock pin 'i2c_rw_data_inst/fifo_read_inst/U_ipm2l_fifo_fifo_data/U_ipm2l_fifo_ctrl/SYN_CTRL.rbin[9]/CLK' (GTP_DFF_C.CLK) has no clock, timing propagation is disabled at the pin.
W: STA-3011: Clock pin 'i2c_rw_data_inst/fifo_read_inst/U_ipm2l_fifo_fifo_data/U_ipm2l_fifo_ctrl/SYN_CTRL.rbin[10]/CLK' (GTP_DFF_C.CLK) has no clock, timing propagation is disabled at the pin.
W: STA-3011: Clock pin 'i2c_rw_data_inst/fifo_read_inst/U_ipm2l_fifo_fifo_data/U_ipm2l_fifo_ctrl/SYN_CTRL.rbin[11]/CLK' (GTP_DFF_C.CLK) has no clock, timing propagation is disabled at the pin.
W: STA-3011: Clock pin 'i2c_rw_data_inst/fifo_read_inst/U_ipm2l_fifo_fifo_data/U_ipm2l_fifo_ctrl/SYN_CTRL.rbin[12]/CLK' (GTP_DFF_C.CLK) has no clock, timing propagation is disabled at the pin.
W: STA-3011: Clock pin 'i2c_rw_data_inst/fifo_read_inst/U_ipm2l_fifo_fifo_data/U_ipm2l_fifo_ctrl/SYN_CTRL.rbin[13]/CLK' (GTP_DFF_C.CLK) has no clock, timing propagation is disabled at the pin.
W: STA-3011: Clock pin 'i2c_rw_data_inst/fifo_read_inst/U_ipm2l_fifo_fifo_data/U_ipm2l_fifo_ctrl/SYN_CTRL.rbin[14]/CLK' (GTP_DFF_C.CLK) has no clock, timing propagation is disabled at the pin.
W: STA-3011: Clock pin 'i2c_rw_data_inst/fifo_read_inst/U_ipm2l_fifo_fifo_data/U_ipm2l_fifo_ctrl/SYN_CTRL.rptr[0]/CLK' (GTP_DFF_CE.CLK) has no clock, timing propagation is disabled at the pin.
W: STA-3011: Clock pin 'i2c_rw_data_inst/fifo_read_inst/U_ipm2l_fifo_fifo_data/U_ipm2l_fifo_ctrl/SYN_CTRL.rptr[1]/CLK' (GTP_DFF_CE.CLK) has no clock, timing propagation is disabled at the pin.
W: STA-3011: Clock pin 'i2c_rw_data_inst/fifo_read_inst/U_ipm2l_fifo_fifo_data/U_ipm2l_fifo_ctrl/SYN_CTRL.rptr[2]/CLK' (GTP_DFF_CE.CLK) has no clock, timing propagation is disabled at the pin.
W: STA-3011: Clock pin 'i2c_rw_data_inst/fifo_read_inst/U_ipm2l_fifo_fifo_data/U_ipm2l_fifo_ctrl/SYN_CTRL.rptr[3]/CLK' (GTP_DFF_CE.CLK) has no clock, timing propagation is disabled at the pin.
W: STA-3011: Clock pin 'i2c_rw_data_inst/fifo_read_inst/U_ipm2l_fifo_fifo_data/U_ipm2l_fifo_ctrl/SYN_CTRL.rptr[4]/CLK' (GTP_DFF_CE.CLK) has no clock, timing propagation is disabled at the pin.
W: STA-3011: Clock pin 'i2c_rw_data_inst/fifo_read_inst/U_ipm2l_fifo_fifo_data/U_ipm2l_fifo_ctrl/SYN_CTRL.rptr[5]/CLK' (GTP_DFF_CE.CLK) has no clock, timing propagation is disabled at the pin.
W: STA-3011: Clock pin 'i2c_rw_data_inst/fifo_read_inst/U_ipm2l_fifo_fifo_data/U_ipm2l_fifo_ctrl/SYN_CTRL.rptr[6]/CLK' (GTP_DFF_CE.CLK) has no clock, timing propagation is disabled at the pin.
W: STA-3011: Clock pin 'i2c_rw_data_inst/fifo_read_inst/U_ipm2l_fifo_fifo_data/U_ipm2l_fifo_ctrl/SYN_CTRL.rptr[7]/CLK' (GTP_DFF_CE.CLK) has no clock, timing propagation is disabled at the pin.
W: STA-3011: Clock pin 'i2c_rw_data_inst/fifo_read_inst/U_ipm2l_fifo_fifo_data/U_ipm2l_fifo_ctrl/SYN_CTRL.rptr[8]/CLK' (GTP_DFF_CE.CLK) has no clock, timing propagation is disabled at the pin.
W: STA-3011: Clock pin 'i2c_rw_data_inst/fifo_read_inst/U_ipm2l_fifo_fifo_data/U_ipm2l_fifo_ctrl/SYN_CTRL.rptr[9]/CLK' (GTP_DFF_CE.CLK) has no clock, timing propagation is disabled at the pin.
W: STA-3011: Clock pin 'i2c_rw_data_inst/fifo_read_inst/U_ipm2l_fifo_fifo_data/U_ipm2l_fifo_ctrl/SYN_CTRL.rptr[10]/CLK' (GTP_DFF_CE.CLK) has no clock, timing propagation is disabled at the pin.
W: STA-3011: Clock pin 'i2c_rw_data_inst/fifo_read_inst/U_ipm2l_fifo_fifo_data/U_ipm2l_fifo_ctrl/SYN_CTRL.rptr[11]/CLK' (GTP_DFF_CE.CLK) has no clock, timing propagation is disabled at the pin.
W: STA-3011: Clock pin 'i2c_rw_data_inst/fifo_read_inst/U_ipm2l_fifo_fifo_data/U_ipm2l_fifo_ctrl/SYN_CTRL.rptr[12]/CLK' (GTP_DFF_CE.CLK) has no clock, timing propagation is disabled at the pin.
W: STA-3011: Clock pin 'i2c_rw_data_inst/fifo_read_inst/U_ipm2l_fifo_fifo_data/U_ipm2l_fifo_ctrl/SYN_CTRL.rptr[13]/CLK' (GTP_DFF_CE.CLK) has no clock, timing propagation is disabled at the pin.
W: STA-3011: Clock pin 'i2c_rw_data_inst/fifo_read_inst/U_ipm2l_fifo_fifo_data/U_ipm2l_fifo_ctrl/SYN_CTRL.rptr[14]/CLK' (GTP_DFF_CE.CLK) has no clock, timing propagation is disabled at the pin.
W: STA-3011: Clock pin 'i2c_rw_data_inst/fifo_read_inst/U_ipm2l_fifo_fifo_data/U_ipm2l_fifo_ctrl/SYN_CTRL.rptr[15]/CLK' (GTP_DFF_CE.CLK) has no clock, timing propagation is disabled at the pin.
W: STA-3011: Clock pin 'i2c_rw_data_inst/fifo_read_inst/U_ipm2l_fifo_fifo_data/U_ipm2l_fifo_ctrl/SYN_CTRL.syn_rempty/CLK' (GTP_DFF_P.CLK) has no clock, timing propagation is disabled at the pin.
W: STA-3011: Clock pin 'i2c_rw_data_inst/fifo_read_inst/U_ipm2l_fifo_fifo_data/U_ipm2l_fifo_ctrl/SYN_CTRL.syn_wfull/CLK' (GTP_DFF_C.CLK) has no clock, timing propagation is disabled at the pin.
W: STA-3011: Clock pin 'i2c_rw_data_inst/fifo_read_inst/U_ipm2l_fifo_fifo_data/U_ipm2l_fifo_ctrl/SYN_CTRL.wbin[0]/CLK' (GTP_DFF_C.CLK) has no clock, timing propagation is disabled at the pin.
W: STA-3011: Clock pin 'i2c_rw_data_inst/fifo_read_inst/U_ipm2l_fifo_fifo_data/U_ipm2l_fifo_ctrl/SYN_CTRL.wbin[1]/CLK' (GTP_DFF_C.CLK) has no clock, timing propagation is disabled at the pin.
W: STA-3011: Clock pin 'i2c_rw_data_inst/fifo_read_inst/U_ipm2l_fifo_fifo_data/U_ipm2l_fifo_ctrl/SYN_CTRL.wbin[2]/CLK' (GTP_DFF_C.CLK) has no clock, timing propagation is disabled at the pin.
W: STA-3011: Clock pin 'i2c_rw_data_inst/fifo_read_inst/U_ipm2l_fifo_fifo_data/U_ipm2l_fifo_ctrl/SYN_CTRL.wbin[3]/CLK' (GTP_DFF_C.CLK) has no clock, timing propagation is disabled at the pin.
W: STA-3011: Clock pin 'i2c_rw_data_inst/fifo_read_inst/U_ipm2l_fifo_fifo_data/U_ipm2l_fifo_ctrl/SYN_CTRL.wbin[4]/CLK' (GTP_DFF_C.CLK) has no clock, timing propagation is disabled at the pin.
W: STA-3011: Clock pin 'i2c_rw_data_inst/fifo_read_inst/U_ipm2l_fifo_fifo_data/U_ipm2l_fifo_ctrl/SYN_CTRL.wbin[5]/CLK' (GTP_DFF_C.CLK) has no clock, timing propagation is disabled at the pin.
W: STA-3011: Clock pin 'i2c_rw_data_inst/fifo_read_inst/U_ipm2l_fifo_fifo_data/U_ipm2l_fifo_ctrl/SYN_CTRL.wbin[6]/CLK' (GTP_DFF_C.CLK) has no clock, timing propagation is disabled at the pin.
W: STA-3011: Clock pin 'i2c_rw_data_inst/fifo_read_inst/U_ipm2l_fifo_fifo_data/U_ipm2l_fifo_ctrl/SYN_CTRL.wbin[7]/CLK' (GTP_DFF_C.CLK) has no clock, timing propagation is disabled at the pin.
W: STA-3011: Clock pin 'i2c_rw_data_inst/fifo_read_inst/U_ipm2l_fifo_fifo_data/U_ipm2l_fifo_ctrl/SYN_CTRL.wbin[8]/CLK' (GTP_DFF_C.CLK) has no clock, timing propagation is disabled at the pin.
W: STA-3011: Clock pin 'i2c_rw_data_inst/fifo_read_inst/U_ipm2l_fifo_fifo_data/U_ipm2l_fifo_ctrl/SYN_CTRL.wbin[9]/CLK' (GTP_DFF_C.CLK) has no clock, timing propagation is disabled at the pin.
W: STA-3011: Clock pin 'i2c_rw_data_inst/fifo_read_inst/U_ipm2l_fifo_fifo_data/U_ipm2l_fifo_ctrl/SYN_CTRL.wbin[10]/CLK' (GTP_DFF_C.CLK) has no clock, timing propagation is disabled at the pin.
W: STA-3011: Clock pin 'i2c_rw_data_inst/fifo_read_inst/U_ipm2l_fifo_fifo_data/U_ipm2l_fifo_ctrl/SYN_CTRL.wbin[11]/CLK' (GTP_DFF_C.CLK) has no clock, timing propagation is disabled at the pin.
W: STA-3011: Clock pin 'i2c_rw_data_inst/fifo_read_inst/U_ipm2l_fifo_fifo_data/U_ipm2l_fifo_ctrl/SYN_CTRL.wbin[12]/CLK' (GTP_DFF_C.CLK) has no clock, timing propagation is disabled at the pin.
W: STA-3011: Clock pin 'i2c_rw_data_inst/fifo_read_inst/U_ipm2l_fifo_fifo_data/U_ipm2l_fifo_ctrl/SYN_CTRL.wbin[13]/CLK' (GTP_DFF_C.CLK) has no clock, timing propagation is disabled at the pin.
W: STA-3011: Clock pin 'i2c_rw_data_inst/fifo_read_inst/U_ipm2l_fifo_fifo_data/U_ipm2l_fifo_ctrl/SYN_CTRL.wbin[14]/CLK' (GTP_DFF_C.CLK) has no clock, timing propagation is disabled at the pin.
W: STA-3011: Clock pin 'i2c_rw_data_inst/fifo_read_inst/U_ipm2l_fifo_fifo_data/U_ipm2l_fifo_ctrl/SYN_CTRL.wptr[0]/CLK' (GTP_DFF_CE.CLK) has no clock, timing propagation is disabled at the pin.
W: STA-3011: Clock pin 'i2c_rw_data_inst/fifo_read_inst/U_ipm2l_fifo_fifo_data/U_ipm2l_fifo_ctrl/SYN_CTRL.wptr[1]/CLK' (GTP_DFF_CE.CLK) has no clock, timing propagation is disabled at the pin.
W: STA-3011: Clock pin 'i2c_rw_data_inst/fifo_read_inst/U_ipm2l_fifo_fifo_data/U_ipm2l_fifo_ctrl/SYN_CTRL.wptr[2]/CLK' (GTP_DFF_CE.CLK) has no clock, timing propagation is disabled at the pin.
W: STA-3011: Clock pin 'i2c_rw_data_inst/fifo_read_inst/U_ipm2l_fifo_fifo_data/U_ipm2l_fifo_ctrl/SYN_CTRL.wptr[3]/CLK' (GTP_DFF_CE.CLK) has no clock, timing propagation is disabled at the pin.
W: STA-3011: Clock pin 'i2c_rw_data_inst/fifo_read_inst/U_ipm2l_fifo_fifo_data/U_ipm2l_fifo_ctrl/SYN_CTRL.wptr[4]/CLK' (GTP_DFF_CE.CLK) has no clock, timing propagation is disabled at the pin.
W: STA-3011: Clock pin 'i2c_rw_data_inst/fifo_read_inst/U_ipm2l_fifo_fifo_data/U_ipm2l_fifo_ctrl/SYN_CTRL.wptr[5]/CLK' (GTP_DFF_CE.CLK) has no clock, timing propagation is disabled at the pin.
W: STA-3011: Clock pin 'i2c_rw_data_inst/fifo_read_inst/U_ipm2l_fifo_fifo_data/U_ipm2l_fifo_ctrl/SYN_CTRL.wptr[6]/CLK' (GTP_DFF_CE.CLK) has no clock, timing propagation is disabled at the pin.
W: STA-3011: Clock pin 'i2c_rw_data_inst/fifo_read_inst/U_ipm2l_fifo_fifo_data/U_ipm2l_fifo_ctrl/SYN_CTRL.wptr[7]/CLK' (GTP_DFF_CE.CLK) has no clock, timing propagation is disabled at the pin.
W: STA-3011: Clock pin 'i2c_rw_data_inst/fifo_read_inst/U_ipm2l_fifo_fifo_data/U_ipm2l_fifo_ctrl/SYN_CTRL.wptr[8]/CLK' (GTP_DFF_CE.CLK) has no clock, timing propagation is disabled at the pin.
W: STA-3011: Clock pin 'i2c_rw_data_inst/fifo_read_inst/U_ipm2l_fifo_fifo_data/U_ipm2l_fifo_ctrl/SYN_CTRL.wptr[9]/CLK' (GTP_DFF_CE.CLK) has no clock, timing propagation is disabled at the pin.
W: STA-3011: Clock pin 'i2c_rw_data_inst/fifo_read_inst/U_ipm2l_fifo_fifo_data/U_ipm2l_fifo_ctrl/SYN_CTRL.wptr[10]/CLK' (GTP_DFF_CE.CLK) has no clock, timing propagation is disabled at the pin.
W: STA-3011: Clock pin 'i2c_rw_data_inst/fifo_read_inst/U_ipm2l_fifo_fifo_data/U_ipm2l_fifo_ctrl/SYN_CTRL.wptr[11]/CLK' (GTP_DFF_CE.CLK) has no clock, timing propagation is disabled at the pin.
W: STA-3011: Clock pin 'i2c_rw_data_inst/fifo_read_inst/U_ipm2l_fifo_fifo_data/U_ipm2l_fifo_ctrl/SYN_CTRL.wptr[12]/CLK' (GTP_DFF_CE.CLK) has no clock, timing propagation is disabled at the pin.
W: STA-3011: Clock pin 'i2c_rw_data_inst/fifo_read_inst/U_ipm2l_fifo_fifo_data/U_ipm2l_fifo_ctrl/SYN_CTRL.wptr[13]/CLK' (GTP_DFF_CE.CLK) has no clock, timing propagation is disabled at the pin.
W: STA-3011: Clock pin 'i2c_rw_data_inst/fifo_read_inst/U_ipm2l_fifo_fifo_data/U_ipm2l_fifo_ctrl/SYN_CTRL.wptr[14]/CLK' (GTP_DFF_CE.CLK) has no clock, timing propagation is disabled at the pin.
W: STA-3011: Clock pin 'i2c_rw_data_inst/fifo_read_inst/U_ipm2l_fifo_fifo_data/U_ipm2l_fifo_ctrl/SYN_CTRL.wptr[15]/CLK' (GTP_DFF_CE.CLK) has no clock, timing propagation is disabled at the pin.
W: STA-3011: Clock pin 'i2c_rw_data_inst/fifo_read_inst/U_ipm2l_fifo_fifo_data/U_ipm2l_fifo_ctrl/rd_water_level[0]/CLK' (GTP_DFF_C.CLK) has no clock, timing propagation is disabled at the pin.
W: STA-3011: Clock pin 'i2c_rw_data_inst/fifo_read_inst/U_ipm2l_fifo_fifo_data/U_ipm2l_fifo_ctrl/rd_water_level[1]/CLK' (GTP_DFF_C.CLK) has no clock, timing propagation is disabled at the pin.
W: STA-3011: Clock pin 'i2c_rw_data_inst/fifo_read_inst/U_ipm2l_fifo_fifo_data/U_ipm2l_fifo_ctrl/rd_water_level[2]/CLK' (GTP_DFF_C.CLK) has no clock, timing propagation is disabled at the pin.
W: STA-3011: Clock pin 'i2c_rw_data_inst/fifo_read_inst/U_ipm2l_fifo_fifo_data/U_ipm2l_fifo_ctrl/rd_water_level[3]/CLK' (GTP_DFF_C.CLK) has no clock, timing propagation is disabled at the pin.
W: STA-3011: Clock pin 'i2c_rw_data_inst/fifo_read_inst/U_ipm2l_fifo_fifo_data/U_ipm2l_fifo_ctrl/rd_water_level[4]/CLK' (GTP_DFF_C.CLK) has no clock, timing propagation is disabled at the pin.
W: STA-3011: Clock pin 'i2c_rw_data_inst/fifo_read_inst/U_ipm2l_fifo_fifo_data/U_ipm2l_fifo_ctrl/rd_water_level[5]/CLK' (GTP_DFF_C.CLK) has no clock, timing propagation is disabled at the pin.
W: STA-3011: Clock pin 'i2c_rw_data_inst/fifo_read_inst/U_ipm2l_fifo_fifo_data/U_ipm2l_fifo_ctrl/rd_water_level[6]/CLK' (GTP_DFF_C.CLK) has no clock, timing propagation is disabled at the pin.
W: STA-3011: Clock pin 'i2c_rw_data_inst/fifo_read_inst/U_ipm2l_fifo_fifo_data/U_ipm2l_fifo_ctrl/rd_water_level[7]/CLK' (GTP_DFF_C.CLK) has no clock, timing propagation is disabled at the pin.
W: STA-3011: Clock pin 'i2c_rw_data_inst/fifo_read_inst/U_ipm2l_fifo_fifo_data/U_ipm2l_sdpram/ADDR_LOOP[0].DATA_LOOP[0].U_GTP_DRM36K_E1/CLKA' (GTP_DRM36K_E1.CLKA) has no clock, timing propagation is disabled at the pin.
W: STA-3011: Clock pin 'i2c_rw_data_inst/fifo_read_inst/U_ipm2l_fifo_fifo_data/U_ipm2l_sdpram/ADDR_LOOP[0].DATA_LOOP[0].U_GTP_DRM36K_E1/CLKB' (GTP_DRM36K_E1.CLKB) has no clock, timing propagation is disabled at the pin.
W: STA-3011: Clock pin 'i2c_rw_data_inst/fifo_read_inst/U_ipm2l_fifo_fifo_data/U_ipm2l_sdpram/ADDR_LOOP[0].DATA_LOOP[1].U_GTP_DRM36K_E1/CLKA' (GTP_DRM36K_E1.CLKA) has no clock, timing propagation is disabled at the pin.
W: STA-3011: Clock pin 'i2c_rw_data_inst/fifo_read_inst/U_ipm2l_fifo_fifo_data/U_ipm2l_sdpram/ADDR_LOOP[0].DATA_LOOP[1].U_GTP_DRM36K_E1/CLKB' (GTP_DRM36K_E1.CLKB) has no clock, timing propagation is disabled at the pin.
W: STA-3011: Clock pin 'i2c_rw_data_inst/fifo_read_inst/U_ipm2l_fifo_fifo_data/U_ipm2l_sdpram/ADDR_LOOP[0].DATA_LOOP[2].U_GTP_DRM36K_E1/CLKA' (GTP_DRM36K_E1.CLKA) has no clock, timing propagation is disabled at the pin.
W: STA-3011: Clock pin 'i2c_rw_data_inst/fifo_read_inst/U_ipm2l_fifo_fifo_data/U_ipm2l_sdpram/ADDR_LOOP[0].DATA_LOOP[2].U_GTP_DRM36K_E1/CLKB' (GTP_DRM36K_E1.CLKB) has no clock, timing propagation is disabled at the pin.
W: STA-3011: Clock pin 'i2c_rw_data_inst/fifo_read_inst/U_ipm2l_fifo_fifo_data/U_ipm2l_sdpram/ADDR_LOOP[0].DATA_LOOP[3].U_GTP_DRM36K_E1/CLKA' (GTP_DRM36K_E1.CLKA) has no clock, timing propagation is disabled at the pin.
W: STA-3011: Clock pin 'i2c_rw_data_inst/fifo_read_inst/U_ipm2l_fifo_fifo_data/U_ipm2l_sdpram/ADDR_LOOP[0].DATA_LOOP[3].U_GTP_DRM36K_E1/CLKB' (GTP_DRM36K_E1.CLKB) has no clock, timing propagation is disabled at the pin.
W: STA-3011: Clock pin 'i2c_rw_data_inst/fifo_read_inst/U_ipm2l_fifo_fifo_data/U_ipm2l_sdpram/ADDR_LOOP[0].DATA_LOOP[4].U_GTP_DRM36K_E1/CLKA' (GTP_DRM36K_E1.CLKA) has no clock, timing propagation is disabled at the pin.
W: STA-3011: Clock pin 'i2c_rw_data_inst/fifo_read_inst/U_ipm2l_fifo_fifo_data/U_ipm2l_sdpram/ADDR_LOOP[0].DATA_LOOP[4].U_GTP_DRM36K_E1/CLKB' (GTP_DRM36K_E1.CLKB) has no clock, timing propagation is disabled at the pin.
W: STA-3011: Clock pin 'i2c_rw_data_inst/fifo_read_inst/U_ipm2l_fifo_fifo_data/U_ipm2l_sdpram/ADDR_LOOP[0].DATA_LOOP[5].U_GTP_DRM36K_E1/CLKA' (GTP_DRM36K_E1.CLKA) has no clock, timing propagation is disabled at the pin.
W: STA-3011: Clock pin 'i2c_rw_data_inst/fifo_read_inst/U_ipm2l_fifo_fifo_data/U_ipm2l_sdpram/ADDR_LOOP[0].DATA_LOOP[5].U_GTP_DRM36K_E1/CLKB' (GTP_DRM36K_E1.CLKB) has no clock, timing propagation is disabled at the pin.
W: STA-3011: Clock pin 'i2c_rw_data_inst/fifo_read_inst/U_ipm2l_fifo_fifo_data/U_ipm2l_sdpram/ADDR_LOOP[0].DATA_LOOP[6].U_GTP_DRM36K_E1/CLKA' (GTP_DRM36K_E1.CLKA) has no clock, timing propagation is disabled at the pin.
W: STA-3011: Clock pin 'i2c_rw_data_inst/fifo_read_inst/U_ipm2l_fifo_fifo_data/U_ipm2l_sdpram/ADDR_LOOP[0].DATA_LOOP[6].U_GTP_DRM36K_E1/CLKB' (GTP_DRM36K_E1.CLKB) has no clock, timing propagation is disabled at the pin.
W: STA-3011: Clock pin 'i2c_rw_data_inst/fifo_read_inst/U_ipm2l_fifo_fifo_data/U_ipm2l_sdpram/ADDR_LOOP[0].DATA_LOOP[7].U_GTP_DRM36K_E1/CLKA' (GTP_DRM36K_E1.CLKA) has no clock, timing propagation is disabled at the pin.
W: STA-3011: Clock pin 'i2c_rw_data_inst/fifo_read_inst/U_ipm2l_fifo_fifo_data/U_ipm2l_sdpram/ADDR_LOOP[0].DATA_LOOP[7].U_GTP_DRM36K_E1/CLKB' (GTP_DRM36K_E1.CLKB) has no clock, timing propagation is disabled at the pin.
W: STA-3011: Clock pin 'i2c_rw_data_inst/i2c_start/CLK' (GTP_DFF_C.CLK) has no clock, timing propagation is disabled at the pin.
W: STA-3011: Clock pin 'i2c_rw_data_inst/rd_data_num[0]/CLK' (GTP_DFF_CE.CLK) has no clock, timing propagation is disabled at the pin.
W: STA-3011: Clock pin 'i2c_rw_data_inst/rd_data_num[1]/CLK' (GTP_DFF_CE.CLK) has no clock, timing propagation is disabled at the pin.
W: STA-3011: Clock pin 'i2c_rw_data_inst/rd_data_num[2]/CLK' (GTP_DFF_CE.CLK) has no clock, timing propagation is disabled at the pin.
W: STA-3011: Clock pin 'i2c_rw_data_inst/rd_data_num[3]/CLK' (GTP_DFF_CE.CLK) has no clock, timing propagation is disabled at the pin.
W: STA-3011: Clock pin 'i2c_rw_data_inst/rd_data_num[4]/CLK' (GTP_DFF_CE.CLK) has no clock, timing propagation is disabled at the pin.
W: STA-3011: Clock pin 'i2c_rw_data_inst/rd_data_num[5]/CLK' (GTP_DFF_CE.CLK) has no clock, timing propagation is disabled at the pin.
W: STA-3011: Clock pin 'i2c_rw_data_inst/rd_data_num[6]/CLK' (GTP_DFF_CE.CLK) has no clock, timing propagation is disabled at the pin.
W: STA-3011: Clock pin 'i2c_rw_data_inst/rd_data_num[7]/CLK' (GTP_DFF_CE.CLK) has no clock, timing propagation is disabled at the pin.
W: STA-3011: Clock pin 'i2c_rw_data_inst/rd_en/CLK' (GTP_DFF_C.CLK) has no clock, timing propagation is disabled at the pin.
W: STA-3011: Clock pin 'i2c_rw_data_inst/rd_i2c_data_num[0]/CLK' (GTP_DFF_CE.CLK) has no clock, timing propagation is disabled at the pin.
W: STA-3011: Clock pin 'i2c_rw_data_inst/rd_i2c_data_num[1]/CLK' (GTP_DFF_CE.CLK) has no clock, timing propagation is disabled at the pin.
W: STA-3011: Clock pin 'i2c_rw_data_inst/rd_i2c_data_num[2]/CLK' (GTP_DFF_CE.CLK) has no clock, timing propagation is disabled at the pin.
W: STA-3011: Clock pin 'i2c_rw_data_inst/rd_i2c_data_num[3]/CLK' (GTP_DFF_CE.CLK) has no clock, timing propagation is disabled at the pin.
W: STA-3011: Clock pin 'i2c_rw_data_inst/rd_i2c_data_num[4]/CLK' (GTP_DFF_CE.CLK) has no clock, timing propagation is disabled at the pin.
W: STA-3011: Clock pin 'i2c_rw_data_inst/rd_i2c_data_num[5]/CLK' (GTP_DFF_CE.CLK) has no clock, timing propagation is disabled at the pin.
W: STA-3011: Clock pin 'i2c_rw_data_inst/rd_i2c_data_num[6]/CLK' (GTP_DFF_CE.CLK) has no clock, timing propagation is disabled at the pin.
W: STA-3011: Clock pin 'i2c_rw_data_inst/rd_i2c_data_num[7]/CLK' (GTP_DFF_CE.CLK) has no clock, timing propagation is disabled at the pin.
W: STA-3011: Clock pin 'i2c_rw_data_inst/wr_data[0]/CLK' (GTP_DFF_PE.CLK) has no clock, timing propagation is disabled at the pin.
W: STA-3011: Clock pin 'i2c_rw_data_inst/wr_data[1]/CLK' (GTP_DFF_CE.CLK) has no clock, timing propagation is disabled at the pin.
W: STA-3011: Clock pin 'i2c_rw_data_inst/wr_data[2]/CLK' (GTP_DFF_CE.CLK) has no clock, timing propagation is disabled at the pin.
W: STA-3011: Clock pin 'i2c_rw_data_inst/wr_data[3]/CLK' (GTP_DFF_CE.CLK) has no clock, timing propagation is disabled at the pin.
W: STA-3011: Clock pin 'i2c_rw_data_inst/wr_data[4]/CLK' (GTP_DFF_CE.CLK) has no clock, timing propagation is disabled at the pin.
W: STA-3011: Clock pin 'i2c_rw_data_inst/wr_data[5]/CLK' (GTP_DFF_CE.CLK) has no clock, timing propagation is disabled at the pin.
W: STA-3011: Clock pin 'i2c_rw_data_inst/wr_data[6]/CLK' (GTP_DFF_CE.CLK) has no clock, timing propagation is disabled at the pin.
W: STA-3011: Clock pin 'i2c_rw_data_inst/wr_data[7]/CLK' (GTP_DFF_CE.CLK) has no clock, timing propagation is disabled at the pin.
W: STA-3011: Clock pin 'i2c_rw_data_inst/wr_en/CLK' (GTP_DFF_C.CLK) has no clock, timing propagation is disabled at the pin.
W: STA-3011: Clock pin 'i2c_rw_data_inst/wr_i2c_data_num[0]/CLK' (GTP_DFF_CE.CLK) has no clock, timing propagation is disabled at the pin.
W: STA-3011: Clock pin 'i2c_rw_data_inst/wr_i2c_data_num[1]/CLK' (GTP_DFF_CE.CLK) has no clock, timing propagation is disabled at the pin.
W: STA-3011: Clock pin 'i2c_rw_data_inst/wr_i2c_data_num[2]/CLK' (GTP_DFF_CE.CLK) has no clock, timing propagation is disabled at the pin.
W: STA-3011: Clock pin 'i2c_rw_data_inst/wr_i2c_data_num[3]/CLK' (GTP_DFF_CE.CLK) has no clock, timing propagation is disabled at the pin.
W: STA-3011: Clock pin 'i2c_rw_data_inst/wr_i2c_data_num[4]/CLK' (GTP_DFF_CE.CLK) has no clock, timing propagation is disabled at the pin.
W: STA-3011: Clock pin 'i2c_rw_data_inst/wr_i2c_data_num[5]/CLK' (GTP_DFF_CE.CLK) has no clock, timing propagation is disabled at the pin.
W: STA-3011: Clock pin 'i2c_rw_data_inst/wr_i2c_data_num[6]/CLK' (GTP_DFF_CE.CLK) has no clock, timing propagation is disabled at the pin.
W: STA-3011: Clock pin 'i2c_rw_data_inst/wr_i2c_data_num[7]/CLK' (GTP_DFF_CE.CLK) has no clock, timing propagation is disabled at the pin.
W: Timing-4087: Port 'sda' is not constrained, it is treated as combinational output.
W: Timing-4087: Port 'scl' is not constrained, it is treated as combinational output.
W: Timing-4087: Port 'tx' is not constrained, it is treated as combinational output.
W: Timing-4086: Port 'key_rd' is not constrained, it is treated as combinational input.
W: Timing-4086: Port 'key_wr' is not constrained, it is treated as combinational input.
W: Timing-4086: Port 'sys_rst_n' is not constrained, it is treated as combinational input.
Action synthesize: Real time elapsed is 0h:0m:9s
Action synthesize: CPU time elapsed is 0h:0m:7s
Action synthesize: Process CPU time elapsed is 0h:0m:7s
Current time: Wed Jun 17 10:56:30 2026
Action synthesize: Peak memory pool usage is 334 MB
