#Build: Fabric Compiler 2025.2, Build 211867, Jan 16 16:10 2026
#Install: E:\work\pango\PDS_2025.2-ads\bin
#Application name: pds_shell.exe
#OS: Windows 11 10.0.26200
#CPU: Unknown
#RAM(GB): 32
#Hostname: dionirpyC
#Generated by Fabric Compiler (version 2025.2 build 211867) at Sun Sep 27 17:24:22 2026
Parameters for debugging are loaded as follows:
License checkout: fabric_ads from E:/work/pango/PDS_2025.2-ads/new_pds_F4A80DA47D72.lic
Compiling verification operator library.
Compiling vendor parameter file.
Loading technology operator library.
Compiling technology operator library.
Compiling technology operator (valence) library.
I: Enable Verilog2k features and keywords
Start rtl-analyze.
I: Include path: E:/code/PangoWork/Works/hdmi/.driver_lint_out7210
I: Verilog-0001: Analyzing file E:/code/PangoWork/Works/hdmi/Designs/drivers/iic/iic_master.v.
I: Verilog-0002: [E:/code/PangoWork/Works/hdmi/Designs/drivers/iic/iic_master.v(line number: 10)] Analyzing module iic_master (library work).
Parsing done.
I: Verilog-0001: Analyzing file E:/code/PangoWork/Works/hdmi/Designs/hardware/ms7210/ms7210_driver.v.
I: Verilog-0002: [E:/code/PangoWork/Works/hdmi/Designs/hardware/ms7210/ms7210_driver.v(line number: 1)] Analyzing module ms7210_driver (library work).
Parsing done.
I: Verilog-0001: Analyzing file E:/code/PangoWork/Works/hdmi/Designs/hardware/ms7210/ms7210_top.v.
I: Verilog-0002: [E:/code/PangoWork/Works/hdmi/Designs/hardware/ms7210/ms7210_top.v(line number: 1)] Analyzing module ms7210_top (library work).
Parsing done.
I: Module "ms7210_top" is set as top module
Executing : rtl-analyze successfully. Time elapsed: 2.169s wall, 0.016s user + 0.031s system = 0.047s CPU (2.2%). Peak memory used: 175 MB.

Start rtl-elaborate.
I: Verilog-0003: [E:/code/PangoWork/Works/hdmi/Designs/hardware/ms7210/ms7210_top.v(line number: 1)] Elaborating module ms7210_top.
I: Module instance {ms7210_top} parameter value:
    SYS_CLK_FREQ_HZ = 32'sh2FAF080 | 50000000 | 32'sb00000010111110101111000010000000
    IIC_CLK_FREQ_HZ = 32'sh186A00 | 1600000 | 32'sb00000000000110000110101000000000
    IIC_SCL_FREQ_HZ = 32'sh61A80 | 400000 | 32'sb00000000000001100001101010000000
    RESET_HOLD_MS = 32'sh1 | 1 | 32'sb00000000000000000000000000000001
    RESET_RELEASE_MS = 32'sh1 | 1 | 32'sb00000000000000000000000000000001
    STARTUP_WAIT_MS = 32'sh140 | 320 | 32'sb00000000000000000000000101000000
I: Verilog-0004: [E:/code/PangoWork/Works/hdmi/Designs/hardware/ms7210/ms7210_top.v(line number: 165)] Elaborating instance ms7210_driver_instance.
I: Verilog-0003: [E:/code/PangoWork/Works/hdmi/Designs/hardware/ms7210/ms7210_driver.v(line number: 1)] Elaborating module ms7210_driver.
I: Module instance {ms7210_top/ms7210_driver_instance} parameter value:
    SYS_CLK_FREQ_HZ = 32'sh2FAF080 | 50000000 | 32'sb00000010111110101111000010000000
    STARTUP_WAIT_MS = 32'sh140 | 320 | 32'sb00000000000000000000000101000000
I: Verilog-0004: [E:/code/PangoWork/Works/hdmi/Designs/hardware/ms7210/ms7210_top.v(line number: 184)] Elaborating instance ms7210_iic_instance.
I: Verilog-0003: [E:/code/PangoWork/Works/hdmi/Designs/drivers/iic/iic_master.v(line number: 10)] Elaborating module iic_master.
I: Module instance {ms7210_top/ms7210_iic_instance} parameter value:
    DEVICE_ADDR = 32'sh59 | 89 | 32'sb00000000000000000000000001011001
    IIC_CLK_FREQ = 32'sh186A00 | 1600000 | 32'sb00000000000110000110101000000000
    IIC_SCL_FREQ = 32'sh61A80 | 400000 | 32'sb00000000000001100001101010000000
Executing : rtl-elaborate successfully. Time elapsed: 0.024s wall, 0.000s user + 0.031s system = 0.031s CPU (128.1%). Peak memory used: 185 MB.

Start rtl-prep.
Executing : rtl-prep successfully. Time elapsed: 0.012s wall, 0.000s user + 0.016s system = 0.016s CPU (127.9%). Peak memory used: 185 MB.

Start rtl-infer.
Start DFF-inference.
Executing : DFF-inference successfully.
Executing : rtl-infer successfully. Time elapsed: 0.220s wall, 0.125s user + 0.094s system = 0.219s CPU (99.4%). Peak memory used: 187 MB.

Start rtl-control-opt.
Executing : rtl-control-opt successfully. Time elapsed: 0.028s wall, 0.031s user + 0.000s system = 0.031s CPU (112.6%). Peak memory used: 187 MB.

Start rtl-data-opt.
Executing : rtl-data-opt successfully. Time elapsed: 0.011s wall, 0.000s user + 0.000s system = 0.000s CPU (n/a%). Peak memory used: 187 MB.

Start FSM inference.
I: FSM state_current_fsm[1:0] inferred.
I: FSM state_current_fsm[2:0] inferred.
I: FSM state_fsm[4:0] inferred.
Executing : FSM inference successfully. Time elapsed: 0.039s wall, 0.031s user + 0.016s system = 0.047s CPU (119.8%). Peak memory used: 188 MB.

Start sdm2adm.
I: Constant propagation done on N451 (bmsWIDEMUX).
I: Constant propagation done on N306 (bmsWIDEMUX).
I: Constant propagation done on N461 (bmsREDAND).
I: Constant propagation done on N450 (bmsWIDEMUX).
I: Constant propagation done on N747 (bmsWIDEMUX).
I: Constant propagation done on N755 (bmsWIDEMUX).
I: Constant propagation done on N521[3]_inv (bmsINV).
I: Constant propagation done on N521[4]_inv (bmsINV).
I: Constant propagation done on N521[5]_inv (bmsINV).
I: Constant propagation done on N521[6]_inv (bmsINV).
Executing : sdm2adm successfully. Time elapsed: 0.037s wall, 0.031s user + 0.000s system = 0.031s CPU (84.6%). Peak memory used: 198 MB.

Saving design to DB.
Action Compile: Export DB successfully.
Action compile: Real time elapsed is 0h:0m:6s
Action compile: CPU time elapsed is 0h:0m:1s
Action compile: Process CPU time elapsed is 0h:0m:1s
Action compile: Peak memory pool usage is 198 MB

Current time: Sun Sep 27 17:24:26 2026
