#Build: Fabric Compiler 2025.2, Build 211867, Jan 16 16:10 2026
#Install: D:\pango\PDS_2025.2-ads\bin
#Application name: pds_shell.exe
#OS: Windows 11 10.0.26100
#CPU: Unknown
#RAM(GB): 16
#Hostname: hustlyrm
#Generated by Fabric Compiler (version 2025.2 build 211867) at Wed Sep 30 21:42:50 2026
Parameters for debugging are loaded as follows:
Compiling verification operator library.
Compiling vendor parameter file.
Compiling common defs.
Compiling prim grid devices.
Compiling place grid timing.
Compiling gate devices.
Compiling gate operators.
Compiling gate operators impls.
Building architecture model.
Loading device packaging model.
Reading design from DB.
Elaborate the liberty model.
I: Multithreading enabled for Timing using a maximum of 4 processes.
E: ConstraintEditor-0099: Port 'sys_led[0]' unspecified I/O constraint.
E: ConstraintEditor-0099: Port 'sys_led[1]' unspecified I/O constraint.
E: ConstraintEditor-0099: Port 'sys_led[2]' unspecified I/O constraint.
E: ConstraintEditor-0099: Port 'sys_led[3]' unspecified I/O constraint.
E: ConstraintEditor-0099: Port 'sys_led[4]' unspecified I/O constraint.
E: ConstraintEditor-0099: Port 'sys_led[5]' unspecified I/O constraint.
Found 6 error(s), 0 critical warning(s), 0 warning(s), out of 0 constraint(s)
Action gen_bit_stream: Real time elapsed is 0h:0m:6s
Action gen_bit_stream: CPU time elapsed is 0h:0m:4s
Action gen_bit_stream: Process CPU time elapsed is 0h:0m:6s
Action gen_bit_stream: Peak memory pool usage is 402 MB

Current time: Wed Sep 30 21:42:54 2026
