#Build: Fabric Compiler 2025.2, Build 211867, Jan 16 16:10 2026
#Install: E:\work\pango\PDS_2025.2-ads\bin
#Application name: pds_shell.exe
#OS: Windows 11 10.0.26200
#CPU: Unknown
#RAM(GB): 32
#Hostname: dionirpyC
#Generated by Fabric Compiler (version 2025.2 build 211867) at Fri Sep 25 20:10:47 2026
Parameters for debugging are loaded as follows:
Compiling verification operator library.
Compiling vendor parameter file.
Compiling common defs.
Compiling prim grid devices.
Compiling place grid timing.
Compiling gate devices.
Compiling gate operators.
Compiling gate operators impls.
Building architecture model.
Loading device packaging model.
Reading design from DB.
Elaborate the liberty model.
I: Multithreading enabled for Timing using a maximum of 4 processes.
Start Generating Programming File...
Reading design from DB takes 0.343750 sec.
Generating architecture configuration.
I: Multithreading enabled for bit stream using a maximum of 2 processes.
Bit Gen CPU time: 1.062500
The bitstream file is "E:/code/PangoWork/Works/cboard_imu/prj_tasks/pnr_1/generate_bitstream/cboard_imu_debug_top.sbit"
Generate programming file takes 2.875000 sec.
Generating Programming File done.
Action gen_bit_stream: Real time elapsed is 0h:0m:9s
Action gen_bit_stream: CPU time elapsed is 0h:0m:6s
Action gen_bit_stream: Process CPU time elapsed is 0h:0m:10s
Action gen_bit_stream: Peak memory pool usage is 656 MB

Current time: Fri Sep 25 20:10:54 2026
