#Build: Fabric Compiler 2025.2, Build 211867, Jan 16 16:10 2026
#Install: E:\work\pango\PDS_2025.2-ads\bin
#Application name: pds_shell.exe
#OS: Windows 11 10.0.26200
#CPU: Unknown
#RAM(GB): 32
#Hostname: dionirpyC
#Generated by Fabric Compiler (version 2025.2 build 211867) at Fri Sep 25 20:10:02 2026
Parameters for debugging are loaded as follows:
Compiling verification operator library.
Compiling vendor parameter file.
Compiling common defs.
Compiling prim grid devices.
Compiling place grid timing.
Compiling gate devices.
Compiling gate operators.
Compiling gate operators impls.
Building architecture model.
Loading device packaging model.
Building architecture floorplan logic view.
Constraint check start.
W: ConstraintEditor-4042: Port 'sys_led[0]' lacks attribute 'SLEW', it's better to set the attribute for port.
W: ConstraintEditor-4042: Port 'sys_led[0]' lacks attribute 'DRIVE', it's better to set the attribute for port.
W: ConstraintEditor-4042: Port 'sys_led[0]' lacks attribute 'BUS_KEEPER', it's better to set the attribute for port.
W: ConstraintEditor-4042: Port 'sys_led[1]' lacks attribute 'SLEW', it's better to set the attribute for port.
W: ConstraintEditor-4042: Port 'sys_led[1]' lacks attribute 'DRIVE', it's better to set the attribute for port.
W: ConstraintEditor-4042: Port 'sys_led[1]' lacks attribute 'BUS_KEEPER', it's better to set the attribute for port.
W: ConstraintEditor-4042: Port 'sys_led[2]' lacks attribute 'SLEW', it's better to set the attribute for port.
W: ConstraintEditor-4042: Port 'sys_led[2]' lacks attribute 'DRIVE', it's better to set the attribute for port.
W: ConstraintEditor-4042: Port 'sys_led[2]' lacks attribute 'BUS_KEEPER', it's better to set the attribute for port.
W: ConstraintEditor-4042: Port 'sys_led[3]' lacks attribute 'SLEW', it's better to set the attribute for port.
W: ConstraintEditor-4042: Port 'sys_led[3]' lacks attribute 'DRIVE', it's better to set the attribute for port.
W: ConstraintEditor-4042: Port 'sys_led[3]' lacks attribute 'BUS_KEEPER', it's better to set the attribute for port.
W: ConstraintEditor-4042: Port 'sys_led[4]' lacks attribute 'SLEW', it's better to set the attribute for port.
W: ConstraintEditor-4042: Port 'sys_led[4]' lacks attribute 'DRIVE', it's better to set the attribute for port.
W: ConstraintEditor-4042: Port 'sys_led[4]' lacks attribute 'BUS_KEEPER', it's better to set the attribute for port.
W: ConstraintEditor-4042: Port 'sys_led[5]' lacks attribute 'SLEW', it's better to set the attribute for port.
W: ConstraintEditor-4042: Port 'sys_led[5]' lacks attribute 'DRIVE', it's better to set the attribute for port.
W: ConstraintEditor-4042: Port 'sys_led[5]' lacks attribute 'BUS_KEEPER', it's better to set the attribute for port.
W: ConstraintEditor-4042: Port 'sys_led[6]' lacks attribute 'SLEW', it's better to set the attribute for port.
W: ConstraintEditor-4042: Port 'sys_led[6]' lacks attribute 'DRIVE', it's better to set the attribute for port.
W: ConstraintEditor-4042: Port 'sys_led[6]' lacks attribute 'BUS_KEEPER', it's better to set the attribute for port.
W: ConstraintEditor-4042: Port 'sys_led[7]' lacks attribute 'SLEW', it's better to set the attribute for port.
W: ConstraintEditor-4042: Port 'sys_led[7]' lacks attribute 'DRIVE', it's better to set the attribute for port.
W: ConstraintEditor-4042: Port 'sys_led[7]' lacks attribute 'BUS_KEEPER', it's better to set the attribute for port.
W: ConstraintEditor-4042: Port 'sys_uart_tx' lacks attribute 'SLEW', it's better to set the attribute for port.
W: ConstraintEditor-4042: Port 'sys_uart_tx' lacks attribute 'DRIVE', it's better to set the attribute for port.
W: ConstraintEditor-4040: [E:/code/PangoWork/Works/cboard_imu/prj_tasks/pnr_1/device_map/cboard_imu_debug_top.pcf(line number: 14)] Port sys_rst_n has been placed at location AB13, whose type is share pin.
C: ConstraintEditor-2022: There are some ports' attributes are set to default value, please read [E:/code/PangoWork/Works/cboard_imu/prj_tasks/pnr_1/place_route/ports_defalut_attribute.txt(line number:0)] to confirm.
Found 0 error(s), 1 critical warning(s), 27 warning(s), out of 12 constraint(s)
Constraint check end.
Total time(hh:mm:ss) of constraint check : 00:00:00
Elaborate the liberty model.
I: Multithreading enabled for Timing using a maximum of 4 processes.
Placement started. Type: EP_COMMON_FLOW.

Stage 1 EP_INIT start.
Stage: after EP_INIT | Time (s): real = 0h:0m:6s ; cpu = 0h:0m:4s ; process = 0h:0m:6s | Memory (MB): curr = 441.671875 ; peak = 442.808594 | Checksum: DC8E66860C1CEE78

Design Layer Utilization:
	LUT: 0.888%
	FF: 0.868%
	DRM: 1.493%
	IO: 3.433%

Stage 2 EP_DL start.
build place dedicate switch graph takes 1.33 sec
Place location constraint group with base node:sys_cboardimu_rx_ibuf/opit_1 at IOL_23_5
Place location constraint group with base node:sys_clk_50mhz_ibuf/opit_1 at IOL_327_210
Place location constraint group with base node:sys_led_obuf[0]/opit_1 at IOL_19_374
Place location constraint group with base node:sys_led_obuf[1]/opit_1 at IOL_19_373
Place location constraint group with base node:sys_led_obuf[2]/opit_1 at IOL_35_374
Place location constraint group with base node:sys_led_obuf[3]/opit_1 at IOL_35_373
Place location constraint group with base node:sys_led_obuf[4]/opit_1 at IOL_67_374
Place location constraint group with base node:sys_led_obuf[5]/opit_1 at IOL_67_373
Place location constraint group with base node:sys_led_obuf[6]/opit_1 at IOL_47_374
Place location constraint group with base node:sys_led_obuf[7]/opit_1 at IOL_47_373
Place location constraint group with base node:sys_rst_n_ibuf/opit_1 at IOL_167_5
Place location constraint group with base node:sys_uart_tx_obuf/opit_1 at IOL_43_6
Place location constraint node:BKCL_auto_0 at BKCL_188_376
Place location constraint node:BKCL_auto_1 at BKCL_328_184
Place location constraint node:BKCL_auto_2 at BKCL_192_0
DRCP Convert Loc Constraint successful.

Stage 2.1 pre clock plan start.
Mapping instance GRS_INST/grs to START_324_2.
I: Clock statistic: 2 USCM.
solve clock designs takes 0.00 sec with memory (MB): curr = 518.382812, peak = 519.160156.
Mapping instance clkbufg_0/gopclkbufg to USCM_84_108:impl_uscm_rtb_a-USCM.
Mapping instance clkbufg_1/gopclkbufg to USCM_84_109:impl_uscm_rtb_a-USCM.
Mapping instance u_pll_50mhz/u_pll_e3/goppll to PLL_158_55.
Stage: after pre clock plan | Time (s): real = 0h:0m:8s ; cpu = 0h:0m:6s ; process = 0h:0m:8s | Memory (MB): curr = 518.152344 ; peak = 519.160156

Place location constraint node:clkbufg_0/gopclkbufg at USCM_84_108
Place location constraint node:clkbufg_1/gopclkbufg at USCM_84_109
Place location constraint node:u_pll_50mhz/u_pll_e3/goppll at PLL_158_55
DRCP Convert Loc Constraint successful.
Stage: after EP_DL | Time (s): real = 0h:0m:8s ; cpu = 0h:0m:6s ; process = 0h:0m:8s | Memory (MB): curr = 518.218750 ; peak = 519.359375 | Checksum: 3F788B21B82B9F8B


Stage 3 EP_FIP start.
DRCP Convert Loc Constraint successful.

Stage 3.1 fip global place start.
[GP] num_thread=0
I: Multithreading enabled for place using a maximum of 4 processes.
[GP] Placement Initial Method "Quad".
[GP] Placement Decongestion Mode "1".
[GP] Recovery Analysis in GP "Enable".
I: Loading Timing Delay Info...
I: Load Timing Delay Info successfully.
Init coarse delay table.
Read place coarse delay table takes 0.33 sec.
[GP] Init timing API takes 1.67 sec.
[GP] Init GP graph takes 1.73 sec.
Device graph total memory: 11.17098236 MB
[GP] Read position from netlist take 0 msec
[GP] Total node move: 46973.96, average node move: 93.57
First map gop timing takes 0.00 sec
[GP] SA handle 2 clusters.
[GP] SA init_cost = 17334.171731, final_cost = 17334.171731, final_cost/init_cost = 1.000000, occupied region_num = 1.
[GP] SA Optimize take time: 0.002000 sec.
[GP] Timing analysis take 0.007000 secs.
[GP] MarginTNSS=-2550, TNSS=-550, WSS=-275
[GP] Place thread size: 4
[GP] Node size: 9616, net size: 809
[GP] Design graph total memory: 33.14470577 MB
[GP] Timing analysis take 0.008000 secs.
[GP] MarginTNSS=-2550, TNSS=-550, WSS=-275
[GP] Step 0 take 0.071 secs: WL=1211.58 OF=0.801164
[GP] Timing analysis take 0.007000 secs.
[GP] MarginTNSS=-2667, TNSS=-667, WSS=-392
[GP] Step 1 take 0.352 secs: WL=954.51 OF=0.774404
[GP] Timing analysis take 0.007000 secs.
[GP] MarginTNSS=-2550, TNSS=-550, WSS=-275
[GP] Step 2 take 0.344 secs: WL=984.74 OF=0.674464
[GP] Timing analysis take 0.006000 secs.
[GP] MarginTNSS=-2550, TNSS=-550, WSS=-275
[GP] Step 3 take 0.328 secs: WL=1047.82 OF=0.624486
[GP] Timing analysis take 0.007000 secs.
[GP] MarginTNSS=-2784, TNSS=-784, WSS=-392
[GP] Step 4 take 0.311 secs: WL=1125.98 OF=0.608833
[GP] Timing analysis take 0.007000 secs.
[GP] MarginTNSS=-2550, TNSS=-550, WSS=-275
[GP] Step 5 take 0.326 secs: WL=1213.13 OF=0.557801
[GP] Timing analysis take 0.006000 secs.
[GP] MarginTNSS=-2550, TNSS=-550, WSS=-275
[GP] Step 6 take 0.324 secs: WL=1291.51 OF=0.487018
[GP] Timing analysis take 0.007000 secs.
[GP] MarginTNSS=-2550, TNSS=-550, WSS=-275
[GP] Step 7 take 0.324 secs: WL=1355.26 OF=0.426629
[GP] Timing analysis take 0.007000 secs.
[GP] MarginTNSS=-2550, TNSS=-550, WSS=-275
[GP] Step 8 take 0.312 secs: WL=1395.58 OF=0.351137
[GP] Timing analysis take 0.007000 secs.
[GP] MarginTNSS=-2550, TNSS=-550, WSS=-275
[GP] Step 9 take 0.331 secs: WL=1533.57 OF=0.308563
[GP] Timing analysis take 0.008000 secs.
[GP] MarginTNSS=-2550, TNSS=-550, WSS=-275
[GP] Step 10 take 0.358 secs: WL=1574.46 OF=0.244672
[GP] Timing analysis take 0.008000 secs.
[GP] MarginTNSS=-2550, TNSS=-550, WSS=-275
[GP] Step 11 take 0.348 secs: WL=1657.21 OF=0.194118
[GP] Timing analysis take 0.009000 secs.
[GP] MarginTNSS=-2550, TNSS=-550, WSS=-275
[GP] Step 12 take 0.323 secs: WL=1755.22 OF=0.139395
[GP] Timing analysis take 0.007000 secs.
[GP] MarginTNSS=-2550, TNSS=-550, WSS=-275
[GP] Step 13 take 0.309 secs: WL=1850.70 OF=0.095497
[GP] Timing analysis take 0.006000 secs.
[GP] MarginTNSS=-2550, TNSS=-550, WSS=-275
[GP] Timing analysis take 0.006000 secs.
[GP] MarginTNSS=-2550, TNSS=-550, WSS=-275
[GP] Step 14 take 0.307 secs: WL=2054.39 OF=0.051055
[GP] Timing analysis take 0.006000 secs.
[GP] MarginTNSS=-2550, TNSS=-550, WSS=-275
[GP] Step 15 take 0.168 secs: WL=2077.88 OF=0.029161
[GP] Timing analysis take 0.007000 secs.
[GP] MarginTNSS=-2550, TNSS=-550, WSS=-275
[GP] Final best WL=2054.393906 OF=0.051055, totally takes 4.848000 secs, run timing analysis 19 times totally takes 0.133000 secs.
[GP] Total node move: 78394.31, average node move: 156.16
[GP] Placer use memory: 15.06041336 MB
Stage: after fip global place | Performance: WL = 1721 ; TNS = -550 ; WNS = -275 | Time (s): real = 0h:0m:15s ; cpu = 0h:0m:11s ; process = 0h:0m:20s | Memory (MB): curr = 654.765625 ; peak = 680.531250 | Checksum: C198711C11A0CDB1

Flat initial placement flow takes 5.688.
Stage: after EP_FIP | Performance: WL = 1721 ; TNS = -550 ; WNS = -275 | Time (s): real = 0h:0m:15s ; cpu = 0h:0m:11s ; process = 0h:0m:20s | Memory (MB): curr = 661.910156 ; peak = 680.531250 | Checksum: C198711C11A0CDB1


Stage 4 EP_CAGP start.

Stage 4.1 cagp site packing start.
Stage: after pack legalize group | Performance: avg_mov = 0.000000 ; max_mov = 0 ; mov_var = 0.000000
Stage: after cagp site packing | Performance: WL = 2856 | Time (s): real = 0h:0m:15s ; cpu = 0h:0m:12s ; process = 0h:0m:20s | Memory (MB): curr = 686.015625 ; peak = 688.332031 | Checksum: 2E0A2609212E371


Stage 4.2 cagp macro placement start.
Stage: after cagp macro placement | Performance: WL = 2856 | Time (s): real = 0h:0m:15s ; cpu = 0h:0m:12s ; process = 0h:0m:20s | Memory (MB): curr = 686.445312 ; peak = 688.332031 | Checksum: 2E0A2609212E371


Stage 4.3 post clock plan start.
pre solve all clock design takes 0.00 sec with memory (MB): curr = 687.273438, peak = 688.332031.
CRA timing analysis with worst slack -392 takes 0.03 sec.
CRA cost 0 takes 0.03 sec.
solve all clock design takes 0.02 sec with memory (MB): curr = 689.496094, peak = 689.496094.
expand load region takes 0.02 sec.
Stage: after post clock plan | Time (s): real = 0h:0m:16s ; cpu = 0h:0m:12s ; process = 0h:0m:21s | Memory (MB): curr = 689.628906 ; peak = 689.628906

Movement during CRA, max : (0, 0) , total : (0, 0) , count : 0 , avg : (0, 0) .
Stage: after EP_CAGP | Performance: WL = 2856 ; TNS = -784 ; WNS = -392 | Time (s): real = 0h:0m:16s ; cpu = 0h:0m:12s ; process = 0h:0m:21s | Memory (MB): curr = 689.691406 ; peak = 691.289062 | Checksum: A0DDF3684B328305


Stage 5 EP_DRCP start.

Stage 5.1 DRC Placement start.
DRC final successful.
Stage: after DRC Placement | Time (s): real = 0h:0m:16s ; cpu = 0h:0m:12s ; process = 0h:0m:21s | Memory (MB): curr = 689.710938 ; peak = 691.289062


Stage 5.2 IO Placement start.
The average distance in IO place is 0.000000.
Stage: after IO Placement | Time (s): real = 0h:0m:16s ; cpu = 0h:0m:12s ; process = 0h:0m:21s | Memory (MB): curr = 689.871094 ; peak = 691.289062

Stage: after EP_DRCP | Performance: WL = 2856 ; TNS = -784 ; WNS = -392 | Time (s): real = 0h:0m:16s ; cpu = 0h:0m:12s ; process = 0h:0m:21s | Memory (MB): curr = 689.886719 ; peak = 691.496094 | Checksum: C9F47E75866B5404


Stage 6 EP_MP start.

Stage 6.1 macro place start.
The average distance of DRM is 0.000000, The max distance of DRM is 0.000000
Stage: after macro place | Performance: WL = 2991 | Time (s): real = 0h:0m:16s ; cpu = 0h:0m:12s ; process = 0h:0m:21s | Memory (MB): curr = 690.277344 ; peak = 691.839844 | Checksum: 64DC749492A5E9A9


Stage 6.2 mp post global place start.
[GP] num_thread=0
I: Multithreading enabled for place using a maximum of 4 processes.
[GP] Init timing API takes 0.00 sec.
[GP] Init GP graph takes 0.01 sec.
Device graph total memory: 11.17713165 MB
[GP] Read position from netlist take 0 msec
[GP] Timing analysis take 0.087000 secs.
[GP] MarginTNSS=-2784, TNSS=-784, WSS=-392
[GP] Place thread size: 4
[GP] Node size: 9190, net size: 763
[GP] Design graph total memory: 28.90433311 MB
[GP] Timing analysis take 0.007000 secs.
[GP] MarginTNSS=-2810, TNSS=-810, WSS=-418
[GP] Step 0 take 0.030 secs: WL=2148.40 OF=0.329666
[GP] Timing analysis take 0.008000 secs.
[GP] MarginTNSS=-2848, TNSS=-848, WSS=-456
[GP] Step 1 take 0.157 secs: WL=1790.14 OF=0.382336
[GP] Timing analysis take 0.007000 secs.
[GP] MarginTNSS=-2952, TNSS=-952, WSS=-560
[GP] Step 2 take 0.158 secs: WL=1848.67 OF=0.311926
[GP] Timing analysis take 0.007000 secs.
[GP] MarginTNSS=-2952, TNSS=-952, WSS=-560
[GP] Step 3 take 0.161 secs: WL=1903.46 OF=0.245549
[GP] Timing analysis take 0.007000 secs.
[GP] MarginTNSS=-2952, TNSS=-952, WSS=-560
[GP] Step 4 take 0.177 secs: WL=1982.55 OF=0.182764
[GP] Timing analysis take 0.006000 secs.
[GP] MarginTNSS=-2952, TNSS=-952, WSS=-560
[GP] Step 5 take 0.154 secs: WL=2054.09 OF=0.123161
[GP] Timing analysis take 0.007000 secs.
[GP] MarginTNSS=-2993, TNSS=-993, WSS=-601
[GP] Step 6 take 0.160 secs: WL=2126.53 OF=0.081566
[GP] Timing analysis take 0.008000 secs.
[GP] MarginTNSS=-2952, TNSS=-952, WSS=-560
[GP] Final best WL=2112.583031 OF=0.086670, totally takes 1.124000 secs, run timing analysis 9 times totally takes 0.144000 secs.
[GP] Total node move: 684.71, average node move: 3.48
[GP] Placer use memory: 6.04243088 MB
Stage: after mp post global place | Performance: WL = 1806 ; TNS = -952 ; WNS = -560 | Time (s): real = 0h:0m:17s ; cpu = 0h:0m:13s ; process = 0h:0m:23s | Memory (MB): curr = 685.535156 ; peak = 691.839844 | Checksum: D718899EAD5A5B07

MP flow takes 0.969.
Stage: after EP_MP | Performance: WL = 1806 ; TNS = -952 ; WNS = -560 | Time (s): real = 0h:0m:17s ; cpu = 0h:0m:13s ; process = 0h:0m:23s | Memory (MB): curr = 685.542969 ; peak = 691.839844 | Checksum: D718899EAD5A5B07


Stage 7 EP_LP start.
Stage: after legalization | Performance: avg_mov = 0.069971 ; max_mov = 1 ; mov_var = 0.065075
Legalize placement flow takes 0.000.
Stage: after EP_LP | Performance: WL = 1860 ; TNS = -1086 ; WNS = -628 | Time (s): real = 0h:0m:17s ; cpu = 0h:0m:13s ; process = 0h:0m:23s | Memory (MB): curr = 688.269531 ; peak = 691.839844 | Checksum: 981E9F03BC450961


Stage 8 EP_DP start.
Stage: before DP | Performance: WL = 1860 ; TNS = -1086 ; WNS = -628
    Cost at Swap iteration  0:  WNS =   -407,  TNS =   -814,  MarginTNS =  -2814,  takes    0.02 sec.
    Cost at DP   iteration  0:  WNS =   -401,  TNS =   -802,  MarginTNS =  -2802,  takes    0.02 sec.
    Cost at Swap iteration  1:  WNS =   -401,  TNS =   -802,  MarginTNS =  -2802,  takes    0.00 sec.
    Cost at Swap iteration  2:  WNS =   -401,  TNS =   -792,  MarginTNS =  -2792,  takes    0.03 sec.
    Cost at DP   iteration  2:  WNS =   -401,  TNS =   -663,  MarginTNS =  -2663,  takes    0.02 sec.
    Cost at Swap iteration  3:  WNS =   -401,  TNS =   -663,  MarginTNS =  -2663,  takes    0.02 sec.
Stage: after DP | Performance: WL = 1885 ; TNS = -663 ; WNS = -401
EP_DP takes 0 sec.
Stage: after EP_DP | Performance: WL = 1885 ; TNS = -663 ; WNS = -401 | Time (s): real = 0h:0m:17s ; cpu = 0h:0m:13s ; process = 0h:0m:23s | Memory (MB): curr = 690.195312 ; peak = 691.839844 | Checksum: 2C007790127D7E50


Stage 9 EP_FP start.
AutoDRC Flow for Design Check After Place Start.
AutoDRC Flow for Design Check After Place End.
Stage: after EP_FP | Performance: WL = 1885 ; TNS = -546 ; WNS = -284 | Time (s): real = 0h:0m:17s ; cpu = 0h:0m:13s ; process = 0h:0m:23s | Memory (MB): curr = 692.441406 ; peak = 693.675781 | Checksum: ED8335A822BFAED0


Congestion analysis started.
I: Start printing congestion info.
I: Finish printing congestion info.
Congestion analysis takes 0.06 sec.


Device Utilization Summary :
+----------------------------------------------------------------------------+
| Device Type                      | Used     | Available     | Util(%)     
+----------------------------------------------------------------------------+
| CLMA                             | 114      | 6450          | 2           
| + FF                             | 310      | 38700         | 1           
| + LUT                            | 273      | 25800         | 2           
|   + LUT as Logic                 | 273      |               |             
|   + LUT as Const                 | 0        |               |             
|   + LUT as Bypass                | 0        |               |             
| CLMS                             | 67       | 4250          | 2           
| + FF                             | 174      | 25500         | 1           
| + LUT                            | 107      | 17000         | 1           
|   + LUT as Logic                 | 107      |               |             
|   + LUT as Memory                | 0        |               |             
|     + LUT as Distributed RAM     | 0        |               |             
|   + LUT as Const                 | 0        |               |             
|   + LUT as Bypass                | 0        |               |             
| IO                               | 12       | 296           | 5           
| + IOBD                           | 5        | 64            | 8           
| + IOBR_LR                        | 0        | 7             | 0           
| + IOBR_TB                        | 1        | 8             | 13          
| + IOBS_LR                        | 1        | 161           | 1           
| + IOBS_TB                        | 5        | 56            | 9           
| APM                              | 0        | 84            | 0           
| BKCL                             | 3        | 4             | 75          
| CRYSTAL                          | 0        | 2             | 0           
| DLL                              | 0        | 10            | 0           
| DQSL                             | 0        | 18            | 0           
| DRM                              | 2        | 134           | 2           
| FUSECODE                         | 0        | 1             | 0           
| HARD0N1                          | 0        | 6672          | 0           
| HSST                             | 0        | 1             | 0           
| IOCKDIV                          | 0        | 20            | 0           
| IOCKDLY                          | 0        | 40            | 0           
| IOCKGATE                         | 0        | 20            | 0           
| + IOCKGATE as Bypass             | 0        |               |             
| IOL                              | 12       | 400           | 3           
| IPAL                             | 0        | 1             | 0           
| LDO                              | 0        | 4             | 0           
| OSC                              | 0        | 1             | 0           
| PCIE                             | 0        | 1             | 0           
| PLL                              | 1        | 5             | 20          
| RCKB                             | 0        | 24            | 0           
| + RCKB as Bypass                 | 0        |               |             
| RESCAL                           | 0        | 4             | 0           
| SCANCHAIN                        | 0        | 2             | 0           
| START                            | 1        | 1             | 100         
| UDID                             | 0        | 1             | 0           
| USCM                             | 2        | 30            | 7           
| + USCM as Bypass                 | 0        |               |             
+----------------------------------------------------------------------------+

Total placement takes 9.38 sec.
Finished placement.
Design 'cboard_imu_debug_top' has been placed successfully.
Action place: Real time elapsed is 0h:0m:18s
Action place: CPU time elapsed is 0h:0m:13s
Action place: Process CPU time elapsed is 0h:0m:24s
Action place: Peak memory pool usage is 768 MB

Current time: Fri Sep 25 20:10:18 2026
