#Build: Fabric Compiler 2025.2, Build 211867, Jan 16 16:10 2026
#Install: E:\work\pango\PDS_2025.2-ads\bin
#Application name: pds_shell.exe
#OS: Windows 11 10.0.26200
#CPU: Unknown
#RAM(GB): 32
#Hostname: dionirpyC
#Generated by Fabric Compiler (version 2025.2 build 211867) at Fri Sep 25 20:10:20 2026
Parameters for debugging are loaded as follows:
Compiling verification operator library.
Compiling vendor parameter file.
Compiling common defs.
Compiling prim grid devices.
Compiling place grid timing.
Compiling gate devices.
Compiling gate operators.
Compiling gate operators impls.
Building architecture model.
Loading device packaging model.
Building architecture floorplan logic view.
Elaborate the liberty model.
I: Multithreading enabled for Timing using a maximum of 4 processes.

Routing started.
Build routing arch for double attribute device.
Enter timing driven router mode.
I: Multithreading enabled for route using a maximum of 6 processes.
Building routing graph takes 1.48 sec.
Enable Recovery Analysis in Routing
Init coarse delay table.
I: Loading Timing Delay Info...
I: Load Timing Delay Info successfully.
Read place coarse delay table takes 0.34 sec.
build place dedicate switch graph takes 1.36 sec
Setup STE netlist take 2011 msec.
Slack Weight : 90
CE/RS signal series limit : 500
Dispose control chain take 26 msec.
Collect const net info take 39 msec.
Total nets for routing: 787.
Total loads for routing: 3068.
Direct connect net size: 172
Build all design net take 46 msec.
Processing design graph takes 2.12 sec.
Route info is not supported in this chip.
Delay table total memory: 40.33696175 MB
Route graph total memory: 74.39296055 MB
Route design total memory: 1.64931107 MB
The remaining process takes 0.02 sec.
Stage: after context initialize | Time (s): real = 0h:0m:10s ; cpu = 0h:0m:8s ; process = 0h:0m:10s | Memory (MB): curr = 678.066406 ; peak = 715.808594 | Checksum: 2DECEAF3069C95E8
Global routing takes 0.00 sec.
Pin Cost Increasing Speed 300
Unrouted clock nets at iteration 0 (0.002 sec): 4
Unrouted clock nets at iteration 1 (0.001 sec): 0
Stage: after clock route | Time (s): real = 0h:0m:11s ; cpu = 0h:0m:8s ; process = 0h:0m:10s | Memory (MB): curr = 679.339844 ; peak = 715.808594 | Checksum: 1D54A6A0CDF9A5CA
Total route nets size: 779
Pre route takes 0.176 sec
Stage: after pre route | Performance: TNS = 0 ; WNS = 115 ; THS = 0 ; WHS = 55 | Time (s): real = 0h:0m:11s ; cpu = 0h:0m:8s ; process = 0h:0m:11s | Memory (MB): curr = 696.121094 ; peak = 715.808594 | Checksum: AFDC19098B2F6C4C
Unrouted general nets at iteration 4 (MT total route time: 0.076 sec): 570(overused: 2148)
Unrouted general nets at iteration 5 (MT total route time: 0.066 sec): 436(overused: 1477)
Unrouted general nets at iteration 6 (MT total route time: 0.051 sec): 345(overused: 902)
Unrouted general nets at iteration 7 (MT total route time: 0.043 sec): 248(overused: 571)
Unrouted general nets at iteration 8 (MT total route time: 0.034 sec): 172(overused: 358)
Unrouted general nets at iteration 9 (MT total route time: 0.021 sec): 91(overused: 171)
Unrouted general nets at iteration 10 (MT total route time: 0.013 sec): 35(overused: 55)
Unrouted general nets at iteration 11 (MT total route time: 0.011 sec): 22(overused: 28)
Unrouted general nets at iteration 12 (MT total route time: 0.006 sec): 8(overused: 12)
Unrouted general nets at iteration 13 (MT total route time: 0.002 sec): 7(overused: 8)
Unrouted general nets at iteration 14 (MT total route time: 0.003 sec): 7(overused: 10)
Unrouted general nets at iteration 15 (MT total route time: 0.004 sec): 2(overused: 2)
Unrouted general nets at iteration 16 (MT total route time: 0.002 sec): 0(overused: 0)
----General net take 0.000 sec(route net take 0.000 sec, inc cost take 0.000 sec, iter times: 1)
----const net route take 0.004 sec
Unrouted nets at iteration 17 (0.005 sec): 0
Stage: after detail route | Performance: TNS = 0 ; WNS = 115 ; THS = NA ; WHS = NA | Time (s): real = 0h:0m:11s ; cpu = 0h:0m:9s ; process = 0h:0m:11s | Memory (MB): curr = 700.503906 ; peak = 715.808594 | Checksum: 71C40764F6155152
Begin rip-up and reroute:
Rip-up and reroute takes 0.05 sec.
Stage: after ripup & reroute | Performance: TNS = 0 ; WNS = 115 ; THS = NA ; WHS = NA | Time (s): real = 0h:0m:11s ; cpu = 0h:0m:9s ; process = 0h:0m:11s | Memory (MB): curr = 702.347656 ; peak = 715.808594 | Checksum: 7A9F1E6D111B5A7
Detailed routing takes 1.00 sec.
Sort Original Nets take 0.002 sec
Check HPIO div result take 0.000 sec
Total net: 787, route succeed net: 787
Generate routing result take 0.001 sec
Handle PERMUX permutation take 0.014 sec
Handle const net take 0.003 sec
Handle route through take 0.006 sec
Used SRB routing arc is 5942.
Stage: after finish route | Performance: TNS = 0 ; WNS = 115 ; THS = NA ; WHS = NA | Time (s): real = 0h:0m:12s ; cpu = 0h:0m:9s ; process = 0h:0m:11s | Memory (MB): curr = 673.921875 ; peak = 715.808594 | Checksum: 45DC1B38595CF4DF
Finish routing takes 0.13 sec.
Total routing takes 4.88 sec.

Device Utilization Summary :
+----------------------------------------------------------------------------+
| Device Type                      | Used     | Available     | Util(%)     
+----------------------------------------------------------------------------+
| CLMA                             | 133      | 6450          | 3           
| + FF                             | 310      | 38700         | 1           
| + LUT                            | 343      | 25800         | 2           
|   + LUT as Logic                 | 273      |               |             
|   + LUT as Const                 | 68       |               |             
|   + LUT as Bypass                | 2        |               |             
| CLMS                             | 82       | 4250          | 2           
| + FF                             | 174      | 25500         | 1           
| + LUT                            | 157      | 17000         | 1           
|   + LUT as Logic                 | 107      |               |             
|   + LUT as Memory                | 0        |               |             
|     + LUT as Distributed RAM     | 0        |               |             
|   + LUT as Const                 | 46       |               |             
|   + LUT as Bypass                | 4        |               |             
| IO                               | 12       | 296           | 5           
| + IOBD                           | 5        | 64            | 8           
| + IOBR_LR                        | 0        | 7             | 0           
| + IOBR_TB                        | 1        | 8             | 13          
| + IOBS_LR                        | 1        | 161           | 1           
| + IOBS_TB                        | 5        | 56            | 9           
| APM                              | 0        | 84            | 0           
| BKCL                             | 3        | 4             | 75          
| CRYSTAL                          | 0        | 2             | 0           
| DLL                              | 0        | 10            | 0           
| DQSL                             | 0        | 18            | 0           
| DRM                              | 2        | 134           | 2           
| FUSECODE                         | 0        | 1             | 0           
| HARD0N1                          | 18       | 6672          | 1           
| HSST                             | 0        | 1             | 0           
| IOCKDIV                          | 0        | 20            | 0           
| IOCKDLY                          | 0        | 40            | 0           
| IOCKGATE                         | 0        | 20            | 0           
| + IOCKGATE as Bypass             | 0        |               |             
| IOL                              | 12       | 400           | 3           
| IPAL                             | 0        | 1             | 0           
| LDO                              | 0        | 4             | 0           
| OSC                              | 0        | 1             | 0           
| PCIE                             | 0        | 1             | 0           
| PLL                              | 1        | 5             | 20          
| RCKB                             | 0        | 24            | 0           
| + RCKB as Bypass                 | 0        |               |             
| RESCAL                           | 0        | 4             | 0           
| SCANCHAIN                        | 0        | 2             | 0           
| START                            | 1        | 1             | 100         
| UDID                             | 0        | 1             | 0           
| USCM                             | 2        | 30            | 7           
| + USCM as Bypass                 | 0        |               |             
+----------------------------------------------------------------------------+

Finished routing. (CPU time elapsed 0h:00m:09s)
Design 'cboard_imu_debug_top' has been routed successfully.
Saving design to DB.
Action Route: Export DB successfully.
Action route: Real time elapsed is 0h:0m:12s
Action route: CPU time elapsed is 0h:0m:9s
Action route: Process CPU time elapsed is 0h:0m:12s
Action route: Peak memory pool usage is 715 MB

Current time: Fri Sep 25 20:10:30 2026
