#Build: Fabric Compiler 2025.2, Build 211867, Jan 16 16:10 2026
#Install: E:\work\pango\PDS_2025.2-ads\bin
#Application name: pds_shell.exe
#OS: Windows 11 10.0.26200
#CPU: Unknown
#RAM(GB): 32
#Hostname: dionirpyC
#Generated by Fabric Compiler (version 2025.2 build 211867) at Fri Sep 18 13:41:26 2026
Parameters for debugging are loaded as follows:
Compiling verification operator library.
Compiling vendor parameter file.
Compiling common defs.
Compiling prim grid devices.
Compiling place grid timing.
Compiling gate devices.
Compiling gate operators.
Compiling gate operators impls.
Building architecture model.
Loading device packaging model.
Building architecture floorplan logic view.
Elaborate the liberty model.
I: Multithreading enabled for Timing using a maximum of 4 processes.

Routing started.
Build routing arch for double attribute device.
Enter timing driven router mode.
I: Multithreading enabled for route using a maximum of 6 processes.
Building routing graph takes 1.31 sec.
Enable Recovery Analysis in Routing
Init coarse delay table.
I: Loading Timing Delay Info...
I: Load Timing Delay Info successfully.
Read place coarse delay table takes 0.33 sec.
build place dedicate switch graph takes 1.30 sec
Setup STE netlist take 1761 msec.
Slack Weight : 90
CE/RS signal series limit : 500
Dispose control chain take 2 msec.
Collect const net info take 32 msec.
Total nets for routing: 58.
Total loads for routing: 167.
Direct connect net size: 37
Build all design net take 16 msec.
Processing design graph takes 1.81 sec.
Route info is not supported in this chip.
Delay table total memory: 40.33604622 MB
Route graph total memory: 74.16742420 MB
Route design total memory: 1.13048172 MB
The remaining process takes 0.01 sec.
Stage: after context initialize | Time (s): real = 0h:0m:10s ; cpu = 0h:0m:8s ; process = 0h:0m:10s | Memory (MB): curr = 653.781250 ; peak = 693.417969 | Checksum: 9543E0D13935D057
Global routing takes 0.00 sec.
Pin Cost Increasing Speed 300
Unrouted clock nets at iteration 0 (0.001 sec): 0
Stage: after clock route | Time (s): real = 0h:0m:10s ; cpu = 0h:0m:8s ; process = 0h:0m:10s | Memory (MB): curr = 654.539062 ; peak = 693.417969 | Checksum: A1158B1B2FF5860
Total route nets size: 54
Pre route takes 0.046 sec
Stage: after pre route | Performance: TNS = 0 ; WNS = 14896 ; THS = 0 ; WHS = 316 | Time (s): real = 0h:0m:10s ; cpu = 0h:0m:8s ; process = 0h:0m:10s | Memory (MB): curr = 661.320312 ; peak = 693.417969 | Checksum: BE14D859CE2E35A5
Unrouted general nets at iteration 3 (MT total route time: 0.006 sec): 28(overused: 79)
Unrouted general nets at iteration 4 (MT total route time: 0.002 sec): 23(overused: 52)
Unrouted general nets at iteration 5 (MT total route time: 0.002 sec): 15(overused: 28)
Unrouted general nets at iteration 6 (MT total route time: 0.001 sec): 6(overused: 10)
Unrouted general nets at iteration 7 (MT total route time: 0.001 sec): 7(overused: 14)
Unrouted general nets at iteration 8 (MT total route time: 0.000 sec): 0(overused: 0)
----General net take 0.000 sec(route net take 0.000 sec, inc cost take 0.000 sec, iter times: 1)
----const net route take 0.000 sec
Unrouted nets at iteration 9 (0.000 sec): 0
Stage: after detail route | Performance: TNS = 0 ; WNS = 14896 ; THS = NA ; WHS = NA | Time (s): real = 0h:0m:10s ; cpu = 0h:0m:8s ; process = 0h:0m:10s | Memory (MB): curr = 661.472656 ; peak = 693.417969 | Checksum: 2770E734A49976AB
Begin rip-up and reroute:
Rip-up and reroute takes 0.01 sec.
Stage: after ripup & reroute | Performance: TNS = 0 ; WNS = 14719 ; THS = NA ; WHS = NA | Time (s): real = 0h:0m:11s ; cpu = 0h:0m:8s ; process = 0h:0m:10s | Memory (MB): curr = 662.437500 ; peak = 693.417969 | Checksum: 205DBAC9A1A9410B
Detailed routing takes 0.43 sec.
I: Design net key/clk_detect is routed by general path.
C: Route-2036: The clock path from key/clk_detect/opit_0_inv_L5Q:Q to key/key_data[4]/opit_0_inv_L5Q:CLK is routed by SRB.
Sort Original Nets take 0.001 sec
Check HPIO div result take 0.000 sec
Total net: 58, route succeed net: 58
Generate routing result take 0.001 sec
Handle PERMUX permutation take 0.001 sec
Handle const net take 0.001 sec
Handle route through take 0.000 sec
Used SRB routing arc is 405.
Stage: after finish route | Performance: TNS = 0 ; WNS = 14719 ; THS = NA ; WHS = NA | Time (s): real = 0h:0m:11s ; cpu = 0h:0m:8s ; process = 0h:0m:10s | Memory (MB): curr = 637.832031 ; peak = 693.417969 | Checksum: 90D9768D0D6E2787
Finish routing takes 0.10 sec.
Total routing takes 3.76 sec.

Device Utilization Summary :
+----------------------------------------------------------------------------+
| Device Type                      | Used     | Available     | Util(%)     
+----------------------------------------------------------------------------+
| CLMA                             | 13       | 6450          | 1           
| + FF                             | 10       | 38700         | 1           
| + LUT                            | 28       | 25800         | 1           
|   + LUT as Logic                 | 9        |               |             
|   + LUT as Const                 | 19       |               |             
|   + LUT as Bypass                | 0        |               |             
| CLMS                             | 9        | 4250          | 1           
| + FF                             | 29       | 25500         | 1           
| + LUT                            | 28       | 17000         | 1           
|   + LUT as Logic                 | 28       |               |             
|   + LUT as Memory                | 0        |               |             
|     + LUT as Distributed RAM     | 0        |               |             
|   + LUT as Const                 | 0        |               |             
|   + LUT as Bypass                | 0        |               |             
| IO                               | 18       | 296           | 7           
| + IOBD                           | 4        | 64            | 7           
| + IOBR_LR                        | 0        | 7             | 0           
| + IOBR_TB                        | 1        | 8             | 13          
| + IOBS_LR                        | 9        | 161           | 6           
| + IOBS_TB                        | 4        | 56            | 8           
| APM                              | 0        | 84            | 0           
| BKCL                             | 3        | 4             | 75          
| CRYSTAL                          | 0        | 2             | 0           
| DLL                              | 0        | 10            | 0           
| DQSL                             | 0        | 18            | 0           
| DRM                              | 0        | 134           | 0           
| FUSECODE                         | 0        | 1             | 0           
| HARD0N1                          | 1        | 6672          | 1           
| HSST                             | 0        | 1             | 0           
| IOCKDIV                          | 0        | 20            | 0           
| IOCKDLY                          | 0        | 40            | 0           
| IOCKGATE                         | 0        | 20            | 0           
| + IOCKGATE as Bypass             | 0        |               |             
| IOL                              | 18       | 400           | 5           
| IPAL                             | 0        | 1             | 0           
| LDO                              | 0        | 4             | 0           
| OSC                              | 0        | 1             | 0           
| PCIE                             | 0        | 1             | 0           
| PLL                              | 0        | 5             | 0           
| RCKB                             | 0        | 24            | 0           
| + RCKB as Bypass                 | 0        |               |             
| RESCAL                           | 0        | 4             | 0           
| SCANCHAIN                        | 0        | 2             | 0           
| START                            | 1        | 1             | 100         
| UDID                             | 0        | 1             | 0           
| USCM                             | 1        | 30            | 4           
| + USCM as Bypass                 | 0        |               |             
+----------------------------------------------------------------------------+

Finished routing. (CPU time elapsed 0h:00m:08s)
Design 'led_top' has been routed successfully.
Saving design to DB.
Action Route: Export DB successfully.
Action route: Real time elapsed is 0h:0m:11s
Action route: CPU time elapsed is 0h:0m:8s
Action route: Process CPU time elapsed is 0h:0m:10s
Action route: Peak memory pool usage is 693 MB

Current time: Fri Sep 18 13:41:35 2026
