
IP Generator (Version 2025.2 build 211867)
Check out license ...

Start generating at 2026-09-16 12:57
Instance: PLL (E:\code\PangoWork\References\pango50k\2_Demo\06_hdmi_loop\06_hdmi_loop\ipcore\PLL\PLL.idf)
IP: PLL (1.8)* (E:\work\pango\PDS_2025.2-ads\ip\module_ip\ipml_flex_pll\ipml_flex_pll_eval\ipml_pll\)
Part: Logos-PGL50H-FBG484--6
Parameters: 145*
Open IP instance 'PLL'
Save the IP instance
Create directory 'rtl\'
Copy 'ipml_pll_wrapper_v1_5.v.xml' 
Compile file 'ipml_pll_wrapper_v1_5.v.xml' to 'PLL.v' ...
Found top module 'PLL' in file 'PLL.v'.
Copy 'ipml_pll_wrapper_v1_5_tb.v.xml' 
Compile file 'ipml_pll_wrapper_v1_5_tb.v.xml' to 'PLL_tb.v' ...
Create template file 'PLL_tmpl.v' ...
Create template file 'PLL_tmpl.vhdl' ...
Collected 1 HDL file(s)
Synthesis is disabled.
Finished generating 'PLL'

Done: 0 error(s), 0 warning(s)
