#Build: Fabric Compiler 2025.2, Build 211867, Jan 16 16:10 2026
#Install: E:\work\pango\PDS_2025.2-ads\bin
#Application name: pds_shell.exe
#OS: Windows 11 10.0.26200
#CPU: Unknown
#RAM(GB): 32
#Hostname: dionirpyC
#Generated by Fabric Compiler (version 2025.2 build 211867) at Wed Sep 16 12:58:03 2026
Parameters for debugging are loaded as follows:
Compiling verification operator library.
Compiling vendor parameter file.
Compiling common defs.
Compiling prim grid devices.
Compiling place grid timing.
Compiling gate devices.
Compiling gate operators.
Compiling gate operators impls.
Building architecture model.
Loading device packaging model.
Building architecture floorplan logic view.
Constraint check start.
W: ConstraintEditor-4040: [E:/code/PangoWork/References/pango50k/2_Demo/06_hdmi_loop/06_hdmi_loop/prj_tasks/pnr_1/device_map/hdmi_out_top.pcf(line number: 3)] Port iic_sda has been placed at location V20, whose type is share pin.
W: ConstraintEditor-4040: [E:/code/PangoWork/References/pango50k/2_Demo/06_hdmi_loop/06_hdmi_loop/prj_tasks/pnr_1/device_map/hdmi_out_top.pcf(line number: 7)] Port b_out[2] has been placed at location T21, whose type is share pin.
W: ConstraintEditor-4040: [E:/code/PangoWork/References/pango50k/2_Demo/06_hdmi_loop/06_hdmi_loop/prj_tasks/pnr_1/device_map/hdmi_out_top.pcf(line number: 9)] Port b_out[4] has been placed at location R20, whose type is share pin.
W: ConstraintEditor-4040: [E:/code/PangoWork/References/pango50k/2_Demo/06_hdmi_loop/06_hdmi_loop/prj_tasks/pnr_1/device_map/hdmi_out_top.pcf(line number: 10)] Port b_out[5] has been placed at location R22, whose type is share pin.
W: ConstraintEditor-4040: [E:/code/PangoWork/References/pango50k/2_Demo/06_hdmi_loop/06_hdmi_loop/prj_tasks/pnr_1/device_map/hdmi_out_top.pcf(line number: 14)] Port g_out[0] has been placed at location M21, whose type is share pin.
W: ConstraintEditor-4040: [E:/code/PangoWork/References/pango50k/2_Demo/06_hdmi_loop/06_hdmi_loop/prj_tasks/pnr_1/device_map/hdmi_out_top.pcf(line number: 19)] Port g_out[5] has been placed at location L19, whose type is share pin.
W: ConstraintEditor-4040: [E:/code/PangoWork/References/pango50k/2_Demo/06_hdmi_loop/06_hdmi_loop/prj_tasks/pnr_1/device_map/hdmi_out_top.pcf(line number: 20)] Port g_out[6] has been placed at location K20, whose type is share pin.
W: ConstraintEditor-4040: [E:/code/PangoWork/References/pango50k/2_Demo/06_hdmi_loop/06_hdmi_loop/prj_tasks/pnr_1/device_map/hdmi_out_top.pcf(line number: 21)] Port g_out[7] has been placed at location L17, whose type is share pin.
W: ConstraintEditor-4040: [E:/code/PangoWork/References/pango50k/2_Demo/06_hdmi_loop/06_hdmi_loop/prj_tasks/pnr_1/device_map/hdmi_out_top.pcf(line number: 23)] Port iic_scl has been placed at location V19, whose type is share pin.
W: ConstraintEditor-4040: [E:/code/PangoWork/References/pango50k/2_Demo/06_hdmi_loop/06_hdmi_loop/prj_tasks/pnr_1/device_map/hdmi_out_top.pcf(line number: 26)] Port pixclk_out has been placed at location M22, whose type is share pin.
W: ConstraintEditor-4040: [E:/code/PangoWork/References/pango50k/2_Demo/06_hdmi_loop/06_hdmi_loop/prj_tasks/pnr_1/device_map/hdmi_out_top.pcf(line number: 27)] Port r_out[0] has been placed at location K17, whose type is share pin.
W: ConstraintEditor-4040: [E:/code/PangoWork/References/pango50k/2_Demo/06_hdmi_loop/06_hdmi_loop/prj_tasks/pnr_1/device_map/hdmi_out_top.pcf(line number: 32)] Port r_out[5] has been placed at location H21, whose type is share pin.
W: ConstraintEditor-4040: [E:/code/PangoWork/References/pango50k/2_Demo/06_hdmi_loop/06_hdmi_loop/prj_tasks/pnr_1/device_map/hdmi_out_top.pcf(line number: 33)] Port r_out[6] has been placed at location H22, whose type is share pin.
W: ConstraintEditor-4040: [E:/code/PangoWork/References/pango50k/2_Demo/06_hdmi_loop/06_hdmi_loop/prj_tasks/pnr_1/device_map/hdmi_out_top.pcf(line number: 34)] Port r_out[7] has been placed at location H19, whose type is share pin.
W: ConstraintEditor-4040: [E:/code/PangoWork/References/pango50k/2_Demo/06_hdmi_loop/06_hdmi_loop/prj_tasks/pnr_1/device_map/hdmi_out_top.pcf(line number: 47)] Port g_in[1] has been placed at location V17, whose type is share pin.
W: ConstraintEditor-4040: [E:/code/PangoWork/References/pango50k/2_Demo/06_hdmi_loop/06_hdmi_loop/prj_tasks/pnr_1/device_map/hdmi_out_top.pcf(line number: 48)] Port g_in[2] has been placed at location W18, whose type is share pin.
W: ConstraintEditor-4040: [E:/code/PangoWork/References/pango50k/2_Demo/06_hdmi_loop/06_hdmi_loop/prj_tasks/pnr_1/device_map/hdmi_out_top.pcf(line number: 49)] Port g_in[3] has been placed at location AB19, whose type is share pin.
W: ConstraintEditor-4040: [E:/code/PangoWork/References/pango50k/2_Demo/06_hdmi_loop/06_hdmi_loop/prj_tasks/pnr_1/device_map/hdmi_out_top.pcf(line number: 50)] Port g_in[4] has been placed at location AA18, whose type is share pin.
W: ConstraintEditor-4040: [E:/code/PangoWork/References/pango50k/2_Demo/06_hdmi_loop/06_hdmi_loop/prj_tasks/pnr_1/device_map/hdmi_out_top.pcf(line number: 51)] Port g_in[5] has been placed at location AB18, whose type is share pin.
W: ConstraintEditor-4040: [E:/code/PangoWork/References/pango50k/2_Demo/06_hdmi_loop/06_hdmi_loop/prj_tasks/pnr_1/device_map/hdmi_out_top.pcf(line number: 55)] Port pixclk_in has been placed at location AA12, whose type is share pin.
C: ConstraintEditor-2022: There are some ports' attributes are set to default value, please read [E:/code/PangoWork/References/pango50k/2_Demo/06_hdmi_loop/06_hdmi_loop/prj_tasks/pnr_1/place_route/ports_defalut_attribute.txt(line number:0)] to confirm.
Found 0 error(s), 1 critical warning(s), 20 warning(s), out of 63 constraint(s)
Constraint check end.
Total time(hh:mm:ss) of constraint check : 00:00:00
Elaborate the liberty model.
I: Multithreading enabled for Timing using a maximum of 4 processes.
Placement started. Type: EP_COMMON_FLOW.

Stage 1 EP_INIT start.
Stage: after EP_INIT | Time (s): real = 0h:0m:6s ; cpu = 0h:0m:4s ; process = 0h:0m:5s | Memory (MB): curr = 447.855469 ; peak = 448.933594 | Checksum: B045F9F30BD9745D

Design Layer Utilization:
	LUT: 0.834%
	FF: 0.467%
	DRM: 1.119%
	IO: 18.026%

Stage 2 EP_DL start.
build place dedicate switch graph takes 1.23 sec
Place location constraint group with base node:b_in_ibuf[0]/opit_1 at IOL_219_6
Place location constraint group with base node:b_in_ibuf[1]/opit_1 at IOL_183_5
Place location constraint group with base node:b_in_ibuf[2]/opit_1 at IOL_183_6
Place location constraint group with base node:b_in_ibuf[3]/opit_1 at IOL_215_5
Place location constraint group with base node:b_in_ibuf[4]/opit_1 at IOL_215_6
Place location constraint group with base node:b_in_ibuf[5]/opit_1 at IOL_203_5
Place location constraint group with base node:b_in_ibuf[6]/opit_1 at IOL_203_6
Place location constraint group with base node:b_in_ibuf[7]/opit_1 at IOL_223_5
Place location constraint group with base node:b_out_obuf[0]/opit_1 at IOL_327_150
Place location constraint group with base node:b_out_obuf[1]/opit_1 at IOL_327_149
Place location constraint group with base node:b_out_obuf[2]/opit_1 at IOL_327_166
Place location constraint group with base node:b_out_obuf[3]/opit_1 at IOL_327_165
Place location constraint group with base node:b_out_obuf[4]/opit_1 at IOL_327_170
Place location constraint group with base node:b_out_obuf[5]/opit_1 at IOL_327_169
Place location constraint group with base node:b_out_obuf[6]/opit_1 at IOL_327_137
Place location constraint group with base node:b_out_obuf[7]/opit_1 at IOL_327_138
Place location constraint group with base node:de_in_ibuf/opit_1 at IOL_219_5
Place location constraint group with base node:de_out_obuf/opit_1 at IOL_327_141
Place location constraint group with base node:g_in_ibuf[0]/opit_1 at IOL_223_6
Place location constraint group with base node:g_in_ibuf[1]/opit_1 at IOL_319_6
Place location constraint group with base node:g_in_ibuf[2]/opit_1 at IOL_319_5
Place location constraint group with base node:g_in_ibuf[3]/opit_1 at IOL_243_5
Place location constraint group with base node:g_in_ibuf[4]/opit_1 at IOL_227_6
Place location constraint group with base node:g_in_ibuf[5]/opit_1 at IOL_227_5
Place location constraint group with base node:g_in_ibuf[6]/opit_1 at IOL_283_5
Place location constraint group with base node:g_in_ibuf[7]/opit_1 at IOL_283_6
Place location constraint group with base node:g_out_obuf[0]/opit_1 at IOL_327_202
Place location constraint group with base node:g_out_obuf[1]/opit_1 at IOL_327_110
Place location constraint group with base node:g_out_obuf[2]/opit_1 at IOL_327_109
Place location constraint group with base node:g_out_obuf[3]/opit_1 at IOL_327_122
Place location constraint group with base node:g_out_obuf[4]/opit_1 at IOL_327_121
Place location constraint group with base node:g_out_obuf[5]/opit_1 at IOL_327_233
Place location constraint group with base node:g_out_obuf[6]/opit_1 at IOL_327_234
Place location constraint group with base node:g_out_obuf[7]/opit_1 at IOL_327_241
Place location constraint group with base node:hs_in_ibuf/opit_1 at IOL_211_6
Place location constraint group with base node:hs_out_obuf/opit_1 at IOL_327_142
Place location constraint group with base node:iic_scl_obuf/opit_1 at IOL_327_26
Place location constraint group with base node:iic_tx_scl_obuf/opit_1 at IOL_327_46
Place location constraint group with base node:led_int_obuf/opit_1 at IOL_19_374
Place location constraint group with base node:ms72xx_ctl.iic_sda_tri/opit_1 at IOL_327_25
Place location constraint group with base node:ms72xx_ctl.iic_tx_sda_tri/opit_1 at IOL_327_45
Place location constraint group with base node:pixclk_in_ibuf/opit_1 at IOL_163_6
Place location constraint group with base node:pixclk_out_obuf/opit_1 at IOL_327_201
Place location constraint group with base node:r_in_ibuf[0]/opit_1 at IOL_191_6
Place location constraint group with base node:r_in_ibuf[1]/opit_1 at IOL_191_5
Place location constraint group with base node:r_in_ibuf[2]/opit_1 at IOL_291_6
Place location constraint group with base node:r_in_ibuf[3]/opit_1 at IOL_291_5
Place location constraint group with base node:r_in_ibuf[4]/opit_1 at IOL_275_6
Place location constraint group with base node:r_in_ibuf[5]/opit_1 at IOL_275_5
Place location constraint group with base node:r_in_ibuf[6]/opit_1 at IOL_199_6
Place location constraint group with base node:r_in_ibuf[7]/opit_1 at IOL_199_5
Place location constraint group with base node:r_out_obuf[0]/opit_1 at IOL_327_242
Place location constraint group with base node:r_out_obuf[1]/opit_1 at IOL_327_209
Place location constraint group with base node:r_out_obuf[2]/opit_1 at IOL_327_229
Place location constraint group with base node:r_out_obuf[3]/opit_1 at IOL_327_230
Place location constraint group with base node:r_out_obuf[4]/opit_1 at IOL_327_213
Place location constraint group with base node:r_out_obuf[5]/opit_1 at IOL_327_238
Place location constraint group with base node:r_out_obuf[6]/opit_1 at IOL_327_237
Place location constraint group with base node:r_out_obuf[7]/opit_1 at IOL_327_273
Place location constraint group with base node:rstn_out_obuf/opit_1 at IOL_327_42
Place location constraint group with base node:sys_clk_ibuf/opit_1 at IOL_327_210
Place location constraint group with base node:vs_in_ibuf/opit_1 at IOL_211_5
Place location constraint group with base node:vs_out_obuf/opit_1 at IOL_327_146
Place location constraint node:BKCL_auto_0 at BKCL_188_376
Place location constraint node:BKCL_auto_1 at BKCL_328_184
Place location constraint node:BKCL_auto_2 at BKCL_192_0
DRCP Convert Loc Constraint successful.

Stage 2.1 pre clock plan start.
Mapping instance GRS_INST/grs to START_324_2.
I: Clock statistic: 2 USCM.
solve clock designs takes 0.03 sec with memory (MB): curr = 524.730469, peak = 524.917969.
Mapping instance clkbufg_0/gopclkbufg to USCM_84_108:impl_uscm_rtb_a-USCM.
Mapping instance clkbufg_1/gopclkbufg to USCM_84_109:impl_uscm_rtb_a-USCM.
Mapping instance u_pll/u_pll_e3/goppll to PLL_158_55.
Stage: after pre clock plan | Time (s): real = 0h:0m:8s ; cpu = 0h:0m:5s ; process = 0h:0m:7s | Memory (MB): curr = 524.496094 ; peak = 524.921875

Place location constraint node:clkbufg_0/gopclkbufg at USCM_84_108
Place location constraint node:clkbufg_1/gopclkbufg at USCM_84_109
Place location constraint node:u_pll/u_pll_e3/goppll at PLL_158_55
DRCP Convert Loc Constraint successful.
Stage: after EP_DL | Time (s): real = 0h:0m:8s ; cpu = 0h:0m:5s ; process = 0h:0m:7s | Memory (MB): curr = 524.566406 ; peak = 525.761719 | Checksum: 4C71C7BD02B7A14C


Stage 3 EP_FIP start.
DRCP Convert Loc Constraint successful.

Stage 3.1 fip global place start.
[GP] num_thread=0
I: Multithreading enabled for place using a maximum of 4 processes.
[GP] Placement Initial Method "Quad".
[GP] Placement Decongestion Mode "1".
[GP] Recovery Analysis in GP "Enable".
I: Loading Timing Delay Info...
I: Load Timing Delay Info successfully.
Init coarse delay table.
Read place coarse delay table takes 0.30 sec.
[GP] Init timing API takes 1.52 sec.
[GP] Init GP graph takes 1.57 sec.
Device graph total memory: 11.23993587 MB
[GP] Read position from netlist take 0 msec
[GP] Total node move: 36222.49, average node move: 93.60
First map gop timing takes 0.00 sec
[GP] SA handle 2 clusters.
[GP] SA init_cost = 172321.731201, final_cost = 172321.731201, final_cost/init_cost = 1.000000, occupied region_num = 1.
[GP] SA Optimize take time: 0.002000 sec.
[GP] Timing analysis take 0.005000 secs.
[GP] MarginTNSS=0, TNSS=0, WSS=992878
[GP] Place thread size: 4
[GP] Node size: 9577, net size: 543
[GP] Design graph total memory: 33.13838768 MB
[GP] Timing analysis take 0.006000 secs.
[GP] MarginTNSS=0, TNSS=0, WSS=993172
[GP] Step 0 take 0.044 secs: WL=2983.20 OF=0.672675
[GP] Timing analysis take 0.006000 secs.
[GP] MarginTNSS=0, TNSS=0, WSS=993254
[GP] Step 1 take 0.277 secs: WL=2836.43 OF=0.595281
[GP] Timing analysis take 0.006000 secs.
[GP] MarginTNSS=0, TNSS=0, WSS=993290
[GP] Step 2 take 0.274 secs: WL=2827.98 OF=0.556578
[GP] Timing analysis take 0.005000 secs.
[GP] MarginTNSS=0, TNSS=0, WSS=993402
[GP] Step 3 take 0.271 secs: WL=2819.47 OF=0.520452
[GP] Timing analysis take 0.006000 secs.
[GP] MarginTNSS=0, TNSS=0, WSS=993402
[GP] Step 4 take 0.279 secs: WL=2820.38 OF=0.474289
[GP] Timing analysis take 0.006000 secs.
[GP] MarginTNSS=0, TNSS=0, WSS=993213
[GP] Step 5 take 0.276 secs: WL=2847.46 OF=0.453504
[GP] Timing analysis take 0.006000 secs.
[GP] MarginTNSS=0, TNSS=0, WSS=992887
[GP] Step 6 take 0.278 secs: WL=2858.04 OF=0.389386
[GP] Timing analysis take 0.006000 secs.
[GP] MarginTNSS=0, TNSS=0, WSS=992775
[GP] Step 7 take 0.292 secs: WL=2893.52 OF=0.340112
[GP] Timing analysis take 0.005000 secs.
[GP] MarginTNSS=0, TNSS=0, WSS=992999
[GP] Step 8 take 0.272 secs: WL=2932.32 OF=0.287227
[GP] Timing analysis take 0.006000 secs.
[GP] MarginTNSS=0, TNSS=0, WSS=992986
[GP] Step 9 take 0.273 secs: WL=2965.89 OF=0.233619
[GP] Timing analysis take 0.005000 secs.
[GP] MarginTNSS=0, TNSS=0, WSS=992694
[GP] Step 10 take 0.280 secs: WL=3007.77 OF=0.180719
[GP] Timing analysis take 0.005000 secs.
[GP] MarginTNSS=0, TNSS=0, WSS=992657
[GP] Step 11 take 0.278 secs: WL=3063.03 OF=0.135976
[GP] Timing analysis take 0.006000 secs.
[GP] MarginTNSS=0, TNSS=0, WSS=992687
[GP] Step 12 take 0.275 secs: WL=3102.92 OF=0.092180
[GP] Timing analysis take 0.005000 secs.
[GP] MarginTNSS=0, TNSS=0, WSS=992545
[GP] Step 13 take 0.274 secs: WL=3149.80 OF=0.061501
[GP] Timing analysis take 0.005000 secs.
[GP] MarginTNSS=0, TNSS=0, WSS=992478
[GP] Final best WL=3172.187187 OF=0.047797, totally takes 3.757000 secs, run timing analysis 16 times totally takes 0.089000 secs.
[GP] Total node move: 31453.09, average node move: 81.27
[GP] Placer use memory: 14.87178040 MB
Stage: after fip global place | Performance: WL = 2797 ; TNS =  0 ; WNS =  992478 | Time (s): real = 0h:0m:13s ; cpu = 0h:0m:10s ; process = 0h:0m:17s | Memory (MB): curr = 669.714844 ; peak = 687.886719 | Checksum: 7EB91CE1926FE644

Flat initial placement flow takes 4.594.
Stage: after EP_FIP | Performance: WL = 2797 ; TNS =  0 ; WNS =  992478 | Time (s): real = 0h:0m:13s ; cpu = 0h:0m:10s ; process = 0h:0m:17s | Memory (MB): curr = 671.523438 ; peak = 687.886719 | Checksum: 7EB91CE1926FE644


Stage 4 EP_CAGP start.

Stage 4.1 cagp site packing start.
Stage: after pack legalize group | Performance: avg_mov = 0.000000 ; max_mov = 0 ; mov_var = 0.000000
Stage: after cagp site packing | Performance: WL = 3930 | Time (s): real = 0h:0m:13s ; cpu = 0h:0m:10s ; process = 0h:0m:17s | Memory (MB): curr = 691.800781 ; peak = 698.316406 | Checksum: 570972E3300E5599


Stage 4.2 cagp macro placement start.
Stage: after cagp macro placement | Performance: WL = 4037 | Time (s): real = 0h:0m:14s ; cpu = 0h:0m:10s ; process = 0h:0m:18s | Memory (MB): curr = 692.207031 ; peak = 698.316406 | Checksum: 43FFBF5E4A4262AD


Stage 4.3 post clock plan start.
pre solve all clock design takes 0.00 sec with memory (MB): curr = 692.308594, peak = 698.316406.
CRA timing analysis with worst slack 991956 takes 0.00 sec.
CRA cost 0 takes 0.02 sec.
solve all clock design takes 0.00 sec with memory (MB): curr = 692.917969, peak = 698.316406.
expand load region takes 0.00 sec.
Stage: after post clock plan | Time (s): real = 0h:0m:14s ; cpu = 0h:0m:11s ; process = 0h:0m:18s | Memory (MB): curr = 693.046875 ; peak = 698.316406

Movement during CRA, max : (0, 0) , total : (0, 0) , count : 0 , avg : (0, 0) .
Stage: after EP_CAGP | Performance: WL = 4037 ; TNS =  0 ; WNS =  991956 | Time (s): real = 0h:0m:14s ; cpu = 0h:0m:11s ; process = 0h:0m:18s | Memory (MB): curr = 693.058594 ; peak = 698.316406 | Checksum: E12F8413A477E6CA


Stage 5 EP_DRCP start.

Stage 5.1 DRC Placement start.
DRC final successful.
Stage: after DRC Placement | Time (s): real = 0h:0m:14s ; cpu = 0h:0m:11s ; process = 0h:0m:18s | Memory (MB): curr = 693.070312 ; peak = 698.316406


Stage 5.2 IO Placement start.
The average distance in IO place is 0.000000.
Stage: after IO Placement | Time (s): real = 0h:0m:14s ; cpu = 0h:0m:11s ; process = 0h:0m:18s | Memory (MB): curr = 693.230469 ; peak = 698.316406

Stage: after EP_DRCP | Performance: WL = 4037 ; TNS =  0 ; WNS =  991956 | Time (s): real = 0h:0m:14s ; cpu = 0h:0m:11s ; process = 0h:0m:18s | Memory (MB): curr = 693.238281 ; peak = 698.316406 | Checksum: 9FC9723272A02A39


Stage 6 EP_MP start.

Stage 6.1 mp pre global place start.
[GP] num_thread=0
I: Multithreading enabled for place using a maximum of 4 processes.
[GP] Init timing API takes 0.00 sec.
[GP] Init GP graph takes 0.01 sec.
Device graph total memory: 11.24825954 MB
[GP] Read position from netlist take 0 msec
[GP] Timing analysis take 0.027000 secs.
[GP] MarginTNSS=0, TNSS=0, WSS=991956
[GP] Place thread size: 4
[GP] Node size: 9361, net size: 520
[GP] Design graph total memory: 34.92101860 MB
[GP] Timing analysis take 0.005000 secs.
[GP] MarginTNSS=0, TNSS=0, WSS=992068
[GP] Step 0 take 0.042 secs: WL=3563.21 OF=0.232550
[GP] Timing analysis take 0.006000 secs.
[GP] MarginTNSS=0, TNSS=0, WSS=992507
[GP] Step 1 take 0.279 secs: WL=3183.56 OF=0.289959
[GP] Timing analysis take 0.006000 secs.
[GP] MarginTNSS=0, TNSS=0, WSS=992356
[GP] Step 2 take 0.278 secs: WL=3218.73 OF=0.232113
[GP] Timing analysis take 0.006000 secs.
[GP] MarginTNSS=0, TNSS=0, WSS=992362
[GP] Step 3 take 0.278 secs: WL=3273.49 OF=0.179026
[GP] Timing analysis take 0.006000 secs.
[GP] MarginTNSS=0, TNSS=0, WSS=992483
[GP] Step 4 take 0.286 secs: WL=3331.29 OF=0.125086
[GP] Timing analysis take 0.006000 secs.
[GP] MarginTNSS=0, TNSS=0, WSS=992586
[GP] Step 5 take 0.278 secs: WL=3386.28 OF=0.081320
[GP] Timing analysis take 0.006000 secs.
[GP] MarginTNSS=0, TNSS=0, WSS=992529
[GP] Timing analysis take 0.006000 secs.
[GP] MarginTNSS=0, TNSS=0, WSS=992529
[GP] Step 6 take 0.284 secs: WL=3488.75 OF=0.067618
[GP] Timing analysis take 0.005000 secs.
[GP] MarginTNSS=0, TNSS=0, WSS=992529
[GP] Final best WL=3488.748233 OF=0.067618, totally takes 1.732000 secs, run timing analysis 10 times totally takes 0.079000 secs.
[GP] Total node move: 662.59, average node move: 3.87
[GP] Placer use memory: 14.84292221 MB
Stage: after mp pre global place | Performance: WL = 3091 ; TNS =  0 ; WNS =  992529 | Time (s): real = 0h:0m:16s ; cpu = 0h:0m:12s ; process = 0h:0m:22s | Memory (MB): curr = 695.742188 ; peak = 702.914062 | Checksum: 8C6421B29923FD9C


Stage 6.2 macro place start.
The average distance of DRM is 0.000000, The max distance of DRM is 0.000000
Stage: after macro place | Performance: WL = 3091 | Time (s): real = 0h:0m:16s ; cpu = 0h:0m:12s ; process = 0h:0m:22s | Memory (MB): curr = 695.785156 ; peak = 702.914062 | Checksum: 9415391A978D7FDA


Stage 6.3 mp post global place start.
[GP] num_thread=0
I: Multithreading enabled for place using a maximum of 4 processes.
[GP] Init timing API takes 0.00 sec.
[GP] Init GP graph takes 0.01 sec.
Device graph total memory: 11.24825954 MB
[GP] Read position from netlist take 0 msec
[GP] Timing analysis take 0.014000 secs.
[GP] MarginTNSS=0, TNSS=0, WSS=992529
[GP] Place thread size: 4
[GP] Node size: 9236, net size: 520
[GP] Design graph total memory: 28.91035271 MB
[GP] Timing analysis take 0.006000 secs.
[GP] MarginTNSS=0, TNSS=0, WSS=992703
[GP] Step 0 take 0.026 secs: WL=3248.27 OF=0.326202
[GP] Timing analysis take 0.006000 secs.
[GP] MarginTNSS=0, TNSS=0, WSS=992733
[GP] Step 1 take 0.152 secs: WL=3164.06 OF=0.381690
[GP] Timing analysis take 0.006000 secs.
[GP] MarginTNSS=0, TNSS=0, WSS=992840
[GP] Step 2 take 0.144 secs: WL=3186.06 OF=0.323814
[GP] Timing analysis take 0.006000 secs.
[GP] MarginTNSS=0, TNSS=0, WSS=992786
[GP] Step 3 take 0.151 secs: WL=3234.33 OF=0.268956
[GP] Timing analysis take 0.006000 secs.
[GP] MarginTNSS=0, TNSS=0, WSS=992545
[GP] Step 4 take 0.145 secs: WL=3283.84 OF=0.210369
[GP] Timing analysis take 0.006000 secs.
[GP] MarginTNSS=0, TNSS=0, WSS=992378
[GP] Step 5 take 0.143 secs: WL=3330.52 OF=0.144523
[GP] Timing analysis take 0.006000 secs.
[GP] MarginTNSS=0, TNSS=0, WSS=992346
[GP] Step 6 take 0.145 secs: WL=3394.75 OF=0.090280
[GP] Timing analysis take 0.005000 secs.
[GP] MarginTNSS=0, TNSS=0, WSS=992302
[GP] Final best WL=3417.353500 OF=0.073728, totally takes 0.968000 secs, run timing analysis 9 times totally takes 0.061000 secs.
[GP] Total node move: 332.67, average node move: 1.97
[GP] Placer use memory: 5.91244507 MB
Stage: after mp post global place | Performance: WL = 3000 ; TNS =  0 ; WNS =  992302 | Time (s): real = 0h:0m:17s ; cpu = 0h:0m:13s ; process = 0h:0m:24s | Memory (MB): curr = 689.093750 ; peak = 702.914062 | Checksum: F1E82506D44815F9

MP flow takes 2.328.
Stage: after EP_MP | Performance: WL = 3000 ; TNS =  0 ; WNS =  992302 | Time (s): real = 0h:0m:17s ; cpu = 0h:0m:13s ; process = 0h:0m:24s | Memory (MB): curr = 689.097656 ; peak = 702.914062 | Checksum: F1E82506D44815F9


Stage 7 EP_LP start.
Stage: after legalization | Performance: avg_mov = 0.087649 ; max_mov = 1 ; mov_var = 0.079967
Legalize placement flow takes 0.016.
Stage: after EP_LP | Performance: WL = 3034 ; TNS =  0 ; WNS =  992263 | Time (s): real = 0h:0m:17s ; cpu = 0h:0m:13s ; process = 0h:0m:24s | Memory (MB): curr = 690.625000 ; peak = 702.914062 | Checksum: 57F9B523D0A47035


Stage 8 EP_DP start.
Stage: before DP | Performance: WL = 3034 ; TNS = 0 ; WNS = 992263
Stage: after DP | Performance: WL = 3034 ; TNS = 0 ; WNS = 992263
EP_DP takes 0 sec.
Stage: after EP_DP | Performance: WL = 3034 ; TNS =  0 ; WNS =  992263 | Time (s): real = 0h:0m:17s ; cpu = 0h:0m:13s ; process = 0h:0m:24s | Memory (MB): curr = 692.519531 ; peak = 702.914062 | Checksum: 57F9B523D0A47035


Stage 9 EP_FP start.
AutoDRC Flow for Design Check After Place Start.
AutoDRC Flow for Design Check After Place End.
Stage: after EP_FP | Performance: WL = 3034 ; TNS =  0 ; WNS =  992263 | Time (s): real = 0h:0m:17s ; cpu = 0h:0m:13s ; process = 0h:0m:24s | Memory (MB): curr = 694.660156 ; peak = 702.914062 | Checksum: D1C60770471E74D4


Congestion analysis started.
I: Start printing congestion info.
I: Finish printing congestion info.
Congestion analysis takes 0.09 sec.


Device Utilization Summary :
+----------------------------------------------------------------------------+
| Device Type                      | Used     | Available     | Util(%)     
+----------------------------------------------------------------------------+
| CLMA                             | 76       | 6450          | 2           
| + FF                             | 152      | 38700         | 1           
| + LUT                            | 213      | 25800         | 1           
|   + LUT as Logic                 | 213      |               |             
|   + LUT as Const                 | 0        |               |             
|   + LUT as Bypass                | 0        |               |             
| CLMS                             | 56       | 4250          | 2           
| + FF                             | 121      | 25500         | 1           
| + LUT                            | 144      | 17000         | 1           
|   + LUT as Logic                 | 144      |               |             
|   + LUT as Memory                | 0        |               |             
|     + LUT as Distributed RAM     | 0        |               |             
|   + LUT as Const                 | 0        |               |             
|   + LUT as Bypass                | 0        |               |             
| IO                               | 63       | 296           | 22          
| + IOBD                           | 15       | 64            | 24          
| + IOBR_LR                        | 1        | 7             | 15          
| + IOBR_TB                        | 2        | 8             | 25          
| + IOBS_LR                        | 33       | 161           | 21          
| + IOBS_TB                        | 12       | 56            | 22          
| APM                              | 0        | 84            | 0           
| BKCL                             | 3        | 4             | 75          
| CRYSTAL                          | 0        | 2             | 0           
| DLL                              | 0        | 10            | 0           
| DQSL                             | 0        | 18            | 0           
| DRM                              | 2        | 134           | 2           
| FUSECODE                         | 0        | 1             | 0           
| HARD0N1                          | 0        | 6672          | 0           
| HSST                             | 0        | 1             | 0           
| IOCKDIV                          | 0        | 20            | 0           
| IOCKDLY                          | 0        | 40            | 0           
| IOCKGATE                         | 0        | 20            | 0           
| + IOCKGATE as Bypass             | 0        |               |             
| IOL                              | 63       | 400           | 16          
| IPAL                             | 0        | 1             | 0           
| LDO                              | 0        | 4             | 0           
| OSC                              | 0        | 1             | 0           
| PCIE                             | 0        | 1             | 0           
| PLL                              | 1        | 5             | 20          
| RCKB                             | 0        | 24            | 0           
| + RCKB as Bypass                 | 0        |               |             
| RESCAL                           | 0        | 4             | 0           
| SCANCHAIN                        | 0        | 2             | 0           
| START                            | 1        | 1             | 100         
| UDID                             | 0        | 1             | 0           
| USCM                             | 2        | 30            | 7           
| + USCM as Bypass                 | 0        |               |             
+----------------------------------------------------------------------------+

Total placement takes 9.95 sec.
Finished placement.
Design 'hdmi_loop' has been placed successfully.
Action place: Real time elapsed is 0h:0m:17s
Action place: CPU time elapsed is 0h:0m:13s
Action place: Process CPU time elapsed is 0h:0m:25s
Action place: Peak memory pool usage is 775 MB

Current time: Wed Sep 16 12:58:18 2026
