#Build: Fabric Compiler 2025.2, Build 211867, Jan 16 16:10 2026
#Install: E:\work\pango\PDS_2025.2-ads\bin
#Application name: pds_shell.exe
#OS: Windows 11 10.0.26200
#CPU: Unknown
#RAM(GB): 32
#Hostname: dionirpyC
#Generated by Fabric Compiler (version 2025.2 build 211867) at Wed Sep 16 12:58:20 2026
Parameters for debugging are loaded as follows:
Compiling verification operator library.
Compiling vendor parameter file.
Compiling common defs.
Compiling prim grid devices.
Compiling place grid timing.
Compiling gate devices.
Compiling gate operators.
Compiling gate operators impls.
Building architecture model.
Loading device packaging model.
Building architecture floorplan logic view.
Elaborate the liberty model.
I: Multithreading enabled for Timing using a maximum of 4 processes.

Routing started.
Build routing arch for double attribute device.
Enter timing driven router mode.
I: Multithreading enabled for route using a maximum of 6 processes.
Building routing graph takes 1.29 sec.
Enable Recovery Analysis in Routing
Init coarse delay table.
I: Loading Timing Delay Info...
I: Load Timing Delay Info successfully.
Read place coarse delay table takes 0.31 sec.
build place dedicate switch graph takes 1.22 sec
Setup STE netlist take 1808 msec.
Slack Weight : 90
CE/RS signal series limit : 500
Dispose control chain take 11 msec.
Collect const net info take 35 msec.
Total nets for routing: 516.
Total loads for routing: 2273.
Direct connect net size: 158
Build all design net take 29 msec.
Processing design graph takes 1.89 sec.
Route info is not supported in this chip.
Delay table total memory: 40.33696175 MB
Route graph total memory: 74.38819599 MB
Route design total memory: 1.48535538 MB
The remaining process takes 0.01 sec.
Stage: after context initialize | Time (s): real = 0h:0m:10s ; cpu = 0h:0m:8s ; process = 0h:0m:9s | Memory (MB): curr = 682.390625 ; peak = 720.675781 | Checksum: E2C882352487E610
Global routing takes 0.00 sec.
Pin Cost Increasing Speed 300
Unrouted clock nets at iteration 0 (0.002 sec): 2
Unrouted clock nets at iteration 1 (0.001 sec): 0
Stage: after clock route | Time (s): real = 0h:0m:10s ; cpu = 0h:0m:8s ; process = 0h:0m:9s | Memory (MB): curr = 683.328125 ; peak = 720.675781 | Checksum: 15D948696175FE8E
Total route nets size: 508
Pre route takes 0.119 sec
Stage: after pre route | Performance: TNS = 0 ; WNS = 994141 ; THS = 0 ; WHS = 135 | Time (s): real = 0h:0m:10s ; cpu = 0h:0m:8s ; process = 0h:0m:10s | Memory (MB): curr = 694.750000 ; peak = 720.675781 | Checksum: B93194D496B1D433
Unrouted general nets at iteration 4 (MT total route time: 0.067 sec): 400(overused: 2159)
Unrouted general nets at iteration 5 (MT total route time: 0.056 sec): 326(overused: 1535)
Unrouted general nets at iteration 6 (MT total route time: 0.050 sec): 234(overused: 947)
Unrouted general nets at iteration 7 (MT total route time: 0.039 sec): 164(overused: 505)
Unrouted general nets at iteration 8 (MT total route time: 0.029 sec): 121(overused: 322)
Unrouted general nets at iteration 9 (MT total route time: 0.016 sec): 66(overused: 134)
Unrouted general nets at iteration 10 (MT total route time: 0.009 sec): 39(overused: 64)
Unrouted general nets at iteration 11 (MT total route time: 0.006 sec): 17(overused: 25)
Unrouted general nets at iteration 12 (MT total route time: 0.004 sec): 7(overused: 10)
Unrouted general nets at iteration 13 (MT total route time: 0.002 sec): 2(overused: 2)
Unrouted general nets at iteration 14 (MT total route time: 0.003 sec): 0(overused: 0)
----General net take 0.001 sec(route net take 0.000 sec, inc cost take 0.001 sec, iter times: 1)
----const net route take 0.002 sec
Unrouted nets at iteration 15 (0.004 sec): 0
Stage: after detail route | Performance: TNS = 0 ; WNS = 992714 ; THS = NA ; WHS = NA | Time (s): real = 0h:0m:11s ; cpu = 0h:0m:8s ; process = 0h:0m:10s | Memory (MB): curr = 696.839844 ; peak = 720.675781 | Checksum: 89BA71B411C724EC
Begin rip-up and reroute:
Rip-up and reroute takes 0.02 sec.
Stage: after ripup & reroute | Performance: TNS = 0 ; WNS = 992714 ; THS = NA ; WHS = NA | Time (s): real = 0h:0m:11s ; cpu = 0h:0m:8s ; process = 0h:0m:10s | Memory (MB): curr = 697.964844 ; peak = 720.675781 | Checksum: 89BA71B411C724EC
Detailed routing takes 0.82 sec.
Sort Original Nets take 0.001 sec
Check HPIO div result take 0.000 sec
Total net: 516, route succeed net: 516
Generate routing result take 0.002 sec
Handle PERMUX permutation take 0.014 sec
Handle const net take 0.002 sec
Handle route through take 0.005 sec
Used SRB routing arc is 4589.
Stage: after finish route | Performance: TNS = 0 ; WNS = 992714 ; THS = NA ; WHS = NA | Time (s): real = 0h:0m:11s ; cpu = 0h:0m:8s ; process = 0h:0m:10s | Memory (MB): curr = 671.960938 ; peak = 720.675781 | Checksum: D33D2D83912D6B25
Finish routing takes 0.12 sec.
Total routing takes 4.24 sec.

Device Utilization Summary :
+----------------------------------------------------------------------------+
| Device Type                      | Used     | Available     | Util(%)     
+----------------------------------------------------------------------------+
| CLMA                             | 102      | 6450          | 2           
| + FF                             | 152      | 38700         | 1           
| + LUT                            | 296      | 25800         | 2           
|   + LUT as Logic                 | 213      |               |             
|   + LUT as Const                 | 81       |               |             
|   + LUT as Bypass                | 2        |               |             
| CLMS                             | 59       | 4250          | 2           
| + FF                             | 121      | 25500         | 1           
| + LUT                            | 151      | 17000         | 1           
|   + LUT as Logic                 | 144      |               |             
|   + LUT as Memory                | 0        |               |             
|     + LUT as Distributed RAM     | 0        |               |             
|   + LUT as Const                 | 7        |               |             
|   + LUT as Bypass                | 0        |               |             
| IO                               | 63       | 296           | 22          
| + IOBD                           | 15       | 64            | 24          
| + IOBR_LR                        | 1        | 7             | 15          
| + IOBR_TB                        | 2        | 8             | 25          
| + IOBS_LR                        | 33       | 161           | 21          
| + IOBS_TB                        | 12       | 56            | 22          
| APM                              | 0        | 84            | 0           
| BKCL                             | 3        | 4             | 75          
| CRYSTAL                          | 0        | 2             | 0           
| DLL                              | 0        | 10            | 0           
| DQSL                             | 0        | 18            | 0           
| DRM                              | 2        | 134           | 2           
| FUSECODE                         | 0        | 1             | 0           
| HARD0N1                          | 17       | 6672          | 1           
| HSST                             | 0        | 1             | 0           
| IOCKDIV                          | 0        | 20            | 0           
| IOCKDLY                          | 0        | 40            | 0           
| IOCKGATE                         | 0        | 20            | 0           
| + IOCKGATE as Bypass             | 0        |               |             
| IOL                              | 63       | 400           | 16          
| IPAL                             | 0        | 1             | 0           
| LDO                              | 0        | 4             | 0           
| OSC                              | 0        | 1             | 0           
| PCIE                             | 0        | 1             | 0           
| PLL                              | 1        | 5             | 20          
| RCKB                             | 0        | 24            | 0           
| + RCKB as Bypass                 | 0        |               |             
| RESCAL                           | 0        | 4             | 0           
| SCANCHAIN                        | 0        | 2             | 0           
| START                            | 1        | 1             | 100         
| UDID                             | 0        | 1             | 0           
| USCM                             | 2        | 30            | 7           
| + USCM as Bypass                 | 0        |               |             
+----------------------------------------------------------------------------+

Finished routing. (CPU time elapsed 0h:00m:08s)
Design 'hdmi_loop' has been routed successfully.
Saving design to DB.
Action Route: Export DB successfully.
Action route: Real time elapsed is 0h:0m:11s
Action route: CPU time elapsed is 0h:0m:9s
Action route: Process CPU time elapsed is 0h:0m:10s
Action route: Peak memory pool usage is 720 MB

Current time: Wed Sep 16 12:58:29 2026
