#Build: Fabric Compiler 2025.2, Build 211867, Jan 16 16:10 2026
#Install: E:\work\pango\PDS_2025.2-ads\bin
#Application name: pds_shell.exe
#OS: Windows 11 10.0.26200
#CPU: Unknown
#RAM(GB): 32
#Hostname: dionirpyC
#Generated by Fabric Compiler (version 2025.2 build 211867) at Fri Sep 18 18:18:25 2026
Parameters for debugging are loaded as follows:
Compiling verification operator library.
Compiling vendor parameter file.
Compiling common defs.
Compiling prim grid devices.
Compiling place grid timing.
Compiling gate devices.
Compiling gate operators.
Compiling gate operators impls.
Building architecture model.
Loading device packaging model.
Building architecture floorplan logic view.
Elaborate the liberty model.
I: Multithreading enabled for Timing using a maximum of 4 processes.

Routing started.
Build routing arch for double attribute device.
Enter timing driven router mode.
I: Multithreading enabled for route using a maximum of 6 processes.
Building routing graph takes 1.33 sec.
Enable Recovery Analysis in Routing
Init coarse delay table.
I: Loading Timing Delay Info...
I: Load Timing Delay Info successfully.
Read place coarse delay table takes 0.30 sec.
build place dedicate switch graph takes 1.50 sec
Setup STE netlist take 1962 msec.
Slack Weight : 90
CE/RS signal series limit : 500
Dispose control chain take 2 msec.
Collect const net info take 31 msec.
Total nets for routing: 60.
Total loads for routing: 178.
Direct connect net size: 38
Build all design net take 16 msec.
Processing design graph takes 2.01 sec.
Route info is not supported in this chip.
Delay table total memory: 40.33604622 MB
Route graph total memory: 74.16646290 MB
Route design total memory: 1.13202286 MB
The remaining process takes 0.01 sec.
Stage: after context initialize | Time (s): real = 0h:0m:10s ; cpu = 0h:0m:8s ; process = 0h:0m:10s | Memory (MB): curr = 651.355469 ; peak = 692.300781 | Checksum: C6544F6FB5A134B9
Global routing takes 0.00 sec.
Pin Cost Increasing Speed 300
Unrouted clock nets at iteration 0 (0.001 sec): 0
Stage: after clock route | Time (s): real = 0h:0m:10s ; cpu = 0h:0m:8s ; process = 0h:0m:10s | Memory (MB): curr = 652.753906 ; peak = 692.300781 | Checksum: 9F84A69391F62AA7
Total route nets size: 56
Pre route takes 0.032 sec
Stage: after pre route | Performance: TNS = 0 ; WNS = 15068 ; THS = 0 ; WHS = 316 | Time (s): real = 0h:0m:10s ; cpu = 0h:0m:8s ; process = 0h:0m:10s | Memory (MB): curr = 660.257812 ; peak = 692.300781 | Checksum: C4084B424A37CBB0
Unrouted general nets at iteration 3 (MT total route time: 0.006 sec): 41(overused: 102)
Unrouted general nets at iteration 4 (MT total route time: 0.004 sec): 24(overused: 78)
Unrouted general nets at iteration 5 (MT total route time: 0.002 sec): 8(overused: 16)
Unrouted general nets at iteration 6 (MT total route time: 0.000 sec): 4(overused: 8)
Unrouted general nets at iteration 7 (MT total route time: 0.000 sec): 2(overused: 4)
Unrouted general nets at iteration 8 (MT total route time: 0.000 sec): 2(overused: 4)
Unrouted general nets at iteration 9 (MT total route time: 0.000 sec): 0(overused: 0)
----General net take 0.000 sec(route net take 0.000 sec, inc cost take 0.000 sec, iter times: 1)
----const net route take 0.000 sec
Unrouted nets at iteration 10 (0.000 sec): 0
Stage: after detail route | Performance: TNS = 0 ; WNS = 15068 ; THS = NA ; WHS = NA | Time (s): real = 0h:0m:10s ; cpu = 0h:0m:8s ; process = 0h:0m:10s | Memory (MB): curr = 660.375000 ; peak = 692.300781 | Checksum: 15B667DC9FF3E2F9
Begin rip-up and reroute:
Rip-up and reroute takes 0.01 sec.
Stage: after ripup & reroute | Performance: TNS = 0 ; WNS = 14936 ; THS = NA ; WHS = NA | Time (s): real = 0h:0m:10s ; cpu = 0h:0m:8s ; process = 0h:0m:10s | Memory (MB): curr = 659.238281 ; peak = 692.300781 | Checksum: D210A4F5547194B
Detailed routing takes 0.41 sec.
I: Design net key/clk_detect is routed by general path.
C: Route-2036: The clock path from key/clk_detect/opit_0_inv_L5Q:Q to key/key_data[2]/opit_0_inv_L5Q:CLK is routed by SRB.
Sort Original Nets take 0.002 sec
Check HPIO div result take 0.000 sec
Total net: 60, route succeed net: 60
Generate routing result take 0.000 sec
Handle PERMUX permutation take 0.001 sec
Handle const net take 0.000 sec
Handle route through take 0.000 sec
Used SRB routing arc is 409.
Stage: after finish route | Performance: TNS = 0 ; WNS = 14936 ; THS = NA ; WHS = NA | Time (s): real = 0h:0m:10s ; cpu = 0h:0m:8s ; process = 0h:0m:10s | Memory (MB): curr = 636.035156 ; peak = 692.300781 | Checksum: 444086823AAD5958
Finish routing takes 0.09 sec.
Total routing takes 3.96 sec.

Device Utilization Summary :
+----------------------------------------------------------------------------+
| Device Type                      | Used     | Available     | Util(%)     
+----------------------------------------------------------------------------+
| CLMA                             | 12       | 6450          | 1           
| + FF                             | 10       | 38700         | 1           
| + LUT                            | 26       | 25800         | 1           
|   + LUT as Logic                 | 7        |               |             
|   + LUT as Const                 | 19       |               |             
|   + LUT as Bypass                | 0        |               |             
| CLMS                             | 9        | 4250          | 1           
| + FF                             | 30       | 25500         | 1           
| + LUT                            | 32       | 17000         | 1           
|   + LUT as Logic                 | 32       |               |             
|   + LUT as Memory                | 0        |               |             
|     + LUT as Distributed RAM     | 0        |               |             
|   + LUT as Const                 | 0        |               |             
|   + LUT as Bypass                | 0        |               |             
| IO                               | 18       | 296           | 7           
| + IOBD                           | 4        | 64            | 7           
| + IOBR_LR                        | 0        | 7             | 0           
| + IOBR_TB                        | 1        | 8             | 13          
| + IOBS_LR                        | 9        | 161           | 6           
| + IOBS_TB                        | 4        | 56            | 8           
| APM                              | 0        | 84            | 0           
| BKCL                             | 3        | 4             | 75          
| CRYSTAL                          | 0        | 2             | 0           
| DLL                              | 0        | 10            | 0           
| DQSL                             | 0        | 18            | 0           
| DRM                              | 0        | 134           | 0           
| FUSECODE                         | 0        | 1             | 0           
| HARD0N1                          | 1        | 6672          | 1           
| HSST                             | 0        | 1             | 0           
| IOCKDIV                          | 0        | 20            | 0           
| IOCKDLY                          | 0        | 40            | 0           
| IOCKGATE                         | 0        | 20            | 0           
| + IOCKGATE as Bypass             | 0        |               |             
| IOL                              | 18       | 400           | 5           
| IPAL                             | 0        | 1             | 0           
| LDO                              | 0        | 4             | 0           
| OSC                              | 0        | 1             | 0           
| PCIE                             | 0        | 1             | 0           
| PLL                              | 0        | 5             | 0           
| RCKB                             | 0        | 24            | 0           
| + RCKB as Bypass                 | 0        |               |             
| RESCAL                           | 0        | 4             | 0           
| SCANCHAIN                        | 0        | 2             | 0           
| START                            | 1        | 1             | 100         
| UDID                             | 0        | 1             | 0           
| USCM                             | 1        | 30            | 4           
| + USCM as Bypass                 | 0        |               |             
+----------------------------------------------------------------------------+

Finished routing. (CPU time elapsed 0h:00m:08s)
Design 'led_top' has been routed successfully.
Saving design to DB.
Action Route: Export DB successfully.
Action route: Real time elapsed is 0h:0m:10s
Action route: CPU time elapsed is 0h:0m:8s
Action route: Process CPU time elapsed is 0h:0m:11s
Action route: Peak memory pool usage is 692 MB

Current time: Fri Sep 18 18:18:34 2026
