#Build: Fabric Compiler 2025.2, Build 211867, Jan 16 16:10 2026
#Install: E:\work\pango\PDS_2025.2-ads\bin
#Application name: pds_shell.exe
#OS: Windows 11 10.0.26200
#CPU: Unknown
#RAM(GB): 32
#Hostname: dionirpyC
#Generated by Fabric Compiler (version 2025.2 build 211867) at Fri Sep 18 18:18:15 2026
Parameters for debugging are loaded as follows:
Compiling verification operator library.
Compiling vendor parameter file.
Compiling common defs.
Compiling prim grid devices.
Compiling place grid timing.
Compiling gate devices.
Compiling gate operators.
Compiling gate operators impls.
Building architecture model.
Loading device packaging model.
Building architecture floorplan logic view.
Constraint check start.
W: ConstraintEditor-4042: Port 'io_led_out[0]' lacks attribute 'SLEW', it's better to set the attribute for port.
W: ConstraintEditor-4042: Port 'io_led_out[0]' lacks attribute 'DRIVE', it's better to set the attribute for port.
W: ConstraintEditor-4042: Port 'io_led_out[0]' lacks attribute 'BUS_KEEPER', it's better to set the attribute for port.
W: ConstraintEditor-4042: Port 'io_led_out[1]' lacks attribute 'SLEW', it's better to set the attribute for port.
W: ConstraintEditor-4042: Port 'io_led_out[1]' lacks attribute 'DRIVE', it's better to set the attribute for port.
W: ConstraintEditor-4042: Port 'io_led_out[1]' lacks attribute 'BUS_KEEPER', it's better to set the attribute for port.
W: ConstraintEditor-4042: Port 'io_led_out[2]' lacks attribute 'SLEW', it's better to set the attribute for port.
W: ConstraintEditor-4042: Port 'io_led_out[2]' lacks attribute 'DRIVE', it's better to set the attribute for port.
W: ConstraintEditor-4042: Port 'io_led_out[2]' lacks attribute 'BUS_KEEPER', it's better to set the attribute for port.
W: ConstraintEditor-4042: Port 'io_led_out[3]' lacks attribute 'SLEW', it's better to set the attribute for port.
W: ConstraintEditor-4042: Port 'io_led_out[3]' lacks attribute 'DRIVE', it's better to set the attribute for port.
W: ConstraintEditor-4042: Port 'io_led_out[3]' lacks attribute 'BUS_KEEPER', it's better to set the attribute for port.
W: ConstraintEditor-4042: Port 'io_led_out[4]' lacks attribute 'SLEW', it's better to set the attribute for port.
W: ConstraintEditor-4042: Port 'io_led_out[4]' lacks attribute 'DRIVE', it's better to set the attribute for port.
W: ConstraintEditor-4042: Port 'io_led_out[4]' lacks attribute 'BUS_KEEPER', it's better to set the attribute for port.
W: ConstraintEditor-4042: Port 'io_led_out[5]' lacks attribute 'SLEW', it's better to set the attribute for port.
W: ConstraintEditor-4042: Port 'io_led_out[5]' lacks attribute 'DRIVE', it's better to set the attribute for port.
W: ConstraintEditor-4042: Port 'io_led_out[5]' lacks attribute 'BUS_KEEPER', it's better to set the attribute for port.
W: ConstraintEditor-4042: Port 'io_led_out[6]' lacks attribute 'SLEW', it's better to set the attribute for port.
W: ConstraintEditor-4042: Port 'io_led_out[6]' lacks attribute 'DRIVE', it's better to set the attribute for port.
W: ConstraintEditor-4042: Port 'io_led_out[6]' lacks attribute 'BUS_KEEPER', it's better to set the attribute for port.
W: ConstraintEditor-4042: Port 'io_led_out[7]' lacks attribute 'SLEW', it's better to set the attribute for port.
W: ConstraintEditor-4042: Port 'io_led_out[7]' lacks attribute 'DRIVE', it's better to set the attribute for port.
W: ConstraintEditor-4042: Port 'io_led_out[7]' lacks attribute 'BUS_KEEPER', it's better to set the attribute for port.
W: ConstraintEditor-4042: Port 'io_key_in[0]' lacks attribute 'BUS_KEEPER', it's better to set the attribute for port.
W: ConstraintEditor-4040: [E:/code/PangoWork/Works/led/prj_tasks/pnr_1/device_map/led_top.pcf(line number: 11)] Port io_key_in[0] has been placed at location K18, whose type is share pin.
W: ConstraintEditor-4042: Port 'io_key_in[1]' lacks attribute 'BUS_KEEPER', it's better to set the attribute for port.
W: ConstraintEditor-4042: Port 'io_key_in[2]' lacks attribute 'BUS_KEEPER', it's better to set the attribute for port.
W: ConstraintEditor-4042: Port 'io_key_in[3]' lacks attribute 'BUS_KEEPER', it's better to set the attribute for port.
W: ConstraintEditor-4042: Port 'io_key_in[4]' lacks attribute 'BUS_KEEPER', it's better to set the attribute for port.
W: ConstraintEditor-4042: Port 'io_key_in[5]' lacks attribute 'BUS_KEEPER', it's better to set the attribute for port.
W: ConstraintEditor-4040: [E:/code/PangoWork/Works/led/prj_tasks/pnr_1/device_map/led_top.pcf(line number: 16)] Port io_key_in[5] has been placed at location J19, whose type is share pin.
W: ConstraintEditor-4042: Port 'io_key_in[6]' lacks attribute 'BUS_KEEPER', it's better to set the attribute for port.
W: ConstraintEditor-4040: [E:/code/PangoWork/Works/led/prj_tasks/pnr_1/device_map/led_top.pcf(line number: 17)] Port io_key_in[6] has been placed at location H20, whose type is share pin.
W: ConstraintEditor-4042: Port 'io_key_in[7]' lacks attribute 'BUS_KEEPER', it's better to set the attribute for port.
W: ConstraintEditor-4040: [E:/code/PangoWork/Works/led/prj_tasks/pnr_1/device_map/led_top.pcf(line number: 19)] Port io_rst_n has been placed at location AB13, whose type is share pin.
C: ConstraintEditor-2022: There are some ports' attributes are set to default value, please read [E:/code/PangoWork/Works/led/prj_tasks/pnr_1/place_route/ports_defalut_attribute.txt(line number:0)] to confirm.
Found 0 error(s), 1 critical warning(s), 36 warning(s), out of 18 constraint(s)
Constraint check end.
Total time(hh:mm:ss) of constraint check : 00:00:00
Elaborate the liberty model.
I: Multithreading enabled for Timing using a maximum of 4 processes.
Placement started. Type: EP_COMMON_FLOW.

Stage 1 EP_INIT start.
Stage: after EP_INIT | Time (s): real = 0h:0m:6s ; cpu = 0h:0m:4s ; process = 0h:0m:6s | Memory (MB): curr = 427.410156 ; peak = 428.257812 | Checksum: F717D02546DAD932

Design Layer Utilization:
	LUT: 0.091%
	FF: 0.079%
	IO: 5.150%

Stage 2 EP_DL start.
build place dedicate switch graph takes 1.48 sec
Place location constraint group with base node:io_key_in_ibuf[0]/opit_1 at IOL_327_257
Place location constraint group with base node:io_key_in_ibuf[1]/opit_1 at IOL_327_134
Place location constraint group with base node:io_key_in_ibuf[2]/opit_1 at IOL_327_297
Place location constraint group with base node:io_key_in_ibuf[3]/opit_1 at IOL_327_133
Place location constraint group with base node:io_key_in_ibuf[4]/opit_1 at IOL_327_298
Place location constraint group with base node:io_key_in_ibuf[5]/opit_1 at IOL_327_262
Place location constraint group with base node:io_key_in_ibuf[6]/opit_1 at IOL_327_261
Place location constraint group with base node:io_key_in_ibuf[7]/opit_1 at IOL_327_365
Place location constraint group with base node:io_led_out_obuf[0]/opit_1 at IOL_19_374
Place location constraint group with base node:io_led_out_obuf[1]/opit_1 at IOL_19_373
Place location constraint group with base node:io_led_out_obuf[2]/opit_1 at IOL_35_374
Place location constraint group with base node:io_led_out_obuf[3]/opit_1 at IOL_35_373
Place location constraint group with base node:io_led_out_obuf[4]/opit_1 at IOL_67_374
Place location constraint group with base node:io_led_out_obuf[5]/opit_1 at IOL_67_373
Place location constraint group with base node:io_led_out_obuf[6]/opit_1 at IOL_47_374
Place location constraint group with base node:io_led_out_obuf[7]/opit_1 at IOL_47_373
Place location constraint group with base node:io_rst_n_ibuf/opit_1 at IOL_167_5
Place location constraint group with base node:io_sys_clk_50mhz_ibuf/opit_1 at IOL_327_210
Place location constraint node:BKCL_auto_0 at BKCL_188_376
Place location constraint node:BKCL_auto_1 at BKCL_328_184
Place location constraint node:BKCL_auto_2 at BKCL_192_0
DRCP Convert Loc Constraint successful.

Stage 2.1 pre clock plan start.
Mapping instance GRS_INST/grs to START_324_2.
I: Clock statistic: 1 USCM.
solve clock designs takes 0.02 sec with memory (MB): curr = 498.011719, peak = 505.523438.
Mapping instance clkbufg_0/gopclkbufg to USCM_84_108:impl_uscm_rtb_a-USCM.
Stage: after pre clock plan | Time (s): real = 0h:0m:7s ; cpu = 0h:0m:5s ; process = 0h:0m:7s | Memory (MB): curr = 498.171875 ; peak = 505.523438

Place location constraint node:clkbufg_0/gopclkbufg at USCM_84_108
DRCP Convert Loc Constraint successful.
Stage: after EP_DL | Time (s): real = 0h:0m:7s ; cpu = 0h:0m:5s ; process = 0h:0m:8s | Memory (MB): curr = 498.214844 ; peak = 505.523438 | Checksum: 2DDF3D50B139F97


Stage 3 EP_FIP start.
DRCP Convert Loc Constraint successful.

Stage 3.1 fip global place start.
[GP] num_thread=0
I: Multithreading enabled for place using a maximum of 4 processes.
[GP] Placement Initial Method "Quad".
[GP] Placement Decongestion Mode "1".
[GP] Recovery Analysis in GP "Enable".
I: Loading Timing Delay Info...
I: Load Timing Delay Info successfully.
Init coarse delay table.
Read place coarse delay table takes 0.31 sec.
[GP] Init timing API takes 1.55 sec.
[GP] Init GP graph takes 1.60 sec.
Device graph total memory: 11.10974503 MB
[GP] Read position from netlist take 0 msec
[GP] Total node move: 2439.53, average node move: 93.83
First map gop timing takes 0.00 sec
[GP] SA handle 2 clusters.
[GP] SA init_cost = 76599.500000, final_cost = 76599.500000, final_cost/init_cost = 1.000000, occupied region_num = 2.
[GP] SA Optimize take time: 0.002000 sec.
[GP] Timing analysis take 0.004000 secs.
[GP] MarginTNSS=0, TNSS=0, WSS=9822
[GP] Place thread size: 4
[GP] Node size: 9132, net size: 59
[GP] Design graph total memory: 26.16835690 MB
[GP] Timing analysis take 0.002000 secs.
[GP] MarginTNSS=0, TNSS=0, WSS=13236
[GP] Step 0 take 0.021 secs: WL=1236.01 OF=0.274986
[GP] Timing analysis take 0.003000 secs.
[GP] MarginTNSS=0, TNSS=0, WSS=14167
[GP] Step 1 take 0.133 secs: WL=1025.83 OF=0.139983
[GP] Timing analysis take 0.003000 secs.
[GP] MarginTNSS=0, TNSS=0, WSS=14111
[GP] Step 2 take 0.135 secs: WL=1015.18 OF=0.134898
[GP] Timing analysis take 0.003000 secs.
[GP] MarginTNSS=0, TNSS=0, WSS=14089
[GP] Step 3 take 0.136 secs: WL=999.87 OF=0.096370
[GP] Timing analysis take 0.003000 secs.
[GP] MarginTNSS=0, TNSS=0, WSS=14089
[GP] Step 4 take 0.138 secs: WL=982.35 OF=0.135863
[GP] Timing analysis take 0.003000 secs.
[GP] MarginTNSS=0, TNSS=0, WSS=14093
[GP] Timing analysis take 0.003000 secs.
[GP] MarginTNSS=0, TNSS=0, WSS=14093
[GP] Final best WL=972.398464 OF=0.092737, totally takes 0.700000 secs, run timing analysis 8 times totally takes 0.024000 secs.
[GP] Total node move: 1437.72, average node move: 55.30
[GP] Placer use memory: 5.59156418 MB
Stage: after fip global place | Performance: WL = 935 ; TNS =  0 ; WNS =  14093 | Time (s): real = 0h:0m:10s ; cpu = 0h:0m:7s ; process = 0h:0m:11s | Memory (MB): curr = 633.105469 ; peak = 662.117188 | Checksum: 2894E67617AF92CA

Flat initial placement flow takes 2.062.
Stage: after EP_FIP | Performance: WL = 935 ; TNS =  0 ; WNS =  14093 | Time (s): real = 0h:0m:10s ; cpu = 0h:0m:7s ; process = 0h:0m:11s | Memory (MB): curr = 633.269531 ; peak = 662.117188 | Checksum: 2894E67617AF92CA


Stage 4 EP_CAGP start.

Stage 4.1 cagp site packing start.
Stage: after pack legalize group | Performance: avg_mov = 0.000000 ; max_mov = 0 ; mov_var = 0.000000
Stage: after cagp site packing | Performance: WL = 1072 | Time (s): real = 0h:0m:10s ; cpu = 0h:0m:7s ; process = 0h:0m:11s | Memory (MB): curr = 650.394531 ; peak = 662.117188 | Checksum: 42FA5D8399088D51


Stage 4.2 cagp macro placement start.
Stage: after cagp macro placement | Performance: WL = 1072 | Time (s): real = 0h:0m:10s ; cpu = 0h:0m:7s ; process = 0h:0m:11s | Memory (MB): curr = 650.488281 ; peak = 662.117188 | Checksum: 42FA5D8399088D51


Stage 4.3 post clock plan start.
pre solve all clock design takes 0.00 sec with memory (MB): curr = 650.593750, peak = 662.117188.
CRA timing analysis with worst slack 12427 takes 0.00 sec.
CRA cost 0 takes 0.00 sec.
solve all clock design takes 0.02 sec with memory (MB): curr = 651.117188, peak = 662.117188.
expand load region takes 0.00 sec.
Stage: after post clock plan | Time (s): real = 0h:0m:10s ; cpu = 0h:0m:8s ; process = 0h:0m:11s | Memory (MB): curr = 651.250000 ; peak = 662.117188

Movement during CRA, max : (0, 0) , total : (0, 0) , count : 0 , avg : (0, 0) .
Stage: after EP_CAGP | Performance: WL = 1072 ; TNS =  0 ; WNS =  12427 | Time (s): real = 0h:0m:10s ; cpu = 0h:0m:8s ; process = 0h:0m:11s | Memory (MB): curr = 651.257812 ; peak = 662.117188 | Checksum: 8B37D17150D58D0A


Stage 5 EP_DRCP start.

Stage 5.1 DRC Placement start.
DRC final successful.
Stage: after DRC Placement | Time (s): real = 0h:0m:10s ; cpu = 0h:0m:8s ; process = 0h:0m:11s | Memory (MB): curr = 651.273438 ; peak = 662.117188


Stage 5.2 IO Placement start.
The average distance in IO place is 0.000000.
Stage: after IO Placement | Time (s): real = 0h:0m:10s ; cpu = 0h:0m:8s ; process = 0h:0m:11s | Memory (MB): curr = 651.441406 ; peak = 662.117188

Stage: after EP_DRCP | Performance: WL = 1072 ; TNS =  0 ; WNS =  12427 | Time (s): real = 0h:0m:10s ; cpu = 0h:0m:8s ; process = 0h:0m:11s | Memory (MB): curr = 651.449219 ; peak = 662.117188 | Checksum: B2AE34C3A6F6DD4C


Stage 6 EP_MP start.

Stage 6.1 macro place start.
Stage: after macro place | Performance: WL = 1072 | Time (s): real = 0h:0m:10s ; cpu = 0h:0m:8s ; process = 0h:0m:11s | Memory (MB): curr = 651.566406 ; peak = 662.117188 | Checksum: B2AE34C3A6F6DD4C


Stage 6.2 mp post global place start.
[GP] num_thread=0
I: Multithreading enabled for place using a maximum of 4 processes.
[GP] Init timing API takes 0.00 sec.
[GP] Init GP graph takes 0.00 sec.
Device graph total memory: 11.11082077 MB
[GP] Read position from netlist take 0 msec
[GP] Timing analysis take 0.025000 secs.
[GP] MarginTNSS=0, TNSS=0, WSS=12427
[GP] Place thread size: 4
[GP] Node size: 9119, net size: 52
[GP] Design graph total memory: 27.89613628 MB
[GP] Timing analysis take 0.003000 secs.
[GP] MarginTNSS=0, TNSS=0, WSS=13129
[GP] Step 0 take 0.021 secs: WL=1067.01 OF=0.124640
[GP] Timing analysis take 0.002000 secs.
[GP] MarginTNSS=0, TNSS=0, WSS=14022
[GP] Step 1 take 0.132 secs: WL=975.70 OF=0.265553
[GP] Timing analysis take 0.003000 secs.
[GP] MarginTNSS=0, TNSS=0, WSS=13948
[GP] Step 2 take 0.132 secs: WL=971.09 OF=0.118345
[GP] Timing analysis take 0.003000 secs.
[GP] MarginTNSS=0, TNSS=0, WSS=13944
[GP] Final best WL=972.969040 OF=0.094719, totally takes 0.378000 secs, run timing analysis 5 times totally takes 0.036000 secs.
[GP] Total node move: 90.24, average node move: 6.94
[GP] Placer use memory: 5.58448410 MB
Stage: after mp post global place | Performance: WL = 935 ; TNS =  0 ; WNS =  13944 | Time (s): real = 0h:0m:11s ; cpu = 0h:0m:8s ; process = 0h:0m:12s | Memory (MB): curr = 652.726562 ; peak = 662.117188 | Checksum: 40EC636C58BD2530

MP flow takes 0.281.
Stage: after EP_MP | Performance: WL = 935 ; TNS =  0 ; WNS =  13944 | Time (s): real = 0h:0m:11s ; cpu = 0h:0m:8s ; process = 0h:0m:12s | Memory (MB): curr = 652.730469 ; peak = 662.117188 | Checksum: 40EC636C58BD2530


Stage 7 EP_LP start.
Stage: after legalization | Performance: avg_mov = 0.035714 ; max_mov = 1 ; mov_var = 0.034439
Legalize placement flow takes 0.000.
Stage: after EP_LP | Performance: WL = 936 ; TNS =  0 ; WNS =  13832 | Time (s): real = 0h:0m:11s ; cpu = 0h:0m:8s ; process = 0h:0m:12s | Memory (MB): curr = 653.031250 ; peak = 662.117188 | Checksum: 42232FEFEB79BB0C


Stage 8 EP_DP start.
Stage: before DP | Performance: WL = 936 ; TNS = 0 ; WNS = 13832
Stage: after DP | Performance: WL = 936 ; TNS = 0 ; WNS = 13832
EP_DP takes 0 sec.
Stage: after EP_DP | Performance: WL = 936 ; TNS =  0 ; WNS =  13832 | Time (s): real = 0h:0m:11s ; cpu = 0h:0m:8s ; process = 0h:0m:12s | Memory (MB): curr = 653.167969 ; peak = 662.117188 | Checksum: 42232FEFEB79BB0C


Stage 9 EP_FP start.
AutoDRC Flow for Design Check After Place Start.
AutoDRC Flow for Design Check After Place End.
Stage: after EP_FP | Performance: WL = 936 ; TNS =  0 ; WNS =  13832 | Time (s): real = 0h:0m:11s ; cpu = 0h:0m:8s ; process = 0h:0m:12s | Memory (MB): curr = 653.414062 ; peak = 662.117188 | Checksum: 3CB31968F626D95


Congestion analysis started.
I: Start printing congestion info.
I: Finish printing congestion info.
Congestion analysis takes 0.09 sec.


Device Utilization Summary :
+----------------------------------------------------------------------------+
| Device Type                      | Used     | Available     | Util(%)     
+----------------------------------------------------------------------------+
| CLMA                             | 7        | 6450          | 1           
| + FF                             | 10       | 38700         | 1           
| + LUT                            | 7        | 25800         | 1           
|   + LUT as Logic                 | 7        |               |             
|   + LUT as Const                 | 0        |               |             
|   + LUT as Bypass                | 0        |               |             
| CLMS                             | 9        | 4250          | 1           
| + FF                             | 30       | 25500         | 1           
| + LUT                            | 32       | 17000         | 1           
|   + LUT as Logic                 | 32       |               |             
|   + LUT as Memory                | 0        |               |             
|     + LUT as Distributed RAM     | 0        |               |             
|   + LUT as Const                 | 0        |               |             
|   + LUT as Bypass                | 0        |               |             
| IO                               | 18       | 296           | 7           
| + IOBD                           | 4        | 64            | 7           
| + IOBR_LR                        | 0        | 7             | 0           
| + IOBR_TB                        | 1        | 8             | 13          
| + IOBS_LR                        | 9        | 161           | 6           
| + IOBS_TB                        | 4        | 56            | 8           
| APM                              | 0        | 84            | 0           
| BKCL                             | 3        | 4             | 75          
| CRYSTAL                          | 0        | 2             | 0           
| DLL                              | 0        | 10            | 0           
| DQSL                             | 0        | 18            | 0           
| DRM                              | 0        | 134           | 0           
| FUSECODE                         | 0        | 1             | 0           
| HARD0N1                          | 0        | 6672          | 0           
| HSST                             | 0        | 1             | 0           
| IOCKDIV                          | 0        | 20            | 0           
| IOCKDLY                          | 0        | 40            | 0           
| IOCKGATE                         | 0        | 20            | 0           
| + IOCKGATE as Bypass             | 0        |               |             
| IOL                              | 18       | 400           | 5           
| IPAL                             | 0        | 1             | 0           
| LDO                              | 0        | 4             | 0           
| OSC                              | 0        | 1             | 0           
| PCIE                             | 0        | 1             | 0           
| PLL                              | 0        | 5             | 0           
| RCKB                             | 0        | 24            | 0           
| + RCKB as Bypass                 | 0        |               |             
| RESCAL                           | 0        | 4             | 0           
| SCANCHAIN                        | 0        | 2             | 0           
| START                            | 1        | 1             | 100         
| UDID                             | 0        | 1             | 0           
| USCM                             | 1        | 30            | 4           
| + USCM as Bypass                 | 0        |               |             
+----------------------------------------------------------------------------+

Total placement takes 4.67 sec.
Finished placement.
Design 'led_top' has been placed successfully.
Action place: Real time elapsed is 0h:0m:11s
Action place: CPU time elapsed is 0h:0m:8s
Action place: Process CPU time elapsed is 0h:0m:12s
Action place: Peak memory pool usage is 735 MB

Current time: Fri Sep 18 18:18:24 2026
