#Build: Fabric Compiler 2025.2, Build 211867, Jan 16 16:10 2026
#Install: E:\work\pango\PDS_2025.2-ads\bin
#Application name: pds_shell.exe
#OS: Windows 11 10.0.26200
#CPU: Unknown
#RAM(GB): 32
#Hostname: dionirpyC
#Generated by Fabric Compiler (version 2025.2 build 211867) at Fri Sep 18 20:00:10 2026
Parameters for debugging are loaded as follows:
Compiling verification operator library.
Compiling vendor parameter file.
Compiling common defs.
Compiling prim grid devices.
Compiling place grid timing.
Compiling gate devices.
Compiling gate operators.
Compiling gate operators impls.
Building architecture model.
Loading device packaging model.
Building architecture floorplan logic view.
Elaborate the liberty model.
I: Multithreading enabled for Timing using a maximum of 4 processes.

Routing started.
Build routing arch for double attribute device.
Enter timing driven router mode.
I: Multithreading enabled for route using a maximum of 6 processes.
Building routing graph takes 2.78 sec.
Enable Recovery Analysis in Routing
Init coarse delay table.
I: Loading Timing Delay Info...
I: Load Timing Delay Info successfully.
Read place coarse delay table takes 0.61 sec.
build place dedicate switch graph takes 3.30 sec
Setup STE netlist take 4335 msec.
Slack Weight : 90
CE/RS signal series limit : 500
Dispose control chain take 3 msec.
Collect const net info take 62 msec.
Total nets for routing: 36.
Total loads for routing: 282.
Direct connect net size: 34
Build all design net take 35 msec.
Processing design graph takes 4.44 sec.
Route info is not supported in this chip.
Delay table total memory: 40.33601570 MB
Route graph total memory: 74.16208363 MB
Route design total memory: 1.13325882 MB
The remaining process takes 0.01 sec.
Stage: after context initialize | Time (s): real = 0h:0m:18s ; cpu = 0h:0m:14s ; process = 0h:0m:17s | Memory (MB): curr = 652.410156 ; peak = 692.679688 | Checksum: 8BDD0CC9B0D93E78
Global routing takes 0.00 sec.
Pin Cost Increasing Speed 300
Unrouted clock nets at iteration 0 (0.002 sec): 4
Unrouted clock nets at iteration 1 (0.000 sec): 0
Stage: after clock route | Time (s): real = 0h:0m:18s ; cpu = 0h:0m:14s ; process = 0h:0m:17s | Memory (MB): curr = 653.167969 ; peak = 692.679688 | Checksum: D9C1C907744F8C6D
Total route nets size: 28
Pre route takes 0.066 sec
Stage: after pre route | Performance: TNS = 0 ; WNS = 151 ; THS = 0 ; WHS = 56 | Time (s): real = 0h:0m:18s ; cpu = 0h:0m:14s ; process = 0h:0m:17s | Memory (MB): curr = 660.316406 ; peak = 692.679688 | Checksum: EC451BBCB3A0847A
Unrouted general nets at iteration 4 (MT total route time: 0.006 sec): 16(overused: 80)
Unrouted general nets at iteration 5 (MT total route time: 0.003 sec): 10(overused: 40)
Unrouted general nets at iteration 6 (MT total route time: 0.002 sec): 8(overused: 22)
Unrouted general nets at iteration 7 (MT total route time: 0.001 sec): 8(overused: 20)
Unrouted general nets at iteration 8 (MT total route time: 0.001 sec): 4(overused: 12)
Unrouted general nets at iteration 9 (MT total route time: 0.001 sec): 2(overused: 4)
Unrouted general nets at iteration 10 (MT total route time: 0.000 sec): 0(overused: 0)
----General net take 0.000 sec(route net take 0.000 sec, inc cost take 0.000 sec, iter times: 1)
----const net route take 0.002 sec
Unrouted nets at iteration 11 (0.003 sec): 0
Stage: after detail route | Performance: TNS = 0 ; WNS = 151 ; THS = NA ; WHS = NA | Time (s): real = 0h:0m:18s ; cpu = 0h:0m:15s ; process = 0h:0m:17s | Memory (MB): curr = 660.406250 ; peak = 692.679688 | Checksum: 8BB7BFC25AA10A68
Begin rip-up and reroute:
Rip-up and reroute takes 0.01 sec.
Stage: after ripup & reroute | Performance: TNS = 0 ; WNS = 151 ; THS = NA ; WHS = NA | Time (s): real = 0h:0m:18s ; cpu = 0h:0m:15s ; process = 0h:0m:17s | Memory (MB): curr = 659.300781 ; peak = 692.679688 | Checksum: 336959BE6962AB3D
Detailed routing takes 0.77 sec.
Sort Original Nets take 0.003 sec
Check HPIO div result take 0.000 sec
Total net: 36, route succeed net: 36
Generate routing result take 0.000 sec
Handle PERMUX permutation take 0.004 sec
Handle const net take 0.001 sec
Handle route through take 0.002 sec
Used SRB routing arc is 411.
Stage: after finish route | Performance: TNS = 0 ; WNS = 151 ; THS = NA ; WHS = NA | Time (s): real = 0h:0m:19s ; cpu = 0h:0m:15s ; process = 0h:0m:18s | Memory (MB): curr = 636.453125 ; peak = 692.679688 | Checksum: 394212E27DA4611E
Finish routing takes 0.19 sec.
Total routing takes 8.37 sec.

Device Utilization Summary :
+----------------------------------------------------------------------------+
| Device Type                      | Used     | Available     | Util(%)     
+----------------------------------------------------------------------------+
| CLMA                             | 20       | 6450          | 1           
| + FF                             | 17       | 38700         | 1           
| + LUT                            | 40       | 25800         | 1           
|   + LUT as Logic                 | 12       |               |             
|   + LUT as Const                 | 28       |               |             
|   + LUT as Bypass                | 0        |               |             
| CLMS                             | 3        | 4250          | 1           
| + FF                             | 7        | 25500         | 1           
| + LUT                            | 1        | 17000         | 1           
|   + LUT as Logic                 | 1        |               |             
|   + LUT as Memory                | 0        |               |             
|     + LUT as Distributed RAM     | 0        |               |             
|   + LUT as Const                 | 0        |               |             
|   + LUT as Bypass                | 0        |               |             
| IO                               | 20       | 296           | 7           
| + IOBD                           | 5        | 64            | 8           
| + IOBR_LR                        | 0        | 7             | 0           
| + IOBR_TB                        | 1        | 8             | 13          
| + IOBS_LR                        | 9        | 161           | 6           
| + IOBS_TB                        | 5        | 56            | 9           
| APM                              | 0        | 84            | 0           
| BKCL                             | 3        | 4             | 75          
| CRYSTAL                          | 0        | 2             | 0           
| DLL                              | 0        | 10            | 0           
| DQSL                             | 0        | 18            | 0           
| DRM                              | 0        | 134           | 0           
| FUSECODE                         | 0        | 1             | 0           
| HARD0N1                          | 6        | 6672          | 1           
| HSST                             | 0        | 1             | 0           
| IOCKDIV                          | 0        | 20            | 0           
| IOCKDLY                          | 0        | 40            | 0           
| IOCKGATE                         | 0        | 20            | 0           
| + IOCKGATE as Bypass             | 0        |               |             
| IOL                              | 20       | 400           | 5           
| IPAL                             | 0        | 1             | 0           
| LDO                              | 0        | 4             | 0           
| OSC                              | 0        | 1             | 0           
| PCIE                             | 0        | 1             | 0           
| PLL                              | 1        | 5             | 20          
| RCKB                             | 0        | 24            | 0           
| + RCKB as Bypass                 | 0        |               |             
| RESCAL                           | 0        | 4             | 0           
| SCANCHAIN                        | 0        | 2             | 0           
| START                            | 1        | 1             | 100         
| UDID                             | 0        | 1             | 0           
| USCM                             | 2        | 30            | 7           
| + USCM as Bypass                 | 0        |               |             
+----------------------------------------------------------------------------+

Finished routing. (CPU time elapsed 0h:00m:15s)
Design 'uart_rx_top' has been routed successfully.
Saving design to DB.
Action Route: Export DB successfully.
Action route: Real time elapsed is 0h:0m:19s
Action route: CPU time elapsed is 0h:0m:15s
Action route: Process CPU time elapsed is 0h:0m:18s
Action route: Peak memory pool usage is 692 MB

Current time: Fri Sep 18 20:00:27 2026
