#Build: Fabric Compiler 2025.2, Build 211867, Jan 16 16:10 2026
#Install: E:\work\pango\PDS_2025.2-ads\bin
#Application name: pds_shell.exe
#OS: Windows 11 10.0.26200
#CPU: Unknown
#RAM(GB): 32
#Hostname: dionirpyC
#Generated by Fabric Compiler (version 2025.2 build 211867) at Sun Sep 27 17:16:21 2026
Compiling architecture definition.
Analyzing project file 'E:/code/PangoWork/Works/hdmi/.driver_lint_out7200/prj_tasks/syn_1/compile/compile.ptemp'.
#Generated by Fabric Compiler (version 2025.2 build 211867) at Sun Sep 27 17:16:22 2026
Parameters for debugging are loaded as follows:
License checkout: fabric_ads from E:/work/pango/PDS_2025.2-ads/new_pds_F4A80DA47D72.lic
Compiling verification operator library.
Compiling vendor parameter file.
Loading technology operator library.
Compiling technology operator library.
Compiling technology operator (valence) library.
I: Enable Verilog2k features and keywords
Start rtl-analyze.
I: Include path: E:/code/PangoWork/Works/hdmi/.driver_lint_out7200
I: Verilog-0001: Analyzing file E:/code/PangoWork/Works/hdmi/Designs/hardware/ms7200/ms7200_driver.v.
I: Verilog-0002: [E:/code/PangoWork/Works/hdmi/Designs/hardware/ms7200/ms7200_driver.v(line number: 1)] Analyzing module ms7200_driver (library work).
Parsing done.
I: Module "ms7200_driver" is set as top module
Executing : rtl-analyze successfully. Time elapsed: 2.236s wall, 0.000s user + 0.062s system = 0.062s CPU (2.8%). Peak memory used: 175 MB.

Start rtl-elaborate.
I: Verilog-0003: [E:/code/PangoWork/Works/hdmi/Designs/hardware/ms7200/ms7200_driver.v(line number: 1)] Elaborating module ms7200_driver.
Executing : rtl-elaborate successfully. Time elapsed: 0.034s wall, 0.000s user + 0.031s system = 0.031s CPU (90.9%). Peak memory used: 186 MB.

Start rtl-prep.
Executing : rtl-prep successfully. Time elapsed: 0.058s wall, 0.062s user + 0.000s system = 0.062s CPU (108.6%). Peak memory used: 186 MB.

Start rtl-infer.
Start DFF-inference.
W: Sdm-2020: [E:/code/PangoWork/Works/hdmi/Designs/hardware/ms7200/ms7200_driver.v(line number: 438)] Unused register frequency_sample_1 was removed.
Executing : DFF-inference successfully.
Executing : rtl-infer successfully. Time elapsed: 0.177s wall, 0.172s user + 0.000s system = 0.172s CPU (97.0%). Peak memory used: 188 MB.

Start rtl-control-opt.
Executing : rtl-control-opt successfully. Time elapsed: 0.003s wall, 0.000s user + 0.000s system = 0.000s CPU (n/a%). Peak memory used: 188 MB.

Start rtl-data-opt.
Executing : rtl-data-opt successfully. Time elapsed: 0.005s wall, 0.016s user + 0.000s system = 0.016s CPU (339.8%). Peak memory used: 188 MB.

Start FSM inference.
I: FSM state_current_fsm[2:0] inferred.
FSM state_current_fsm[2:0] STG:
Number of reachable states: 5
Input nets: N2534 N2543 N2551 N2560 
S0(000)-->S1(001): xxxx
S1(001)-->S2(010): 1xxx
S2(010)-->S3(011): x1xx
S3(011)-->S4(100): xx1x
S4(100)-->S3(011): xxx1

Executing : FSM inference successfully. Time elapsed: 0.011s wall, 0.000s user + 0.000s system = 0.000s CPU (n/a%). Peak memory used: 188 MB.

Start sdm2adm.
I: Constant propagation done on N3458 (bmsWIDEMUX).
I: Constant propagation done on N2665 (bmsWIDEMUX).
I: Constant propagation done on N3469 (bmsREDAND).
I: Constant propagation done on N1266_1 (bmsWIDEMUX).
I: Constant propagation done on N3457 (bmsWIDEMUX).
I: Constant propagation done on N2518 (bmsWIDEMUX).
Executing : sdm2adm successfully. Time elapsed: 0.016s wall, 0.016s user + 0.000s system = 0.016s CPU (95.1%). Peak memory used: 198 MB.

Saving design to DB.
Action Compile: Export DB successfully.
Action compile: Real time elapsed is 0h:0m:6s
Action compile: CPU time elapsed is 0h:0m:2s
Action compile: Process CPU time elapsed is 0h:0m:2s
Action compile: Peak memory pool usage is 198 MB

Current time: Sun Sep 27 17:16:25 2026
Action from compile to compile: Total Real Time elapsed is 0h:0m:6s
Action from compile to compile: Total CPU time elapsed is 0h:0m:2s
Action from compile to compile: Total Process CPU Time elapsed is 0h:0m:2s
