#Build: Fabric Compiler 2025.2, Build 211867, Jan 16 16:10 2026
#Install: D:\pango\PDS_2025.2-ads\bin
#Application name: pds_shell.exe
#OS: Windows 11 10.0.26100
#CPU: Unknown
#RAM(GB): 16
#Hostname: hustlyrm
#Generated by Fabric Compiler (version 2025.2 build 211867) at Thu Oct  1 18:41:56 2026
Parameters for debugging are loaded as follows:
Compiling verification operator library.
Compiling vendor parameter file.
Compiling common defs.
Loading technology operator library.
Compiling technology operator library.
Compiling technology operator (valence) library.
Compiling operator packing rules.
Compiling prim grid devices.
Compiling gate devices.
Compiling gate operators.
Compiling gate operators impls.
Compiling tech operator impls.
Building architecture model.
Loading device packaging model.
Elaborate the liberty model.
I: Multithreading enabled for Timing using a maximum of 4 processes.
Constraint check start.
Constraint check end.
Total time(hh:mm:ss) of constraint check : 00:00:00
Flattening design 'flash_read_top'
Logical Constraint:
+--------------------------------------------------------------------------------------------------------+
| Object                                                               | Attribute          | Value     
+--------------------------------------------------------------------------------------------------------+
| i:sys_clk_50mhz_ibuf                                                 | PAP_DONT_TOUCH     | TRUE      
| i:sys_rstn_ibuf                                                      | PAP_DONT_TOUCH     | TRUE      
| i:u_flash_top.u_flash_driver.u_qspi_master_rx.sys_qspi_dq_tri[0]     | PAP_DONT_TOUCH     | TRUE      
| i:u_flash_top.u_flash_driver.u_qspi_master_rx.sys_qspi_dq_tri[1]     | PAP_DONT_TOUCH     | TRUE      
| i:u_flash_top.u_flash_driver.u_qspi_master_rx.sys_qspi_dq_tri[2]     | PAP_DONT_TOUCH     | TRUE      
| i:u_flash_top.u_flash_driver.u_qspi_master_rx.sys_qspi_dq_tri[3]     | PAP_DONT_TOUCH     | TRUE      
+--------------------------------------------------------------------------------------------------------+

Device mapping started.
Optimizing circuit logic.
Checking design netlist.
Processing tech operator.
I: The instance clkbufg_0(GTP_CLKBUFG) has been inserted on the net nt_sys_clk_50mhz in design, driver pin O(instance sys_clk_50mhz_ibuf) -> load pin CLK(instance u_cp2102_top/u_cp2102/frame_checksum[0]).
Converting tech operator to gate operator.
Minimun Fanout To Report "1".
Number of Nets (Fanout>=Min Fanout) To Report "100".
Processing gate operator.
I: Infer CARRY group, base inst: u_flash_top/u_flash_driver/N25_1_1/gateop, insts:5.
I: Infer CARRY group, base inst: u_cp2102_top/u_cp2102/u_uart_tx/N50_1_1/gateop, insts:5.
I: Infer CARRY group, base inst: u_flash_top/u_flash_driver/u_qspi_master_rx/N67_1_1/gateop, insts:7.
I: Infer CARRY group, base inst: u_flash_top/u_flash_driver/u_qspi_master_rx/N68.lt_0/gateop, insts:3.
I: Infer CARRY group, base inst: u_flash_top/u_flash_driver/u_qspi_master_rx/N217_1_1/gateop, insts:19.
I: Infer CARRY group, base inst: u_cp2102_top/u_cp2102/u_cp2102_tx_fifo/U_ipml_fifo_cp2102_tx_fifo/U_ipml_fifo_ctrl/N2_1/gateop, insts:10.
I: Infer CARRY group, base inst: u_cp2102_top/u_cp2102/u_cp2102_tx_fifo/U_ipml_fifo_cp2102_tx_fifo/U_ipml_fifo_ctrl/N94_1/gateop, insts:10.
I: Infer CARRY group, base inst: u_cp2102_top/u_cp2102/u_cp2102_tx_fifo/U_ipml_fifo_cp2102_tx_fifo/U_ipml_fifo_ctrl/N187.eq_0/gateop, insts:5.
I: Infer CARRY group, base inst: u_cp2102_top/u_cp2102/u_cp2102_tx_fifo/U_ipml_fifo_cp2102_tx_fifo/U_ipml_fifo_ctrl/N190.eq_0/gateop, insts:5.
Device Utilization Summary:
+------------------------------------------------------------------------+
| Logic Utilization     | Used     | Available     | Utilization(%)     
+------------------------------------------------------------------------+
| APM                   | 0        | 84            | 0                  
| IOCKDLY               | 0        | 40            | 0                  
| FF                    | 300      | 64200         | 1                  
| LUT                   | 335      | 42800         | 1                  
| Distributed RAM       | 0        | 17000         | 0                  
| DLL                   | 0        | 10            | 0                  
| DQSL                  | 0        | 18            | 0                  
| DRM                   | 1        | 134           | 1                  
| FUSECODE              | 0        | 1             | 0                  
| IO                    | 17       | 296           | 6                  
| IOCKDIV               | 0        | 20            | 0                  
| IOCKGATE              | 0        | 20            | 0                  
| IPAL                  | 0        | 1             | 0                  
| PLL                   | 0        | 5             | 0                  
| RCKB                  | 0        | 24            | 0                  
| SCANCHAIN             | 0        | 2             | 0                  
| START                 | 1        | 1             | 100                
| USCM                  | 1        | 30            | 4                  
| HSST                  | 0        | 1             | 0                  
| OSC                   | 0        | 1             | 0                  
| CRYSTAL               | 0        | 2             | 0                  
| RESCAL                | 0        | 4             | 0                  
| UDID                  | 0        | 1             | 0                  
| PCIE                  | 0        | 1             | 0                  
| LDO                   | 0        | 4             | 0                  
+------------------------------------------------------------------------+

Generate Detailed Map Report "False".
Device mapping done.
Total device mapping takes 0.05 sec.

Design 'flash_read_top' has been successfully mapped to architecture-specific objects.
Saving design to DB.
Action Device Map: Export DB successfully.
Override Pcf "True".
W: Public-4010: Pcf file D:/pango/works/ECSDC_FPGA_2026/prj_tasks/pnr_1/device_map/flash_read_top.pcf has been covered.
Action dev_map: Real time elapsed is 0h:0m:4s
Action dev_map: CPU time elapsed is 0h:0m:2s
Action dev_map: Process CPU time elapsed is 0h:0m:2s
Action dev_map: Peak memory pool usage is 246 MB

Current time: Thu Oct  1 18:41:58 2026
