#Build: Fabric Compiler 2025.2, Build 211867, Jan 16 16:10 2026
#Install: E:\work\pango\PDS_2025.2-ads\bin
#Application name: pds_shell.exe
#OS: Windows 11 10.0.26200
#CPU: Unknown
#RAM(GB): 32
#Hostname: dionirpyC
#Generated by Fabric Compiler (version 2025.2 build 211867) at Tue Sep 22 18:15:17 2026
Parameters for debugging are loaded as follows:
Compiling verification operator library.
Compiling vendor parameter file.
Compiling common defs.
Compiling prim grid devices.
Compiling place grid timing.
Compiling gate devices.
Compiling gate operators.
Compiling gate operators impls.
Building architecture model.
Loading device packaging model.
Building architecture floorplan logic view.
Elaborate the liberty model.
I: Multithreading enabled for Timing using a maximum of 4 processes.

Routing started.
Build routing arch for double attribute device.
Enter timing driven router mode.
I: Multithreading enabled for route using a maximum of 6 processes.
Building routing graph takes 2.76 sec.
Enable Recovery Analysis in Routing
Init coarse delay table.
I: Loading Timing Delay Info...
I: Load Timing Delay Info successfully.
Read place coarse delay table takes 0.72 sec.
build place dedicate switch graph takes 2.88 sec
Setup STE netlist take 3968 msec.
Slack Weight : 90
CE/RS signal series limit : 500
Dispose control chain take 7 msec.
Collect const net info take 72 msec.
Total nets for routing: 147.
Total loads for routing: 732.
Direct connect net size: 47
Build all design net take 34 msec.
Processing design graph takes 4.08 sec.
Route info is not supported in this chip.
Delay table total memory: 40.33622932 MB
Route graph total memory: 74.21388340 MB
Route design total memory: 1.22906876 MB
The remaining process takes 0.02 sec.
Stage: after context initialize | Time (s): real = 0h:0m:17s ; cpu = 0h:0m:14s ; process = 0h:0m:17s | Memory (MB): curr = 657.839844 ; peak = 696.972656 | Checksum: CD7328E248FCA94
Global routing takes 0.00 sec.
Pin Cost Increasing Speed 300
Unrouted clock nets at iteration 0 (0.002 sec): 0
Stage: after clock route | Time (s): real = 0h:0m:17s ; cpu = 0h:0m:14s ; process = 0h:0m:17s | Memory (MB): curr = 658.867188 ; peak = 696.972656 | Checksum: D0CAD282427FA376
Total route nets size: 140
Pre route takes 0.086 sec
Stage: after pre route | Performance: TNS = 0 ; WNS = 14537 ; THS = 0 ; WHS = 265 | Time (s): real = 0h:0m:18s ; cpu = 0h:0m:14s ; process = 0h:0m:17s | Memory (MB): curr = 667.492188 ; peak = 696.972656 | Checksum: 786762055CCB97D7
Unrouted general nets at iteration 3 (MT total route time: 0.032 sec): 110(overused: 578)
Unrouted general nets at iteration 4 (MT total route time: 0.042 sec): 84(overused: 364)
Unrouted general nets at iteration 5 (MT total route time: 0.022 sec): 61(overused: 212)
Unrouted general nets at iteration 6 (MT total route time: 0.016 sec): 46(overused: 140)
Unrouted general nets at iteration 7 (MT total route time: 0.017 sec): 24(overused: 70)
Unrouted general nets at iteration 8 (MT total route time: 0.009 sec): 18(overused: 36)
Unrouted general nets at iteration 9 (MT total route time: 0.007 sec): 7(overused: 10)
Unrouted general nets at iteration 10 (MT total route time: 0.004 sec): 3(overused: 4)
Unrouted general nets at iteration 11 (MT total route time: 0.004 sec): 5(overused: 8)
Unrouted general nets at iteration 12 (MT total route time: 0.002 sec): 3(overused: 4)
Unrouted general nets at iteration 13 (MT total route time: 0.003 sec): 2(overused: 2)
Unrouted general nets at iteration 14 (MT total route time: 0.000 sec): 0(overused: 0)
----General net take 0.000 sec(route net take 0.000 sec, inc cost take 0.000 sec, iter times: 1)
----const net route take 0.002 sec
Unrouted nets at iteration 15 (0.003 sec): 0
Stage: after detail route | Performance: TNS = 0 ; WNS = 14420 ; THS = NA ; WHS = NA | Time (s): real = 0h:0m:18s ; cpu = 0h:0m:15s ; process = 0h:0m:17s | Memory (MB): curr = 668.523438 ; peak = 696.972656 | Checksum: BC4194EA045CD919
Begin rip-up and reroute:
Rip-up and reroute takes 0.01 sec.
Stage: after ripup & reroute | Performance: TNS = 0 ; WNS = 14420 ; THS = NA ; WHS = NA | Time (s): real = 0h:0m:18s ; cpu = 0h:0m:15s ; process = 0h:0m:17s | Memory (MB): curr = 668.800781 ; peak = 696.972656 | Checksum: BC4194EA045CD919
Detailed routing takes 0.94 sec.
I: Design net i2c_clk_1mhz is routed by general path.
C: Route-2036: The clock path from i2c_clk_1mhz/opit_0_inv_L5Q:Q to u_eeprom/rd_data[6]/opit_0_inv:CLK is routed by SRB.
I: Design net u_eeprom/N807 is routed by general path.
C: Route-2036: The clock path from u_eeprom/N807/gateop:Z to u_eeprom.sda_tri/opit_1_iolatch:SYSCLK is routed by SRB.
I: Design net u_key/clk_detect is routed by general path.
C: Route-2036: The clock path from u_key/clk_detect/opit_0_inv_L5Q:Q to u_key/key_data[0]/opit_0_inv_L5Q:CLK is routed by SRB.
Sort Original Nets take 0.002 sec
Check HPIO div result take 0.000 sec
Total net: 147, route succeed net: 147
Generate routing result take 0.001 sec
Handle PERMUX permutation take 0.008 sec
Handle const net take 0.002 sec
Handle route through take 0.002 sec
Used SRB routing arc is 1369.
Stage: after finish route | Performance: TNS = 0 ; WNS = 14420 ; THS = NA ; WHS = NA | Time (s): real = 0h:0m:18s ; cpu = 0h:0m:15s ; process = 0h:0m:18s | Memory (MB): curr = 643.691406 ; peak = 696.972656 | Checksum: F090D576399E616D
Finish routing takes 0.18 sec.
Total routing takes 8.18 sec.

Device Utilization Summary :
+----------------------------------------------------------------------------+
| Device Type                      | Used     | Available     | Util(%)     
+----------------------------------------------------------------------------+
| CLMA                             | 49       | 6450          | 1           
| + FF                             | 66       | 38700         | 1           
| + LUT                            | 125      | 25800         | 1           
|   + LUT as Logic                 | 67       |               |             
|   + LUT as Const                 | 58       |               |             
|   + LUT as Bypass                | 0        |               |             
| CLMS                             | 14       | 4250          | 1           
| + FF                             | 17       | 25500         | 1           
| + LUT                            | 41       | 17000         | 1           
|   + LUT as Logic                 | 36       |               |             
|   + LUT as Memory                | 0        |               |             
|     + LUT as Distributed RAM     | 0        |               |             
|   + LUT as Const                 | 1        |               |             
|   + LUT as Bypass                | 4        |               |             
| IO                               | 20       | 296           | 7           
| + IOBD                           | 5        | 64            | 8           
| + IOBR_LR                        | 0        | 7             | 0           
| + IOBR_TB                        | 1        | 8             | 13          
| + IOBS_LR                        | 9        | 161           | 6           
| + IOBS_TB                        | 5        | 56            | 9           
| APM                              | 0        | 84            | 0           
| BKCL                             | 3        | 4             | 75          
| CRYSTAL                          | 0        | 2             | 0           
| DLL                              | 0        | 10            | 0           
| DQSL                             | 0        | 18            | 0           
| DRM                              | 0        | 134           | 0           
| FUSECODE                         | 0        | 1             | 0           
| HARD0N1                          | 3        | 6672          | 1           
| HSST                             | 0        | 1             | 0           
| IOCKDIV                          | 0        | 20            | 0           
| IOCKDLY                          | 0        | 40            | 0           
| IOCKGATE                         | 0        | 20            | 0           
| + IOCKGATE as Bypass             | 0        |               |             
| IOL                              | 20       | 400           | 5           
| IPAL                             | 0        | 1             | 0           
| LDO                              | 0        | 4             | 0           
| OSC                              | 0        | 1             | 0           
| PCIE                             | 0        | 1             | 0           
| PLL                              | 1        | 5             | 20          
| RCKB                             | 0        | 24            | 0           
| + RCKB as Bypass                 | 0        |               |             
| RESCAL                           | 0        | 4             | 0           
| SCANCHAIN                        | 0        | 2             | 0           
| START                            | 1        | 1             | 100         
| UDID                             | 0        | 1             | 0           
| USCM                             | 1        | 30            | 4           
| + USCM as Bypass                 | 0        |               |             
+----------------------------------------------------------------------------+

Finished routing. (CPU time elapsed 0h:00m:15s)
Design 'i2c_eeprom_top' has been routed successfully.
Saving design to DB.
Action Route: Export DB successfully.
Action route: Real time elapsed is 0h:0m:19s
Action route: CPU time elapsed is 0h:0m:15s
Action route: Process CPU time elapsed is 0h:0m:18s
Action route: Peak memory pool usage is 696 MB

Current time: Tue Sep 22 18:15:34 2026
