#Build: Fabric Compiler 2025.2, Build 211867, Jan 16 16:10 2026
#Install: E:\work\pango\PDS_2025.2-ads\bin
#Application name: pds.exe
#OS: Windows 11 10.0.26200
#CPU: Unknown
#RAM(GB): 32
#Hostname: dionirpyC
#Generated by Fabric Compiler (version 2025.2 build 211867) at Wed Sep 16 12:57:20 2026
Parse module hierarchy of project 'E:/code/PangoWork/References/pango50k/2_Demo/06_hdmi_loop/06_hdmi_loop/temp_projects/Main_Flow/Main_Flow.pds' (ADS Parser)
Regenerate IP 'E:/code/PangoWork/References/pango50k/2_Demo/06_hdmi_loop/06_hdmi_loop/ipcore/PLL/PLL.idf' ...

IP Generator (Version 2025.2 build 211867)
Check out license ...
License checkout: fabric_ipc from E:/work/pango/PDS_2025.2-ads/new_pds_F4A80DA47D72.lic

Start generating at 2026-09-16 12:57
Instance: PLL (E:\code\PangoWork\References\pango50k\2_Demo\06_hdmi_loop\06_hdmi_loop\ipcore\PLL\PLL.idf)
IP: PLL (1.8)* (E:\work\pango\PDS_2025.2-ads\ip\module_ip\ipml_flex_pll\ipml_flex_pll_eval\ipml_pll\)
Part: Logos-PGL50H-FBG484--6
Parameters: 145*
Open IP instance 'PLL'
Compiling architecture definition.
clkin=50.0,10.0
act_freq=10.0,idiv=2,fdiv=24,odiv=60,vco=600.0
clkin=50.0,10.0
act_freq=10.0,idiv=2,fdiv=24,odiv=60,vco=600.0
clkin=50.0,10.0
act_freq=10.0,idiv=2,fdiv=24,odiv=60,vco=600.0
clkin=50.0,10.0
act_freq=10.0,idiv=2,fdiv=24,odiv=60,vco=600.0
clkin=50.0,10.0
act_freq=10.0,idiv=2,fdiv=24,odiv=60,vco=600.0
clkin=50.0,10.0
act_freq=10.0,idiv=2,fdiv=24,odiv=60,vco=600.0
clkin=50.0,10.0
act_freq=10.0,idiv=2,fdiv=24,odiv=60,vco=600.0
clkin=50.0,10.0
act_freq=10.0,idiv=2,fdiv=24,odiv=60,vco=600.0
clkin=50.0,10.0
act_freq=10.0,idiv=2,fdiv=24,odiv=60,vco=600.0
clkin=50.0,10.0
act_freq=10.0,idiv=2,fdiv=24,odiv=60,vco=600.0
clkin=50.0,10.0
act_freq=10.0,idiv=2,fdiv=24,odiv=60,vco=600.0
clkin=50.0,10.0
act_freq=10.0,idiv=2,fdiv=24,odiv=60,vco=600.0
clkin=50.0,10.0
act_freq=10.0,idiv=2,fdiv=24,odiv=60,vco=600.0
clkin=50.0,10.0
act_freq=10.0,idiv=2,fdiv=24,odiv=60,vco=600.0
clkin=50.0,10.0
act_freq=10.0,idiv=2,fdiv=24,odiv=60,vco=600.0
clkin=50.0,10.0
act_freq=10.0,idiv=2,fdiv=24,odiv=60,vco=600.0
clkin=50.0,10.0
act_freq=10.0,idiv=2,fdiv=24,odiv=60,vco=600.0
clkin=50.0,10.0
act_freq=10.0,idiv=2,fdiv=24,odiv=60,vco=600.0
clkin=50.0,10.0
act_freq=10.0,idiv=2,fdiv=24,odiv=60,vco=600.0
Save the IP instance
Create directory 'rtl\'
Copy 'ipml_pll_wrapper_v1_5.v.xml' 
Compile file 'ipml_pll_wrapper_v1_5.v.xml' to 'PLL.v' ...
Found top module 'PLL' in file 'PLL.v'.
Copy 'ipml_pll_wrapper_v1_5_tb.v.xml' 
Compile file 'ipml_pll_wrapper_v1_5_tb.v.xml' to 'PLL_tb.v' ...
Create template file 'PLL_tmpl.v' ...
Create template file 'PLL_tmpl.vhdl' ...
Collected 1 HDL file(s)
Synthesis is disabled.
Finished generating 'PLL'

Done: 0 error(s), 0 warning(s)
I: Flow-6003: IP 'PLL.idf' regenerate successfully. 
C: Flow-2008: IP file modified: 'E:/code/PangoWork/References/pango50k/2_Demo/06_hdmi_loop/06_hdmi_loop/ipcore/PLL/PLL.idf'. 
Parse module hierarchy of project 'E:/code/PangoWork/References/pango50k/2_Demo/06_hdmi_loop/06_hdmi_loop/temp_projects/Main_Flow/Main_Flow.pds' (ADS Parser)
 
Command: set_option -options { top_module {hdmi_loop}} [get_filesets design_1]
launch_tasks [get_tasks {syn_1}] -to_action compile
wait_on_tasks [get_tasks {syn_1}] -to_action compile
Process "Compile" started.
Current time: Wed Sep 16 12:57:49 2026
Process "Compile" done.
 
Command: set_option -options { fsm_encoding {original}} [get_actions synthesize -of_objects [get_tasks syn_1]]
launch_tasks [get_tasks {syn_1}] -to_action synthesize
wait_on_tasks [get_tasks {syn_1}] -to_action synthesize
Process "Synthesize" started.
Current time: Wed Sep 16 12:57:53 2026
C: SDC-2025: Clock source 'n:pixclk_in' need a clock constraint, please use 'create_clock' or 'create_generate_clock' to generate. [syn_1::Synthesize]
C: SDC-2025: Clock source 'n:sys_clk' need a clock constraint, please use 'create_clock' or 'create_generate_clock' to generate. [syn_1::Synthesize]
C: SDC-2025: Clock source 'n:u_pll/clkout0' need a clock constraint, please use 'create_clock' or 'create_generate_clock' to generate. [syn_1::Synthesize]
C: STA-3009: The clock hdmi_loop|sys_clk is not connected to any clock endpoints,it will be treated as a normal port or pin. [syn_1::Synthesize]
Process "Synthesize" done.
 
Command: launch_tasks [get_tasks {pnr_1}] -to_action dev_map
wait_on_tasks [get_tasks {pnr_1}] -to_action dev_map
Process "Device Map" started.
Current time: Wed Sep 16 12:57:58 2026
C: DRC-2062: Port CLKIN1 of inst u_pll/u_pll_e3(GTP_PLL_E3) clock frequency 1.0000MHz exceeds the minimum limit 5.0000MHz, please check your design. [pnr_1::Device Map]
C: DRC-2064: When port CLKIN1 is used as the reference clock input, the Fpfd of inst u_pll/u_pll_e3(GTP_PLL_E3) clock frequency 0.5000MHz exceeds the minimum limit 5.0000MHz, please check your design. [pnr_1::Device Map]
C: DRC-2064: When port CLKIN1 is used as the reference clock input, the Fvco of inst u_pll/u_pll_e3(GTP_PLL_E3) clock frequency 12.0000MHz exceeds the minimum limit 600.0000MHz, please check your design. [pnr_1::Device Map]
C: DRC-2064: When port CLKIN1 is used as the reference clock input, the CLKOUT0 of inst u_pll/u_pll_e3(GTP_PLL_E3) clock frequency 0.2000MHz exceeds the minimum limit 1.1700MHz, please check your design. [pnr_1::Device Map]
Process "Device Map" done.
 
Command: launch_tasks [get_tasks {pnr_1}] -to_action place
wait_on_tasks [get_tasks {pnr_1}] -to_action place
Process "Place" started.
Current time: Wed Sep 16 12:58:02 2026
C: ConstraintEditor-2022: There are some ports' attributes are set to default value, please read [E:/code/PangoWork/References/pango50k/2_Demo/06_hdmi_loop/06_hdmi_loop/prj_tasks/pnr_1/place_route/ports_defalut_attribute.txt(line number:0)] to confirm. [pnr_1::Place]
Process "Place" done.
 
Command: launch_tasks [get_tasks {pnr_1}] -to_action route
wait_on_tasks [get_tasks {pnr_1}] -to_action route
Process "Route" started.
Current time: Wed Sep 16 12:58:19 2026
Process "Route" done.
 
Command: launch_tasks [get_tasks {pnr_1}] -to_action route_optimize
wait_on_tasks [get_tasks {pnr_1}] -to_action route_optimize
Process "Route Optimize" started.
Current time: Wed Sep 16 12:58:30 2026
Process "Route Optimize" done.
 
Command: launch_tasks [get_tasks {pnr_1}] -to_action report_timing
wait_on_tasks [get_tasks {pnr_1}] -to_action report_timing
Process "Report Timing" started.
Current time: Wed Sep 16 12:58:38 2026
 
Command: launch_tasks [get_tasks {pnr_1}] -to_action gen_bit_stream
wait_on_tasks [get_tasks {pnr_1}] -to_action gen_bit_stream
Process "Generate Bitstream" started.
Current time: Wed Sep 16 12:58:38 2026
C: STA-3009: The clock hdmi_loop|sys_clk is not connected to any clock endpoints,it will be treated as a normal port or pin. [pnr_1::Report Timing]
Process "Report Timing" done.
Process "Generate Bitstream" done.
Open Configuration ...
Configuration initialization started successfully.
Customize IP 'E:/code/PangoWork/References/pango50k/2_Demo/06_hdmi_loop/06_hdmi_loop/ipcore/PLL/PLL.idf' ...
Open IP GUI ...
IP GUI Closed.
Parse module hierarchy of project 'E:/code/PangoWork/References/pango50k/2_Demo/06_hdmi_loop/06_hdmi_loop/temp_projects/Main_Flow/Main_Flow.pds' (ADS Parser)
I: Flow-6004: Design file modified: 'E:/code/PangoWork/References/pango50k/2_Demo/06_hdmi_loop/06_hdmi_loop/src/iic_dri.v'. 
Parse module hierarchy of project 'E:/code/PangoWork/References/pango50k/2_Demo/06_hdmi_loop/06_hdmi_loop/temp_projects/Main_Flow/Main_Flow.pds' (ADS Parser)
I: Flow-6004: Design file modified: 'E:/code/PangoWork/References/pango50k/2_Demo/06_hdmi_loop/06_hdmi_loop/src/iic_dri.v'. 
Parse module hierarchy of project 'E:/code/PangoWork/References/pango50k/2_Demo/06_hdmi_loop/06_hdmi_loop/temp_projects/Main_Flow/Main_Flow.pds' (ADS Parser)
I: Flow-6004: Design file modified: 'E:/code/PangoWork/References/pango50k/2_Demo/06_hdmi_loop/06_hdmi_loop/src/iic_dri.v'. 
Parse module hierarchy of project 'E:/code/PangoWork/References/pango50k/2_Demo/06_hdmi_loop/06_hdmi_loop/temp_projects/Main_Flow/Main_Flow.pds' (ADS Parser)
I: Flow-6004: Design file modified: 'E:/code/PangoWork/References/pango50k/2_Demo/06_hdmi_loop/06_hdmi_loop/src/ms7210_ctl.v'. 
Parse module hierarchy of project 'E:/code/PangoWork/References/pango50k/2_Demo/06_hdmi_loop/06_hdmi_loop/temp_projects/Main_Flow/Main_Flow.pds' (ADS Parser)
I: Flow-6004: Design file modified: 'E:/code/PangoWork/References/pango50k/2_Demo/06_hdmi_loop/06_hdmi_loop/src/ms7200_ctl.v'. 
Parse module hierarchy of project 'E:/code/PangoWork/References/pango50k/2_Demo/06_hdmi_loop/06_hdmi_loop/temp_projects/Main_Flow/Main_Flow.pds' (ADS Parser)
I: Flow-6004: Design file modified: 'E:/code/PangoWork/References/pango50k/2_Demo/06_hdmi_loop/06_hdmi_loop/src/ms72xx_ctl.v'. 
Parse module hierarchy of project 'E:/code/PangoWork/References/pango50k/2_Demo/06_hdmi_loop/06_hdmi_loop/temp_projects/Main_Flow/Main_Flow.pds' (ADS Parser)
I: Flow-6004: Design file modified: 'E:/code/PangoWork/References/pango50k/2_Demo/06_hdmi_loop/06_hdmi_loop/src/iic_dri.v'. 
Parse module hierarchy of project 'E:/code/PangoWork/References/pango50k/2_Demo/06_hdmi_loop/06_hdmi_loop/temp_projects/Main_Flow/Main_Flow.pds' (ADS Parser)
I: Flow-6004: Design file modified: 'E:/code/PangoWork/References/pango50k/2_Demo/06_hdmi_loop/06_hdmi_loop/src/hdmi_loop.v'. 
Parse module hierarchy of project 'E:/code/PangoWork/References/pango50k/2_Demo/06_hdmi_loop/06_hdmi_loop/temp_projects/Main_Flow/Main_Flow.pds' (ADS Parser)
I: Flow-6004: Design file modified: 'E:/code/PangoWork/References/pango50k/2_Demo/06_hdmi_loop/06_hdmi_loop/src/hdmi_loop.v'. 
Parse module hierarchy of project 'E:/code/PangoWork/References/pango50k/2_Demo/06_hdmi_loop/06_hdmi_loop/temp_projects/Main_Flow/Main_Flow.pds' (ADS Parser)
I: Flow-6004: Design file modified: 'E:/code/PangoWork/References/pango50k/2_Demo/06_hdmi_loop/06_hdmi_loop/src/hdmi_loop.v'. 
Parse module hierarchy of project 'E:/code/PangoWork/References/pango50k/2_Demo/06_hdmi_loop/06_hdmi_loop/temp_projects/Main_Flow/Main_Flow.pds' (ADS Parser)
I: Flow-6004: Design file modified: 'E:/code/PangoWork/References/pango50k/2_Demo/06_hdmi_loop/06_hdmi_loop/src/hdmi_loop.v'. 
Parse module hierarchy of project 'E:/code/PangoWork/References/pango50k/2_Demo/06_hdmi_loop/06_hdmi_loop/temp_projects/Main_Flow/Main_Flow.pds' (ADS Parser)
I: Flow-6004: Design file modified: 'E:/code/PangoWork/References/pango50k/2_Demo/06_hdmi_loop/06_hdmi_loop/src/hdmi_loop.v'. 
Parse module hierarchy of project 'E:/code/PangoWork/References/pango50k/2_Demo/06_hdmi_loop/06_hdmi_loop/temp_projects/Main_Flow/Main_Flow.pds' (ADS Parser)
I: Flow-6004: Design file modified: 'E:/code/PangoWork/References/pango50k/2_Demo/06_hdmi_loop/06_hdmi_loop/src/hdmi_loop.v'. 
Parse module hierarchy of project 'E:/code/PangoWork/References/pango50k/2_Demo/06_hdmi_loop/06_hdmi_loop/temp_projects/Main_Flow/Main_Flow.pds' (ADS Parser)
I: Flow-6004: Design file modified: 'E:/code/PangoWork/References/pango50k/2_Demo/06_hdmi_loop/06_hdmi_loop/src/hdmi_loop.v'. 
Parse module hierarchy of project 'E:/code/PangoWork/References/pango50k/2_Demo/06_hdmi_loop/06_hdmi_loop/temp_projects/Main_Flow/Main_Flow.pds' (ADS Parser)
I: Flow-6004: Design file modified: 'E:/code/PangoWork/References/pango50k/2_Demo/06_hdmi_loop/06_hdmi_loop/src/hdmi_loop.v'. 
Parse module hierarchy of project 'E:/code/PangoWork/References/pango50k/2_Demo/06_hdmi_loop/06_hdmi_loop/temp_projects/Main_Flow/Main_Flow.pds' (ADS Parser)
I: Flow-6004: Design file modified: 'E:/code/PangoWork/References/pango50k/2_Demo/06_hdmi_loop/06_hdmi_loop/src/hdmi_loop.v'. 
Parse module hierarchy of project 'E:/code/PangoWork/References/pango50k/2_Demo/06_hdmi_loop/06_hdmi_loop/temp_projects/Main_Flow/Main_Flow.pds' (ADS Parser)
I: Flow-6004: Design file modified: 'E:/code/PangoWork/References/pango50k/2_Demo/06_hdmi_loop/06_hdmi_loop/src/hdmi_loop.v'. 
E: Verilog-4306: [E:/code/PangoWork/References/pango50k/2_Demo/06_hdmi_loop/06_hdmi_loop/src/hdmi_loop.v(line number: 44)] Unknown macro 'elif'.
E: Verilog-4005: [E:/code/PangoWork/References/pango50k/2_Demo/06_hdmi_loop/06_hdmi_loop/src/hdmi_loop.v(line number: 48)] Syntax error near reg.
E: Parsing ERROR.
Parse module hierarchy of project 'E:/code/PangoWork/References/pango50k/2_Demo/06_hdmi_loop/06_hdmi_loop/temp_projects/Main_Flow/Main_Flow.pds' (ADS Parser)
I: Flow-6004: Design file modified: 'E:/code/PangoWork/References/pango50k/2_Demo/06_hdmi_loop/06_hdmi_loop/src/hdmi_loop.v'. 
Parse module hierarchy of project 'E:/code/PangoWork/References/pango50k/2_Demo/06_hdmi_loop/06_hdmi_loop/temp_projects/Main_Flow/Main_Flow.pds' (ADS Parser)
I: Flow-6004: Design file modified: 'E:/code/PangoWork/References/pango50k/2_Demo/06_hdmi_loop/06_hdmi_loop/src/hdmi_loop.v'. 
Parse module hierarchy of project 'E:/code/PangoWork/References/pango50k/2_Demo/06_hdmi_loop/06_hdmi_loop/temp_projects/Main_Flow/Main_Flow.pds' (ADS Parser)
I: Flow-6004: Design file modified: 'E:/code/PangoWork/References/pango50k/2_Demo/06_hdmi_loop/06_hdmi_loop/src/hdmi_loop.v'. 
Parse module hierarchy of project 'E:/code/PangoWork/References/pango50k/2_Demo/06_hdmi_loop/06_hdmi_loop/temp_projects/Main_Flow/Main_Flow.pds' (ADS Parser)
I: Flow-6004: Design file modified: 'E:/code/PangoWork/References/pango50k/2_Demo/06_hdmi_loop/06_hdmi_loop/src/hdmi_loop.v'. 
Parse module hierarchy of project 'E:/code/PangoWork/References/pango50k/2_Demo/06_hdmi_loop/06_hdmi_loop/temp_projects/Main_Flow/Main_Flow.pds' (ADS Parser)
I: Flow-6004: Design file modified: 'E:/code/PangoWork/References/pango50k/2_Demo/06_hdmi_loop/06_hdmi_loop/src/hdmi_loop.v'. 
Parse module hierarchy of project 'E:/code/PangoWork/References/pango50k/2_Demo/06_hdmi_loop/06_hdmi_loop/temp_projects/Main_Flow/Main_Flow.pds' (ADS Parser)
I: Flow-6004: Design file modified: 'E:/code/PangoWork/References/pango50k/2_Demo/06_hdmi_loop/06_hdmi_loop/src/hdmi_loop.v'. 
Parse module hierarchy of project 'E:/code/PangoWork/References/pango50k/2_Demo/06_hdmi_loop/06_hdmi_loop/temp_projects/Main_Flow/Main_Flow.pds' (ADS Parser)
I: Flow-6004: Design file modified: 'E:/code/PangoWork/References/pango50k/2_Demo/06_hdmi_loop/06_hdmi_loop/src/hdmi_loop.v'. 
Parse module hierarchy of project 'E:/code/PangoWork/References/pango50k/2_Demo/06_hdmi_loop/06_hdmi_loop/temp_projects/Main_Flow/Main_Flow.pds' (ADS Parser)
I: Flow-6004: Design file modified: 'E:/code/PangoWork/References/pango50k/2_Demo/06_hdmi_loop/06_hdmi_loop/src/hdmi_loop.v'. 
Parse module hierarchy of project 'E:/code/PangoWork/References/pango50k/2_Demo/06_hdmi_loop/06_hdmi_loop/temp_projects/Main_Flow/Main_Flow.pds' (ADS Parser)
I: Flow-6004: Design file modified: 'E:/code/PangoWork/References/pango50k/2_Demo/06_hdmi_loop/06_hdmi_loop/src/ms7210_ctl.v'. 
Parse module hierarchy of project 'E:/code/PangoWork/References/pango50k/2_Demo/06_hdmi_loop/06_hdmi_loop/temp_projects/Main_Flow/Main_Flow.pds' (ADS Parser)
I: Flow-6004: Design file modified: 'E:/code/PangoWork/References/pango50k/2_Demo/06_hdmi_loop/06_hdmi_loop/src/ms7210_ctl.v'. 
Parse module hierarchy of project 'E:/code/PangoWork/References/pango50k/2_Demo/06_hdmi_loop/06_hdmi_loop/temp_projects/Main_Flow/Main_Flow.pds' (ADS Parser)
I: Flow-6004: Design file modified: 'E:/code/PangoWork/References/pango50k/2_Demo/06_hdmi_loop/06_hdmi_loop/src/ms7210_ctl.v'. 
Parse module hierarchy of project 'E:/code/PangoWork/References/pango50k/2_Demo/06_hdmi_loop/06_hdmi_loop/temp_projects/Main_Flow/Main_Flow.pds' (ADS Parser)
I: Flow-6004: Design file modified: 'E:/code/PangoWork/References/pango50k/2_Demo/06_hdmi_loop/06_hdmi_loop/src/iic_dri.v'. 
Parse module hierarchy of project 'E:/code/PangoWork/References/pango50k/2_Demo/06_hdmi_loop/06_hdmi_loop/temp_projects/Main_Flow/Main_Flow.pds' (ADS Parser)
I: Flow-6004: Design file modified: 'E:/code/PangoWork/References/pango50k/2_Demo/06_hdmi_loop/06_hdmi_loop/src/ms7200_ctl.v'. 
Parse module hierarchy of project 'E:/code/PangoWork/References/pango50k/2_Demo/06_hdmi_loop/06_hdmi_loop/temp_projects/Main_Flow/Main_Flow.pds' (ADS Parser)
I: Flow-6004: Design file modified: 'E:/code/PangoWork/References/pango50k/2_Demo/06_hdmi_loop/06_hdmi_loop/src/ms7200_ctl.v'. 
Parse module hierarchy of project 'E:/code/PangoWork/References/pango50k/2_Demo/06_hdmi_loop/06_hdmi_loop/temp_projects/Main_Flow/Main_Flow.pds' (ADS Parser)
I: Flow-6004: Design file modified: 'E:/code/PangoWork/References/pango50k/2_Demo/06_hdmi_loop/06_hdmi_loop/src/ms72xx_ctl.v'. 
 
Command: set_option -options { top_module {hdmi_loop}} [get_filesets design_1]
launch_tasks [get_tasks {syn_1}] -to_action compile
wait_on_tasks [get_tasks {syn_1}] -to_action compile
Process "Compile" started.
Current time: Wed Sep 16 16:44:49 2026
Process "Compile" done.
Customize IP 'E:/code/PangoWork/References/pango50k/2_Demo/06_hdmi_loop/06_hdmi_loop/ipcore/PLL/PLL.idf' ...
Open IP GUI ...
IP GUI Closed.
Configuration Closed.
Customize IP 'E:/code/PangoWork/References/pango50k/2_Demo/06_hdmi_loop/06_hdmi_loop/ipcore/PLL/PLL.idf' ...
Open IP GUI ...
IP GUI Closed.
Parse module hierarchy of project 'E:/code/PangoWork/References/pango50k/2_Demo/06_hdmi_loop/06_hdmi_loop/temp_projects/Main_Flow/Main_Flow.pds' (ADS Parser)
I: Flow-6004: Design file modified: 'E:/code/PangoWork/References/pango50k/2_Demo/06_hdmi_loop/06_hdmi_loop/src/hdmi_loop.v'. 
Parse module hierarchy of project 'E:/code/PangoWork/References/pango50k/2_Demo/06_hdmi_loop/06_hdmi_loop/temp_projects/Main_Flow/Main_Flow.pds' (ADS Parser)
I: Flow-6004: Design file modified: 'E:/code/PangoWork/References/pango50k/2_Demo/06_hdmi_loop/06_hdmi_loop/src/hdmi_loop.v'. 
Parse module hierarchy of project 'E:/code/PangoWork/References/pango50k/2_Demo/06_hdmi_loop/06_hdmi_loop/temp_projects/Main_Flow/Main_Flow.pds' (ADS Parser)
I: Flow-6004: Design file modified: 'E:/code/PangoWork/References/pango50k/2_Demo/06_hdmi_loop/06_hdmi_loop/src/hdmi_loop.v'. 
Parse module hierarchy of project 'E:/code/PangoWork/References/pango50k/2_Demo/06_hdmi_loop/06_hdmi_loop/temp_projects/Main_Flow/Main_Flow.pds' (ADS Parser)
I: Flow-6004: Design file modified: 'E:/code/PangoWork/References/pango50k/2_Demo/06_hdmi_loop/06_hdmi_loop/src/hdmi_loop.v'. 
Parse module hierarchy of project 'E:/code/PangoWork/References/pango50k/2_Demo/06_hdmi_loop/06_hdmi_loop/temp_projects/Main_Flow/Main_Flow.pds' (ADS Parser)
I: Flow-6004: Design file modified: 'E:/code/PangoWork/References/pango50k/2_Demo/06_hdmi_loop/06_hdmi_loop/src/hdmi_loop.v'. 
Parse module hierarchy of project 'E:/code/PangoWork/References/pango50k/2_Demo/06_hdmi_loop/06_hdmi_loop/temp_projects/Main_Flow/Main_Flow.pds' (ADS Parser)
I: Flow-6004: Design file modified: 'E:/code/PangoWork/References/pango50k/2_Demo/06_hdmi_loop/06_hdmi_loop/src/hdmi_loop.v'. 
Parse module hierarchy of project 'E:/code/PangoWork/References/pango50k/2_Demo/06_hdmi_loop/06_hdmi_loop/temp_projects/Main_Flow/Main_Flow.pds' (ADS Parser)
I: Flow-6004: Design file modified: 'E:/code/PangoWork/References/pango50k/2_Demo/06_hdmi_loop/06_hdmi_loop/src/hdmi_loop.v'. 
Parse module hierarchy of project 'E:/code/PangoWork/References/pango50k/2_Demo/06_hdmi_loop/06_hdmi_loop/temp_projects/Main_Flow/Main_Flow.pds' (ADS Parser)
I: Flow-6004: Design file modified: 'E:/code/PangoWork/References/pango50k/2_Demo/06_hdmi_loop/06_hdmi_loop/src/hdmi_loop.v'. 
C: Flow-2004: Constraint file modified: 'E:/code/PangoWork/References/pango50k/2_Demo/06_hdmi_loop/06_hdmi_loop/src/hdmi_loop.fdc'.
Parse module hierarchy of project 'E:/code/PangoWork/References/pango50k/2_Demo/06_hdmi_loop/06_hdmi_loop/temp_projects/Main_Flow/Main_Flow.pds' (ADS Parser)
I: Flow-6004: Design file modified: 'E:/code/PangoWork/References/pango50k/2_Demo/06_hdmi_loop/06_hdmi_loop/src/hdmi_loop.v'. 
Parse module hierarchy of project 'E:/code/PangoWork/References/pango50k/2_Demo/06_hdmi_loop/06_hdmi_loop/temp_projects/Main_Flow/Main_Flow.pds' (ADS Parser)
I: Flow-6004: Design file modified: 'E:/code/PangoWork/References/pango50k/2_Demo/06_hdmi_loop/06_hdmi_loop/src/hdmi_loop.v'. 
Customize IP 'E:/code/PangoWork/References/pango50k/2_Demo/06_hdmi_loop/06_hdmi_loop/ipcore/PLL/PLL.idf' ...
Open IP GUI ...
IP GUI Closed.
