design_1::Designs:
1. E:/code/PangoWork/References/pango50k/2_Demo/06_hdmi_loop/06_hdmi_loop/src/iic_dri.v
Size: 15218bytes
Last modified time: 2026/09/16 16:43:05
2. E:/code/PangoWork/References/pango50k/2_Demo/06_hdmi_loop/06_hdmi_loop/src/ms7210_ctl.v
Size: 9383bytes
Last modified time: 2026/09/16 16:42:12
3. E:/code/PangoWork/References/pango50k/2_Demo/06_hdmi_loop/06_hdmi_loop/src/ms7200_ctl.v
Size: 30428bytes
Last modified time: 2026/09/16 16:43:17
4. E:/code/PangoWork/References/pango50k/2_Demo/06_hdmi_loop/06_hdmi_loop/src/ms72xx_ctl.v
Size: 9408bytes
Last modified time: 2026/09/16 16:43:20
5. E:/code/PangoWork/References/pango50k/2_Demo/06_hdmi_loop/06_hdmi_loop/src/hdmi_loop.v
Size: 2877bytes
Last modified time: 2026/09/16 16:35:32

design_1::IPs:
1. E:/code/PangoWork/References/pango50k/2_Demo/06_hdmi_loop/06_hdmi_loop/ipcore/PLL/PLL.idf
Size: 36027bytes
Last modified time: 2026/09/16 12:57:41

constrs_1::Constraints:
1. E:/code/PangoWork/References/pango50k/2_Demo/06_hdmi_loop/06_hdmi_loop/src/hdmi_loop.fdc
Size: 39939bytes
Last modified time: 2023/02/28 18:39:53

pnr_constrs_1::Physical Constraint Editor (Post-Map):
1. E:/code/PangoWork/References/pango50k/2_Demo/06_hdmi_loop/06_hdmi_loop/prj_tasks/pnr_1/device_map/hdmi_out_top.pcf
Size: 5405bytes
Last modified time: 2026/09/16 12:58:02

