#Build: Fabric Compiler 2022.2, Build 117120, Feb 17 13:07 2023
#Install: D:\pango\PDS_2022.2\bin
#Application name: pds_shell.exe
#OS: Windows 10 10.0.18363
#Hostname: DESKTOP-6GABMIP
Generated by Fabric Compiler (version 2022.2 build 117120) at Fri Aug 11 17:00:56 2023
Compiling verification operator library.
Compiling common defs.
Compiling prim grid devices.
Compiling gate devices.
Compiling gate operators.
Building architecture model.
Loading device packaging model.
Reading design from DB.
Start Generating Programming File...
Reading design from DB takes 0.328125 sec.
Generating architecture configuration.
The bitstream file is "D:/pango_fire/PG2L100H/9_hdmi_loop/hdmi_loop_pango/generate_bitstream/hdmi_loop.sbit"
Generate programming file takes 8.390625 sec.
Generating Programming File done.
Action gen_bit_stream: Real time elapsed is 0h:0m:23s
Action gen_bit_stream: CPU time elapsed is 0h:0m:21s
Action gen_bit_stream: Process CPU time elapsed is 0h:0m:21s
Current time: Fri Aug 11 17:01:17 2023
Action gen_bit_stream: Peak memory pool usage is 1,094 MB
