#Build: Fabric Compiler 2025.2, Build 211867, Jan 16 16:10 2026
#Install: E:\work\pango\PDS_2025.2-ads\bin
#Application name: pds_shell.exe
#OS: Windows 11 10.0.26200
#CPU: Unknown
#RAM(GB): 32
#Hostname: dionirpyC
#Generated by Fabric Compiler (version 2025.2 build 211867) at Fri Sep 18 18:17:33 2026
Parameters for debugging are loaded as follows:
Compiling verification operator library.
Compiling vendor parameter file.
Compiling common defs.
Compiling prim grid devices.
Compiling place grid timing.
Compiling gate devices.
Compiling gate operators.
Compiling gate operators impls.
Building architecture model.
Loading device packaging model.
Building architecture floorplan logic view.
Elaborate the liberty model.
I: Multithreading enabled for Timing using a maximum of 4 processes.

Route Optimize started.
Build routing arch for double attribute device.
Enter timing driven router mode.
I: Multithreading enabled for route using a maximum of 6 processes.
Building routing graph takes 1.61 sec.
Total nets for routing: 9.
Total loads for routing: 9.
Direct connect net size: 26
Build all design net take 1 msec.
Processing design graph takes 0.00 sec.
Route info is not supported in this chip.
Delay table total memory: 40.33599281 MB
Route graph total memory: 74.14824772 MB
Route design total memory: 0.00919724 MB
The remaining process takes 0.01 sec.
Stage: after context initialize in post route | Time (s): real = 0h:0m:9s ; cpu = 0h:0m:7s ; process = 0h:0m:9s | Memory (MB): curr = 603.296875 ; peak = 639.707031 | Checksum: A90220E0483F3E25
Load route result takes 0.00 sec
Fix Hold Violation Threshold For Clock Path Cross SRB(ps) : 200
Fix Hold Violation Threshold For Clock Path On Clock Tree(ps) : 100
Hold fix to no violation.
Hold fix to threshold
Stage: after hold fix | Performance: TNS = 0 ; WNS = 2147483647 ; THS = 0 ; WHS = 2147483647 | Time (s): real = 0h:0m:9s ; cpu = 0h:0m:7s ; process = 0h:0m:9s | Memory (MB): curr = 605.792969 ; peak = 639.707031 | Checksum: 2ABAA5F5B09D81A8
Hold Violation Fix in router takes 0.11 sec.
Sort Original Nets take 0.000 sec
Total net: 9, route succeed net: 9
Generate routing result take 0.001 sec
Handle PERMUX permutation take 0.000 sec
Handle const net take 0.000 sec
Handle route through take 0.001 sec
Used SRB routing arc is 18.
Stage: after finish post route | Performance: TNS = 0 ; WNS = 2147483647 ; THS = NA ; WHS = NA | Time (s): real = 0h:0m:9s ; cpu = 0h:0m:7s ; process = 0h:0m:9s | Memory (MB): curr = 606.714844 ; peak = 639.707031 | Checksum: CFEFF6BA5E310A1E
Finish post route takes 0.10 sec.
Total post route takes 1.92 sec.

Device Utilization Summary :
+----------------------------------------------------------------------------+
| Device Type                      | Used     | Available     | Util(%)     
+----------------------------------------------------------------------------+
| CLMA                             | 4        | 6450          | 1           
| + FF                             | 0        | 38700         | 0           
| + LUT                            | 4        | 25800         | 1           
|   + LUT as Logic                 | 0        |               |             
|   + LUT as Const                 | 4        |               |             
|   + LUT as Bypass                | 0        |               |             
| CLMS                             | 0        | 4250          | 0           
| + FF                             | 0        | 25500         | 0           
| + LUT                            | 0        | 17000         | 0           
|   + LUT as Logic                 | 0        |               |             
|   + LUT as Memory                | 0        |               |             
|     + LUT as Distributed RAM     | 0        |               |             
|   + LUT as Const                 | 0        |               |             
|   + LUT as Bypass                | 0        |               |             
| IO                               | 18       | 296           | 7           
| + IOBD                           | 4        | 64            | 7           
| + IOBR_LR                        | 0        | 7             | 0           
| + IOBR_TB                        | 1        | 8             | 13          
| + IOBS_LR                        | 9        | 161           | 6           
| + IOBS_TB                        | 4        | 56            | 8           
| APM                              | 0        | 84            | 0           
| BKCL                             | 3        | 4             | 75          
| CRYSTAL                          | 0        | 2             | 0           
| DLL                              | 0        | 10            | 0           
| DQSL                             | 0        | 18            | 0           
| DRM                              | 0        | 134           | 0           
| FUSECODE                         | 0        | 1             | 0           
| HARD0N1                          | 5        | 6672          | 1           
| HSST                             | 0        | 1             | 0           
| IOCKDIV                          | 0        | 20            | 0           
| IOCKDLY                          | 0        | 40            | 0           
| IOCKGATE                         | 0        | 20            | 0           
| + IOCKGATE as Bypass             | 0        |               |             
| IOL                              | 18       | 400           | 5           
| IPAL                             | 0        | 1             | 0           
| LDO                              | 0        | 4             | 0           
| OSC                              | 0        | 1             | 0           
| PCIE                             | 0        | 1             | 0           
| PLL                              | 0        | 5             | 0           
| RCKB                             | 0        | 24            | 0           
| + RCKB as Bypass                 | 0        |               |             
| RESCAL                           | 0        | 4             | 0           
| SCANCHAIN                        | 0        | 2             | 0           
| START                            | 1        | 1             | 100         
| UDID                             | 0        | 1             | 0           
| USCM                             | 0        | 30            | 0           
| + USCM as Bypass                 | 0        |               |             
+----------------------------------------------------------------------------+

Finished route optimize. (CPU time elapsed 0h:00m:07s)
Design 'led_top' has been routed successfully.
Saving design to DB.
Action Route Optimize: Export DB successfully.
Action route_optimize: Real time elapsed is 0h:0m:9s
Action route_optimize: CPU time elapsed is 0h:0m:7s
Action route_optimize: Process CPU time elapsed is 0h:0m:9s
Action route_optimize: Peak memory pool usage is 639 MB

Current time: Fri Sep 18 18:17:40 2026
