#Build: Fabric Compiler 2025.2, Build 211867, Jan 16 16:10 2026
#Install: D:\pango\PDS_2025.2-ads\bin
#Application name: pds_shell.exe
#OS: Windows 11 10.0.26100
#CPU: Unknown
#RAM(GB): 16
#Hostname: hustlyrm
#Generated by Fabric Compiler (version 2025.2 build 211867) at Thu Oct  1 17:53:17 2026
Parameters for debugging are loaded as follows:
Compiling verification operator library.
Compiling vendor parameter file.
Compiling common defs.
Compiling prim grid devices.
Compiling place grid timing.
Compiling gate devices.
Compiling gate operators.
Compiling gate operators impls.
Building architecture model.
Loading device packaging model.
Building architecture floorplan logic view.
Elaborate the liberty model.
I: Multithreading enabled for Timing using a maximum of 4 processes.

Route Optimize started.
Build routing arch for double attribute device.
Enter timing driven router mode.
I: Multithreading enabled for route using a maximum of 6 processes.
Read Column Clock Map.
Building routing graph takes 1.24 sec.
Total nets for routing: 596.
Total loads for routing: 2075.
Direct connect net size: 141
Build all design net take 14 msec.
Processing design graph takes 0.01 sec.
Route info is not supported in this chip.
Delay table total memory: 40.33696175 MB
Route graph total memory: 74.38572407 MB
Route design total memory: 0.44113541 MB
The remaining process takes 0.01 sec.
Stage: after context initialize in post route | Time (s): real = 0h:0m:8s ; cpu = 0h:0m:6s ; process = 0h:0m:8s | Memory (MB): curr = 635.230469 ; peak = 667.839844 | Checksum: B02E3351E484B67C
Load route result takes 0.00 sec
Fix Hold Violation Threshold For Clock Path Cross SRB(ps) : 200
Fix Hold Violation Threshold For Clock Path On Clock Tree(ps) : 100
Hold fix to no violation.
Hold fix to threshold
Stage: after hold fix | Performance: TNS = 0 ; WNS = 14090 ; THS = 0 ; WHS = 178 | Time (s): real = 0h:0m:8s ; cpu = 0h:0m:6s ; process = 0h:0m:8s | Memory (MB): curr = 649.984375 ; peak = 667.839844 | Checksum: 10ACAC11DD66BC9E
Hold Violation Fix in router takes 0.20 sec.
Sort Original Nets take 0.000 sec
Total net: 596, route succeed net: 596
Generate routing result take 0.003 sec
Handle PERMUX permutation take 0.001 sec
Handle const net take 0.000 sec
Handle route through take 0.004 sec
Used SRB routing arc is 4048.
Stage: after finish post route | Performance: TNS = 0 ; WNS = 14090 ; THS = NA ; WHS = NA | Time (s): real = 0h:0m:8s ; cpu = 0h:0m:6s ; process = 0h:0m:8s | Memory (MB): curr = 651.277344 ; peak = 667.839844 | Checksum: F956DD7AB7E1E38B
Finish post route takes 0.10 sec.
Total post route takes 1.81 sec.

Device Utilization Summary :
+----------------------------------------------------------------------------+
| Device Type                      | Used     | Available     | Util(%)     
+----------------------------------------------------------------------------+
| CLMA                             | 93       | 6450          | 2           
| + FF                             | 184      | 38700         | 1           
| + LUT                            | 242      | 25800         | 1           
|   + LUT as Logic                 | 203      |               |             
|   + LUT as Const                 | 33       |               |             
|   + LUT as Bypass                | 6        |               |             
| CLMS                             | 57       | 4250          | 2           
| + FF                             | 121      | 25500         | 1           
| + LUT                            | 160      | 17000         | 1           
|   + LUT as Logic                 | 131      |               |             
|   + LUT as Memory                | 0        |               |             
|     + LUT as Distributed RAM     | 0        |               |             
|   + LUT as Const                 | 25       |               |             
|   + LUT as Bypass                | 4        |               |             
| IO                               | 17       | 296           | 6           
| + IOBD                           | 8        | 64            | 13          
| + IOBR_LR                        | 0        | 7             | 0           
| + IOBR_TB                        | 1        | 8             | 13          
| + IOBS_LR                        | 1        | 161           | 1           
| + IOBS_TB                        | 7        | 56            | 13          
| APM                              | 0        | 84            | 0           
| BKCL                             | 3        | 4             | 75          
| CRYSTAL                          | 0        | 2             | 0           
| DLL                              | 0        | 10            | 0           
| DQSL                             | 0        | 18            | 0           
| DRM                              | 1        | 134           | 1           
| FUSECODE                         | 0        | 1             | 0           
| HARD0N1                          | 10       | 6672          | 1           
| HSST                             | 0        | 1             | 0           
| IOCKDIV                          | 0        | 20            | 0           
| IOCKDLY                          | 0        | 40            | 0           
| IOCKGATE                         | 0        | 20            | 0           
| + IOCKGATE as Bypass             | 0        |               |             
| IOL                              | 17       | 400           | 5           
| IPAL                             | 0        | 1             | 0           
| LDO                              | 0        | 4             | 0           
| OSC                              | 0        | 1             | 0           
| PCIE                             | 0        | 1             | 0           
| PLL                              | 0        | 5             | 0           
| RCKB                             | 0        | 24            | 0           
| + RCKB as Bypass                 | 0        |               |             
| RESCAL                           | 0        | 4             | 0           
| SCANCHAIN                        | 0        | 2             | 0           
| START                            | 1        | 1             | 100         
| UDID                             | 0        | 1             | 0           
| USCM                             | 1        | 30            | 4           
| + USCM as Bypass                 | 0        |               |             
+----------------------------------------------------------------------------+

Finished route optimize. (CPU time elapsed 0h:00m:06s)
Design 'flash_read_top' has been routed successfully.
Saving design to DB.
Action Route Optimize: Export DB successfully.
Action route_optimize: Real time elapsed is 0h:0m:8s
Action route_optimize: CPU time elapsed is 0h:0m:6s
Action route_optimize: Process CPU time elapsed is 0h:0m:9s
Action route_optimize: Peak memory pool usage is 667 MB

Current time: Thu Oct  1 17:53:23 2026
