#Build: Fabric Compiler 2025.2, Build 211867, Jan 16 16:10 2026
#Install: D:\pango\PDS_2025.2-ads\bin
#Application name: pds_shell.exe
#OS: Windows 11 10.0.26100
#CPU: Unknown
#RAM(GB): 16
#Hostname: hustlyrm
#Generated by Fabric Compiler (version 2025.2 build 211867) at Thu Oct  1 17:53:07 2026
Parameters for debugging are loaded as follows:
Compiling verification operator library.
Compiling vendor parameter file.
Compiling common defs.
Compiling prim grid devices.
Compiling place grid timing.
Compiling gate devices.
Compiling gate operators.
Compiling gate operators impls.
Building architecture model.
Loading device packaging model.
Building architecture floorplan logic view.
Elaborate the liberty model.
I: Multithreading enabled for Timing using a maximum of 4 processes.

Routing started.
Build routing arch for double attribute device.
Enter timing driven router mode.
I: Multithreading enabled for route using a maximum of 6 processes.
Building routing graph takes 1.29 sec.
Enable Recovery Analysis in Routing
Init coarse delay table.
I: Loading Timing Delay Info...
I: Load Timing Delay Info successfully.
Read place coarse delay table takes 0.33 sec.
build place dedicate switch graph takes 1.06 sec
Setup STE netlist take 1691 msec.
Slack Weight : 90
CE/RS signal series limit : 500
Dispose control chain take 15 msec.
Collect const net info take 28 msec.
Total nets for routing: 527.
Total loads for routing: 2075.
Direct connect net size: 141
Build all design net take 24 msec.
Processing design graph takes 1.76 sec.
Route info is not supported in this chip.
Delay table total memory: 40.33696175 MB
Route graph total memory: 74.37786579 MB
Route design total memory: 1.47032547 MB
The remaining process takes 0.01 sec.
Stage: after context initialize | Time (s): real = 0h:0m:9s ; cpu = 0h:0m:7s ; process = 0h:0m:9s | Memory (MB): curr = 675.128906 ; peak = 714.250000 | Checksum: 8ED9AAD49A139C1E
Global routing takes 0.00 sec.
Pin Cost Increasing Speed 300
Unrouted clock nets at iteration 0 (0.002 sec): 0
Stage: after clock route | Time (s): real = 0h:0m:10s ; cpu = 0h:0m:7s ; process = 0h:0m:9s | Memory (MB): curr = 675.925781 ; peak = 714.250000 | Checksum: B6BC7146F0007DF
Total route nets size: 523
Pre route takes 0.110 sec
Stage: after pre route | Performance: TNS = 0 ; WNS = 14884 ; THS = 0 ; WHS = 178 | Time (s): real = 0h:0m:10s ; cpu = 0h:0m:7s ; process = 0h:0m:9s | Memory (MB): curr = 686.972656 ; peak = 714.250000 | Checksum: 95A52C3C5F8A5895
Unrouted general nets at iteration 3 (MT total route time: 0.057 sec): 376(overused: 1897)
Unrouted general nets at iteration 4 (MT total route time: 0.044 sec): 324(overused: 1305)
Unrouted general nets at iteration 5 (MT total route time: 0.040 sec): 253(overused: 845)
Unrouted general nets at iteration 6 (MT total route time: 0.038 sec): 179(overused: 483)
Unrouted general nets at iteration 7 (MT total route time: 0.029 sec): 124(overused: 249)
Unrouted general nets at iteration 8 (MT total route time: 0.014 sec): 58(overused: 106)
Unrouted general nets at iteration 9 (MT total route time: 0.007 sec): 17(overused: 28)
Unrouted general nets at iteration 10 (MT total route time: 0.002 sec): 0(overused: 0)
----General net take 0.000 sec(route net take 0.000 sec, inc cost take 0.000 sec, iter times: 1)
----const net route take 0.001 sec
Unrouted nets at iteration 11 (0.002 sec): 0
Stage: after detail route | Performance: TNS = 0 ; WNS = 14884 ; THS = NA ; WHS = NA | Time (s): real = 0h:0m:10s ; cpu = 0h:0m:7s ; process = 0h:0m:9s | Memory (MB): curr = 687.187500 ; peak = 714.250000 | Checksum: 4784EFC425A5857F
Begin rip-up and reroute:
Rip-up and reroute takes 0.02 sec.
Stage: after ripup & reroute | Performance: TNS = 0 ; WNS = 14091 ; THS = NA ; WHS = NA | Time (s): real = 0h:0m:10s ; cpu = 0h:0m:7s ; process = 0h:0m:10s | Memory (MB): curr = 689.281250 ; peak = 714.250000 | Checksum: 4C11DBAA839685A7
Detailed routing takes 0.75 sec.
Sort Original Nets take 0.001 sec
Check HPIO div result take 0.000 sec
Total net: 527, route succeed net: 527
Generate routing result take 0.001 sec
Handle PERMUX permutation take 0.012 sec
Handle const net take 0.002 sec
Handle route through take 0.004 sec
Used SRB routing arc is 4048.
Stage: after finish route | Performance: TNS = 0 ; WNS = 14091 ; THS = NA ; WHS = NA | Time (s): real = 0h:0m:10s ; cpu = 0h:0m:7s ; process = 0h:0m:10s | Memory (MB): curr = 663.949219 ; peak = 714.250000 | Checksum: 71CE0507CAF45E58
Finish routing takes 0.12 sec.
Total routing takes 4.05 sec.

Device Utilization Summary :
+----------------------------------------------------------------------------+
| Device Type                      | Used     | Available     | Util(%)     
+----------------------------------------------------------------------------+
| CLMA                             | 93       | 6450          | 2           
| + FF                             | 184      | 38700         | 1           
| + LUT                            | 242      | 25800         | 1           
|   + LUT as Logic                 | 203      |               |             
|   + LUT as Const                 | 33       |               |             
|   + LUT as Bypass                | 6        |               |             
| CLMS                             | 57       | 4250          | 2           
| + FF                             | 121      | 25500         | 1           
| + LUT                            | 160      | 17000         | 1           
|   + LUT as Logic                 | 131      |               |             
|   + LUT as Memory                | 0        |               |             
|     + LUT as Distributed RAM     | 0        |               |             
|   + LUT as Const                 | 25       |               |             
|   + LUT as Bypass                | 4        |               |             
| IO                               | 17       | 296           | 6           
| + IOBD                           | 8        | 64            | 13          
| + IOBR_LR                        | 0        | 7             | 0           
| + IOBR_TB                        | 1        | 8             | 13          
| + IOBS_LR                        | 1        | 161           | 1           
| + IOBS_TB                        | 7        | 56            | 13          
| APM                              | 0        | 84            | 0           
| BKCL                             | 3        | 4             | 75          
| CRYSTAL                          | 0        | 2             | 0           
| DLL                              | 0        | 10            | 0           
| DQSL                             | 0        | 18            | 0           
| DRM                              | 1        | 134           | 1           
| FUSECODE                         | 0        | 1             | 0           
| HARD0N1                          | 10       | 6672          | 1           
| HSST                             | 0        | 1             | 0           
| IOCKDIV                          | 0        | 20            | 0           
| IOCKDLY                          | 0        | 40            | 0           
| IOCKGATE                         | 0        | 20            | 0           
| + IOCKGATE as Bypass             | 0        |               |             
| IOL                              | 17       | 400           | 5           
| IPAL                             | 0        | 1             | 0           
| LDO                              | 0        | 4             | 0           
| OSC                              | 0        | 1             | 0           
| PCIE                             | 0        | 1             | 0           
| PLL                              | 0        | 5             | 0           
| RCKB                             | 0        | 24            | 0           
| + RCKB as Bypass                 | 0        |               |             
| RESCAL                           | 0        | 4             | 0           
| SCANCHAIN                        | 0        | 2             | 0           
| START                            | 1        | 1             | 100         
| UDID                             | 0        | 1             | 0           
| USCM                             | 1        | 30            | 4           
| + USCM as Bypass                 | 0        |               |             
+----------------------------------------------------------------------------+

Finished routing. (CPU time elapsed 0h:00m:07s)
Design 'flash_read_top' has been routed successfully.
Saving design to DB.
Action Route: Export DB successfully.
Action route: Real time elapsed is 0h:0m:11s
Action route: CPU time elapsed is 0h:0m:8s
Action route: Process CPU time elapsed is 0h:0m:10s
Action route: Peak memory pool usage is 714 MB

Current time: Thu Oct  1 17:53:16 2026
