#Build: Fabric Compiler 2025.2, Build 211867, Jan 16 16:10 2026
#Install: E:\work\pango\PDS_2025.2-ads\bin
#Application name: pds_shell.exe
#OS: Windows 11 10.0.26200
#CPU: Unknown
#RAM(GB): 32
#Hostname: dionirpyC
#Generated by Fabric Compiler (version 2025.2 build 211867) at Tue Sep 22 18:37:17 2026
Parameters for debugging are loaded as follows:
Compiling verification operator library.
Compiling vendor parameter file.
Compiling common defs.
Compiling prim grid devices.
Compiling place grid timing.
Compiling gate devices.
Compiling gate operators.
Compiling gate operators impls.
Building architecture model.
Loading device packaging model.
Building architecture floorplan logic view.
Constraint check start.
W: ConstraintEditor-4040: [E:/code/PangoWork/Works/i2c/prj_tasks/pnr_1/device_map/i2c_eeprom_top.pcf(line number: 13)] Port key_in[0] has been placed at location K18, whose type is share pin.
W: ConstraintEditor-4040: [E:/code/PangoWork/Works/i2c/prj_tasks/pnr_1/device_map/i2c_eeprom_top.pcf(line number: 18)] Port key_in[5] has been placed at location J19, whose type is share pin.
W: ConstraintEditor-4040: [E:/code/PangoWork/Works/i2c/prj_tasks/pnr_1/device_map/i2c_eeprom_top.pcf(line number: 19)] Port key_in[6] has been placed at location H20, whose type is share pin.
W: ConstraintEditor-4040: [E:/code/PangoWork/Works/i2c/prj_tasks/pnr_1/device_map/i2c_eeprom_top.pcf(line number: 22)] Port sys_rst_n has been placed at location AB13, whose type is share pin.
C: ConstraintEditor-2022: There are some ports' attributes are set to default value, please read [E:/code/PangoWork/Works/i2c/prj_tasks/pnr_1/place_route/ports_defalut_attribute.txt(line number:0)] to confirm.
Found 0 error(s), 1 critical warning(s), 4 warning(s), out of 20 constraint(s)
Constraint check end.
Total time(hh:mm:ss) of constraint check : 00:00:00
Elaborate the liberty model.
I: Multithreading enabled for Timing using a maximum of 4 processes.
Placement started. Type: EP_COMMON_FLOW.

Stage 1 EP_INIT start.
Stage: after EP_INIT | Time (s): real = 0h:0m:6s ; cpu = 0h:0m:4s ; process = 0h:0m:6s | Memory (MB): curr = 435.472656 ; peak = 436.343750 | Checksum: E26C8FD37390C072

Design Layer Utilization:
	LUT: 0.369%
	FF: 0.234%
	IO: 5.722%

Stage 2 EP_DL start.
build place dedicate switch graph takes 1.31 sec
Place location constraint group with base node:eeprom_i2c_scl_obuf/opit_1 at IOL_243_373
Place location constraint group with base node:key_in_ibuf[0]/opit_1 at IOL_327_257
Place location constraint group with base node:key_in_ibuf[1]/opit_1 at IOL_327_134
Place location constraint group with base node:key_in_ibuf[2]/opit_1 at IOL_327_297
Place location constraint group with base node:key_in_ibuf[3]/opit_1 at IOL_327_133
Place location constraint group with base node:key_in_ibuf[4]/opit_1 at IOL_327_298
Place location constraint group with base node:key_in_ibuf[5]/opit_1 at IOL_327_262
Place location constraint group with base node:key_in_ibuf[6]/opit_1 at IOL_327_261
Place location constraint group with base node:key_in_ibuf[7]/opit_1 at IOL_327_365
Place location constraint group with base node:led_out_obuf[0]/opit_1 at IOL_19_374
Place location constraint group with base node:led_out_obuf[1]/opit_1 at IOL_19_373
Place location constraint group with base node:led_out_obuf[2]/opit_1 at IOL_35_374
Place location constraint group with base node:led_out_obuf[3]/opit_1 at IOL_35_373
Place location constraint group with base node:led_out_obuf[4]/opit_1 at IOL_67_374
Place location constraint group with base node:led_out_obuf[5]/opit_1 at IOL_67_373
Place location constraint group with base node:led_out_obuf[6]/opit_1 at IOL_47_374
Place location constraint group with base node:led_out_obuf[7]/opit_1 at IOL_47_373
Place location constraint group with base node:sys_clk_50mhz_ibuf/opit_1 at IOL_327_210
Place location constraint group with base node:sys_rst_n_ibuf/opit_1 at IOL_167_5
Place location constraint group with base node:u_eeprom.sda_tri/opit_1 at IOL_71_374
Place location constraint node:BKCL_auto_0 at BKCL_188_376
Place location constraint node:BKCL_auto_1 at BKCL_328_184
Place location constraint node:BKCL_auto_2 at BKCL_192_0
DRCP Convert Loc Constraint successful.

Stage 2.1 pre clock plan start.
Mapping instance GRS_INST/grs to START_324_2.
I: Clock statistic: 1 USCM.
solve clock designs takes 0.02 sec with memory (MB): curr = 507.359375, peak = 513.949219.
Mapping instance clkbufg_0/gopclkbufg to USCM_84_108:impl_uscm_rtb_a-USCM.
Mapping instance u_pll_50mhz/u_pll_e3/goppll to PLL_158_55.
Stage: after pre clock plan | Time (s): real = 0h:0m:7s ; cpu = 0h:0m:5s ; process = 0h:0m:8s | Memory (MB): curr = 507.503906 ; peak = 513.949219

Place location constraint node:clkbufg_0/gopclkbufg at USCM_84_108
Place location constraint node:u_pll_50mhz/u_pll_e3/goppll at PLL_158_55
DRCP Convert Loc Constraint successful.
Stage: after EP_DL | Time (s): real = 0h:0m:7s ; cpu = 0h:0m:6s ; process = 0h:0m:8s | Memory (MB): curr = 507.562500 ; peak = 513.949219 | Checksum: C730FFD66339594F


Stage 3 EP_FIP start.
DRCP Convert Loc Constraint successful.

Stage 3.1 fip global place start.
[GP] num_thread=0
I: Multithreading enabled for place using a maximum of 4 processes.
[GP] Placement Initial Method "Quad".
[GP] Placement Decongestion Mode "1".
[GP] Recovery Analysis in GP "Enable".
I: Loading Timing Delay Info...
I: Load Timing Delay Info successfully.
Init coarse delay table.
Read place coarse delay table takes 0.34 sec.
[GP] Init timing API takes 1.60 sec.
[GP] Init GP graph takes 1.65 sec.
Device graph total memory: 11.12037659 MB
[GP] Read position from netlist take 0 msec
[GP] Total node move: 13091.70, average node move: 93.51
First map gop timing takes 0.00 sec
[GP] SA handle 2 clusters.
[GP] SA init_cost = 52803.750000, final_cost = 52803.750000, final_cost/init_cost = 1.000000, occupied region_num = 2.
[GP] SA Optimize take time: 0.002000 sec.
[GP] Timing analysis take 0.004000 secs.
[GP] MarginTNSS=0, TNSS=0, WSS=10700
[GP] Place thread size: 4
[GP] Node size: 9217, net size: 209
[GP] Design graph total memory: 26.40415668 MB
[GP] Timing analysis take 0.004000 secs.
[GP] MarginTNSS=0, TNSS=0, WSS=12784
[GP] Step 0 take 0.025 secs: WL=1102.93 OF=0.363402
[GP] Timing analysis take 0.004000 secs.
[GP] MarginTNSS=0, TNSS=0, WSS=14244
[GP] Step 1 take 0.146 secs: WL=1037.53 OF=0.297004
[GP] Timing analysis take 0.004000 secs.
[GP] MarginTNSS=0, TNSS=0, WSS=15386
[GP] Step 2 take 0.144 secs: WL=928.46 OF=0.480825
[GP] Timing analysis take 0.004000 secs.
[GP] MarginTNSS=0, TNSS=0, WSS=15568
[GP] Step 3 take 0.147 secs: WL=905.48 OF=0.416268
[GP] Timing analysis take 0.005000 secs.
[GP] MarginTNSS=0, TNSS=0, WSS=15745
[GP] Step 4 take 0.148 secs: WL=888.16 OF=0.340478
[GP] Timing analysis take 0.004000 secs.
[GP] MarginTNSS=0, TNSS=0, WSS=15621
[GP] Step 5 take 0.150 secs: WL=891.43 OF=0.301001
[GP] Timing analysis take 0.005000 secs.
[GP] MarginTNSS=0, TNSS=0, WSS=15611
[GP] Step 6 take 0.151 secs: WL=896.97 OF=0.235011
[GP] Timing analysis take 0.004000 secs.
[GP] MarginTNSS=0, TNSS=0, WSS=15410
[GP] Step 7 take 0.152 secs: WL=904.69 OF=0.181912
[GP] Timing analysis take 0.005000 secs.
[GP] MarginTNSS=0, TNSS=0, WSS=15629
[GP] Step 8 take 0.153 secs: WL=914.23 OF=0.135013
[GP] Timing analysis take 0.005000 secs.
[GP] MarginTNSS=0, TNSS=0, WSS=15599
[GP] Step 9 take 0.150 secs: WL=923.95 OF=0.101585
[GP] Timing analysis take 0.005000 secs.
[GP] MarginTNSS=0, TNSS=0, WSS=15424
[GP] Final best WL=928.167960 OF=0.089767, totally takes 1.426000 secs, run timing analysis 12 times totally takes 0.053000 secs.
[GP] Total node move: 16761.55, average node move: 119.73
[GP] Placer use memory: 5.71266556 MB
Stage: after fip global place | Performance: WL = 833 ; TNS =  0 ; WNS =  15424 | Time (s): real = 0h:0m:10s ; cpu = 0h:0m:8s ; process = 0h:0m:12s | Memory (MB): curr = 642.609375 ; peak = 670.480469 | Checksum: 3D0FC48CC65234C4

Flat initial placement flow takes 2.797.
Stage: after EP_FIP | Performance: WL = 833 ; TNS =  0 ; WNS =  15424 | Time (s): real = 0h:0m:11s ; cpu = 0h:0m:8s ; process = 0h:0m:12s | Memory (MB): curr = 644.019531 ; peak = 670.480469 | Checksum: 3D0FC48CC65234C4


Stage 4 EP_CAGP start.

Stage 4.1 cagp site packing start.
Stage: after pack legalize group | Performance: avg_mov = 0.355932 ; max_mov = 1 ; mov_var = 0.229244
Stage: after cagp site packing | Performance: WL = 2167 | Time (s): real = 0h:0m:11s ; cpu = 0h:0m:8s ; process = 0h:0m:13s | Memory (MB): curr = 663.640625 ; peak = 671.867188 | Checksum: DE706F5385A0E4E9


Stage 4.2 cagp macro placement start.
Stage: after cagp macro placement | Performance: WL = 2167 | Time (s): real = 0h:0m:11s ; cpu = 0h:0m:8s ; process = 0h:0m:13s | Memory (MB): curr = 663.730469 ; peak = 671.867188 | Checksum: DE706F5385A0E4E9


Stage 4.3 post clock plan start.
pre solve all clock design takes 0.00 sec with memory (MB): curr = 663.808594, peak = 671.867188.
CRA timing analysis with worst slack 13730 takes 0.00 sec.
CRA cost 0 takes 0.02 sec.
solve all clock design takes 0.02 sec with memory (MB): curr = 664.429688, peak = 671.867188.
expand load region takes 0.00 sec.
Stage: after post clock plan | Time (s): real = 0h:0m:11s ; cpu = 0h:0m:9s ; process = 0h:0m:13s | Memory (MB): curr = 664.562500 ; peak = 671.867188

Movement during CRA, max : (0, 0) , total : (0, 0) , count : 0 , avg : (0, 0) .
Stage: after EP_CAGP | Performance: WL = 2167 ; TNS =  0 ; WNS =  13730 | Time (s): real = 0h:0m:11s ; cpu = 0h:0m:9s ; process = 0h:0m:13s | Memory (MB): curr = 664.570312 ; peak = 671.867188 | Checksum: CB18231927895397


Stage 5 EP_DRCP start.

Stage 5.1 DRC Placement start.
DRC final successful.
Stage: after DRC Placement | Time (s): real = 0h:0m:11s ; cpu = 0h:0m:9s ; process = 0h:0m:13s | Memory (MB): curr = 664.585938 ; peak = 671.867188


Stage 5.2 IO Placement start.
The average distance in IO place is 0.000000.
Stage: after IO Placement | Time (s): real = 0h:0m:11s ; cpu = 0h:0m:9s ; process = 0h:0m:13s | Memory (MB): curr = 664.753906 ; peak = 671.867188

Stage: after EP_DRCP | Performance: WL = 2167 ; TNS =  0 ; WNS =  13730 | Time (s): real = 0h:0m:11s ; cpu = 0h:0m:9s ; process = 0h:0m:13s | Memory (MB): curr = 664.757812 ; peak = 671.867188 | Checksum: A7A9D9949CA0ACC1


Stage 6 EP_MP start.

Stage 6.1 macro place start.
Stage: after macro place | Performance: WL = 2167 | Time (s): real = 0h:0m:11s ; cpu = 0h:0m:9s ; process = 0h:0m:13s | Memory (MB): curr = 664.953125 ; peak = 671.867188 | Checksum: A7A9D9949CA0ACC1


Stage 6.2 mp post global place start.
[GP] num_thread=0
I: Multithreading enabled for place using a maximum of 4 processes.
[GP] Init timing API takes 0.00 sec.
[GP] Init GP graph takes 0.01 sec.
Device graph total memory: 11.12327576 MB
[GP] Read position from netlist take 0 msec
[GP] Timing analysis take 0.019000 secs.
[GP] MarginTNSS=0, TNSS=0, WSS=13730
[GP] Place thread size: 4
[GP] Node size: 9144, net size: 203
[GP] Design graph total memory: 28.10698891 MB
[GP] Timing analysis take 0.005000 secs.
[GP] MarginTNSS=0, TNSS=0, WSS=14529
[GP] Step 0 take 0.025 secs: WL=1668.84 OF=0.096664
[GP] Timing analysis take 0.005000 secs.
[GP] MarginTNSS=0, TNSS=0, WSS=15404
[GP] Step 1 take 0.148 secs: WL=978.00 OF=0.250614
[GP] Timing analysis take 0.005000 secs.
[GP] MarginTNSS=0, TNSS=0, WSS=15463
[GP] Step 2 take 0.141 secs: WL=987.90 OF=0.193338
[GP] Timing analysis take 0.005000 secs.
[GP] MarginTNSS=0, TNSS=0, WSS=15330
[GP] Step 3 take 0.146 secs: WL=1004.96 OF=0.137107
[GP] Timing analysis take 0.004000 secs.
[GP] MarginTNSS=0, TNSS=0, WSS=15565
[GP] Step 4 take 0.145 secs: WL=1026.74 OF=0.082225
[GP] Timing analysis take 0.004000 secs.
[GP] MarginTNSS=0, TNSS=0, WSS=15565
[GP] Final best WL=1030.219514 OF=0.072263, totally takes 0.639000 secs, run timing analysis 7 times totally takes 0.047000 secs.
[GP] Total node move: 425.68, average node move: 6.35
[GP] Placer use memory: 5.69372177 MB
Stage: after mp post global place | Performance: WL = 924 ; TNS =  0 ; WNS =  15565 | Time (s): real = 0h:0m:12s ; cpu = 0h:0m:9s ; process = 0h:0m:14s | Memory (MB): curr = 666.929688 ; peak = 671.867188 | Checksum: 233F84BB13FACE4F

MP flow takes 0.484.
Stage: after EP_MP | Performance: WL = 924 ; TNS =  0 ; WNS =  15565 | Time (s): real = 0h:0m:12s ; cpu = 0h:0m:9s ; process = 0h:0m:14s | Memory (MB): curr = 666.929688 ; peak = 671.867188 | Checksum: 233F84BB13FACE4F


Stage 7 EP_LP start.
Stage: after legalization | Performance: avg_mov = 0.037383 ; max_mov = 1 ; mov_var = 0.035986
Legalize placement flow takes 0.000.
Stage: after EP_LP | Performance: WL = 939 ; TNS =  0 ; WNS =  15554 | Time (s): real = 0h:0m:12s ; cpu = 0h:0m:9s ; process = 0h:0m:14s | Memory (MB): curr = 667.804688 ; peak = 671.867188 | Checksum: A71E5257120EC3F5


Stage 8 EP_DP start.
Stage: before DP | Performance: WL = 939 ; TNS = 0 ; WNS = 15554
Stage: after DP | Performance: WL = 939 ; TNS = 0 ; WNS = 15554
EP_DP takes 0 sec.
Stage: after EP_DP | Performance: WL = 939 ; TNS =  0 ; WNS =  15554 | Time (s): real = 0h:0m:12s ; cpu = 0h:0m:9s ; process = 0h:0m:14s | Memory (MB): curr = 667.273438 ; peak = 671.867188 | Checksum: A71E5257120EC3F5


Stage 9 EP_FP start.
AutoDRC Flow for Design Check After Place Start.
AutoDRC Flow for Design Check After Place End.
Stage: after EP_FP | Performance: WL = 939 ; TNS =  0 ; WNS =  15554 | Time (s): real = 0h:0m:12s ; cpu = 0h:0m:9s ; process = 0h:0m:14s | Memory (MB): curr = 668.695312 ; peak = 671.867188 | Checksum: 6396C5C0E1A5041C


Congestion analysis started.
I: Start printing congestion info.
I: Finish printing congestion info.
Congestion analysis takes 0.11 sec.


Device Utilization Summary :
+----------------------------------------------------------------------------+
| Device Type                      | Used     | Available     | Util(%)     
+----------------------------------------------------------------------------+
| CLMA                             | 38       | 6450          | 1           
| + FF                             | 91       | 38700         | 1           
| + LUT                            | 111      | 25800         | 1           
|   + LUT as Logic                 | 111      |               |             
|   + LUT as Const                 | 0        |               |             
|   + LUT as Bypass                | 0        |               |             
| CLMS                             | 22       | 4250          | 1           
| + FF                             | 35       | 25500         | 1           
| + LUT                            | 47       | 17000         | 1           
|   + LUT as Logic                 | 47       |               |             
|   + LUT as Memory                | 0        |               |             
|     + LUT as Distributed RAM     | 0        |               |             
|   + LUT as Const                 | 0        |               |             
|   + LUT as Bypass                | 0        |               |             
| IO                               | 20       | 296           | 7           
| + IOBD                           | 5        | 64            | 8           
| + IOBR_LR                        | 0        | 7             | 0           
| + IOBR_TB                        | 1        | 8             | 13          
| + IOBS_LR                        | 9        | 161           | 6           
| + IOBS_TB                        | 5        | 56            | 9           
| APM                              | 0        | 84            | 0           
| BKCL                             | 3        | 4             | 75          
| CRYSTAL                          | 0        | 2             | 0           
| DLL                              | 0        | 10            | 0           
| DQSL                             | 0        | 18            | 0           
| DRM                              | 0        | 134           | 0           
| FUSECODE                         | 0        | 1             | 0           
| HARD0N1                          | 0        | 6672          | 0           
| HSST                             | 0        | 1             | 0           
| IOCKDIV                          | 0        | 20            | 0           
| IOCKDLY                          | 0        | 40            | 0           
| IOCKGATE                         | 0        | 20            | 0           
| + IOCKGATE as Bypass             | 0        |               |             
| IOL                              | 20       | 400           | 5           
| IPAL                             | 0        | 1             | 0           
| LDO                              | 0        | 4             | 0           
| OSC                              | 0        | 1             | 0           
| PCIE                             | 0        | 1             | 0           
| PLL                              | 1        | 5             | 20          
| RCKB                             | 0        | 24            | 0           
| + RCKB as Bypass                 | 0        |               |             
| RESCAL                           | 0        | 4             | 0           
| SCANCHAIN                        | 0        | 2             | 0           
| START                            | 1        | 1             | 100         
| UDID                             | 0        | 1             | 0           
| USCM                             | 1        | 30            | 4           
| + USCM as Bypass                 | 0        |               |             
+----------------------------------------------------------------------------+

Total placement takes 5.62 sec.
Finished placement.
Design 'i2c_eeprom_top' has been placed successfully.
Action place: Real time elapsed is 0h:0m:12s
Action place: CPU time elapsed is 0h:0m:9s
Action place: Process CPU time elapsed is 0h:0m:15s
Action place: Peak memory pool usage is 752 MB

Current time: Tue Sep 22 18:37:27 2026
