#Build: Fabric Compiler 2020.3, Build 62942, Sep 29 13:34 2020
#Install: E:\pango\PDS_2020.3\bin
#Application name: pds_shell.exe
#OS: Windows 10 10.0.18363
#Hostname: DESKTOP-6GABMIP
Generated by Fabric Compiler (version 2020.3 build 62942) at Fri Aug 11 14:57:51 2023
License checkout: fabric_ads
Compiling verification operator library.
Loading technology operator library.
Compiling technology operator library.
Compiling technology operator (valence) library.
I: Enable Verilog2k features and keywords
Executing : .rtl_analyze -include_path {D:/pango_fire/demo/9_hdmi_loop/hdmi_loop_pango} D:/pango_fire/demo/9_hdmi_loop/hdmi_loop_pango/source/new/hdmi_cfg.v
I: Verilog-0001: Analyzing file D:/pango_fire/demo/9_hdmi_loop/hdmi_loop_pango/source/new/hdmi_cfg.v
I: Verilog-0002: [D:/pango_fire/demo/9_hdmi_loop/hdmi_loop_pango/source/new/hdmi_cfg.v(line number: 10)] Analyzing module hdmi_cfg (library work)
Parsing done.
Executing : .rtl_analyze -include_path {D:/pango_fire/demo/9_hdmi_loop/hdmi_loop_pango} D:/pango_fire/demo/9_hdmi_loop/hdmi_loop_pango/source/new/hdmi_cfg.v successfully.
Executing : .rtl_analyze -include_path {D:/pango_fire/demo/9_hdmi_loop/hdmi_loop_pango} D:/pango_fire/demo/9_hdmi_loop/hdmi_loop_pango/source/new/hdmi_i2c.v
I: Verilog-0001: Analyzing file D:/pango_fire/demo/9_hdmi_loop/hdmi_loop_pango/source/new/hdmi_i2c.v
I: Verilog-0002: [D:/pango_fire/demo/9_hdmi_loop/hdmi_loop_pango/source/new/hdmi_i2c.v(line number: 10)] Analyzing module hdmi_i2c (library work)
Parsing done.
Executing : .rtl_analyze -include_path {D:/pango_fire/demo/9_hdmi_loop/hdmi_loop_pango} D:/pango_fire/demo/9_hdmi_loop/hdmi_loop_pango/source/new/hdmi_i2c.v successfully.
Executing : .rtl_analyze -include_path {D:/pango_fire/demo/9_hdmi_loop/hdmi_loop_pango} D:/pango_fire/demo/9_hdmi_loop/hdmi_loop_pango/source/new/hdmi_loop.v
I: Verilog-0001: Analyzing file D:/pango_fire/demo/9_hdmi_loop/hdmi_loop_pango/source/new/hdmi_loop.v
I: Verilog-0002: [D:/pango_fire/demo/9_hdmi_loop/hdmi_loop_pango/source/new/hdmi_loop.v(line number: 10)] Analyzing module hdmi_loop (library work)
Parsing done.
Executing : .rtl_analyze -include_path {D:/pango_fire/demo/9_hdmi_loop/hdmi_loop_pango} D:/pango_fire/demo/9_hdmi_loop/hdmi_loop_pango/source/new/hdmi_loop.v successfully.
Executing : .rtl_analyze -include_path {D:/pango_fire/demo/9_hdmi_loop/hdmi_loop_pango} D:/pango_fire/demo/9_hdmi_loop/hdmi_loop_pango/source/new/i2c_ctrl.v
I: Verilog-0001: Analyzing file D:/pango_fire/demo/9_hdmi_loop/hdmi_loop_pango/source/new/i2c_ctrl.v
I: Verilog-0002: [D:/pango_fire/demo/9_hdmi_loop/hdmi_loop_pango/source/new/i2c_ctrl.v(line number: 10)] Analyzing module i2c_ctrl (library work)
W: Verilog-2006: [D:/pango_fire/demo/9_hdmi_loop/hdmi_loop_pango/source/new/i2c_ctrl.v(line number: 37)] Ansi_parameter force parameter in body to localparam
W: Verilog-2006: [D:/pango_fire/demo/9_hdmi_loop/hdmi_loop_pango/source/new/i2c_ctrl.v(line number: 39)] Ansi_parameter force parameter in body to localparam
W: Verilog-2006: [D:/pango_fire/demo/9_hdmi_loop/hdmi_loop_pango/source/new/i2c_ctrl.v(line number: 41)] Ansi_parameter force parameter in body to localparam
Parsing done.
Executing : .rtl_analyze -include_path {D:/pango_fire/demo/9_hdmi_loop/hdmi_loop_pango} D:/pango_fire/demo/9_hdmi_loop/hdmi_loop_pango/source/new/i2c_ctrl.v successfully.
Executing : .rtl_analyze -include_path {D:/pango_fire/demo/9_hdmi_loop/hdmi_loop_pango} D:/pango_fire/demo/9_hdmi_loop/hdmi_loop_pango/ipcore/pll/pll.v
I: Verilog-0001: Analyzing file D:/pango_fire/demo/9_hdmi_loop/hdmi_loop_pango/ipcore/pll/pll.v
I: Verilog-0002: [D:/pango_fire/demo/9_hdmi_loop/hdmi_loop_pango/ipcore/pll/pll.v(line number: 21)] Analyzing module pll (library work)
Parsing done.
Executing : .rtl_analyze -include_path {D:/pango_fire/demo/9_hdmi_loop/hdmi_loop_pango} D:/pango_fire/demo/9_hdmi_loop/hdmi_loop_pango/ipcore/pll/pll.v successfully.
Start rtl-elaborate.
I: Module "hdmi_loop" is set as top module.
I: Verilog-0003: [D:/pango_fire/demo/9_hdmi_loop/hdmi_loop_pango/source/new/hdmi_loop.v(line number: 10)] Elaborating module hdmi_loop
I: Verilog-0003: [D:/pango_fire/demo/9_hdmi_loop/hdmi_loop_pango/source/new/hdmi_i2c.v(line number: 10)] Elaborating module hdmi_i2c
I: Verilog-0003: [D:/pango_fire/demo/9_hdmi_loop/hdmi_loop_pango/source/new/i2c_ctrl.v(line number: 10)] Elaborating module i2c_ctrl
I: Verilog-0003: [D:/pango_fire/demo/9_hdmi_loop/hdmi_loop_pango/source/new/hdmi_cfg.v(line number: 10)] Elaborating module hdmi_cfg
W: Verilog-2023: [D:/pango_fire/demo/9_hdmi_loop/hdmi_loop_pango/source/new/hdmi_i2c.v(line number: 39)] Give initial value 0 for the no drive pin rd_en in module instance
W: Verilog-2021: [D:/pango_fire/demo/9_hdmi_loop/hdmi_loop_pango/source/new/hdmi_i2c.v(line number: 31)] Net wr_en in module hdmi_i2c does not have a driver, tie it to 0
Executing : rtl-elaborate successfully.
Start rtl-prep.
Executing : rtl-prep successfully.
Start rtl-infer.
W: Sdm-2004: [D:/pango_fire/demo/9_hdmi_loop/hdmi_loop_pango/source/new/i2c_ctrl.v(line number: 68)] Latch is generated for signal ack, possible missing assignment in an if or case statement.
W: Sdm-2004: [D:/pango_fire/demo/9_hdmi_loop/hdmi_loop_pango/source/new/i2c_ctrl.v(line number: 69)] Latch is generated for signal i2c_sda_reg, possible missing assignment in an if or case statement.
W: Sdm-2004: Latch is generated for signal rd_data_reg[0], possible missing assignment in an if or case statement.
W: Sdm-2004: Latch is generated for signal rd_data_reg[1], possible missing assignment in an if or case statement.
W: Sdm-2004: Latch is generated for signal rd_data_reg[2], possible missing assignment in an if or case statement.
W: Sdm-2004: Latch is generated for signal rd_data_reg[3], possible missing assignment in an if or case statement.
W: Sdm-2004: Latch is generated for signal rd_data_reg[4], possible missing assignment in an if or case statement.
W: Sdm-2004: Latch is generated for signal rd_data_reg[5], possible missing assignment in an if or case statement.
W: Sdm-2004: Latch is generated for signal rd_data_reg[6], possible missing assignment in an if or case statement.
W: Sdm-2004: Latch is generated for signal rd_data_reg[7], possible missing assignment in an if or case statement.
Executing : rtl-infer successfully.
Start rtl-control-opt.
Executing : rtl-control-opt successfully.
Start rtl-data-opt.
Executing : rtl-data-opt successfully.
Start FSM inference.
I: FSM state[3:0]_fsm[3:0] inferred.
Executing : FSM inference successfully.
Start sdm2adm.
I: Constant propagation done on N404 (bmsWIDEMUX).
I: Constant propagation done on N359 (bmsWIDEMUX).
I: Constant propagation done on N749_1 (bmsWIDEMUX).
I: Constant propagation done on N64 (bmsWIDEMUX).
Executing : sdm2adm successfully.
Saving design to DB.
Action compile: Real time elapsed is 2.000 sec
Action compile: CPU time elapsed is 1.125 sec
Current time: Fri Aug 11 14:57:51 2023
Action compile: Peak memory pool usage is 66,674,688 bytes
