#Build: Fabric Compiler 2020.3, Build 62942, Sep 29 13:34 2020
#Install: E:\pango\PDS_2020.3\bin
#Application name: pds_shell.exe
#OS: Windows 10 10.0.18363
#Hostname: DESKTOP-6GABMIP
Generated by Fabric Compiler (version 2020.3 build 62942) at Fri Aug 11 14:54:18 2023
License checkout: fabric_ads
Compiling verification operator library.
Loading technology operator library.
Compiling technology operator library.
Compiling technology operator (valence) library.
I: Enable Verilog2k features and keywords
Executing : .rtl_analyze -include_path {D:/pango_fire/demo/9_hdmi_loop/hdmi_loop_pango} D:/pango_fire/demo/9_hdmi_loop/hdmi_loop_pango/source/new/hdmi_cfg.v
I: Verilog-0001: Analyzing file D:/pango_fire/demo/9_hdmi_loop/hdmi_loop_pango/source/new/hdmi_cfg.v
I: Verilog-0002: [D:/pango_fire/demo/9_hdmi_loop/hdmi_loop_pango/source/new/hdmi_cfg.v(line number: 10)] Analyzing module hdmi_cfg (library work)
Parsing done.
Executing : .rtl_analyze -include_path {D:/pango_fire/demo/9_hdmi_loop/hdmi_loop_pango} D:/pango_fire/demo/9_hdmi_loop/hdmi_loop_pango/source/new/hdmi_cfg.v successfully.
Executing : .rtl_analyze -include_path {D:/pango_fire/demo/9_hdmi_loop/hdmi_loop_pango} D:/pango_fire/demo/9_hdmi_loop/hdmi_loop_pango/source/new/hdmi_i2c.v
I: Verilog-0001: Analyzing file D:/pango_fire/demo/9_hdmi_loop/hdmi_loop_pango/source/new/hdmi_i2c.v
I: Verilog-0002: [D:/pango_fire/demo/9_hdmi_loop/hdmi_loop_pango/source/new/hdmi_i2c.v(line number: 10)] Analyzing module hdmi_i2c (library work)
Parsing done.
Executing : .rtl_analyze -include_path {D:/pango_fire/demo/9_hdmi_loop/hdmi_loop_pango} D:/pango_fire/demo/9_hdmi_loop/hdmi_loop_pango/source/new/hdmi_i2c.v successfully.
Executing : .rtl_analyze -include_path {D:/pango_fire/demo/9_hdmi_loop/hdmi_loop_pango} D:/pango_fire/demo/9_hdmi_loop/hdmi_loop_pango/source/new/hdmi_loop.v
I: Verilog-0001: Analyzing file D:/pango_fire/demo/9_hdmi_loop/hdmi_loop_pango/source/new/hdmi_loop.v
I: Verilog-0002: [D:/pango_fire/demo/9_hdmi_loop/hdmi_loop_pango/source/new/hdmi_loop.v(line number: 10)] Analyzing module hdmi_loop (library work)
Parsing done.
Executing : .rtl_analyze -include_path {D:/pango_fire/demo/9_hdmi_loop/hdmi_loop_pango} D:/pango_fire/demo/9_hdmi_loop/hdmi_loop_pango/source/new/hdmi_loop.v successfully.
Executing : .rtl_analyze -include_path {D:/pango_fire/demo/9_hdmi_loop/hdmi_loop_pango} D:/pango_fire/demo/9_hdmi_loop/hdmi_loop_pango/source/new/i2c_ctrl.v
I: Verilog-0001: Analyzing file D:/pango_fire/demo/9_hdmi_loop/hdmi_loop_pango/source/new/i2c_ctrl.v
I: Verilog-0002: [D:/pango_fire/demo/9_hdmi_loop/hdmi_loop_pango/source/new/i2c_ctrl.v(line number: 10)] Analyzing module i2c_ctrl (library work)
W: Verilog-2006: [D:/pango_fire/demo/9_hdmi_loop/hdmi_loop_pango/source/new/i2c_ctrl.v(line number: 37)] Ansi_parameter force parameter in body to localparam
W: Verilog-2006: [D:/pango_fire/demo/9_hdmi_loop/hdmi_loop_pango/source/new/i2c_ctrl.v(line number: 39)] Ansi_parameter force parameter in body to localparam
W: Verilog-2006: [D:/pango_fire/demo/9_hdmi_loop/hdmi_loop_pango/source/new/i2c_ctrl.v(line number: 41)] Ansi_parameter force parameter in body to localparam
Parsing done.
Executing : .rtl_analyze -include_path {D:/pango_fire/demo/9_hdmi_loop/hdmi_loop_pango} D:/pango_fire/demo/9_hdmi_loop/hdmi_loop_pango/source/new/i2c_ctrl.v successfully.
Executing : .rtl_analyze -include_path {D:/pango_fire/demo/9_hdmi_loop/hdmi_loop_pango} D:/pango_fire/demo/9_hdmi_loop/hdmi_loop_pango/ipcore/pll/pll.v
I: Verilog-0001: Analyzing file D:/pango_fire/demo/9_hdmi_loop/hdmi_loop_pango/ipcore/pll/pll.v
I: Verilog-0002: [D:/pango_fire/demo/9_hdmi_loop/hdmi_loop_pango/ipcore/pll/pll.v(line number: 21)] Analyzing module pll (library work)
Parsing done.
Executing : .rtl_analyze -include_path {D:/pango_fire/demo/9_hdmi_loop/hdmi_loop_pango} D:/pango_fire/demo/9_hdmi_loop/hdmi_loop_pango/ipcore/pll/pll.v successfully.
Start rtl-elaborate.
I: Module "hdmi_loop" is set as top module.
I: Verilog-0003: [D:/pango_fire/demo/9_hdmi_loop/hdmi_loop_pango/source/new/hdmi_loop.v(line number: 10)] Elaborating module hdmi_loop
I: Verilog-0003: [D:/pango_fire/demo/9_hdmi_loop/hdmi_loop_pango/source/new/hdmi_i2c.v(line number: 10)] Elaborating module hdmi_i2c
I: Verilog-0003: [D:/pango_fire/demo/9_hdmi_loop/hdmi_loop_pango/source/new/i2c_ctrl.v(line number: 10)] Elaborating module i2c_ctrl
I: Verilog-0003: [D:/pango_fire/demo/9_hdmi_loop/hdmi_loop_pango/source/new/hdmi_cfg.v(line number: 10)] Elaborating module hdmi_cfg
E: Verilog-4119: [D:/pango_fire/demo/9_hdmi_loop/hdmi_loop_pango/source/new/hdmi_i2c.v(line number: 59)] Referenced port name 'wr_en' was not defined in module 'hdmi_cfg'
Program Error Out.
