#Build: Fabric Compiler 2022.2-SP6.7.1, Build 188940, Jun 13 11:15 2025
#Install: D:\Pango\PDS_2022.2-SP6.7.1-ads\bin
#Application name: pds_shell.exe
#OS: Windows 10 10.0.19044
#Hostname: DESKTOP-BG38EDA
Generated by Fabric Compiler (version 2022.2-SP6.7.1 build 188940) at Wed Jun 17 10:57:18 2026
Compiling verification operator library.
Compiling common defs.
Compiling prim grid devices.
Compiling gate devices.
Compiling gate operators.
Building architecture model.
Loading device packaging model.
Reading design from DB.
Start Generating Programming File...
Reading design from DB takes 0.156250 sec.
Generating architecture configuration.
The bitstream file is "E:/FPGA_pro/Pango/PG2L100H/29_eeprom_byte_rd_wr/pds_prj/generate_bitstream/eeprom_byte_rd_wr.sbit"
Generate programming file takes 3.359375 sec.
Generating Programming File done.
Action gen_bit_stream: Real time elapsed is 0h:0m:15s
Action gen_bit_stream: CPU time elapsed is 0h:0m:12s
Action gen_bit_stream: Process CPU time elapsed is 0h:0m:12s
Current time: Wed Jun 17 10:57:31 2026
Action gen_bit_stream: Peak memory pool usage is 1,086 MB
