#Build: Fabric Compiler 2022.2-SP6.7.1, Build 188940, Jun 13 11:15 2025
#Install: D:\Pango\PDS_2022.2-SP6.7.1-ads\bin
#Application name: pds_shell.exe
#OS: Windows 10 10.0.19044
#Hostname: DESKTOP-BG38EDA
Generated by Fabric Compiler (version 2022.2-SP6.7.1 build 188940) at Wed Jun 17 10:56:40 2026
Compiling verification operator library.
Compiling common defs.
Compiling prim grid devices.
Compiling gate devices.
Compiling gate operators.
Building architecture model.
Loading device packaging model.
pnr strategy configuration : 
strategy name : 0
Building architecture floorplan logic view.
Constraint check start.
Executing : def_port {sda} LOC=N19 VCCIO=3.3 IOSTANDARD=LVCMOS33 DRIVE=12 SLEW=FAST NONE=TRUE
C: ConstraintEditor-2002: [E:/FPGA_pro/Pango/PG2L100H/29_eeprom_byte_rd_wr/pds_prj/device_map/eeprom_byte_rd_wr.pcf(line number: 3)] | Port sda has been placed at location N19, whose type is share pin.
Executing : def_port {sda} LOC=N19 VCCIO=3.3 IOSTANDARD=LVCMOS33 DRIVE=12 SLEW=FAST NONE=TRUE successfully
Executing : def_port {scl} LOC=P19 VCCIO=3.3 IOSTANDARD=LVCMOS33 DRIVE=12 SLEW=FAST UNUSED=TRUE
C: ConstraintEditor-2002: [E:/FPGA_pro/Pango/PG2L100H/29_eeprom_byte_rd_wr/pds_prj/device_map/eeprom_byte_rd_wr.pcf(line number: 4)] | Port scl has been placed at location P19, whose type is share pin.
Executing : def_port {scl} LOC=P19 VCCIO=3.3 IOSTANDARD=LVCMOS33 DRIVE=12 SLEW=FAST UNUSED=TRUE successfully
Executing : def_port {tx} LOC=L24 VCCIO=3.3 IOSTANDARD=LVCMOS33 DRIVE=12 SLEW=FAST UNUSED=TRUE
Executing : def_port {tx} LOC=L24 VCCIO=3.3 IOSTANDARD=LVCMOS33 DRIVE=12 SLEW=FAST UNUSED=TRUE successfully
Executing : def_port {key_rd} LOC=R26 VCCIO=3.3 IOSTANDARD=LVCMOS33 UNUSED=TRUE
C: ConstraintEditor-2002: [E:/FPGA_pro/Pango/PG2L100H/29_eeprom_byte_rd_wr/pds_prj/device_map/eeprom_byte_rd_wr.pcf(line number: 6)] | Port key_rd has been placed at location R26, whose type is share pin.
Executing : def_port {key_rd} LOC=R26 VCCIO=3.3 IOSTANDARD=LVCMOS33 UNUSED=TRUE successfully
Executing : def_port {key_wr} LOC=P26 VCCIO=3.3 IOSTANDARD=LVCMOS33 UNUSED=TRUE
C: ConstraintEditor-2002: [E:/FPGA_pro/Pango/PG2L100H/29_eeprom_byte_rd_wr/pds_prj/device_map/eeprom_byte_rd_wr.pcf(line number: 7)] | Port key_wr has been placed at location P26, whose type is share pin.
Executing : def_port {key_wr} LOC=P26 VCCIO=3.3 IOSTANDARD=LVCMOS33 UNUSED=TRUE successfully
Executing : def_port {sys_clk} LOC=R3 VCCIO=1.5 IOSTANDARD=LVCMOS15 UNUSED=TRUE
Executing : def_port {sys_clk} LOC=R3 VCCIO=1.5 IOSTANDARD=LVCMOS15 UNUSED=TRUE successfully
Executing : def_port {sys_rst_n} LOC=G25 VCCIO=3.3 IOSTANDARD=LVCMOS33 NONE=TRUE
C: ConstraintEditor-2002: [E:/FPGA_pro/Pango/PG2L100H/29_eeprom_byte_rd_wr/pds_prj/device_map/eeprom_byte_rd_wr.pcf(line number: 9)] | Port sys_rst_n has been placed at location G25, whose type is share pin.
Executing : def_port {sys_rst_n} LOC=G25 VCCIO=3.3 IOSTANDARD=LVCMOS33 NONE=TRUE successfully
C: ConstraintEditor-2022: There are some ports' attributes are set to default value, please read [E:/FPGA_pro/Pango/PG2L100H/29_eeprom_byte_rd_wr/pds_prj/place_route/ports_defalut_attribute.txt(line number:0)] to confirm.
Constraint check end.
W: CompilerLib-4027: (line number: 33536) Attribute  is not find.
W: CompilerLib-4027: (line number: 33543) Attribute  is not find.
W: CompilerLib-4027: (line number: 33564) Attribute  is not find.
W: CompilerLib-4027: (line number: 33571) Attribute  is not find.
W: CompilerLib-4027: (line number: 33630) Attribute  is not find.
W: CompilerLib-4027: (line number: 33637) Attribute  is not find.
I: Column Clock Check open.
Read Column Clock Map.

Placement started.
Phase 1 Pre global placement started.
Mapping instance GRS_INST/grs_ccs to CCS_87_316.
Phase 1.1 1st GP placement started.
Design Utilization : 1%.
First map gop timing takes 0.41 sec
Worst slack after clock region global placement is 17942
Wirelength after clock region global placement is 4695 and checksum is 7FE80BC256B7F7E5.
1st GP placement takes 2.34 sec.

Phase 1.2 Clock placement started.
Mapping instance clkbufg_0/gopclkbufg to USCM_215_576.
Clock placement takes 0.08 sec.

Wirelength after Pre Global Placement is 4695 and checksum is 7FE80BC256B7F7E5.
Pre global placement takes 2.75 sec.

Phase 2 Global placement started.
Phase 2.1 Fixed placement started.
Placed fixed group with base inst i2c_ctrl_inst.i2c_sda_tri/opit_1 on IOLHR_16_408.
Placed fixed group with base inst key_rd_ibuf/opit_1 on IOLHR_16_342.
Placed fixed group with base inst key_wr_ibuf/opit_1 on IOLHR_16_336.
Placed fixed group with base inst scl_obuf/opit_1 on IOLHR_16_414.
Placed fixed group with base inst sys_clk_ibuf/opit_1 on IOLHR_364_450.
Placed fixed group with base inst sys_rst_n_ibuf/opit_1 on IOLHR_16_636.
Placed fixed group with base inst tx_obuf/opit_1 on IOLHR_16_504.
Placed fixed instance GRS_INST/grs_ccs on CCS_87_316.
Placed fixed instance clkbufg_0/gopclkbufg on USCM_215_576.
Placed fixed instance BKCL_auto_0 on BKCL_1_646.
Placed fixed instance BKCL_auto_1 on BKCL_1_340.
Placed fixed instance BKCL_auto_2 on BKCL_373_340.
Fixed placement takes 0.02 sec.

Phase 2.2 Process placement started.
Process placement takes 0.00 sec.

Phase 2.3 IO placement started.
IO placement takes 0.02 sec.

Phase 2.4 2nd GP placement started.
Run super clustering :
	Initial slack 14064.
	4 iterations finished.
	Final slack 16605.
Super clustering done.
Design Utilization : 1%.
Worst slack after global placement is 17922
2nd GP placement takes 0.38 sec.

Wirelength after global placement is 4331 and checksum is B7151DB8665C25E1.
Global placement takes 0.41 sec.

Phase 3 Post global placement started.
Packing LUT6D started.
I: LUT6D pack result: There are 137 LUT6 in collection, pack success:1
Packing LUT6D takes 0.03 sec.
Phase 3.1 Macro cell placement started.
I: Process macros using "Greedy".
Wirelength after macro cell placement is 4601 and checksum is 8CDF1DFA07080093.
Macro cell placement takes 0.00 sec.

Phase 3.2 3rd GP placement started.
Run super clustering :
	Initial slack 14064.
	4 iterations finished.
	Final slack 16605.
Super clustering done.
Design Utilization : 1%.
Worst slack after post global placement is 17922
3rd GP placement takes 0.33 sec.

Wirelength after post global placement is 3185 and checksum is 8C799A84B7B3A1C0.
Packing LUT6D started.
I: LUT6D pack result: There are 135 LUT6 in collection, pack success:0
Packing LUT6D takes 0.03 sec.
Post global placement takes 0.41 sec.

Phase 4 Legalization started.
The average distance in LP is 0.153481.
Wirelength after legalization is 3502 and checksum is E3D89FF40F9C82D6.
Legalization takes 0.03 sec.

Phase 5 Timing-driven detailed placement started.
Phase 5.1 Replication placement started.
Worst slack before Replication Place is 17852.
Replication placement takes 0.05 sec.

Wirelength after replication placement is 3502 and checksum is E3D89FF40F9C82D6.
Phase 5.2 Swapping placement started.
Worst slack before detailed placement is 17852, TNS before detailed placement is 0. 
Worst slack after detailed placement is 17852, TNS after detailed placement is 0. 
Swapping placement takes 0.00 sec.

Wirelength after detailed placement is 3502 and checksum is E3D89FF40F9C82D6.
Timing-driven detailed placement takes 0.05 sec.

Worst slack is 17852, TNS after placement is 0.
Placement done.
Total placement takes 3.86 sec.
Finished placement.

Routing started.
Building routing graph takes 2.86 sec.
Worst slack is 17852, TNS before global route is 0.
Processing design graph takes 0.64 sec.
Total memory for routing:
	216.284522 M.
Total nets for routing : 656.
Global Routing step 1 processed 0 nets, it takes 0.00 sec.
Rcf routing step 1 processed 0 nets, it takes 0.00 sec.
Rcf routing step 2 processed 0 nets, it takes 0.00 sec.
Rcf routing step 3 processed 0 nets, it takes 0.00 sec.
Unrouted nets 0 at the end of iteration 0.
Global Routing step 1 processed 33 nets, it takes 0.02 sec.
Unrouted nets 75 at the end of iteration 0.
Unrouted nets 45 at the end of iteration 1.
Unrouted nets 29 at the end of iteration 2.
Unrouted nets 19 at the end of iteration 3.
Unrouted nets 7 at the end of iteration 4.
Unrouted nets 0 at the end of iteration 5.
Global Routing step 2 processed 114 nets, it takes 0.14 sec.
Global Routing step 3 processed 0 nets, it takes 0.00 sec.
Unrouted nets 2 at the end of iteration 0.
Unrouted nets 0 at the end of iteration 1.
Global Routing step 4 processed 20 nets, it takes 0.03 sec.
Global routing takes 0.25 sec.
Total 714 subnets.
    forward max bucket size 73 , backward 176.
        Unrouted nets 387 at the end of iteration 0.
    route iteration 0, CPU time elapsed 0.078125 sec.
    forward max bucket size 73 , backward 190.
        Unrouted nets 297 at the end of iteration 1.
    route iteration 1, CPU time elapsed 0.046875 sec.
    forward max bucket size 68 , backward 36.
        Unrouted nets 274 at the end of iteration 2.
    route iteration 2, CPU time elapsed 0.031250 sec.
    forward max bucket size 68 , backward 37.
        Unrouted nets 237 at the end of iteration 3.
    route iteration 3, CPU time elapsed 0.031250 sec.
    forward max bucket size 58 , backward 25.
        Unrouted nets 202 at the end of iteration 4.
    route iteration 4, CPU time elapsed 0.015625 sec.
    forward max bucket size 52 , backward 21.
        Unrouted nets 144 at the end of iteration 5.
    route iteration 5, CPU time elapsed 0.015625 sec.
    forward max bucket size 65 , backward 27.
        Unrouted nets 102 at the end of iteration 6.
    route iteration 6, CPU time elapsed 0.015625 sec.
    forward max bucket size 46 , backward 24.
        Unrouted nets 62 at the end of iteration 7.
    route iteration 7, CPU time elapsed 0.000000 sec.
    forward max bucket size 46 , backward 18.
        Unrouted nets 35 at the end of iteration 8.
    route iteration 8, CPU time elapsed 0.015625 sec.
    forward max bucket size 24 , backward 16.
        Unrouted nets 18 at the end of iteration 9.
    route iteration 9, CPU time elapsed 0.000000 sec.
    forward max bucket size 27 , backward 17.
        Unrouted nets 7 at the end of iteration 10.
    route iteration 10, CPU time elapsed 0.000000 sec.
    forward max bucket size 20 , backward 15.
        Unrouted nets 6 at the end of iteration 11.
    route iteration 11, CPU time elapsed 0.000000 sec.
    forward max bucket size 17 , backward 17.
        Unrouted nets 4 at the end of iteration 12.
    route iteration 12, CPU time elapsed 0.000000 sec.
    forward max bucket size 19 , backward 17.
        Unrouted nets 4 at the end of iteration 13.
    route iteration 13, CPU time elapsed 0.000000 sec.
    forward max bucket size 17 , backward 12.
        Unrouted nets 0 at the end of iteration 14.
    route iteration 14, CPU time elapsed 0.000000 sec.
Detailed routing takes 14 iterations
I: Design net i2c_ctrl_inst/N981 is routed by general path.
C: Route-2036: The clock path from i2c_ctrl_inst/N981_1/LUT6_inst:L6 to i2c_ctrl_inst/ack/opit_0:CLK is routed by SRB.
I: Design net i2c_ctrl_inst/state_reg [13] is routed by general path.
C: Route-2036: The clock path from i2c_ctrl_inst/state_reg[13]/opit_0_inv_L6Q:L6Q to i2c_ctrl_inst/i2c_sda_reg/opit_0_inv:CLK is routed by SRB.
I: Design net i2c_ctrl_inst/N989 is routed by general path.
C: Route-2036: The clock path from i2c_ctrl_inst/N989/gateop:L6 to i2c_ctrl_inst/rd_data_reg[7]/opit_0:CLK is routed by SRB.
I: Design net i2c_clk is routed by general path.
C: Route-2036: The clock path from i2c_ctrl_inst/i2c_clk/opit_0_inv_L6Q:L6Q to i2c_ctrl_inst/cnt_bit[2]/opit_0_inv_L6Q:CLK is routed by SRB.
Detailed routing takes 0.28 sec.
Start fix hold violation.
Build tmp routing results takes 0.02 sec.
Timing analysis takes 0.00 sec.
No hold violation.
Hold Violation Fix in router takes 0 iterations.
Fix hold violation Finished.
Hold Violation Fix in router takes 0.25 sec.

Dispose routing result:
    Collect routing result.
    Delete unused device instances.
    Annotate routing result.
    Change LUT configuration.
    Dispose misc instances.
    Annotate routing result again.
Finish routing takes 0.03 sec.
Used SRB routing arc is 5227.
Cleanup routing takes 0.02 sec.
Routing done.
Total routing takes 4.98 sec.


Device Utilization Summary :
+------------------------------------------------------------------------------+
| Logic Utilization           | Used     | Available     | Utilization(%)     
+------------------------------------------------------------------------------+
| Use of ADC                  | 0        | 1             | 0                  
| Use of ANALOG               | 0        | 1             | 0                  
| Use of APM                  | 0        | 240           | 0                  
| Use of BKCL                 | 3        | 6             | 50                 
| Use of CCS                  | 1        | 1             | 100                
| Use of CLMA                 | 79       | 11675         | 1                  
|   FF                        | 211      | 93400         | 1                  
|   LUT                       | 244      | 46700         | 1                  
|   LUT-FF pairs              | 185      | 46700         | 1                  
| Use of CLMS                 | 23       | 4975          | 1                  
|   FF                        | 62       | 39800         | 1                  
|   LUT                       | 81       | 19900         | 1                  
|   LUT-FF pairs              | 49       | 19900         | 1                  
|   Distributed RAM           | 0        | 19900         | 0                  
| Use of DDRPHY_CPD           | 0        | 12            | 0                  
| Use of DDRPHY_IOCLK_DIV     | 0        | 6             | 0                  
| Use of DDR_PHY              | 0        | 24            | 0                  
| Use of DRM                  | 8        | 155           | 6                  
| Use of GPLL                 | 0        | 6             | 0                  
| Use of GSEB                 | 0        | 218           | 0                  
| Use of HARD0                | 83       | 10550         | 1                  
| Use of HCKB                 | 2        | 96            | 3                  
|  HCKB dataused              | 0        | 96            | 0                  
| Use of HCKMUX_TEST          | 0        | 8             | 0                  
| Use of HSSTLP               | 0        | 2             | 0                  
| Use of IO                   | 7        | 300           | 3                  
|   IOBD                      | 5        | 144           | 4                  
|   IOBS                      | 2        | 156           | 2                  
| Use of IOCKB                | 0        | 24            | 0                  
| Use of IOCKMUX_TEST         | 0        | 6             | 0                  
| Use of IOLHR                | 7        | 300           | 3                  
| Use of KEYRAM               | 0        | 1             | 0                  
| Use of MFG_TEST             | 0        | 1             | 0                  
| Use of MRCKB                | 0        | 12            | 0                  
| Use of MRCKMUX_TEST         | 0        | 6             | 0                  
| Use of MRPOSTMUX_TEST       | 0        | 6             | 0                  
| Use of PCIE                 | 0        | 1             | 0                  
| Use of PCKMUX_TEST          | 0        | 12            | 0                  
| Use of PLLMRMUX_TEST        | 0        | 6             | 0                  
| Use of PLLREFMUX_TEST       | 0        | 6             | 0                  
| Use of PPLL                 | 0        | 6             | 0                  
| Use of PREGMUXC_TEST        | 0        | 4             | 0                  
| Use of PREGMUXLR_TEST       | 0        | 6             | 0                  
| Use of RCKB                 | 0        | 24            | 0                  
|  RCKB dataused              | 0        | 24            | 0                  
| Use of RCKMUX_TEST          | 0        | 6             | 0                  
| Use of SCANCHAIN            | 0        | 1             | 0                  
| Use of SCKMUX_TEST          | 0        | 12            | 0                  
| Use of SFB                  | 0        | 2225          | 0                  
| Use of SPAD                 | 0        | 8             | 0                  
| Use of TSERDES              | 0        | 48            | 0                  
| Use of USCM                 | 1        | 32            | 4                  
|  USCM dataused              | 0        | 32            | 0                  
| Use of USCMMUX_TEST         | 0        | 32            | 0                  
+------------------------------------------------------------------------------+

Finished routing.
Design 'eeprom_byte_rd_wr' has been placed and routed successfully.
Saving design to DB.
Finished placement and routing.
Action pnr: Real time elapsed is 0h:0m:25s
Action pnr: CPU time elapsed is 0h:0m:21s
Action pnr: Process CPU time elapsed is 0h:0m:21s
Current time: Wed Jun 17 10:57:04 2026
Action pnr: Peak memory pool usage is 1,158 MB
