#Build: Fabric Compiler 2025.2, Build 211867, Jan 16 16:10 2026
#Install: E:\work\pango\PDS_2025.2-ads\bin
#Application name: pds_shell.exe
#OS: Windows 11 10.0.26200
#CPU: Unknown
#RAM(GB): 32
#Hostname: dionirpyC
#Generated by Fabric Compiler (version 2025.2 build 211867) at Tue Sep 22 18:11:33 2026
Parameters for debugging are loaded as follows:
Compiling verification operator library.
Compiling vendor parameter file.
Compiling common defs.
Compiling prim grid devices.
Compiling place grid timing.
Compiling gate devices.
Compiling gate operators.
Compiling gate operators impls.
Building architecture model.
Loading device packaging model.
Building architecture floorplan logic view.
Constraint check start.
W: ConstraintEditor-4042: Port 'eeprom_i2c_sda' lacks attribute 'SLEW', it's better to set the attribute for port.
W: ConstraintEditor-4042: Port 'eeprom_i2c_sda' lacks attribute 'DRIVE', it's better to set the attribute for port.
W: ConstraintEditor-4042: Port 'eeprom_i2c_scl' lacks attribute 'SLEW', it's better to set the attribute for port.
W: ConstraintEditor-4042: Port 'eeprom_i2c_scl' lacks attribute 'DRIVE', it's better to set the attribute for port.
W: ConstraintEditor-4042: Port 'led_out[0]' lacks attribute 'SLEW', it's better to set the attribute for port.
W: ConstraintEditor-4042: Port 'led_out[0]' lacks attribute 'DRIVE', it's better to set the attribute for port.
W: ConstraintEditor-4042: Port 'led_out[0]' lacks attribute 'BUS_KEEPER', it's better to set the attribute for port.
W: ConstraintEditor-4042: Port 'led_out[1]' lacks attribute 'SLEW', it's better to set the attribute for port.
W: ConstraintEditor-4042: Port 'led_out[1]' lacks attribute 'DRIVE', it's better to set the attribute for port.
W: ConstraintEditor-4042: Port 'led_out[1]' lacks attribute 'BUS_KEEPER', it's better to set the attribute for port.
W: ConstraintEditor-4042: Port 'led_out[2]' lacks attribute 'SLEW', it's better to set the attribute for port.
W: ConstraintEditor-4042: Port 'led_out[2]' lacks attribute 'DRIVE', it's better to set the attribute for port.
W: ConstraintEditor-4042: Port 'led_out[2]' lacks attribute 'BUS_KEEPER', it's better to set the attribute for port.
W: ConstraintEditor-4042: Port 'led_out[3]' lacks attribute 'SLEW', it's better to set the attribute for port.
W: ConstraintEditor-4042: Port 'led_out[3]' lacks attribute 'DRIVE', it's better to set the attribute for port.
W: ConstraintEditor-4042: Port 'led_out[3]' lacks attribute 'BUS_KEEPER', it's better to set the attribute for port.
W: ConstraintEditor-4042: Port 'led_out[4]' lacks attribute 'SLEW', it's better to set the attribute for port.
W: ConstraintEditor-4042: Port 'led_out[4]' lacks attribute 'DRIVE', it's better to set the attribute for port.
W: ConstraintEditor-4042: Port 'led_out[4]' lacks attribute 'BUS_KEEPER', it's better to set the attribute for port.
W: ConstraintEditor-4042: Port 'led_out[5]' lacks attribute 'SLEW', it's better to set the attribute for port.
W: ConstraintEditor-4042: Port 'led_out[5]' lacks attribute 'DRIVE', it's better to set the attribute for port.
W: ConstraintEditor-4042: Port 'led_out[5]' lacks attribute 'BUS_KEEPER', it's better to set the attribute for port.
W: ConstraintEditor-4042: Port 'led_out[6]' lacks attribute 'SLEW', it's better to set the attribute for port.
W: ConstraintEditor-4042: Port 'led_out[6]' lacks attribute 'DRIVE', it's better to set the attribute for port.
W: ConstraintEditor-4042: Port 'led_out[6]' lacks attribute 'BUS_KEEPER', it's better to set the attribute for port.
W: ConstraintEditor-4042: Port 'led_out[7]' lacks attribute 'SLEW', it's better to set the attribute for port.
W: ConstraintEditor-4042: Port 'led_out[7]' lacks attribute 'DRIVE', it's better to set the attribute for port.
W: ConstraintEditor-4042: Port 'led_out[7]' lacks attribute 'BUS_KEEPER', it's better to set the attribute for port.
W: ConstraintEditor-4042: Port 'key_in[0]' lacks attribute 'BUS_KEEPER', it's better to set the attribute for port.
W: ConstraintEditor-4040: [E:/code/PangoWork/Works/i2c/prj_tasks/pnr_1/device_map/i2c_eeprom_top.pcf(line number: 13)] Port key_in[0] has been placed at location K18, whose type is share pin.
W: ConstraintEditor-4042: Port 'key_in[1]' lacks attribute 'BUS_KEEPER', it's better to set the attribute for port.
W: ConstraintEditor-4042: Port 'key_in[2]' lacks attribute 'BUS_KEEPER', it's better to set the attribute for port.
W: ConstraintEditor-4042: Port 'key_in[3]' lacks attribute 'BUS_KEEPER', it's better to set the attribute for port.
W: ConstraintEditor-4042: Port 'key_in[4]' lacks attribute 'BUS_KEEPER', it's better to set the attribute for port.
W: ConstraintEditor-4042: Port 'key_in[5]' lacks attribute 'BUS_KEEPER', it's better to set the attribute for port.
W: ConstraintEditor-4040: [E:/code/PangoWork/Works/i2c/prj_tasks/pnr_1/device_map/i2c_eeprom_top.pcf(line number: 18)] Port key_in[5] has been placed at location J19, whose type is share pin.
W: ConstraintEditor-4042: Port 'key_in[6]' lacks attribute 'BUS_KEEPER', it's better to set the attribute for port.
W: ConstraintEditor-4040: [E:/code/PangoWork/Works/i2c/prj_tasks/pnr_1/device_map/i2c_eeprom_top.pcf(line number: 19)] Port key_in[6] has been placed at location H20, whose type is share pin.
W: ConstraintEditor-4042: Port 'key_in[7]' lacks attribute 'BUS_KEEPER', it's better to set the attribute for port.
W: ConstraintEditor-4040: [E:/code/PangoWork/Works/i2c/prj_tasks/pnr_1/device_map/i2c_eeprom_top.pcf(line number: 22)] Port sys_rst_n has been placed at location AB13, whose type is share pin.
C: ConstraintEditor-2022: There are some ports' attributes are set to default value, please read [E:/code/PangoWork/Works/i2c/prj_tasks/pnr_1/place_route/ports_defalut_attribute.txt(line number:0)] to confirm.
Found 0 error(s), 1 critical warning(s), 40 warning(s), out of 20 constraint(s)
Constraint check end.
Total time(hh:mm:ss) of constraint check : 00:00:00
Elaborate the liberty model.
I: Multithreading enabled for Timing using a maximum of 4 processes.
Placement started. Type: EP_COMMON_FLOW.

Stage 1 EP_INIT start.
Stage: after EP_INIT | Time (s): real = 0h:0m:6s ; cpu = 0h:0m:4s ; process = 0h:0m:6s | Memory (MB): curr = 433.480469 ; peak = 434.347656 | Checksum: 5942436992145D59

Design Layer Utilization:
	LUT: 0.241%
	FF: 0.145%
	IO: 5.722%

Stage 2 EP_DL start.
build place dedicate switch graph takes 1.31 sec
Place location constraint group with base node:eeprom_i2c_scl_obuf/opit_1 at IOL_243_373
Place location constraint group with base node:key_in_ibuf[0]/opit_1 at IOL_327_257
Place location constraint group with base node:key_in_ibuf[1]/opit_1 at IOL_327_134
Place location constraint group with base node:key_in_ibuf[2]/opit_1 at IOL_327_297
Place location constraint group with base node:key_in_ibuf[3]/opit_1 at IOL_327_133
Place location constraint group with base node:key_in_ibuf[4]/opit_1 at IOL_327_298
Place location constraint group with base node:key_in_ibuf[5]/opit_1 at IOL_327_262
Place location constraint group with base node:key_in_ibuf[6]/opit_1 at IOL_327_261
Place location constraint group with base node:key_in_ibuf[7]/opit_1 at IOL_327_365
Place location constraint group with base node:led_out_obuf[0]/opit_1 at IOL_19_374
Place location constraint group with base node:led_out_obuf[1]/opit_1 at IOL_19_373
Place location constraint group with base node:led_out_obuf[2]/opit_1 at IOL_35_374
Place location constraint group with base node:led_out_obuf[3]/opit_1 at IOL_35_373
Place location constraint group with base node:led_out_obuf[4]/opit_1 at IOL_67_374
Place location constraint group with base node:led_out_obuf[5]/opit_1 at IOL_67_373
Place location constraint group with base node:led_out_obuf[6]/opit_1 at IOL_47_374
Place location constraint group with base node:led_out_obuf[7]/opit_1 at IOL_47_373
Place location constraint group with base node:sys_clk_50mhz_ibuf/opit_1 at IOL_327_210
Place location constraint group with base node:sys_rst_n_ibuf/opit_1 at IOL_167_5
Place location constraint group with base node:u_eeprom.sda_tri/opit_1_iolatch at IOL_71_374
Place location constraint node:BKCL_auto_0 at BKCL_188_376
Place location constraint node:BKCL_auto_1 at BKCL_328_184
Place location constraint node:BKCL_auto_2 at BKCL_192_0
DRCP Convert Loc Constraint successful.

Stage 2.1 pre clock plan start.
Mapping instance GRS_INST/grs to START_324_2.
I: Clock statistic: 1 USCM.
solve clock designs takes 0.02 sec with memory (MB): curr = 502.910156, peak = 511.082031.
Mapping instance clkbufg_0/gopclkbufg to USCM_84_108:impl_uscm_rtb_a-USCM.
Mapping instance u_pll_50mhz/u_pll_e3/goppll to PLL_158_55.
Stage: after pre clock plan | Time (s): real = 0h:0m:8s ; cpu = 0h:0m:5s ; process = 0h:0m:7s | Memory (MB): curr = 503.054688 ; peak = 511.082031

Place location constraint node:clkbufg_0/gopclkbufg at USCM_84_108
Place location constraint node:u_pll_50mhz/u_pll_e3/goppll at PLL_158_55
DRCP Convert Loc Constraint successful.
Stage: after EP_DL | Time (s): real = 0h:0m:8s ; cpu = 0h:0m:5s ; process = 0h:0m:7s | Memory (MB): curr = 503.132812 ; peak = 511.082031 | Checksum: 2BC388DA4DC3F051


Stage 3 EP_FIP start.
DRCP Convert Loc Constraint successful.

Stage 3.1 fip global place start.
[GP] num_thread=0
I: Multithreading enabled for place using a maximum of 4 processes.
[GP] Placement Initial Method "Quad".
[GP] Placement Decongestion Mode "1".
[GP] Recovery Analysis in GP "Enable".
I: Loading Timing Delay Info...
I: Load Timing Delay Info successfully.
Init coarse delay table.
Read place coarse delay table takes 0.33 sec.
[GP] Init timing API takes 1.57 sec.
[GP] Init GP graph takes 1.61 sec.
Device graph total memory: 11.11949539 MB
[GP] Read position from netlist take 0 msec
[GP] Total node move: 10569.78, average node move: 93.54
First map gop timing takes 0.02 sec
[GP] SA handle 2 clusters.
[GP] SA init_cost = 60824.000000, final_cost = 60824.000000, final_cost/init_cost = 1.000000, occupied region_num = 2.
[GP] SA Optimize take time: 0.001000 sec.
[GP] Timing analysis take 0.004000 secs.
[GP] MarginTNSS=0, TNSS=0, WSS=14090
[GP] Place thread size: 4
[GP] Node size: 9206, net size: 151
[GP] Design graph total memory: 26.34160995 MB
[GP] Timing analysis take 0.005000 secs.
[GP] MarginTNSS=0, TNSS=0, WSS=14301
[GP] Step 0 take 0.024 secs: WL=971.34 OF=0.394679
[GP] Timing analysis take 0.004000 secs.
[GP] MarginTNSS=0, TNSS=0, WSS=14275
[GP] Step 1 take 0.144 secs: WL=855.31 OF=0.446925
[GP] Timing analysis take 0.004000 secs.
[GP] MarginTNSS=0, TNSS=0, WSS=14174
[GP] Step 2 take 0.141 secs: WL=896.37 OF=0.480524
[GP] Timing analysis take 0.004000 secs.
[GP] MarginTNSS=0, TNSS=0, WSS=14174
[GP] Step 3 take 0.140 secs: WL=813.32 OF=0.419211
[GP] Timing analysis take 0.003000 secs.
[GP] MarginTNSS=0, TNSS=0, WSS=14127
[GP] Step 4 take 0.144 secs: WL=809.70 OF=0.411095
[GP] Timing analysis take 0.004000 secs.
[GP] MarginTNSS=0, TNSS=0, WSS=14082
[GP] Step 5 take 0.141 secs: WL=776.75 OF=0.347920
[GP] Timing analysis take 0.003000 secs.
[GP] MarginTNSS=0, TNSS=0, WSS=14231
[GP] Step 6 take 0.151 secs: WL=780.95 OF=0.274573
[GP] Timing analysis take 0.004000 secs.
[GP] MarginTNSS=0, TNSS=0, WSS=14115
[GP] Step 7 take 0.140 secs: WL=786.48 OF=0.205579
[GP] Timing analysis take 0.004000 secs.
[GP] MarginTNSS=0, TNSS=0, WSS=14231
[GP] Step 8 take 0.133 secs: WL=785.55 OF=0.143857
[GP] Timing analysis take 0.004000 secs.
[GP] MarginTNSS=0, TNSS=0, WSS=14010
[GP] Step 9 take 0.136 secs: WL=793.78 OF=0.093665
[GP] Timing analysis take 0.004000 secs.
[GP] MarginTNSS=0, TNSS=0, WSS=14010
[GP] Final best WL=794.404806 OF=0.090380, totally takes 1.312000 secs, run timing analysis 12 times totally takes 0.047000 secs.
[GP] Total node move: 14400.62, average node move: 127.44
[GP] Placer use memory: 5.65879059 MB
Stage: after fip global place | Performance: WL = 754 ; TNS =  0 ; WNS =  14010 | Time (s): real = 0h:0m:11s ; cpu = 0h:0m:8s ; process = 0h:0m:11s | Memory (MB): curr = 639.378906 ; peak = 667.390625 | Checksum: ABE2779B22873C7F

Flat initial placement flow takes 2.672.
Stage: after EP_FIP | Performance: WL = 754 ; TNS =  0 ; WNS =  14010 | Time (s): real = 0h:0m:11s ; cpu = 0h:0m:8s ; process = 0h:0m:11s | Memory (MB): curr = 640.062500 ; peak = 667.390625 | Checksum: ABE2779B22873C7F


Stage 4 EP_CAGP start.

Stage 4.1 cagp site packing start.
Stage: after pack legalize group | Performance: avg_mov = 1.000000 ; max_mov = 1 ; mov_var = 0.000000
Stage: after cagp site packing | Performance: WL = 1531 | Time (s): real = 0h:0m:11s ; cpu = 0h:0m:8s ; process = 0h:0m:12s | Memory (MB): curr = 657.394531 ; peak = 667.390625 | Checksum: D24BE632FA88BB67


Stage 4.2 cagp macro placement start.
Stage: after cagp macro placement | Performance: WL = 1531 | Time (s): real = 0h:0m:11s ; cpu = 0h:0m:8s ; process = 0h:0m:12s | Memory (MB): curr = 657.480469 ; peak = 667.390625 | Checksum: D24BE632FA88BB67


Stage 4.3 post clock plan start.
pre solve all clock design takes 0.00 sec with memory (MB): curr = 657.710938, peak = 667.390625.
CRA timing analysis with worst slack 11143 takes 0.00 sec.
CRA cost 0 takes 0.02 sec.
solve all clock design takes 0.00 sec with memory (MB): curr = 658.503906, peak = 667.390625.
expand load region takes 0.00 sec.
Stage: after post clock plan | Time (s): real = 0h:0m:11s ; cpu = 0h:0m:8s ; process = 0h:0m:12s | Memory (MB): curr = 658.636719 ; peak = 667.390625

Movement during CRA, max : (0, 0) , total : (0, 0) , count : 0 , avg : (0, 0) .
Stage: after EP_CAGP | Performance: WL = 1531 ; TNS =  0 ; WNS =  11143 | Time (s): real = 0h:0m:11s ; cpu = 0h:0m:8s ; process = 0h:0m:12s | Memory (MB): curr = 658.640625 ; peak = 667.390625 | Checksum: 5ECE71F44D7F058


Stage 5 EP_DRCP start.

Stage 5.1 DRC Placement start.
DRC final successful.
Stage: after DRC Placement | Time (s): real = 0h:0m:11s ; cpu = 0h:0m:8s ; process = 0h:0m:12s | Memory (MB): curr = 658.656250 ; peak = 667.390625


Stage 5.2 IO Placement start.
The average distance in IO place is 0.000000.
Stage: after IO Placement | Time (s): real = 0h:0m:11s ; cpu = 0h:0m:8s ; process = 0h:0m:12s | Memory (MB): curr = 658.824219 ; peak = 667.390625

Stage: after EP_DRCP | Performance: WL = 1531 ; TNS =  0 ; WNS =  11143 | Time (s): real = 0h:0m:11s ; cpu = 0h:0m:8s ; process = 0h:0m:12s | Memory (MB): curr = 658.828125 ; peak = 667.390625 | Checksum: 84FCC72B396B9C53


Stage 6 EP_MP start.

Stage 6.1 macro place start.
Stage: after macro place | Performance: WL = 1531 | Time (s): real = 0h:0m:11s ; cpu = 0h:0m:8s ; process = 0h:0m:12s | Memory (MB): curr = 659.285156 ; peak = 667.390625 | Checksum: 84FCC72B396B9C53


Stage 6.2 mp post global place start.
[GP] num_thread=0
I: Multithreading enabled for place using a maximum of 4 processes.
[GP] Init timing API takes 0.00 sec.
[GP] Init GP graph takes 0.00 sec.
Device graph total memory: 11.12150955 MB
[GP] Read position from netlist take 0 msec
[GP] Timing analysis take 0.022000 secs.
[GP] MarginTNSS=0, TNSS=0, WSS=11143
[GP] Place thread size: 4
[GP] Node size: 9150, net size: 141
[GP] Design graph total memory: 28.05289555 MB
[GP] Timing analysis take 0.004000 secs.
[GP] MarginTNSS=0, TNSS=0, WSS=12522
[GP] Step 0 take 0.020 secs: WL=1283.73 OF=0.120947
[GP] Timing analysis take 0.004000 secs.
[GP] MarginTNSS=0, TNSS=0, WSS=13883
[GP] Step 1 take 0.140 secs: WL=837.22 OF=0.182850
[GP] Timing analysis take 0.004000 secs.
[GP] MarginTNSS=0, TNSS=0, WSS=13891
[GP] Step 2 take 0.144 secs: WL=844.01 OF=0.156250
[GP] Timing analysis take 0.004000 secs.
[GP] MarginTNSS=0, TNSS=0, WSS=13891
[GP] Step 3 take 0.151 secs: WL=856.50 OF=0.095673
[GP] Timing analysis take 0.004000 secs.
[GP] MarginTNSS=0, TNSS=0, WSS=13891
[GP] Final best WL=861.650139 OF=0.071314, totally takes 0.534000 secs, run timing analysis 6 times totally takes 0.042000 secs.
[GP] Total node move: 289.08, average node move: 5.07
[GP] Placer use memory: 5.64141083 MB
Stage: after mp post global place | Performance: WL = 781 ; TNS =  0 ; WNS =  13891 | Time (s): real = 0h:0m:12s ; cpu = 0h:0m:9s ; process = 0h:0m:13s | Memory (MB): curr = 660.789062 ; peak = 667.390625 | Checksum: 70A447F201DDF2F6

MP flow takes 0.500.
Stage: after EP_MP | Performance: WL = 781 ; TNS =  0 ; WNS =  13891 | Time (s): real = 0h:0m:12s ; cpu = 0h:0m:9s ; process = 0h:0m:13s | Memory (MB): curr = 660.789062 ; peak = 667.390625 | Checksum: 70A447F201DDF2F6


Stage 7 EP_LP start.
Stage: after legalization | Performance: avg_mov = 0.051282 ; max_mov = 1 ; mov_var = 0.048652
Legalize placement flow takes 0.016.
Stage: after EP_LP | Performance: WL = 790 ; TNS =  0 ; WNS =  13840 | Time (s): real = 0h:0m:12s ; cpu = 0h:0m:9s ; process = 0h:0m:13s | Memory (MB): curr = 661.835938 ; peak = 667.390625 | Checksum: A5FCAA1F9B3BBFAD


Stage 8 EP_DP start.
Stage: before DP | Performance: WL = 790 ; TNS = 0 ; WNS = 13840
Stage: after DP | Performance: WL = 790 ; TNS = 0 ; WNS = 13840
EP_DP takes 0 sec.
Stage: after EP_DP | Performance: WL = 790 ; TNS =  0 ; WNS =  13840 | Time (s): real = 0h:0m:12s ; cpu = 0h:0m:9s ; process = 0h:0m:13s | Memory (MB): curr = 662.277344 ; peak = 667.390625 | Checksum: A5FCAA1F9B3BBFAD


Stage 9 EP_FP start.
AutoDRC Flow for Design Check After Place Start.
AutoDRC Flow for Design Check After Place End.
Stage: after EP_FP | Performance: WL = 790 ; TNS =  0 ; WNS =  13840 | Time (s): real = 0h:0m:12s ; cpu = 0h:0m:9s ; process = 0h:0m:13s | Memory (MB): curr = 663.835938 ; peak = 667.390625 | Checksum: 8D64161006746280


Congestion analysis started.
I: Start printing congestion info.
I: Finish printing congestion info.
Congestion analysis takes 0.08 sec.


Device Utilization Summary :
+----------------------------------------------------------------------------+
| Device Type                      | Used     | Available     | Util(%)     
+----------------------------------------------------------------------------+
| CLMA                             | 31       | 6450          | 1           
| + FF                             | 66       | 38700         | 1           
| + LUT                            | 67       | 25800         | 1           
|   + LUT as Logic                 | 67       |               |             
|   + LUT as Const                 | 0        |               |             
|   + LUT as Bypass                | 0        |               |             
| CLMS                             | 13       | 4250          | 1           
| + FF                             | 17       | 25500         | 1           
| + LUT                            | 36       | 17000         | 1           
|   + LUT as Logic                 | 36       |               |             
|   + LUT as Memory                | 0        |               |             
|     + LUT as Distributed RAM     | 0        |               |             
|   + LUT as Const                 | 0        |               |             
|   + LUT as Bypass                | 0        |               |             
| IO                               | 20       | 296           | 7           
| + IOBD                           | 5        | 64            | 8           
| + IOBR_LR                        | 0        | 7             | 0           
| + IOBR_TB                        | 1        | 8             | 13          
| + IOBS_LR                        | 9        | 161           | 6           
| + IOBS_TB                        | 5        | 56            | 9           
| APM                              | 0        | 84            | 0           
| BKCL                             | 3        | 4             | 75          
| CRYSTAL                          | 0        | 2             | 0           
| DLL                              | 0        | 10            | 0           
| DQSL                             | 0        | 18            | 0           
| DRM                              | 0        | 134           | 0           
| FUSECODE                         | 0        | 1             | 0           
| HARD0N1                          | 0        | 6672          | 0           
| HSST                             | 0        | 1             | 0           
| IOCKDIV                          | 0        | 20            | 0           
| IOCKDLY                          | 0        | 40            | 0           
| IOCKGATE                         | 0        | 20            | 0           
| + IOCKGATE as Bypass             | 0        |               |             
| IOL                              | 20       | 400           | 5           
| IPAL                             | 0        | 1             | 0           
| LDO                              | 0        | 4             | 0           
| OSC                              | 0        | 1             | 0           
| PCIE                             | 0        | 1             | 0           
| PLL                              | 1        | 5             | 20          
| RCKB                             | 0        | 24            | 0           
| + RCKB as Bypass                 | 0        |               |             
| RESCAL                           | 0        | 4             | 0           
| SCANCHAIN                        | 0        | 2             | 0           
| START                            | 1        | 1             | 100         
| UDID                             | 0        | 1             | 0           
| USCM                             | 1        | 30            | 4           
| + USCM as Bypass                 | 0        |               |             
+----------------------------------------------------------------------------+

Total placement takes 5.39 sec.
Finished placement.
Design 'i2c_eeprom_top' has been placed successfully.
Action place: Real time elapsed is 0h:0m:12s
Action place: CPU time elapsed is 0h:0m:9s
Action place: Process CPU time elapsed is 0h:0m:13s
Action place: Peak memory pool usage is 746 MB

Current time: Tue Sep 22 18:11:43 2026
