#Build: Fabric Compiler 2025.2, Build 211867, Jan 16 16:10 2026
#Install: E:\work\pango\PDS_2025.2-ads\bin
#Application name: pds_shell.exe
#OS: Windows 11 10.0.26200
#CPU: Unknown
#RAM(GB): 32
#Hostname: dionirpyC
#Generated by Fabric Compiler (version 2025.2 build 211867) at Fri Sep 18 13:35:26 2026
Parameters for debugging are loaded as follows:
Compiling verification operator library.
Compiling vendor parameter file.
Compiling common defs.
Compiling prim grid devices.
Compiling place grid timing.
Compiling gate devices.
Compiling gate operators.
Compiling gate operators impls.
Building architecture model.
Loading device packaging model.
Building architecture floorplan logic view.
Elaborate the liberty model.
I: Multithreading enabled for Timing using a maximum of 4 processes.

Routing started.
Build routing arch for double attribute device.
Enter timing driven router mode.
I: Multithreading enabled for route using a maximum of 6 processes.
Building routing graph takes 1.30 sec.
Enable Recovery Analysis in Routing
Init coarse delay table.
I: Loading Timing Delay Info...
I: Load Timing Delay Info successfully.
Read place coarse delay table takes 0.33 sec.
build place dedicate switch graph takes 1.28 sec
Setup STE netlist take 1753 msec.
Slack Weight : 90
CE/RS signal series limit : 500
Dispose control chain take 2 msec.
Collect const net info take 33 msec.
Total nets for routing: 58.
Total loads for routing: 165.
Direct connect net size: 37
Build all design net take 16 msec.
Processing design graph takes 1.81 sec.
Route info is not supported in this chip.
Delay table total memory: 40.33610725 MB
Route graph total memory: 74.16728687 MB
Route design total memory: 1.13049698 MB
The remaining process takes 0.01 sec.
Stage: after context initialize | Time (s): real = 0h:0m:10s ; cpu = 0h:0m:8s ; process = 0h:0m:10s | Memory (MB): curr = 652.207031 ; peak = 692.718750 | Checksum: EF241BB9773505CE
Global routing takes 0.00 sec.
Pin Cost Increasing Speed 300
Unrouted clock nets at iteration 0 (0.001 sec): 0
Stage: after clock route | Time (s): real = 0h:0m:10s ; cpu = 0h:0m:8s ; process = 0h:0m:10s | Memory (MB): curr = 652.960938 ; peak = 692.718750 | Checksum: EAA1B0EFCBC901EB
Total route nets size: 54
Pre route takes 0.045 sec
Stage: after pre route | Performance: TNS = 0 ; WNS = 15163 ; THS = 0 ; WHS = 316 | Time (s): real = 0h:0m:10s ; cpu = 0h:0m:8s ; process = 0h:0m:10s | Memory (MB): curr = 659.816406 ; peak = 692.718750 | Checksum: E3FDB838E6DDF92
Unrouted general nets at iteration 3 (MT total route time: 0.006 sec): 32(overused: 66)
Unrouted general nets at iteration 4 (MT total route time: 0.002 sec): 21(overused: 40)
Unrouted general nets at iteration 5 (MT total route time: 0.001 sec): 12(overused: 22)
Unrouted general nets at iteration 6 (MT total route time: 0.000 sec): 6(overused: 10)
Unrouted general nets at iteration 7 (MT total route time: 0.000 sec): 2(overused: 4)
Unrouted general nets at iteration 8 (MT total route time: 0.000 sec): 0(overused: 0)
----General net take 0.000 sec(route net take 0.000 sec, inc cost take 0.000 sec, iter times: 1)
----const net route take 0.000 sec
Unrouted nets at iteration 9 (0.000 sec): 0
Stage: after detail route | Performance: TNS = 0 ; WNS = 15163 ; THS = NA ; WHS = NA | Time (s): real = 0h:0m:10s ; cpu = 0h:0m:8s ; process = 0h:0m:10s | Memory (MB): curr = 659.871094 ; peak = 692.718750 | Checksum: F1600ED1D8C711B5
Begin rip-up and reroute:
Rip-up and reroute takes 0.01 sec.
Stage: after ripup & reroute | Performance: TNS = 0 ; WNS = 14597 ; THS = NA ; WHS = NA | Time (s): real = 0h:0m:10s ; cpu = 0h:0m:8s ; process = 0h:0m:10s | Memory (MB): curr = 660.726562 ; peak = 692.718750 | Checksum: 110337FD49B304B2
Detailed routing takes 0.43 sec.
I: Design net key/clk_detect is routed by general path.
C: Route-2036: The clock path from key/clk_detect/opit_0_inv_L5Q:Q to key/key_data[0]/opit_0_inv_L5Q:CLK is routed by SRB.
Sort Original Nets take 0.001 sec
Check HPIO div result take 0.000 sec
Total net: 58, route succeed net: 58
Generate routing result take 0.001 sec
Handle PERMUX permutation take 0.001 sec
Handle const net take 0.000 sec
Handle route through take 0.001 sec
Used SRB routing arc is 394.
Stage: after finish route | Performance: TNS = 0 ; WNS = 14597 ; THS = NA ; WHS = NA | Time (s): real = 0h:0m:11s ; cpu = 0h:0m:8s ; process = 0h:0m:10s | Memory (MB): curr = 635.648438 ; peak = 692.718750 | Checksum: 4BC789420352E8EF
Finish routing takes 0.09 sec.
Total routing takes 3.73 sec.

Device Utilization Summary :
+----------------------------------------------------------------------------+
| Device Type                      | Used     | Available     | Util(%)     
+----------------------------------------------------------------------------+
| CLMA                             | 18       | 6450          | 1           
| + FF                             | 30       | 38700         | 1           
| + LUT                            | 48       | 25800         | 1           
|   + LUT as Logic                 | 28       |               |             
|   + LUT as Const                 | 20       |               |             
|   + LUT as Bypass                | 0        |               |             
| CLMS                             | 4        | 4250          | 1           
| + FF                             | 9        | 25500         | 1           
| + LUT                            | 9        | 17000         | 1           
|   + LUT as Logic                 | 9        |               |             
|   + LUT as Memory                | 0        |               |             
|     + LUT as Distributed RAM     | 0        |               |             
|   + LUT as Const                 | 0        |               |             
|   + LUT as Bypass                | 0        |               |             
| IO                               | 18       | 296           | 7           
| + IOBD                           | 4        | 64            | 7           
| + IOBR_LR                        | 0        | 7             | 0           
| + IOBR_TB                        | 1        | 8             | 13          
| + IOBS_LR                        | 9        | 161           | 6           
| + IOBS_TB                        | 4        | 56            | 8           
| APM                              | 0        | 84            | 0           
| BKCL                             | 2        | 4             | 50          
| CRYSTAL                          | 0        | 2             | 0           
| DLL                              | 0        | 10            | 0           
| DQSL                             | 0        | 18            | 0           
| DRM                              | 0        | 134           | 0           
| FUSECODE                         | 0        | 1             | 0           
| HARD0N1                          | 1        | 6672          | 1           
| HSST                             | 0        | 1             | 0           
| IOCKDIV                          | 0        | 20            | 0           
| IOCKDLY                          | 0        | 40            | 0           
| IOCKGATE                         | 0        | 20            | 0           
| + IOCKGATE as Bypass             | 0        |               |             
| IOL                              | 18       | 400           | 5           
| IPAL                             | 0        | 1             | 0           
| LDO                              | 0        | 4             | 0           
| OSC                              | 0        | 1             | 0           
| PCIE                             | 0        | 1             | 0           
| PLL                              | 0        | 5             | 0           
| RCKB                             | 0        | 24            | 0           
| + RCKB as Bypass                 | 0        |               |             
| RESCAL                           | 0        | 4             | 0           
| SCANCHAIN                        | 0        | 2             | 0           
| START                            | 1        | 1             | 100         
| UDID                             | 0        | 1             | 0           
| USCM                             | 1        | 30            | 4           
| + USCM as Bypass                 | 0        |               |             
+----------------------------------------------------------------------------+

Finished routing. (CPU time elapsed 0h:00m:08s)
Design 'led_top' has been routed successfully.
Saving design to DB.
Action Route: Export DB successfully.
Action route: Real time elapsed is 0h:0m:11s
Action route: CPU time elapsed is 0h:0m:8s
Action route: Process CPU time elapsed is 0h:0m:10s
Action route: Peak memory pool usage is 692 MB

Current time: Fri Sep 18 13:35:35 2026
