#Build: Fabric Compiler 2025.2, Build 211867, Jan 16 16:10 2026
#Install: E:\work\pango\PDS_2025.2-ads\bin
#Application name: pds_shell.exe
#OS: Windows 11 10.0.26200
#CPU: Unknown
#RAM(GB): 32
#Hostname: dionirpyC
#Generated by Fabric Compiler (version 2025.2 build 211867) at Fri Sep 18 13:35:13 2026
Parameters for debugging are loaded as follows:
Compiling verification operator library.
Compiling vendor parameter file.
Compiling common defs.
Compiling prim grid devices.
Compiling place grid timing.
Compiling gate devices.
Compiling gate operators.
Compiling gate operators impls.
Building architecture model.
Loading device packaging model.
Building architecture floorplan logic view.
Constraint check start.
W: ConstraintEditor-4042: Port 'io_led_out[0]' lacks attribute 'SLEW', it's better to set the attribute for port.
W: ConstraintEditor-4042: Port 'io_led_out[0]' lacks attribute 'DRIVE', it's better to set the attribute for port.
W: ConstraintEditor-4042: Port 'io_led_out[0]' lacks attribute 'BUS_KEEPER', it's better to set the attribute for port.
W: ConstraintEditor-4042: Port 'io_led_out[1]' lacks attribute 'SLEW', it's better to set the attribute for port.
W: ConstraintEditor-4042: Port 'io_led_out[1]' lacks attribute 'DRIVE', it's better to set the attribute for port.
W: ConstraintEditor-4042: Port 'io_led_out[1]' lacks attribute 'BUS_KEEPER', it's better to set the attribute for port.
W: ConstraintEditor-4042: Port 'io_led_out[2]' lacks attribute 'SLEW', it's better to set the attribute for port.
W: ConstraintEditor-4042: Port 'io_led_out[2]' lacks attribute 'DRIVE', it's better to set the attribute for port.
W: ConstraintEditor-4042: Port 'io_led_out[2]' lacks attribute 'BUS_KEEPER', it's better to set the attribute for port.
W: ConstraintEditor-4042: Port 'io_led_out[3]' lacks attribute 'SLEW', it's better to set the attribute for port.
W: ConstraintEditor-4042: Port 'io_led_out[3]' lacks attribute 'DRIVE', it's better to set the attribute for port.
W: ConstraintEditor-4042: Port 'io_led_out[3]' lacks attribute 'BUS_KEEPER', it's better to set the attribute for port.
W: ConstraintEditor-4042: Port 'io_led_out[4]' lacks attribute 'SLEW', it's better to set the attribute for port.
W: ConstraintEditor-4042: Port 'io_led_out[4]' lacks attribute 'DRIVE', it's better to set the attribute for port.
W: ConstraintEditor-4042: Port 'io_led_out[4]' lacks attribute 'BUS_KEEPER', it's better to set the attribute for port.
W: ConstraintEditor-4042: Port 'io_led_out[5]' lacks attribute 'SLEW', it's better to set the attribute for port.
W: ConstraintEditor-4042: Port 'io_led_out[5]' lacks attribute 'DRIVE', it's better to set the attribute for port.
W: ConstraintEditor-4042: Port 'io_led_out[5]' lacks attribute 'BUS_KEEPER', it's better to set the attribute for port.
W: ConstraintEditor-4042: Port 'io_led_out[6]' lacks attribute 'SLEW', it's better to set the attribute for port.
W: ConstraintEditor-4042: Port 'io_led_out[6]' lacks attribute 'DRIVE', it's better to set the attribute for port.
W: ConstraintEditor-4042: Port 'io_led_out[6]' lacks attribute 'BUS_KEEPER', it's better to set the attribute for port.
W: ConstraintEditor-4042: Port 'io_led_out[7]' lacks attribute 'SLEW', it's better to set the attribute for port.
W: ConstraintEditor-4042: Port 'io_led_out[7]' lacks attribute 'DRIVE', it's better to set the attribute for port.
W: ConstraintEditor-4042: Port 'io_led_out[7]' lacks attribute 'BUS_KEEPER', it's better to set the attribute for port.
W: ConstraintEditor-4042: Port 'io_key_in[0]' lacks attribute 'BUS_KEEPER', it's better to set the attribute for port.
W: ConstraintEditor-4040: [E:/code/PangoWork/Works/led/prj_tasks/pnr_1/device_map/led_top.pcf(line number: 11)] Port io_key_in[0] has been placed at location K18, whose type is share pin.
W: ConstraintEditor-4042: Port 'io_key_in[1]' lacks attribute 'BUS_KEEPER', it's better to set the attribute for port.
W: ConstraintEditor-4042: Port 'io_key_in[2]' lacks attribute 'BUS_KEEPER', it's better to set the attribute for port.
W: ConstraintEditor-4042: Port 'io_key_in[3]' lacks attribute 'BUS_KEEPER', it's better to set the attribute for port.
W: ConstraintEditor-4042: Port 'io_key_in[4]' lacks attribute 'BUS_KEEPER', it's better to set the attribute for port.
W: ConstraintEditor-4042: Port 'io_key_in[5]' lacks attribute 'BUS_KEEPER', it's better to set the attribute for port.
W: ConstraintEditor-4040: [E:/code/PangoWork/Works/led/prj_tasks/pnr_1/device_map/led_top.pcf(line number: 16)] Port io_key_in[5] has been placed at location J19, whose type is share pin.
W: ConstraintEditor-4042: Port 'io_key_in[6]' lacks attribute 'BUS_KEEPER', it's better to set the attribute for port.
W: ConstraintEditor-4040: [E:/code/PangoWork/Works/led/prj_tasks/pnr_1/device_map/led_top.pcf(line number: 17)] Port io_key_in[6] has been placed at location H20, whose type is share pin.
W: ConstraintEditor-4042: Port 'io_key_in[7]' lacks attribute 'BUS_KEEPER', it's better to set the attribute for port.
C: ConstraintEditor-2019: Port 'rst_n' unspecified I/O constraint.
C: ConstraintEditor-2022: There are some ports' attributes are set to default value, please read [E:/code/PangoWork/Works/led/prj_tasks/pnr_1/place_route/ports_defalut_attribute.txt(line number:0)] to confirm.
Found 0 error(s), 2 critical warning(s), 35 warning(s), out of 17 constraint(s)
Constraint check end.
Total time(hh:mm:ss) of constraint check : 00:00:00
Elaborate the liberty model.
I: Multithreading enabled for Timing using a maximum of 4 processes.
Placement started. Type: EP_COMMON_FLOW.

Stage 1 EP_INIT start.
Stage: after EP_INIT | Time (s): real = 0h:0m:6s ; cpu = 0h:0m:4s ; process = 0h:0m:6s | Memory (MB): curr = 427.710938 ; peak = 428.562500 | Checksum: 7A720C202BEEB627

Design Layer Utilization:
	LUT: 0.086%
	FF: 0.076%
	IO: 5.150%

Stage 2 EP_DL start.
build place dedicate switch graph takes 1.25 sec
Place location constraint group with base node:io_key_in_ibuf[0]/opit_1 at IOL_327_257
Place location constraint group with base node:io_key_in_ibuf[1]/opit_1 at IOL_327_134
Place location constraint group with base node:io_key_in_ibuf[2]/opit_1 at IOL_327_297
Place location constraint group with base node:io_key_in_ibuf[3]/opit_1 at IOL_327_133
Place location constraint group with base node:io_key_in_ibuf[4]/opit_1 at IOL_327_298
Place location constraint group with base node:io_key_in_ibuf[5]/opit_1 at IOL_327_262
Place location constraint group with base node:io_key_in_ibuf[6]/opit_1 at IOL_327_261
Place location constraint group with base node:io_key_in_ibuf[7]/opit_1 at IOL_327_365
Place location constraint group with base node:io_led_out_obuf[0]/opit_1 at IOL_19_374
Place location constraint group with base node:io_led_out_obuf[1]/opit_1 at IOL_19_373
Place location constraint group with base node:io_led_out_obuf[2]/opit_1 at IOL_35_374
Place location constraint group with base node:io_led_out_obuf[3]/opit_1 at IOL_35_373
Place location constraint group with base node:io_led_out_obuf[4]/opit_1 at IOL_67_374
Place location constraint group with base node:io_led_out_obuf[5]/opit_1 at IOL_67_373
Place location constraint group with base node:io_led_out_obuf[6]/opit_1 at IOL_47_374
Place location constraint group with base node:io_led_out_obuf[7]/opit_1 at IOL_47_373
Place location constraint group with base node:io_sys_clk_50mhz_ibuf/opit_1 at IOL_327_210
Place location constraint node:BKCL_auto_0 at BKCL_188_376
Place location constraint node:BKCL_auto_1 at BKCL_328_184
DRCP Convert Loc Constraint successful.

Stage 2.1 pre clock plan start.
Mapping instance GRS_INST/grs to START_324_2.
I: Clock statistic: 1 USCM.
solve clock designs takes 0.00 sec with memory (MB): curr = 497.636719, peak = 506.582031.
Mapping instance clkbufg_0/gopclkbufg to USCM_84_108:impl_uscm_rtb_a-USCM.
Stage: after pre clock plan | Time (s): real = 0h:0m:8s ; cpu = 0h:0m:5s ; process = 0h:0m:7s | Memory (MB): curr = 497.796875 ; peak = 506.582031

Place location constraint node:clkbufg_0/gopclkbufg at USCM_84_108
DRCP Convert Loc Constraint successful.
Stage: after EP_DL | Time (s): real = 0h:0m:8s ; cpu = 0h:0m:5s ; process = 0h:0m:7s | Memory (MB): curr = 497.894531 ; peak = 506.582031 | Checksum: F301F72649B134E6


Stage 3 EP_FIP start.
DRCP Convert Loc Constraint successful.

Stage 3.1 fip global place start.
[GP] num_thread=0
I: Multithreading enabled for place using a maximum of 4 processes.
[GP] Placement Initial Method "Quad".
[GP] Placement Decongestion Mode "1".
[GP] Recovery Analysis in GP "Enable".
I: Loading Timing Delay Info...
I: Load Timing Delay Info successfully.
Init coarse delay table.
Read place coarse delay table takes 0.33 sec.
[GP] Init timing API takes 1.56 sec.
[GP] Init GP graph takes 1.60 sec.
Device graph total memory: 11.10974503 MB
[GP] Read position from netlist take 0 msec
[GP] Total node move: 2430.15, average node move: 93.47
First map gop timing takes 0.00 sec
[GP] SA handle 2 clusters.
[GP] SA init_cost = 67084.467865, final_cost = 67084.467865, final_cost/init_cost = 1.000000, occupied region_num = 1.
[GP] SA Optimize take time: 0.002000 sec.
[GP] Timing analysis take 0.003000 secs.
[GP] MarginTNSS=0, TNSS=0, WSS=14066
[GP] Place thread size: 4
[GP] Node size: 9130, net size: 57
[GP] Design graph total memory: 26.54203129 MB
[GP] Timing analysis take 0.003000 secs.
[GP] MarginTNSS=0, TNSS=0, WSS=14294
[GP] Step 0 take 0.024 secs: WL=885.54 OF=0.540521
[GP] Timing analysis take 0.003000 secs.
[GP] MarginTNSS=0, TNSS=0, WSS=14196
[GP] Step 1 take 0.147 secs: WL=904.54 OF=0.520954
[GP] Timing analysis take 0.002000 secs.
[GP] MarginTNSS=0, TNSS=0, WSS=14462
[GP] Step 2 take 0.147 secs: WL=925.54 OF=0.719358
[GP] Timing analysis take 0.003000 secs.
[GP] MarginTNSS=0, TNSS=0, WSS=14159
[GP] Step 3 take 0.151 secs: WL=930.97 OF=0.707455
[GP] Timing analysis take 0.003000 secs.
[GP] MarginTNSS=0, TNSS=0, WSS=14462
[GP] Step 4 take 0.148 secs: WL=952.02 OF=0.618703
[GP] Timing analysis take 0.003000 secs.
[GP] MarginTNSS=0, TNSS=0, WSS=14323
[GP] Step 5 take 0.154 secs: WL=961.31 OF=0.552924
[GP] Timing analysis take 0.003000 secs.
[GP] MarginTNSS=0, TNSS=0, WSS=14453
[GP] Step 6 take 0.152 secs: WL=963.70 OF=0.514624
[GP] Timing analysis take 0.003000 secs.
[GP] MarginTNSS=0, TNSS=0, WSS=14245
[GP] Step 7 take 0.150 secs: WL=966.40 OF=0.474123
[GP] Timing analysis take 0.002000 secs.
[GP] MarginTNSS=0, TNSS=0, WSS=14245
[GP] Step 8 take 0.152 secs: WL=973.45 OF=0.454602
[GP] Timing analysis take 0.003000 secs.
[GP] MarginTNSS=0, TNSS=0, WSS=14410
[GP] Step 9 take 0.154 secs: WL=983.86 OF=0.440533
[GP] Timing analysis take 0.002000 secs.
[GP] MarginTNSS=0, TNSS=0, WSS=14410
[GP] Step 10 take 0.153 secs: WL=1003.26 OF=0.441552
[GP] Timing analysis take 0.003000 secs.
[GP] MarginTNSS=0, TNSS=0, WSS=14410
[GP] Step 11 take 0.148 secs: WL=1036.93 OF=0.429773
[GP] Timing analysis take 0.003000 secs.
[GP] MarginTNSS=0, TNSS=0, WSS=14173
[GP] Step 12 take 0.147 secs: WL=1043.46 OF=0.351677
[GP] Timing analysis take 0.003000 secs.
[GP] MarginTNSS=0, TNSS=0, WSS=14106
[GP] Step 13 take 0.154 secs: WL=1045.82 OF=0.319837
[GP] Timing analysis take 0.003000 secs.
[GP] MarginTNSS=0, TNSS=0, WSS=13920
[GP] Step 14 take 0.156 secs: WL=1050.83 OF=0.293754
[GP] Timing analysis take 0.003000 secs.
[GP] MarginTNSS=0, TNSS=0, WSS=13920
[GP] Step 15 take 0.149 secs: WL=1054.12 OF=0.266868
[GP] Timing analysis take 0.003000 secs.
[GP] MarginTNSS=0, TNSS=0, WSS=13920
[GP] Step 16 take 0.148 secs: WL=1058.57 OF=0.201052
[GP] Timing analysis take 0.003000 secs.
[GP] MarginTNSS=0, TNSS=0, WSS=13920
[GP] Step 17 take 0.153 secs: WL=1061.84 OF=0.146505
[GP] Timing analysis take 0.003000 secs.
[GP] MarginTNSS=0, TNSS=0, WSS=13920
[GP] Step 18 take 0.153 secs: WL=1065.34 OF=0.134413
[GP] Timing analysis take 0.003000 secs.
[GP] MarginTNSS=0, TNSS=0, WSS=13920
[GP] Final best WL=1063.953320 OF=0.130536, totally takes 2.833000 secs, run timing analysis 21 times totally takes 0.060000 secs.
[GP] Total node move: 2886.22, average node move: 111.01
[GP] Placer use memory: 4.81830597 MB
Stage: after fip global place | Performance: WL = 960 ; TNS =  0 ; WNS =  13920 | Time (s): real = 0h:0m:12s ; cpu = 0h:0m:9s ; process = 0h:0m:15s | Memory (MB): curr = 631.839844 ; peak = 661.906250 | Checksum: 7436C6789C75D5CE

Flat initial placement flow takes 3.875.
Stage: after EP_FIP | Performance: WL = 960 ; TNS =  0 ; WNS =  13920 | Time (s): real = 0h:0m:12s ; cpu = 0h:0m:9s ; process = 0h:0m:15s | Memory (MB): curr = 631.921875 ; peak = 661.906250 | Checksum: 7436C6789C75D5CE


Stage 4 EP_CAGP start.

Stage 4.1 cagp site packing start.
Stage: after pack legalize group | Performance: avg_mov = 0.000000 ; max_mov = 0 ; mov_var = 0.000000
Stage: after cagp site packing | Performance: WL = 1084 | Time (s): real = 0h:0m:12s ; cpu = 0h:0m:9s ; process = 0h:0m:15s | Memory (MB): curr = 648.050781 ; peak = 661.906250 | Checksum: 4467F5D67BD66616


Stage 4.2 cagp macro placement start.
Stage: after cagp macro placement | Performance: WL = 1084 | Time (s): real = 0h:0m:12s ; cpu = 0h:0m:9s ; process = 0h:0m:15s | Memory (MB): curr = 648.140625 ; peak = 661.906250 | Checksum: 4467F5D67BD66616


Stage 4.3 post clock plan start.
pre solve all clock design takes 0.00 sec with memory (MB): curr = 648.289062, peak = 661.906250.
CRA timing analysis with worst slack 12086 takes 0.00 sec.
CRA cost 0 takes 0.00 sec.
solve all clock design takes 0.02 sec with memory (MB): curr = 649.910156, peak = 661.906250.
expand load region takes 0.00 sec.
Stage: after post clock plan | Time (s): real = 0h:0m:12s ; cpu = 0h:0m:9s ; process = 0h:0m:15s | Memory (MB): curr = 650.042969 ; peak = 661.906250

Movement during CRA, max : (0, 0) , total : (0, 0) , count : 0 , avg : (0, 0) .
Stage: after EP_CAGP | Performance: WL = 1084 ; TNS =  0 ; WNS =  12086 | Time (s): real = 0h:0m:12s ; cpu = 0h:0m:9s ; process = 0h:0m:15s | Memory (MB): curr = 650.050781 ; peak = 661.906250 | Checksum: AC4BBC74A8A76A0A


Stage 5 EP_DRCP start.

Stage 5.1 DRC Placement start.
DRC final successful.
Stage: after DRC Placement | Time (s): real = 0h:0m:13s ; cpu = 0h:0m:9s ; process = 0h:0m:15s | Memory (MB): curr = 650.070312 ; peak = 661.906250


Stage 5.2 IO Placement start.
The average distance in IO place is 4.000000.
Stage: after IO Placement | Time (s): real = 0h:0m:13s ; cpu = 0h:0m:9s ; process = 0h:0m:15s | Memory (MB): curr = 650.332031 ; peak = 661.906250

Stage: after EP_DRCP | Performance: WL = 1088 ; TNS =  0 ; WNS =  12086 | Time (s): real = 0h:0m:13s ; cpu = 0h:0m:9s ; process = 0h:0m:15s | Memory (MB): curr = 650.339844 ; peak = 661.906250 | Checksum: 816FECA430E92973


Stage 6 EP_MP start.

Stage 6.1 macro place start.
Stage: after macro place | Performance: WL = 1088 | Time (s): real = 0h:0m:13s ; cpu = 0h:0m:9s ; process = 0h:0m:15s | Memory (MB): curr = 650.468750 ; peak = 661.906250 | Checksum: 816FECA430E92973


Stage 6.2 mp post global place start.
[GP] num_thread=0
I: Multithreading enabled for place using a maximum of 4 processes.
[GP] Init timing API takes 0.00 sec.
[GP] Init GP graph takes 0.00 sec.
Device graph total memory: 11.10992813 MB
[GP] Read position from netlist take 0 msec
[GP] Timing analysis take 0.017000 secs.
[GP] MarginTNSS=0, TNSS=0, WSS=12086
[GP] Place thread size: 4
[GP] Node size: 9125, net size: 53
[GP] Design graph total memory: 28.01479435 MB
[GP] Timing analysis take 0.003000 secs.
[GP] MarginTNSS=0, TNSS=0, WSS=12859
[GP] Step 0 take 0.021 secs: WL=1166.19 OF=0.378742
[GP] Timing analysis take 0.003000 secs.
[GP] MarginTNSS=0, TNSS=0, WSS=14074
[GP] Step 1 take 0.132 secs: WL=1036.31 OF=0.212433
[GP] Timing analysis take 0.003000 secs.
[GP] MarginTNSS=0, TNSS=0, WSS=14191
[GP] Step 2 take 0.140 secs: WL=1030.99 OF=0.143596
[GP] Timing analysis take 0.003000 secs.
[GP] MarginTNSS=0, TNSS=0, WSS=14191
[GP] Step 3 take 0.135 secs: WL=1031.82 OF=0.113603
[GP] Timing analysis take 0.003000 secs.
[GP] MarginTNSS=0, TNSS=0, WSS=14265
[GP] Step 4 take 0.139 secs: WL=1034.06 OF=0.081187
[GP] Timing analysis take 0.003000 secs.
[GP] MarginTNSS=0, TNSS=0, WSS=14265
[GP] Final best WL=1034.158121 OF=0.079940, totally takes 0.580000 secs, run timing analysis 7 times totally takes 0.035000 secs.
[GP] Total node move: 219.34, average node move: 10.97
[GP] Placer use memory: 5.58556366 MB
Stage: after mp post global place | Performance: WL = 949 ; TNS =  0 ; WNS =  14265 | Time (s): real = 0h:0m:13s ; cpu = 0h:0m:10s ; process = 0h:0m:16s | Memory (MB): curr = 651.550781 ; peak = 661.906250 | Checksum: 74090BBEF4E0D04C

MP flow takes 0.469.
Stage: after EP_MP | Performance: WL = 949 ; TNS =  0 ; WNS =  14265 | Time (s): real = 0h:0m:13s ; cpu = 0h:0m:10s ; process = 0h:0m:17s | Memory (MB): curr = 651.550781 ; peak = 661.906250 | Checksum: 74090BBEF4E0D04C


Stage 7 EP_LP start.
Stage: after legalization | Performance: avg_mov = 0.032258 ; max_mov = 1 ; mov_var = 0.031217
Legalize placement flow takes 0.000.
Stage: after EP_LP | Performance: WL = 946 ; TNS =  0 ; WNS =  14525 | Time (s): real = 0h:0m:13s ; cpu = 0h:0m:10s ; process = 0h:0m:17s | Memory (MB): curr = 651.960938 ; peak = 661.906250 | Checksum: E8919893B5840AD8


Stage 8 EP_DP start.
Stage: before DP | Performance: WL = 946 ; TNS = 0 ; WNS = 14525
Stage: after DP | Performance: WL = 946 ; TNS = 0 ; WNS = 14525
EP_DP takes 0 sec.
Stage: after EP_DP | Performance: WL = 946 ; TNS =  0 ; WNS =  14525 | Time (s): real = 0h:0m:13s ; cpu = 0h:0m:10s ; process = 0h:0m:17s | Memory (MB): curr = 652.250000 ; peak = 661.906250 | Checksum: E8919893B5840AD8


Stage 9 EP_FP start.
AutoDRC Flow for Design Check After Place Start.
AutoDRC Flow for Design Check After Place End.
Stage: after EP_FP | Performance: WL = 946 ; TNS =  0 ; WNS =  14525 | Time (s): real = 0h:0m:13s ; cpu = 0h:0m:10s ; process = 0h:0m:17s | Memory (MB): curr = 652.621094 ; peak = 661.906250 | Checksum: 8A0EB3B3B7AE2E81


Congestion analysis started.
I: Start printing congestion info.
I: Finish printing congestion info.
Congestion analysis takes 0.06 sec.


Device Utilization Summary :
+----------------------------------------------------------------------------+
| Device Type                      | Used     | Available     | Util(%)     
+----------------------------------------------------------------------------+
| CLMA                             | 12       | 6450          | 1           
| + FF                             | 30       | 38700         | 1           
| + LUT                            | 28       | 25800         | 1           
|   + LUT as Logic                 | 28       |               |             
|   + LUT as Const                 | 0        |               |             
|   + LUT as Bypass                | 0        |               |             
| CLMS                             | 4        | 4250          | 1           
| + FF                             | 9        | 25500         | 1           
| + LUT                            | 9        | 17000         | 1           
|   + LUT as Logic                 | 9        |               |             
|   + LUT as Memory                | 0        |               |             
|     + LUT as Distributed RAM     | 0        |               |             
|   + LUT as Const                 | 0        |               |             
|   + LUT as Bypass                | 0        |               |             
| IO                               | 18       | 296           | 7           
| + IOBD                           | 4        | 64            | 7           
| + IOBR_LR                        | 0        | 7             | 0           
| + IOBR_TB                        | 1        | 8             | 13          
| + IOBS_LR                        | 9        | 161           | 6           
| + IOBS_TB                        | 4        | 56            | 8           
| APM                              | 0        | 84            | 0           
| BKCL                             | 2        | 4             | 50          
| CRYSTAL                          | 0        | 2             | 0           
| DLL                              | 0        | 10            | 0           
| DQSL                             | 0        | 18            | 0           
| DRM                              | 0        | 134           | 0           
| FUSECODE                         | 0        | 1             | 0           
| HARD0N1                          | 0        | 6672          | 0           
| HSST                             | 0        | 1             | 0           
| IOCKDIV                          | 0        | 20            | 0           
| IOCKDLY                          | 0        | 40            | 0           
| IOCKGATE                         | 0        | 20            | 0           
| + IOCKGATE as Bypass             | 0        |               |             
| IOL                              | 18       | 400           | 5           
| IPAL                             | 0        | 1             | 0           
| LDO                              | 0        | 4             | 0           
| OSC                              | 0        | 1             | 0           
| PCIE                             | 0        | 1             | 0           
| PLL                              | 0        | 5             | 0           
| RCKB                             | 0        | 24            | 0           
| + RCKB as Bypass                 | 0        |               |             
| RESCAL                           | 0        | 4             | 0           
| SCANCHAIN                        | 0        | 2             | 0           
| START                            | 1        | 1             | 100         
| UDID                             | 0        | 1             | 0           
| USCM                             | 1        | 30            | 4           
| + USCM as Bypass                 | 0        |               |             
+----------------------------------------------------------------------------+

Total placement takes 6.47 sec.
Finished placement.
Design 'led_top' has been placed successfully.
Action place: Real time elapsed is 0h:0m:14s
Action place: CPU time elapsed is 0h:0m:10s
Action place: Process CPU time elapsed is 0h:0m:17s
Action place: Peak memory pool usage is 740 MB

Current time: Fri Sep 18 13:35:25 2026
