Archive member included to satisfy reference by file (symbol)

/usr/lib/gcc/arm-none-eabi/13.2.1/../../../arm-none-eabi/lib/thumb/v7e-m+fp/hard/libstdc++_nano.a(atexit_arm.o)
                              CMakeFiles/master_2.dir/Core/Hardware/bmi088/bmi088_task.cpp.obj (__aeabi_atexit)
/usr/lib/gcc/arm-none-eabi/13.2.1/../../../arm-none-eabi/lib/thumb/v7e-m+fp/hard/libstdc++_nano.a(del_ops.o)
                              CMakeFiles/master_2.dir/Core/Hardware/bmi088/bmi088_temperature.cpp.obj (operator delete(void*, unsigned int))
/usr/lib/gcc/arm-none-eabi/13.2.1/../../../arm-none-eabi/lib/thumb/v7e-m+fp/hard/libstdc++_nano.a(del_op.o)
                              /usr/lib/gcc/arm-none-eabi/13.2.1/../../../arm-none-eabi/lib/thumb/v7e-m+fp/hard/libstdc++_nano.a(del_ops.o) (operator delete(void*))
/usr/lib/gcc/arm-none-eabi/13.2.1/../../../arm-none-eabi/lib/thumb/v7e-m+fp/hard/libm.a(libm_a-wf_fmod.o)
                              CMakeFiles/master_2.dir/Core/Hardware/jetson/jetson.cpp.obj (fmodf)
/usr/lib/gcc/arm-none-eabi/13.2.1/../../../arm-none-eabi/lib/thumb/v7e-m+fp/hard/libm.a(libm_a-ef_fmod.o)
                              /usr/lib/gcc/arm-none-eabi/13.2.1/../../../arm-none-eabi/lib/thumb/v7e-m+fp/hard/libm.a(libm_a-wf_fmod.o) (__ieee754_fmodf)
/usr/lib/gcc/arm-none-eabi/13.2.1/../../../arm-none-eabi/lib/thumb/v7e-m+fp/hard/libm.a(libm_a-w_sqrt.o)
                              CMakeFiles/master_2.dir/Core/Hardware/bmi088/MahonyAHRS.c.obj (sqrt)
/usr/lib/gcc/arm-none-eabi/13.2.1/../../../arm-none-eabi/lib/thumb/v7e-m+fp/hard/libm.a(libm_a-wf_atan2.o)
                              CMakeFiles/master_2.dir/Core/Hardware/bmi088/bmi088.cpp.obj (atan2f)
/usr/lib/gcc/arm-none-eabi/13.2.1/../../../arm-none-eabi/lib/thumb/v7e-m+fp/hard/libm.a(libm_a-e_sqrt.o)
                              /usr/lib/gcc/arm-none-eabi/13.2.1/../../../arm-none-eabi/lib/thumb/v7e-m+fp/hard/libm.a(libm_a-w_sqrt.o) (__ieee754_sqrt)
/usr/lib/gcc/arm-none-eabi/13.2.1/../../../arm-none-eabi/lib/thumb/v7e-m+fp/hard/libm.a(libm_a-wf_asin.o)
                              CMakeFiles/master_2.dir/Core/Hardware/bmi088/bmi088.cpp.obj (asinf)
/usr/lib/gcc/arm-none-eabi/13.2.1/../../../arm-none-eabi/lib/thumb/v7e-m+fp/hard/libm.a(libm_a-ef_asin.o)
                              /usr/lib/gcc/arm-none-eabi/13.2.1/../../../arm-none-eabi/lib/thumb/v7e-m+fp/hard/libm.a(libm_a-wf_asin.o) (__ieee754_asinf)
/usr/lib/gcc/arm-none-eabi/13.2.1/../../../arm-none-eabi/lib/thumb/v7e-m+fp/hard/libm.a(libm_a-ef_atan2.o)
                              /usr/lib/gcc/arm-none-eabi/13.2.1/../../../arm-none-eabi/lib/thumb/v7e-m+fp/hard/libm.a(libm_a-wf_atan2.o) (__ieee754_atan2f)
/usr/lib/gcc/arm-none-eabi/13.2.1/../../../arm-none-eabi/lib/thumb/v7e-m+fp/hard/libm.a(libm_a-sf_atan.o)
                              /usr/lib/gcc/arm-none-eabi/13.2.1/../../../arm-none-eabi/lib/thumb/v7e-m+fp/hard/libm.a(libm_a-ef_atan2.o) (atanf)
/usr/lib/gcc/arm-none-eabi/13.2.1/../../../arm-none-eabi/lib/thumb/v7e-m+fp/hard/libm.a(libm_a-sf_fabs.o)
                              /usr/lib/gcc/arm-none-eabi/13.2.1/../../../arm-none-eabi/lib/thumb/v7e-m+fp/hard/libm.a(libm_a-wf_asin.o) (fabsf)
/usr/lib/gcc/arm-none-eabi/13.2.1/../../../arm-none-eabi/lib/thumb/v7e-m+fp/hard/libm.a(libm_a-ef_sqrt.o)
                              /usr/lib/gcc/arm-none-eabi/13.2.1/../../../arm-none-eabi/lib/thumb/v7e-m+fp/hard/libm.a(libm_a-ef_asin.o) (__ieee754_sqrtf)
/usr/lib/gcc/arm-none-eabi/13.2.1/../../../arm-none-eabi/lib/thumb/v7e-m+fp/hard/libm.a(libm_a-sf_nan.o)
                              /usr/lib/gcc/arm-none-eabi/13.2.1/../../../arm-none-eabi/lib/thumb/v7e-m+fp/hard/libm.a(libm_a-wf_asin.o) (nanf)
/usr/lib/gcc/arm-none-eabi/13.2.1/thumb/v7e-m+fp/hard/libgcc.a(_arm_muldf3.o)
                              /usr/lib/gcc/arm-none-eabi/13.2.1/../../../arm-none-eabi/lib/thumb/v7e-m+fp/hard/libm.a(libm_a-e_sqrt.o) (__aeabi_dmul)
/usr/lib/gcc/arm-none-eabi/13.2.1/thumb/v7e-m+fp/hard/libgcc.a(_arm_addsubdf3.o)
                              CMakeFiles/master_2.dir/Core/Hardware/jetson/jetson.cpp.obj (__aeabi_dsub)
/usr/lib/gcc/arm-none-eabi/13.2.1/thumb/v7e-m+fp/hard/libgcc.a(_arm_muldivdf3.o)
                              /usr/lib/gcc/arm-none-eabi/13.2.1/../../../arm-none-eabi/lib/thumb/v7e-m+fp/hard/libm.a(libm_a-w_sqrt.o) (__aeabi_ddiv)
/usr/lib/gcc/arm-none-eabi/13.2.1/thumb/v7e-m+fp/hard/libgcc.a(_arm_cmpdf2.o)
                              /usr/lib/gcc/arm-none-eabi/13.2.1/../../../arm-none-eabi/lib/thumb/v7e-m+fp/hard/libm.a(libm_a-w_sqrt.o) (__aeabi_dcmplt)
/usr/lib/gcc/arm-none-eabi/13.2.1/thumb/v7e-m+fp/hard/libgcc.a(_arm_unorddf2.o)
                              /usr/lib/gcc/arm-none-eabi/13.2.1/../../../arm-none-eabi/lib/thumb/v7e-m+fp/hard/libm.a(libm_a-w_sqrt.o) (__aeabi_dcmpun)
/usr/lib/gcc/arm-none-eabi/13.2.1/thumb/v7e-m+fp/hard/libgcc.a(_arm_truncdfsf2.o)
                              CMakeFiles/master_2.dir/Core/Hardware/bmi088/MahonyAHRS.c.obj (__aeabi_d2f)
[...]
Memory Configuration

Name             Origin             Length             Attributes
RAM              0x20000000         0x00020000         xrw
CCMRAM           0x10000000         0x00010000         xrw
FLASH            0x08000000         0x00100000         xr
*default*        0x00000000         0xffffffff

Linker script and memory map

LOAD /usr/lib/gcc/arm-none-eabi/13.2.1/thumb/v7e-m+fp/hard/crti.o
LOAD /usr/lib/gcc/arm-none-eabi/13.2.1/thumb/v7e-m+fp/hard/crtbegin.o
LOAD /usr/lib/gcc/arm-none-eabi/13.2.1/../../../arm-none-eabi/lib/thumb/v7e-m+fp/hard/crt0.o
LOAD cmake/stm32cubemx/CMakeFiles/STM32_Drivers.dir/__/__/Core/Src/system_stm32f4xx.c.obj
LOAD cmake/stm32cubemx/CMakeFiles/STM32_Drivers.dir/__/__/Drivers/STM32F4xx_HAL_Driver/Src/stm32f4xx_hal_tim.c.obj
LOAD cmake/stm32cubemx/CMakeFiles/STM32_Drivers.dir/__/__/Drivers/STM32F4xx_HAL_Driver/Src/stm32f4xx_hal_tim_ex.c.obj
LOAD cmake/stm32cubemx/CMakeFiles/STM32_Drivers.dir/__/__/Drivers/STM32F4xx_HAL_Driver/Src/stm32f4xx_hal_rcc.c.obj
LOAD cmake/stm32cubemx/CMakeFiles/STM32_Drivers.dir/__/__/Drivers/STM32F4xx_HAL_Driver/Src/stm32f4xx_hal_rcc_ex.c.obj
LOAD cmake/stm32cubemx/CMakeFiles/STM32_Drivers.dir/__/__/Drivers/STM32F4xx_HAL_Driver/Src/stm32f4xx_hal_flash.c.obj
LOAD cmake/stm32cubemx/CMakeFiles/STM32_Drivers.dir/__/__/Drivers/STM32F4xx_HAL_Driver/Src/stm32f4xx_hal_flash_ex.c.obj
LOAD cmake/stm32cubemx/CMakeFiles/STM32_Drivers.dir/__/__/Drivers/STM32F4xx_HAL_Driver/Src/stm32f4xx_hal_flash_ramfunc.c.obj
LOAD cmake/stm32cubemx/CMakeFiles/STM32_Drivers.dir/__/__/Drivers/STM32F4xx_HAL_Driver/Src/stm32f4xx_hal_gpio.c.obj
LOAD cmake/stm32cubemx/CMakeFiles/STM32_Drivers.dir/__/__/Drivers/STM32F4xx_HAL_Driver/Src/stm32f4xx_hal_dma_ex.c.obj
LOAD cmake/stm32cubemx/CMakeFiles/STM32_Drivers.dir/__/__/Drivers/STM32F4xx_HAL_Driver/Src/stm32f4xx_hal_dma.c.obj
LOAD cmake/stm32cubemx/CMakeFiles/STM32_Drivers.dir/__/__/Drivers/STM32F4xx_HAL_Driver/Src/stm32f4xx_hal_pwr.c.obj
LOAD cmake/stm32cubemx/CMakeFiles/STM32_Drivers.dir/__/__/Drivers/STM32F4xx_HAL_Driver/Src/stm32f4xx_hal_pwr_ex.c.obj
LOAD cmake/stm32cubemx/CMakeFiles/STM32_Drivers.dir/__/__/Drivers/STM32F4xx_HAL_Driver/Src/stm32f4xx_hal_cortex.c.obj
LOAD cmake/stm32cubemx/CMakeFiles/STM32_Drivers.dir/__/__/Drivers/STM32F4xx_HAL_Driver/Src/stm32f4xx_hal.c.obj
LOAD cmake/stm32cubemx/CMakeFiles/STM32_Drivers.dir/__/__/Drivers/STM32F4xx_HAL_Driver/Src/stm32f4xx_hal_exti.c.obj
LOAD cmake/stm32cubemx/CMakeFiles/STM32_Drivers.dir/__/__/Drivers/STM32F4xx_HAL_Driver/Src/stm32f4xx_hal_spi.c.obj
LOAD cmake/stm32cubemx/CMakeFiles/STM32_Drivers.dir/__/__/Drivers/STM32F4xx_HAL_Driver/Src/stm32f4xx_hal_uart.c.obj
LOAD cmake/stm32cubemx/CMakeFiles/FreeRTOS.dir/__/__/Middlewares/Third_Party/FreeRTOS/Source/croutine.c.obj
LOAD cmake/stm32cubemx/CMakeFiles/FreeRTOS.dir/__/__/Middlewares/Third_Party/FreeRTOS/Source/event_groups.c.obj
LOAD cmake/stm32cubemx/CMakeFiles/FreeRTOS.dir/__/__/Middlewares/Third_Party/FreeRTOS/Source/list.c.obj
LOAD cmake/stm32cubemx/CMakeFiles/FreeRTOS.dir/__/__/Middlewares/Third_Party/FreeRTOS/Source/queue.c.obj
LOAD cmake/stm32cubemx/CMakeFiles/FreeRTOS.dir/__/__/Middlewares/Third_Party/FreeRTOS/Source/stream_buffer.c.obj
LOAD cmake/stm32cubemx/CMakeFiles/FreeRTOS.dir/__/__/Middlewares/Third_Party/FreeRTOS/Source/tasks.c.obj
LOAD cmake/stm32cubemx/CMakeFiles/FreeRTOS.dir/__/__/Middlewares/Third_Party/FreeRTOS/Source/timers.c.obj
LOAD cmake/stm32cubemx/CMakeFiles/FreeRTOS.dir/__/__/Middlewares/Third_Party/FreeRTOS/Source/CMSIS_RTOS_V2/cmsis_os2.c.obj
LOAD cmake/stm32cubemx/CMakeFiles/FreeRTOS.dir/__/__/Middlewares/Third_Party/FreeRTOS/Source/portable/MemMang/heap_4.c.obj
LOAD cmake/stm32cubemx/CMakeFiles/FreeRTOS.dir/__/__/Middlewares/Third_Party/FreeRTOS/Source/portable/GCC/ARM_CM4F/port.c.obj
LOAD CMakeFiles/master_2.dir/Core/Src/main.c.obj
LOAD CMakeFiles/master_2.dir/Core/Src/gpio.c.obj
LOAD CMakeFiles/master_2.dir/Core/Src/freertos.c.obj
LOAD CMakeFiles/master_2.dir/Core/Src/dma.c.obj
LOAD CMakeFiles/master_2.dir/Core/Src/spi.c.obj
LOAD CMakeFiles/master_2.dir/Core/Src/tim.c.obj
LOAD CMakeFiles/master_2.dir/Core/Src/usart.c.obj
LOAD CMakeFiles/master_2.dir/Core/Src/stm32f4xx_it.c.obj
LOAD CMakeFiles/master_2.dir/Core/Src/stm32f4xx_hal_msp.c.obj
LOAD CMakeFiles/master_2.dir/Core/Src/stm32f4xx_hal_timebase_tim.c.obj
LOAD CMakeFiles/master_2.dir/Core/Src/sysmem.c.obj
LOAD CMakeFiles/master_2.dir/Core/Src/syscalls.c.obj
LOAD CMakeFiles/master_2.dir/startup_stm32f407xx.s.obj
LOAD CMakeFiles/master_2.dir/Core/Hardware/bmi088/bmi088.cpp.obj
LOAD CMakeFiles/master_2.dir/Core/Hardware/bmi088/bmi088_task.cpp.obj
LOAD CMakeFiles/master_2.dir/Core/Hardware/bmi088/bmi088_temperature.cpp.obj
LOAD CMakeFiles/master_2.dir/Core/Hardware/bmi088/bmi088_temperature_pid.cpp.obj
LOAD CMakeFiles/master_2.dir/Core/Hardware/bmi088/MahonyAHRS.c.obj
LOAD CMakeFiles/master_2.dir/Core/Hardware/jetson/jetson.cpp.obj
LOAD CMakeFiles/master_2.dir/Core/Hardware/jetson/jetson_task.cpp.obj
LOAD CMakeFiles/master_2.dir/Core/Hardware/jetson/jetson_task2.cpp.obj
LOAD CMakeFiles/master_2.dir/Core/Algorithm/Pid/pid.cpp.obj
LOAD /home/yzy/code/ECSDC_FPGA_2026/stm32/master_2/cmake/stm32cubemx/../../Middlewares/ST/ARM/DSP/Lib/libarm_cortexM4lf_math.a
LOAD /usr/lib/gcc/arm-none-eabi/13.2.1/../../../arm-none-eabi/lib/thumb/v7e-m+fp/hard/libstdc++_nano.a
LOAD /usr/lib/gcc/arm-none-eabi/13.2.1/../../../arm-none-eabi/lib/thumb/v7e-m+fp/hard/libm.a
START GROUP
LOAD /usr/lib/gcc/arm-none-eabi/13.2.1/thumb/v7e-m+fp/hard/libgcc.a
LOAD /usr/lib/gcc/arm-none-eabi/13.2.1/../../../arm-none-eabi/lib/thumb/v7e-m+fp/hard/libg_nano.a
LOAD /usr/lib/gcc/arm-none-eabi/13.2.1/../../../arm-none-eabi/lib/thumb/v7e-m+fp/hard/libc_nano.a
END GROUP
START GROUP
LOAD /usr/lib/gcc/arm-none-eabi/13.2.1/thumb/v7e-m+fp/hard/libgcc.a
LOAD /usr/lib/gcc/arm-none-eabi/13.2.1/../../../arm-none-eabi/lib/thumb/v7e-m+fp/hard/libc_nano.a
END GROUP
LOAD /usr/lib/gcc/arm-none-eabi/13.2.1/thumb/v7e-m+fp/hard/crtend.o
LOAD /usr/lib/gcc/arm-none-eabi/13.2.1/thumb/v7e-m+fp/hard/crtn.o
                0x20020000                        _estack = (ORIGIN (RAM) + LENGTH (RAM))
                0x2001fc00                        _sstack = (_estack - _Min_Stack_Size)
                0x00000200                        _Min_Heap_Size = 0x200
                0x00000400                        _Min_Stack_Size = 0x400

.isr_vector     0x08000000      0x188
                0x08000000                        . = ALIGN (0x4)
 *(.isr_vector)
 .isr_vector    0x08000000      0x188 CMakeFiles/master_2.dir/startup_stm32f407xx.s.obj
                0x08000000                g_pfnVectors
                0x08000188                        . = ALIGN (0x4)

.text           0x08000190     0xd594
                0x08000190                        . = ALIGN (0x4)
 *(.text)
 .text          0x08000190       0x88 /usr/lib/gcc/arm-none-eabi/13.2.1/thumb/v7e-m+fp/hard/crtbegin.o
 .text          0x08000218       0x48 /usr/lib/gcc/arm-none-eabi/13.2.1/../../../arm-none-eabi/lib/thumb/v7e-m+fp/hard/libm.a(libm_a-wf_fmod.o)
                0x08000218                fmodf
 .text          0x08000260      0x140 /usr/lib/gcc/arm-none-eabi/13.2.1/../../../arm-none-eabi/lib/thumb/v7e-m+fp/hard/libm.a(libm_a-ef_fmod.o)
                0x08000260                __ieee754_fmodf
 .text          0x080003a0       0x68 /usr/lib/gcc/arm-none-eabi/13.2.1/../../../arm-none-eabi/lib/thumb/v7e-m+fp/hard/libm.a(libm_a-w_sqrt.o)
                0x080003a0                sqrt
 .text          0x08000408        0x4 /usr/lib/gcc/arm-none-eabi/13.2.1/../../../arm-none-eabi/lib/thumb/v7e-m+fp/hard/libm.a(libm_a-wf_atan2.o)
                0x08000408                atan2f
 .text          0x0800040c      0x1ec /usr/lib/gcc/arm-none-eabi/13.2.1/../../../arm-none-eabi/lib/thumb/v7e-m+fp/hard/libm.a(libm_a-e_sqrt.o)
                0x0800040c                __ieee754_sqrt
 .text          0x080005f8       0x58 /usr/lib/gcc/arm-none-eabi/13.2.1/../../../arm-none-eabi/lib/thumb/v7e-m+fp/hard/libm.a(libm_a-wf_asin.o)
                0x080005f8                asinf
 .text          0x08000650      0x1f8 /usr/lib/gcc/arm-none-eabi/13.2.1/../../../arm-none-eabi/lib/thumb/v7e-m+fp/hard/libm.a(libm_a-ef_asin.o)
                0x08000650                __ieee754_asinf
 .text          0x08000848      0x14c /usr/lib/gcc/arm-none-eabi/13.2.1/../../../arm-none-eabi/lib/thumb/v7e-m+fp/hard/libm.a(libm_a-ef_atan2.o)
                0x08000848                __ieee754_atan2f
 .text          0x08000994      0x1a0 /usr/lib/gcc/arm-none-eabi/13.2.1/../../../arm-none-eabi/lib/thumb/v7e-m+fp/hard/libm.a(libm_a-sf_atan.o)
                0x08000994                atanf
 .text          0x08000b34       0x10 /usr/lib/gcc/arm-none-eabi/13.2.1/../../../arm-none-eabi/lib/thumb/v7e-m+fp/hard/libm.a(libm_a-sf_fabs.o)
                0x08000b34                fabsf
 .text          0x08000b44        0x8 /usr/lib/gcc/arm-none-eabi/13.2.1/../../../arm-none-eabi/lib/thumb/v7e-m+fp/hard/libm.a(libm_a-ef_sqrt.o)
                0x08000b44                __ieee754_sqrtf
 .text          0x08000b4c        0xc /usr/lib/gcc/arm-none-eabi/13.2.1/../../../arm-none-eabi/lib/thumb/v7e-m+fp/hard/libm.a(libm_a-sf_nan.o)
                0x08000b4c                nanf
 .text          0x08000b58      0x378 /usr/lib/gcc/arm-none-eabi/13.2.1/thumb/v7e-m+fp/hard/libgcc.a(_arm_addsubdf3.o)
                0x08000b58                __aeabi_drsub
                0x08000b60                __aeabi_dsub
                0x08000b60                __subdf3
                0x08000b64                __adddf3
                0x08000b64                __aeabi_dadd
                0x08000ddc                __aeabi_ui2d
                0x08000ddc                __floatunsidf
                0x08000dfc                __floatsidf
                0x08000dfc                __aeabi_i2d
                0x08000e20                __extendsfdf2
                0x08000e20                __aeabi_f2d
                0x08000e64                __aeabi_ul2d
                0x08000e64                __floatundidf
                0x08000e74                __floatdidf
                0x08000e74                __aeabi_l2d
 .text          0x08000ed0      0x424 /usr/lib/gcc/arm-none-eabi/13.2.1/thumb/v7e-m+fp/hard/libgcc.a(_arm_muldivdf3.o)
                0x08000ed0                __aeabi_dmul
                0x08000ed0                __muldf3
                0x08001124                __aeabi_ddiv
                0x08001124                __divdf3
 .text          0x080012f4      0x110 /usr/lib/gcc/arm-none-eabi/13.2.1/thumb/v7e-m+fp/hard/libgcc.a(_arm_cmpdf2.o)
                0x080012f4                __gtdf2
                0x080012f4                __gedf2
                0x080012fc                __ltdf2
                0x080012fc                __ledf2
                0x08001304                __cmpdf2
                0x08001304                __eqdf2
                0x08001304                __nedf2
                0x08001380                __aeabi_cdrcmple
                0x08001390                __aeabi_cdcmple
                0x08001390                __aeabi_cdcmpeq
                0x080013a0                __aeabi_dcmpeq
                0x080013b4                __aeabi_dcmplt
                0x080013c8                __aeabi_dcmple
                0x080013dc                __aeabi_dcmpge
                0x080013f0                __aeabi_dcmpgt
 .text          0x08001404       0x2c /usr/lib/gcc/arm-none-eabi/13.2.1/thumb/v7e-m+fp/hard/libgcc.a(_arm_unorddf2.o)
                0x08001404                __aeabi_dcmpun
                0x08001404                __unorddf2
 .text          0x08001430       0xa0 /usr/lib/gcc/arm-none-eabi/13.2.1/thumb/v7e-m+fp/hard/libgcc.a(_arm_truncdfsf2.o)
                0x08001430                __aeabi_d2f
                0x08001430                __truncdfsf2
 .text          0x080014d0       0x30 /usr/lib/gcc/arm-none-eabi/13.2.1/thumb/v7e-m+fp/hard/libgcc.a(_aeabi_uldivmod.o)
                0x080014d0                __aeabi_uldivmod
 .text          0x08001500      0x2bc /usr/lib/gcc/arm-none-eabi/13.2.1/thumb/v7e-m+fp/hard/libgcc.a(_udivmoddi4.o)
                0x08001500                __udivmoddi4
 .text          0x080017bc        0x4 /usr/lib/gcc/arm-none-eabi/13.2.1/thumb/v7e-m+fp/hard/libgcc.a(_dvmd_tls.o)
                0x080017bc                __aeabi_ldiv0
                0x080017bc                __aeabi_idiv0
 .text          0x080017c0       0x50 /usr/lib/gcc/arm-none-eabi/13.2.1/../../../arm-none-eabi/lib/thumb/v7e-m+fp/hard/libg_nano.a(libc_a-init.o)
                0x080017c0                __libc_init_array
 .text          0x08001810       0xa4 /usr/lib/gcc/arm-none-eabi/13.2.1/../../../arm-none-eabi/lib/thumb/v7e-m+fp/hard/libg_nano.a(libc_a-memset.o)
                0x08001810                memset
 .text          0x080018b4        0xc /usr/lib/gcc/arm-none-eabi/13.2.1/../../../arm-none-eabi/lib/thumb/v7e-m+fp/hard/libg_nano.a(libc_a-errno.o)
                0x080018b4                __errno
 .text          0x080018c0       0x1c /usr/lib/gcc/arm-none-eabi/13.2.1/../../../arm-none-eabi/lib/thumb/v7e-m+fp/hard/libg_nano.a(libc_a-cxa_atexit.o)
                0x080018c0                __cxa_atexit
 .text          0x080018dc      0x134 /usr/lib/gcc/arm-none-eabi/13.2.1/../../../arm-none-eabi/lib/thumb/v7e-m+fp/hard/libg_nano.a(libc_a-memcpy.o)
                0x080018dc                memcpy
 .text          0x08001a10       0x20 /usr/lib/gcc/arm-none-eabi/13.2.1/../../../arm-none-eabi/lib/thumb/v7e-m+fp/hard/libg_nano.a(libc_a-malloc.o)
                0x08001a10                malloc
                0x08001a20                free
 .text          0x08001a30      0x148 /usr/lib/gcc/arm-none-eabi/13.2.1/../../../arm-none-eabi/lib/thumb/v7e-m+fp/hard/libg_nano.a(libc_a-mallocr.o)
                0x08001a78                _malloc_r
 .text          0x08001b78       0xbc /usr/lib/gcc/arm-none-eabi/13.2.1/../../../arm-none-eabi/lib/thumb/v7e-m+fp/hard/libg_nano.a(libc_a-freer.o)
                0x08001b78                _free_r
 .text          0x08001c34       0xac /usr/lib/gcc/arm-none-eabi/13.2.1/../../../arm-none-eabi/lib/thumb/v7e-m+fp/hard/libg_nano.a(libc_a-__atexit.o)
                0x08001c34                __register_exitproc
 .text          0x08001ce0        0x8 /usr/lib/gcc/arm-none-eabi/13.2.1/../../../arm-none-eabi/lib/thumb/v7e-m+fp/hard/libg_nano.a(libc_a-mlock.o)
                0x08001ce0                __malloc_lock
                0x08001ce4                __malloc_unlock
 .text          0x08001ce8       0x24 /usr/lib/gcc/arm-none-eabi/13.2.1/../../../arm-none-eabi/lib/thumb/v7e-m+fp/hard/libg_nano.a(libc_a-sbrkr.o)
                0x08001ce8                _sbrk_r
 *(.text*)
 .text.SystemInit
                0x08001d0c       0x24 cmake/stm32cubemx/CMakeFiles/STM32_Drivers.dir/__/__/Core/Src/system_stm32f4xx.c.obj
                0x08001d0c                SystemInit
 .text.HAL_TIM_Base_Init
                0x08001d30       0xb8 cmake/stm32cubemx/CMakeFiles/STM32_Drivers.dir/__/__/Drivers/STM32F4xx_HAL_Driver/Src/stm32f4xx_hal_tim.c.obj
                0x08001d30                HAL_TIM_Base_Init
 .text.HAL_TIM_Base_Start_IT
                0x08001de8       0xe0 cmake/stm32cubemx/CMakeFiles/STM32_Drivers.dir/__/__/Drivers/STM32F4xx_HAL_Driver/Src/stm32f4xx_hal_tim.c.obj
                0x08001de8                HAL_TIM_Base_Start_IT
 .text.HAL_TIM_PWM_Init
                0x08001ec8       0xb8 cmake/stm32cubemx/CMakeFiles/STM32_Drivers.dir/__/__/Drivers/STM32F4xx_HAL_Driver/Src/stm32f4xx_hal_tim.c.obj
                0x08001ec8                HAL_TIM_PWM_Init
 .text.HAL_TIM_PWM_MspInit
                0x08001f80       0x14 cmake/stm32cubemx/CMakeFiles/STM32_Drivers.dir/__/__/Drivers/STM32F4xx_HAL_Driver/Src/stm32f4xx_hal_tim.c.obj
                0x08001f80                HAL_TIM_PWM_MspInit
 .text.HAL_TIM_PWM_Start
                0x08001f94      0x190 cmake/stm32cubemx/CMakeFiles/STM32_Drivers.dir/__/__/Drivers/STM32F4xx_HAL_Driver/Src/stm32f4xx_hal_tim.c.obj
                0x08001f94                HAL_TIM_PWM_Start
 .text.HAL_TIM_IRQHandler
                0x08002124      0x220 cmake/stm32cubemx/CMakeFiles/STM32_Drivers.dir/__/__/Drivers/STM32F4xx_HAL_Driver/Src/stm32f4xx_hal_tim.c.obj
                0x08002124                HAL_TIM_IRQHandler
 .text.HAL_TIM_PWM_ConfigChannel
                0x08002344      0x184 cmake/stm32cubemx/CMakeFiles/STM32_Drivers.dir/__/__/Drivers/STM32F4xx_HAL_Driver/Src/stm32f4xx_hal_tim.c.obj
                0x08002344                HAL_TIM_PWM_ConfigChannel
 .text.HAL_TIM_PeriodElapsedHalfCpltCallback
                0x080024c8       0x14 cmake/stm32cubemx/CMakeFiles/STM32_Drivers.dir/__/__/Drivers/STM32F4xx_HAL_Driver/Src/stm32f4xx_hal_tim.c.obj
                0x080024c8                HAL_TIM_PeriodElapsedHalfCpltCallback
 .text.HAL_TIM_OC_DelayElapsedCallback
                0x080024dc       0x14 cmake/stm32cubemx/CMakeFiles/STM32_Drivers.dir/__/__/Drivers/STM32F4xx_HAL_Driver/Src/stm32f4xx_hal_tim.c.obj
                0x080024dc                HAL_TIM_OC_DelayElapsedCallback
 .text.HAL_TIM_IC_CaptureCallback
                0x080024f0       0x14 cmake/stm32cubemx/CMakeFiles/STM32_Drivers.dir/__/__/Drivers/STM32F4xx_HAL_Driver/Src/stm32f4xx_hal_tim.c.obj
                0x080024f0                HAL_TIM_IC_CaptureCallback
 .text.HAL_TIM_IC_CaptureHalfCpltCallback
                0x08002504       0x14 cmake/stm32cubemx/CMakeFiles/STM32_Drivers.dir/__/__/Drivers/STM32F4xx_HAL_Driver/Src/stm32f4xx_hal_tim.c.obj
                0x08002504                HAL_TIM_IC_CaptureHalfCpltCallback
 .text.HAL_TIM_PWM_PulseFinishedCallback
                0x08002518       0x14 cmake/stm32cubemx/CMakeFiles/STM32_Drivers.dir/__/__/Drivers/STM32F4xx_HAL_Driver/Src/stm32f4xx_hal_tim.c.obj
                0x08002518                HAL_TIM_PWM_PulseFinishedCallback
 .text.HAL_TIM_PWM_PulseFinishedHalfCpltCallback
                0x0800252c       0x14 cmake/stm32cubemx/CMakeFiles/STM32_Drivers.dir/__/__/Drivers/STM32F4xx_HAL_Driver/Src/stm32f4xx_hal_tim.c.obj
                0x0800252c                HAL_TIM_PWM_PulseFinishedHalfCpltCallback
 .text.HAL_TIM_TriggerCallback
                0x08002540       0x14 cmake/stm32cubemx/CMakeFiles/STM32_Drivers.dir/__/__/Drivers/STM32F4xx_HAL_Driver/Src/stm32f4xx_hal_tim.c.obj
                0x08002540                HAL_TIM_TriggerCallback
 .text.HAL_TIM_TriggerHalfCpltCallback
                0x08002554       0x14 cmake/stm32cubemx/CMakeFiles/STM32_Drivers.dir/__/__/Drivers/STM32F4xx_HAL_Driver/Src/stm32f4xx_hal_tim.c.obj
                0x08002554                HAL_TIM_TriggerHalfCpltCallback
 .text.HAL_TIM_ErrorCallback
                0x08002568       0x14 cmake/stm32cubemx/CMakeFiles/STM32_Drivers.dir/__/__/Drivers/STM32F4xx_HAL_Driver/Src/stm32f4xx_hal_tim.c.obj
                0x08002568                HAL_TIM_ErrorCallback
 .text.HAL_TIM_RegisterCallback
                0x0800257c      0x274 cmake/stm32cubemx/CMakeFiles/STM32_Drivers.dir/__/__/Drivers/STM32F4xx_HAL_Driver/Src/stm32f4xx_hal_tim.c.obj
                0x0800257c                HAL_TIM_RegisterCallback
 .text.TIM_Base_SetConfig
                0x080027f0      0x14c cmake/stm32cubemx/CMakeFiles/STM32_Drivers.dir/__/__/Drivers/STM32F4xx_HAL_Driver/Src/stm32f4xx_hal_tim.c.obj
                0x080027f0                TIM_Base_SetConfig
 .text.TIM_OC1_SetConfig
                0x0800293c       0xe0 cmake/stm32cubemx/CMakeFiles/STM32_Drivers.dir/__/__/Drivers/STM32F4xx_HAL_Driver/Src/stm32f4xx_hal_tim.c.obj
 .text.TIM_OC2_SetConfig
                0x08002a1c       0xec cmake/stm32cubemx/CMakeFiles/STM32_Drivers.dir/__/__/Drivers/STM32F4xx_HAL_Driver/Src/stm32f4xx_hal_tim.c.obj
                0x08002a1c                TIM_OC2_SetConfig
 .text.TIM_OC3_SetConfig
                0x08002b08       0xe8 cmake/stm32cubemx/CMakeFiles/STM32_Drivers.dir/__/__/Drivers/STM32F4xx_HAL_Driver/Src/stm32f4xx_hal_tim.c.obj
 .text.TIM_OC4_SetConfig
                0x08002bf0       0xac cmake/stm32cubemx/CMakeFiles/STM32_Drivers.dir/__/__/Drivers/STM32F4xx_HAL_Driver/Src/stm32f4xx_hal_tim.c.obj
 .text.TIM_CCxChannelCmd
                0x08002c9c       0x4a cmake/stm32cubemx/CMakeFiles/STM32_Drivers.dir/__/__/Drivers/STM32F4xx_HAL_Driver/Src/stm32f4xx_hal_tim.c.obj
                0x08002c9c                TIM_CCxChannelCmd
 *fill*         0x08002ce6        0x2 
 .text.TIM_ResetCallback
                0x08002ce8       0xb0 cmake/stm32cubemx/CMakeFiles/STM32_Drivers.dir/__/__/Drivers/STM32F4xx_HAL_Driver/Src/stm32f4xx_hal_tim.c.obj
                0x08002ce8                TIM_ResetCallback
 .text.HAL_TIMEx_MasterConfigSynchronization
                0x08002d98       0xf8 cmake/stm32cubemx/CMakeFiles/STM32_Drivers.dir/__/__/Drivers/STM32F4xx_HAL_Driver/Src/stm32f4xx_hal_tim_ex.c.obj
                0x08002d98                HAL_TIMEx_MasterConfigSynchronization
 .text.HAL_TIMEx_CommutCallback
                0x08002e90       0x14 cmake/stm32cubemx/CMakeFiles/STM32_Drivers.dir/__/__/Drivers/STM32F4xx_HAL_Driver/Src/stm32f4xx_hal_tim_ex.c.obj
                0x08002e90                HAL_TIMEx_CommutCallback
 .text.HAL_TIMEx_CommutHalfCpltCallback
                0x08002ea4       0x14 cmake/stm32cubemx/CMakeFiles/STM32_Drivers.dir/__/__/Drivers/STM32F4xx_HAL_Driver/Src/stm32f4xx_hal_tim_ex.c.obj
                0x08002ea4                HAL_TIMEx_CommutHalfCpltCallback
 .text.HAL_TIMEx_BreakCallback
                0x08002eb8       0x14 cmake/stm32cubemx/CMakeFiles/STM32_Drivers.dir/__/__/Drivers/STM32F4xx_HAL_Driver/Src/stm32f4xx_hal_tim_ex.c.obj
                0x08002eb8                HAL_TIMEx_BreakCallback
 .text.HAL_RCC_OscConfig
                0x08002ecc      0x4f0 cmake/stm32cubemx/CMakeFiles/STM32_Drivers.dir/__/__/Drivers/STM32F4xx_HAL_Driver/Src/stm32f4xx_hal_rcc.c.obj
                0x08002ecc                HAL_RCC_OscConfig
 .text.HAL_RCC_ClockConfig
                0x080033bc      0x1cc cmake/stm32cubemx/CMakeFiles/STM32_Drivers.dir/__/__/Drivers/STM32F4xx_HAL_Driver/Src/stm32f4xx_hal_rcc.c.obj
                0x080033bc                HAL_RCC_ClockConfig
 .text.HAL_RCC_GetSysClockFreq
                0x08003588      0x18c cmake/stm32cubemx/CMakeFiles/STM32_Drivers.dir/__/__/Drivers/STM32F4xx_HAL_Driver/Src/stm32f4xx_hal_rcc.c.obj
                0x08003588                HAL_RCC_GetSysClockFreq
 .text.HAL_RCC_GetHCLKFreq
                0x08003714       0x18 cmake/stm32cubemx/CMakeFiles/STM32_Drivers.dir/__/__/Drivers/STM32F4xx_HAL_Driver/Src/stm32f4xx_hal_rcc.c.obj
                0x08003714                HAL_RCC_GetHCLKFreq
 .text.HAL_RCC_GetPCLK1Freq
                0x0800372c       0x28 cmake/stm32cubemx/CMakeFiles/STM32_Drivers.dir/__/__/Drivers/STM32F4xx_HAL_Driver/Src/stm32f4xx_hal_rcc.c.obj
                0x0800372c                HAL_RCC_GetPCLK1Freq
 .text.HAL_RCC_GetPCLK2Freq
                0x08003754       0x28 cmake/stm32cubemx/CMakeFiles/STM32_Drivers.dir/__/__/Drivers/STM32F4xx_HAL_Driver/Src/stm32f4xx_hal_rcc.c.obj
                0x08003754                HAL_RCC_GetPCLK2Freq
 .text.HAL_RCC_GetClockConfig
                0x0800377c       0x64 cmake/stm32cubemx/CMakeFiles/STM32_Drivers.dir/__/__/Drivers/STM32F4xx_HAL_Driver/Src/stm32f4xx_hal_rcc.c.obj
                0x0800377c                HAL_RCC_GetClockConfig
 .text.HAL_GPIO_Init
                0x080037e0      0x338 cmake/stm32cubemx/CMakeFiles/STM32_Drivers.dir/__/__/Drivers/STM32F4xx_HAL_Driver/Src/stm32f4xx_hal_gpio.c.obj
                0x080037e0                HAL_GPIO_Init
 .text.HAL_GPIO_WritePin
                0x08003b18       0x32 cmake/stm32cubemx/CMakeFiles/STM32_Drivers.dir/__/__/Drivers/STM32F4xx_HAL_Driver/Src/stm32f4xx_hal_gpio.c.obj
                0x08003b18                HAL_GPIO_WritePin
 *fill*         0x08003b4a        0x2 
 .text.HAL_GPIO_EXTI_IRQHandler
                0x08003b4c       0x30 cmake/stm32cubemx/CMakeFiles/STM32_Drivers.dir/__/__/Drivers/STM32F4xx_HAL_Driver/Src/stm32f4xx_hal_gpio.c.obj
                0x08003b4c                HAL_GPIO_EXTI_IRQHandler
 .text.HAL_DMA_Init
                0x08003b7c      0x15c cmake/stm32cubemx/CMakeFiles/STM32_Drivers.dir/__/__/Drivers/STM32F4xx_HAL_Driver/Src/stm32f4xx_hal_dma.c.obj
                0x08003b7c                HAL_DMA_Init
 .text.HAL_DMA_Start_IT
                0x08003cd8       0xb0 cmake/stm32cubemx/CMakeFiles/STM32_Drivers.dir/__/__/Drivers/STM32F4xx_HAL_Driver/Src/stm32f4xx_hal_dma.c.obj
                0x08003cd8                HAL_DMA_Start_IT
 .text.HAL_DMA_Abort
                0x08003d88       0xe0 cmake/stm32cubemx/CMakeFiles/STM32_Drivers.dir/__/__/Drivers/STM32F4xx_HAL_Driver/Src/stm32f4xx_hal_dma.c.obj
                0x08003d88                HAL_DMA_Abort
 .text.HAL_DMA_Abort_IT
                0x08003e68       0x44 cmake/stm32cubemx/CMakeFiles/STM32_Drivers.dir/__/__/Drivers/STM32F4xx_HAL_Driver/Src/stm32f4xx_hal_dma.c.obj
                0x08003e68                HAL_DMA_Abort_IT
 .text.HAL_DMA_IRQHandler
                0x08003eac      0x314 cmake/stm32cubemx/CMakeFiles/STM32_Drivers.dir/__/__/Drivers/STM32F4xx_HAL_Driver/Src/stm32f4xx_hal_dma.c.obj
                0x08003eac                HAL_DMA_IRQHandler
 .text.DMA_SetConfig
                0x080041c0       0x5c cmake/stm32cubemx/CMakeFiles/STM32_Drivers.dir/__/__/Drivers/STM32F4xx_HAL_Driver/Src/stm32f4xx_hal_dma.c.obj
 .text.DMA_CalcBaseAndBitshift
                0x0800421c       0x6c cmake/stm32cubemx/CMakeFiles/STM32_Drivers.dir/__/__/Drivers/STM32F4xx_HAL_Driver/Src/stm32f4xx_hal_dma.c.obj
 .text.DMA_CheckFifoParam
                0x08004288       0xf8 cmake/stm32cubemx/CMakeFiles/STM32_Drivers.dir/__/__/Drivers/STM32F4xx_HAL_Driver/Src/stm32f4xx_hal_dma.c.obj
 .text.__NVIC_SetPriorityGrouping
                0x08004380       0x48 cmake/stm32cubemx/CMakeFiles/STM32_Drivers.dir/__/__/Drivers/STM32F4xx_HAL_Driver/Src/stm32f4xx_hal_cortex.c.obj
 .text.__NVIC_GetPriorityGrouping
                0x080043c8       0x1c cmake/stm32cubemx/CMakeFiles/STM32_Drivers.dir/__/__/Drivers/STM32F4xx_HAL_Driver/Src/stm32f4xx_hal_cortex.c.obj
 .text.__NVIC_EnableIRQ
                0x080043e4       0x3c cmake/stm32cubemx/CMakeFiles/STM32_Drivers.dir/__/__/Drivers/STM32F4xx_HAL_Driver/Src/stm32f4xx_hal_cortex.c.obj
 .text.__NVIC_SetPriority
                0x08004420       0x54 cmake/stm32cubemx/CMakeFiles/STM32_Drivers.dir/__/__/Drivers/STM32F4xx_HAL_Driver/Src/stm32f4xx_hal_cortex.c.obj
 .text.NVIC_EncodePriority
                0x08004474       0x66 cmake/stm32cubemx/CMakeFiles/STM32_Drivers.dir/__/__/Drivers/STM32F4xx_HAL_Driver/Src/stm32f4xx_hal_cortex.c.obj
 .text.HAL_NVIC_SetPriorityGrouping
                0x080044da       0x16 cmake/stm32cubemx/CMakeFiles/STM32_Drivers.dir/__/__/Drivers/STM32F4xx_HAL_Driver/Src/stm32f4xx_hal_cortex.c.obj
                0x080044da                HAL_NVIC_SetPriorityGrouping
 .text.HAL_NVIC_SetPriority
                0x080044f0       0x38 cmake/stm32cubemx/CMakeFiles/STM32_Drivers.dir/__/__/Drivers/STM32F4xx_HAL_Driver/Src/stm32f4xx_hal_cortex.c.obj
                0x080044f0                HAL_NVIC_SetPriority
 .text.HAL_NVIC_EnableIRQ
                0x08004528       0x1c cmake/stm32cubemx/CMakeFiles/STM32_Drivers.dir/__/__/Drivers/STM32F4xx_HAL_Driver/Src/stm32f4xx_hal_cortex.c.obj
                0x08004528                HAL_NVIC_EnableIRQ
 .text.HAL_Init
                0x08004544       0x44 cmake/stm32cubemx/CMakeFiles/STM32_Drivers.dir/__/__/Drivers/STM32F4xx_HAL_Driver/Src/stm32f4xx_hal.c.obj
                0x08004544                HAL_Init
 .text.HAL_IncTick
                0x08004588       0x28 cmake/stm32cubemx/CMakeFiles/STM32_Drivers.dir/__/__/Drivers/STM32F4xx_HAL_Driver/Src/stm32f4xx_hal.c.obj
                0x08004588                HAL_IncTick
 .text.HAL_GetTick
                0x080045b0       0x18 cmake/stm32cubemx/CMakeFiles/STM32_Drivers.dir/__/__/Drivers/STM32F4xx_HAL_Driver/Src/stm32f4xx_hal.c.obj
                0x080045b0                HAL_GetTick
 .text.HAL_Delay
                0x080045c8       0x48 cmake/stm32cubemx/CMakeFiles/STM32_Drivers.dir/__/__/Drivers/STM32F4xx_HAL_Driver/Src/stm32f4xx_hal.c.obj
                0x080045c8                HAL_Delay
 .text.HAL_SPI_Init
                0x08004610      0x178 cmake/stm32cubemx/CMakeFiles/STM32_Drivers.dir/__/__/Drivers/STM32F4xx_HAL_Driver/Src/stm32f4xx_hal_spi.c.obj
                0x08004610                HAL_SPI_Init
 .text.HAL_SPI_RegisterCallback
                0x08004788      0x144 cmake/stm32cubemx/CMakeFiles/STM32_Drivers.dir/__/__/Drivers/STM32F4xx_HAL_Driver/Src/stm32f4xx_hal_spi.c.obj
                0x08004788                HAL_SPI_RegisterCallback
 .text.HAL_SPI_Transmit
                0x080048cc      0x288 cmake/stm32cubemx/CMakeFiles/STM32_Drivers.dir/__/__/Drivers/STM32F4xx_HAL_Driver/Src/stm32f4xx_hal_spi.c.obj
                0x080048cc                HAL_SPI_Transmit
 .text.HAL_SPI_Receive
                0x08004b54      0x232 cmake/stm32cubemx/CMakeFiles/STM32_Drivers.dir/__/__/Drivers/STM32F4xx_HAL_Driver/Src/stm32f4xx_hal_spi.c.obj
                0x08004b54                HAL_SPI_Receive
 .text.HAL_SPI_TransmitReceive
                0x08004d86      0x352 cmake/stm32cubemx/CMakeFiles/STM32_Drivers.dir/__/__/Drivers/STM32F4xx_HAL_Driver/Src/stm32f4xx_hal_spi.c.obj
                0x08004d86                HAL_SPI_TransmitReceive
 .text.HAL_SPI_TransmitReceive_DMA
                0x080050d8      0x1f8 cmake/stm32cubemx/CMakeFiles/STM32_Drivers.dir/__/__/Drivers/STM32F4xx_HAL_Driver/Src/stm32f4xx_hal_spi.c.obj
                0x080050d8                HAL_SPI_TransmitReceive_DMA
 .text.HAL_SPI_TxCpltCallback
                0x080052d0       0x14 cmake/stm32cubemx/CMakeFiles/STM32_Drivers.dir/__/__/Drivers/STM32F4xx_HAL_Driver/Src/stm32f4xx_hal_spi.c.obj
                0x080052d0                HAL_SPI_TxCpltCallback
 .text.HAL_SPI_RxCpltCallback
                0x080052e4       0x14 cmake/stm32cubemx/CMakeFiles/STM32_Drivers.dir/__/__/Drivers/STM32F4xx_HAL_Driver/Src/stm32f4xx_hal_spi.c.obj
                0x080052e4                HAL_SPI_RxCpltCallback
 .text.HAL_SPI_TxRxCpltCallback
                0x080052f8       0x14 cmake/stm32cubemx/CMakeFiles/STM32_Drivers.dir/__/__/Drivers/STM32F4xx_HAL_Driver/Src/stm32f4xx_hal_spi.c.obj
                0x080052f8                HAL_SPI_TxRxCpltCallback
 .text.HAL_SPI_TxHalfCpltCallback
                0x0800530c       0x14 cmake/stm32cubemx/CMakeFiles/STM32_Drivers.dir/__/__/Drivers/STM32F4xx_HAL_Driver/Src/stm32f4xx_hal_spi.c.obj
                0x0800530c                HAL_SPI_TxHalfCpltCallback
 .text.HAL_SPI_RxHalfCpltCallback
                0x08005320       0x14 cmake/stm32cubemx/CMakeFiles/STM32_Drivers.dir/__/__/Drivers/STM32F4xx_HAL_Driver/Src/stm32f4xx_hal_spi.c.obj
                0x08005320                HAL_SPI_RxHalfCpltCallback
 .text.HAL_SPI_TxRxHalfCpltCallback
                0x08005334       0x14 cmake/stm32cubemx/CMakeFiles/STM32_Drivers.dir/__/__/Drivers/STM32F4xx_HAL_Driver/Src/stm32f4xx_hal_spi.c.obj
                0x08005334                HAL_SPI_TxRxHalfCpltCallback
 .text.HAL_SPI_ErrorCallback
                0x08005348       0x14 cmake/stm32cubemx/CMakeFiles/STM32_Drivers.dir/__/__/Drivers/STM32F4xx_HAL_Driver/Src/stm32f4xx_hal_spi.c.obj
                0x08005348                HAL_SPI_ErrorCallback
 .text.HAL_SPI_AbortCpltCallback
                0x0800535c       0x14 cmake/stm32cubemx/CMakeFiles/STM32_Drivers.dir/__/__/Drivers/STM32F4xx_HAL_Driver/Src/stm32f4xx_hal_spi.c.obj
                0x0800535c                HAL_SPI_AbortCpltCallback
 .text.HAL_SPI_GetState
                0x08005370       0x1c cmake/stm32cubemx/CMakeFiles/STM32_Drivers.dir/__/__/Drivers/STM32F4xx_HAL_Driver/Src/stm32f4xx_hal_spi.c.obj
                0x08005370                HAL_SPI_GetState
 .text.SPI_DMAReceiveCplt
                0x0800538c       0xac cmake/stm32cubemx/CMakeFiles/STM32_Drivers.dir/__/__/Drivers/STM32F4xx_HAL_Driver/Src/stm32f4xx_hal_spi.c.obj
 .text.SPI_DMATransmitReceiveCplt
                0x08005438       0x94 cmake/stm32cubemx/CMakeFiles/STM32_Drivers.dir/__/__/Drivers/STM32F4xx_HAL_Driver/Src/stm32f4xx_hal_spi.c.obj
 .text.SPI_DMAHalfReceiveCplt
                0x080054cc       0x1e cmake/stm32cubemx/CMakeFiles/STM32_Drivers.dir/__/__/Drivers/STM32F4xx_HAL_Driver/Src/stm32f4xx_hal_spi.c.obj
 .text.SPI_DMAHalfTransmitReceiveCplt
                0x080054ea       0x1e cmake/stm32cubemx/CMakeFiles/STM32_Drivers.dir/__/__/Drivers/STM32F4xx_HAL_Driver/Src/stm32f4xx_hal_spi.c.obj
 .text.SPI_DMAError
                0x08005508       0x42 cmake/stm32cubemx/CMakeFiles/STM32_Drivers.dir/__/__/Drivers/STM32F4xx_HAL_Driver/Src/stm32f4xx_hal_spi.c.obj
 *fill*         0x0800554a        0x2 
 .text.SPI_WaitFlagStateUntilTimeout
                0x0800554c      0x110 cmake/stm32cubemx/CMakeFiles/STM32_Drivers.dir/__/__/Drivers/STM32F4xx_HAL_Driver/Src/stm32f4xx_hal_spi.c.obj
 .text.SPI_EndRxTransaction
                0x0800565c       0xca cmake/stm32cubemx/CMakeFiles/STM32_Drivers.dir/__/__/Drivers/STM32F4xx_HAL_Driver/Src/stm32f4xx_hal_spi.c.obj
 *fill*         0x08005726        0x2 
 .text.SPI_EndRxTxTransaction
                0x08005728       0xa8 cmake/stm32cubemx/CMakeFiles/STM32_Drivers.dir/__/__/Drivers/STM32F4xx_HAL_Driver/Src/stm32f4xx_hal_spi.c.obj
 .text.HAL_UART_Init
                0x080057d0       0xa0 cmake/stm32cubemx/CMakeFiles/STM32_Drivers.dir/__/__/Drivers/STM32F4xx_HAL_Driver/Src/stm32f4xx_hal_uart.c.obj
                0x080057d0                HAL_UART_Init
 .text.HAL_UART_Transmit_DMA
                0x08005870       0xf8 cmake/stm32cubemx/CMakeFiles/STM32_Drivers.dir/__/__/Drivers/STM32F4xx_HAL_Driver/Src/stm32f4xx_hal_uart.c.obj
                0x08005870                HAL_UART_Transmit_DMA
 .text.HAL_UART_IRQHandler
                0x08005968      0x554 cmake/stm32cubemx/CMakeFiles/STM32_Drivers.dir/__/__/Drivers/STM32F4xx_HAL_Driver/Src/stm32f4xx_hal_uart.c.obj
                0x08005968                HAL_UART_IRQHandler
 .text.HAL_UART_TxCpltCallback
                0x08005ebc       0x14 cmake/stm32cubemx/CMakeFiles/STM32_Drivers.dir/__/__/Drivers/STM32F4xx_HAL_Driver/Src/stm32f4xx_hal_uart.c.obj
                0x08005ebc                HAL_UART_TxCpltCallback
 .text.HAL_UART_TxHalfCpltCallback
                0x08005ed0       0x14 cmake/stm32cubemx/CMakeFiles/STM32_Drivers.dir/__/__/Drivers/STM32F4xx_HAL_Driver/Src/stm32f4xx_hal_uart.c.obj
                0x08005ed0                HAL_UART_TxHalfCpltCallback
 .text.HAL_UART_RxCpltCallback
                0x08005ee4       0x14 cmake/stm32cubemx/CMakeFiles/STM32_Drivers.dir/__/__/Drivers/STM32F4xx_HAL_Driver/Src/stm32f4xx_hal_uart.c.obj
                0x08005ee4                HAL_UART_RxCpltCallback
 .text.HAL_UART_ErrorCallback
                0x08005ef8       0x14 cmake/stm32cubemx/CMakeFiles/STM32_Drivers.dir/__/__/Drivers/STM32F4xx_HAL_Driver/Src/stm32f4xx_hal_uart.c.obj
                0x08005ef8                HAL_UART_ErrorCallback
 .text.HAL_UARTEx_RxEventCallback
                0x08005f0c       0x18 cmake/stm32cubemx/CMakeFiles/STM32_Drivers.dir/__/__/Drivers/STM32F4xx_HAL_Driver/Src/stm32f4xx_hal_uart.c.obj
                0x08005f0c                HAL_UARTEx_RxEventCallback
 .text.UART_DMATransmitCplt
                0x08005f24       0x9a cmake/stm32cubemx/CMakeFiles/STM32_Drivers.dir/__/__/Drivers/STM32F4xx_HAL_Driver/Src/stm32f4xx_hal_uart.c.obj
 .text.UART_DMATxHalfCplt
                0x08005fbe       0x1c cmake/stm32cubemx/CMakeFiles/STM32_Drivers.dir/__/__/Drivers/STM32F4xx_HAL_Driver/Src/stm32f4xx_hal_uart.c.obj
 .text.UART_DMAError
                0x08005fda       0x94 cmake/stm32cubemx/CMakeFiles/STM32_Drivers.dir/__/__/Drivers/STM32F4xx_HAL_Driver/Src/stm32f4xx_hal_uart.c.obj
 .text.UART_EndTxTransfer
                0x0800606e       0x50 cmake/stm32cubemx/CMakeFiles/STM32_Drivers.dir/__/__/Drivers/STM32F4xx_HAL_Driver/Src/stm32f4xx_hal_uart.c.obj
 .text.UART_EndRxTransfer
                0x080060be       0xc6 cmake/stm32cubemx/CMakeFiles/STM32_Drivers.dir/__/__/Drivers/STM32F4xx_HAL_Driver/Src/stm32f4xx_hal_uart.c.obj
 .text.UART_DMAAbortOnError
                0x08006184       0x22 cmake/stm32cubemx/CMakeFiles/STM32_Drivers.dir/__/__/Drivers/STM32F4xx_HAL_Driver/Src/stm32f4xx_hal_uart.c.obj
 .text.UART_Transmit_IT
                0x080061a6       0xa0 cmake/stm32cubemx/CMakeFiles/STM32_Drivers.dir/__/__/Drivers/STM32F4xx_HAL_Driver/Src/stm32f4xx_hal_uart.c.obj
 .text.UART_EndTransmit_IT
                0x08006246       0x30 cmake/stm32cubemx/CMakeFiles/STM32_Drivers.dir/__/__/Drivers/STM32F4xx_HAL_Driver/Src/stm32f4xx_hal_uart.c.obj
 .text.UART_Receive_IT
                0x08006276      0x17c cmake/stm32cubemx/CMakeFiles/STM32_Drivers.dir/__/__/Drivers/STM32F4xx_HAL_Driver/Src/stm32f4xx_hal_uart.c.obj
 *fill*         0x080063f2        0x2 
 .text.UART_SetConfig
                0x080063f4      0x4e8 cmake/stm32cubemx/CMakeFiles/STM32_Drivers.dir/__/__/Drivers/STM32F4xx_HAL_Driver/Src/stm32f4xx_hal_uart.c.obj
 .text.vListInitialise
                0x080068dc       0x40 cmake/stm32cubemx/CMakeFiles/FreeRTOS.dir/__/__/Middlewares/Third_Party/FreeRTOS/Source/list.c.obj
                0x080068dc                vListInitialise
 .text.vListInitialiseItem
                0x0800691c       0x1a cmake/stm32cubemx/CMakeFiles/FreeRTOS.dir/__/__/Middlewares/Third_Party/FreeRTOS/Source/list.c.obj
                0x0800691c                vListInitialiseItem
 .text.vListInsertEnd
                0x08006936       0x48 cmake/stm32cubemx/CMakeFiles/FreeRTOS.dir/__/__/Middlewares/Third_Party/FreeRTOS/Source/list.c.obj
                0x08006936                vListInsertEnd
 .text.vListInsert
                0x0800697e       0x72 cmake/stm32cubemx/CMakeFiles/FreeRTOS.dir/__/__/Middlewares/Third_Party/FreeRTOS/Source/list.c.obj
                0x0800697e                vListInsert
 .text.uxListRemove
                0x080069f0       0x54 cmake/stm32cubemx/CMakeFiles/FreeRTOS.dir/__/__/Middlewares/Third_Party/FreeRTOS/Source/list.c.obj
                0x080069f0                uxListRemove
 .text.xQueueGenericReset
                0x08006a44       0xd4 cmake/stm32cubemx/CMakeFiles/FreeRTOS.dir/__/__/Middlewares/Third_Party/FreeRTOS/Source/queue.c.obj
                0x08006a44                xQueueGenericReset
 .text.xQueueGenericCreateStatic
                0x08006b18       0xfa cmake/stm32cubemx/CMakeFiles/FreeRTOS.dir/__/__/Middlewares/Third_Party/FreeRTOS/Source/queue.c.obj
                0x08006b18                xQueueGenericCreateStatic
 .text.xQueueGenericCreate
                0x08006c12       0x76 cmake/stm32cubemx/CMakeFiles/FreeRTOS.dir/__/__/Middlewares/Third_Party/FreeRTOS/Source/queue.c.obj
                0x08006c12                xQueueGenericCreate
 .text.prvInitialiseNewQueue
                0x08006c88       0x46 cmake/stm32cubemx/CMakeFiles/FreeRTOS.dir/__/__/Middlewares/Third_Party/FreeRTOS/Source/queue.c.obj
 .text.xQueueCreateCountingSemaphoreStatic
                0x08006cce       0x72 cmake/stm32cubemx/CMakeFiles/FreeRTOS.dir/__/__/Middlewares/Third_Party/FreeRTOS/Source/queue.c.obj
                0x08006cce                xQueueCreateCountingSemaphoreStatic
 .text.xQueueCreateCountingSemaphore
                0x08006d40       0x6a cmake/stm32cubemx/CMakeFiles/FreeRTOS.dir/__/__/Middlewares/Third_Party/FreeRTOS/Source/queue.c.obj
                0x08006d40                xQueueCreateCountingSemaphore
 *fill*         0x08006daa        0x2 
 .text.xQueueGenericSend
                0x08006dac      0x204 cmake/stm32cubemx/CMakeFiles/FreeRTOS.dir/__/__/Middlewares/Third_Party/FreeRTOS/Source/queue.c.obj
                0x08006dac                xQueueGenericSend
 .text.xQueueGenericSendFromISR
                0x08006fb0      0x13c cmake/stm32cubemx/CMakeFiles/FreeRTOS.dir/__/__/Middlewares/Third_Party/FreeRTOS/Source/queue.c.obj
                0x08006fb0                xQueueGenericSendFromISR
 .text.xQueueGiveFromISR
                0x080070ec      0x120 cmake/stm32cubemx/CMakeFiles/FreeRTOS.dir/__/__/Middlewares/Third_Party/FreeRTOS/Source/queue.c.obj
                0x080070ec                xQueueGiveFromISR
 .text.xQueueReceive
                0x0800720c      0x1c4 cmake/stm32cubemx/CMakeFiles/FreeRTOS.dir/__/__/Middlewares/Third_Party/FreeRTOS/Source/queue.c.obj
                0x0800720c                xQueueReceive
 .text.xQueueSemaphoreTake
                0x080073d0      0x220 cmake/stm32cubemx/CMakeFiles/FreeRTOS.dir/__/__/Middlewares/Third_Party/FreeRTOS/Source/queue.c.obj
                0x080073d0                xQueueSemaphoreTake
 .text.xQueueReceiveFromISR
                0x080075f0      0x104 cmake/stm32cubemx/CMakeFiles/FreeRTOS.dir/__/__/Middlewares/Third_Party/FreeRTOS/Source/queue.c.obj
                0x080075f0                xQueueReceiveFromISR
 .text.vQueueDelete
                0x080076f4       0x48 cmake/stm32cubemx/CMakeFiles/FreeRTOS.dir/__/__/Middlewares/Third_Party/FreeRTOS/Source/queue.c.obj
                0x080076f4                vQueueDelete
 .text.prvGetDisinheritPriorityAfterTimeout
                0x0800773c       0x30 cmake/stm32cubemx/CMakeFiles/FreeRTOS.dir/__/__/Middlewares/Third_Party/FreeRTOS/Source/queue.c.obj
 .text.prvCopyDataToQueue
                0x0800776c       0xd4 cmake/stm32cubemx/CMakeFiles/FreeRTOS.dir/__/__/Middlewares/Third_Party/FreeRTOS/Source/queue.c.obj
 .text.prvCopyDataFromQueue
                0x08007840       0x4c cmake/stm32cubemx/CMakeFiles/FreeRTOS.dir/__/__/Middlewares/Third_Party/FreeRTOS/Source/queue.c.obj
 .text.prvUnlockQueue
                0x0800788c       0xa4 cmake/stm32cubemx/CMakeFiles/FreeRTOS.dir/__/__/Middlewares/Third_Party/FreeRTOS/Source/queue.c.obj
 .text.prvIsQueueEmpty
                0x08007930       0x2c cmake/stm32cubemx/CMakeFiles/FreeRTOS.dir/__/__/Middlewares/Third_Party/FreeRTOS/Source/queue.c.obj
 .text.prvIsQueueFull
                0x0800795c       0x30 cmake/stm32cubemx/CMakeFiles/FreeRTOS.dir/__/__/Middlewares/Third_Party/FreeRTOS/Source/queue.c.obj
 .text.vQueueAddToRegistry
                0x0800798c       0x54 cmake/stm32cubemx/CMakeFiles/FreeRTOS.dir/__/__/Middlewares/Third_Party/FreeRTOS/Source/queue.c.obj
                0x0800798c                vQueueAddToRegistry
 .text.vQueueUnregisterQueue
                0x080079e0       0x54 cmake/stm32cubemx/CMakeFiles/FreeRTOS.dir/__/__/Middlewares/Third_Party/FreeRTOS/Source/queue.c.obj
                0x080079e0                vQueueUnregisterQueue
 .text.vQueueWaitForMessageRestricted
                0x08007a34       0x68 cmake/stm32cubemx/CMakeFiles/FreeRTOS.dir/__/__/Middlewares/Third_Party/FreeRTOS/Source/queue.c.obj
                0x08007a34                vQueueWaitForMessageRestricted
 .text.xTaskCreateStatic
                0x08007a9c       0xc0 cmake/stm32cubemx/CMakeFiles/FreeRTOS.dir/__/__/Middlewares/Third_Party/FreeRTOS/Source/tasks.c.obj
                0x08007a9c                xTaskCreateStatic
 .text.xTaskCreate
                0x08007b5c       0x8a cmake/stm32cubemx/CMakeFiles/FreeRTOS.dir/__/__/Middlewares/Third_Party/FreeRTOS/Source/tasks.c.obj
                0x08007b5c                xTaskCreate
 .text.prvInitialiseNewTask
                0x08007be6      0x120 cmake/stm32cubemx/CMakeFiles/FreeRTOS.dir/__/__/Middlewares/Third_Party/FreeRTOS/Source/tasks.c.obj
 *fill*         0x08007d06        0x2 
 .text.prvAddNewTaskToReadyList
                0x08007d08       0xe0 cmake/stm32cubemx/CMakeFiles/FreeRTOS.dir/__/__/Middlewares/Third_Party/FreeRTOS/Source/tasks.c.obj
 .text.vTaskDelayUntil
                0x08007de8      0x100 cmake/stm32cubemx/CMakeFiles/FreeRTOS.dir/__/__/Middlewares/Third_Party/FreeRTOS/Source/tasks.c.obj
                0x08007de8                vTaskDelayUntil
 .text.vTaskDelay
                0x08007ee8       0x6c cmake/stm32cubemx/CMakeFiles/FreeRTOS.dir/__/__/Middlewares/Third_Party/FreeRTOS/Source/tasks.c.obj
                0x08007ee8                vTaskDelay
 .text.vTaskStartScheduler
                0x08007f54       0xd0 cmake/stm32cubemx/CMakeFiles/FreeRTOS.dir/__/__/Middlewares/Third_Party/FreeRTOS/Source/tasks.c.obj
                0x08007f54                vTaskStartScheduler
 .text.vTaskSuspendAll
                0x08008024       0x1c cmake/stm32cubemx/CMakeFiles/FreeRTOS.dir/__/__/Middlewares/Third_Party/FreeRTOS/Source/tasks.c.obj
                0x08008024                vTaskSuspendAll
 .text.xTaskResumeAll
                0x08008040      0x13c cmake/stm32cubemx/CMakeFiles/FreeRTOS.dir/__/__/Middlewares/Third_Party/FreeRTOS/Source/tasks.c.obj
                0x08008040                xTaskResumeAll
 .text.xTaskGetTickCount
                0x0800817c       0x20 cmake/stm32cubemx/CMakeFiles/FreeRTOS.dir/__/__/Middlewares/Third_Party/FreeRTOS/Source/tasks.c.obj
                0x0800817c                xTaskGetTickCount
 .text.xTaskGetTickCountFromISR
                0x0800819c       0x24 cmake/stm32cubemx/CMakeFiles/FreeRTOS.dir/__/__/Middlewares/Third_Party/FreeRTOS/Source/tasks.c.obj
                0x0800819c                xTaskGetTickCountFromISR
 .text.xTaskIncrementTick
                0x080081c0      0x174 cmake/stm32cubemx/CMakeFiles/FreeRTOS.dir/__/__/Middlewares/Third_Party/FreeRTOS/Source/tasks.c.obj
                0x080081c0                xTaskIncrementTick
 .text.vTaskSwitchContext
                0x08008334       0xbc cmake/stm32cubemx/CMakeFiles/FreeRTOS.dir/__/__/Middlewares/Third_Party/FreeRTOS/Source/tasks.c.obj
                0x08008334                vTaskSwitchContext
 .text.vTaskPlaceOnEventList
                0x080083f0       0x4c cmake/stm32cubemx/CMakeFiles/FreeRTOS.dir/__/__/Middlewares/Third_Party/FreeRTOS/Source/tasks.c.obj
                0x080083f0                vTaskPlaceOnEventList
 .text.vTaskPlaceOnEventListRestricted
                0x0800843c       0x58 cmake/stm32cubemx/CMakeFiles/FreeRTOS.dir/__/__/Middlewares/Third_Party/FreeRTOS/Source/tasks.c.obj
                0x0800843c                vTaskPlaceOnEventListRestricted
 .text.xTaskRemoveFromEventList
                0x08008494       0xc8 cmake/stm32cubemx/CMakeFiles/FreeRTOS.dir/__/__/Middlewares/Third_Party/FreeRTOS/Source/tasks.c.obj
                0x08008494                xTaskRemoveFromEventList
 .text.vTaskInternalSetTimeOutState
                0x0800855c       0x2c cmake/stm32cubemx/CMakeFiles/FreeRTOS.dir/__/__/Middlewares/Third_Party/FreeRTOS/Source/tasks.c.obj
                0x0800855c                vTaskInternalSetTimeOutState
 .text.xTaskCheckForTimeOut
                0x08008588       0xc8 cmake/stm32cubemx/CMakeFiles/FreeRTOS.dir/__/__/Middlewares/Third_Party/FreeRTOS/Source/tasks.c.obj
                0x08008588                xTaskCheckForTimeOut
 .text.vTaskMissedYield
                0x08008650       0x18 cmake/stm32cubemx/CMakeFiles/FreeRTOS.dir/__/__/Middlewares/Third_Party/FreeRTOS/Source/tasks.c.obj
                0x08008650                vTaskMissedYield
 .text.prvIdleTask
                0x08008668       0x30 cmake/stm32cubemx/CMakeFiles/FreeRTOS.dir/__/__/Middlewares/Third_Party/FreeRTOS/Source/tasks.c.obj
 .text.prvInitialiseTaskLists
                0x08008698       0x80 cmake/stm32cubemx/CMakeFiles/FreeRTOS.dir/__/__/Middlewares/Third_Party/FreeRTOS/Source/tasks.c.obj
 .text.prvCheckTasksWaitingTermination
                0x08008718       0x5c cmake/stm32cubemx/CMakeFiles/FreeRTOS.dir/__/__/Middlewares/Third_Party/FreeRTOS/Source/tasks.c.obj
 .text.prvDeleteTCB
                0x08008774       0x60 cmake/stm32cubemx/CMakeFiles/FreeRTOS.dir/__/__/Middlewares/Third_Party/FreeRTOS/Source/tasks.c.obj
 .text.prvResetNextTaskUnblockTime
                0x080087d4       0x40 cmake/stm32cubemx/CMakeFiles/FreeRTOS.dir/__/__/Middlewares/Third_Party/FreeRTOS/Source/tasks.c.obj
 .text.xTaskGetSchedulerState
                0x08008814       0x3c cmake/stm32cubemx/CMakeFiles/FreeRTOS.dir/__/__/Middlewares/Third_Party/FreeRTOS/Source/tasks.c.obj
                0x08008814                xTaskGetSchedulerState
 .text.xTaskPriorityInherit
                0x08008850       0xd0 cmake/stm32cubemx/CMakeFiles/FreeRTOS.dir/__/__/Middlewares/Third_Party/FreeRTOS/Source/tasks.c.obj
                0x08008850                xTaskPriorityInherit
 .text.xTaskPriorityDisinherit
                0x08008920       0xe0 cmake/stm32cubemx/CMakeFiles/FreeRTOS.dir/__/__/Middlewares/Third_Party/FreeRTOS/Source/tasks.c.obj
                0x08008920                xTaskPriorityDisinherit
 .text.vTaskPriorityDisinheritAfterTimeout
                0x08008a00      0x108 cmake/stm32cubemx/CMakeFiles/FreeRTOS.dir/__/__/Middlewares/Third_Party/FreeRTOS/Source/tasks.c.obj
                0x08008a00                vTaskPriorityDisinheritAfterTimeout
 .text.pvTaskIncrementMutexHeldCount
                0x08008b08       0x28 cmake/stm32cubemx/CMakeFiles/FreeRTOS.dir/__/__/Middlewares/Third_Party/FreeRTOS/Source/tasks.c.obj
                0x08008b08                pvTaskIncrementMutexHeldCount
 .text.prvAddCurrentTaskToDelayedList
                0x08008b30       0xa8 cmake/stm32cubemx/CMakeFiles/FreeRTOS.dir/__/__/Middlewares/Third_Party/FreeRTOS/Source/tasks.c.obj
 .text.xTimerCreateTimerTask
                0x08008bd8       0x94 cmake/stm32cubemx/CMakeFiles/FreeRTOS.dir/__/__/Middlewares/Third_Party/FreeRTOS/Source/timers.c.obj
                0x08008bd8                xTimerCreateTimerTask
 .text.xTimerGenericCommand
                0x08008c6c       0x9c cmake/stm32cubemx/CMakeFiles/FreeRTOS.dir/__/__/Middlewares/Third_Party/FreeRTOS/Source/timers.c.obj
                0x08008c6c                xTimerGenericCommand
 .text.prvProcessExpiredTimer
                0x08008d08       0x9c cmake/stm32cubemx/CMakeFiles/FreeRTOS.dir/__/__/Middlewares/Third_Party/FreeRTOS/Source/timers.c.obj
 .text.prvTimerTask
                0x08008da4       0x26 cmake/stm32cubemx/CMakeFiles/FreeRTOS.dir/__/__/Middlewares/Third_Party/FreeRTOS/Source/timers.c.obj
 *fill*         0x08008dca        0x2 
 .text.prvProcessTimerOrBlockTask
                0x08008dcc       0x9c cmake/stm32cubemx/CMakeFiles/FreeRTOS.dir/__/__/Middlewares/Third_Party/FreeRTOS/Source/timers.c.obj
 .text.prvGetNextExpireTime
                0x08008e68       0x48 cmake/stm32cubemx/CMakeFiles/FreeRTOS.dir/__/__/Middlewares/Third_Party/FreeRTOS/Source/timers.c.obj
 .text.prvSampleTimeNow
                0x08008eb0       0x40 cmake/stm32cubemx/CMakeFiles/FreeRTOS.dir/__/__/Middlewares/Third_Party/FreeRTOS/Source/timers.c.obj
 .text.prvInsertTimerInActiveList
                0x08008ef0       0x84 cmake/stm32cubemx/CMakeFiles/FreeRTOS.dir/__/__/Middlewares/Third_Party/FreeRTOS/Source/timers.c.obj
 .text.prvProcessReceivedCommands
                0x08008f74      0x1cc cmake/stm32cubemx/CMakeFiles/FreeRTOS.dir/__/__/Middlewares/Third_Party/FreeRTOS/Source/timers.c.obj
 .text.prvSwitchTimerLists
                0x08009140       0xcc cmake/stm32cubemx/CMakeFiles/FreeRTOS.dir/__/__/Middlewares/Third_Party/FreeRTOS/Source/timers.c.obj
 .text.prvCheckForValidListAndQueue
                0x0800920c       0x80 cmake/stm32cubemx/CMakeFiles/FreeRTOS.dir/__/__/Middlewares/Third_Party/FreeRTOS/Source/timers.c.obj
 .text.__NVIC_SetPriority
                0x0800928c       0x54 cmake/stm32cubemx/CMakeFiles/FreeRTOS.dir/__/__/Middlewares/Third_Party/FreeRTOS/Source/CMSIS_RTOS_V2/cmsis_os2.c.obj
 .text.SysTick_Handler
                0x080092e0       0x20 cmake/stm32cubemx/CMakeFiles/FreeRTOS.dir/__/__/Middlewares/Third_Party/FreeRTOS/Source/CMSIS_RTOS_V2/cmsis_os2.c.obj
                0x080092e0                SysTick_Handler
 .text.SVC_Setup
                0x08009300       0x12 cmake/stm32cubemx/CMakeFiles/FreeRTOS.dir/__/__/Middlewares/Third_Party/FreeRTOS/Source/CMSIS_RTOS_V2/cmsis_os2.c.obj
 *fill*         0x08009312        0x2 
 .text.osKernelInitialize
                0x08009314       0x48 cmake/stm32cubemx/CMakeFiles/FreeRTOS.dir/__/__/Middlewares/Third_Party/FreeRTOS/Source/CMSIS_RTOS_V2/cmsis_os2.c.obj
                0x08009314                osKernelInitialize
 .text.osKernelStart
                0x0800935c       0x4c cmake/stm32cubemx/CMakeFiles/FreeRTOS.dir/__/__/Middlewares/Third_Party/FreeRTOS/Source/CMSIS_RTOS_V2/cmsis_os2.c.obj
                0x0800935c                osKernelStart
 .text.osKernelGetTickCount
                0x080093a8       0x2a cmake/stm32cubemx/CMakeFiles/FreeRTOS.dir/__/__/Middlewares/Third_Party/FreeRTOS/Source/CMSIS_RTOS_V2/cmsis_os2.c.obj
                0x080093a8                osKernelGetTickCount
 .text.osThreadNew
                0x080093d2      0x126 cmake/stm32cubemx/CMakeFiles/FreeRTOS.dir/__/__/Middlewares/Third_Party/FreeRTOS/Source/CMSIS_RTOS_V2/cmsis_os2.c.obj
                0x080093d2                osThreadNew
 .text.osDelay  0x080094f8       0x36 cmake/stm32cubemx/CMakeFiles/FreeRTOS.dir/__/__/Middlewares/Third_Party/FreeRTOS/Source/CMSIS_RTOS_V2/cmsis_os2.c.obj
                0x080094f8                osDelay
 .text.osDelayUntil
                0x0800952e       0x5a cmake/stm32cubemx/CMakeFiles/FreeRTOS.dir/__/__/Middlewares/Third_Party/FreeRTOS/Source/CMSIS_RTOS_V2/cmsis_os2.c.obj
                0x0800952e                osDelayUntil
 .text.osSemaphoreNew
                0x08009588      0x112 cmake/stm32cubemx/CMakeFiles/FreeRTOS.dir/__/__/Middlewares/Third_Party/FreeRTOS/Source/CMSIS_RTOS_V2/cmsis_os2.c.obj
                0x08009588                osSemaphoreNew
 *fill*         0x0800969a        0x2 
 .text.osSemaphoreAcquire
                0x0800969c       0xa4 cmake/stm32cubemx/CMakeFiles/FreeRTOS.dir/__/__/Middlewares/Third_Party/FreeRTOS/Source/CMSIS_RTOS_V2/cmsis_os2.c.obj
                0x0800969c                osSemaphoreAcquire
 .text.osSemaphoreRelease
                0x08009740       0x88 cmake/stm32cubemx/CMakeFiles/FreeRTOS.dir/__/__/Middlewares/Third_Party/FreeRTOS/Source/CMSIS_RTOS_V2/cmsis_os2.c.obj
                0x08009740                osSemaphoreRelease
 .text.osMessageQueueNew
                0x080097c8       0xe6 cmake/stm32cubemx/CMakeFiles/FreeRTOS.dir/__/__/Middlewares/Third_Party/FreeRTOS/Source/CMSIS_RTOS_V2/cmsis_os2.c.obj
                0x080097c8                osMessageQueueNew
 *fill*         0x080098ae        0x2 
 .text.osMessageQueuePut
                0x080098b0       0xc0 cmake/stm32cubemx/CMakeFiles/FreeRTOS.dir/__/__/Middlewares/Third_Party/FreeRTOS/Source/CMSIS_RTOS_V2/cmsis_os2.c.obj
                0x080098b0                osMessageQueuePut
 .text.osMessageQueueGet
                0x08009970       0xbc cmake/stm32cubemx/CMakeFiles/FreeRTOS.dir/__/__/Middlewares/Third_Party/FreeRTOS/Source/CMSIS_RTOS_V2/cmsis_os2.c.obj
                0x08009970                osMessageQueueGet
 .text.osMessageQueueDelete
                0x08009a2c       0x48 cmake/stm32cubemx/CMakeFiles/FreeRTOS.dir/__/__/Middlewares/Third_Party/FreeRTOS/Source/CMSIS_RTOS_V2/cmsis_os2.c.obj
                0x08009a2c                osMessageQueueDelete
 .text.vApplicationGetIdleTaskMemory
                0x08009a74       0x34 cmake/stm32cubemx/CMakeFiles/FreeRTOS.dir/__/__/Middlewares/Third_Party/FreeRTOS/Source/CMSIS_RTOS_V2/cmsis_os2.c.obj
                0x08009a74                vApplicationGetIdleTaskMemory
 .text.vApplicationGetTimerTaskMemory
                0x08009aa8       0x34 cmake/stm32cubemx/CMakeFiles/FreeRTOS.dir/__/__/Middlewares/Third_Party/FreeRTOS/Source/CMSIS_RTOS_V2/cmsis_os2.c.obj
                0x08009aa8                vApplicationGetTimerTaskMemory
 .text.pvPortMalloc
                0x08009adc      0x19c cmake/stm32cubemx/CMakeFiles/FreeRTOS.dir/__/__/Middlewares/Third_Party/FreeRTOS/Source/portable/MemMang/heap_4.c.obj
                0x08009adc                pvPortMalloc
 .text.vPortFree
                0x08009c78       0xc8 cmake/stm32cubemx/CMakeFiles/FreeRTOS.dir/__/__/Middlewares/Third_Party/FreeRTOS/Source/portable/MemMang/heap_4.c.obj
                0x08009c78                vPortFree
 .text.prvHeapInit
                0x08009d40       0xc4 cmake/stm32cubemx/CMakeFiles/FreeRTOS.dir/__/__/Middlewares/Third_Party/FreeRTOS/Source/portable/MemMang/heap_4.c.obj
 .text.prvInsertBlockIntoFreeList
                0x08009e04       0xb4 cmake/stm32cubemx/CMakeFiles/FreeRTOS.dir/__/__/Middlewares/Third_Party/FreeRTOS/Source/portable/MemMang/heap_4.c.obj
 .text.pxPortInitialiseStack
                0x08009eb8       0x68 cmake/stm32cubemx/CMakeFiles/FreeRTOS.dir/__/__/Middlewares/Third_Party/FreeRTOS/Source/portable/GCC/ARM_CM4F/port.c.obj
                0x08009eb8                pxPortInitialiseStack
 .text.prvTaskExitError
                0x08009f20       0x5c cmake/stm32cubemx/CMakeFiles/FreeRTOS.dir/__/__/Middlewares/Third_Party/FreeRTOS/Source/portable/GCC/ARM_CM4F/port.c.obj
 *fill*         0x08009f7c        0x4 
 .text.SVC_Handler
                0x08009f80       0x28 cmake/stm32cubemx/CMakeFiles/FreeRTOS.dir/__/__/Middlewares/Third_Party/FreeRTOS/Source/portable/GCC/ARM_CM4F/port.c.obj
                0x08009f80                SVC_Handler
 .text.prvPortStartFirstTask
                0x08009fa8       0x28 cmake/stm32cubemx/CMakeFiles/FreeRTOS.dir/__/__/Middlewares/Third_Party/FreeRTOS/Source/portable/GCC/ARM_CM4F/port.c.obj
 .text.xPortStartScheduler
                0x08009fd0      0x148 cmake/stm32cubemx/CMakeFiles/FreeRTOS.dir/__/__/Middlewares/Third_Party/FreeRTOS/Source/portable/GCC/ARM_CM4F/port.c.obj
                0x08009fd0                xPortStartScheduler
 .text.vPortEnterCritical
                0x0800a118       0x64 cmake/stm32cubemx/CMakeFiles/FreeRTOS.dir/__/__/Middlewares/Third_Party/FreeRTOS/Source/portable/GCC/ARM_CM4F/port.c.obj
                0x0800a118                vPortEnterCritical
 .text.vPortExitCritical
                0x0800a17c       0x54 cmake/stm32cubemx/CMakeFiles/FreeRTOS.dir/__/__/Middlewares/Third_Party/FreeRTOS/Source/portable/GCC/ARM_CM4F/port.c.obj
                0x0800a17c                vPortExitCritical
 .text.PendSV_Handler
                0x0800a1d0       0x68 cmake/stm32cubemx/CMakeFiles/FreeRTOS.dir/__/__/Middlewares/Third_Party/FreeRTOS/Source/portable/GCC/ARM_CM4F/port.c.obj
                0x0800a1d0                PendSV_Handler
 .text.xPortSysTickHandler
                0x0800a238       0x44 cmake/stm32cubemx/CMakeFiles/FreeRTOS.dir/__/__/Middlewares/Third_Party/FreeRTOS/Source/portable/GCC/ARM_CM4F/port.c.obj
                0x0800a238                xPortSysTickHandler
 .text.vPortSetupTimerInterrupt
                0x0800a27c       0x48 cmake/stm32cubemx/CMakeFiles/FreeRTOS.dir/__/__/Middlewares/Third_Party/FreeRTOS/Source/portable/GCC/ARM_CM4F/port.c.obj
                0x0800a27c                vPortSetupTimerInterrupt
 .text.vPortEnableVFP
                0x0800a2c4       0x14 cmake/stm32cubemx/CMakeFiles/FreeRTOS.dir/__/__/Middlewares/Third_Party/FreeRTOS/Source/portable/GCC/ARM_CM4F/port.c.obj
 .text.vPortValidateInterruptPriority
                0x0800a2d8       0x84 cmake/stm32cubemx/CMakeFiles/FreeRTOS.dir/__/__/Middlewares/Third_Party/FreeRTOS/Source/portable/GCC/ARM_CM4F/port.c.obj
                0x0800a2d8                vPortValidateInterruptPriority
 .text.main     0x0800a35c       0x38 CMakeFiles/master_2.dir/Core/Src/main.c.obj
                0x0800a35c                main
 .text.SystemClock_Config
                0x0800a394       0xd4 CMakeFiles/master_2.dir/Core/Src/main.c.obj
                0x0800a394                SystemClock_Config
 .text.HAL_TIM_PeriodElapsedCallback
                0x0800a468       0x24 CMakeFiles/master_2.dir/Core/Src/main.c.obj
                0x0800a468                HAL_TIM_PeriodElapsedCallback
 .text.Error_Handler
                0x0800a48c        0xc CMakeFiles/master_2.dir/Core/Src/main.c.obj
                0x0800a48c                Error_Handler
 .text.MX_GPIO_Init
                0x0800a498      0x15c CMakeFiles/master_2.dir/Core/Src/gpio.c.obj
                0x0800a498                MX_GPIO_Init
 .text.MX_FREERTOS_Init
                0x0800a5f4      0x150 CMakeFiles/master_2.dir/Core/Src/freertos.c.obj
                0x0800a5f4                MX_FREERTOS_Init
 .text.AppDebugTask
                0x0800a744       0x10 CMakeFiles/master_2.dir/Core/Src/freertos.c.obj
                0x0800a744                AppDebugTask
 .text.MX_DMA_Init
                0x0800a754       0x70 CMakeFiles/master_2.dir/Core/Src/dma.c.obj
                0x0800a754                MX_DMA_Init
 .text.MX_SPI1_Init
                0x0800a7c4       0x6c CMakeFiles/master_2.dir/Core/Src/spi.c.obj
                0x0800a7c4                MX_SPI1_Init
 .text.HAL_SPI_MspInit
                0x0800a830      0x198 CMakeFiles/master_2.dir/Core/Src/spi.c.obj
                0x0800a830                HAL_SPI_MspInit
 .text.MX_TIM7_Init
                0x0800a9c8       0x6c CMakeFiles/master_2.dir/Core/Src/tim.c.obj
                0x0800a9c8                MX_TIM7_Init
 .text.MX_TIM10_Init
                0x0800aa34       0x9c CMakeFiles/master_2.dir/Core/Src/tim.c.obj
                0x0800aa34                MX_TIM10_Init
 .text.HAL_TIM_Base_MspInit
                0x0800aad0       0x7c CMakeFiles/master_2.dir/Core/Src/tim.c.obj
                0x0800aad0                HAL_TIM_Base_MspInit
 .text.HAL_TIM_MspPostInit
                0x0800ab4c       0x74 CMakeFiles/master_2.dir/Core/Src/tim.c.obj
                0x0800ab4c                HAL_TIM_MspPostInit
 .text.MX_USART1_UART_Init
                0x0800abc0       0x54 CMakeFiles/master_2.dir/Core/Src/usart.c.obj
                0x0800abc0                MX_USART1_UART_Init
 .text.MX_USART6_UART_Init
                0x0800ac14       0x54 CMakeFiles/master_2.dir/Core/Src/usart.c.obj
                0x0800ac14                MX_USART6_UART_Init
 .text.HAL_UART_MspInit
                0x0800ac68      0x228 CMakeFiles/master_2.dir/Core/Src/usart.c.obj
                0x0800ac68                HAL_UART_MspInit
 .text.NMI_Handler
                0x0800ae90        0x8 CMakeFiles/master_2.dir/Core/Src/stm32f4xx_it.c.obj
                0x0800ae90                NMI_Handler
 .text.HardFault_Handler
                0x0800ae98        0x8 CMakeFiles/master_2.dir/Core/Src/stm32f4xx_it.c.obj
                0x0800ae98                HardFault_Handler
 .text.MemManage_Handler
                0x0800aea0        0x8 CMakeFiles/master_2.dir/Core/Src/stm32f4xx_it.c.obj
                0x0800aea0                MemManage_Handler
 .text.BusFault_Handler
                0x0800aea8        0x8 CMakeFiles/master_2.dir/Core/Src/stm32f4xx_it.c.obj
                0x0800aea8                BusFault_Handler
 .text.UsageFault_Handler
                0x0800aeb0        0x8 CMakeFiles/master_2.dir/Core/Src/stm32f4xx_it.c.obj
                0x0800aeb0                UsageFault_Handler
 .text.DebugMon_Handler
                0x0800aeb8        0xe CMakeFiles/master_2.dir/Core/Src/stm32f4xx_it.c.obj
                0x0800aeb8                DebugMon_Handler
 .text.EXTI4_IRQHandler
                0x0800aec6        0xe CMakeFiles/master_2.dir/Core/Src/stm32f4xx_it.c.obj
                0x0800aec6                EXTI4_IRQHandler
 .text.EXTI9_5_IRQHandler
                0x0800aed4        0xe CMakeFiles/master_2.dir/Core/Src/stm32f4xx_it.c.obj
                0x0800aed4                EXTI9_5_IRQHandler
 *fill*         0x0800aee2        0x2 
 .text.USART1_IRQHandler
                0x0800aee4       0x14 CMakeFiles/master_2.dir/Core/Src/stm32f4xx_it.c.obj
                0x0800aee4                USART1_IRQHandler
 .text.TIM6_DAC_IRQHandler
                0x0800aef8       0x14 CMakeFiles/master_2.dir/Core/Src/stm32f4xx_it.c.obj
                0x0800aef8                TIM6_DAC_IRQHandler
 .text.TIM7_IRQHandler
                0x0800af0c       0x14 CMakeFiles/master_2.dir/Core/Src/stm32f4xx_it.c.obj
                0x0800af0c                TIM7_IRQHandler
 .text.DMA2_Stream0_IRQHandler
                0x0800af20       0x14 CMakeFiles/master_2.dir/Core/Src/stm32f4xx_it.c.obj
                0x0800af20                DMA2_Stream0_IRQHandler
 .text.DMA2_Stream3_IRQHandler
                0x0800af34       0x14 CMakeFiles/master_2.dir/Core/Src/stm32f4xx_it.c.obj
                0x0800af34                DMA2_Stream3_IRQHandler
 .text.DMA2_Stream6_IRQHandler
                0x0800af48       0x14 CMakeFiles/master_2.dir/Core/Src/stm32f4xx_it.c.obj
                0x0800af48                DMA2_Stream6_IRQHandler
 .text.DMA2_Stream7_IRQHandler
                0x0800af5c       0x14 CMakeFiles/master_2.dir/Core/Src/stm32f4xx_it.c.obj
                0x0800af5c                DMA2_Stream7_IRQHandler
 .text.USART6_IRQHandler
                0x0800af70       0x14 CMakeFiles/master_2.dir/Core/Src/stm32f4xx_it.c.obj
                0x0800af70                USART6_IRQHandler
 .text.HAL_MspInit
                0x0800af84       0x58 CMakeFiles/master_2.dir/Core/Src/stm32f4xx_hal_msp.c.obj
                0x0800af84                HAL_MspInit
 .text.HAL_InitTick
                0x0800afdc      0x108 CMakeFiles/master_2.dir/Core/Src/stm32f4xx_hal_timebase_tim.c.obj
                0x0800afdc                HAL_InitTick
 .text.TimeBase_TIM_PeriodElapsedCallback
                0x0800b0e4       0x14 CMakeFiles/master_2.dir/Core/Src/stm32f4xx_hal_timebase_tim.c.obj
                0x0800b0e4                TimeBase_TIM_PeriodElapsedCallback
 .text._sbrk    0x0800b0f8       0x6c CMakeFiles/master_2.dir/Core/Src/sysmem.c.obj
                0x0800b0f8                _sbrk
 .text.Reset_Handler
                0x0800b164       0x50 CMakeFiles/master_2.dir/startup_stm32f407xx.s.obj
                0x0800b164                Reset_Handler
 .text.Default_Handler
                0x0800b1b4        0x2 CMakeFiles/master_2.dir/startup_stm32f407xx.s.obj
                0x0800b1b4                RTC_Alarm_IRQHandler
                0x0800b1b4                HASH_RNG_IRQHandler
                0x0800b1b4                EXTI2_IRQHandler
                0x0800b1b4                TIM8_CC_IRQHandler
                0x0800b1b4                TIM1_CC_IRQHandler
                0x0800b1b4                DMA2_Stream5_IRQHandler
                0x0800b1b4                DMA1_Stream5_IRQHandler
                0x0800b1b4                PVD_IRQHandler
                0x0800b1b4                SDIO_IRQHandler
                0x0800b1b4                TAMP_STAMP_IRQHandler
                0x0800b1b4                CAN2_RX1_IRQHandler
                0x0800b1b4                EXTI3_IRQHandler
                0x0800b1b4                TIM8_TRG_COM_TIM14_IRQHandler
                0x0800b1b4                TIM1_UP_TIM10_IRQHandler
                0x0800b1b4                TIM8_UP_TIM13_IRQHandler
                0x0800b1b4                I2C3_ER_IRQHandler
                0x0800b1b4                EXTI0_IRQHandler
                0x0800b1b4                I2C2_EV_IRQHandler
                0x0800b1b4                DMA1_Stream2_IRQHandler
                0x0800b1b4                CAN1_RX0_IRQHandler
                0x0800b1b4                FPU_IRQHandler
                0x0800b1b4                OTG_HS_WKUP_IRQHandler
                0x0800b1b4                CAN2_SCE_IRQHandler
                0x0800b1b4                DMA2_Stream2_IRQHandler
                0x0800b1b4                SPI1_IRQHandler
                0x0800b1b4                TIM1_BRK_TIM9_IRQHandler
                0x0800b1b4                DCMI_IRQHandler
                0x0800b1b4                CAN2_RX0_IRQHandler
                0x0800b1b4                USART3_IRQHandler
                0x0800b1b4                CAN1_RX1_IRQHandler
                0x0800b1b4                UART5_IRQHandler
                0x0800b1b4                TIM4_IRQHandler
                0x0800b1b4                I2C1_EV_IRQHandler
                0x0800b1b4                DMA1_Stream6_IRQHandler
                0x0800b1b4                DMA1_Stream1_IRQHandler
                0x0800b1b4                UART4_IRQHandler
                0x0800b1b4                TIM3_IRQHandler
                0x0800b1b4                RCC_IRQHandler
                0x0800b1b4                TIM8_BRK_TIM12_IRQHandler
                0x0800b1b4                Default_Handler
                0x0800b1b4                EXTI15_10_IRQHandler
                0x0800b1b4                ADC_IRQHandler
                0x0800b1b4                DMA1_Stream7_IRQHandler
                0x0800b1b4                CAN2_TX_IRQHandler
                0x0800b1b4                TIM5_IRQHandler
                0x0800b1b4                I2C3_EV_IRQHandler
                0x0800b1b4                RTC_WKUP_IRQHandler
                0x0800b1b4                ETH_WKUP_IRQHandler
                0x0800b1b4                SPI2_IRQHandler
                0x0800b1b4                OTG_HS_EP1_IN_IRQHandler
                0x0800b1b4                DMA1_Stream0_IRQHandler
                0x0800b1b4                CAN1_TX_IRQHandler
                0x0800b1b4                FSMC_IRQHandler
                0x0800b1b4                ETH_IRQHandler
                0x0800b1b4                OTG_HS_EP1_OUT_IRQHandler
                0x0800b1b4                WWDG_IRQHandler
                0x0800b1b4                TIM2_IRQHandler
                0x0800b1b4                OTG_FS_WKUP_IRQHandler
                0x0800b1b4                TIM1_TRG_COM_TIM11_IRQHandler
                0x0800b1b4                OTG_HS_IRQHandler
                0x0800b1b4                EXTI1_IRQHandler
                0x0800b1b4                USART2_IRQHandler
                0x0800b1b4                I2C2_ER_IRQHandler
                0x0800b1b4                DMA2_Stream1_IRQHandler
                0x0800b1b4                CAN1_SCE_IRQHandler
                0x0800b1b4                FLASH_IRQHandler
                0x0800b1b4                DMA2_Stream4_IRQHandler
                0x0800b1b4                OTG_FS_IRQHandler
                0x0800b1b4                SPI3_IRQHandler
                0x0800b1b4                DMA1_Stream4_IRQHandler
                0x0800b1b4                I2C1_ER_IRQHandler
                0x0800b1b4                DMA1_Stream3_IRQHandler
 *fill*         0x0800b1b6        0x2 
 .text._ZN6Bmi088C2E31Bmi088CommunicationController_t42Bmi088TemperatureCommunicationController_t
                0x0800b1b8       0xe8 CMakeFiles/master_2.dir/Core/Hardware/bmi088/bmi088.cpp.obj
                0x0800b1b8                Bmi088::Bmi088(Bmi088CommunicationController_t, Bmi088TemperatureCommunicationController_t)
                0x0800b1b8                Bmi088::Bmi088(Bmi088CommunicationController_t, Bmi088TemperatureCommunicationController_t)
 .text._ZN6Bmi088D2Ev
                0x0800b2a0       0x1c CMakeFiles/master_2.dir/Core/Hardware/bmi088/bmi088.cpp.obj
                0x0800b2a0                Bmi088::~Bmi088()
                0x0800b2a0                Bmi088::~Bmi088()
 .text._ZN6Bmi0885setupEv
                0x0800b2bc      0x148 CMakeFiles/master_2.dir/Core/Hardware/bmi088/bmi088.cpp.obj
                0x0800b2bc                Bmi088::setup()
 .text._ZN6Bmi0887controlEv
                0x0800b404      0x1f4 CMakeFiles/master_2.dir/Core/Hardware/bmi088/bmi088.cpp.obj
                0x0800b404                Bmi088::control()
 .text._ZN6Bmi08812temp_controlEv
                0x0800b5f8       0x58 CMakeFiles/master_2.dir/Core/Hardware/bmi088/bmi088.cpp.obj
                0x0800b5f8                Bmi088::temp_control()
 .text._ZN6Bmi0888callbackEv
                0x0800b650      0x184 CMakeFiles/master_2.dir/Core/Hardware/bmi088/bmi088.cpp.obj
                0x0800b650                Bmi088::callback()
 .text._ZN6Bmi08810_write_regE15Bmi088RegType_thh
                0x0800b7d4       0xce CMakeFiles/master_2.dir/Core/Hardware/bmi088/bmi088.cpp.obj
                0x0800b7d4                Bmi088::_write_reg(Bmi088RegType_t, unsigned char, unsigned char)
 .text._ZN6Bmi0889_read_regE15Bmi088RegType_thPh
                0x0800b8a2       0xe2 CMakeFiles/master_2.dir/Core/Hardware/bmi088/bmi088.cpp.obj
                0x0800b8a2                Bmi088::_read_reg(Bmi088RegType_t, unsigned char, unsigned char*)
 .text._ZN6Bmi08812_acc_checkidEv
                0x0800b984       0x2e CMakeFiles/master_2.dir/Core/Hardware/bmi088/bmi088.cpp.obj
                0x0800b984                Bmi088::_acc_checkid()
 .text._ZN6Bmi08813_gyro_checkidEv
                0x0800b9b2       0x2e CMakeFiles/master_2.dir/Core/Hardware/bmi088/bmi088.cpp.obj
                0x0800b9b2                Bmi088::_gyro_checkid()
 .text._ZN6Bmi08818_get_acc_rx_bufferEv
                0x0800b9e0       0x18 CMakeFiles/master_2.dir/Core/Hardware/bmi088/bmi088.cpp.obj
                0x0800b9e0                Bmi088::_get_acc_rx_buffer()
 .text._ZN6Bmi08819_get_gyro_rx_bufferEv
                0x0800b9f8       0x18 CMakeFiles/master_2.dir/Core/Hardware/bmi088/bmi088.cpp.obj
                0x0800b9f8                Bmi088::_get_gyro_rx_buffer()
 .text._ZN6Bmi08826_get_temperature_rx_bufferEv
                0x0800ba10       0x1c CMakeFiles/master_2.dir/Core/Hardware/bmi088/bmi088.cpp.obj
                0x0800ba10                Bmi088::_get_temperature_rx_buffer()
 .text._ZN6Bmi08824pack_bmi088_status_queueER19Bmi088StatusQueue_t
                0x0800ba2c       0x34 CMakeFiles/master_2.dir/Core/Hardware/bmi088/bmi088.cpp.obj
                0x0800ba2c                Bmi088::pack_bmi088_status_queue(Bmi088StatusQueue_t&)
 .text.AppBmi088Task
                0x0800ba60      0x184 CMakeFiles/master_2.dir/Core/Hardware/bmi088/bmi088_task.cpp.obj
                0x0800ba60                AppBmi088Task
 .text.HAL_GPIO_EXTI_Callback
                0x0800bbe4       0x30 CMakeFiles/master_2.dir/Core/Hardware/bmi088/bmi088_task.cpp.obj
                0x0800bbe4                HAL_GPIO_EXTI_Callback
 .text._ZN6Bmi08822ACC_GPIO_EXTI_CallbackEt
                0x0800bc14       0xe4 CMakeFiles/master_2.dir/Core/Hardware/bmi088/bmi088_task.cpp.obj
                0x0800bc14                Bmi088::ACC_GPIO_EXTI_Callback(unsigned short)
 .text._ZN6Bmi08823GYRO_GPIO_EXTI_CallbackEt
                0x0800bcf8       0xe4 CMakeFiles/master_2.dir/Core/Hardware/bmi088/bmi088_task.cpp.obj
                0x0800bcf8                Bmi088::GYRO_GPIO_EXTI_Callback(unsigned short)
 .text._ZN17Bmi088Temperature21PeriodElapsedCallbackEP19__TIM_HandleTypeDef
                0x0800bddc       0xe8 CMakeFiles/master_2.dir/Core/Hardware/bmi088/bmi088_task.cpp.obj
                0x0800bddc                Bmi088Temperature::PeriodElapsedCallback(__TIM_HandleTypeDef*)
 .text._ZN6Bmi08820SPI_TxRxCpltCallbackEP19__SPI_HandleTypeDef
                0x0800bec4       0xf8 CMakeFiles/master_2.dir/Core/Hardware/bmi088/bmi088_task.cpp.obj
                0x0800bec4                Bmi088::SPI_TxRxCpltCallback(__SPI_HandleTypeDef*)
 .text._ZN3PIDD2Ev
                0x0800bfbc       0x20 CMakeFiles/master_2.dir/Core/Hardware/bmi088/bmi088_temperature.cpp.obj
                0x0800bfbc                PID::~PID()
                0x0800bfbc                PID::~PID()
 .text._ZN3PIDD0Ev
                0x0800bfdc       0x20 CMakeFiles/master_2.dir/Core/Hardware/bmi088/bmi088_temperature.cpp.obj
                0x0800bfdc                PID::~PID()
 .text._ZN21Bmi088Temperature_PIDD2Ev
                0x0800bffc       0x24 CMakeFiles/master_2.dir/Core/Hardware/bmi088/bmi088_temperature.cpp.obj
                0x0800bffc                Bmi088Temperature_PID::~Bmi088Temperature_PID()
                0x0800bffc                Bmi088Temperature_PID::~Bmi088Temperature_PID()
 .text._ZN21Bmi088Temperature_PIDD0Ev
                0x0800c020       0x20 CMakeFiles/master_2.dir/Core/Hardware/bmi088/bmi088_temperature.cpp.obj
                0x0800c020                Bmi088Temperature_PID::~Bmi088Temperature_PID()
 .text._ZN17Bmi088TemperatureC2E42Bmi088TemperatureCommunicationController_t
                0x0800c040       0x88 CMakeFiles/master_2.dir/Core/Hardware/bmi088/bmi088_temperature.cpp.obj
                0x0800c040                Bmi088Temperature::Bmi088Temperature(Bmi088TemperatureCommunicationController_t)
                0x0800c040                Bmi088Temperature::Bmi088Temperature(Bmi088TemperatureCommunicationController_t)
 .text._ZN17Bmi088TemperatureD2Ev
                0x0800c0c8       0x1c CMakeFiles/master_2.dir/Core/Hardware/bmi088/bmi088_temperature.cpp.obj
                0x0800c0c8                Bmi088Temperature::~Bmi088Temperature()
                0x0800c0c8                Bmi088Temperature::~Bmi088Temperature()
 .text._ZN17Bmi088Temperature5setupEv
                0x0800c0e4       0x8c CMakeFiles/master_2.dir/Core/Hardware/bmi088/bmi088_temperature.cpp.obj
                0x0800c0e4                Bmi088Temperature::setup()
 .text._ZN17Bmi088Temperature7controlEv
                0x0800c170       0x66 CMakeFiles/master_2.dir/Core/Hardware/bmi088/bmi088_temperature.cpp.obj
                0x0800c170                Bmi088Temperature::control()
 .text._ZN17Bmi088Temperature8callbackEv
                0x0800c1d6       0x62 CMakeFiles/master_2.dir/Core/Hardware/bmi088/bmi088_temperature.cpp.obj
                0x0800c1d6                Bmi088Temperature::callback()
 .text._ZN17Bmi088Temperature26_get_temperature_rx_bufferEv
                0x0800c238       0x18 CMakeFiles/master_2.dir/Core/Hardware/bmi088/bmi088_temperature.cpp.obj
                0x0800c238                Bmi088Temperature::_get_temperature_rx_buffer()
 .text._ZN17Bmi088Temperature14_pid_calculateEv
                0x0800c250       0x54 CMakeFiles/master_2.dir/Core/Hardware/bmi088/bmi088_temperature.cpp.obj
                0x0800c250                Bmi088Temperature::_pid_calculate()
 .text._ZN21Bmi088Temperature_PIDC2Ev
                0x0800c2a4       0x24 CMakeFiles/master_2.dir/Core/Hardware/bmi088/bmi088_temperature_pid.cpp.obj
                0x0800c2a4                Bmi088Temperature_PID::Bmi088Temperature_PID()
                0x0800c2a4                Bmi088Temperature_PID::Bmi088Temperature_PID()
 .text.MahonyAHRSupdate
                0x0800c2c8      0x85c CMakeFiles/master_2.dir/Core/Hardware/bmi088/MahonyAHRS.c.obj
                0x0800c2c8                MahonyAHRSupdate
 .text.MahonyAHRSupdateIMU
                0x0800cb24      0x4ec CMakeFiles/master_2.dir/Core/Hardware/bmi088/MahonyAHRS.c.obj
                0x0800cb24                MahonyAHRSupdateIMU
 .text.invSqrt  0x0800d010       0x78 CMakeFiles/master_2.dir/Core/Hardware/bmi088/MahonyAHRS.c.obj
                0x0800d010                invSqrt
 .text._ZL11jetson_wrapf
                0x0800d088       0xac CMakeFiles/master_2.dir/Core/Hardware/jetson/jetson.cpp.obj
 .text._ZL19jetson_float2uint16RhS_f
                0x0800d134       0xbc CMakeFiles/master_2.dir/Core/Hardware/jetson/jetson.cpp.obj
 .text._ZL24jetson_generate_checksumPKhj
                0x0800d1f0       0x3e CMakeFiles/master_2.dir/Core/Hardware/jetson/jetson.cpp.obj
 .text._ZN6JetsonC2EP20__UART_HandleTypeDef
                0x0800d22e       0x36 CMakeFiles/master_2.dir/Core/Hardware/jetson/jetson.cpp.obj
                0x0800d22e                Jetson::Jetson(__UART_HandleTypeDef*)
                0x0800d22e                Jetson::Jetson(__UART_HandleTypeDef*)
 .text._ZN6Jetson5setupEv
                0x0800d264       0x14 CMakeFiles/master_2.dir/Core/Hardware/jetson/jetson.cpp.obj
                0x0800d264                Jetson::setup()
 .text._ZN6Jetson7controlEv
                0x0800d278       0x26 CMakeFiles/master_2.dir/Core/Hardware/jetson/jetson.cpp.obj
                0x0800d278                Jetson::control()
 .text._ZN6Jetson13_pack_tx_dataEv
                0x0800d29e       0xb4 CMakeFiles/master_2.dir/Core/Hardware/jetson/jetson.cpp.obj
                0x0800d29e                Jetson::_pack_tx_data()
 .text._ZN6Jetson25parse_bmi088_status_queueERK19Bmi088StatusQueue_t
                0x0800d352       0x2e CMakeFiles/master_2.dir/Core/Hardware/jetson/jetson.cpp.obj
                0x0800d352                Jetson::parse_bmi088_status_queue(Bmi088StatusQueue_t const&)
 .text.AppJetsonTask
                0x0800d380       0x9c CMakeFiles/master_2.dir/Core/Hardware/jetson/jetson_task.cpp.obj
                0x0800d380                AppJetsonTask
 .text.AppJetsonTask2
                0x0800d41c       0x9c CMakeFiles/master_2.dir/Core/Hardware/jetson/jetson_task2.cpp.obj
                0x0800d41c                AppJetsonTask2
 .text._ZSt4fabsf
                0x0800d4b8       0x20 CMakeFiles/master_2.dir/Core/Algorithm/Pid/pid.cpp.obj
                0x0800d4b8                std::fabs(float)
 .text._ZN3PIDC2Ev
                0x0800d4d8       0x20 CMakeFiles/master_2.dir/Core/Algorithm/Pid/pid.cpp.obj
                0x0800d4d8                PID::PID()
                0x0800d4d8                PID::PID()
 .text._ZN3PID15_set_parametersERK10PID_para_tRK16PID_limitation_t
                0x0800d4f8       0x36 CMakeFiles/master_2.dir/Core/Algorithm/Pid/pid.cpp.obj
                0x0800d4f8                PID::_set_parameters(PID_para_t const&, PID_limitation_t const&)
 .text._ZN3PID11_set_valuesEff
                0x0800d52e       0x28 CMakeFiles/master_2.dir/Core/Algorithm/Pid/pid.cpp.obj
                0x0800d52e                PID::_set_values(float, float)
 .text._ZN3PID11_get_valuesEv
                0x0800d556       0x1e CMakeFiles/master_2.dir/Core/Algorithm/Pid/pid.cpp.obj
                0x0800d556                PID::_get_values()
 .text._ZN3PID17_calculate_outputEv
                0x0800d574      0x16a CMakeFiles/master_2.dir/Core/Algorithm/Pid/pid.cpp.obj
                0x0800d574                PID::_calculate_output()
 .text._ZN3PID22_calculate_feedforwardEv
                0x0800d6de       0x1c CMakeFiles/master_2.dir/Core/Algorithm/Pid/pid.cpp.obj
                0x0800d6de                PID::_calculate_feedforward()
 .text.__aeabi_atexit
                0x0800d6fa        0xa /usr/lib/gcc/arm-none-eabi/13.2.1/../../../arm-none-eabi/lib/thumb/v7e-m+fp/hard/libstdc++_nano.a(atexit_arm.o)
                0x0800d6fa                __aeabi_atexit
 .text._ZdlPvj  0x0800d704        0x4 /usr/lib/gcc/arm-none-eabi/13.2.1/../../../arm-none-eabi/lib/thumb/v7e-m+fp/hard/libstdc++_nano.a(del_ops.o)
                0x0800d704                operator delete(void*, unsigned int)
 .text._ZdlPv   0x0800d708        0x4 /usr/lib/gcc/arm-none-eabi/13.2.1/../../../arm-none-eabi/lib/thumb/v7e-m+fp/hard/libstdc++_nano.a(del_op.o)
                0x0800d708                operator delete(void*)
 *(.glue_7)
 .glue_7        0x0800d70c        0x0 linker stubs
 *(.glue_7t)
 .glue_7t       0x0800d70c        0x0 linker stubs
 *(.eh_frame)
 .eh_frame      0x0800d70c        0x0 /usr/lib/gcc/arm-none-eabi/13.2.1/thumb/v7e-m+fp/hard/crtbegin.o
 *(.init)
 .init          0x0800d70c        0x4 /usr/lib/gcc/arm-none-eabi/13.2.1/thumb/v7e-m+fp/hard/crti.o
                0x0800d70c                _init
 .init          0x0800d710        0x8 /usr/lib/gcc/arm-none-eabi/13.2.1/thumb/v7e-m+fp/hard/crtn.o
 *(.fini)
 .fini          0x0800d718        0x4 /usr/lib/gcc/arm-none-eabi/13.2.1/thumb/v7e-m+fp/hard/crti.o
                0x0800d718                _fini
 .fini          0x0800d71c        0x8 /usr/lib/gcc/arm-none-eabi/13.2.1/thumb/v7e-m+fp/hard/crtn.o
                0x0800d724                        . = ALIGN (0x4)
                0x0800d724                        _etext = .

.vfp11_veneer   0x0800d724        0x0
 .vfp11_veneer  0x0800d724        0x0 linker stubs

.v4_bx          0x0800d724        0x0
 .v4_bx         0x0800d724        0x0 linker stubs

.iplt           0x0800d724        0x0
 .iplt          0x0800d724        0x0 /usr/lib/gcc/arm-none-eabi/13.2.1/thumb/v7e-m+fp/hard/crtbegin.o

.rodata         0x0800d728      0x338
                0x0800d728                        . = ALIGN (0x4)
 *(.rodata)
 .rodata        0x0800d728        0x5 cmake/stm32cubemx/CMakeFiles/FreeRTOS.dir/__/__/Middlewares/Third_Party/FreeRTOS/Source/tasks.c.obj
 *fill*         0x0800d72d        0x3 
 .rodata        0x0800d730        0xd cmake/stm32cubemx/CMakeFiles/FreeRTOS.dir/__/__/Middlewares/Third_Party/FreeRTOS/Source/timers.c.obj
 *fill*         0x0800d73d        0x3 
 .rodata        0x0800d740       0xec CMakeFiles/master_2.dir/Core/Src/freertos.c.obj
 .rodata        0x0800d82c        0xc CMakeFiles/master_2.dir/Core/Hardware/bmi088/bmi088.cpp.obj
 .rodata        0x0800d838       0x20 CMakeFiles/master_2.dir/Core/Hardware/bmi088/bmi088_task.cpp.obj
 .rodata        0x0800d858       0x14 CMakeFiles/master_2.dir/Core/Hardware/bmi088/bmi088_temperature.cpp.obj
 .rodata        0x0800d86c        0x8 /usr/lib/gcc/arm-none-eabi/13.2.1/../../../arm-none-eabi/lib/thumb/v7e-m+fp/hard/libm.a(libm_a-ef_fmod.o)
 *fill*         0x0800d874        0x4 
 .rodata        0x0800d878       0x10 /usr/lib/gcc/arm-none-eabi/13.2.1/../../../arm-none-eabi/lib/thumb/v7e-m+fp/hard/libm.a(libm_a-e_sqrt.o)
 .rodata        0x0800d888       0x18 /usr/lib/gcc/arm-none-eabi/13.2.1/../../../arm-none-eabi/lib/thumb/v7e-m+fp/hard/libm.a(libm_a-ef_atan2.o)
 .rodata        0x0800d8a0       0x20 /usr/lib/gcc/arm-none-eabi/13.2.1/../../../arm-none-eabi/lib/thumb/v7e-m+fp/hard/libm.a(libm_a-sf_atan.o)
 .rodata        0x0800d8c0        0x4 /usr/lib/gcc/arm-none-eabi/13.2.1/../../../arm-none-eabi/lib/thumb/v7e-m+fp/hard/libg_nano.a(libc_a-on_exit_args.o)
                0x0800d8c0                __on_exit_args
 *(.rodata*)
 .rodata.AHBPrescTable
                0x0800d8c4       0x10 cmake/stm32cubemx/CMakeFiles/STM32_Drivers.dir/__/__/Core/Src/system_stm32f4xx.c.obj
                0x0800d8c4                AHBPrescTable
 .rodata.APBPrescTable
                0x0800d8d4        0x8 cmake/stm32cubemx/CMakeFiles/STM32_Drivers.dir/__/__/Core/Src/system_stm32f4xx.c.obj
                0x0800d8d4                APBPrescTable
 .rodata.flagBitshiftOffset.0
                0x0800d8dc        0x8 cmake/stm32cubemx/CMakeFiles/STM32_Drivers.dir/__/__/Drivers/STM32F4xx_HAL_Driver/Src/stm32f4xx_hal_dma.c.obj
 .rodata.DebugTask_attributes
                0x0800d8e4       0x24 CMakeFiles/master_2.dir/Core/Src/freertos.c.obj
                0x0800d8e4                DebugTask_attributes
 .rodata.Bmi088Task_attributes
                0x0800d908       0x24 CMakeFiles/master_2.dir/Core/Src/freertos.c.obj
                0x0800d908                Bmi088Task_attributes
 .rodata.JetsonTask_attributes
                0x0800d92c       0x24 CMakeFiles/master_2.dir/Core/Src/freertos.c.obj
                0x0800d92c                JetsonTask_attributes
 .rodata.JetsonTask2_attributes
                0x0800d950       0x24 CMakeFiles/master_2.dir/Core/Src/freertos.c.obj
                0x0800d950                JetsonTask2_attributes
 .rodata.Bmi088AccGpioExtiQueue_attributes
                0x0800d974       0x18 CMakeFiles/master_2.dir/Core/Src/freertos.c.obj
                0x0800d974                Bmi088AccGpioExtiQueue_attributes
 .rodata.Bmi088GyroGpioExtiQueue_attributes
                0x0800d98c       0x18 CMakeFiles/master_2.dir/Core/Src/freertos.c.obj
                0x0800d98c                Bmi088GyroGpioExtiQueue_attributes
 .rodata.Bmi088TempPeriodElapsed_attributes
                0x0800d9a4       0x18 CMakeFiles/master_2.dir/Core/Src/freertos.c.obj
                0x0800d9a4                Bmi088TempPeriodElapsed_attributes
 .rodata.Bmi088StatusQueue_attributes
                0x0800d9bc       0x18 CMakeFiles/master_2.dir/Core/Src/freertos.c.obj
                0x0800d9bc                Bmi088StatusQueue_attributes
 .rodata.Bmi088Status2Queue_attributes
                0x0800d9d4       0x18 CMakeFiles/master_2.dir/Core/Src/freertos.c.obj
                0x0800d9d4                Bmi088Status2Queue_attributes
 .rodata.Bmi088SpiSem_attributes
                0x0800d9ec       0x10 CMakeFiles/master_2.dir/Core/Src/freertos.c.obj
                0x0800d9ec                Bmi088SpiSem_attributes
 .rodata.Bmi088GyroBufferSem_attributes
                0x0800d9fc       0x10 CMakeFiles/master_2.dir/Core/Src/freertos.c.obj
                0x0800d9fc                Bmi088GyroBufferSem_attributes
 .rodata.Bmi088AccBufferSem_attributes
                0x0800da0c       0x10 CMakeFiles/master_2.dir/Core/Src/freertos.c.obj
                0x0800da0c                Bmi088AccBufferSem_attributes
 .rodata.Bmi088TempBufferSem_attributes
                0x0800da1c       0x10 CMakeFiles/master_2.dir/Core/Src/freertos.c.obj
                0x0800da1c                Bmi088TempBufferSem_attributes
 .rodata._ZTV21Bmi088Temperature_PID
                0x0800da2c       0x18 CMakeFiles/master_2.dir/Core/Hardware/bmi088/bmi088_temperature.cpp.obj
                0x0800da2c                vtable for Bmi088Temperature_PID
 .rodata._ZTV3PID
                0x0800da44       0x18 CMakeFiles/master_2.dir/Core/Algorithm/Pid/pid.cpp.obj
                0x0800da44                vtable for PID
 .rodata.str1.4
                0x0800da5c        0x1 /usr/lib/gcc/arm-none-eabi/13.2.1/../../../arm-none-eabi/lib/thumb/v7e-m+fp/hard/libm.a(libm_a-wf_asin.o)
                0x0800da60                        . = ALIGN (0x4)
 *fill*         0x0800da5d        0x3 

.ARM.extab      0x0800da60        0x0
                0x0800da60                        . = ALIGN (0x4)
 *(.ARM.extab* .gnu.linkonce.armextab.*)
                0x0800da60                        . = ALIGN (0x4)

.ARM            0x0800da60        0x8
                0x0800da60                        . = ALIGN (0x4)
                0x0800da60                        __exidx_start = .
 *(.ARM.exidx*)
 .ARM.exidx     0x0800da60        0x8 /usr/lib/gcc/arm-none-eabi/13.2.1/thumb/v7e-m+fp/hard/libgcc.a(_udivmoddi4.o)
 .ARM.exidx     0x0800da68        0x0 /usr/lib/gcc/arm-none-eabi/13.2.1/../../../arm-none-eabi/lib/thumb/v7e-m+fp/hard/libg_nano.a(libc_a-memcpy.o)
                                  0x8 (size before relaxing)
                0x0800da68                        __exidx_end = .
                0x0800da68                        . = ALIGN (0x4)

.preinit_array  0x0800da68        0x0
                0x0800da68                        . = ALIGN (0x4)
                0x0800da68                        PROVIDE (__preinit_array_start = .)
 *(.preinit_array*)
                0x0800da68                        PROVIDE (__preinit_array_end = .)
                0x0800da68                        . = ALIGN (0x4)

.init_array     0x0800da68        0x4
                0x0800da68                        . = ALIGN (0x4)
                0x0800da68                        PROVIDE (__init_array_start = .)
 *(SORT_BY_NAME(.init_array.*))
 *(.init_array*)
 .init_array    0x0800da68        0x4 /usr/lib/gcc/arm-none-eabi/13.2.1/thumb/v7e-m+fp/hard/crtbegin.o
                0x0800da6c                        PROVIDE (__init_array_end = .)
                0x0800da6c                        . = ALIGN (0x4)

.fini_array     0x0800da6c        0x4
                0x0800da6c                        . = ALIGN (0x4)
                0x0800da6c                        PROVIDE (__fini_array_start = .)
 *(SORT_BY_NAME(.fini_array.*))
 *(.fini_array*)
 .fini_array    0x0800da6c        0x4 /usr/lib/gcc/arm-none-eabi/13.2.1/thumb/v7e-m+fp/hard/crtbegin.o
                0x0800da70                        PROVIDE (__fini_array_end = .)
                0x0800da70                        . = ALIGN (0x4)
                0x0800da70                        _siccmram = LOADADDR (.ccmram)

.rel.dyn        0x0800da70        0x0
 .rel.iplt      0x0800da70        0x0 /usr/lib/gcc/arm-none-eabi/13.2.1/thumb/v7e-m+fp/hard/crtbegin.o

.ccmram         0x10000000        0x0 load address 0x0800da70
                0x10000000                        . = ALIGN (0x4)
                0x10000000                        _sccmram = .
 *(.ccmram)
 *(.ccmram*)
                0x10000000                        . = ALIGN (0x4)
                0x10000000                        _eccmram = .
                0x0800da70                        _sidata = LOADADDR (.data)

.data           0x20000000       0x7c load address 0x0800da70
                0x20000000                        . = ALIGN (0x4)
                0x20000000                        _sdata = .
 *(.data)
 .data          0x20000000        0x4 /usr/lib/gcc/arm-none-eabi/13.2.1/thumb/v7e-m+fp/hard/crtbegin.o
                0x20000000                __dso_handle
 .data          0x20000004       0x50 /usr/lib/gcc/arm-none-eabi/13.2.1/../../../arm-none-eabi/lib/thumb/v7e-m+fp/hard/libg_nano.a(libc_a-impure.o)
                0x20000004                _impure_ptr
                0x20000008                _impure_data
 *(.data*)
 .data.SystemCoreClock
                0x20000054        0x4 cmake/stm32cubemx/CMakeFiles/STM32_Drivers.dir/__/__/Core/Src/system_stm32f4xx.c.obj
                0x20000054                SystemCoreClock
 .data.uwTickPrio
                0x20000058        0x4 cmake/stm32cubemx/CMakeFiles/STM32_Drivers.dir/__/__/Drivers/STM32F4xx_HAL_Driver/Src/stm32f4xx_hal.c.obj
                0x20000058                uwTickPrio
 .data.uwTickFreq
                0x2000005c        0x1 cmake/stm32cubemx/CMakeFiles/STM32_Drivers.dir/__/__/Drivers/STM32F4xx_HAL_Driver/Src/stm32f4xx_hal.c.obj
                0x2000005c                uwTickFreq
 *fill*         0x2000005d        0x3 
 .data.uxCriticalNesting
                0x20000060        0x4 cmake/stm32cubemx/CMakeFiles/FreeRTOS.dir/__/__/Middlewares/Third_Party/FreeRTOS/Source/portable/GCC/ARM_CM4F/port.c.obj
 .data._ZZN6Bmi08822ACC_GPIO_EXTI_CallbackEtE9tx_buffer
                0x20000064        0x8 CMakeFiles/master_2.dir/Core/Hardware/bmi088/bmi088_task.cpp.obj
 .data._ZZN6Bmi08823GYRO_GPIO_EXTI_CallbackEtE9tx_buffer
                0x2000006c        0x7 CMakeFiles/master_2.dir/Core/Hardware/bmi088/bmi088_task.cpp.obj
 *fill*         0x20000073        0x1 
 .data._ZZN17Bmi088Temperature21PeriodElapsedCallbackEP19__TIM_HandleTypeDefE9tx_buffer
                0x20000074        0x4 CMakeFiles/master_2.dir/Core/Hardware/bmi088/bmi088_task.cpp.obj
 .data.twoKp    0x20000078        0x4 CMakeFiles/master_2.dir/Core/Hardware/bmi088/MahonyAHRS.c.obj
                0x20000078                twoKp
 *(.RamFunc)
 *(.RamFunc*)
                0x2000007c                        . = ALIGN (0x4)

.tm_clone_table
                0x2000007c        0x0 load address 0x0800daec
 .tm_clone_table
                0x2000007c        0x0 /usr/lib/gcc/arm-none-eabi/13.2.1/thumb/v7e-m+fp/hard/crtbegin.o
 .tm_clone_table