#Build: Fabric Compiler 2025.2, Build 211867, Jan 16 16:10 2026
#Install: E:\work\pango\PDS_2025.2-ads\bin
#Application name: pds_shell.exe
#OS: Windows 11 10.0.26200
#CPU: Unknown
#RAM(GB): 32
#Hostname: dionirpyC
#Generated by Fabric Compiler (version 2025.2 build 211867) at Fri Sep 18 18:53:07 2026
Parameters for debugging are loaded as follows:
License checkout: fabric_ads from E:/work/pango/PDS_2025.2-ads/new_pds_F4A80DA47D72.lic
Compiling verification operator library.
Compiling vendor parameter file.
Loading technology operator library.
Compiling technology operator library.
Compiling technology operator (valence) library.
I: Enable Verilog2k features and keywords
Start rtl-analyze.
I: Include path: E:/code/PangoWork/Works/led
I: Verilog-0001: Analyzing file E:/code/PangoWork/Works/led/Designs/led/led_controller.v.
I: Verilog-0002: [E:/code/PangoWork/Works/led/Designs/led/led_controller.v(line number: 1)] Analyzing module led_controller (library work).
Parsing done.
I: Verilog-0001: Analyzing file E:/code/PangoWork/Works/led/Designs/led_top.v.
I: Verilog-0002: [E:/code/PangoWork/Works/led/Designs/led_top.v(line number: 1)] Analyzing module led_top (library work).
Parsing done.
I: Verilog-0001: Analyzing file E:/code/PangoWork/Works/led/Designs/key/key_controller.v.
I: Verilog-0002: [E:/code/PangoWork/Works/led/Designs/key/key_controller.v(line number: 1)] Analyzing module key_controller (library work).
Parsing done.
I: Module "led_top" is set as top module
Executing : rtl-analyze successfully. Time elapsed: 2.109s wall, 0.031s user + 0.000s system = 0.031s CPU (1.5%). Peak memory used: 175 MB.

Start rtl-elaborate.
I: Verilog-0003: [E:/code/PangoWork/Works/led/Designs/led_top.v(line number: 1)] Elaborating module led_top.
I: Module instance {led_top} parameter value:
    LED_SYSCLK_FREQ = 32'sh2FAF080 | 50000000 | 32'sb00000010111110101111000010000000
    LED_WIDTH = 32'sh8 | 8 | 32'sb00000000000000000000000000001000
    KEY_SYSCLK_FREQ = 32'sh2FAF080 | 50000000 | 32'sb00000010111110101111000010000000
    KEY_WIDTH = 32'sh8 | 8 | 32'sb00000000000000000000000000001000
I: Verilog-0004: [E:/code/PangoWork/Works/led/Designs/led_top.v(line number: 18)] Elaborating instance key.
I: Verilog-0003: [E:/code/PangoWork/Works/led/Designs/key/key_controller.v(line number: 1)] Elaborating module key_controller.
I: Module instance {led_top/key} parameter value:
    KEY_SYSCLK_FREQ = 32'sh2FAF080 | 50000000 | 32'sb00000010111110101111000010000000
    KEY_WIDTH = 32'sh8 | 8 | 32'sb00000000000000000000000000001000
I: Verilog-0004: [E:/code/PangoWork/Works/led/Designs/led_top.v(line number: 47)] Elaborating instance led.
I: Verilog-0003: [E:/code/PangoWork/Works/led/Designs/led/led_controller.v(line number: 1)] Elaborating module led_controller.
I: Module instance {led_top/led} parameter value:
    LED_SYSCLK_FREQ = 32'sh2FAF080 | 50000000 | 32'sb00000010111110101111000010000000
    LED_WIDTH = 32'sh8 | 8 | 32'sb00000000000000000000000000001000
Executing : rtl-elaborate successfully. Time elapsed: 0.003s wall, 0.000s user + 0.016s system = 0.016s CPU (584.2%). Peak memory used: 176 MB.

Start rtl-prep.
W: Sdm-2020: [E:/code/PangoWork/Works/led/Designs/led_top.v(line number: 29)] Unused register i was removed.
Executing : rtl-prep successfully. Time elapsed: 0.001s wall, 0.000s user + 0.000s system = 0.000s CPU (n/a%). Peak memory used: 176 MB.

Start rtl-infer.
Start DFF-inference.
Executing : DFF-inference successfully.
Executing : rtl-infer successfully. Time elapsed: 0.039s wall, 0.031s user + 0.000s system = 0.031s CPU (80.6%). Peak memory used: 185 MB.

Start rtl-control-opt.
Executing : rtl-control-opt successfully. Time elapsed: 0.000s wall, 0.000s user + 0.000s system = 0.000s CPU (n/a%). Peak memory used: 185 MB.

Start rtl-data-opt.
Executing : rtl-data-opt successfully. Time elapsed: 0.001s wall, 0.000s user + 0.000s system = 0.000s CPU (n/a%). Peak memory used: 185 MB.

Start FSM inference.
Executing : FSM inference successfully. Time elapsed: 0.000s wall, 0.000s user + 0.000s system = 0.000s CPU (n/a%). Peak memory used: 185 MB.

Start sdm2adm.
I: Constant propagation done on N18 (bmsWIDEMUX).
Executing : sdm2adm successfully. Time elapsed: 0.004s wall, 0.000s user + 0.000s system = 0.000s CPU (n/a%). Peak memory used: 186 MB.

Saving design to DB.
Action Compile: Export DB successfully.
Action compile: Real time elapsed is 0h:0m:5s
Action compile: CPU time elapsed is 0h:0m:1s
Action compile: Process CPU time elapsed is 0h:0m:1s
Action compile: Peak memory pool usage is 186 MB

Current time: Fri Sep 18 18:53:10 2026
