-----------------------------------------------------------------------------------------------------------------------------------------------------------------------
Detailed RTL Component Info :
-----Module Name :
                    hdmi_loop

-----ROMs :
            8 Bit    (8 x 1 bit)          ROMs := 4
            16 Bit    (8 x 2 bit)          ROMs := 3

Distributed RAM and Block RAM: Final Mapping Report
|----------------------------------------------|------------------------|-------------------|---------|
| DPRAM Inst Name                              | Size (Depth x Width)   | Primitives        | Count   |
|----------------------------------------------|------------------------|-------------------|---------|
| hdmi_i2c_inst/hdmi_cfg_inst/cfg_data_reg_1   | 8 x 1                  |                   |         |
|                                              | 8 x 1                  | GTP_ROM32X1       | 1       |
|----------------------------------------------|------------------------|-------------------|---------|
| hdmi_i2c_inst/hdmi_cfg_inst/cfg_data_reg_2   | 8 x 2                  |                   |         |
|                                              | 8 x 2                  | GTP_ROM32X2       | 1       |
|----------------------------------------------|------------------------|-------------------|---------|
| hdmi_i2c_inst/hdmi_cfg_inst/cfg_data_reg_3   | 8 x 2                  |                   |         |
|                                              | 8 x 2                  | GTP_ROM32X2       | 1       |
|----------------------------------------------|------------------------|-------------------|---------|
| hdmi_i2c_inst/hdmi_cfg_inst/cfg_data_reg_4   | 8 x 1                  |                   |         |
|                                              | 8 x 1                  | GTP_ROM32X1       | 1       |
|----------------------------------------------|------------------------|-------------------|---------|
| hdmi_i2c_inst/hdmi_cfg_inst/cfg_data_reg_5   | 8 x 2                  |                   |         |
|                                              | 8 x 2                  | GTP_ROM32X2       | 1       |
|----------------------------------------------|------------------------|-------------------|---------|
| hdmi_i2c_inst/hdmi_cfg_inst/cfg_data_reg_6   | 8 x 1                  |                   |         |
|                                              | 8 x 1                  | GTP_ROM32X1       | 1       |
|----------------------------------------------|------------------------|-------------------|---------|
| hdmi_i2c_inst/hdmi_cfg_inst/cfg_data_reg_7   | 8 x 1                  |                   |         |
|                                              | 8 x 1                  | GTP_ROM32X1       | 1       |
|----------------------------------------------|------------------------|-------------------|---------|

-----------------------------------------------------------------------------------------------------------------------------------------------------------------------

