#Build: Fabric Compiler 2022.2, Build 117120, Feb 17 13:07 2023
#Install: D:\pango\PDS_2022.2\bin
#Application name: pds_shell.exe
#OS: Windows 10 10.0.18363
#Hostname: DESKTOP-6GABMIP
Generated by Fabric Compiler (version 2022.2 build 117120) at Fri Aug 11 16:59:12 2023
License checkout: fabric_ads
Compiling verification operator library.
Compiling common defs.
Loading technology operator library.
Compiling technology operator library.
Compiling technology operator (valence) library.
Reading design from compile DB
Reading design from compile DB successfully.
Constraint check start.
Compiling prim grid devices.
Building architecture model.
Loading device packaging model.
Building architecture floorplan logic view.
Executing : get_ports sys_clk
Executing : get_ports sys_clk successfully.
Executing : create_clock -name sys_clk [get_ports sys_clk] -period 20.000 -waveform {0.000 10.000}
Executing : create_clock -name sys_clk [get_ports sys_clk] -period 20.000 -waveform {0.000 10.000} successfully.
C: ConstraintEditor-2002: [D:/pango_fire/PG2L100H/9_hdmi_loop/hdmi_loop_pango/hdmi_loop.fdc(line number: 29)] | Port hdmi_out_rgb[19] has been placed at location D25, whose type is share pin.
C: ConstraintEditor-2002: [D:/pango_fire/PG2L100H/9_hdmi_loop/hdmi_loop_pango/hdmi_loop.fdc(line number: 35)] | Port hdmi_out_rgb[18] has been placed at location E25, whose type is share pin.
C: ConstraintEditor-2002: [D:/pango_fire/PG2L100H/9_hdmi_loop/hdmi_loop_pango/hdmi_loop.fdc(line number: 41)] | Port hdmi_out_rgb[17] has been placed at location D26, whose type is share pin.
C: ConstraintEditor-2002: [D:/pango_fire/PG2L100H/9_hdmi_loop/hdmi_loop_pango/hdmi_loop.fdc(line number: 53)] | Port hdmi_out_rgb[15] has been placed at location F24, whose type is share pin.
C: ConstraintEditor-2002: [D:/pango_fire/PG2L100H/9_hdmi_loop/hdmi_loop_pango/hdmi_loop.fdc(line number: 59)] | Port hdmi_out_rgb[14] has been placed at location G24, whose type is share pin.
C: ConstraintEditor-2002: [D:/pango_fire/PG2L100H/9_hdmi_loop/hdmi_loop_pango/hdmi_loop.fdc(line number: 65)] | Port hdmi_out_rgb[13] has been placed at location G26, whose type is share pin.
C: ConstraintEditor-2002: [D:/pango_fire/PG2L100H/9_hdmi_loop/hdmi_loop_pango/hdmi_loop.fdc(line number: 71)] | Port hdmi_out_rgb[12] has been placed at location H26, whose type is share pin.
C: ConstraintEditor-2002: [D:/pango_fire/PG2L100H/9_hdmi_loop/hdmi_loop_pango/hdmi_loop.fdc(line number: 77)] | Port hdmi_out_rgb[11] has been placed at location J25, whose type is share pin.
C: ConstraintEditor-2002: [D:/pango_fire/PG2L100H/9_hdmi_loop/hdmi_loop_pango/hdmi_loop.fdc(line number: 83)] | Port hdmi_out_rgb[10] has been placed at location J26, whose type is share pin.
C: ConstraintEditor-2002: [D:/pango_fire/PG2L100H/9_hdmi_loop/hdmi_loop_pango/hdmi_loop.fdc(line number: 89)] | Port hdmi_out_rgb[9] has been placed at location H24, whose type is share pin.
C: ConstraintEditor-2002: [D:/pango_fire/PG2L100H/9_hdmi_loop/hdmi_loop_pango/hdmi_loop.fdc(line number: 95)] | Port hdmi_out_rgb[8] has been placed at location J24, whose type is share pin.
C: ConstraintEditor-2002: [D:/pango_fire/PG2L100H/9_hdmi_loop/hdmi_loop_pango/hdmi_loop.fdc(line number: 113)] | Port hdmi_out_rgb[5] has been placed at location K23, whose type is share pin.
C: ConstraintEditor-2002: [D:/pango_fire/PG2L100H/9_hdmi_loop/hdmi_loop_pango/hdmi_loop.fdc(line number: 119)] | Port hdmi_out_rgb[4] has been placed at location K22, whose type is share pin.
C: ConstraintEditor-2002: [D:/pango_fire/PG2L100H/9_hdmi_loop/hdmi_loop_pango/hdmi_loop.fdc(line number: 125)] | Port hdmi_out_rgb[3] has been placed at location M15, whose type is share pin.
C: ConstraintEditor-2002: [D:/pango_fire/PG2L100H/9_hdmi_loop/hdmi_loop_pango/hdmi_loop.fdc(line number: 131)] | Port hdmi_out_rgb[2] has been placed at location L15, whose type is share pin.
C: ConstraintEditor-2002: [D:/pango_fire/PG2L100H/9_hdmi_loop/hdmi_loop_pango/hdmi_loop.fdc(line number: 165)] | Port hdmi_in_rgb[19] has been placed at location F23, whose type is share pin.
C: ConstraintEditor-2002: [D:/pango_fire/PG2L100H/9_hdmi_loop/hdmi_loop_pango/hdmi_loop.fdc(line number: 169)] | Port hdmi_in_rgb[18] has been placed at location E23, whose type is share pin.
C: ConstraintEditor-2002: [D:/pango_fire/PG2L100H/9_hdmi_loop/hdmi_loop_pango/hdmi_loop.fdc(line number: 173)] | Port hdmi_in_rgb[17] has been placed at location F22, whose type is share pin.
C: ConstraintEditor-2002: [D:/pango_fire/PG2L100H/9_hdmi_loop/hdmi_loop_pango/hdmi_loop.fdc(line number: 197)] | Port hdmi_in_rgb[11] has been placed at location J19, whose type is share pin.
C: ConstraintEditor-2002: [D:/pango_fire/PG2L100H/9_hdmi_loop/hdmi_loop_pango/hdmi_loop.fdc(line number: 201)] | Port hdmi_in_rgb[10] has been placed at location H19, whose type is share pin.
C: ConstraintEditor-2002: [D:/pango_fire/PG2L100H/9_hdmi_loop/hdmi_loop_pango/hdmi_loop.fdc(line number: 205)] | Port hdmi_in_rgb[9] has been placed at location J18, whose type is share pin.
C: ConstraintEditor-2002: [D:/pango_fire/PG2L100H/9_hdmi_loop/hdmi_loop_pango/hdmi_loop.fdc(line number: 209)] | Port hdmi_in_rgb[8] has been placed at location H18, whose type is share pin.
C: ConstraintEditor-2002: [D:/pango_fire/PG2L100H/9_hdmi_loop/hdmi_loop_pango/hdmi_loop.fdc(line number: 221)] | Port hdmi_in_rgb[5] has been placed at location K20, whose type is share pin.
C: ConstraintEditor-2002: [D:/pango_fire/PG2L100H/9_hdmi_loop/hdmi_loop_pango/hdmi_loop.fdc(line number: 225)] | Port hdmi_in_rgb[4] has been placed at location J20, whose type is share pin.
C: ConstraintEditor-2002: [D:/pango_fire/PG2L100H/9_hdmi_loop/hdmi_loop_pango/hdmi_loop.fdc(line number: 229)] | Port hdmi_in_rgb[3] has been placed at location J16, whose type is share pin.
C: ConstraintEditor-2002: [D:/pango_fire/PG2L100H/9_hdmi_loop/hdmi_loop_pango/hdmi_loop.fdc(line number: 233)] | Port hdmi_in_rgb[2] has been placed at location K15, whose type is share pin.
C: ConstraintEditor-2002: [D:/pango_fire/PG2L100H/9_hdmi_loop/hdmi_loop_pango/hdmi_loop.fdc(line number: 237)] | Port hdmi_in_rgb[1] has been placed at location J14, whose type is share pin.
C: ConstraintEditor-2002: [D:/pango_fire/PG2L100H/9_hdmi_loop/hdmi_loop_pango/hdmi_loop.fdc(line number: 241)] | Port hdmi_in_rgb[0] has been placed at location J15, whose type is share pin.
C: ConstraintEditor-2002: [D:/pango_fire/PG2L100H/9_hdmi_loop/hdmi_loop_pango/hdmi_loop.fdc(line number: 263)] | Port hdmi_out_clk has been placed at location K16, whose type is share pin.
C: ConstraintEditor-2002: [D:/pango_fire/PG2L100H/9_hdmi_loop/hdmi_loop_pango/hdmi_loop.fdc(line number: 269)] | Port hdmi_out_de has been placed at location K17, whose type is share pin.
C: ConstraintEditor-2002: [D:/pango_fire/PG2L100H/9_hdmi_loop/hdmi_loop_pango/hdmi_loop.fdc(line number: 275)] | Port hdmi_out_hsync has been placed at location L17, whose type is share pin.
C: ConstraintEditor-2002: [D:/pango_fire/PG2L100H/9_hdmi_loop/hdmi_loop_pango/hdmi_loop.fdc(line number: 287)] | Port hdmi_out_vsync has been placed at location L18, whose type is share pin.
C: ConstraintEditor-2002: [D:/pango_fire/PG2L100H/9_hdmi_loop/hdmi_loop_pango/hdmi_loop.fdc(line number: 313)] | Port sys_rst_n has been placed at location G25, whose type is share pin.
Constraint check end.

C: SDC-2025: Clock source 'n:hdmi_i2c_inst/i2c_ctrl_inst/N978' need a clock constraint, please use 'create_clock' or 'create_generate_clock' to generate.
C: SDC-2025: Clock source 'n:hdmi_i2c_inst/i2c_ctrl_inst/N609' need a clock constraint, please use 'create_clock' or 'create_generate_clock' to generate.
C: SDC-2025: Clock source 'n:hdmi_i2c_inst/i2c_ctrl_inst/N962' need a clock constraint, please use 'create_clock' or 'create_generate_clock' to generate.
C: SDC-2025: Clock source 'n:hdmi_i2c_inst/i2c_ctrl_inst/i2c_clk' need a clock constraint, please use 'create_clock' or 'create_generate_clock' to generate.
Start pre-mapping.
I: Constant propagation done on hdmi_i2c_inst/i2c_ctrl_inst/N696 (bmsWIDEINV).
I: Constant propagation done on hdmi_i2c_inst/i2c_ctrl_inst/N697 (bmsWIDEINV).
I: Constant propagation done on hdmi_i2c_inst/i2c_ctrl_inst/N698 (bmsWIDEINV).
I: Constant propagation done on hdmi_i2c_inst/i2c_ctrl_inst/N699 (bmsWIDEINV).
I: Constant propagation done on hdmi_i2c_inst/i2c_ctrl_inst/N700 (bmsWIDEINV).
I: Constant propagation done on hdmi_i2c_inst/i2c_ctrl_inst/N701 (bmsWIDEINV).
I: Constant propagation done on hdmi_i2c_inst/i2c_ctrl_inst/N702 (bmsWIDEINV).
I: Constant propagation done on hdmi_i2c_inst/i2c_ctrl_inst/N703 (bmsWIDEINV).
I: Constant propagation done on hdmi_i2c_inst/i2c_ctrl_inst/N704 (bmsWIDEINV).
I: Constant propagation done on hdmi_i2c_inst/i2c_ctrl_inst/N705 (bmsWIDEINV).
I: Removed bmsDECODER inst ND18_0 that is redundant to ND17_0
I: Removed bmsDECODER inst ND19_0 that is redundant to ND17_0
I: Removed bmsDECODER inst ND17_0 that is redundant to ND16_0
I: Encoding type of FSM 'state_fsm[3:0]' is: onehot.
I: Encoding table of FSM 'state_fsm[3:0]':
I: from  hdmi_i2c_inst/i2c_ctrl_inst/state[3] hdmi_i2c_inst/i2c_ctrl_inst/state[2] hdmi_i2c_inst/i2c_ctrl_inst/state[1] hdmi_i2c_inst/i2c_ctrl_inst/state[0]
I: to  hdmi_i2c_inst/i2c_ctrl_inst/state_reg[15] hdmi_i2c_inst/i2c_ctrl_inst/state_reg[14] hdmi_i2c_inst/i2c_ctrl_inst/state_reg[13] hdmi_i2c_inst/i2c_ctrl_inst/state_reg[12] hdmi_i2c_inst/i2c_ctrl_inst/state_reg[11] hdmi_i2c_inst/i2c_ctrl_inst/state_reg[10] hdmi_i2c_inst/i2c_ctrl_inst/state_reg[9] hdmi_i2c_inst/i2c_ctrl_inst/state_reg[8] hdmi_i2c_inst/i2c_ctrl_inst/state_reg[7] hdmi_i2c_inst/i2c_ctrl_inst/state_reg[6] hdmi_i2c_inst/i2c_ctrl_inst/state_reg[5] hdmi_i2c_inst/i2c_ctrl_inst/state_reg[4] hdmi_i2c_inst/i2c_ctrl_inst/state_reg[3] hdmi_i2c_inst/i2c_ctrl_inst/state_reg[2] hdmi_i2c_inst/i2c_ctrl_inst/state_reg[1] hdmi_i2c_inst/i2c_ctrl_inst/state_reg[0]
I: 0000 => 0000000000000001
I: 0001 => 0000000000000010
I: 0010 => 0000000000000100
I: 0011 => 0000000000001000
I: 0100 => 0000000000010000
I: 0101 => 0000000000100000
I: 0110 => 0000000001000000
I: 0111 => 0000000010000000
I: 1000 => 0000000100000000
I: 1001 => 0000001000000000
I: 1010 => 0000010000000000
I: 1011 => 0000100000000000
I: 1100 => 0001000000000000
I: 1101 => 0010000000000000
I: 1110 => 0100000000000000
I: 1111 => 1000000000000000
Executing : pre-mapping successfully. Time elapsed: 0.050s wall, 0.047s user + 0.016s system = 0.063s CPU (124.5%)

Start mod-gen.
W: Removed bmsWIDEDFFCPE inst hdmi_i2c_inst/i2c_ctrl_inst/cnt_clk[7:0] at 5 that is stuck at constant 0.
W: Removed bmsWIDEDFFCPE inst hdmi_i2c_inst/i2c_ctrl_inst/rd_data[7:0] at 0 that is stuck at constant 0.
W: Removed bmsWIDEDFFCPE inst hdmi_i2c_inst/i2c_ctrl_inst/rd_data[7:0] at 1 that is stuck at constant 0.
W: Removed bmsWIDEDFFCPE inst hdmi_i2c_inst/i2c_ctrl_inst/rd_data[7:0] at 2 that is stuck at constant 0.
W: Removed bmsWIDEDFFCPE inst hdmi_i2c_inst/i2c_ctrl_inst/rd_data[7:0] at 3 that is stuck at constant 0.
W: Removed bmsWIDEDFFCPE inst hdmi_i2c_inst/i2c_ctrl_inst/rd_data[7:0] at 4 that is stuck at constant 0.
W: Removed bmsWIDEDFFCPE inst hdmi_i2c_inst/i2c_ctrl_inst/rd_data[7:0] at 5 that is stuck at constant 0.
W: Removed bmsWIDEDFFCPE inst hdmi_i2c_inst/i2c_ctrl_inst/rd_data[7:0] at 6 that is stuck at constant 0.
W: Removed bmsWIDEDFFCPE inst hdmi_i2c_inst/i2c_ctrl_inst/rd_data[7:0] at 7 that is stuck at constant 0.
W: Removed bmsWIDEDFFPATCE inst hdmi_i2c_inst/i2c_ctrl_inst/state_reg at 4 that is stuck at constant 0.
W: Removed bmsWIDEDFFPATCE inst hdmi_i2c_inst/i2c_ctrl_inst/state_reg at 5 that is stuck at constant 0.
W: Removed bmsWIDEDFFPATCE inst hdmi_i2c_inst/i2c_ctrl_inst/state_reg at 10 that is stuck at constant 0.
W: Removed bmsWIDEDFFPATCE inst hdmi_i2c_inst/i2c_ctrl_inst/state_reg at 11 that is stuck at constant 0.
W: Removed bmsWIDEDFFPATCE inst hdmi_i2c_inst/i2c_ctrl_inst/state_reg at 12 that is stuck at constant 0.
W: Removed bmsWIDEDFFPATCE inst hdmi_i2c_inst/i2c_ctrl_inst/state_reg at 13 that is stuck at constant 0.
W: Removed bmsWIDEDFFPATCE inst hdmi_i2c_inst/i2c_ctrl_inst/state_reg at 14 that is stuck at constant 0.
W: Public-4008: Instance 'hdmi_i2c_inst/i2c_ctrl_inst/rd_data_reg[7:0]' of 'bmsWIDEDLATCHCP' unit is dangling and will be cleaned.
Executing : mod-gen successfully. Time elapsed: 0.061s wall, 0.094s user + 0.016s system = 0.109s CPU (180.4%)

Start logic-optimization.
Executing : logic-optimization successfully. Time elapsed: 0.091s wall, 0.063s user + 0.031s system = 0.094s CPU (102.5%)

Start tech-mapping phase 1.
W: Public-4008: Instance 'hdmi_i2c_inst/i2c_ctrl_inst/cnt_clk[5]' of 'bmsWIDEDFFCPE' unit is dangling and will be cleaned.
W: Public-4008: Instance 'hdmi_i2c_inst/i2c_ctrl_inst/cnt_clk[6]' of 'bmsWIDEDFFCPE' unit is dangling and will be cleaned.
W: Public-4008: Instance 'hdmi_i2c_inst/i2c_ctrl_inst/cnt_clk[7]' of 'bmsWIDEDFFCPE' unit is dangling and will be cleaned.
W: Public-4008: Instance 'hdmi_i2c_inst/i2c_ctrl_inst/state_reg[4]' of 'bmsWIDEDFFCPE' unit is dangling and will be cleaned.
W: Public-4008: Instance 'hdmi_i2c_inst/i2c_ctrl_inst/state_reg[5]' of 'bmsWIDEDFFCPE' unit is dangling and will be cleaned.
W: Public-4008: Instance 'hdmi_i2c_inst/i2c_ctrl_inst/state_reg[10]' of 'bmsWIDEDFFCPE' unit is dangling and will be cleaned.
W: Public-4008: Instance 'hdmi_i2c_inst/i2c_ctrl_inst/state_reg[11]' of 'bmsWIDEDFFCPE' unit is dangling and will be cleaned.
W: Public-4008: Instance 'hdmi_i2c_inst/i2c_ctrl_inst/state_reg[12]' of 'bmsWIDEDFFCPE' unit is dangling and will be cleaned.
W: Public-4008: Instance 'hdmi_i2c_inst/i2c_ctrl_inst/state_reg[13]' of 'bmsWIDEDFFCPE' unit is dangling and will be cleaned.
W: Public-4008: Instance 'hdmi_i2c_inst/i2c_ctrl_inst/state_reg[14]' of 'bmsWIDEDFFCPE' unit is dangling and will be cleaned.
Executing : tech-mapping phase 1 successfully. Time elapsed: 0.009s wall, 0.016s user + 0.000s system = 0.016s CPU (169.1%)

Start tech-mapping phase 2.
Executing : tech-mapping phase 2 successfully. Time elapsed: 0.109s wall, 0.094s user + 0.047s system = 0.141s CPU (128.5%)

Start tech-optimization.
Executing : tech-optimization successfully. Time elapsed: 0.036s wall, 0.063s user + 0.000s system = 0.063s CPU (176.0%)

Start phys-optimization.
Executing : phys-optimization successfully. Time elapsed: 0.000s wall, 0.000s user + 0.000s system = 0.000s CPU (n/a%)

Start restore-hierarchy.
Executing : restore-hierarchy successfully. Time elapsed: 0.006s wall, 0.016s user + 0.000s system = 0.016s CPU (252.8%)

W: prevent name conflict by renaming net hdmi_i2c_inst/i2c_ctrl_inst/N542 to hdmi_i2c_inst/i2c_ctrl_inst/N542_rnmt
W: prevent name conflict by renaming net hdmi_i2c_inst/i2c_ctrl_inst/i2c_sda_reg to hdmi_i2c_inst/i2c_ctrl_inst/i2c_sda_reg_rnmt

Cell Usage:
GTP_DFF_C                    17 uses
GTP_DFF_CE                   22 uses
GTP_DFF_P                     2 uses
GTP_DLATCH                    1 use
GTP_GRS                       1 use
GTP_INV                       1 use
GTP_LUT1                      1 use
GTP_LUT3                      1 use
GTP_LUT5                     14 uses
GTP_LUT6                     15 uses
GTP_LUT6CARRY                 9 uses
GTP_LUT6D                    21 uses
GTP_MUX2LUT7                  1 use
GTP_ROM32X2                   3 uses

I/O ports: 62
GTP_INBUF                  30 uses
GTP_IOBUF                   1 use
GTP_OUTBUF                 31 uses

Mapping Summary:
Total LUTs: 64 of 66600 (0.10%)
	LUTs as dram: 0 of 19900 (0.00%)
	LUTs as logic: 64
Total Registers: 41 of 133200 (0.03%)
Total Latches: 1

DRM36K/FIFO:
Total DRM = 0.0 of 155 (0.00%)

APMs:
Total APMs = 0.00 of 240 (0.00%)

Total I/O ports = 62 of 300 (20.67%)


Overview of Control Sets:

Number of unique control sets : 7

Histogram:
**************************************************************
  Fanout      | Count    | Sync Set/Reset    Async Set/Reset
--------------------------------------------------------------
  [0, 2)      | 1        | 0                 1
  [2, 4)      | 2        | 0                 2
  [4, 6)      | 0        | 0                 0
  [6, 8)      | 2        | 0                 2
  [8, 10)     | 0        | 0                 0
  [10, 12)    | 1        | 0                 1
  [12, 14)    | 1        | 0                 1
  [14, 16)    | 0        | 0                 0
  [16, Inf)   | 0        | 0                 0
--------------------------------------------------------------
  The maximum fanout: 13
==============================================================

Flip-Flop Distribution:
************************************************************************
  Clock Enable    Sync Set/Reset    Async Set/Reset    Total Registers
------------------------------------------------------------------------
  NO              NO                NO                 0
  NO              NO                YES                19
  NO              YES               NO                 0
  YES             NO                NO                 0
  YES             NO                YES                22
  YES             YES               NO                 0
========================================================================

Latch Distribution:
************************************************
  Gate Enable    Preset/Clear    Total Latches
************************************************
  NO             NO              1
  NO             YES             0
  YES            NO              0
  YES            YES             0
************************************************

Design 'hdmi_loop' has been successfully synthesized to architecture-specific objects.
Saving design to DB.
I: Adm-6003: Trying to disconnect un-connected pin 'Z[0]' of instance 'ND13[2]'.
I: Adm-6003: Trying to disconnect un-connected pin 'Z[0]' of instance 'ND14[4]'.
I: Adm-6003: Trying to disconnect un-connected pin 'Z[0]' of instance 'ND14[3]'.
I: Adm-6003: Trying to disconnect un-connected pin 'Z[0]' of instance 'ND0'.
I: Adm-6003: Trying to disconnect un-connected pin 'Z[0]' of instance 'ND1'.
I: Adm-6003: Trying to disconnect un-connected pin 'Z[0]' of instance 'ND2'.
I: Adm-6003: Trying to disconnect un-connected pin 'Z[0]' of instance 'ND3'.
I: Adm-6003: Trying to disconnect un-connected pin 'Z[0]' of instance 'ND5'.
I: Adm-6003: Trying to disconnect un-connected pin 'Z[0]' of instance 'ND6'.
I: Adm-6003: Trying to disconnect un-connected pin 'Z[0]' of instance 'ND7'.
I: Adm-6003: Trying to disconnect un-connected pin 'Z[0]' of instance 'ND8'.
I: Adm-6003: Trying to disconnect un-connected pin 'Z[0]' of instance 'ND9'.
I: Adm-6003: Trying to disconnect un-connected pin 'Z[0]' of instance 'ND11'.
I: Adm-6003: Trying to disconnect un-connected pin 'Z[0]' of instance 'ND4[0]'.
I: Adm-6003: Trying to disconnect un-connected pin 'Z[0]' of instance 'ND4[1]'.
I: Adm-6003: Trying to disconnect un-connected pin 'Z[0]' of instance 'ND4[2]'.
I: Adm-6003: Trying to disconnect un-connected pin 'Z[0]' of instance 'ND4[3]'.
I: Adm-6003: Trying to disconnect un-connected pin 'Z[0]' of instance 'ND4[4]'.
I: Adm-6003: Trying to disconnect un-connected pin 'Z[0]' of instance 'ND4[5]'.
I: Adm-6003: Trying to disconnect un-connected pin 'Z[0]' of instance 'ND4[6]'.
I: Adm-6003: Trying to disconnect un-connected pin 'Z[0]' of instance 'ND4[7]'.
I: Adm-6003: Trying to disconnect un-connected pin 'Z[0]' of instance 'ND4[8]'.
I: Adm-6003: Trying to disconnect un-connected pin 'Z[0]' of instance 'ND4[9]'.
I: Adm-6003: Trying to disconnect un-connected pin 'Z[0]' of instance 'ND4[10]'.
I: Adm-6003: Trying to disconnect un-connected pin 'Z[0]' of instance 'ND4[11]'.
I: Adm-6003: Trying to disconnect un-connected pin 'Z[0]' of instance 'ND4[12]'.
I: Adm-6003: Trying to disconnect un-connected pin 'Z[0]' of instance 'ND4[13]'.
I: Adm-6003: Trying to disconnect un-connected pin 'Z[0]' of instance 'ND4[14]'.
I: Adm-6003: Trying to disconnect un-connected pin 'Z[0]' of instance 'ND4[15]'.
I: Adm-6003: Trying to disconnect un-connected pin 'Z[0]' of instance 'ND4[16]'.
I: Adm-6003: Trying to disconnect un-connected pin 'Z[0]' of instance 'ND4[17]'.
I: Adm-6003: Trying to disconnect un-connected pin 'Z[0]' of instance 'ND4[18]'.
I: Adm-6003: Trying to disconnect un-connected pin 'Z[0]' of instance 'ND4[19]'.
I: Adm-6003: Trying to disconnect un-connected pin 'Z[0]' of instance 'ND4[20]'.
I: Adm-6003: Trying to disconnect un-connected pin 'Z[0]' of instance 'ND4[21]'.
I: Adm-6003: Trying to disconnect un-connected pin 'Z[0]' of instance 'ND4[22]'.
I: Adm-6003: Trying to disconnect un-connected pin 'Z[0]' of instance 'ND4[23]'.
I: Adm-6003: Trying to disconnect un-connected pin 'Z[0]' of instance 'ND10[0]'.
I: Adm-6003: Trying to disconnect un-connected pin 'Z[0]' of instance 'ND10[1]'.
I: Adm-6003: Trying to disconnect un-connected pin 'Z[0]' of instance 'ND10[2]'.
I: Adm-6003: Trying to disconnect un-connected pin 'Z[0]' of instance 'ND10[3]'.
I: Adm-6003: Trying to disconnect un-connected pin 'Z[0]' of instance 'ND10[4]'.
I: Adm-6003: Trying to disconnect un-connected pin 'Z[0]' of instance 'ND10[5]'.
I: Adm-6003: Trying to disconnect un-connected pin 'Z[0]' of instance 'ND10[6]'.
I: Adm-6003: Trying to disconnect un-connected pin 'Z[0]' of instance 'ND10[7]'.
I: Adm-6003: Trying to disconnect un-connected pin 'Z[0]' of instance 'ND10[8]'.
I: Adm-6003: Trying to disconnect un-connected pin 'Z[0]' of instance 'ND10[9]'.
I: Adm-6003: Trying to disconnect un-connected pin 'Z[0]' of instance 'ND10[10]'.
I: Adm-6003: Trying to disconnect un-connected pin 'Z[0]' of instance 'ND10[11]'.
I: Adm-6003: Trying to disconnect un-connected pin 'Z[0]' of instance 'ND10[12]'.
I: Adm-6003: Trying to disconnect un-connected pin 'Z[0]' of instance 'ND10[13]'.
I: Adm-6003: Trying to disconnect un-connected pin 'Z[0]' of instance 'ND10[14]'.
I: Adm-6003: Trying to disconnect un-connected pin 'Z[0]' of instance 'ND10[15]'.
I: Adm-6003: Trying to disconnect un-connected pin 'Z[0]' of instance 'ND10[16]'.
I: Adm-6003: Trying to disconnect un-connected pin 'Z[0]' of instance 'ND10[17]'.
I: Adm-6003: Trying to disconnect un-connected pin 'Z[0]' of instance 'ND10[18]'.
I: Adm-6003: Trying to disconnect un-connected pin 'Z[0]' of instance 'ND10[19]'.
I: Adm-6003: Trying to disconnect un-connected pin 'Z[0]' of instance 'ND10[20]'.
I: Adm-6003: Trying to disconnect un-connected pin 'Z[0]' of instance 'ND10[21]'.
I: Adm-6003: Trying to disconnect un-connected pin 'Z[0]' of instance 'ND10[22]'.
I: Adm-6003: Trying to disconnect un-connected pin 'Z[0]' of instance 'ND10[23]'.
I: Adm-6003: Trying to disconnect un-connected pin 'Z[0]' of instance 'ND6[29]'.
I: Adm-6003: Trying to disconnect un-connected pin 'Z[0]' of instance 'ND6[28]'.
I: Adm-6003: Trying to disconnect un-connected pin 'Z[0]' of instance 'ND6[27]'.
I: Adm-6003: Trying to disconnect un-connected pin 'Z[0]' of instance 'ND6[26]'.
I: Adm-6003: Trying to disconnect un-connected pin 'Z[0]' of instance 'ND6[25]'.
I: Adm-6003: Trying to disconnect un-connected pin 'Z[0]' of instance 'ND6[24]'.
I: Adm-6003: Trying to disconnect un-connected pin 'Z[0]' of instance 'ND6[23]'.
I: Adm-6003: Trying to disconnect un-connected pin 'Z[0]' of instance 'ND6[22]'.
I: Adm-6003: Trying to disconnect un-connected pin 'Z[0]' of instance 'ND6[21]'.
I: Adm-6003: Trying to disconnect un-connected pin 'Z[0]' of instance 'ND6[20]'.
I: Adm-6003: Trying to disconnect un-connected pin 'Z[0]' of instance 'ND6[19]'.
I: Adm-6003: Trying to disconnect un-connected pin 'Z[0]' of instance 'ND6[18]'.
I: Adm-6003: Trying to disconnect un-connected pin 'Z[0]' of instance 'ND6[17]'.
I: Adm-6003: Trying to disconnect un-connected pin 'Z[0]' of instance 'ND6[16]'.
I: Adm-6003: Trying to disconnect un-connected pin 'Z[0]' of instance 'ND6[15]'.
I: Adm-6003: Trying to disconnect un-connected pin 'Z[0]' of instance 'ND6[14]'.
I: Adm-6003: Trying to disconnect un-connected pin 'Z[0]' of instance 'ND6[13]'.
I: Adm-6003: Trying to disconnect un-connected pin 'Z[0]' of instance 'ND6[12]'.
I: Adm-6003: Trying to disconnect un-connected pin 'Z[0]' of instance 'ND6[11]'.
I: Adm-6003: Trying to disconnect un-connected pin 'Z[0]' of instance 'ND6[10]'.
I: Adm-6003: Trying to disconnect un-connected pin 'Z[0]' of instance 'ND6[9]'.
I: Adm-6003: Trying to disconnect un-connected pin 'Z[0]' of instance 'ND6[8]'.
I: Adm-6003: Trying to disconnect un-connected pin 'Z[0]' of instance 'ND6[7]'.
I: Adm-6003: Trying to disconnect un-connected pin 'Z[0]' of instance 'ND6[6]'.
I: Adm-6003: Trying to disconnect un-connected pin 'Z[0]' of instance 'ND6[5]'.
I: Adm-6003: Trying to disconnect un-connected pin 'Z[0]' of instance 'ND6[4]'.
I: Adm-6003: Trying to disconnect un-connected pin 'Z[0]' of instance 'ND6[3]'.
I: Adm-6003: Trying to disconnect un-connected pin 'Z[0]' of instance 'ND6[2]'.
I: Adm-6003: Trying to disconnect un-connected pin 'Z[0]' of instance 'ND6[1]'.
I: Adm-6003: Trying to disconnect un-connected pin 'Z[0]' of instance 'ND6[0]'.
I: Adm-6003: Trying to disconnect un-connected pin 'Z[0]' of instance 'ND7'.
I: Adm-6003: Trying to disconnect un-connected pin 'Z[0]' of instance 'ND6[31]'.
I: Adm-6003: Trying to disconnect un-connected pin 'Z[0]' of instance 'ND5'.
I: Adm-6003: Trying to disconnect un-connected pin 'Z[0]' of instance 'ND4'.
I: Adm-6003: Trying to disconnect un-connected pin 'Z[0]' of instance 'ND6[30]'.
I: Adm-6003: Trying to disconnect un-connected pin 'Z[0]' of instance 'ND0'.
I: Adm-6003: Trying to disconnect un-connected pin 'Z[0]' of instance 'ND1'.
I: Adm-6003: Trying to disconnect un-connected pin 'Z[0]' of instance 'ND2'.
I: Adm-6003: Trying to disconnect un-connected pin 'Z[0]' of instance 'ND13[3]'.
I: Adm-6003: Trying to disconnect un-connected pin 'Z[0]' of instance 'ND13[4]'.
I: Adm-6003: Trying to disconnect un-connected pin 'Z[0]' of instance 'ND13[5]'.
I: Adm-6003: Trying to disconnect un-connected pin 'Z[0]' of instance 'ND13[6]'.
I: Adm-6003: Trying to disconnect un-connected pin 'Z[0]' of instance 'ND13[7]'.
I: Adm-6003: Trying to disconnect un-connected pin 'Z[0]' of instance 'ND8'.
I: Adm-6003: Trying to disconnect un-connected pin 'Z[0]' of instance 'ND14[5]'.
I: Adm-6003: Trying to disconnect un-connected pin 'Z[0]' of instance 'ND14[6]'.
I: Adm-6003: Trying to disconnect un-connected pin 'Z[0]' of instance 'ND15[0]'.
I: Adm-6003: Trying to disconnect un-connected pin 'Z[0]' of instance 'ND12'.
I: Adm-6003: Trying to disconnect un-connected pin 'Z[0]' of instance 'ND15[1]'.
I: Adm-6003: Trying to disconnect un-connected pin 'Z[0]' of instance 'ND15[2]'.
I: Adm-6003: Trying to disconnect un-connected pin 'Z[0]' of instance 'ND15[3]'.
I: Adm-6003: Trying to disconnect un-connected pin 'Z[0]' of instance 'ND14[2]'.
I: Adm-6003: Trying to disconnect un-connected pin 'Z[0]' of instance 'ND14[0]'.
I: Adm-6003: Trying to disconnect un-connected pin 'Z[0]' of instance 'ND14[1]'.
I: Adm-6003: Trying to disconnect un-connected pin 'Z[0]' of instance 'ND9[0]'.
I: Adm-6003: Trying to disconnect un-connected pin 'Z[0]' of instance 'ND9[1]'.
I: Adm-6003: Trying to disconnect un-connected pin 'Z[0]' of instance 'ND9[2]'.
I: Adm-6003: Trying to disconnect un-connected pin 'Z[0]' of instance 'ND9[3]'.
I: Adm-6003: Trying to disconnect un-connected pin 'Z[0]' of instance 'ND9[4]'.
I: Adm-6003: Trying to disconnect un-connected pin 'Z[0]' of instance 'ND9[5]'.
I: Adm-6003: Trying to disconnect un-connected pin 'Z[0]' of instance 'ND9[6]'.
I: Adm-6003: Trying to disconnect un-connected pin 'Z[0]' of instance 'ND9[7]'.
I: Adm-6003: Trying to disconnect un-connected pin 'Z[0]' of instance 'ND10[0]'.
I: Adm-6003: Trying to disconnect un-connected pin 'Z[0]' of instance 'ND10[1]'.
I: Adm-6003: Trying to disconnect un-connected pin 'Z[0]' of instance 'ND10[2]'.
I: Adm-6003: Trying to disconnect un-connected pin 'Z[0]' of instance 'ND10[3]'.
I: Adm-6003: Trying to disconnect un-connected pin 'Z[0]' of instance 'ND10[4]'.
I: Adm-6003: Trying to disconnect un-connected pin 'Z[0]' of instance 'ND10[5]'.
I: Adm-6003: Trying to disconnect un-connected pin 'Z[0]' of instance 'ND10[6]'.
I: Adm-6003: Trying to disconnect un-connected pin 'Z[0]' of instance 'ND10[7]'.
I: Adm-6003: Trying to disconnect un-connected pin 'Z[0]' of instance 'ND10[8]'.
I: Adm-6003: Trying to disconnect un-connected pin 'Z[0]' of instance 'ND10[9]'.
I: Adm-6003: Trying to disconnect un-connected pin 'Z[0]' of instance 'ND10[10]'.
I: Adm-6003: Trying to disconnect un-connected pin 'Z[0]' of instance 'ND10[11]'.
I: Adm-6003: Trying to disconnect un-connected pin 'Z[0]' of instance 'ND10[12]'.
I: Adm-6003: Trying to disconnect un-connected pin 'Z[0]' of instance 'ND10[13]'.
I: Adm-6003: Trying to disconnect un-connected pin 'Z[0]' of instance 'ND10[14]'.
I: Adm-6003: Trying to disconnect un-connected pin 'Z[0]' of instance 'ND10[15]'.
I: Adm-6003: Trying to disconnect un-connected pin 'Z[0]' of instance 'ND11[0]'.
I: Adm-6003: Trying to disconnect un-connected pin 'Z[0]' of instance 'ND11[1]'.
I: Adm-6003: Trying to disconnect un-connected pin 'Z[0]' of instance 'ND11[2]'.
I: Adm-6003: Trying to disconnect un-connected pin 'Z[0]' of instance 'ND11[3]'.
I: Adm-6003: Trying to disconnect un-connected pin 'Z[0]' of instance 'ND11[4]'.
I: Adm-6003: Trying to disconnect un-connected pin 'Z[0]' of instance 'ND11[5]'.
I: Adm-6003: Trying to disconnect un-connected pin 'Z[0]' of instance 'ND11[6]'.
I: Adm-6003: Trying to disconnect un-connected pin 'Z[0]' of instance 'ND11[7]'.
I: Adm-6003: Trying to disconnect un-connected pin 'Z[0]' of instance 'ND13[0]'.
I: Adm-6003: Trying to disconnect un-connected pin 'Z[0]' of instance 'ND13[1]'.
Saving design to hdmi_loop_syn.vm
Constructing timing graph ...
Timing graph has been constructed successfully
W: STA-3011: Clock pin 'hdmi_i2c_inst/hdmi_cfg_inst/cfg_done/CLK' (GTP_DFF_C.CLK) has no clock, timing propagation is disabled at the pin.
W: STA-3011: Clock pin 'hdmi_i2c_inst/hdmi_cfg_inst/cfg_start/CLK' (GTP_DFF_C.CLK) has no clock, timing propagation is disabled at the pin.
W: STA-3011: Clock pin 'hdmi_i2c_inst/hdmi_cfg_inst/cnt_wait[0]/CLK' (GTP_DFF_CE.CLK) has no clock, timing propagation is disabled at the pin.
W: STA-3011: Clock pin 'hdmi_i2c_inst/hdmi_cfg_inst/cnt_wait[1]/CLK' (GTP_DFF_CE.CLK) has no clock, timing propagation is disabled at the pin.
W: STA-3011: Clock pin 'hdmi_i2c_inst/hdmi_cfg_inst/cnt_wait[2]/CLK' (GTP_DFF_CE.CLK) has no clock, timing propagation is disabled at the pin.
W: STA-3011: Clock pin 'hdmi_i2c_inst/hdmi_cfg_inst/cnt_wait[3]/CLK' (GTP_DFF_CE.CLK) has no clock, timing propagation is disabled at the pin.
W: STA-3011: Clock pin 'hdmi_i2c_inst/hdmi_cfg_inst/cnt_wait[4]/CLK' (GTP_DFF_CE.CLK) has no clock, timing propagation is disabled at the pin.
W: STA-3011: Clock pin 'hdmi_i2c_inst/hdmi_cfg_inst/cnt_wait[5]/CLK' (GTP_DFF_CE.CLK) has no clock, timing propagation is disabled at the pin.
W: STA-3011: Clock pin 'hdmi_i2c_inst/hdmi_cfg_inst/cnt_wait[6]/CLK' (GTP_DFF_CE.CLK) has no clock, timing propagation is disabled at the pin.
W: STA-3011: Clock pin 'hdmi_i2c_inst/hdmi_cfg_inst/cnt_wait[7]/CLK' (GTP_DFF_CE.CLK) has no clock, timing propagation is disabled at the pin.
W: STA-3011: Clock pin 'hdmi_i2c_inst/hdmi_cfg_inst/cnt_wait[8]/CLK' (GTP_DFF_CE.CLK) has no clock, timing propagation is disabled at the pin.
W: STA-3011: Clock pin 'hdmi_i2c_inst/hdmi_cfg_inst/cnt_wait[9]/CLK' (GTP_DFF_CE.CLK) has no clock, timing propagation is disabled at the pin.
W: STA-3011: Clock pin 'hdmi_i2c_inst/hdmi_cfg_inst/reg_num[0]/CLK' (GTP_DFF_CE.CLK) has no clock, timing propagation is disabled at the pin.
W: STA-3011: Clock pin 'hdmi_i2c_inst/hdmi_cfg_inst/reg_num[1]/CLK' (GTP_DFF_CE.CLK) has no clock, timing propagation is disabled at the pin.
W: STA-3011: Clock pin 'hdmi_i2c_inst/hdmi_cfg_inst/reg_num[2]/CLK' (GTP_DFF_CE.CLK) has no clock, timing propagation is disabled at the pin.
W: STA-3011: Clock pin 'hdmi_i2c_inst/hdmi_cfg_inst/reg_num[3]/CLK' (GTP_DFF_CE.CLK) has no clock, timing propagation is disabled at the pin.
W: STA-3011: Clock pin 'hdmi_i2c_inst/hdmi_cfg_inst/reg_num[4]/CLK' (GTP_DFF_CE.CLK) has no clock, timing propagation is disabled at the pin.
W: STA-3011: Clock pin 'hdmi_i2c_inst/hdmi_cfg_inst/reg_num[5]/CLK' (GTP_DFF_CE.CLK) has no clock, timing propagation is disabled at the pin.
W: STA-3011: Clock pin 'hdmi_i2c_inst/hdmi_cfg_inst/reg_num[6]/CLK' (GTP_DFF_CE.CLK) has no clock, timing propagation is disabled at the pin.
W: STA-3011: Clock pin 'hdmi_i2c_inst/i2c_ctrl_inst/ack/G' (GTP_DLATCH.G) has no clock, timing propagation is disabled at the pin.
W: STA-3011: Clock pin 'hdmi_i2c_inst/i2c_ctrl_inst/cnt_bit[0]/CLK' (GTP_DFF_CE.CLK) has no clock, timing propagation is disabled at the pin.
W: STA-3011: Clock pin 'hdmi_i2c_inst/i2c_ctrl_inst/cnt_bit[1]/CLK' (GTP_DFF_CE.CLK) has no clock, timing propagation is disabled at the pin.
W: STA-3011: Clock pin 'hdmi_i2c_inst/i2c_ctrl_inst/cnt_bit[2]/CLK' (GTP_DFF_CE.CLK) has no clock, timing propagation is disabled at the pin.
W: STA-3011: Clock pin 'hdmi_i2c_inst/i2c_ctrl_inst/cnt_i2c_clk[0]/CLK' (GTP_DFF_CE.CLK) has no clock, timing propagation is disabled at the pin.
W: STA-3011: Clock pin 'hdmi_i2c_inst/i2c_ctrl_inst/cnt_i2c_clk[1]/CLK' (GTP_DFF_CE.CLK) has no clock, timing propagation is disabled at the pin.
W: STA-3011: Clock pin 'hdmi_i2c_inst/i2c_ctrl_inst/cnt_i2c_clk_en/CLK' (GTP_DFF_C.CLK) has no clock, timing propagation is disabled at the pin.
W: STA-3011: Clock pin 'hdmi_i2c_inst/i2c_ctrl_inst/i2c_end/CLK' (GTP_DFF_C.CLK) has no clock, timing propagation is disabled at the pin.
W: STA-3011: Clock pin 'hdmi_i2c_inst/i2c_ctrl_inst/state_reg[0]/CLK' (GTP_DFF_P.CLK) has no clock, timing propagation is disabled at the pin.
W: STA-3011: Clock pin 'hdmi_i2c_inst/i2c_ctrl_inst/state_reg[1]/CLK' (GTP_DFF_C.CLK) has no clock, timing propagation is disabled at the pin.
W: STA-3011: Clock pin 'hdmi_i2c_inst/i2c_ctrl_inst/state_reg[2]/CLK' (GTP_DFF_C.CLK) has no clock, timing propagation is disabled at the pin.
W: STA-3011: Clock pin 'hdmi_i2c_inst/i2c_ctrl_inst/state_reg[3]/CLK' (GTP_DFF_C.CLK) has no clock, timing propagation is disabled at the pin.
W: STA-3011: Clock pin 'hdmi_i2c_inst/i2c_ctrl_inst/state_reg[6]/CLK' (GTP_DFF_C.CLK) has no clock, timing propagation is disabled at the pin.
W: STA-3011: Clock pin 'hdmi_i2c_inst/i2c_ctrl_inst/state_reg[7]/CLK' (GTP_DFF_C.CLK) has no clock, timing propagation is disabled at the pin.
W: STA-3011: Clock pin 'hdmi_i2c_inst/i2c_ctrl_inst/state_reg[8]/CLK' (GTP_DFF_C.CLK) has no clock, timing propagation is disabled at the pin.
W: STA-3011: Clock pin 'hdmi_i2c_inst/i2c_ctrl_inst/state_reg[9]/CLK' (GTP_DFF_C.CLK) has no clock, timing propagation is disabled at the pin.
W: STA-3011: Clock pin 'hdmi_i2c_inst/i2c_ctrl_inst/state_reg[15]/CLK' (GTP_DFF_C.CLK) has no clock, timing propagation is disabled at the pin.
W: Timing-4086: Port 'ddc_sda' is not constrained, it is treated as combinational input.
W: Timing-4087: Port 'ddc_sda' is not constrained, it is treated as combinational output.
W: Timing-4087: Port 'ddc_scl' is not constrained, it is treated as combinational output.
W: Timing-4087: Port 'hdmi_in_rst_n' is not constrained, it is treated as combinational output.
W: Timing-4087: Port 'hdmi_out_clk' is not constrained, it is treated as combinational output.
W: Timing-4087: Port 'hdmi_out_de' is not constrained, it is treated as combinational output.
W: Timing-4087: Port 'hdmi_out_hsync' is not constrained, it is treated as combinational output.
W: Timing-4087: Port 'hdmi_out_rgb[0]' is not constrained, it is treated as combinational output.
W: Timing-4087: Port 'hdmi_out_rgb[1]' is not constrained, it is treated as combinational output.
W: Timing-4087: Port 'hdmi_out_rgb[2]' is not constrained, it is treated as combinational output.
W: Timing-4087: Port 'hdmi_out_rgb[3]' is not constrained, it is treated as combinational output.
W: Timing-4087: Port 'hdmi_out_rgb[4]' is not constrained, it is treated as combinational output.
W: Timing-4087: Port 'hdmi_out_rgb[5]' is not constrained, it is treated as combinational output.
W: Timing-4087: Port 'hdmi_out_rgb[6]' is not constrained, it is treated as combinational output.
W: Timing-4087: Port 'hdmi_out_rgb[7]' is not constrained, it is treated as combinational output.
W: Timing-4087: Port 'hdmi_out_rgb[8]' is not constrained, it is treated as combinational output.
W: Timing-4087: Port 'hdmi_out_rgb[9]' is not constrained, it is treated as combinational output.
W: Timing-4087: Port 'hdmi_out_rgb[10]' is not constrained, it is treated as combinational output.
W: Timing-4087: Port 'hdmi_out_rgb[11]' is not constrained, it is treated as combinational output.
W: Timing-4087: Port 'hdmi_out_rgb[12]' is not constrained, it is treated as combinational output.
W: Timing-4087: Port 'hdmi_out_rgb[13]' is not constrained, it is treated as combinational output.
W: Timing-4087: Port 'hdmi_out_rgb[14]' is not constrained, it is treated as combinational output.
W: Timing-4087: Port 'hdmi_out_rgb[15]' is not constrained, it is treated as combinational output.
W: Timing-4087: Port 'hdmi_out_rgb[16]' is not constrained, it is treated as combinational output.
W: Timing-4087: Port 'hdmi_out_rgb[17]' is not constrained, it is treated as combinational output.
W: Timing-4087: Port 'hdmi_out_rgb[18]' is not constrained, it is treated as combinational output.
W: Timing-4087: Port 'hdmi_out_rgb[19]' is not constrained, it is treated as combinational output.
W: Timing-4087: Port 'hdmi_out_rgb[20]' is not constrained, it is treated as combinational output.
W: Timing-4087: Port 'hdmi_out_rgb[21]' is not constrained, it is treated as combinational output.
W: Timing-4087: Port 'hdmi_out_rgb[22]' is not constrained, it is treated as combinational output.
W: Timing-4087: Port 'hdmi_out_rgb[23]' is not constrained, it is treated as combinational output.
W: Timing-4087: Port 'hdmi_out_rst_n' is not constrained, it is treated as combinational output.
W: Timing-4087: Port 'hdmi_out_vsync' is not constrained, it is treated as combinational output.
W: Timing-4086: Port 'hdmi_in_clk' is not constrained, it is treated as combinational input.
W: Timing-4086: Port 'hdmi_in_de' is not constrained, it is treated as combinational input.
W: Timing-4086: Port 'hdmi_in_hsync' is not constrained, it is treated as combinational input.
W: Timing-4086: Port 'hdmi_in_rgb[0]' is not constrained, it is treated as combinational input.
W: Timing-4086: Port 'hdmi_in_rgb[1]' is not constrained, it is treated as combinational input.
W: Timing-4086: Port 'hdmi_in_rgb[2]' is not constrained, it is treated as combinational input.
W: Timing-4086: Port 'hdmi_in_rgb[3]' is not constrained, it is treated as combinational input.
W: Timing-4086: Port 'hdmi_in_rgb[4]' is not constrained, it is treated as combinational input.
W: Timing-4086: Port 'hdmi_in_rgb[5]' is not constrained, it is treated as combinational input.
W: Timing-4086: Port 'hdmi_in_rgb[6]' is not constrained, it is treated as combinational input.
W: Timing-4086: Port 'hdmi_in_rgb[7]' is not constrained, it is treated as combinational input.
W: Timing-4086: Port 'hdmi_in_rgb[8]' is not constrained, it is treated as combinational input.
W: Timing-4086: Port 'hdmi_in_rgb[9]' is not constrained, it is treated as combinational input.
W: Timing-4086: Port 'hdmi_in_rgb[10]' is not constrained, it is treated as combinational input.
W: Timing-4086: Port 'hdmi_in_rgb[11]' is not constrained, it is treated as combinational input.
W: Timing-4086: Port 'hdmi_in_rgb[12]' is not constrained, it is treated as combinational input.
W: Timing-4086: Port 'hdmi_in_rgb[13]' is not constrained, it is treated as combinational input.
W: Timing-4086: Port 'hdmi_in_rgb[14]' is not constrained, it is treated as combinational input.
W: Timing-4086: Port 'hdmi_in_rgb[15]' is not constrained, it is treated as combinational input.
W: Timing-4086: Port 'hdmi_in_rgb[16]' is not constrained, it is treated as combinational input.
W: Timing-4086: Port 'hdmi_in_rgb[17]' is not constrained, it is treated as combinational input.
W: Timing-4086: Port 'hdmi_in_rgb[18]' is not constrained, it is treated as combinational input.
W: Timing-4086: Port 'hdmi_in_rgb[19]' is not constrained, it is treated as combinational input.
W: Timing-4086: Port 'hdmi_in_rgb[20]' is not constrained, it is treated as combinational input.
W: Timing-4086: Port 'hdmi_in_rgb[21]' is not constrained, it is treated as combinational input.
W: Timing-4086: Port 'hdmi_in_rgb[22]' is not constrained, it is treated as combinational input.
W: Timing-4086: Port 'hdmi_in_rgb[23]' is not constrained, it is treated as combinational input.
W: Timing-4086: Port 'hdmi_in_vsync' is not constrained, it is treated as combinational input.
W: Timing-4086: Port 'sys_rst_n' is not constrained, it is treated as combinational input.
Action synthesize: Real time elapsed is 0h:0m:10s
Action synthesize: CPU time elapsed is 0h:0m:8s
Action synthesize: Process CPU time elapsed is 0h:0m:8s
Current time: Fri Aug 11 16:59:20 2023
Action synthesize: Peak memory pool usage is 313 MB
