#Build: Fabric Compiler 2025.2, Build 211867, Jan 16 16:10 2026
#Install: D:\pango\PDS_2025.2-ads\bin
#Application name: pds_shell.exe
#OS: Windows 11 10.0.26100
#CPU: Unknown
#RAM(GB): 16
#Hostname: hustlyrm
#Generated by Fabric Compiler (version 2025.2 build 211867) at Wed Sep 30 21:26:50 2026
Parameters for debugging are loaded as follows:
Compiling verification operator library.
Compiling vendor parameter file.
Compiling common defs.
Compiling prim grid devices.
Compiling place grid timing.
Compiling gate devices.
Compiling gate operators.
Compiling gate operators impls.
Building architecture model.
Loading device packaging model.
Building architecture floorplan logic view.
Elaborate the liberty model.
I: Multithreading enabled for Timing using a maximum of 4 processes.

Routing started.
Build routing arch for double attribute device.
Enter timing driven router mode.
I: Multithreading enabled for route using a maximum of 6 processes.
Building routing graph takes 1.44 sec.
Enable Recovery Analysis in Routing
Init coarse delay table.
I: Loading Timing Delay Info...
I: Load Timing Delay Info successfully.
Read place coarse delay table takes 0.33 sec.
build place dedicate switch graph takes 1.17 sec
Setup STE netlist take 1772 msec.
Slack Weight : 90
CE/RS signal series limit : 500
Dispose control chain take 10 msec.
Collect const net info take 30 msec.
Total nets for routing: 469.
Total loads for routing: 1826.
Direct connect net size: 103
Build all design net take 25 msec.
Processing design graph takes 1.84 sec.
Route info is not supported in this chip.
Delay table total memory: 40.33696175 MB
Route graph total memory: 74.35725880 MB
Route design total memory: 1.42119980 MB
The remaining process takes 0.01 sec.
Stage: after context initialize | Time (s): real = 0h:0m:10s ; cpu = 0h:0m:7s ; process = 0h:0m:10s | Memory (MB): curr = 673.750000 ; peak = 712.000000 | Checksum: 5C3EA00F75B29C0A
Global routing takes 0.00 sec.
Pin Cost Increasing Speed 300
Unrouted clock nets at iteration 0 (0.002 sec): 0
Stage: after clock route | Time (s): real = 0h:0m:10s ; cpu = 0h:0m:7s ; process = 0h:0m:10s | Memory (MB): curr = 674.625000 ; peak = 712.000000 | Checksum: FB201D698753F4EF
Total route nets size: 465
Pre route takes 0.122 sec
Stage: after pre route | Performance: TNS = 0 ; WNS = 15247 ; THS = 0 ; WHS = 179 | Time (s): real = 0h:0m:11s ; cpu = 0h:0m:8s ; process = 0h:0m:10s | Memory (MB): curr = 685.101562 ; peak = 712.000000 | Checksum: D2A790333D034A23
Unrouted general nets at iteration 3 (MT total route time: 0.054 sec): 312(overused: 1599)
Unrouted general nets at iteration 4 (MT total route time: 0.041 sec): 273(overused: 1096)
Unrouted general nets at iteration 5 (MT total route time: 0.038 sec): 211(overused: 664)
Unrouted general nets at iteration 6 (MT total route time: 0.033 sec): 163(overused: 420)
Unrouted general nets at iteration 7 (MT total route time: 0.024 sec): 122(overused: 265)
Unrouted general nets at iteration 8 (MT total route time: 0.015 sec): 73(overused: 135)
Unrouted general nets at iteration 9 (MT total route time: 0.010 sec): 24(overused: 34)
Unrouted general nets at iteration 10 (MT total route time: 0.004 sec): 14(overused: 18)
Unrouted general nets at iteration 11 (MT total route time: 0.005 sec): 4(overused: 8)
Unrouted general nets at iteration 12 (MT total route time: 0.003 sec): 4(overused: 8)
Unrouted general nets at iteration 13 (MT total route time: 0.004 sec): 6(overused: 12)
Unrouted general nets at iteration 14 (MT total route time: 0.003 sec): 0(overused: 0)
----General net take 0.000 sec(route net take 0.000 sec, inc cost take 0.000 sec, iter times: 1)
----const net route take 0.001 sec
Unrouted nets at iteration 15 (0.002 sec): 0
Stage: after detail route | Performance: TNS = 0 ; WNS = 14706 ; THS = NA ; WHS = NA | Time (s): real = 0h:0m:11s ; cpu = 0h:0m:8s ; process = 0h:0m:11s | Memory (MB): curr = 687.589844 ; peak = 712.000000 | Checksum: A3B4E7D880B6C3A7
Begin rip-up and reroute:
Rip-up and reroute takes 0.01 sec.
Stage: after ripup & reroute | Performance: TNS = 0 ; WNS = 14706 ; THS = NA ; WHS = NA | Time (s): real = 0h:0m:11s ; cpu = 0h:0m:8s ; process = 0h:0m:11s | Memory (MB): curr = 688.707031 ; peak = 712.000000 | Checksum: CFF6AC838D46D12E
Detailed routing takes 0.82 sec.
Sort Original Nets take 0.002 sec
Check HPIO div result take 0.000 sec
Total net: 469, route succeed net: 469
Generate routing result take 0.001 sec
Handle PERMUX permutation take 0.012 sec
Handle const net take 0.001 sec
Handle route through take 0.004 sec
Used SRB routing arc is 3664.
Stage: after finish route | Performance: TNS = 0 ; WNS = 14706 ; THS = NA ; WHS = NA | Time (s): real = 0h:0m:11s ; cpu = 0h:0m:8s ; process = 0h:0m:11s | Memory (MB): curr = 663.804688 ; peak = 712.000000 | Checksum: 6A6EB16917A59FC2
Finish routing takes 0.13 sec.
Total routing takes 4.36 sec.

Device Utilization Summary :
+----------------------------------------------------------------------------+
| Device Type                      | Used     | Available     | Util(%)     
+----------------------------------------------------------------------------+
| CLMA                             | 91       | 6450          | 2           
| + FF                             | 159      | 38700         | 1           
| + LUT                            | 205      | 25800         | 1           
|   + LUT as Logic                 | 150      |               |             
|   + LUT as Const                 | 45       |               |             
|   + LUT as Bypass                | 10       |               |             
| CLMS                             | 54       | 4250          | 2           
| + FF                             | 111      | 25500         | 1           
| + LUT                            | 139      | 17000         | 1           
|   + LUT as Logic                 | 126      |               |             
|   + LUT as Memory                | 0        |               |             
|     + LUT as Distributed RAM     | 0        |               |             
|   + LUT as Const                 | 9        |               |             
|   + LUT as Bypass                | 4        |               |             
| IO                               | 17       | 296           | 6           
| + IOBD                           | 8        | 64            | 13          
| + IOBR_LR                        | 0        | 7             | 0           
| + IOBR_TB                        | 1        | 8             | 13          
| + IOBS_LR                        | 1        | 161           | 1           
| + IOBS_TB                        | 7        | 56            | 13          
| APM                              | 0        | 84            | 0           
| BKCL                             | 3        | 4             | 75          
| CRYSTAL                          | 0        | 2             | 0           
| DLL                              | 0        | 10            | 0           
| DQSL                             | 0        | 18            | 0           
| DRM                              | 1        | 134           | 1           
| FUSECODE                         | 0        | 1             | 0           
| HARD0N1                          | 8        | 6672          | 1           
| HSST                             | 0        | 1             | 0           
| IOCKDIV                          | 0        | 20            | 0           
| IOCKDLY                          | 0        | 40            | 0           
| IOCKGATE                         | 0        | 20            | 0           
| + IOCKGATE as Bypass             | 0        |               |             
| IOL                              | 17       | 400           | 5           
| IPAL                             | 0        | 1             | 0           
| LDO                              | 0        | 4             | 0           
| OSC                              | 0        | 1             | 0           
| PCIE                             | 0        | 1             | 0           
| PLL                              | 0        | 5             | 0           
| RCKB                             | 0        | 24            | 0           
| + RCKB as Bypass                 | 0        |               |             
| RESCAL                           | 0        | 4             | 0           
| SCANCHAIN                        | 0        | 2             | 0           
| START                            | 1        | 1             | 100         
| UDID                             | 0        | 1             | 0           
| USCM                             | 1        | 30            | 4           
| + USCM as Bypass                 | 0        |               |             
+----------------------------------------------------------------------------+

Finished routing. (CPU time elapsed 0h:00m:08s)
Design 'flash_read_top' has been routed successfully.
Saving design to DB.
Action Route: Export DB successfully.
Action route: Real time elapsed is 0h:0m:11s
Action route: CPU time elapsed is 0h:0m:8s
Action route: Process CPU time elapsed is 0h:0m:11s
Action route: Peak memory pool usage is 712 MB

Current time: Wed Sep 30 21:26:59 2026
