#Build: Fabric Compiler 2025.2, Build 211867, Jan 16 16:10 2026
#Install: E:\work\pango\PDS_2025.2-ads\bin
#Application name: pds_shell.exe
#OS: Windows 11 10.0.26200
#CPU: Unknown
#RAM(GB): 32
#Hostname: dionirpyC
#Generated by Fabric Compiler (version 2025.2 build 211867) at Fri Sep 18 18:48:54 2026
Parameters for debugging are loaded as follows:
Compiling verification operator library.
Compiling vendor parameter file.
Compiling common defs.
Compiling prim grid devices.
Compiling place grid timing.
Compiling gate devices.
Compiling gate operators.
Compiling gate operators impls.
Building architecture model.
Loading device packaging model.
Building architecture floorplan logic view.
Constraint check start.
W: ConstraintEditor-4042: Port 'io_led_out[0]' lacks attribute 'SLEW', it's better to set the attribute for port.
W: ConstraintEditor-4042: Port 'io_led_out[0]' lacks attribute 'DRIVE', it's better to set the attribute for port.
W: ConstraintEditor-4042: Port 'io_led_out[0]' lacks attribute 'BUS_KEEPER', it's better to set the attribute for port.
W: ConstraintEditor-4042: Port 'io_led_out[1]' lacks attribute 'SLEW', it's better to set the attribute for port.
W: ConstraintEditor-4042: Port 'io_led_out[1]' lacks attribute 'DRIVE', it's better to set the attribute for port.
W: ConstraintEditor-4042: Port 'io_led_out[1]' lacks attribute 'BUS_KEEPER', it's better to set the attribute for port.
W: ConstraintEditor-4042: Port 'io_led_out[2]' lacks attribute 'SLEW', it's better to set the attribute for port.
W: ConstraintEditor-4042: Port 'io_led_out[2]' lacks attribute 'DRIVE', it's better to set the attribute for port.
W: ConstraintEditor-4042: Port 'io_led_out[2]' lacks attribute 'BUS_KEEPER', it's better to set the attribute for port.
W: ConstraintEditor-4042: Port 'io_led_out[3]' lacks attribute 'SLEW', it's better to set the attribute for port.
W: ConstraintEditor-4042: Port 'io_led_out[3]' lacks attribute 'DRIVE', it's better to set the attribute for port.
W: ConstraintEditor-4042: Port 'io_led_out[3]' lacks attribute 'BUS_KEEPER', it's better to set the attribute for port.
W: ConstraintEditor-4042: Port 'io_led_out[4]' lacks attribute 'SLEW', it's better to set the attribute for port.
W: ConstraintEditor-4042: Port 'io_led_out[4]' lacks attribute 'DRIVE', it's better to set the attribute for port.
W: ConstraintEditor-4042: Port 'io_led_out[4]' lacks attribute 'BUS_KEEPER', it's better to set the attribute for port.
W: ConstraintEditor-4042: Port 'io_led_out[5]' lacks attribute 'SLEW', it's better to set the attribute for port.
W: ConstraintEditor-4042: Port 'io_led_out[5]' lacks attribute 'DRIVE', it's better to set the attribute for port.
W: ConstraintEditor-4042: Port 'io_led_out[5]' lacks attribute 'BUS_KEEPER', it's better to set the attribute for port.
W: ConstraintEditor-4042: Port 'io_led_out[6]' lacks attribute 'SLEW', it's better to set the attribute for port.
W: ConstraintEditor-4042: Port 'io_led_out[6]' lacks attribute 'DRIVE', it's better to set the attribute for port.
W: ConstraintEditor-4042: Port 'io_led_out[6]' lacks attribute 'BUS_KEEPER', it's better to set the attribute for port.
W: ConstraintEditor-4042: Port 'io_led_out[7]' lacks attribute 'SLEW', it's better to set the attribute for port.
W: ConstraintEditor-4042: Port 'io_led_out[7]' lacks attribute 'DRIVE', it's better to set the attribute for port.
W: ConstraintEditor-4042: Port 'io_led_out[7]' lacks attribute 'BUS_KEEPER', it's better to set the attribute for port.
W: ConstraintEditor-4042: Port 'io_key_in[0]' lacks attribute 'BUS_KEEPER', it's better to set the attribute for port.
W: ConstraintEditor-4040: [E:/code/PangoWork/Works/led/prj_tasks/pnr_1/device_map/led_top.pcf(line number: 11)] Port io_key_in[0] has been placed at location K18, whose type is share pin.
W: ConstraintEditor-4042: Port 'io_key_in[1]' lacks attribute 'BUS_KEEPER', it's better to set the attribute for port.
W: ConstraintEditor-4042: Port 'io_key_in[2]' lacks attribute 'BUS_KEEPER', it's better to set the attribute for port.
W: ConstraintEditor-4042: Port 'io_key_in[3]' lacks attribute 'BUS_KEEPER', it's better to set the attribute for port.
W: ConstraintEditor-4042: Port 'io_key_in[4]' lacks attribute 'BUS_KEEPER', it's better to set the attribute for port.
W: ConstraintEditor-4042: Port 'io_key_in[5]' lacks attribute 'BUS_KEEPER', it's better to set the attribute for port.
W: ConstraintEditor-4040: [E:/code/PangoWork/Works/led/prj_tasks/pnr_1/device_map/led_top.pcf(line number: 16)] Port io_key_in[5] has been placed at location J19, whose type is share pin.
W: ConstraintEditor-4042: Port 'io_key_in[6]' lacks attribute 'BUS_KEEPER', it's better to set the attribute for port.
W: ConstraintEditor-4040: [E:/code/PangoWork/Works/led/prj_tasks/pnr_1/device_map/led_top.pcf(line number: 17)] Port io_key_in[6] has been placed at location H20, whose type is share pin.
W: ConstraintEditor-4042: Port 'io_key_in[7]' lacks attribute 'BUS_KEEPER', it's better to set the attribute for port.
W: ConstraintEditor-4040: [E:/code/PangoWork/Works/led/prj_tasks/pnr_1/device_map/led_top.pcf(line number: 19)] Port io_rst_n has been placed at location AB13, whose type is share pin.
C: ConstraintEditor-2022: There are some ports' attributes are set to default value, please read [E:/code/PangoWork/Works/led/prj_tasks/pnr_1/place_route/ports_defalut_attribute.txt(line number:0)] to confirm.
Found 0 error(s), 1 critical warning(s), 36 warning(s), out of 18 constraint(s)
Constraint check end.
Total time(hh:mm:ss) of constraint check : 00:00:00
Elaborate the liberty model.
I: Multithreading enabled for Timing using a maximum of 4 processes.
Placement started. Type: EP_COMMON_FLOW.

Stage 1 EP_INIT start.
Stage: after EP_INIT | Time (s): real = 0h:0m:6s ; cpu = 0h:0m:4s ; process = 0h:0m:6s | Memory (MB): curr = 426.093750 ; peak = 426.906250 | Checksum: ECB74BEE7B837616

Design Layer Utilization:
	IO: 5.150%

Stage 2 EP_DL start.
build place dedicate switch graph takes 1.52 sec
Place location constraint group with base node:io_key_in_ibuf[0]/opit_1 at IOL_327_257
Place location constraint group with base node:io_key_in_ibuf[1]/opit_1 at IOL_327_134
Place location constraint group with base node:io_key_in_ibuf[2]/opit_1 at IOL_327_297
Place location constraint group with base node:io_key_in_ibuf[3]/opit_1 at IOL_327_133
Place location constraint group with base node:io_key_in_ibuf[4]/opit_1 at IOL_327_298
Place location constraint group with base node:io_key_in_ibuf[5]/opit_1 at IOL_327_262
Place location constraint group with base node:io_key_in_ibuf[6]/opit_1 at IOL_327_261
Place location constraint group with base node:io_key_in_ibuf[7]/opit_1 at IOL_327_365
Place location constraint group with base node:io_led_out_obuf[0]/opit_1 at IOL_19_374
Place location constraint group with base node:io_led_out_obuf[1]/opit_1 at IOL_19_373
Place location constraint group with base node:io_led_out_obuf[2]/opit_1 at IOL_35_374
Place location constraint group with base node:io_led_out_obuf[3]/opit_1 at IOL_35_373
Place location constraint group with base node:io_led_out_obuf[4]/opit_1 at IOL_67_374
Place location constraint group with base node:io_led_out_obuf[5]/opit_1 at IOL_67_373
Place location constraint group with base node:io_led_out_obuf[6]/opit_1 at IOL_47_374
Place location constraint group with base node:io_led_out_obuf[7]/opit_1 at IOL_47_373
Place location constraint group with base node:io_rst_n_ibuf/opit_1 at IOL_167_5
Place location constraint group with base node:io_sys_clk_50mhz_ibuf/opit_1 at IOL_327_210
Place location constraint node:BKCL_auto_0 at BKCL_188_376
Place location constraint node:BKCL_auto_1 at BKCL_328_184
Place location constraint node:BKCL_auto_2 at BKCL_192_0
DRCP Convert Loc Constraint successful.

Stage 2.1 pre clock plan start.
Mapping instance GRS_INST/grs to START_324_2.
I: Clock statistic: none.
solve clock designs takes 0.00 sec with memory (MB): curr = 494.363281, peak = 504.519531.
Stage: after pre clock plan | Time (s): real = 0h:0m:8s ; cpu = 0h:0m:5s ; process = 0h:0m:7s | Memory (MB): curr = 494.335938 ; peak = 504.519531

DRCP Convert Loc Constraint successful.
Stage: after EP_DL | Time (s): real = 0h:0m:8s ; cpu = 0h:0m:5s ; process = 0h:0m:7s | Memory (MB): curr = 494.375000 ; peak = 504.519531 | Checksum: C30C365DAEE69A6C


Stage 3 EP_FIP start.
DRCP Convert Loc Constraint successful.

Stage 3.1 fip global place start.
[GP] num_thread=0
I: Multithreading enabled for place using a maximum of 4 processes.
[GP] Placement Initial Method "Quad".
[GP] Placement Decongestion Mode "1".
[GP] Recovery Analysis in GP "Enable".
I: Loading Timing Delay Info...
I: Load Timing Delay Info successfully.
Init coarse delay table.
Read place coarse delay table takes 0.33 sec.
[GP] Init timing API takes 1.54 sec.
[GP] Init GP graph takes 1.56 sec.
Device graph total memory: 11.09691238 MB
[GP] Placer use memory: 0.91083527 MB
Stage: after fip global place | Time (s): real = 0h:0m:10s ; cpu = 0h:0m:7s ; process = 0h:0m:9s | Memory (MB): curr = 611.175781 ; peak = 657.785156 | Checksum: C30C365DAEE69A6C

First map gop timing takes 0.00 sec
Flat initial placement flow takes 1.547.
Stage: after EP_FIP | Performance: TNS =  0 ; WNS =  2147483647 | Time (s): real = 0h:0m:10s ; cpu = 0h:0m:7s ; process = 0h:0m:9s | Memory (MB): curr = 612.957031 ; peak = 657.785156 | Checksum: C30C365DAEE69A6C


Stage 4 EP_CAGP start.

Stage 4.1 cagp site packing start.
Stage: after pack legalize group | Performance: avg_mov = 0.000000 ; max_mov = 0 ; mov_var = 0.000000
Stage: after cagp site packing | Time (s): real = 0h:0m:10s ; cpu = 0h:0m:7s ; process = 0h:0m:9s | Memory (MB): curr = 620.402344 ; peak = 657.785156 | Checksum: C30C365DAEE69A6C


Stage 4.2 cagp macro placement start.
Stage: after cagp macro placement | Time (s): real = 0h:0m:10s ; cpu = 0h:0m:7s ; process = 0h:0m:9s | Memory (MB): curr = 620.484375 ; peak = 657.785156 | Checksum: C30C365DAEE69A6C


Stage 4.3 post clock plan start.
pre solve all clock design takes 0.00 sec with memory (MB): curr = 623.226562, peak = 657.785156.
CRA timing analysis with worst slack 2147483647 takes 0.00 sec.
CRA cost 0 takes 0.00 sec.
solve all clock design takes 0.00 sec with memory (MB): curr = 624.511719, peak = 657.785156.
expand load region takes 0.00 sec.
Stage: after post clock plan | Time (s): real = 0h:0m:10s ; cpu = 0h:0m:7s ; process = 0h:0m:9s | Memory (MB): curr = 624.609375 ; peak = 657.785156

Movement during CRA, max : (0, 0) , total : (0, 0) , count : 0 , avg : (0, 0) .
Stage: after EP_CAGP | Performance: TNS =  0 ; WNS =  2147483647 | Time (s): real = 0h:0m:10s ; cpu = 0h:0m:7s ; process = 0h:0m:9s | Memory (MB): curr = 624.609375 ; peak = 657.785156 | Checksum: 650755189F581D7


Stage 5 EP_DRCP start.

Stage 5.1 DRC Placement start.
DRC final successful.
Stage: after DRC Placement | Time (s): real = 0h:0m:10s ; cpu = 0h:0m:7s ; process = 0h:0m:9s | Memory (MB): curr = 624.628906 ; peak = 657.785156


Stage 5.2 IO Placement start.
The average distance in IO place is 0.000000.
Stage: after IO Placement | Time (s): real = 0h:0m:10s ; cpu = 0h:0m:7s ; process = 0h:0m:9s | Memory (MB): curr = 624.808594 ; peak = 657.785156

Stage: after EP_DRCP | Performance: TNS =  0 ; WNS =  2147483647 | Time (s): real = 0h:0m:10s ; cpu = 0h:0m:7s ; process = 0h:0m:9s | Memory (MB): curr = 624.808594 ; peak = 657.785156 | Checksum: 838294C9CE576AF7


Stage 6 EP_MP start.

Stage 6.1 macro place start.
Stage: after macro place | Time (s): real = 0h:0m:10s ; cpu = 0h:0m:7s ; process = 0h:0m:9s | Memory (MB): curr = 625.031250 ; peak = 657.785156 | Checksum: 838294C9CE576AF7


Stage 6.2 mp post global place start.
[GP] num_thread=0
I: Multithreading enabled for place using a maximum of 4 processes.
[GP] Init timing API takes 0.00 sec.
[GP] Init GP graph takes 0.00 sec.
Device graph total memory: 11.09691238 MB
[GP] Placer use memory: 0.91083527 MB
Stage: after mp post global place | Performance: TNS =  0 ; WNS =  2147483647 | Time (s): real = 0h:0m:10s ; cpu = 0h:0m:7s ; process = 0h:0m:9s | Memory (MB): curr = 625.074219 ; peak = 657.785156 | Checksum: 838294C9CE576AF7

MP flow takes 0.016.
Stage: after EP_MP | Performance: TNS =  0 ; WNS =  2147483647 | Time (s): real = 0h:0m:10s ; cpu = 0h:0m:7s ; process = 0h:0m:9s | Memory (MB): curr = 625.074219 ; peak = 657.785156 | Checksum: 838294C9CE576AF7


Stage 7 EP_LP start.
Stage: after legalization | Performance: avg_mov = 0.000000 ; max_mov = 0 ; mov_var = 0.000000
Legalize placement flow takes 0.000.
Stage: after EP_LP | Performance: TNS =  0 ; WNS =  2147483647 | Time (s): real = 0h:0m:10s ; cpu = 0h:0m:7s ; process = 0h:0m:9s | Memory (MB): curr = 625.285156 ; peak = 657.785156 | Checksum: 838294C9CE576AF7


Stage 8 EP_DP start.
Stage: before DP | Performance: WL = 0 ; TNS = 0 ; WNS = 2147483647
Stage: after DP | Performance: WL = 0 ; TNS = 0 ; WNS = 2147483647
EP_DP takes 0 sec.
Stage: after EP_DP | Performance: TNS =  0 ; WNS =  2147483647 | Time (s): real = 0h:0m:10s ; cpu = 0h:0m:7s ; process = 0h:0m:9s | Memory (MB): curr = 625.414062 ; peak = 657.785156 | Checksum: 838294C9CE576AF7


Stage 9 EP_FP start.
AutoDRC Flow for Design Check After Place Start.
AutoDRC Flow for Design Check After Place End.
Stage: after EP_FP | Performance: TNS =  0 ; WNS =  2147483647 | Time (s): real = 0h:0m:10s ; cpu = 0h:0m:7s ; process = 0h:0m:9s | Memory (MB): curr = 625.648438 ; peak = 657.785156 | Checksum: D100CD230553EAAC


Congestion analysis started.
I: Start printing congestion info.
I: Finish printing congestion info.
Congestion analysis takes 0.09 sec.


Device Utilization Summary :
+----------------------------------------------------------------------------+
| Device Type                      | Used     | Available     | Util(%)     
+----------------------------------------------------------------------------+
| CLMA                             | 0        | 6450          | 0           
| + FF                             | 0        | 38700         | 0           
| + LUT                            | 0        | 25800         | 0           
|   + LUT as Logic                 | 0        |               |             
|   + LUT as Const                 | 0        |               |             
|   + LUT as Bypass                | 0        |               |             
| CLMS                             | 0        | 4250          | 0           
| + FF                             | 0        | 25500         | 0           
| + LUT                            | 0        | 17000         | 0           
|   + LUT as Logic                 | 0        |               |             
|   + LUT as Memory                | 0        |               |             
|     + LUT as Distributed RAM     | 0        |               |             
|   + LUT as Const                 | 0        |               |             
|   + LUT as Bypass                | 0        |               |             
| IO                               | 18       | 296           | 7           
| + IOBD                           | 4        | 64            | 7           
| + IOBR_LR                        | 0        | 7             | 0           
| + IOBR_TB                        | 1        | 8             | 13          
| + IOBS_LR                        | 9        | 161           | 6           
| + IOBS_TB                        | 4        | 56            | 8           
| APM                              | 0        | 84            | 0           
| BKCL                             | 3        | 4             | 75          
| CRYSTAL                          | 0        | 2             | 0           
| DLL                              | 0        | 10            | 0           
| DQSL                             | 0        | 18            | 0           
| DRM                              | 0        | 134           | 0           
| FUSECODE                         | 0        | 1             | 0           
| HARD0N1                          | 0        | 6672          | 0           
| HSST                             | 0        | 1             | 0           
| IOCKDIV                          | 0        | 20            | 0           
| IOCKDLY                          | 0        | 40            | 0           
| IOCKGATE                         | 0        | 20            | 0           
| + IOCKGATE as Bypass             | 0        |               |             
| IOL                              | 18       | 400           | 5           
| IPAL                             | 0        | 1             | 0           
| LDO                              | 0        | 4             | 0           
| OSC                              | 0        | 1             | 0           
| PCIE                             | 0        | 1             | 0           
| PLL                              | 0        | 5             | 0           
| RCKB                             | 0        | 24            | 0           
| + RCKB as Bypass                 | 0        |               |             
| RESCAL                           | 0        | 4             | 0           
| SCANCHAIN                        | 0        | 2             | 0           
| START                            | 1        | 1             | 100         
| UDID                             | 0        | 1             | 0           
| USCM                             | 0        | 30            | 0           
| + USCM as Bypass                 | 0        |               |             
+----------------------------------------------------------------------------+

Total placement takes 3.89 sec.
Finished placement.
Design 'led_top' has been placed successfully.
Action place: Real time elapsed is 0h:0m:10s
Action place: CPU time elapsed is 0h:0m:7s
Action place: Process CPU time elapsed is 0h:0m:10s
Action place: Peak memory pool usage is 715 MB

Current time: Fri Sep 18 18:49:02 2026
