#Build: Fabric Compiler 2025.2, Build 211867, Jan 16 16:10 2026
#Install: E:\work\pango\PDS_2025.2-ads\bin
#Application name: pds_shell.exe
#OS: Windows 11 10.0.26200
#CPU: Unknown
#RAM(GB): 32
#Hostname: dionirpyC
#Generated by Fabric Compiler (version 2025.2 build 211867) at Fri Sep 18 18:49:04 2026
Parameters for debugging are loaded as follows:
Compiling verification operator library.
Compiling vendor parameter file.
Compiling common defs.
Compiling prim grid devices.
Compiling place grid timing.
Compiling gate devices.
Compiling gate operators.
Compiling gate operators impls.
Building architecture model.
Loading device packaging model.
Building architecture floorplan logic view.
Elaborate the liberty model.
I: Multithreading enabled for Timing using a maximum of 4 processes.

Routing started.
Build routing arch for double attribute device.
Enter timing driven router mode.
I: Multithreading enabled for route using a maximum of 6 processes.
Building routing graph takes 1.31 sec.
Enable Recovery Analysis in Routing
Init coarse delay table.
I: Loading Timing Delay Info...
I: Load Timing Delay Info successfully.
Read place coarse delay table takes 0.31 sec.
build place dedicate switch graph takes 1.52 sec
Setup STE netlist take 1971 msec.
Slack Weight : 90
CE/RS signal series limit : 500
Dispose control chain take 0 msec.
Collect const net info take 33 msec.
Total nets for routing: 2.
Total loads for routing: 9.
Direct connect net size: 26
Build all design net take 16 msec.
Processing design graph takes 2.02 sec.
Route info is not supported in this chip.
Delay table total memory: 40.33598518 MB
Route graph total memory: 74.14756107 MB
Route design total memory: 1.09548569 MB
The remaining process takes 0.01 sec.
Stage: after context initialize | Time (s): real = 0h:0m:10s ; cpu = 0h:0m:8s ; process = 0h:0m:10s | Memory (MB): curr = 646.007812 ; peak = 688.410156 | Checksum: CE7EC2E8F3C792F5
Global routing takes 0.00 sec.
Pin Cost Increasing Speed 300
Unrouted clock nets at iteration 0 (0.000 sec): 0
Stage: after clock route | Time (s): real = 0h:0m:10s ; cpu = 0h:0m:8s ; process = 0h:0m:10s | Memory (MB): curr = 647.042969 ; peak = 688.410156 | Checksum: CE7EC2E8F3C792F5
Total route nets size: 0
Pre route takes 0.019 sec
Stage: after pre route | Performance: TNS = 0 ; WNS = 2147483647 ; THS = 0 ; WHS = 2147483647 | Time (s): real = 0h:0m:10s ; cpu = 0h:0m:8s ; process = 0h:0m:10s | Memory (MB): curr = 653.136719 ; peak = 688.410156 | Checksum: CE7EC2E8F3C792F5
----General net take 0.000 sec(route net take 0.000 sec, inc cost take 0.000 sec, iter times: 0)
----const net route take 0.000 sec
Unrouted nets at iteration 3 (0.000 sec): 0
Stage: after detail route | Performance: TNS = 0 ; WNS = 2147483647 ; THS = NA ; WHS = NA | Time (s): real = 0h:0m:11s ; cpu = 0h:0m:8s ; process = 0h:0m:10s | Memory (MB): curr = 653.351562 ; peak = 688.410156 | Checksum: 24D128DF5FC2E780
Begin rip-up and reroute:
Rip-up and reroute takes 0.00 sec.
Stage: after ripup & reroute | Performance: TNS = 0 ; WNS = 2147483647 ; THS = NA ; WHS = NA | Time (s): real = 0h:0m:11s ; cpu = 0h:0m:8s ; process = 0h:0m:10s | Memory (MB): curr = 653.363281 ; peak = 688.410156 | Checksum: 24D128DF5FC2E780
Detailed routing takes 0.39 sec.
Sort Original Nets take 0.002 sec
Check HPIO div result take 0.000 sec
Total net: 2, route succeed net: 2
Generate routing result take 0.001 sec
Handle PERMUX permutation take 0.000 sec
Handle const net take 0.000 sec
Handle route through take 0.000 sec
Used SRB routing arc is 18.
Stage: after finish route | Performance: TNS = 0 ; WNS = 2147483647 ; THS = NA ; WHS = NA | Time (s): real = 0h:0m:11s ; cpu = 0h:0m:8s ; process = 0h:0m:11s | Memory (MB): curr = 628.589844 ; peak = 688.410156 | Checksum: 9D4C1FB51438C858
Finish routing takes 0.10 sec.
Total routing takes 3.92 sec.

Device Utilization Summary :
+----------------------------------------------------------------------------+
| Device Type                      | Used     | Available     | Util(%)     
+----------------------------------------------------------------------------+
| CLMA                             | 4        | 6450          | 1           
| + FF                             | 0        | 38700         | 0           
| + LUT                            | 4        | 25800         | 1           
|   + LUT as Logic                 | 0        |               |             
|   + LUT as Const                 | 4        |               |             
|   + LUT as Bypass                | 0        |               |             
| CLMS                             | 0        | 4250          | 0           
| + FF                             | 0        | 25500         | 0           
| + LUT                            | 0        | 17000         | 0           
|   + LUT as Logic                 | 0        |               |             
|   + LUT as Memory                | 0        |               |             
|     + LUT as Distributed RAM     | 0        |               |             
|   + LUT as Const                 | 0        |               |             
|   + LUT as Bypass                | 0        |               |             
| IO                               | 18       | 296           | 7           
| + IOBD                           | 4        | 64            | 7           
| + IOBR_LR                        | 0        | 7             | 0           
| + IOBR_TB                        | 1        | 8             | 13          
| + IOBS_LR                        | 9        | 161           | 6           
| + IOBS_TB                        | 4        | 56            | 8           
| APM                              | 0        | 84            | 0           
| BKCL                             | 3        | 4             | 75          
| CRYSTAL                          | 0        | 2             | 0           
| DLL                              | 0        | 10            | 0           
| DQSL                             | 0        | 18            | 0           
| DRM                              | 0        | 134           | 0           
| FUSECODE                         | 0        | 1             | 0           
| HARD0N1                          | 5        | 6672          | 1           
| HSST                             | 0        | 1             | 0           
| IOCKDIV                          | 0        | 20            | 0           
| IOCKDLY                          | 0        | 40            | 0           
| IOCKGATE                         | 0        | 20            | 0           
| + IOCKGATE as Bypass             | 0        |               |             
| IOL                              | 18       | 400           | 5           
| IPAL                             | 0        | 1             | 0           
| LDO                              | 0        | 4             | 0           
| OSC                              | 0        | 1             | 0           
| PCIE                             | 0        | 1             | 0           
| PLL                              | 0        | 5             | 0           
| RCKB                             | 0        | 24            | 0           
| + RCKB as Bypass                 | 0        |               |             
| RESCAL                           | 0        | 4             | 0           
| SCANCHAIN                        | 0        | 2             | 0           
| START                            | 1        | 1             | 100         
| UDID                             | 0        | 1             | 0           
| USCM                             | 0        | 30            | 0           
| + USCM as Bypass                 | 0        |               |             
+----------------------------------------------------------------------------+

Finished routing. (CPU time elapsed 0h:00m:08s)
Design 'led_top' has been routed successfully.
Saving design to DB.
Action Route: Export DB successfully.
Action route: Real time elapsed is 0h:0m:11s
Action route: CPU time elapsed is 0h:0m:9s
Action route: Process CPU time elapsed is 0h:0m:11s
Action route: Peak memory pool usage is 688 MB

Current time: Fri Sep 18 18:49:13 2026
