#Build: Fabric Compiler 2025.2, Build 211867, Jan 16 16:10 2026
#Install: E:\work\pango\PDS_2025.2-ads\bin
#Application name: pds_shell.exe
#OS: Windows 11 10.0.26200
#CPU: Unknown
#RAM(GB): 32
#Hostname: dionirpyC
#Generated by Fabric Compiler (version 2025.2 build 211867) at Sun Sep 27 18:13:36 2026
Parameters for debugging are loaded as follows:
Compiling verification operator library.
Compiling vendor parameter file.
Compiling common defs.
Compiling prim grid devices.
Compiling place grid timing.
Compiling gate devices.
Compiling gate operators.
Compiling gate operators impls.
Building architecture model.
Loading device packaging model.
Building architecture floorplan logic view.
Elaborate the liberty model.
I: Multithreading enabled for Timing using a maximum of 4 processes.

Routing started.
Build routing arch for double attribute device.
Enter timing driven router mode.
I: Multithreading enabled for route using a maximum of 6 processes.
Building routing graph takes 2.67 sec.
Enable Recovery Analysis in Routing
Init coarse delay table.
I: Loading Timing Delay Info...
I: Load Timing Delay Info successfully.
Read place coarse delay table takes 0.61 sec.
build place dedicate switch graph takes 3.25 sec
Setup STE netlist take 4478 msec.
Slack Weight : 90
CE/RS signal series limit : 500
Dispose control chain take 38 msec.
Collect const net info take 72 msec.
Total nets for routing: 617.
Total loads for routing: 3458.
Direct connect net size: 211
Build all design net take 80 msec.
Processing design graph takes 4.67 sec.
Route info is not supported in this chip.
Delay table total memory: 40.33793831 MB
Route graph total memory: 74.54745960 MB
Route design total memory: 1.64918900 MB
The remaining process takes 0.03 sec.
Stage: after context initialize | Time (s): real = 0h:0m:18s ; cpu = 0h:0m:15s ; process = 0h:0m:17s | Memory (MB): curr = 672.718750 ; peak = 711.640625 | Checksum: 538BA0F75526AAB5
Global routing takes 0.00 sec.
Pin Cost Increasing Speed 300
Unrouted clock nets at iteration 0 (0.005 sec): 5
Unrouted clock nets at iteration 1 (0.004 sec): 2
Unrouted clock nets at iteration 2 (0.002 sec): 0
Stage: after clock route | Time (s): real = 0h:0m:18s ; cpu = 0h:0m:15s ; process = 0h:0m:18s | Memory (MB): curr = 674.144531 ; peak = 711.640625 | Checksum: 72B1D70C7A50EC1F
Total route nets size: 607
Pre route takes 0.302 sec
Stage: after pre route | Performance: TNS = 0 ; WNS = 1910 ; THS = 0 ; WHS = 134 | Time (s): real = 0h:0m:19s ; cpu = 0h:0m:16s ; process = 0h:0m:19s | Memory (MB): curr = 683.281250 ; peak = 711.640625 | Checksum: 1824722FA475DCE3
Unrouted general nets at iteration 5 (MT total route time: 0.277 sec): 440(overused: 3767)
Unrouted general nets at iteration 6 (MT total route time: 0.220 sec): 371(overused: 2634)
Unrouted general nets at iteration 7 (MT total route time: 0.232 sec): 303(overused: 1685)
Unrouted general nets at iteration 8 (MT total route time: 0.174 sec): 221(overused: 901)
Unrouted general nets at iteration 9 (MT total route time: 0.145 sec): 148(overused: 466)
Unrouted general nets at iteration 10 (MT total route time: 0.100 sec): 78(overused: 334)
Unrouted general nets at iteration 11 (MT total route time: 0.068 sec): 35(overused: 100)
Unrouted general nets at iteration 12 (MT total route time: 0.017 sec): 13(overused: 28)
Unrouted general nets at iteration 13 (MT total route time: 0.010 sec): 9(overused: 20)
Unrouted general nets at iteration 14 (MT total route time: 0.005 sec): 4(overused: 4)
Unrouted general nets at iteration 15 (MT total route time: 0.005 sec): 2(overused: 6)
Unrouted general nets at iteration 16 (MT total route time: 0.004 sec): 0(overused: 0)
----General net take 0.001 sec(route net take 0.000 sec, inc cost take 0.000 sec, iter times: 1)
----const net route take 0.002 sec
Unrouted nets at iteration 17 (0.004 sec): 0
Stage: after detail route | Performance: TNS = 0 ; WNS = 1813 ; THS = NA ; WHS = NA | Time (s): real = 0h:0m:20s ; cpu = 0h:0m:17s ; process = 0h:0m:20s | Memory (MB): curr = 689.613281 ; peak = 711.640625 | Checksum: 307B796FBCFB300F
Begin rip-up and reroute:
Rip-up and reroute takes 0.04 sec.
Stage: after ripup & reroute | Performance: TNS = 0 ; WNS = 1813 ; THS = NA ; WHS = NA | Time (s): real = 0h:0m:20s ; cpu = 0h:0m:17s ; process = 0h:0m:20s | Memory (MB): curr = 690.898438 ; peak = 711.640625 | Checksum: C29FF0893F18F433
Detailed routing takes 2.36 sec.
Sort Original Nets take 0.004 sec
Check HPIO div result take 0.000 sec
Total net: 617, route succeed net: 617
Generate routing result take 0.004 sec
Handle PERMUX permutation take 0.043 sec
Handle const net take 0.002 sec
Handle route through take 0.009 sec
Used SRB routing arc is 6678.
Stage: after finish route | Performance: TNS = 0 ; WNS = 1813 ; THS = NA ; WHS = NA | Time (s): real = 0h:0m:21s ; cpu = 0h:0m:17s ; process = 0h:0m:20s | Memory (MB): curr = 668.410156 ; peak = 711.640625 | Checksum: 74653573F84CF7F6
Finish routing takes 0.25 sec.
Total routing takes 10.17 sec.

Device Utilization Summary :
+----------------------------------------------------------------------------+
| Device Type                      | Used     | Available     | Util(%)     
+----------------------------------------------------------------------------+
| CLMA                             | 141      | 6450          | 3           
| + FF                             | 213      | 38700         | 1           
| + LUT                            | 402      | 25800         | 2           
|   + LUT as Logic                 | 320      |               |             
|   + LUT as Const                 | 82       |               |             
|   + LUT as Bypass                | 0        |               |             
| CLMS                             | 91       | 4250          | 3           
| + FF                             | 148      | 25500         | 1           
| + LUT                            | 279      | 17000         | 2           
|   + LUT as Logic                 | 258      |               |             
|   + LUT as Memory                | 0        |               |             
|     + LUT as Distributed RAM     | 0        |               |             
|   + LUT as Const                 | 19       |               |             
|   + LUT as Bypass                | 2        |               |             
| IO                               | 71       | 296           | 24          
| + IOBD                           | 18       | 64            | 29          
| + IOBR_LR                        | 1        | 7             | 15          
| + IOBR_TB                        | 3        | 8             | 38          
| + IOBS_LR                        | 33       | 161           | 21          
| + IOBS_TB                        | 16       | 56            | 29          
| APM                              | 0        | 84            | 0           
| BKCL                             | 3        | 4             | 75          
| CRYSTAL                          | 0        | 2             | 0           
| DLL                              | 0        | 10            | 0           
| DQSL                             | 0        | 18            | 0           
| DRM                              | 0        | 134           | 0           
| FUSECODE                         | 0        | 1             | 0           
| HARD0N1                          | 10       | 6672          | 1           
| HSST                             | 0        | 1             | 0           
| IOCKDIV                          | 0        | 20            | 0           
| IOCKDLY                          | 0        | 40            | 0           
| IOCKGATE                         | 0        | 20            | 0           
| + IOCKGATE as Bypass             | 0        |               |             
| IOL                              | 71       | 400           | 18          
| IPAL                             | 0        | 1             | 0           
| LDO                              | 0        | 4             | 0           
| OSC                              | 0        | 1             | 0           
| PCIE                             | 0        | 1             | 0           
| PLL                              | 1        | 5             | 20          
| RCKB                             | 0        | 24            | 0           
| + RCKB as Bypass                 | 0        |               |             
| RESCAL                           | 0        | 4             | 0           
| SCANCHAIN                        | 0        | 2             | 0           
| START                            | 1        | 1             | 100         
| UDID                             | 0        | 1             | 0           
| USCM                             | 3        | 30            | 10          
| + USCM as Bypass                 | 0        |               |             
+----------------------------------------------------------------------------+

Finished routing. (CPU time elapsed 0h:00m:17s)
Design 'hdmi_loop_top' has been routed successfully.
Saving design to DB.
Action Route: Export DB successfully.
Action route: Real time elapsed is 0h:0m:21s
Action route: CPU time elapsed is 0h:0m:18s
Action route: Process CPU time elapsed is 0h:0m:21s
Action route: Peak memory pool usage is 711 MB

Current time: Sun Sep 27 18:13:55 2026
