#Build: Fabric Compiler 2025.2, Build 211867, Jan 16 16:10 2026
#Install: E:\work\pango\PDS_2025.2-ads\bin
#Application name: pds_shell.exe
#OS: Windows 11 10.0.26200
#CPU: Unknown
#RAM(GB): 32
#Hostname: dionirpyC
#Generated by Fabric Compiler (version 2025.2 build 211867) at Sat Sep 19 14:48:43 2026
Parameters for debugging are loaded as follows:
Compiling verification operator library.
Compiling vendor parameter file.
Compiling common defs.
Compiling prim grid devices.
Compiling place grid timing.
Compiling gate devices.
Compiling gate operators.
Compiling gate operators impls.
Building architecture model.
Loading device packaging model.
Building architecture floorplan logic view.
Elaborate the liberty model.
I: Multithreading enabled for Timing using a maximum of 4 processes.

Route Optimize started.
Build routing arch for double attribute device.
Enter timing driven router mode.
I: Multithreading enabled for route using a maximum of 6 processes.
Read Column Clock Map.
Building routing graph takes 2.68 sec.
Total nets for routing: 699.
Total loads for routing: 2643.
Direct connect net size: 113
Build all design net take 36 msec.
Processing design graph takes 0.04 sec.
Route info is not supported in this chip.
Delay table total memory: 40.33647346 MB
Route graph total memory: 74.44281101 MB
Route design total memory: 0.52570724 MB
The remaining process takes 0.03 sec.
Stage: after context initialize in post route | Time (s): real = 0h:0m:13s ; cpu = 0h:0m:10s ; process = 0h:0m:13s | Memory (MB): curr = 640.742188 ; peak = 673.550781 | Checksum: 35A48957D116E4
Load route result takes 0.01 sec
Fix Hold Violation Threshold For Clock Path Cross SRB(ps) : 200
Fix Hold Violation Threshold For Clock Path On Clock Tree(ps) : 100
Hold fix to no violation.
    Fix hold iteration 0 takes 0.02 sec
    Step 1.1 finish
Hold fix to threshold
    Fix hold iteration 0 takes 0.00 sec
    Fix hold iteration 1 takes 0.00 sec
    Fix hold iteration 2 takes 0.00 sec
    Fix hold iteration 3 takes 0.00 sec
    Fix hold iteration 4 takes 0.00 sec
    Fix hold iteration 5 takes 0.00 sec
    Fix hold iteration 6 takes 0.00 sec
    Step 2.1 finish
    Fix hold iteration 0 takes 0.02 sec
    Fix hold iteration 1 takes 0.00 sec
    Fix hold iteration 2 takes 0.02 sec
    Fix hold iteration 3 takes 0.02 sec
    Fix hold iteration 4 takes 0.00 sec
    Fix hold iteration 5 takes 0.02 sec
    Fix hold iteration 6 takes 0.00 sec
    Step 2.2 finish
Stage: after hold fix | Performance: TNS = -8 ; WNS = -8 ; THS = 0 ; WHS = 55 | Time (s): real = 0h:0m:14s ; cpu = 0h:0m:11s ; process = 0h:0m:13s | Memory (MB): curr = 658.738281 ; peak = 673.550781 | Checksum: 5CC859C499C59E87
Hold Violation Fix in router takes 0.62 sec.
Sort Original Nets take 0.000 sec
Total net: 699, route succeed net: 699
Generate routing result take 0.005 sec
Handle PERMUX permutation take 0.002 sec
Handle const net take 0.000 sec
Handle route through take 0.006 sec
Used SRB routing arc is 5153.
Stage: after finish post route | Performance: TNS = -8 ; WNS = -8 ; THS = NA ; WHS = NA | Time (s): real = 0h:0m:14s ; cpu = 0h:0m:11s ; process = 0h:0m:14s | Memory (MB): curr = 659.699219 ; peak = 673.550781 | Checksum: B78E7F6C8F83F13C
Finish post route takes 0.19 sec.
Total post route takes 4.02 sec.

Device Utilization Summary :
+----------------------------------------------------------------------------+
| Device Type                      | Used     | Available     | Util(%)     
+----------------------------------------------------------------------------+
| CLMA                             | 120      | 6450          | 2           
| + FF                             | 216      | 38700         | 1           
| + LUT                            | 290      | 25800         | 2           
|   + LUT as Logic                 | 217      |               |             
|   + LUT as Const                 | 69       |               |             
|   + LUT as Bypass                | 4        |               |             
| CLMS                             | 82       | 4250          | 2           
| + FF                             | 183      | 25500         | 1           
| + LUT                            | 207      | 17000         | 2           
|   + LUT as Logic                 | 195      |               |             
|   + LUT as Memory                | 0        |               |             
|     + LUT as Distributed RAM     | 0        |               |             
|   + LUT as Const                 | 10       |               |             
|   + LUT as Bypass                | 2        |               |             
| IO                               | 20       | 296           | 7           
| + IOBD                           | 5        | 64            | 8           
| + IOBR_LR                        | 0        | 7             | 0           
| + IOBR_TB                        | 1        | 8             | 13          
| + IOBS_LR                        | 9        | 161           | 6           
| + IOBS_TB                        | 5        | 56            | 9           
| APM                              | 0        | 84            | 0           
| BKCL                             | 3        | 4             | 75          
| CRYSTAL                          | 0        | 2             | 0           
| DLL                              | 0        | 10            | 0           
| DQSL                             | 0        | 18            | 0           
| DRM                              | 3        | 134           | 3           
| FUSECODE                         | 0        | 1             | 0           
| HARD0N1                          | 44       | 6672          | 1           
| HSST                             | 0        | 1             | 0           
| IOCKDIV                          | 0        | 20            | 0           
| IOCKDLY                          | 0        | 40            | 0           
| IOCKGATE                         | 0        | 20            | 0           
| + IOCKGATE as Bypass             | 0        |               |             
| IOL                              | 20       | 400           | 5           
| IPAL                             | 0        | 1             | 0           
| LDO                              | 0        | 4             | 0           
| OSC                              | 0        | 1             | 0           
| PCIE                             | 0        | 1             | 0           
| PLL                              | 1        | 5             | 20          
| RCKB                             | 0        | 24            | 0           
| + RCKB as Bypass                 | 0        |               |             
| RESCAL                           | 0        | 4             | 0           
| SCANCHAIN                        | 1        | 2             | 50          
| START                            | 1        | 1             | 100         
| UDID                             | 0        | 1             | 0           
| USCM                             | 4        | 30            | 14          
| + USCM as Bypass                 | 0        |               |             
+----------------------------------------------------------------------------+

Finished route optimize. (CPU time elapsed 0h:00m:11s)
Design 'uart_rx_top' has been routed successfully.
Saving design to DB.
Action Route Optimize: Export DB successfully.
Action route_optimize: Real time elapsed is 0h:0m:15s
Action route_optimize: CPU time elapsed is 0h:0m:11s
Action route_optimize: Process CPU time elapsed is 0h:0m:14s
Action route_optimize: Peak memory pool usage is 673 MB

Current time: Sat Sep 19 14:48:56 2026
