#Build: Fabric Compiler 2025.2, Build 211867, Jan 16 16:10 2026
#Install: E:\work\pango\PDS_2025.2-ads\bin
#Application name: pds_shell.exe
#OS: Windows 11 10.0.26200
#CPU: Unknown
#RAM(GB): 32
#Hostname: dionirpyC
#Generated by Fabric Compiler (version 2025.2 build 211867) at Sat Sep 19 14:47:55 2026
Parameters for debugging are loaded as follows:
Compiling verification operator library.
Compiling vendor parameter file.
Compiling common defs.
Compiling prim grid devices.
Compiling place grid timing.
Compiling gate devices.
Compiling gate operators.
Compiling gate operators impls.
Building architecture model.
Loading device packaging model.
Building architecture floorplan logic view.
Constraint check start.
W: ConstraintEditor-4042: Port 'led_out[0]' lacks attribute 'SLEW', it's better to set the attribute for port.
W: ConstraintEditor-4042: Port 'led_out[0]' lacks attribute 'DRIVE', it's better to set the attribute for port.
W: ConstraintEditor-4042: Port 'led_out[0]' lacks attribute 'BUS_KEEPER', it's better to set the attribute for port.
W: ConstraintEditor-4042: Port 'led_out[1]' lacks attribute 'SLEW', it's better to set the attribute for port.
W: ConstraintEditor-4042: Port 'led_out[1]' lacks attribute 'DRIVE', it's better to set the attribute for port.
W: ConstraintEditor-4042: Port 'led_out[1]' lacks attribute 'BUS_KEEPER', it's better to set the attribute for port.
W: ConstraintEditor-4042: Port 'led_out[2]' lacks attribute 'SLEW', it's better to set the attribute for port.
W: ConstraintEditor-4042: Port 'led_out[2]' lacks attribute 'DRIVE', it's better to set the attribute for port.
W: ConstraintEditor-4042: Port 'led_out[2]' lacks attribute 'BUS_KEEPER', it's better to set the attribute for port.
W: ConstraintEditor-4042: Port 'led_out[3]' lacks attribute 'SLEW', it's better to set the attribute for port.
W: ConstraintEditor-4042: Port 'led_out[3]' lacks attribute 'DRIVE', it's better to set the attribute for port.
W: ConstraintEditor-4042: Port 'led_out[3]' lacks attribute 'BUS_KEEPER', it's better to set the attribute for port.
W: ConstraintEditor-4042: Port 'led_out[4]' lacks attribute 'SLEW', it's better to set the attribute for port.
W: ConstraintEditor-4042: Port 'led_out[4]' lacks attribute 'DRIVE', it's better to set the attribute for port.
W: ConstraintEditor-4042: Port 'led_out[4]' lacks attribute 'BUS_KEEPER', it's better to set the attribute for port.
W: ConstraintEditor-4042: Port 'led_out[5]' lacks attribute 'SLEW', it's better to set the attribute for port.
W: ConstraintEditor-4042: Port 'led_out[5]' lacks attribute 'DRIVE', it's better to set the attribute for port.
W: ConstraintEditor-4042: Port 'led_out[5]' lacks attribute 'BUS_KEEPER', it's better to set the attribute for port.
W: ConstraintEditor-4042: Port 'led_out[6]' lacks attribute 'SLEW', it's better to set the attribute for port.
W: ConstraintEditor-4042: Port 'led_out[6]' lacks attribute 'DRIVE', it's better to set the attribute for port.
W: ConstraintEditor-4042: Port 'led_out[6]' lacks attribute 'BUS_KEEPER', it's better to set the attribute for port.
W: ConstraintEditor-4042: Port 'led_out[7]' lacks attribute 'SLEW', it's better to set the attribute for port.
W: ConstraintEditor-4042: Port 'led_out[7]' lacks attribute 'DRIVE', it's better to set the attribute for port.
W: ConstraintEditor-4042: Port 'led_out[7]' lacks attribute 'BUS_KEEPER', it's better to set the attribute for port.
W: ConstraintEditor-4042: Port 'uart_tx' lacks attribute 'SLEW', it's better to set the attribute for port.
W: ConstraintEditor-4042: Port 'uart_tx' lacks attribute 'DRIVE', it's better to set the attribute for port.
W: ConstraintEditor-4042: Port 'key_in[0]' lacks attribute 'BUS_KEEPER', it's better to set the attribute for port.
W: ConstraintEditor-4040: [E:/code/PangoWork/Works/uart/prj_tasks/pnr_1/device_map/uart_rx_top.pcf(line number: 12)] Port key_in[0] has been placed at location K18, whose type is share pin.
W: ConstraintEditor-4042: Port 'key_in[1]' lacks attribute 'BUS_KEEPER', it's better to set the attribute for port.
W: ConstraintEditor-4042: Port 'key_in[2]' lacks attribute 'BUS_KEEPER', it's better to set the attribute for port.
W: ConstraintEditor-4042: Port 'key_in[3]' lacks attribute 'BUS_KEEPER', it's better to set the attribute for port.
W: ConstraintEditor-4042: Port 'key_in[4]' lacks attribute 'BUS_KEEPER', it's better to set the attribute for port.
W: ConstraintEditor-4042: Port 'key_in[5]' lacks attribute 'BUS_KEEPER', it's better to set the attribute for port.
W: ConstraintEditor-4040: [E:/code/PangoWork/Works/uart/prj_tasks/pnr_1/device_map/uart_rx_top.pcf(line number: 17)] Port key_in[5] has been placed at location J19, whose type is share pin.
W: ConstraintEditor-4042: Port 'key_in[6]' lacks attribute 'BUS_KEEPER', it's better to set the attribute for port.
W: ConstraintEditor-4040: [E:/code/PangoWork/Works/uart/prj_tasks/pnr_1/device_map/uart_rx_top.pcf(line number: 18)] Port key_in[6] has been placed at location H20, whose type is share pin.
W: ConstraintEditor-4042: Port 'key_in[7]' lacks attribute 'BUS_KEEPER', it's better to set the attribute for port.
W: ConstraintEditor-4040: [E:/code/PangoWork/Works/uart/prj_tasks/pnr_1/device_map/uart_rx_top.pcf(line number: 20)] Port rst_n has been placed at location AB13, whose type is share pin.
C: ConstraintEditor-2022: There are some ports' attributes are set to default value, please read [E:/code/PangoWork/Works/uart/prj_tasks/pnr_1/place_route/ports_defalut_attribute.txt(line number:0)] to confirm.
Found 0 error(s), 1 critical warning(s), 38 warning(s), out of 20 constraint(s)
Constraint check end.
Total time(hh:mm:ss) of constraint check : 00:00:00
Elaborate the liberty model.
I: Multithreading enabled for Timing using a maximum of 4 processes.
Placement started. Type: EP_COMMON_FLOW.

Stage 1 EP_INIT start.
Stage: after EP_INIT | Time (s): real = 0h:0m:8s ; cpu = 0h:0m:5s ; process = 0h:0m:8s | Memory (MB): curr = 446.140625 ; peak = 447.238281 | Checksum: B13D730E765542DE

Design Layer Utilization:
	LUT: 0.963%
	FF: 0.665%
	DRM: 1.866%
	IO: 5.722%

Stage 2 EP_DL start.
build place dedicate switch graph takes 3.03 sec
Place location constraint group with base node:key_in_ibuf[0]/opit_1 at IOL_327_257
Place location constraint group with base node:key_in_ibuf[1]/opit_1 at IOL_327_134
Place location constraint group with base node:key_in_ibuf[2]/opit_1 at IOL_327_297
Place location constraint group with base node:key_in_ibuf[3]/opit_1 at IOL_327_133
Place location constraint group with base node:key_in_ibuf[4]/opit_1 at IOL_327_298
Place location constraint group with base node:key_in_ibuf[5]/opit_1 at IOL_327_262
Place location constraint group with base node:key_in_ibuf[6]/opit_1 at IOL_327_261
Place location constraint group with base node:key_in_ibuf[7]/opit_1 at IOL_327_365
Place location constraint group with base node:led_out_obuf[0]/opit_1 at IOL_19_374
Place location constraint group with base node:led_out_obuf[1]/opit_1 at IOL_19_373
Place location constraint group with base node:led_out_obuf[2]/opit_1 at IOL_35_374
Place location constraint group with base node:led_out_obuf[3]/opit_1 at IOL_35_373
Place location constraint group with base node:led_out_obuf[4]/opit_1 at IOL_67_374
Place location constraint group with base node:led_out_obuf[5]/opit_1 at IOL_67_373
Place location constraint group with base node:led_out_obuf[6]/opit_1 at IOL_47_374
Place location constraint group with base node:led_out_obuf[7]/opit_1 at IOL_47_373
Place location constraint group with base node:rst_n_ibuf/opit_1 at IOL_167_5
Place location constraint group with base node:sys_clk_50mhz_ibuf/opit_1 at IOL_327_210
Place location constraint group with base node:uart_rx_ibuf/opit_1 at IOL_43_5
Place location constraint group with base node:uart_tx_obuf/opit_1 at IOL_43_6
Place location constraint node:BKCL_auto_0 at BKCL_188_376
Place location constraint node:BKCL_auto_1 at BKCL_328_184
Place location constraint node:BKCL_auto_2 at BKCL_192_0
DRCP Convert Loc Constraint successful.

Stage 2.1 pre clock plan start.
Mapping instance GRS_INST/grs to START_324_2.
I: Clock statistic: 4 USCM.
solve clock designs takes 0.34 sec with memory (MB): curr = 521.339844, peak = 522.941406.
Mapping instance clkbufg_0/gopclkbufg to USCM_84_108:impl_uscm_rtb_a-USCM.
Mapping instance clkbufg_1/gopclkbufg to USCM_84_109:impl_uscm_rtb_a-USCM.
Mapping instance clkbufg_2/gopclkbufg to USCM_84_110:impl_uscm_rtb_a-USCM.
Mapping instance clkbufg_3/gopclkbufg to USCM_84_111:impl_uscm_rtb_a-USCM.
Mapping instance u_pll_50mhz/u_pll_e3/goppll to PLL_158_55.
Stage: after pre clock plan | Time (s): real = 0h:0m:12s ; cpu = 0h:0m:9s ; process = 0h:0m:12s | Memory (MB): curr = 521.488281 ; peak = 522.941406

Place location constraint node:clkbufg_0/gopclkbufg at USCM_84_108
Place location constraint node:clkbufg_1/gopclkbufg at USCM_84_109
Place location constraint node:clkbufg_2/gopclkbufg at USCM_84_110
Place location constraint node:clkbufg_3/gopclkbufg at USCM_84_111
Place location constraint node:u_pll_50mhz/u_pll_e3/goppll at PLL_158_55
DRCP Convert Loc Constraint successful.
Stage: after EP_DL | Time (s): real = 0h:0m:12s ; cpu = 0h:0m:9s ; process = 0h:0m:12s | Memory (MB): curr = 521.562500 ; peak = 522.941406 | Checksum: CC97902384588CCF


Stage 3 EP_FIP start.
DRCP Convert Loc Constraint successful.

Stage 3.1 fip global place start.
[GP] num_thread=0
I: Multithreading enabled for place using a maximum of 4 processes.
[GP] Placement Initial Method "Quad".
[GP] Placement Decongestion Mode "1".
[GP] Recovery Analysis in GP "Enable".
I: Loading Timing Delay Info...
I: Load Timing Delay Info successfully.
Init coarse delay table.
Read place coarse delay table takes 0.59 sec.
[GP] Init timing API takes 3.21 sec.
[GP] Init GP graph takes 3.34 sec.
Device graph total memory: 11.22661304 MB
[GP] Read position from netlist take 0 msec
[GP] Total node move: 45574.52, average node move: 93.58
First map gop timing takes 0.00 sec
[GP] SA handle 4 clusters.
[GP] SA init_cost = 31322.078298, final_cost = 31299.594873, final_cost/init_cost = 0.999282, occupied region_num = 2.
[GP] SA Optimize take time: 0.005000 sec.
[GP] Timing analysis take 0.011000 secs.
[GP] MarginTNSS=-41254, TNSS=-15254, WSS=-1310
[GP] Place thread size: 4
[GP] Node size: 9613, net size: 593
[GP] Design graph total memory: 33.18651390 MB
[GP] Timing analysis take 0.012000 secs.
[GP] MarginTNSS=-32844, TNSS=-6844, WSS=-521
[GP] Step 0 take 0.088 secs: WL=1840.00 OF=0.690882
[GP] Timing analysis take 0.010000 secs.
[GP] MarginTNSS=-38287, TNSS=-12287, WSS=-1066
[GP] Step 1 take 0.561 secs: WL=1326.51 OF=0.658331
[GP] Timing analysis take 0.012000 secs.
[GP] MarginTNSS=-38322, TNSS=-12322, WSS=-1045
[GP] Step 2 take 0.564 secs: WL=1303.67 OF=0.602374
[GP] Timing analysis take 0.010000 secs.
[GP] MarginTNSS=-37957, TNSS=-11957, WSS=-1002
[GP] Step 3 take 0.588 secs: WL=1308.34 OF=0.564776
[GP] Timing analysis take 0.011000 secs.
[GP] MarginTNSS=-36991, TNSS=-10991, WSS=-953
[GP] Step 4 take 0.550 secs: WL=1336.91 OF=0.522641
[GP] Timing analysis take 0.009000 secs.
[GP] MarginTNSS=-37419, TNSS=-11419, WSS=-815
[GP] Step 5 take 0.584 secs: WL=1364.54 OF=0.445038
[GP] Timing analysis take 0.011000 secs.
[GP] MarginTNSS=-34650, TNSS=-8650, WSS=-713
[GP] Step 6 take 0.552 secs: WL=1376.22 OF=0.391195
[GP] Timing analysis take 0.011000 secs.
[GP] MarginTNSS=-30150, TNSS=-4150, WSS=-471
[GP] Step 7 take 0.576 secs: WL=1408.75 OF=0.338424
[GP] Timing analysis take 0.010000 secs.
[GP] MarginTNSS=-30040, TNSS=-4040, WSS=-361
[GP] Step 8 take 0.579 secs: WL=1451.13 OF=0.277726
[GP] Timing analysis take 0.010000 secs.
[GP] MarginTNSS=-30040, TNSS=-4040, WSS=-361
[GP] Step 9 take 0.589 secs: WL=1508.30 OF=0.227236
[GP] Timing analysis take 0.011000 secs.
[GP] MarginTNSS=-30040, TNSS=-4040, WSS=-361
[GP] Step 10 take 0.592 secs: WL=1621.23 OF=0.165186
[GP] Timing analysis take 0.011000 secs.
[GP] MarginTNSS=-30040, TNSS=-4040, WSS=-361
[GP] Timing analysis take 0.010000 secs.
[GP] MarginTNSS=-30040, TNSS=-4040, WSS=-361
[GP] Step 11 take 0.578 secs: WL=1856.56 OF=0.113099
[GP] Timing analysis take 0.011000 secs.
[GP] MarginTNSS=-30040, TNSS=-4040, WSS=-361
[GP] Step 12 take 0.287 secs: WL=1873.46 OF=0.070712
[GP] Timing analysis take 0.011000 secs.
[GP] MarginTNSS=-30040, TNSS=-4040, WSS=-361
[GP] Final best WL=1866.056743 OF=0.082946, totally takes 6.914000 secs, run timing analysis 16 times totally takes 0.171000 secs.
[GP] Total node move: 65682.65, average node move: 134.87
[GP] Placer use memory: 15.12192726 MB
Stage: after fip global place | Performance: WL = 1535 ; TNS = -4040 ; WNS = -361 | Time (s): real = 0h:0m:22s ; cpu = 0h:0m:18s ; process = 0h:0m:38s | Memory (MB): curr = 657.914062 ; peak = 684.718750 | Checksum: FA556932C6107FED

Flat initial placement flow takes 9.203.
Stage: after EP_FIP | Performance: WL = 1535 ; TNS = -4040 ; WNS = -361 | Time (s): real = 0h:0m:22s ; cpu = 0h:0m:18s ; process = 0h:0m:38s | Memory (MB): curr = 664.792969 ; peak = 684.718750 | Checksum: FA556932C6107FED


Stage 4 EP_CAGP start.

Stage 4.1 cagp site packing start.
Stage: after pack legalize group | Performance: avg_mov = 0.000000 ; max_mov = 0 ; mov_var = 0.000000
Stage: after cagp site packing | Performance: WL = 3351 | Time (s): real = 0h:0m:23s ; cpu = 0h:0m:18s ; process = 0h:0m:38s | Memory (MB): curr = 690.402344 ; peak = 694.082031 | Checksum: B0A58CA2F3443B16


Stage 4.2 cagp macro placement start.
Stage: after cagp macro placement | Performance: WL = 3351 | Time (s): real = 0h:0m:23s ; cpu = 0h:0m:18s ; process = 0h:0m:38s | Memory (MB): curr = 690.808594 ; peak = 694.082031 | Checksum: B0A58CA2F3443B16


Stage 4.3 post clock plan start.
pre solve all clock design takes 0.00 sec with memory (MB): curr = 691.253906, peak = 694.082031.
CRA timing analysis with worst slack -760 takes 0.02 sec.
CRA cost 85 takes 0.03 sec.
solve all clock design takes 0.06 sec with memory (MB): curr = 693.917969, peak = 694.082031.
expand load region takes 0.00 sec.
Stage: after post clock plan | Time (s): real = 0h:0m:23s ; cpu = 0h:0m:19s ; process = 0h:0m:39s | Memory (MB): curr = 694.058594 ; peak = 694.082031

Movement during CRA, max : (0, 0) , total : (0, 0) , count : 0 , avg : (0, 0) .
Stage: after EP_CAGP | Performance: WL = 3351 ; TNS = -11481 ; WNS = -760 | Time (s): real = 0h:0m:23s ; cpu = 0h:0m:19s ; process = 0h:0m:39s | Memory (MB): curr = 694.082031 ; peak = 695.644531 | Checksum: 216FD93993922E48


Stage 5 EP_DRCP start.

Stage 5.1 DRC Placement start.
DRC final successful.
Stage: after DRC Placement | Time (s): real = 0h:0m:23s ; cpu = 0h:0m:19s ; process = 0h:0m:39s | Memory (MB): curr = 694.089844 ; peak = 695.644531


Stage 5.2 IO Placement start.
The average distance in IO place is 0.000000.
Stage: after IO Placement | Time (s): real = 0h:0m:23s ; cpu = 0h:0m:19s ; process = 0h:0m:39s | Memory (MB): curr = 694.246094 ; peak = 695.644531

Stage: special units | Performance: avg_mov = 105.000000 ; max_mov = 105 ; mov_var = 0.000000
Stage: after EP_DRCP | Performance: WL = 3922 ; TNS = -11481 ; WNS = -760 | Time (s): real = 0h:0m:23s ; cpu = 0h:0m:19s ; process = 0h:0m:39s | Memory (MB): curr = 694.496094 ; peak = 696.113281 | Checksum: 3894CBA42F8047FD


Stage 6 EP_MP start.

Stage 6.1 macro place start.
The average distance of DRM is 0.000000, The max distance of DRM is 0.000000
Stage: after macro place | Performance: WL = 3922 | Time (s): real = 0h:0m:23s ; cpu = 0h:0m:19s ; process = 0h:0m:39s | Memory (MB): curr = 694.867188 ; peak = 696.394531 | Checksum: EE6DDC1663DD061


Stage 6.2 mp post global place start.
[GP] num_thread=0
I: Multithreading enabled for place using a maximum of 4 processes.
[GP] Init timing API takes 0.00 sec.
[GP] Init GP graph takes 0.02 sec.
Device graph total memory: 11.23344898 MB
[GP] Read position from netlist take 0 msec
[GP] Timing analysis take 0.057000 secs.
[GP] MarginTNSS=-37481, TNSS=-11481, WSS=-760
[GP] Place thread size: 4
[GP] Node size: 9218, net size: 542
[GP] Design graph total memory: 29.02395439 MB
[GP] Timing analysis take 0.011000 secs.
[GP] MarginTNSS=-34363, TNSS=-8363, WSS=-614
[GP] Step 0 take 0.054 secs: WL=3490.37 OF=0.206518
[GP] Timing analysis take 0.011000 secs.
[GP] MarginTNSS=-33382, TNSS=-7382, WSS=-544
[GP] Step 1 take 0.313 secs: WL=2620.51 OF=0.259456
[GP] Timing analysis take 0.011000 secs.
[GP] MarginTNSS=-33992, TNSS=-7992, WSS=-597
[GP] Step 2 take 0.309 secs: WL=2669.34 OF=0.210883
[GP] Timing analysis take 0.012000 secs.
[GP] MarginTNSS=-34223, TNSS=-8223, WSS=-597
[GP] Step 3 take 0.317 secs: WL=2712.41 OF=0.157062
[GP] Timing analysis take 0.010000 secs.
[GP] MarginTNSS=-33024, TNSS=-7024, WSS=-558
[GP] Step 4 take 0.307 secs: WL=2784.33 OF=0.102104
[GP] Timing analysis take 0.011000 secs.
[GP] MarginTNSS=-33162, TNSS=-7162, WSS=-625
[GP] Step 5 take 0.301 secs: WL=2837.09 OF=0.058486
[GP] Timing analysis take 0.011000 secs.
[GP] MarginTNSS=-33483, TNSS=-7483, WSS=-625
[GP] Final best WL=2822.622743 OF=0.074775, totally takes 1.792000 secs, run timing analysis 8 times totally takes 0.134000 secs.
[GP] Total node move: 886.10, average node move: 4.18
[GP] Placer use memory: 5.94454575 MB
Stage: after mp post global place | Performance: WL = 2384 ; TNS = -7483 ; WNS = -625 | Time (s): real = 0h:0m:25s ; cpu = 0h:0m:21s ; process = 0h:0m:43s | Memory (MB): curr = 689.175781 ; peak = 696.394531 | Checksum: 95AEF92898BD52CF

MP flow takes 1.656.
Stage: after EP_MP | Performance: WL = 2384 ; TNS = -7483 ; WNS = -625 | Time (s): real = 0h:0m:25s ; cpu = 0h:0m:21s ; process = 0h:0m:43s | Memory (MB): curr = 689.183594 ; peak = 696.394531 | Checksum: 95AEF92898BD52CF


Stage 7 EP_LP start.
Stage: after legalization | Performance: avg_mov = 0.099678 ; max_mov = 1 ; mov_var = 0.089743
Legalize placement flow takes 0.031.
Stage: after EP_LP | Performance: WL = 2413 ; TNS = -8189 ; WNS = -596 | Time (s): real = 0h:0m:25s ; cpu = 0h:0m:21s ; process = 0h:0m:43s | Memory (MB): curr = 691.601562 ; peak = 696.394531 | Checksum: 99C72AF8C01979CC


Stage 8 EP_DP start.
Stage: before DP | Performance: WL = 2413 ; TNS = -8189 ; WNS = -596
    Cost at Swap iteration  0:  WNS =   -596,  TNS =  -8292,  MarginTNS = -34279,  takes    0.02 sec.
    Cost at DP   iteration  0:  WNS =   -409,  TNS =  -3880,  MarginTNS = -29799,  takes    0.06 sec.
    Cost at Swap iteration  1:  WNS =   -409,  TNS =  -3880,  MarginTNS = -29799,  takes    0.06 sec.
    Cost at Swap iteration  2:  WNS =   -409,  TNS =  -3880,  MarginTNS = -29799,  takes    0.05 sec.
    Cost at DP   iteration  2:  WNS =   -409,  TNS =  -3974,  MarginTNS = -29928,  takes    0.08 sec.
    Cost at Swap iteration  3:  WNS =   -409,  TNS =  -3974,  MarginTNS = -29928,  takes    0.05 sec.
Stage: after DP | Performance: WL = 2471 ; TNS = -3974 ; WNS = -409
EP_DP takes 0 sec.
Stage: after EP_DP | Performance: WL = 2471 ; TNS = -3974 ; WNS = -409 | Time (s): real = 0h:0m:26s ; cpu = 0h:0m:21s ; process = 0h:0m:44s | Memory (MB): curr = 692.785156 ; peak = 696.394531 | Checksum: ED9FB466015DA5F2


Stage 9 EP_FP start.
AutoDRC Flow for Design Check After Place Start.
AutoDRC Flow for Design Check After Place End.
Stage: after EP_FP | Performance: WL = 2471 ; TNS = -2927 ; WNS = -409 | Time (s): real = 0h:0m:26s ; cpu = 0h:0m:21s ; process = 0h:0m:44s | Memory (MB): curr = 696.105469 ; peak = 697.335938 | Checksum: E59274A748B4CDC5


Congestion analysis started.
I: Start printing congestion info.
I: Finish printing congestion info.
Congestion analysis takes 0.19 sec.


Device Utilization Summary :
+----------------------------------------------------------------------------+
| Device Type                      | Used     | Available     | Util(%)     
+----------------------------------------------------------------------------+
| CLMA                             | 97       | 6450          | 2           
| + FF                             | 216      | 38700         | 1           
| + LUT                            | 217      | 25800         | 1           
|   + LUT as Logic                 | 217      |               |             
|   + LUT as Const                 | 0        |               |             
|   + LUT as Bypass                | 0        |               |             
| CLMS                             | 77       | 4250          | 2           
| + FF                             | 183      | 25500         | 1           
| + LUT                            | 195      | 17000         | 2           
|   + LUT as Logic                 | 195      |               |             
|   + LUT as Memory                | 0        |               |             
|     + LUT as Distributed RAM     | 0        |               |             
|   + LUT as Const                 | 0        |               |             
|   + LUT as Bypass                | 0        |               |             
| IO                               | 20       | 296           | 7           
| + IOBD                           | 5        | 64            | 8           
| + IOBR_LR                        | 0        | 7             | 0           
| + IOBR_TB                        | 1        | 8             | 13          
| + IOBS_LR                        | 9        | 161           | 6           
| + IOBS_TB                        | 5        | 56            | 9           
| APM                              | 0        | 84            | 0           
| BKCL                             | 3        | 4             | 75          
| CRYSTAL                          | 0        | 2             | 0           
| DLL                              | 0        | 10            | 0           
| DQSL                             | 0        | 18            | 0           
| DRM                              | 3        | 134           | 3           
| FUSECODE                         | 0        | 1             | 0           
| HARD0N1                          | 0        | 6672          | 0           
| HSST                             | 0        | 1             | 0           
| IOCKDIV                          | 0        | 20            | 0           
| IOCKDLY                          | 0        | 40            | 0           
| IOCKGATE                         | 0        | 20            | 0           
| + IOCKGATE as Bypass             | 0        |               |             
| IOL                              | 20       | 400           | 5           
| IPAL                             | 0        | 1             | 0           
| LDO                              | 0        | 4             | 0           
| OSC                              | 0        | 1             | 0           
| PCIE                             | 0        | 1             | 0           
| PLL                              | 1        | 5             | 20          
| RCKB                             | 0        | 24            | 0           
| + RCKB as Bypass                 | 0        |               |             
| RESCAL                           | 0        | 4             | 0           
| SCANCHAIN                        | 1        | 2             | 50          
| START                            | 1        | 1             | 100         
| UDID                             | 0        | 1             | 0           
| USCM                             | 4        | 30            | 14          
| + USCM as Bypass                 | 0        |               |             
+----------------------------------------------------------------------------+

Total placement takes 16.97 sec.
Finished placement.
Design 'uart_rx_top' has been placed successfully.
Action place: Real time elapsed is 0h:0m:27s
Action place: CPU time elapsed is 0h:0m:22s
Action place: Process CPU time elapsed is 0h:0m:45s
Action place: Peak memory pool usage is 774 MB

Current time: Sat Sep 19 14:48:20 2026
