#Build: Fabric Compiler 2025.2, Build 211867, Jan 16 16:10 2026
#Install: E:\work\pango\PDS_2025.2-ads\bin
#Application name: pds_shell.exe
#OS: Windows 11 10.0.26200
#CPU: Unknown
#RAM(GB): 32
#Hostname: dionirpyC
#Generated by Fabric Compiler (version 2025.2 build 211867) at Sat Sep 19 14:48:22 2026
Parameters for debugging are loaded as follows:
Compiling verification operator library.
Compiling vendor parameter file.
Compiling common defs.
Compiling prim grid devices.
Compiling place grid timing.
Compiling gate devices.
Compiling gate operators.
Compiling gate operators impls.
Building architecture model.
Loading device packaging model.
Building architecture floorplan logic view.
Elaborate the liberty model.
I: Multithreading enabled for Timing using a maximum of 4 processes.

Routing started.
Build routing arch for double attribute device.
Enter timing driven router mode.
I: Multithreading enabled for route using a maximum of 6 processes.
Building routing graph takes 2.63 sec.
Enable Recovery Analysis in Routing
Init coarse delay table.
I: Loading Timing Delay Info...
I: Load Timing Delay Info successfully.
Read place coarse delay table takes 0.67 sec.
build place dedicate switch graph takes 3.00 sec
Setup STE netlist take 4337 msec.
Slack Weight : 90
CE/RS signal series limit : 500
Dispose control chain take 36 msec.
Collect const net info take 83 msec.
Total nets for routing: 572.
Total loads for routing: 2643.
Direct connect net size: 113
Build all design net take 68 msec.
Processing design graph takes 4.53 sec.
Route info is not supported in this chip.
Delay table total memory: 40.33647346 MB
Route graph total memory: 74.42308903 MB
Route design total memory: 1.54314804 MB
The remaining process takes 0.03 sec.
Stage: after context initialize | Time (s): real = 0h:0m:17s ; cpu = 0h:0m:14s ; process = 0h:0m:17s | Memory (MB): curr = 681.585938 ; peak = 719.835938 | Checksum: 53BF6A6BADDFC5A0
Global routing takes 0.00 sec.
Pin Cost Increasing Speed 300
Unrouted clock nets at iteration 0 (1.737 sec): 6
Unrouted clock nets at iteration 1 (0.003 sec): 3
Unrouted clock nets at iteration 2 (0.001 sec): 0
Stage: after clock route | Time (s): real = 0h:0m:19s ; cpu = 0h:0m:16s ; process = 0h:0m:19s | Memory (MB): curr = 708.902344 ; peak = 719.835938 | Checksum: F1551E48FFA3FB48
Total route nets size: 560
Pre route takes 0.212 sec
Stage: after pre route | Performance: TNS = -6 ; WNS = -6 ; THS = -3778 ; WHS = -270 | Time (s): real = 0h:0m:19s ; cpu = 0h:0m:16s ; process = 0h:0m:19s | Memory (MB): curr = 723.152344 ; peak = 725.484375 | Checksum: 29A39A49A66FAD15
Unrouted general nets at iteration 5 (MT total route time: 0.155 sec): 404(overused: 2133)
Unrouted general nets at iteration 6 (MT total route time: 0.123 sec): 344(overused: 1480)
Unrouted general nets at iteration 7 (MT total route time: 0.079 sec): 285(overused: 937)
Unrouted general nets at iteration 8 (MT total route time: 0.066 sec): 198(overused: 553)
Unrouted general nets at iteration 9 (MT total route time: 0.057 sec): 137(overused: 370)
Unrouted general nets at iteration 10 (MT total route time: 0.042 sec): 78(overused: 165)
Unrouted general nets at iteration 11 (MT total route time: 0.019 sec): 42(overused: 68)
Unrouted general nets at iteration 12 (MT total route time: 0.013 sec): 28(overused: 42)
Unrouted general nets at iteration 13 (MT total route time: 0.011 sec): 12(overused: 12)
Unrouted general nets at iteration 14 (MT total route time: 0.005 sec): 2(overused: 2)
Unrouted general nets at iteration 15 (MT total route time: 0.001 sec): 0(overused: 0)
----General net take 0.001 sec(route net take 0.000 sec, inc cost take 0.001 sec, iter times: 1)
----const net route take 0.004 sec
Unrouted nets at iteration 16 (0.006 sec): 0
Stage: after detail route | Performance: TNS = -7 ; WNS = -7 ; THS = NA ; WHS = NA | Time (s): real = 0h:0m:20s ; cpu = 0h:0m:17s ; process = 0h:0m:20s | Memory (MB): curr = 725.882812 ; peak = 725.933594 | Checksum: 73D1FA4EC8961879
Begin rip-up and reroute:
 Number of Nodes with overlaps is (MT total route time: 0.00 sec): 0
Rip-up and reroute takes 0.06 sec.
Stage: after ripup & reroute | Performance: TNS = -7 ; WNS = -7 ; THS = NA ; WHS = NA | Time (s): real = 0h:0m:20s ; cpu = 0h:0m:17s ; process = 0h:0m:20s | Memory (MB): curr = 726.886719 ; peak = 726.960938 | Checksum: 73D1FA4EC8961879
Detailed routing takes 3.33 sec.
I: Design net u_CORES/capture_wire is routed by general path.
C: Route-2036: The clock path from u_CORES/u_GTP_SCANCHAIN/scanchain:CAPDR to u_CORES/u_debug_core_0/u_hub_data_decode/newconfini.conf_id_ini[0]/opit_0_inv:CLK is routed by SRB.
I: Design net u_CORES/drck1_wire is routed by general path.
C: Route-2036: The clock path from u_CORES/u_GTP_SCANCHAIN/scanchain:TCK_USER to clkbufg_1/gopclkbufg:CLK is routed by SRB.
Sort Original Nets take 0.003 sec
Check HPIO div result take 0.000 sec
Total net: 572, route succeed net: 572
Generate routing result take 0.002 sec
Handle PERMUX permutation take 0.037 sec
Handle const net take 0.004 sec
Handle route through take 0.007 sec
Used SRB routing arc is 5128.
Stage: after finish route | Performance: TNS = -7 ; WNS = -7 ; THS = NA ; WHS = NA | Time (s): real = 0h:0m:21s ; cpu = 0h:0m:17s ; process = 0h:0m:21s | Memory (MB): curr = 701.703125 ; peak = 727.148438 | Checksum: 30D73010367B7A0B
Finish routing takes 0.23 sec.
Total routing takes 10.98 sec.

Device Utilization Summary :
+----------------------------------------------------------------------------+
| Device Type                      | Used     | Available     | Util(%)     
+----------------------------------------------------------------------------+
| CLMA                             | 120      | 6450          | 2           
| + FF                             | 216      | 38700         | 1           
| + LUT                            | 290      | 25800         | 2           
|   + LUT as Logic                 | 217      |               |             
|   + LUT as Const                 | 69       |               |             
|   + LUT as Bypass                | 4        |               |             
| CLMS                             | 82       | 4250          | 2           
| + FF                             | 183      | 25500         | 1           
| + LUT                            | 207      | 17000         | 2           
|   + LUT as Logic                 | 195      |               |             
|   + LUT as Memory                | 0        |               |             
|     + LUT as Distributed RAM     | 0        |               |             
|   + LUT as Const                 | 10       |               |             
|   + LUT as Bypass                | 2        |               |             
| IO                               | 20       | 296           | 7           
| + IOBD                           | 5        | 64            | 8           
| + IOBR_LR                        | 0        | 7             | 0           
| + IOBR_TB                        | 1        | 8             | 13          
| + IOBS_LR                        | 9        | 161           | 6           
| + IOBS_TB                        | 5        | 56            | 9           
| APM                              | 0        | 84            | 0           
| BKCL                             | 3        | 4             | 75          
| CRYSTAL                          | 0        | 2             | 0           
| DLL                              | 0        | 10            | 0           
| DQSL                             | 0        | 18            | 0           
| DRM                              | 3        | 134           | 3           
| FUSECODE                         | 0        | 1             | 0           
| HARD0N1                          | 44       | 6672          | 1           
| HSST                             | 0        | 1             | 0           
| IOCKDIV                          | 0        | 20            | 0           
| IOCKDLY                          | 0        | 40            | 0           
| IOCKGATE                         | 0        | 20            | 0           
| + IOCKGATE as Bypass             | 0        |               |             
| IOL                              | 20       | 400           | 5           
| IPAL                             | 0        | 1             | 0           
| LDO                              | 0        | 4             | 0           
| OSC                              | 0        | 1             | 0           
| PCIE                             | 0        | 1             | 0           
| PLL                              | 1        | 5             | 20          
| RCKB                             | 0        | 24            | 0           
| + RCKB as Bypass                 | 0        |               |             
| RESCAL                           | 0        | 4             | 0           
| SCANCHAIN                        | 1        | 2             | 50          
| START                            | 1        | 1             | 100         
| UDID                             | 0        | 1             | 0           
| USCM                             | 4        | 30            | 14          
| + USCM as Bypass                 | 0        |               |             
+----------------------------------------------------------------------------+

Finished routing. (CPU time elapsed 0h:00m:17s)
Design 'uart_rx_top' has been routed successfully.
Saving design to DB.
Action Route: Export DB successfully.
Action route: Real time elapsed is 0h:0m:21s
Action route: CPU time elapsed is 0h:0m:18s
Action route: Process CPU time elapsed is 0h:0m:21s
Action route: Peak memory pool usage is 727 MB

Current time: Sat Sep 19 14:48:41 2026
