
IP Generator (Version 2025.2 build 211867)
Check out license ...

Start generating at 2026-09-29 20:01
Instance: flash_rx_fifo (E:\code\PangoWork\Works\flash\ipcore\flash_rx_fifo\flash_rx_fifo.idf)
IP: DRM Based FIFO (1.14) (E:\work\pango\PDS_2025.2-ads\ip\module_ip\ipml_flex_ram\ipml_flex_ram_eval\ipml_fifo\)
Part: Logos-PGL50H-FBG484--6
Parameters: 26
Create directory 'rtl\'
Copy 'rtl\ipml_fifo_ctrl_v1_14.v.xml' to 'rtl\' 
Copy 'rtl\ipml_fifo_v1_14.v.xml' to 'rtl\' 
Copy 'rtl\ipml_sdpram_v1_13.v.xml' to 'rtl\' 
Compile file 'rtl\ipml_sdpram_v1_13.v.xml' to 'rtl\ipml_sdpram_v1_13_flash_rx_fifo.v' ...
Compile file 'rtl\ipml_fifo_v1_14.v.xml' to 'rtl\ipml_fifo_v1_14_flash_rx_fifo.v' ...
Compile file 'rtl\ipml_fifo_ctrl_v1_14.v.xml' to 'rtl\ipml_fifo_ctrl_v1_14_flash_rx_fifo.v' ...
Copy 'ipml_fifo_wrapper_v1_14.v.xml' 
Compile file 'ipml_fifo_wrapper_v1_14.v.xml' to 'flash_rx_fifo.v' ...
Found top module 'flash_rx_fifo' in file 'flash_rx_fifo.v'.
Copy 'ipml_fifo_wrapper_v1_14_tb.v.xml' 
Compile file 'ipml_fifo_wrapper_v1_14_tb.v.xml' to 'flash_rx_fifo_tb.v' ...
Run file 'createFile.tcl' ...
Create template file 'flash_rx_fifo_tmpl.v' ...
Create template file 'flash_rx_fifo_tmpl.vhdl' ...
Collected 4 HDL file(s)
Synthesis is disabled.
Finished generating 'flash_rx_fifo'

Done: 0 error(s), 0 warning(s)
