#Build: Fabric Compiler 2022.2-SP6.7.1, Build 188940, Jun 13 11:15 2025
#Install: D:\Pango\PDS_2022.2-SP6.7.1-ads\bin
#Application name: pds_shell.exe
#OS: Windows 10 10.0.19044
#Hostname: DESKTOP-BG38EDA
Generated by Fabric Compiler (version 2022.2-SP6.7.1 build 188940) at Wed Jun 17 10:56:31 2026
Compiling verification operator library.
Compiling common defs.
Loading technology operator library.
Compiling technology operator library.
Compiling technology operator (valence) library.
Compiling operator packing rules.
Compiling prim grid devices.
Compiling gate devices.
Compiling gate operators.
Compiling tech operator impls.
Building architecture model.
Loading device packaging model.
C: SDC-2025: Clock source 'n:i2c_ctrl_inst/i2c_clk' need a clock constraint, please use 'create_clock' or 'create_generate_clock' to generate.
Flattening design 'eeprom_byte_rd_wr'
Device mapping started.
Optimizing circuit logic.
Checking design netlist.
Processing tech operator.
I: The instance clkbufg_0(GTP_CLKBUFG) has been inserted on the net nt_sys_clk in design, driver pin O(instance sys_clk_ibuf) -> load pin CLK(instance i2c_ctrl_inst/cnt_clk[0]).
Converting tech operator to gate operator.
Processing gate operator.
I: Infer CARRY group, base inst: i2c_rw_data_inst/N49_1_0/gateop, insts:12.
I: Infer CARRY group, base inst: i2c_rw_data_inst/N127_1_1/gateop, insts:15.
I: Infer CARRY group, base inst: key_rd_inst/N11_1_1/gateop, insts:19.
I: Infer CARRY group, base inst: key_wr_inst/N11_1_1/gateop, insts:19.
I: Infer CARRY group, base inst: uart_tx_inst/N23_1_1/gateop, insts:12.
I: Infer CARRY group, base inst: i2c_rw_data_inst/fifo_read_inst/U_ipm2l_fifo_fifo_data/U_ipm2l_fifo_ctrl/N2_1/gateop, insts:16.
I: Infer CARRY group, base inst: i2c_rw_data_inst/fifo_read_inst/U_ipm2l_fifo_fifo_data/U_ipm2l_fifo_ctrl/N11_1/gateop, insts:16.
I: Infer CARRY group, base inst: i2c_rw_data_inst/fifo_read_inst/U_ipm2l_fifo_fifo_data/U_ipm2l_fifo_ctrl/N21.eq_0/gateop, insts:8.
I: Infer CARRY group, base inst: i2c_rw_data_inst/fifo_read_inst/U_ipm2l_fifo_fifo_data/U_ipm2l_fifo_ctrl/N24.eq_0/gateop, insts:8.
I: Infer CARRY group, base inst: i2c_rw_data_inst/fifo_read_inst/U_ipm2l_fifo_fifo_data/U_ipm2l_fifo_ctrl/N138_5.fsub_0/gateop, insts:9.
Device Utilization Summary:
+------------------------------------------------------------------------+
| Logic Utilization     | Used     | Available     | Utilization(%)     
+------------------------------------------------------------------------+
| APM                   | 0        | 240           | 0                  
| FF                    | 273      | 133200        | 1                  
| LUT                   | 326      | 66600         | 1                  
| Distributed RAM       | 0        | 19900         | 0                  
| DRM                   | 8        | 155           | 6                  
| IO                    | 7        | 300           | 3                  
| RCKB                  | 0        | 24            | 0                  
| SCANCHAIN             | 0        | 1             | 0                  
| USCM                  | 1        | 32            | 4                  
| CCS                   | 1        | 1             | 100                
| ADC                   | 0        | 1             | 0                  
| DDR_PHY               | 0        | 24            | 0                  
| HSSTLP                | 0        | 2             | 0                  
| GPLL                  | 0        | 6             | 0                  
| PPLL                  | 0        | 6             | 0                  
| DDRPHY_CPD            | 0        | 12            | 0                  
| HCKB                  | 0        | 96            | 0                  
| IOCKB                 | 0        | 24            | 0                  
| MRCKB                 | 0        | 12            | 0                  
| PCIE                  | 0        | 1             | 0                  
| DDRPHY_IOCLK_DIV      | 0        | 6             | 0                  
| ANALOG                | 0        | 1             | 0                  
| TSERDES               | 0        | 48            | 0                  
| KEYRAM                | 0        | 1             | 0                  
+------------------------------------------------------------------------+

Device mapping done.
Total device mapping takes 0.09 sec.

Design 'eeprom_byte_rd_wr' has been successfully mapped to architecture-specific objects.
Saving design to DB.
Action dev_map: Real time elapsed is 0h:0m:10s
Action dev_map: CPU time elapsed is 0h:0m:8s
Action dev_map: Process CPU time elapsed is 0h:0m:8s
Current time: Wed Jun 17 10:56:39 2026
Action dev_map: Peak memory pool usage is 335 MB
