[2026.09.30 22:25:30] : cfg_gen_sfc succeed, 0.0
[2026.09.30 22:43:11] : cfg_gen_sfc succeed, 0.0
[2026.10.01 17:54:42] : cfg_gen_sfc succeed, 0.0
[2026.10.01 18:05:54] : cfg_help succeed, 0.0
[2026.10.01 18:06:29] : cfg_jtag_flash_program command can't be exec, 0.0
[2026.10.01 18:09:13] : cfg_connect succeed, 2.1
[2026.10.01 18:09:14] : cfg_scan_chain succeed, 1.0
[2026.10.01 18:09:16] : cfg_jtag_flash_scan_device succeed, 1.0
[2026.10.01 18:10:12] : cfg_connect succeed, 2.1
[2026.10.01 18:10:14] : cfg_scan_chain succeed, 1.0
[2026.10.01 18:10:15] : cfg_jtag_flash_scan_device succeed, 1.0
[2026.10.01 18:10:16] : cfg_jtag_flash_assign_file succeed, 0.0
[2026.10.01 18:10:19] : cfg_jtag_flash_verify failed, 3.0
[2026.10.01 18:11:25] : cfg_connect succeed, 2.1
[2026.10.01 18:11:26] : cfg_scan_chain succeed, 1.0
[2026.10.01 18:11:28] : cfg_jtag_flash_scan_device succeed, 1.0
[2026.10.01 18:11:28] : cfg_jtag_flash_assign_file succeed, 0.0
[2026.10.01 18:12:04] : cfg_jtag_flash_program succeed, 35.4
[2026.10.01 18:12:08] : cfg_jtag_flash_verify failed, 3.0
[2026.10.01 18:13:14] : cfg_connect succeed, 2.1
[2026.10.01 18:13:15] : cfg_scan_chain succeed, 1.0
[2026.10.01 18:13:17] : cfg_jtag_flash_scan_device succeed, 1.0
[2026.10.01 18:13:17] : cfg_jtag_flash_readback command can't be exec, 0.0
[2026.10.01 18:13:49] : cfg_connect succeed, 2.1
[2026.10.01 18:13:50] : cfg_scan_chain succeed, 1.0
[2026.10.01 18:13:52] : cfg_jtag_flash_scan_device succeed, 1.0
[2026.10.01 18:13:53] : cfg_jtag_flash_assign_file succeed, 0.0
[2026.10.01 18:13:56] : cfg_jtag_flash_readback succeed, 3.0
[2026.10.01 18:15:24] : cfg_connect succeed, 2.1
[2026.10.01 18:15:26] : cfg_scan_chain succeed, 1.0
[2026.10.01 18:15:27] : cfg_reset_fpga succeed, 1.0
[2026.10.01 18:16:49] : cfg_connect succeed, 2.1
[2026.10.01 18:16:51] : cfg_scan_chain succeed, 1.0
[2026.10.01 18:16:52] : cfg_reset_fpga succeed, 1.0
[2026.10.01 18:17:58] : cfg_connect succeed, 2.1
[2026.10.01 18:18:00] : cfg_scan_chain succeed, 1.0
[2026.10.01 18:18:00] : cfg_assign_file succeed, 0.0
[2026.10.01 18:18:03] : cfg_program succeed, 2.0
[2026.10.01 18:18:41] : cfg_connect succeed, 2.1
[2026.10.01 18:18:43] : cfg_scan_chain succeed, 1.0
[2026.10.01 18:18:45] : cfg_reset_fpga succeed, 1.0
[2026.10.01 18:28:05] : cfg_gen_sfc succeed, 0.0
[2026.10.01 18:28:25] : cfg_connect succeed, 2.1
[2026.10.01 18:28:27] : cfg_scan_chain succeed, 1.0
[2026.10.01 18:28:28] : cfg_jtag_flash_scan_device succeed, 1.0
[2026.10.01 18:28:29] : cfg_jtag_flash_assign_file succeed, 0.0
[2026.10.01 18:29:06] : cfg_jtag_flash_program succeed, 36.4
[2026.10.01 18:29:09] : cfg_jtag_flash_verify failed, 3.0
[2026.10.01 18:29:28] : cfg_connect succeed, 2.1
[2026.10.01 18:29:29] : cfg_scan_chain succeed, 1.0
[2026.10.01 18:29:31] : cfg_jtag_flash_scan_device succeed, 1.0
[2026.10.01 18:29:32] : cfg_jtag_flash_assign_file succeed, 0.0
[2026.10.01 18:29:35] : cfg_jtag_flash_readback succeed, 3.0
[2026.10.01 18:29:52] : cfg_connect succeed, 2.1
[2026.10.01 18:29:54] : cfg_scan_chain succeed, 1.0
[2026.10.01 18:29:54] : cfg_assign_file succeed, 0.0
[2026.10.01 18:29:57] : cfg_program succeed, 2.0
[2026.10.01 18:31:00] : cfg_connect succeed, 2.1
[2026.10.01 18:31:01] : cfg_scan_chain succeed, 1.0
[2026.10.01 18:31:03] : cfg_reset_fpga succeed, 1.0
[2026.10.01 18:32:11] : cfg_connect succeed, 2.0
[2026.10.01 18:32:13] : cfg_scan_chain succeed, 1.0
[2026.10.01 18:32:13] : cfg_assign_file succeed, 0.0
[2026.10.01 18:32:16] : cfg_program succeed, 2.0
[2026.10.01 18:32:33] : cfg_connect succeed, 2.1
[2026.10.01 18:32:35] : cfg_scan_chain succeed, 1.0
[2026.10.01 18:32:35] : cfg_assign_file succeed, 0.0
[2026.10.01 18:32:38] : cfg_program succeed, 2.0
[2026.10.01 18:46:04] : cfg_connect succeed, 2.1
[2026.10.01 18:46:06] : cfg_scan_chain succeed, 1.0
[2026.10.01 18:46:06] : cfg_assign_file succeed, 0.0
[2026.10.01 18:46:09] : cfg_program succeed, 2.0
[2026.10.01 18:47:04] : cfg_connect succeed, 2.1
[2026.10.01 18:47:06] : cfg_scan_chain succeed, 1.0
[2026.10.01 18:47:06] : cfg_assign_file succeed, 0.0
[2026.10.01 18:47:09] : cfg_program succeed, 2.0
[2026.10.01 18:48:14] : cfg_connect succeed, 2.1
[2026.10.01 18:48:16] : cfg_scan_chain succeed, 1.0
[2026.10.01 18:48:17] : cfg_assign_file succeed, 0.0
[2026.10.01 18:48:19] : cfg_program succeed, 2.0
[2026.10.01 18:50:39] : cfg_gen_sfc succeed, 0.0
[2026.10.01 18:51:00] : cfg_connect succeed, 2.1
[2026.10.01 18:51:02] : cfg_scan_chain succeed, 1.0
[2026.10.01 18:51:03] : cfg_jtag_flash_scan_device succeed, 1.0
[2026.10.01 18:51:04] : cfg_jtag_flash_assign_file succeed, 0.0
[2026.10.01 18:51:41] : cfg_jtag_flash_program succeed, 36.4
[2026.10.01 18:51:44] : cfg_jtag_flash_verify failed, 3.0
[2026.10.01 18:53:17] : cfg_connect succeed, 2.1
[2026.10.01 18:53:19] : cfg_scan_chain succeed, 1.0
[2026.10.01 18:53:21] : cfg_jtag_flash_scan_device succeed, 1.0
[2026.10.01 18:53:21] : cfg_jtag_flash_assign_file succeed, 0.0
[2026.10.01 18:53:25] : cfg_jtag_flash_readback succeed, 3.0
[2026.10.01 18:54:25] : cfg_connect succeed, 2.1
[2026.10.01 18:54:26] : cfg_scan_chain succeed, 1.0
[2026.10.01 18:54:28] : cfg_reset_fpga succeed, 1.0
