#Build: Fabric Compiler 2025.2, Build 211867, Jan 16 16:10 2026
#Install: E:\work\pango\PDS_2025.2-ads\bin
#Application name: pds_shell.exe
#OS: Windows 11 10.0.26200
#CPU: Unknown
#RAM(GB): 32
#Hostname: dionirpyC
#Generated by Fabric Compiler (version 2025.2 build 211867) at Sat Sep 19 17:07:17 2026
Parameters for debugging are loaded as follows:
Compiling verification operator library.
Compiling vendor parameter file.
Compiling common defs.
Compiling prim grid devices.
Compiling place grid timing.
Compiling gate devices.
Compiling gate operators.
Compiling gate operators impls.
Building architecture model.
Loading device packaging model.
Building architecture floorplan logic view.
Constraint check start.
W: ConstraintEditor-4042: Port 'led_out[0]' lacks attribute 'SLEW', it's better to set the attribute for port.
W: ConstraintEditor-4042: Port 'led_out[0]' lacks attribute 'DRIVE', it's better to set the attribute for port.
W: ConstraintEditor-4042: Port 'led_out[0]' lacks attribute 'BUS_KEEPER', it's better to set the attribute for port.
W: ConstraintEditor-4042: Port 'led_out[1]' lacks attribute 'SLEW', it's better to set the attribute for port.
W: ConstraintEditor-4042: Port 'led_out[1]' lacks attribute 'DRIVE', it's better to set the attribute for port.
W: ConstraintEditor-4042: Port 'led_out[1]' lacks attribute 'BUS_KEEPER', it's better to set the attribute for port.
W: ConstraintEditor-4042: Port 'led_out[2]' lacks attribute 'SLEW', it's better to set the attribute for port.
W: ConstraintEditor-4042: Port 'led_out[2]' lacks attribute 'DRIVE', it's better to set the attribute for port.
W: ConstraintEditor-4042: Port 'led_out[2]' lacks attribute 'BUS_KEEPER', it's better to set the attribute for port.
W: ConstraintEditor-4042: Port 'led_out[3]' lacks attribute 'SLEW', it's better to set the attribute for port.
W: ConstraintEditor-4042: Port 'led_out[3]' lacks attribute 'DRIVE', it's better to set the attribute for port.
W: ConstraintEditor-4042: Port 'led_out[3]' lacks attribute 'BUS_KEEPER', it's better to set the attribute for port.
W: ConstraintEditor-4042: Port 'led_out[4]' lacks attribute 'SLEW', it's better to set the attribute for port.
W: ConstraintEditor-4042: Port 'led_out[4]' lacks attribute 'DRIVE', it's better to set the attribute for port.
W: ConstraintEditor-4042: Port 'led_out[4]' lacks attribute 'BUS_KEEPER', it's better to set the attribute for port.
W: ConstraintEditor-4042: Port 'led_out[5]' lacks attribute 'SLEW', it's better to set the attribute for port.
W: ConstraintEditor-4042: Port 'led_out[5]' lacks attribute 'DRIVE', it's better to set the attribute for port.
W: ConstraintEditor-4042: Port 'led_out[5]' lacks attribute 'BUS_KEEPER', it's better to set the attribute for port.
W: ConstraintEditor-4042: Port 'led_out[6]' lacks attribute 'SLEW', it's better to set the attribute for port.
W: ConstraintEditor-4042: Port 'led_out[6]' lacks attribute 'DRIVE', it's better to set the attribute for port.
W: ConstraintEditor-4042: Port 'led_out[6]' lacks attribute 'BUS_KEEPER', it's better to set the attribute for port.
W: ConstraintEditor-4042: Port 'led_out[7]' lacks attribute 'SLEW', it's better to set the attribute for port.
W: ConstraintEditor-4042: Port 'led_out[7]' lacks attribute 'DRIVE', it's better to set the attribute for port.
W: ConstraintEditor-4042: Port 'led_out[7]' lacks attribute 'BUS_KEEPER', it's better to set the attribute for port.
W: ConstraintEditor-4042: Port 'uart_tx' lacks attribute 'SLEW', it's better to set the attribute for port.
W: ConstraintEditor-4042: Port 'uart_tx' lacks attribute 'DRIVE', it's better to set the attribute for port.
W: ConstraintEditor-4042: Port 'key_in[0]' lacks attribute 'BUS_KEEPER', it's better to set the attribute for port.
W: ConstraintEditor-4040: [E:/code/PangoWork/Works/uart/prj_tasks/pnr_1/device_map/uart_rx_top.pcf(line number: 12)] Port key_in[0] has been placed at location K18, whose type is share pin.
W: ConstraintEditor-4042: Port 'key_in[1]' lacks attribute 'BUS_KEEPER', it's better to set the attribute for port.
W: ConstraintEditor-4042: Port 'key_in[2]' lacks attribute 'BUS_KEEPER', it's better to set the attribute for port.
W: ConstraintEditor-4042: Port 'key_in[3]' lacks attribute 'BUS_KEEPER', it's better to set the attribute for port.
W: ConstraintEditor-4042: Port 'key_in[4]' lacks attribute 'BUS_KEEPER', it's better to set the attribute for port.
W: ConstraintEditor-4042: Port 'key_in[5]' lacks attribute 'BUS_KEEPER', it's better to set the attribute for port.
W: ConstraintEditor-4040: [E:/code/PangoWork/Works/uart/prj_tasks/pnr_1/device_map/uart_rx_top.pcf(line number: 17)] Port key_in[5] has been placed at location J19, whose type is share pin.
W: ConstraintEditor-4042: Port 'key_in[6]' lacks attribute 'BUS_KEEPER', it's better to set the attribute for port.
W: ConstraintEditor-4040: [E:/code/PangoWork/Works/uart/prj_tasks/pnr_1/device_map/uart_rx_top.pcf(line number: 18)] Port key_in[6] has been placed at location H20, whose type is share pin.
W: ConstraintEditor-4042: Port 'key_in[7]' lacks attribute 'BUS_KEEPER', it's better to set the attribute for port.
W: ConstraintEditor-4040: [E:/code/PangoWork/Works/uart/prj_tasks/pnr_1/device_map/uart_rx_top.pcf(line number: 20)] Port rst_n has been placed at location AB13, whose type is share pin.
C: ConstraintEditor-2022: There are some ports' attributes are set to default value, please read [E:/code/PangoWork/Works/uart/prj_tasks/pnr_1/place_route/ports_defalut_attribute.txt(line number:0)] to confirm.
Found 0 error(s), 1 critical warning(s), 38 warning(s), out of 20 constraint(s)
Constraint check end.
Total time(hh:mm:ss) of constraint check : 00:00:00
Elaborate the liberty model.
I: Multithreading enabled for Timing using a maximum of 4 processes.
Placement started. Type: EP_COMMON_FLOW.

Stage 1 EP_INIT start.
Stage: after EP_INIT | Time (s): real = 0h:0m:6s ; cpu = 0h:0m:4s ; process = 0h:0m:6s | Memory (MB): curr = 428.957031 ; peak = 429.796875 | Checksum: FF9C14926658BDBA

Design Layer Utilization:
	LUT: 0.147%
	FF: 0.120%
	IO: 5.722%

Stage 2 EP_DL start.
build place dedicate switch graph takes 1.50 sec
Place location constraint group with base node:key_in_ibuf[0]/opit_1 at IOL_327_257
Place location constraint group with base node:key_in_ibuf[1]/opit_1 at IOL_327_134
Place location constraint group with base node:key_in_ibuf[2]/opit_1 at IOL_327_297
Place location constraint group with base node:key_in_ibuf[3]/opit_1 at IOL_327_133
Place location constraint group with base node:key_in_ibuf[4]/opit_1 at IOL_327_298
Place location constraint group with base node:key_in_ibuf[5]/opit_1 at IOL_327_262
Place location constraint group with base node:key_in_ibuf[6]/opit_1 at IOL_327_261
Place location constraint group with base node:key_in_ibuf[7]/opit_1 at IOL_327_365
Place location constraint group with base node:led_out_obuf[0]/opit_1 at IOL_19_374
Place location constraint group with base node:led_out_obuf[1]/opit_1 at IOL_19_373
Place location constraint group with base node:led_out_obuf[2]/opit_1 at IOL_35_374
Place location constraint group with base node:led_out_obuf[3]/opit_1 at IOL_35_373
Place location constraint group with base node:led_out_obuf[4]/opit_1 at IOL_67_374
Place location constraint group with base node:led_out_obuf[5]/opit_1 at IOL_67_373
Place location constraint group with base node:led_out_obuf[6]/opit_1 at IOL_47_374
Place location constraint group with base node:led_out_obuf[7]/opit_1 at IOL_47_373
Place location constraint group with base node:rst_n_ibuf/opit_1 at IOL_167_5
Place location constraint group with base node:sys_clk_50mhz_ibuf/opit_1 at IOL_327_210
Place location constraint group with base node:uart_rx_ibuf/opit_1 at IOL_43_5
Place location constraint group with base node:uart_tx_obuf/opit_1 at IOL_43_6
Place location constraint node:BKCL_auto_0 at BKCL_188_376
Place location constraint node:BKCL_auto_1 at BKCL_328_184
Place location constraint node:BKCL_auto_2 at BKCL_192_0
DRCP Convert Loc Constraint successful.

Stage 2.1 pre clock plan start.
Mapping instance GRS_INST/grs to START_324_2.
I: Clock statistic: 2 USCM.
solve clock designs takes 0.00 sec with memory (MB): curr = 501.773438, peak = 508.132812.
Mapping instance clkbufg_0/gopclkbufg to USCM_84_108:impl_uscm_rtb_a-USCM.
Mapping instance clkbufg_1/gopclkbufg to USCM_84_109:impl_uscm_rtb_a-USCM.
Mapping instance u_pll_50mhz/u_pll_e3/goppll to PLL_158_55.
Stage: after pre clock plan | Time (s): real = 0h:0m:8s ; cpu = 0h:0m:5s ; process = 0h:0m:7s | Memory (MB): curr = 501.914062 ; peak = 508.132812

Place location constraint node:clkbufg_0/gopclkbufg at USCM_84_108
Place location constraint node:clkbufg_1/gopclkbufg at USCM_84_109
Place location constraint node:u_pll_50mhz/u_pll_e3/goppll at PLL_158_55
DRCP Convert Loc Constraint successful.
Stage: after EP_DL | Time (s): real = 0h:0m:8s ; cpu = 0h:0m:5s ; process = 0h:0m:7s | Memory (MB): curr = 502.011719 ; peak = 508.132812 | Checksum: 80C9F367609ACE26


Stage 3 EP_FIP start.
DRCP Convert Loc Constraint successful.

Stage 3.1 fip global place start.
[GP] num_thread=0
I: Multithreading enabled for place using a maximum of 4 processes.
[GP] Placement Initial Method "Quad".
[GP] Placement Decongestion Mode "1".
[GP] Recovery Analysis in GP "Enable".
I: Loading Timing Delay Info...
I: Load Timing Delay Info successfully.
Init coarse delay table.
Read place coarse delay table takes 0.30 sec.
[GP] Init timing API takes 1.56 sec.
[GP] Init GP graph takes 1.61 sec.
Device graph total memory: 11.12357140 MB
[GP] Read position from netlist take 0 msec
[GP] Total node move: 9079.38, average node move: 93.60
First map gop timing takes 0.02 sec
[GP] SA handle 2 clusters.
[GP] SA init_cost = 32825.500000, final_cost = 32825.500000, final_cost/init_cost = 1.000000, occupied region_num = 2.
[GP] SA Optimize take time: 0.002000 sec.
[GP] Timing analysis take 0.003000 secs.
[GP] MarginTNSS=-59114, TNSS=-43114, WSS=-2789
[GP] Place thread size: 4
[GP] Node size: 9197, net size: 111
[GP] Design graph total memory: 26.31409168 MB
[GP] Timing analysis take 0.003000 secs.
[GP] MarginTNSS=-28470, TNSS=-12470, WSS=-967
[GP] Step 0 take 0.021 secs: WL=758.46 OF=0.648601
[GP] Timing analysis take 0.004000 secs.
[GP] MarginTNSS=-33928, TNSS=-17928, WSS=-1218
[GP] Step 1 take 0.136 secs: WL=784.98 OF=0.607821
[GP] Timing analysis take 0.004000 secs.
[GP] MarginTNSS=-30374, TNSS=-14374, WSS=-1000
[GP] Step 2 take 0.151 secs: WL=634.52 OF=0.389798
[GP] Timing analysis take 0.004000 secs.
[GP] MarginTNSS=-28192, TNSS=-12192, WSS=-817
[GP] Step 3 take 0.138 secs: WL=554.43 OF=0.379360
[GP] Timing analysis take 0.004000 secs.
[GP] MarginTNSS=-27317, TNSS=-11317, WSS=-817
[GP] Step 4 take 0.141 secs: WL=537.73 OF=0.358258
[GP] Timing analysis take 0.004000 secs.
[GP] MarginTNSS=-28472, TNSS=-12472, WSS=-852
[GP] Step 5 take 0.135 secs: WL=543.22 OF=0.310207
[GP] Timing analysis take 0.004000 secs.
[GP] MarginTNSS=-27836, TNSS=-11836, WSS=-852
[GP] Step 6 take 0.149 secs: WL=548.98 OF=0.265575
[GP] Timing analysis take 0.003000 secs.
[GP] MarginTNSS=-27317, TNSS=-11317, WSS=-817
[GP] Step 7 take 0.135 secs: WL=554.95 OF=0.196708
[GP] Timing analysis take 0.003000 secs.
[GP] MarginTNSS=-26870, TNSS=-10870, WSS=-810
[GP] Step 8 take 0.138 secs: WL=564.34 OF=0.150799
[GP] Timing analysis take 0.003000 secs.
[GP] MarginTNSS=-26650, TNSS=-10650, WSS=-700
[GP] Step 9 take 0.142 secs: WL=575.79 OF=0.111053
[GP] Timing analysis take 0.004000 secs.
[GP] MarginTNSS=-26760, TNSS=-10760, WSS=-700
[GP] Step 10 take 0.139 secs: WL=588.29 OF=0.051979
[GP] Timing analysis take 0.003000 secs.
[GP] MarginTNSS=-26767, TNSS=-10767, WSS=-817
[GP] Final best WL=585.581800 OF=0.067813, totally takes 1.501000 secs, run timing analysis 13 times totally takes 0.046000 secs.
[GP] Total node move: 13812.63, average node move: 142.40
[GP] Placer use memory: 5.65137959 MB
Stage: after fip global place | Performance: WL = 452 ; TNS = -10767 ; WNS = -817 | Time (s): real = 0h:0m:11s ; cpu = 0h:0m:8s ; process = 0h:0m:12s | Memory (MB): curr = 636.410156 ; peak = 664.847656 | Checksum: 4DF95FF6464D359B

Flat initial placement flow takes 2.797.
Stage: after EP_FIP | Performance: WL = 452 ; TNS = -10767 ; WNS = -817 | Time (s): real = 0h:0m:11s ; cpu = 0h:0m:8s ; process = 0h:0m:12s | Memory (MB): curr = 637.460938 ; peak = 664.847656 | Checksum: 4DF95FF6464D359B


Stage 4 EP_CAGP start.

Stage 4.1 cagp site packing start.
Stage: after pack legalize group | Performance: avg_mov = 0.000000 ; max_mov = 0 ; mov_var = 0.000000
Stage: after cagp site packing | Performance: WL = 1178 | Time (s): real = 0h:0m:11s ; cpu = 0h:0m:8s ; process = 0h:0m:12s | Memory (MB): curr = 653.843750 ; peak = 664.847656 | Checksum: 90307212445AED7D


Stage 4.2 cagp macro placement start.
Stage: after cagp macro placement | Performance: WL = 1178 | Time (s): real = 0h:0m:11s ; cpu = 0h:0m:8s ; process = 0h:0m:12s | Memory (MB): curr = 653.925781 ; peak = 664.847656 | Checksum: 90307212445AED7D


Stage 4.3 post clock plan start.
pre solve all clock design takes 0.00 sec with memory (MB): curr = 654.054688, peak = 664.847656.
CRA timing analysis with worst slack -1321 takes 0.00 sec.
CRA cost 0 takes 0.00 sec.
solve all clock design takes 0.02 sec with memory (MB): curr = 654.687500, peak = 664.847656.
expand load region takes 0.00 sec.
Stage: after post clock plan | Time (s): real = 0h:0m:11s ; cpu = 0h:0m:8s ; process = 0h:0m:12s | Memory (MB): curr = 654.812500 ; peak = 664.847656

Movement during CRA, max : (0, 0) , total : (0, 0) , count : 0 , avg : (0, 0) .
Stage: after EP_CAGP | Performance: WL = 1178 ; TNS = -14049 ; WNS = -1321 | Time (s): real = 0h:0m:11s ; cpu = 0h:0m:8s ; process = 0h:0m:12s | Memory (MB): curr = 654.816406 ; peak = 664.847656 | Checksum: 3D1264D785A7B102


Stage 5 EP_DRCP start.

Stage 5.1 DRC Placement start.
DRC final successful.
Stage: after DRC Placement | Time (s): real = 0h:0m:11s ; cpu = 0h:0m:8s ; process = 0h:0m:12s | Memory (MB): curr = 654.832031 ; peak = 664.847656


Stage 5.2 IO Placement start.
The average distance in IO place is 0.000000.
Stage: after IO Placement | Time (s): real = 0h:0m:11s ; cpu = 0h:0m:8s ; process = 0h:0m:12s | Memory (MB): curr = 655.000000 ; peak = 664.847656

Stage: after EP_DRCP | Performance: WL = 1178 ; TNS = -14049 ; WNS = -1321 | Time (s): real = 0h:0m:11s ; cpu = 0h:0m:8s ; process = 0h:0m:12s | Memory (MB): curr = 655.003906 ; peak = 664.847656 | Checksum: EB6D67CFF3A4A5C


Stage 6 EP_MP start.

Stage 6.1 macro place start.
Stage: after macro place | Performance: WL = 1178 | Time (s): real = 0h:0m:11s ; cpu = 0h:0m:8s ; process = 0h:0m:12s | Memory (MB): curr = 655.117188 ; peak = 664.847656 | Checksum: EB6D67CFF3A4A5C


Stage 6.2 mp post global place start.
[GP] num_thread=0
I: Multithreading enabled for place using a maximum of 4 processes.
[GP] Init timing API takes 0.00 sec.
[GP] Init GP graph takes 0.00 sec.
Device graph total memory: 11.12617302 MB
[GP] Read position from netlist take 0 msec
[GP] Timing analysis take 0.031000 secs.
[GP] MarginTNSS=-30049, TNSS=-14049, WSS=-1321
[GP] Place thread size: 4
[GP] Node size: 9151, net size: 104
[GP] Design graph total memory: 28.03267956 MB
[GP] Timing analysis take 0.003000 secs.
[GP] MarginTNSS=-27934, TNSS=-11934, WSS=-967
[GP] Step 0 take 0.022 secs: WL=1021.61 OF=0.142759
[GP] Timing analysis take 0.003000 secs.
[GP] MarginTNSS=-28332, TNSS=-12332, WSS=-852
[GP] Step 1 take 0.134 secs: WL=616.23 OF=0.239758
[GP] Timing analysis take 0.004000 secs.
[GP] MarginTNSS=-28579, TNSS=-12579, WSS=-860
[GP] Step 2 take 0.133 secs: WL=623.68 OF=0.168907
[GP] Timing analysis take 0.004000 secs.
[GP] MarginTNSS=-28465, TNSS=-12465, WSS=-866
[GP] Step 3 take 0.136 secs: WL=638.82 OF=0.099568
[GP] Timing analysis take 0.004000 secs.
[GP] MarginTNSS=-28521, TNSS=-12521, WSS=-866
[GP] Step 4 take 0.140 secs: WL=648.46 OF=0.065759
[GP] Timing analysis take 0.003000 secs.
[GP] MarginTNSS=-28081, TNSS=-12081, WSS=-933
[GP] Step 5 take 0.137 secs: WL=658.16 OF=0.041918
[GP] Timing analysis take 0.003000 secs.
[GP] MarginTNSS=-28081, TNSS=-12081, WSS=-933
[GP] Final best WL=658.162347 OF=0.041918, totally takes 0.718000 secs, run timing analysis 8 times totally takes 0.055000 secs.
[GP] Total node move: 344.43, average node move: 6.75
[GP] Placer use memory: 5.63987350 MB
Stage: after mp post global place | Performance: WL = 536 ; TNS = -12081 ; WNS = -933 | Time (s): real = 0h:0m:12s ; cpu = 0h:0m:9s ; process = 0h:0m:14s | Memory (MB): curr = 656.480469 ; peak = 664.847656 | Checksum: 294F382E56080849

MP flow takes 0.609.
Stage: after EP_MP | Performance: WL = 536 ; TNS = -12081 ; WNS = -933 | Time (s): real = 0h:0m:12s ; cpu = 0h:0m:9s ; process = 0h:0m:14s | Memory (MB): curr = 656.484375 ; peak = 664.847656 | Checksum: 294F382E56080849


Stage 7 EP_LP start.
Stage: after legalization | Performance: avg_mov = 0.112903 ; max_mov = 1 ; mov_var = 0.100156
Legalize placement flow takes 0.000.
Stage: after EP_LP | Performance: WL = 534 ; TNS = -11482 ; WNS = -861 | Time (s): real = 0h:0m:12s ; cpu = 0h:0m:9s ; process = 0h:0m:14s | Memory (MB): curr = 657.968750 ; peak = 664.847656 | Checksum: 6500F5455F94B594


Stage 8 EP_DP start.
Stage: before DP | Performance: WL = 534 ; TNS = -11482 ; WNS = -861
    Cost at Swap iteration  0:  WNS =   -848,  TNS = -11304,  MarginTNS = -27304,  takes    0.00 sec.
    Cost at DP   iteration  0:  WNS =   -819,  TNS = -10036,  MarginTNS = -26036,  takes    0.02 sec.
    Cost at Swap iteration  1:  WNS =   -819,  TNS = -10036,  MarginTNS = -26036,  takes    0.02 sec.
    Cost at Swap iteration  2:  WNS =   -819,  TNS = -10036,  MarginTNS = -26036,  takes    0.00 sec.
    Cost at DP   iteration  2:  WNS =   -817,  TNS =  -9620,  MarginTNS = -25620,  takes    0.00 sec.
    Cost at Swap iteration  3:  WNS =   -817,  TNS =  -9620,  MarginTNS = -25620,  takes    0.03 sec.
    Cost at Swap iteration  4:  WNS =   -817,  TNS =  -9620,  MarginTNS = -25620,  takes    0.00 sec.
    Cost at DP   iteration  4:  WNS =   -683,  TNS =  -9064,  MarginTNS = -25064,  takes    0.02 sec.
    Cost at Swap iteration  5:  WNS =   -683,  TNS =  -9064,  MarginTNS = -25064,  takes    0.00 sec.
    Cost at Swap iteration  6:  WNS =   -683,  TNS =  -9064,  MarginTNS = -25064,  takes    0.02 sec.
    Cost at DP   iteration  6:  WNS =   -673,  TNS =  -8776,  MarginTNS = -24776,  takes    0.00 sec.
    Cost at Swap iteration  7:  WNS =   -673,  TNS =  -8776,  MarginTNS = -24776,  takes    0.02 sec.
    Cost at Swap iteration  8:  WNS =   -673,  TNS =  -8776,  MarginTNS = -24776,  takes    0.00 sec.
    Cost at DP   iteration  8:  WNS =   -649,  TNS =  -8776,  MarginTNS = -24776,  takes    0.00 sec.
    Cost at Swap iteration  9:  WNS =   -649,  TNS =  -8776,  MarginTNS = -24776,  takes    0.02 sec.
    Cost at Swap iteration 10:  WNS =   -649,  TNS =  -8776,  MarginTNS = -24776,  takes    0.02 sec.
    Cost at DP   iteration 10:  WNS =   -649,  TNS =  -8776,  MarginTNS = -24776,  takes    0.02 sec.
    Cost at Swap iteration 11:  WNS =   -649,  TNS =  -8776,  MarginTNS = -24776,  takes    0.02 sec.
Stage: after DP | Performance: WL = 548 ; TNS = -8776 ; WNS = -649
EP_DP takes 0 sec.
Stage: after EP_DP | Performance: WL = 548 ; TNS = -8776 ; WNS = -649 | Time (s): real = 0h:0m:13s ; cpu = 0h:0m:9s ; process = 0h:0m:14s | Memory (MB): curr = 658.875000 ; peak = 664.847656 | Checksum: 811AEB0C66EFBAB3


Stage 9 EP_FP start.
AutoDRC Flow for Design Check After Place Start.
AutoDRC Flow for Design Check After Place End.
Stage: after EP_FP | Performance: WL = 548 ; TNS = -8807 ; WNS = -649 | Time (s): real = 0h:0m:13s ; cpu = 0h:0m:9s ; process = 0h:0m:14s | Memory (MB): curr = 661.300781 ; peak = 664.847656 | Checksum: B05D0881C7A8C5FA


Congestion analysis started.
I: Start printing congestion info.
I: Finish printing congestion info.
Congestion analysis takes 0.11 sec.


Device Utilization Summary :
+----------------------------------------------------------------------------+
| Device Type                      | Used     | Available     | Util(%)     
+----------------------------------------------------------------------------+
| CLMA                             | 16       | 6450          | 1           
| + FF                             | 38       | 38700         | 1           
| + LUT                            | 31       | 25800         | 1           
|   + LUT as Logic                 | 31       |               |             
|   + LUT as Const                 | 0        |               |             
|   + LUT as Bypass                | 0        |               |             
| CLMS                             | 15       | 4250          | 1           
| + FF                             | 39       | 25500         | 1           
| + LUT                            | 32       | 17000         | 1           
|   + LUT as Logic                 | 32       |               |             
|   + LUT as Memory                | 0        |               |             
|     + LUT as Distributed RAM     | 0        |               |             
|   + LUT as Const                 | 0        |               |             
|   + LUT as Bypass                | 0        |               |             
| IO                               | 20       | 296           | 7           
| + IOBD                           | 5        | 64            | 8           
| + IOBR_LR                        | 0        | 7             | 0           
| + IOBR_TB                        | 1        | 8             | 13          
| + IOBS_LR                        | 9        | 161           | 6           
| + IOBS_TB                        | 5        | 56            | 9           
| APM                              | 0        | 84            | 0           
| BKCL                             | 3        | 4             | 75          
| CRYSTAL                          | 0        | 2             | 0           
| DLL                              | 0        | 10            | 0           
| DQSL                             | 0        | 18            | 0           
| DRM                              | 0        | 134           | 0           
| FUSECODE                         | 0        | 1             | 0           
| HARD0N1                          | 0        | 6672          | 0           
| HSST                             | 0        | 1             | 0           
| IOCKDIV                          | 0        | 20            | 0           
| IOCKDLY                          | 0        | 40            | 0           
| IOCKGATE                         | 0        | 20            | 0           
| + IOCKGATE as Bypass             | 0        |               |             
| IOL                              | 20       | 400           | 5           
| IPAL                             | 0        | 1             | 0           
| LDO                              | 0        | 4             | 0           
| OSC                              | 0        | 1             | 0           
| PCIE                             | 0        | 1             | 0           
| PLL                              | 1        | 5             | 20          
| RCKB                             | 0        | 24            | 0           
| + RCKB as Bypass                 | 0        |               |             
| RESCAL                           | 0        | 4             | 0           
| SCANCHAIN                        | 0        | 2             | 0           
| START                            | 1        | 1             | 100         
| UDID                             | 0        | 1             | 0           
| USCM                             | 2        | 30            | 7           
| + USCM as Bypass                 | 0        |               |             
+----------------------------------------------------------------------------+

Total placement takes 6.02 sec.
Finished placement.
Design 'uart_txrx_top' has been placed successfully.
Action place: Real time elapsed is 0h:0m:13s
Action place: CPU time elapsed is 0h:0m:9s
Action place: Process CPU time elapsed is 0h:0m:14s
Action place: Peak memory pool usage is 745 MB

Current time: Sat Sep 19 17:07:28 2026
