#Build: Fabric Compiler 2025.2, Build 211867, Jan 16 16:10 2026
#Install: E:\work\pango\PDS_2025.2-ads\bin
#Application name: pds_shell.exe
#OS: Windows 11 10.0.26200
#CPU: Unknown
#RAM(GB): 32
#Hostname: dionirpyC
#Generated by Fabric Compiler (version 2025.2 build 211867) at Sat Sep 19 17:07:30 2026
Parameters for debugging are loaded as follows:
Compiling verification operator library.
Compiling vendor parameter file.
Compiling common defs.
Compiling prim grid devices.
Compiling place grid timing.
Compiling gate devices.
Compiling gate operators.
Compiling gate operators impls.
Building architecture model.
Loading device packaging model.
Building architecture floorplan logic view.
Elaborate the liberty model.
I: Multithreading enabled for Timing using a maximum of 4 processes.

Routing started.
Build routing arch for double attribute device.
Enter timing driven router mode.
I: Multithreading enabled for route using a maximum of 6 processes.
Building routing graph takes 1.48 sec.
Enable Recovery Analysis in Routing
Init coarse delay table.
I: Loading Timing Delay Info...
I: Load Timing Delay Info successfully.
Read place coarse delay table takes 0.38 sec.
build place dedicate switch graph takes 1.72 sec
Setup STE netlist take 2422 msec.
Slack Weight : 90
CE/RS signal series limit : 500
Dispose control chain take 2 msec.
Collect const net info take 32 msec.
Total nets for routing: 109.
Total loads for routing: 604.
Direct connect net size: 38
Build all design net take 19 msec.
Processing design graph takes 2.48 sec.
Route info is not supported in this chip.
Delay table total memory: 40.33647346 MB
Route graph total memory: 74.20433521 MB
Route design total memory: 1.19987106 MB
The remaining process takes 0.01 sec.
Stage: after context initialize | Time (s): real = 0h:0m:11s ; cpu = 0h:0m:8s ; process = 0h:0m:11s | Memory (MB): curr = 654.933594 ; peak = 693.609375 | Checksum: C82D8D57FA7F0FB8
Global routing takes 0.00 sec.
Pin Cost Increasing Speed 300
Unrouted clock nets at iteration 0 (0.001 sec): 4
Unrouted clock nets at iteration 1 (0.000 sec): 0
Stage: after clock route | Time (s): real = 0h:0m:11s ; cpu = 0h:0m:9s ; process = 0h:0m:11s | Memory (MB): curr = 655.722656 ; peak = 693.609375 | Checksum: E02262C1B46EF3CC
Total route nets size: 101
Pre route takes 0.064 sec
Stage: after pre route | Performance: TNS = -864 ; WNS = -174 ; THS = 0 ; WHS = 65 | Time (s): real = 0h:0m:11s ; cpu = 0h:0m:9s ; process = 0h:0m:11s | Memory (MB): curr = 663.019531 ; peak = 693.609375 | Checksum: B18D0529D687F624
Unrouted general nets at iteration 4 (MT total route time: 0.014 sec): 81(overused: 435)
Unrouted general nets at iteration 5 (MT total route time: 0.011 sec): 67(overused: 290)
Unrouted general nets at iteration 6 (MT total route time: 0.010 sec): 62(overused: 222)
Unrouted general nets at iteration 7 (MT total route time: 0.010 sec): 38(overused: 94)
Unrouted general nets at iteration 8 (MT total route time: 0.006 sec): 31(overused: 76)
Unrouted general nets at iteration 9 (MT total route time: 0.003 sec): 14(overused: 28)
Unrouted general nets at iteration 10 (MT total route time: 0.001 sec): 7(overused: 12)
Unrouted general nets at iteration 11 (MT total route time: 0.000 sec): 6(overused: 10)
Unrouted general nets at iteration 12 (MT total route time: 0.001 sec): 5(overused: 8)
Unrouted general nets at iteration 13 (MT total route time: 0.000 sec): 4(overused: 6)
Unrouted general nets at iteration 14 (MT total route time: 0.001 sec): 2(overused: 4)
Unrouted general nets at iteration 15 (MT total route time: 0.000 sec): 2(overused: 4)
Unrouted general nets at iteration 16 (MT total route time: 0.000 sec): 2(overused: 4)
Unrouted general nets at iteration 17 (MT total route time: 0.000 sec): 2(overused: 4)
Unrouted general nets at iteration 18 (MT total route time: 0.000 sec): 2(overused: 4)
Unrouted general nets at iteration 19 (MT total route time: 0.000 sec): 2(overused: 4)
Unrouted general nets at iteration 20 (MT total route time: 0.000 sec): 2(overused: 4)
Unrouted general nets at iteration 21 (MT total route time: 0.000 sec): 2(overused: 4)
Unrouted general nets at iteration 22 (MT total route time: 0.000 sec): 2(overused: 4)
Unrouted general nets at iteration 23 (MT total route time: 0.000 sec): 2(overused: 4)
Unrouted general nets at iteration 24 (MT total route time: 0.000 sec): 2(overused: 4)
Unrouted general nets at iteration 25 (MT total route time: 0.000 sec): 2(overused: 4)
Unrouted general nets at iteration 26 (MT total route time: 0.000 sec): 2(overused: 4)
Unrouted general nets at iteration 27 (MT total route time: 0.000 sec): 2(overused: 4)
Unrouted general nets at iteration 28 (MT total route time: 0.000 sec): 2(overused: 4)
Unrouted general nets at iteration 29 (MT total route time: 0.000 sec): 2(overused: 4)
Unrouted general nets at iteration 30 (MT total route time: 0.000 sec): 2(overused: 4)
Unrouted general nets at iteration 31 (MT total route time: 0.000 sec): 2(overused: 4)
Unrouted general nets at iteration 32 (MT total route time: 0.000 sec): 2(overused: 4)
Unrouted general nets at iteration 33 (MT total route time: 0.000 sec): 2(overused: 4)
Unrouted general nets at iteration 34 (MT total route time: 0.001 sec): 2(overused: 4)
Unrouted general nets at iteration 35 (MT total route time: 0.000 sec): 2(overused: 2)
Unrouted general nets at iteration 36 (MT total route time: 0.000 sec): 0(overused: 0)
----General net take 0.000 sec(route net take 0.000 sec, inc cost take 0.000 sec, iter times: 1)
----const net route take 0.000 sec
Unrouted nets at iteration 37 (0.001 sec): 0
Stage: after detail route | Performance: TNS = -1441 ; WNS = -175 ; THS = NA ; WHS = NA | Time (s): real = 0h:0m:11s ; cpu = 0h:0m:9s ; process = 0h:0m:11s | Memory (MB): curr = 664.996094 ; peak = 693.609375 | Checksum: 7C02C6397B036250
Begin rip-up and reroute:
 Number of Nodes with overlaps is (MT total route time: 0.00 sec): 4
 Number of Nodes with overlaps is (MT total route time: 0.00 sec): 4
 Number of Nodes with overlaps is (MT total route time: 0.00 sec): 4
 Number of Nodes with overlaps is (MT total route time: 0.00 sec): 4
 Number of Nodes with overlaps is (MT total route time: 0.00 sec): 4
 Number of Nodes with overlaps is (MT total route time: 0.00 sec): 0
Rip-up and reroute takes 0.02 sec.
Stage: after ripup & reroute | Performance: TNS = -1301 ; WNS = -259 ; THS = NA ; WHS = NA | Time (s): real = 0h:0m:11s ; cpu = 0h:0m:9s ; process = 0h:0m:11s | Memory (MB): curr = 665.648438 ; peak = 693.609375 | Checksum: 1FFDAC81E98C906C
Detailed routing takes 0.54 sec.
Sort Original Nets take 0.002 sec
Check HPIO div result take 0.000 sec
Total net: 109, route succeed net: 109
Generate routing result take 0.000 sec
Handle PERMUX permutation take 0.005 sec
Handle const net take 0.000 sec
Handle route through take 0.001 sec
Used SRB routing arc is 1016.
Stage: after finish route | Performance: TNS = -1301 ; WNS = -259 ; THS = NA ; WHS = NA | Time (s): real = 0h:0m:11s ; cpu = 0h:0m:9s ; process = 0h:0m:12s | Memory (MB): curr = 641.187500 ; peak = 693.609375 | Checksum: 7D184B60C8C838F3
Finish routing takes 0.10 sec.
Total routing takes 4.70 sec.

Device Utilization Summary :
+----------------------------------------------------------------------------+
| Device Type                      | Used     | Available     | Util(%)     
+----------------------------------------------------------------------------+
| CLMA                             | 24       | 6450          | 1           
| + FF                             | 38       | 38700         | 1           
| + LUT                            | 56       | 25800         | 1           
|   + LUT as Logic                 | 31       |               |             
|   + LUT as Const                 | 23       |               |             
|   + LUT as Bypass                | 2        |               |             
| CLMS                             | 16       | 4250          | 1           
| + FF                             | 39       | 25500         | 1           
| + LUT                            | 36       | 17000         | 1           
|   + LUT as Logic                 | 32       |               |             
|   + LUT as Memory                | 0        |               |             
|     + LUT as Distributed RAM     | 0        |               |             
|   + LUT as Const                 | 0        |               |             
|   + LUT as Bypass                | 4        |               |             
| IO                               | 20       | 296           | 7           
| + IOBD                           | 5        | 64            | 8           
| + IOBR_LR                        | 0        | 7             | 0           
| + IOBR_TB                        | 1        | 8             | 13          
| + IOBS_LR                        | 9        | 161           | 6           
| + IOBS_TB                        | 5        | 56            | 9           
| APM                              | 0        | 84            | 0           
| BKCL                             | 3        | 4             | 75          
| CRYSTAL                          | 0        | 2             | 0           
| DLL                              | 0        | 10            | 0           
| DQSL                             | 0        | 18            | 0           
| DRM                              | 0        | 134           | 0           
| FUSECODE                         | 0        | 1             | 0           
| HARD0N1                          | 2        | 6672          | 1           
| HSST                             | 0        | 1             | 0           
| IOCKDIV                          | 0        | 20            | 0           
| IOCKDLY                          | 0        | 40            | 0           
| IOCKGATE                         | 0        | 20            | 0           
| + IOCKGATE as Bypass             | 0        |               |             
| IOL                              | 20       | 400           | 5           
| IPAL                             | 0        | 1             | 0           
| LDO                              | 0        | 4             | 0           
| OSC                              | 0        | 1             | 0           
| PCIE                             | 0        | 1             | 0           
| PLL                              | 1        | 5             | 20          
| RCKB                             | 0        | 24            | 0           
| + RCKB as Bypass                 | 0        |               |             
| RESCAL                           | 0        | 4             | 0           
| SCANCHAIN                        | 0        | 2             | 0           
| START                            | 1        | 1             | 100         
| UDID                             | 0        | 1             | 0           
| USCM                             | 2        | 30            | 7           
| + USCM as Bypass                 | 0        |               |             
+----------------------------------------------------------------------------+

Finished routing. (CPU time elapsed 0h:00m:09s)
Design 'uart_txrx_top' has been routed successfully.
Saving design to DB.
Action Route: Export DB successfully.
Action route: Real time elapsed is 0h:0m:12s
Action route: CPU time elapsed is 0h:0m:9s
Action route: Process CPU time elapsed is 0h:0m:12s
Action route: Peak memory pool usage is 693 MB

Current time: Sat Sep 19 17:07:40 2026
