#Build: Fabric Compiler 2025.2, Build 211867, Jan 16 16:10 2026
#Install: E:\work\pango\PDS_2025.2-ads\bin
#Application name: pds_shell.exe
#OS: Windows 11 10.0.26200
#CPU: Unknown
#RAM(GB): 32
#Hostname: dionirpyC
#Generated by Fabric Compiler (version 2025.2 build 211867) at Sat Sep 19 17:07:41 2026
Parameters for debugging are loaded as follows:
Compiling verification operator library.
Compiling vendor parameter file.
Compiling common defs.
Compiling prim grid devices.
Compiling place grid timing.
Compiling gate devices.
Compiling gate operators.
Compiling gate operators impls.
Building architecture model.
Loading device packaging model.
Building architecture floorplan logic view.
Elaborate the liberty model.
I: Multithreading enabled for Timing using a maximum of 4 processes.

Route Optimize started.
Build routing arch for double attribute device.
Enter timing driven router mode.
I: Multithreading enabled for route using a maximum of 6 processes.
Read Column Clock Map.
Building routing graph takes 1.34 sec.
Total nets for routing: 132.
Total loads for routing: 604.
Direct connect net size: 38
Build all design net take 5 msec.
Processing design graph takes 0.01 sec.
Route info is not supported in this chip.
Delay table total memory: 40.33647346 MB
Route graph total memory: 74.21127796 MB
Route design total memory: 0.11904526 MB
The remaining process takes 0.01 sec.
Stage: after context initialize in post route | Time (s): real = 0h:0m:9s ; cpu = 0h:0m:6s ; process = 0h:0m:8s | Memory (MB): curr = 615.214844 ; peak = 650.468750 | Checksum: BBA23A7A423E86E5
Load route result takes 0.00 sec
Fix Hold Violation Threshold For Clock Path Cross SRB(ps) : 200
Fix Hold Violation Threshold For Clock Path On Clock Tree(ps) : 100
Hold fix to no violation.
Hold fix to threshold
    Fix hold iteration 0 takes 0.00 sec
    Fix hold iteration 1 takes 0.00 sec
    Fix hold iteration 2 takes 0.02 sec
    Fix hold iteration 3 takes 0.00 sec
    Fix hold iteration 4 takes 0.00 sec
    Fix hold iteration 5 takes 0.00 sec
    Fix hold iteration 6 takes 0.00 sec
    Step 2.1 finish
    Fix hold iteration 0 takes 0.00 sec
    Fix hold iteration 1 takes 0.00 sec
    Fix hold iteration 2 takes 0.00 sec
    Fix hold iteration 3 takes 0.00 sec
    Fix hold iteration 4 takes 0.00 sec
    Fix hold iteration 5 takes 0.02 sec
    Fix hold iteration 6 takes 0.00 sec
    Step 2.2 finish
Stage: after hold fix | Performance: TNS = -1301 ; WNS = -259 ; THS = 0 ; WHS = 65 | Time (s): real = 0h:0m:9s ; cpu = 0h:0m:6s ; process = 0h:0m:8s | Memory (MB): curr = 624.714844 ; peak = 650.468750 | Checksum: DD66849CEF89A97C
Hold Violation Fix in router takes 0.18 sec.
Sort Original Nets take 0.000 sec
Total net: 132, route succeed net: 132
Generate routing result take 0.001 sec
Handle PERMUX permutation take 0.001 sec
Handle const net take 0.000 sec
Handle route through take 0.001 sec
Used SRB routing arc is 1016.
Stage: after finish post route | Performance: TNS = -1301 ; WNS = -259 ; THS = NA ; WHS = NA | Time (s): real = 0h:0m:9s ; cpu = 0h:0m:6s ; process = 0h:0m:8s | Memory (MB): curr = 625.804688 ; peak = 650.468750 | Checksum: 41C0154506469998
Finish post route takes 0.09 sec.
Total post route takes 1.86 sec.

Device Utilization Summary :
+----------------------------------------------------------------------------+
| Device Type                      | Used     | Available     | Util(%)     
+----------------------------------------------------------------------------+
| CLMA                             | 24       | 6450          | 1           
| + FF                             | 38       | 38700         | 1           
| + LUT                            | 56       | 25800         | 1           
|   + LUT as Logic                 | 31       |               |             
|   + LUT as Const                 | 23       |               |             
|   + LUT as Bypass                | 2        |               |             
| CLMS                             | 16       | 4250          | 1           
| + FF                             | 39       | 25500         | 1           
| + LUT                            | 36       | 17000         | 1           
|   + LUT as Logic                 | 32       |               |             
|   + LUT as Memory                | 0        |               |             
|     + LUT as Distributed RAM     | 0        |               |             
|   + LUT as Const                 | 0        |               |             
|   + LUT as Bypass                | 4        |               |             
| IO                               | 20       | 296           | 7           
| + IOBD                           | 5        | 64            | 8           
| + IOBR_LR                        | 0        | 7             | 0           
| + IOBR_TB                        | 1        | 8             | 13          
| + IOBS_LR                        | 9        | 161           | 6           
| + IOBS_TB                        | 5        | 56            | 9           
| APM                              | 0        | 84            | 0           
| BKCL                             | 3        | 4             | 75          
| CRYSTAL                          | 0        | 2             | 0           
| DLL                              | 0        | 10            | 0           
| DQSL                             | 0        | 18            | 0           
| DRM                              | 0        | 134           | 0           
| FUSECODE                         | 0        | 1             | 0           
| HARD0N1                          | 2        | 6672          | 1           
| HSST                             | 0        | 1             | 0           
| IOCKDIV                          | 0        | 20            | 0           
| IOCKDLY                          | 0        | 40            | 0           
| IOCKGATE                         | 0        | 20            | 0           
| + IOCKGATE as Bypass             | 0        |               |             
| IOL                              | 20       | 400           | 5           
| IPAL                             | 0        | 1             | 0           
| LDO                              | 0        | 4             | 0           
| OSC                              | 0        | 1             | 0           
| PCIE                             | 0        | 1             | 0           
| PLL                              | 1        | 5             | 20          
| RCKB                             | 0        | 24            | 0           
| + RCKB as Bypass                 | 0        |               |             
| RESCAL                           | 0        | 4             | 0           
| SCANCHAIN                        | 0        | 2             | 0           
| START                            | 1        | 1             | 100         
| UDID                             | 0        | 1             | 0           
| USCM                             | 2        | 30            | 7           
| + USCM as Bypass                 | 0        |               |             
+----------------------------------------------------------------------------+

Finished route optimize. (CPU time elapsed 0h:00m:06s)
Design 'uart_txrx_top' has been routed successfully.
Saving design to DB.
Action Route Optimize: Export DB successfully.
Action route_optimize: Real time elapsed is 0h:0m:9s
Action route_optimize: CPU time elapsed is 0h:0m:7s
Action route_optimize: Process CPU time elapsed is 0h:0m:9s
Action route_optimize: Peak memory pool usage is 650 MB

Current time: Sat Sep 19 17:07:48 2026
