#Build: Fabric Compiler 2025.2, Build 211867, Jan 16 16:10 2026
#Install: E:\work\pango\PDS_2025.2-ads\bin
#Application name: pds_shell.exe
#OS: Windows 11 10.0.26200
#CPU: Unknown
#RAM(GB): 32
#Hostname: dionirpyC
#Generated by Fabric Compiler (version 2025.2 build 211867) at Tue Sep 22 18:12:04 2026
Parameters for debugging are loaded as follows:
Compiling verification operator library.
Compiling vendor parameter file.
Compiling common defs.
Compiling prim grid devices.
Compiling place grid timing.
Compiling gate devices.
Compiling gate operators.
Compiling gate operators impls.
Building architecture model.
Loading device packaging model.
Reading design from pnr DB.
Start Report Post-PnR timing.
Elaborate the liberty model.
I: Multithreading enabled for Timing using a maximum of 4 processes.
Constructing timing graph ...
Timing graph has been constructed successfully
W: STA-3011: Clock pin 'u_eeprom.sda_tri/opit_1_iolatch/SYSCLK' (gopIOBUFIOLQ.SYSCLK) has no clock, timing propagation is disabled at the pin.
W: STA-3011: Clock pin 'u_eeprom/bit_cnt[0]/opit_0_inv_L5Q_perm/CLK' (gopL5Q.CLK) has no clock, timing propagation is disabled at the pin.
W: STA-3011: Clock pin 'u_eeprom/bit_cnt[1]/opit_0_inv_L5Q_perm/CLK' (gopL5Q.CLK) has no clock, timing propagation is disabled at the pin.
W: STA-3011: Clock pin 'u_eeprom/bit_cnt[2]/opit_0_inv_L5Q_perm/CLK' (gopL5Q.CLK) has no clock, timing propagation is disabled at the pin.
W: STA-3011: Clock pin 'u_eeprom/i2c_done/opit_0_inv_L5Q_perm/CLK' (gopL5Q.CLK) has no clock, timing propagation is disabled at the pin.
W: STA-3011: Clock pin 'u_eeprom/i2c_enable/opit_0_inv_L5Q_perm/CLK' (gopL5Q.CLK) has no clock, timing propagation is disabled at the pin.
W: STA-3011: Clock pin 'u_eeprom/rd_data[0]/opit_0_inv/CLK' (gopQ.CLK) has no clock, timing propagation is disabled at the pin.
W: STA-3011: Clock pin 'u_eeprom/rd_data[1]/opit_0_inv/CLK' (gopQ.CLK) has no clock, timing propagation is disabled at the pin.
W: STA-3011: Clock pin 'u_eeprom/rd_data[2]/opit_0_inv/CLK' (gopQ.CLK) has no clock, timing propagation is disabled at the pin.
W: STA-3011: Clock pin 'u_eeprom/rd_data[3]/opit_0_inv/CLK' (gopQ.CLK) has no clock, timing propagation is disabled at the pin.
W: STA-3011: Clock pin 'u_eeprom/rd_data[4]/opit_0_inv/CLK' (gopQ.CLK) has no clock, timing propagation is disabled at the pin.
W: STA-3011: Clock pin 'u_eeprom/rd_data[5]/opit_0_inv/CLK' (gopQ.CLK) has no clock, timing propagation is disabled at the pin.
W: STA-3011: Clock pin 'u_eeprom/rd_data[6]/opit_0_inv/CLK' (gopQ.CLK) has no clock, timing propagation is disabled at the pin.
W: STA-3011: Clock pin 'u_eeprom/rd_data[7]/opit_0_inv/CLK' (gopQ.CLK) has no clock, timing propagation is disabled at the pin.
W: STA-3011: Clock pin 'u_eeprom/rd_data_reg[0]/opit_0/G' (gopLATCH.G) has no clock, timing propagation is disabled at the pin.
W: STA-3011: Clock pin 'u_eeprom/rd_data_reg[1]/opit_0/G' (gopLATCH.G) has no clock, timing propagation is disabled at the pin.
W: STA-3011: Clock pin 'u_eeprom/rd_data_reg[2]/opit_0/G' (gopLATCH.G) has no clock, timing propagation is disabled at the pin.
W: STA-3011: Clock pin 'u_eeprom/rd_data_reg[3]/opit_0/G' (gopLATCH.G) has no clock, timing propagation is disabled at the pin.
W: STA-3011: Clock pin 'u_eeprom/rd_data_reg[4]/opit_0/G' (gopLATCH.G) has no clock, timing propagation is disabled at the pin.
W: STA-3011: Clock pin 'u_eeprom/rd_data_reg[5]/opit_0/G' (gopLATCH.G) has no clock, timing propagation is disabled at the pin.
W: STA-3011: Clock pin 'u_eeprom/rd_data_reg[6]/opit_0/G' (gopLATCH.G) has no clock, timing propagation is disabled at the pin.
W: STA-3011: Clock pin 'u_eeprom/rd_data_reg[7]/opit_0/G' (gopLATCH.G) has no clock, timing propagation is disabled at the pin.
W: STA-3011: Clock pin 'u_eeprom/scl_cnt[0]/opit_0_inv_L5Q/CLK' (gopL5Q.CLK) has no clock, timing propagation is disabled at the pin.
W: STA-3011: Clock pin 'u_eeprom/scl_cnt[1]/opit_0_inv_L5Q_perm/CLK' (gopL5Q.CLK) has no clock, timing propagation is disabled at the pin.
W: STA-3011: Clock pin 'u_eeprom/sda_reg/opit_0/G' (gopLATCH.G) has no clock, timing propagation is disabled at the pin.
W: STA-3011: Clock pin 'u_eeprom/state_reg[0]/opit_0_inv/CLK' (gopQ.CLK) has no clock, timing propagation is disabled at the pin.
W: STA-3011: Clock pin 'u_eeprom/state_reg[1]/opit_0_inv/CLK' (gopQ.CLK) has no clock, timing propagation is disabled at the pin.
W: STA-3011: Clock pin 'u_eeprom/state_reg[2]/opit_0_inv/CLK' (gopQ.CLK) has no clock, timing propagation is disabled at the pin.
W: STA-3011: Clock pin 'u_eeprom/state_reg[3]/opit_0_inv/CLK' (gopQ.CLK) has no clock, timing propagation is disabled at the pin.
W: STA-3011: Clock pin 'u_eeprom/state_reg[4]/opit_0_inv/CLK' (gopQ.CLK) has no clock, timing propagation is disabled at the pin.
W: STA-3011: Clock pin 'u_eeprom/state_reg[5]/opit_0_inv/CLK' (gopQ.CLK) has no clock, timing propagation is disabled at the pin.
W: STA-3011: Clock pin 'u_eeprom/state_reg[6]/opit_0_inv/CLK' (gopQ.CLK) has no clock, timing propagation is disabled at the pin.
W: STA-3011: Clock pin 'u_eeprom/state_reg[7]/opit_0_inv/CLK' (gopQ.CLK) has no clock, timing propagation is disabled at the pin.
W: STA-3011: Clock pin 'u_eeprom/state_reg[8]/opit_0_inv_L5Q_perm/CLK' (gopL5Q.CLK) has no clock, timing propagation is disabled at the pin.
W: STA-3011: Clock pin 'u_eeprom/state_reg[9]/opit_0_inv/CLK' (gopQ.CLK) has no clock, timing propagation is disabled at the pin.
W: STA-3011: Clock pin 'u_eeprom/state_reg[10]/opit_0_inv_L5Q_perm/CLK' (gopL5Q.CLK) has no clock, timing propagation is disabled at the pin.
W: STA-3011: Clock pin 'u_eeprom/state_reg[11]/opit_0_inv/CLK' (gopQ.CLK) has no clock, timing propagation is disabled at the pin.
W: STA-3011: Clock pin 'u_eeprom/state_reg[12]/opit_0_inv/CLK' (gopQ.CLK) has no clock, timing propagation is disabled at the pin.
W: STA-3011: Clock pin 'u_eeprom/state_reg[13]/opit_0_inv/CLK' (gopQ.CLK) has no clock, timing propagation is disabled at the pin.
W: STA-3011: Clock pin 'u_eeprom/state_reg[14]/opit_0_inv/CLK' (gopQ.CLK) has no clock, timing propagation is disabled at the pin.
W: STA-3011: Clock pin 'u_eeprom/state_reg[15]/opit_0_inv_L5Q_perm/CLK' (gopL5Q.CLK) has no clock, timing propagation is disabled at the pin.
W: STA-3011: Clock pin 'u_key/key_data[0]/opit_0_inv_L5Q_perm/CLK' (gopL5Q.CLK) has no clock, timing propagation is disabled at the pin.
W: STA-3011: Clock pin 'u_key/key_data[1]/opit_0_inv_L5Q_perm/CLK' (gopL5Q.CLK) has no clock, timing propagation is disabled at the pin.
W: STA-3011: Clock pin 'u_key/key_data[6]/opit_0_inv_L5Q_perm/CLK' (gopL5Q.CLK) has no clock, timing propagation is disabled at the pin.
W: STA-3011: Clock pin 'u_key/key_data[7]/opit_0_inv_L5Q_perm/CLK' (gopL5Q.CLK) has no clock, timing propagation is disabled at the pin.
W: Timing-4087: Port 'eeprom_i2c_sda' is not constrained, it is treated as combinational output.
W: Timing-4087: Port 'eeprom_i2c_scl' is not constrained, it is treated as combinational output.
W: Timing-4087: Port 'led_out[0]' is not constrained, it is treated as combinational output.
W: Timing-4087: Port 'led_out[1]' is not constrained, it is treated as combinational output.
W: Timing-4087: Port 'led_out[2]' is not constrained, it is treated as combinational output.
W: Timing-4087: Port 'led_out[3]' is not constrained, it is treated as combinational output.
W: Timing-4087: Port 'led_out[4]' is not constrained, it is treated as combinational output.
W: Timing-4087: Port 'led_out[5]' is not constrained, it is treated as combinational output.
W: Timing-4087: Port 'led_out[6]' is not constrained, it is treated as combinational output.
W: Timing-4087: Port 'led_out[7]' is not constrained, it is treated as combinational output.
W: Timing-4086: Port 'sys_rst_n' is not constrained, it is treated as combinational input.
Action Report Timing: Export DB successfully.
Report timing is finished successfully.
Action report_timing: Real time elapsed is 0h:0m:6s
Action report_timing: CPU time elapsed is 0h:0m:4s
Action report_timing: Process CPU time elapsed is 0h:0m:5s
Action report_timing: Peak memory pool usage is 396 MB

Current time: Tue Sep 22 18:12:08 2026
