#Build: Fabric Compiler 2022.2, Build 117120, Feb 17 13:07 2023
#Install: D:\pango\PDS_2022.2\bin
#Application name: pds_shell.exe
#OS: Windows 10 10.0.18363
#Hostname: DESKTOP-6GABMIP
Generated by Fabric Compiler (version 2022.2 build 117120) at Fri Aug 11 17:00:39 2023
Compiling verification operator library.
Compiling common defs.
Compiling prim grid devices.
Compiling gate devices.
Compiling gate operators.
Building architecture model.
Loading device packaging model.
Reading design from pnr DB.
Start Report Post-PnR timing.
Constructing timing graph ...
Timing graph has been constructed successfully
W: STA-3011: Clock pin 'hdmi_i2c_inst/hdmi_cfg_inst/cfg_done/opit_0_inv_L5Q_perm/CLK' (gopLUT6L5Q.CLK) has no clock, timing propagation is disabled at the pin.
W: STA-3011: Clock pin 'hdmi_i2c_inst/hdmi_cfg_inst/cfg_start/opit_0_inv_L6Q_perm/CLK' (gopLUT6Q.CLK) has no clock, timing propagation is disabled at the pin.
W: STA-3011: Clock pin 'hdmi_i2c_inst/hdmi_cfg_inst/cnt_wait[0]/opit_0_inv_L6Q_LUT6DL5Q_perm/CLK' (gopLUT6L5Q.CLK) has no clock, timing propagation is disabled at the pin.
W: STA-3011: Clock pin 'hdmi_i2c_inst/hdmi_cfg_inst/reg_num[1]/opit_0_inv_L5Q_perm/CLK' (gopLUT6L5Q.CLK) has no clock, timing propagation is disabled at the pin.
W: STA-3011: Clock pin 'hdmi_i2c_inst/hdmi_cfg_inst/reg_num[2]/opit_0_inv_L6QL5Q_perm/CLK' (gopLUT6QL5Q.CLK) has no clock, timing propagation is disabled at the pin.
W: STA-3011: Clock pin 'hdmi_i2c_inst/hdmi_cfg_inst/reg_num[4]/opit_0_inv_L6QL5Q_perm/CLK' (gopLUT6QL5Q.CLK) has no clock, timing propagation is disabled at the pin.
W: STA-3011: Clock pin 'hdmi_i2c_inst/hdmi_cfg_inst/reg_num[5]/opit_0_inv_L6QL5_perm/CLK' (gopLUT6QL5.CLK) has no clock, timing propagation is disabled at the pin.
W: STA-3011: Clock pin 'hdmi_i2c_inst/hdmi_cfg_inst/reg_num[6]/opit_0_inv_L6Q_perm/CLK' (gopLUT6Q.CLK) has no clock, timing propagation is disabled at the pin.
W: STA-3011: Clock pin 'hdmi_i2c_inst/i2c_ctrl_inst/ack/opit_0/CLK' (gopLATCH.CLK) has no clock, timing propagation is disabled at the pin.
W: STA-3011: Clock pin 'hdmi_i2c_inst/i2c_ctrl_inst/cnt_bit[0]/opit_0_inv_L6Q_LUT6DQL5_perm/CLK' (gopLUT6QL5.CLK) has no clock, timing propagation is disabled at the pin.
W: STA-3011: Clock pin 'hdmi_i2c_inst/i2c_ctrl_inst/cnt_bit[2]/opit_0_inv_L6QL5Q1_perm/CLK' (gopLUT6QL5Q.CLK) has no clock, timing propagation is disabled at the pin.
W: STA-3011: Clock pin 'hdmi_i2c_inst/i2c_ctrl_inst/cnt_i2c_clk[0]/opit_0_inv_L5Q_perm/CLK' (gopLUT6L5Q.CLK) has no clock, timing propagation is disabled at the pin.
W: STA-3011: Clock pin 'hdmi_i2c_inst/i2c_ctrl_inst/cnt_i2c_clk[1]/opit_0_inv_L5Q_perm/CLK' (gopLUT6L5Q.CLK) has no clock, timing propagation is disabled at the pin.
W: STA-3011: Clock pin 'hdmi_i2c_inst/i2c_ctrl_inst/i2c_end/opit_0_inv_L6Q_perm/CLK' (gopLUT6Q.CLK) has no clock, timing propagation is disabled at the pin.
W: STA-3011: Clock pin 'hdmi_i2c_inst/i2c_ctrl_inst/state_reg[0]/opit_0_inv_L6QL5Q1_perm/CLK' (gopLUT6QL5Q.CLK) has no clock, timing propagation is disabled at the pin.
W: STA-3011: Clock pin 'hdmi_i2c_inst/i2c_ctrl_inst/state_reg[1]/opit_0_inv_L6Q_perm/CLK' (gopLUT6Q.CLK) has no clock, timing propagation is disabled at the pin.
W: STA-3011: Clock pin 'hdmi_i2c_inst/i2c_ctrl_inst/state_reg[2]/opit_0_inv_L6Q_perm/CLK' (gopLUT6Q.CLK) has no clock, timing propagation is disabled at the pin.
W: STA-3011: Clock pin 'hdmi_i2c_inst/i2c_ctrl_inst/state_reg[3]/opit_0_inv_L6Q_perm/CLK' (gopLUT6Q.CLK) has no clock, timing propagation is disabled at the pin.
W: STA-3011: Clock pin 'hdmi_i2c_inst/i2c_ctrl_inst/state_reg[6]/opit_0_inv_L6Q_perm/CLK' (gopLUT6Q.CLK) has no clock, timing propagation is disabled at the pin.
W: STA-3011: Clock pin 'hdmi_i2c_inst/i2c_ctrl_inst/state_reg[7]/opit_0_inv_L6Q_perm/CLK' (gopLUT6Q.CLK) has no clock, timing propagation is disabled at the pin.
W: STA-3011: Clock pin 'hdmi_i2c_inst/i2c_ctrl_inst/state_reg[8]/opit_0_inv_L6Q_perm/CLK' (gopLUT6Q.CLK) has no clock, timing propagation is disabled at the pin.
W: STA-3011: Clock pin 'hdmi_i2c_inst/i2c_ctrl_inst/state_reg[9]/opit_0_inv_L6Q_perm/CLK' (gopLUT6Q.CLK) has no clock, timing propagation is disabled at the pin.
W: STA-3011: Clock pin 'hdmi_i2c_inst/i2c_ctrl_inst/state_reg[15]/opit_0_inv_L6Q_perm/CLK' (gopLUT6Q.CLK) has no clock, timing propagation is disabled at the pin.
W: STA-3011: Clock pin 'hdmi_i2c_inst/hdmi_cfg_inst/cnt_wait[4]/opit_0_inv_AQ_perm/CLK' (Carry.hdmi_i2c_inst/hdmi_cfg_inst/cnt_wait[4]/opit_0_inv_AQ_perm/CLK) has no clock, timing propagation is disabled at the pin.
W: STA-3011: Clock pin 'hdmi_i2c_inst/hdmi_cfg_inst/cnt_wait[8]/opit_0_inv_AQ_perm/CLK' (Carry.hdmi_i2c_inst/hdmi_cfg_inst/cnt_wait[8]/opit_0_inv_AQ_perm/CLK) has no clock, timing propagation is disabled at the pin.
W: STA-3011: Clock pin 'hdmi_i2c_inst/hdmi_cfg_inst/cnt_wait[9]/opit_0_inv_AQ_perm/CLK' (Carry.hdmi_i2c_inst/hdmi_cfg_inst/cnt_wait[9]/opit_0_inv_AQ_perm/CLK) has no clock, timing propagation is disabled at the pin.
W: Timing-4086: Port 'ddc_sda' is not constrained, it is treated as combinational input.
W: Timing-4087: Port 'ddc_sda' is not constrained, it is treated as combinational output.
W: Timing-4087: Port 'ddc_scl' is not constrained, it is treated as combinational output.
W: Timing-4087: Port 'hdmi_in_rst_n' is not constrained, it is treated as combinational output.
W: Timing-4087: Port 'hdmi_out_clk' is not constrained, it is treated as combinational output.
W: Timing-4087: Port 'hdmi_out_de' is not constrained, it is treated as combinational output.
W: Timing-4087: Port 'hdmi_out_hsync' is not constrained, it is treated as combinational output.
W: Timing-4087: Port 'hdmi_out_rgb[0]' is not constrained, it is treated as combinational output.
W: Timing-4087: Port 'hdmi_out_rgb[1]' is not constrained, it is treated as combinational output.
W: Timing-4087: Port 'hdmi_out_rgb[2]' is not constrained, it is treated as combinational output.
W: Timing-4087: Port 'hdmi_out_rgb[3]' is not constrained, it is treated as combinational output.
W: Timing-4087: Port 'hdmi_out_rgb[4]' is not constrained, it is treated as combinational output.
W: Timing-4087: Port 'hdmi_out_rgb[5]' is not constrained, it is treated as combinational output.
W: Timing-4087: Port 'hdmi_out_rgb[6]' is not constrained, it is treated as combinational output.
W: Timing-4087: Port 'hdmi_out_rgb[7]' is not constrained, it is treated as combinational output.
W: Timing-4087: Port 'hdmi_out_rgb[8]' is not constrained, it is treated as combinational output.
W: Timing-4087: Port 'hdmi_out_rgb[9]' is not constrained, it is treated as combinational output.
W: Timing-4087: Port 'hdmi_out_rgb[10]' is not constrained, it is treated as combinational output.
W: Timing-4087: Port 'hdmi_out_rgb[11]' is not constrained, it is treated as combinational output.
W: Timing-4087: Port 'hdmi_out_rgb[12]' is not constrained, it is treated as combinational output.
W: Timing-4087: Port 'hdmi_out_rgb[13]' is not constrained, it is treated as combinational output.
W: Timing-4087: Port 'hdmi_out_rgb[14]' is not constrained, it is treated as combinational output.
W: Timing-4087: Port 'hdmi_out_rgb[15]' is not constrained, it is treated as combinational output.
W: Timing-4087: Port 'hdmi_out_rgb[16]' is not constrained, it is treated as combinational output.
W: Timing-4087: Port 'hdmi_out_rgb[17]' is not constrained, it is treated as combinational output.
W: Timing-4087: Port 'hdmi_out_rgb[18]' is not constrained, it is treated as combinational output.
W: Timing-4087: Port 'hdmi_out_rgb[19]' is not constrained, it is treated as combinational output.
W: Timing-4087: Port 'hdmi_out_rgb[20]' is not constrained, it is treated as combinational output.
W: Timing-4087: Port 'hdmi_out_rgb[21]' is not constrained, it is treated as combinational output.
W: Timing-4087: Port 'hdmi_out_rgb[22]' is not constrained, it is treated as combinational output.
W: Timing-4087: Port 'hdmi_out_rgb[23]' is not constrained, it is treated as combinational output.
W: Timing-4087: Port 'hdmi_out_rst_n' is not constrained, it is treated as combinational output.
W: Timing-4087: Port 'hdmi_out_vsync' is not constrained, it is treated as combinational output.
W: Timing-4086: Port 'hdmi_in_clk' is not constrained, it is treated as combinational input.
W: Timing-4086: Port 'hdmi_in_de' is not constrained, it is treated as combinational input.
W: Timing-4086: Port 'hdmi_in_hsync' is not constrained, it is treated as combinational input.
W: Timing-4086: Port 'hdmi_in_rgb[0]' is not constrained, it is treated as combinational input.
W: Timing-4086: Port 'hdmi_in_rgb[1]' is not constrained, it is treated as combinational input.
W: Timing-4086: Port 'hdmi_in_rgb[2]' is not constrained, it is treated as combinational input.
W: Timing-4086: Port 'hdmi_in_rgb[3]' is not constrained, it is treated as combinational input.
W: Timing-4086: Port 'hdmi_in_rgb[4]' is not constrained, it is treated as combinational input.
W: Timing-4086: Port 'hdmi_in_rgb[5]' is not constrained, it is treated as combinational input.
W: Timing-4086: Port 'hdmi_in_rgb[6]' is not constrained, it is treated as combinational input.
W: Timing-4086: Port 'hdmi_in_rgb[7]' is not constrained, it is treated as combinational input.
W: Timing-4086: Port 'hdmi_in_rgb[8]' is not constrained, it is treated as combinational input.
W: Timing-4086: Port 'hdmi_in_rgb[9]' is not constrained, it is treated as combinational input.
W: Timing-4086: Port 'hdmi_in_rgb[10]' is not constrained, it is treated as combinational input.
W: Timing-4086: Port 'hdmi_in_rgb[11]' is not constrained, it is treated as combinational input.
W: Timing-4086: Port 'hdmi_in_rgb[12]' is not constrained, it is treated as combinational input.
W: Timing-4086: Port 'hdmi_in_rgb[13]' is not constrained, it is treated as combinational input.
W: Timing-4086: Port 'hdmi_in_rgb[14]' is not constrained, it is treated as combinational input.
W: Timing-4086: Port 'hdmi_in_rgb[15]' is not constrained, it is treated as combinational input.
W: Timing-4086: Port 'hdmi_in_rgb[16]' is not constrained, it is treated as combinational input.
W: Timing-4086: Port 'hdmi_in_rgb[17]' is not constrained, it is treated as combinational input.
W: Timing-4086: Port 'hdmi_in_rgb[18]' is not constrained, it is treated as combinational input.
W: Timing-4086: Port 'hdmi_in_rgb[19]' is not constrained, it is treated as combinational input.
W: Timing-4086: Port 'hdmi_in_rgb[20]' is not constrained, it is treated as combinational input.
W: Timing-4086: Port 'hdmi_in_rgb[21]' is not constrained, it is treated as combinational input.
W: Timing-4086: Port 'hdmi_in_rgb[22]' is not constrained, it is treated as combinational input.
W: Timing-4086: Port 'hdmi_in_rgb[23]' is not constrained, it is treated as combinational input.
W: Timing-4086: Port 'hdmi_in_vsync' is not constrained, it is treated as combinational input.
W: Timing-4086: Port 'sys_rst_n' is not constrained, it is treated as combinational input.
Report timing is finished successfully.
Action report_timing: Real time elapsed is 0h:0m:17s
Action report_timing: CPU time elapsed is 0h:0m:15s
Action report_timing: Process CPU time elapsed is 0h:0m:15s
Current time: Fri Aug 11 17:00:54 2023
Action report_timing: Peak memory pool usage is 1,087 MB
