#Build: Fabric Compiler 2025.2, Build 211867, Jan 16 16:10 2026
#Install: E:\work\pango\PDS_2025.2-ads\bin
#Application name: pds_shell.exe
#OS: Windows 11 10.0.26200
#CPU: Unknown
#RAM(GB): 32
#Hostname: dionirpyC
#Generated by Fabric Compiler (version 2025.2 build 211867) at Wed Sep 23 20:14:06 2026
Parameters for debugging are loaded as follows:
Compiling verification operator library.
Compiling vendor parameter file.
Compiling common defs.
Compiling prim grid devices.
Compiling place grid timing.
Compiling gate devices.
Compiling gate operators.
Compiling gate operators impls.
Building architecture model.
Loading device packaging model.
Building architecture floorplan logic view.
Constraint check start.
W: ConstraintEditor-4040: [E:/code/PangoWork/Works/i2c/prj_tasks/pnr_1/device_map/i2c_eeprom_top.pcf(line number: 13)] Port key_in[0] has been placed at location K18, whose type is share pin.
W: ConstraintEditor-4040: [E:/code/PangoWork/Works/i2c/prj_tasks/pnr_1/device_map/i2c_eeprom_top.pcf(line number: 18)] Port key_in[5] has been placed at location J19, whose type is share pin.
W: ConstraintEditor-4040: [E:/code/PangoWork/Works/i2c/prj_tasks/pnr_1/device_map/i2c_eeprom_top.pcf(line number: 19)] Port key_in[6] has been placed at location H20, whose type is share pin.
W: ConstraintEditor-4040: [E:/code/PangoWork/Works/i2c/prj_tasks/pnr_1/device_map/i2c_eeprom_top.pcf(line number: 22)] Port sys_rst_n has been placed at location AB13, whose type is share pin.
C: ConstraintEditor-2022: There are some ports' attributes are set to default value, please read [E:/code/PangoWork/Works/i2c/prj_tasks/pnr_1/place_route/ports_defalut_attribute.txt(line number:0)] to confirm.
Found 0 error(s), 1 critical warning(s), 4 warning(s), out of 20 constraint(s)
Constraint check end.
Total time(hh:mm:ss) of constraint check : 00:00:00
Elaborate the liberty model.
I: Multithreading enabled for Timing using a maximum of 4 processes.
Placement started. Type: EP_COMMON_FLOW.

Stage 1 EP_INIT start.
Stage: after EP_INIT | Time (s): real = 0h:0m:7s ; cpu = 0h:0m:5s ; process = 0h:0m:7s | Memory (MB): curr = 438.714844 ; peak = 439.621094 | Checksum: 29680091847D0ABE

Design Layer Utilization:
	LUT: 0.554%
	FF: 0.400%
	DRM: 0.746%
	IO: 5.722%

Stage 2 EP_DL start.
build place dedicate switch graph takes 1.80 sec
Place location constraint group with base node:eeprom_i2c_scl_obuf/opit_1 at IOL_243_373
Place location constraint group with base node:key_in_ibuf[0]/opit_1 at IOL_327_257
Place location constraint group with base node:key_in_ibuf[1]/opit_1 at IOL_327_134
Place location constraint group with base node:key_in_ibuf[2]/opit_1 at IOL_327_297
Place location constraint group with base node:key_in_ibuf[3]/opit_1 at IOL_327_133
Place location constraint group with base node:key_in_ibuf[4]/opit_1 at IOL_327_298
Place location constraint group with base node:key_in_ibuf[5]/opit_1 at IOL_327_262
Place location constraint group with base node:key_in_ibuf[6]/opit_1 at IOL_327_261
Place location constraint group with base node:key_in_ibuf[7]/opit_1 at IOL_327_365
Place location constraint group with base node:led_out_obuf[0]/opit_1 at IOL_19_374
Place location constraint group with base node:led_out_obuf[1]/opit_1 at IOL_19_373
Place location constraint group with base node:led_out_obuf[2]/opit_1 at IOL_35_374
Place location constraint group with base node:led_out_obuf[3]/opit_1 at IOL_35_373
Place location constraint group with base node:led_out_obuf[4]/opit_1 at IOL_67_374
Place location constraint group with base node:led_out_obuf[5]/opit_1 at IOL_67_373
Place location constraint group with base node:led_out_obuf[6]/opit_1 at IOL_47_374
Place location constraint group with base node:led_out_obuf[7]/opit_1 at IOL_47_373
Place location constraint group with base node:sys_clk_50mhz_ibuf/opit_1 at IOL_327_210
Place location constraint group with base node:sys_rst_n_ibuf/opit_1 at IOL_167_5
Place location constraint group with base node:u_eeprom.i2c_driver_inst.sda_tri/opit_1 at IOL_71_374
Place location constraint node:BKCL_auto_0 at BKCL_188_376
Place location constraint node:BKCL_auto_1 at BKCL_328_184
Place location constraint node:BKCL_auto_2 at BKCL_192_0
DRCP Convert Loc Constraint successful.

Stage 2.1 pre clock plan start.
Mapping instance GRS_INST/grs to START_324_2.
I: Clock statistic: 1 USCM.
solve clock designs takes 0.02 sec with memory (MB): curr = 511.699219, peak = 515.460938.
Mapping instance clkbufg_0/gopclkbufg to USCM_84_108:impl_uscm_rtb_a-USCM.
Mapping instance u_pll_50mhz/u_pll_e3/goppll to PLL_158_55.
Stage: after pre clock plan | Time (s): real = 0h:0m:9s ; cpu = 0h:0m:7s ; process = 0h:0m:9s | Memory (MB): curr = 511.843750 ; peak = 515.460938

Place location constraint node:clkbufg_0/gopclkbufg at USCM_84_108
Place location constraint node:u_pll_50mhz/u_pll_e3/goppll at PLL_158_55
DRCP Convert Loc Constraint successful.
Stage: after EP_DL | Time (s): real = 0h:0m:9s ; cpu = 0h:0m:7s ; process = 0h:0m:9s | Memory (MB): curr = 511.917969 ; peak = 515.460938 | Checksum: A5DCAE527306A86E


Stage 3 EP_FIP start.
DRCP Convert Loc Constraint successful.

Stage 3.1 fip global place start.
[GP] num_thread=0
I: Multithreading enabled for place using a maximum of 4 processes.
[GP] Placement Initial Method "Quad".
[GP] Placement Decongestion Mode "1".
[GP] Recovery Analysis in GP "Enable".
I: Loading Timing Delay Info...
I: Load Timing Delay Info successfully.
Init coarse delay table.
Read place coarse delay table takes 0.38 sec.
[GP] Init timing API takes 2.13 sec.
[GP] Init GP graph takes 2.20 sec.
Device graph total memory: 11.21274567 MB
[GP] Read position from netlist take 0 msec
[GP] Total node move: 22083.76, average node move: 93.58
First map gop timing takes 0.00 sec
[GP] SA handle 2 clusters.
[GP] SA init_cost = 64594.750000, final_cost = 64594.750000, final_cost/init_cost = 1.000000, occupied region_num = 2.
[GP] SA Optimize take time: 0.002000 sec.
[GP] Timing analysis take 0.006000 secs.
[GP] MarginTNSS=0, TNSS=0, WSS=13230
[GP] Place thread size: 4
[GP] Node size: 9414, net size: 394
[GP] Design graph total memory: 32.75162888 MB
[GP] Timing analysis take 0.006000 secs.
[GP] MarginTNSS=0, TNSS=0, WSS=13344
[GP] Step 0 take 0.066 secs: WL=1574.53 OF=0.534423
[GP] Timing analysis take 0.006000 secs.
[GP] MarginTNSS=0, TNSS=0, WSS=13382
[GP] Step 1 take 0.442 secs: WL=1618.52 OF=0.426655
[GP] Timing analysis take 0.007000 secs.
[GP] MarginTNSS=0, TNSS=0, WSS=13292
[GP] Step 2 take 0.470 secs: WL=1566.55 OF=0.362834
[GP] Timing analysis take 0.008000 secs.
[GP] MarginTNSS=0, TNSS=0, WSS=13570
[GP] Step 3 take 0.508 secs: WL=1539.59 OF=0.360641
[GP] Timing analysis take 0.007000 secs.
[GP] MarginTNSS=0, TNSS=0, WSS=13621
[GP] Step 4 take 0.521 secs: WL=1457.88 OF=0.349210
[GP] Timing analysis take 0.007000 secs.
[GP] MarginTNSS=0, TNSS=0, WSS=13521
[GP] Step 5 take 0.485 secs: WL=1437.49 OF=0.348241
[GP] Timing analysis take 0.007000 secs.
[GP] MarginTNSS=0, TNSS=0, WSS=13632
[GP] Step 6 take 0.450 secs: WL=1400.02 OF=0.268652
[GP] Timing analysis take 0.007000 secs.
[GP] MarginTNSS=0, TNSS=0, WSS=13510
[GP] Step 7 take 0.443 secs: WL=1421.20 OF=0.216687
[GP] Timing analysis take 0.008000 secs.
[GP] MarginTNSS=0, TNSS=0, WSS=13489
[GP] Step 8 take 0.445 secs: WL=1440.76 OF=0.164432
[GP] Timing analysis take 0.006000 secs.
[GP] MarginTNSS=0, TNSS=0, WSS=13251
[GP] Timing analysis take 0.006000 secs.
[GP] MarginTNSS=0, TNSS=0, WSS=13251
[GP] Step 9 take 0.456 secs: WL=1484.77 OF=0.099558
[GP] Timing analysis take 0.007000 secs.
[GP] MarginTNSS=0, TNSS=0, WSS=13255
[GP] Final best WL=1496.741411 OF=0.085913, totally takes 4.436000 secs, run timing analysis 13 times totally takes 0.088000 secs.
[GP] Total node move: 22943.85, average node move: 97.22
[GP] Placer use memory: 14.74525070 MB
Stage: after fip global place | Performance: WL = 1349 ; TNS =  0 ; WNS =  13255 | Time (s): real = 0h:0m:16s ; cpu = 0h:0m:13s ; process = 0h:0m:21s | Memory (MB): curr = 660.042969 ; peak = 676.210938 | Checksum: 7BE4DD00226EC

Flat initial placement flow takes 5.938.
Stage: after EP_FIP | Performance: WL = 1349 ; TNS =  0 ; WNS =  13255 | Time (s): real = 0h:0m:16s ; cpu = 0h:0m:13s ; process = 0h:0m:21s | Memory (MB): curr = 660.332031 ; peak = 676.210938 | Checksum: 7BE4DD00226EC


Stage 4 EP_CAGP start.

Stage 4.1 cagp site packing start.
Stage: after pack legalize group | Performance: avg_mov = 0.000000 ; max_mov = 0 ; mov_var = 0.000000
Stage: after cagp site packing | Performance: WL = 3216 | Time (s): real = 0h:0m:16s ; cpu = 0h:0m:13s ; process = 0h:0m:22s | Memory (MB): curr = 677.968750 ; peak = 684.156250 | Checksum: E857D90CC9529AC0


Stage 4.2 cagp macro placement start.
Stage: after cagp macro placement | Performance: WL = 3216 | Time (s): real = 0h:0m:16s ; cpu = 0h:0m:13s ; process = 0h:0m:22s | Memory (MB): curr = 678.394531 ; peak = 684.156250 | Checksum: E857D90CC9529AC0


Stage 4.3 post clock plan start.
pre solve all clock design takes 0.00 sec with memory (MB): curr = 678.468750, peak = 684.156250.
CRA timing analysis with worst slack 10730 takes 0.00 sec.
CRA cost 0 takes 0.00 sec.
solve all clock design takes 0.02 sec with memory (MB): curr = 679.093750, peak = 684.156250.
expand load region takes 0.00 sec.
Stage: after post clock plan | Time (s): real = 0h:0m:16s ; cpu = 0h:0m:13s ; process = 0h:0m:22s | Memory (MB): curr = 679.226562 ; peak = 684.156250

Movement during CRA, max : (0, 0) , total : (0, 0) , count : 0 , avg : (0, 0) .
Stage: after EP_CAGP | Performance: WL = 3216 ; TNS =  0 ; WNS =  10730 | Time (s): real = 0h:0m:16s ; cpu = 0h:0m:13s ; process = 0h:0m:22s | Memory (MB): curr = 679.332031 ; peak = 684.156250 | Checksum: CD9D5E568B887342


Stage 5 EP_DRCP start.

Stage 5.1 DRC Placement start.
DRC final successful.
Stage: after DRC Placement | Time (s): real = 0h:0m:16s ; cpu = 0h:0m:13s ; process = 0h:0m:22s | Memory (MB): curr = 679.898438 ; peak = 684.156250


Stage 5.2 IO Placement start.
The average distance in IO place is 0.000000.
Stage: after IO Placement | Time (s): real = 0h:0m:16s ; cpu = 0h:0m:13s ; process = 0h:0m:22s | Memory (MB): curr = 680.062500 ; peak = 684.156250

Stage: after EP_DRCP | Performance: WL = 3216 ; TNS =  0 ; WNS =  10730 | Time (s): real = 0h:0m:16s ; cpu = 0h:0m:13s ; process = 0h:0m:22s | Memory (MB): curr = 680.074219 ; peak = 684.156250 | Checksum: 6E3D6AA728E1A13F


Stage 6 EP_MP start.

Stage 6.1 macro place start.
The average distance of DRM is 0.000000, The max distance of DRM is 0.000000
Stage: after macro place | Performance: WL = 3216 | Time (s): real = 0h:0m:16s ; cpu = 0h:0m:13s ; process = 0h:0m:22s | Memory (MB): curr = 680.265625 ; peak = 684.156250 | Checksum: 7488FB729F6A455A


Stage 6.2 mp post global place start.
[GP] num_thread=0
I: Multithreading enabled for place using a maximum of 4 processes.
[GP] Init timing API takes 0.00 sec.
[GP] Init GP graph takes 0.01 sec.
Device graph total memory: 11.21843719 MB
[GP] Read position from netlist take 0 msec
[GP] Timing analysis take 0.032000 secs.
[GP] MarginTNSS=0, TNSS=0, WSS=10730
[GP] Place thread size: 4
[GP] Node size: 9160, net size: 377
[GP] Design graph total memory: 28.55596638 MB
[GP] Timing analysis take 0.006000 secs.
[GP] MarginTNSS=0, TNSS=0, WSS=12017
[GP] Step 0 take 0.034 secs: WL=2295.25 OF=0.223900
[GP] Timing analysis take 0.007000 secs.
[GP] MarginTNSS=0, TNSS=0, WSS=13290
[GP] Step 1 take 0.207 secs: WL=1469.42 OF=0.240705
[GP] Timing analysis take 0.006000 secs.
[GP] MarginTNSS=0, TNSS=0, WSS=13246
[GP] Step 2 take 0.209 secs: WL=1489.56 OF=0.181261
[GP] Timing analysis take 0.006000 secs.
[GP] MarginTNSS=0, TNSS=0, WSS=13431
[GP] Step 3 take 0.207 secs: WL=1512.37 OF=0.126306
[GP] Timing analysis take 0.007000 secs.
[GP] MarginTNSS=0, TNSS=0, WSS=13431
[GP] Final best WL=1537.497519 OF=0.082502, totally takes 0.846000 secs, run timing analysis 6 times totally takes 0.064000 secs.
[GP] Total node move: 572.46, average node move: 5.40
[GP] Placer use memory: 5.77699280 MB
Stage: after mp post global place | Performance: WL = 1406 ; TNS =  0 ; WNS =  13431 | Time (s): real = 0h:0m:17s ; cpu = 0h:0m:14s ; process = 0h:0m:24s | Memory (MB): curr = 677.781250 ; peak = 684.156250 | Checksum: 9C458AE8217166DD

MP flow takes 0.766.
Stage: after EP_MP | Performance: WL = 1406 ; TNS =  0 ; WNS =  13431 | Time (s): real = 0h:0m:17s ; cpu = 0h:0m:14s ; process = 0h:0m:24s | Memory (MB): curr = 677.785156 ; peak = 684.156250 | Checksum: 9C458AE8217166DD


Stage 7 EP_LP start.
Stage: after legalization | Performance: avg_mov = 0.039548 ; max_mov = 1 ; mov_var = 0.037984
Legalize placement flow takes 0.016.
Stage: after EP_LP | Performance: WL = 1417 ; TNS =  0 ; WNS =  13225 | Time (s): real = 0h:0m:17s ; cpu = 0h:0m:14s ; process = 0h:0m:24s | Memory (MB): curr = 680.507812 ; peak = 684.156250 | Checksum: 81CEDB3568989203


Stage 8 EP_DP start.
Stage: before DP | Performance: WL = 1417 ; TNS = 0 ; WNS = 13225
Stage: after DP | Performance: WL = 1417 ; TNS = 0 ; WNS = 13225
EP_DP takes 0 sec.
Stage: after EP_DP | Performance: WL = 1417 ; TNS =  0 ; WNS =  13225 | Time (s): real = 0h:0m:17s ; cpu = 0h:0m:14s ; process = 0h:0m:24s | Memory (MB): curr = 680.949219 ; peak = 684.156250 | Checksum: 81CEDB3568989203


Stage 9 EP_FP start.
AutoDRC Flow for Design Check After Place Start.
AutoDRC Flow for Design Check After Place End.
Stage: after EP_FP | Performance: WL = 1417 ; TNS =  0 ; WNS =  13225 | Time (s): real = 0h:0m:17s ; cpu = 0h:0m:14s ; process = 0h:0m:24s | Memory (MB): curr = 683.136719 ; peak = 684.234375 | Checksum: B72700434EB11A82


Congestion analysis started.
I: Start printing congestion info.
I: Finish printing congestion info.
Congestion analysis takes 0.12 sec.


Device Utilization Summary :
+----------------------------------------------------------------------------+
| Device Type                      | Used     | Available     | Util(%)     
+----------------------------------------------------------------------------+
| CLMA                             | 63       | 6450          | 1           
| + FF                             | 141      | 38700         | 1           
| + LUT                            | 158      | 25800         | 1           
|   + LUT as Logic                 | 158      |               |             
|   + LUT as Const                 | 0        |               |             
|   + LUT as Bypass                | 0        |               |             
| CLMS                             | 30       | 4250          | 1           
| + FF                             | 78       | 25500         | 1           
| + LUT                            | 79       | 17000         | 1           
|   + LUT as Logic                 | 79       |               |             
|   + LUT as Memory                | 0        |               |             
|     + LUT as Distributed RAM     | 0        |               |             
|   + LUT as Const                 | 0        |               |             
|   + LUT as Bypass                | 0        |               |             
| IO                               | 20       | 296           | 7           
| + IOBD                           | 5        | 64            | 8           
| + IOBR_LR                        | 0        | 7             | 0           
| + IOBR_TB                        | 1        | 8             | 13          
| + IOBS_LR                        | 9        | 161           | 6           
| + IOBS_TB                        | 5        | 56            | 9           
| APM                              | 0        | 84            | 0           
| BKCL                             | 3        | 4             | 75          
| CRYSTAL                          | 0        | 2             | 0           
| DLL                              | 0        | 10            | 0           
| DQSL                             | 0        | 18            | 0           
| DRM                              | 2        | 134           | 2           
| FUSECODE                         | 0        | 1             | 0           
| HARD0N1                          | 0        | 6672          | 0           
| HSST                             | 0        | 1             | 0           
| IOCKDIV                          | 0        | 20            | 0           
| IOCKDLY                          | 0        | 40            | 0           
| IOCKGATE                         | 0        | 20            | 0           
| + IOCKGATE as Bypass             | 0        |               |             
| IOL                              | 20       | 400           | 5           
| IPAL                             | 0        | 1             | 0           
| LDO                              | 0        | 4             | 0           
| OSC                              | 0        | 1             | 0           
| PCIE                             | 0        | 1             | 0           
| PLL                              | 1        | 5             | 20          
| RCKB                             | 0        | 24            | 0           
| + RCKB as Bypass                 | 0        |               |             
| RESCAL                           | 0        | 4             | 0           
| SCANCHAIN                        | 0        | 2             | 0           
| START                            | 1        | 1             | 100         
| UDID                             | 0        | 1             | 0           
| USCM                             | 1        | 30            | 4           
| + USCM as Bypass                 | 0        |               |             
+----------------------------------------------------------------------------+

Total placement takes 9.97 sec.
Finished placement.
Design 'i2c_eeprom_top' has been placed successfully.
Action place: Real time elapsed is 0h:0m:18s
Action place: CPU time elapsed is 0h:0m:14s
Action place: Process CPU time elapsed is 0h:0m:25s
Action place: Peak memory pool usage is 761 MB

Current time: Wed Sep 23 20:14:22 2026
