#Build: Fabric Compiler 2025.2, Build 211867, Jan 16 16:10 2026
#Install: E:\work\pango\PDS_2025.2-ads\bin
#Application name: pds_shell.exe
#OS: Windows 11 10.0.26200
#CPU: Unknown
#RAM(GB): 32
#Hostname: dionirpyC
#Generated by Fabric Compiler (version 2025.2 build 211867) at Wed Sep 23 20:14:24 2026
Parameters for debugging are loaded as follows:
Compiling verification operator library.
Compiling vendor parameter file.
Compiling common defs.
Compiling prim grid devices.
Compiling place grid timing.
Compiling gate devices.
Compiling gate operators.
Compiling gate operators impls.
Building architecture model.
Loading device packaging model.
Building architecture floorplan logic view.
Elaborate the liberty model.
I: Multithreading enabled for Timing using a maximum of 4 processes.

Routing started.
Build routing arch for double attribute device.
Enter timing driven router mode.
I: Multithreading enabled for route using a maximum of 6 processes.
Building routing graph takes 1.75 sec.
Enable Recovery Analysis in Routing
Init coarse delay table.
I: Loading Timing Delay Info...
I: Load Timing Delay Info successfully.
Read place coarse delay table takes 0.41 sec.
build place dedicate switch graph takes 1.73 sec
Setup STE netlist take 2420 msec.
Slack Weight : 90
CE/RS signal series limit : 500
Dispose control chain take 17 msec.
Collect const net info take 49 msec.
Total nets for routing: 387.
Total loads for routing: 1542.
Direct connect net size: 99
Build all design net take 37 msec.
Processing design graph takes 2.53 sec.
Route info is not supported in this chip.
Delay table total memory: 40.33696175 MB
Route graph total memory: 74.29038715 MB
Route design total memory: 1.38442612 MB
The remaining process takes 0.02 sec.
Stage: after context initialize | Time (s): real = 0h:0m:12s ; cpu = 0h:0m:10s ; process = 0h:0m:12s | Memory (MB): curr = 675.769531 ; peak = 713.101562 | Checksum: 69A3E636A351B30B
Global routing takes 0.00 sec.
Pin Cost Increasing Speed 300
Unrouted clock nets at iteration 0 (0.001 sec): 0
Stage: after clock route | Time (s): real = 0h:0m:12s ; cpu = 0h:0m:10s ; process = 0h:0m:12s | Memory (MB): curr = 676.617188 ; peak = 713.101562 | Checksum: 53C9D42AFCDA25E3
Total route nets size: 381
Pre route takes 0.126 sec
Stage: after pre route | Performance: TNS = 0 ; WNS = 13647 ; THS = 0 ; WHS = 176 | Time (s): real = 0h:0m:13s ; cpu = 0h:0m:10s ; process = 0h:0m:12s | Memory (MB): curr = 688.796875 ; peak = 713.101562 | Checksum: 421B2DA1AF9E3127
Unrouted general nets at iteration 3 (MT total route time: 0.047 sec): 262(overused: 952)
Unrouted general nets at iteration 4 (MT total route time: 0.023 sec): 186(overused: 593)
Unrouted general nets at iteration 5 (MT total route time: 0.022 sec): 150(overused: 387)
Unrouted general nets at iteration 6 (MT total route time: 0.014 sec): 94(overused: 212)
Unrouted general nets at iteration 7 (MT total route time: 0.010 sec): 58(overused: 128)
Unrouted general nets at iteration 8 (MT total route time: 0.006 sec): 34(overused: 59)
Unrouted general nets at iteration 9 (MT total route time: 0.004 sec): 17(overused: 35)
Unrouted general nets at iteration 10 (MT total route time: 0.005 sec): 6(overused: 6)
Unrouted general nets at iteration 11 (MT total route time: 0.004 sec): 4(overused: 4)
Unrouted general nets at iteration 12 (MT total route time: 0.001 sec): 2(overused: 2)
Unrouted general nets at iteration 13 (MT total route time: 0.001 sec): 0(overused: 0)
----General net take 0.001 sec(route net take 0.000 sec, inc cost take 0.001 sec, iter times: 1)
----const net route take 0.002 sec
Unrouted nets at iteration 14 (0.004 sec): 0
Stage: after detail route | Performance: TNS = 0 ; WNS = 12510 ; THS = NA ; WHS = NA | Time (s): real = 0h:0m:13s ; cpu = 0h:0m:10s ; process = 0h:0m:13s | Memory (MB): curr = 691.402344 ; peak = 713.101562 | Checksum: 7B6835CEF9A2D2C8
Begin rip-up and reroute:
Rip-up and reroute takes 0.01 sec.
Stage: after ripup & reroute | Performance: TNS = 0 ; WNS = 12510 ; THS = NA ; WHS = NA | Time (s): real = 0h:0m:13s ; cpu = 0h:0m:10s ; process = 0h:0m:13s | Memory (MB): curr = 692.539062 ; peak = 713.101562 | Checksum: 7B6835CEF9A2D2C8
Detailed routing takes 0.70 sec.
Sort Original Nets take 0.002 sec
Check HPIO div result take 0.000 sec
Total net: 387, route succeed net: 387
Generate routing result take 0.001 sec
Handle PERMUX permutation take 0.013 sec
Handle const net take 0.002 sec
Handle route through take 0.004 sec
Used SRB routing arc is 2820.
Stage: after finish route | Performance: TNS = 0 ; WNS = 12510 ; THS = NA ; WHS = NA | Time (s): real = 0h:0m:13s ; cpu = 0h:0m:10s ; process = 0h:0m:13s | Memory (MB): curr = 667.929688 ; peak = 713.101562 | Checksum: E7241AA4B10D9244
Finish routing takes 0.12 sec.
Total routing takes 5.23 sec.

Device Utilization Summary :
+----------------------------------------------------------------------------+
| Device Type                      | Used     | Available     | Util(%)     
+----------------------------------------------------------------------------+
| CLMA                             | 94       | 6450          | 2           
| + FF                             | 141      | 38700         | 1           
| + LUT                            | 247      | 25800         | 1           
|   + LUT as Logic                 | 158      |               |             
|   + LUT as Const                 | 89       |               |             
|   + LUT as Bypass                | 0        |               |             
| CLMS                             | 32       | 4250          | 1           
| + FF                             | 78       | 25500         | 1           
| + LUT                            | 81       | 17000         | 1           
|   + LUT as Logic                 | 79       |               |             
|   + LUT as Memory                | 0        |               |             
|     + LUT as Distributed RAM     | 0        |               |             
|   + LUT as Const                 | 2        |               |             
|   + LUT as Bypass                | 0        |               |             
| IO                               | 20       | 296           | 7           
| + IOBD                           | 5        | 64            | 8           
| + IOBR_LR                        | 0        | 7             | 0           
| + IOBR_TB                        | 1        | 8             | 13          
| + IOBS_LR                        | 9        | 161           | 6           
| + IOBS_TB                        | 5        | 56            | 9           
| APM                              | 0        | 84            | 0           
| BKCL                             | 3        | 4             | 75          
| CRYSTAL                          | 0        | 2             | 0           
| DLL                              | 0        | 10            | 0           
| DQSL                             | 0        | 18            | 0           
| DRM                              | 2        | 134           | 2           
| FUSECODE                         | 0        | 1             | 0           
| HARD0N1                          | 12       | 6672          | 1           
| HSST                             | 0        | 1             | 0           
| IOCKDIV                          | 0        | 20            | 0           
| IOCKDLY                          | 0        | 40            | 0           
| IOCKGATE                         | 0        | 20            | 0           
| + IOCKGATE as Bypass             | 0        |               |             
| IOL                              | 20       | 400           | 5           
| IPAL                             | 0        | 1             | 0           
| LDO                              | 0        | 4             | 0           
| OSC                              | 0        | 1             | 0           
| PCIE                             | 0        | 1             | 0           
| PLL                              | 1        | 5             | 20          
| RCKB                             | 0        | 24            | 0           
| + RCKB as Bypass                 | 0        |               |             
| RESCAL                           | 0        | 4             | 0           
| SCANCHAIN                        | 0        | 2             | 0           
| START                            | 1        | 1             | 100         
| UDID                             | 0        | 1             | 0           
| USCM                             | 1        | 30            | 4           
| + USCM as Bypass                 | 0        |               |             
+----------------------------------------------------------------------------+

Finished routing. (CPU time elapsed 0h:00m:11s)
Design 'i2c_eeprom_top' has been routed successfully.
Saving design to DB.
Action Route: Export DB successfully.
Action route: Real time elapsed is 0h:0m:13s
Action route: CPU time elapsed is 0h:0m:11s
Action route: Process CPU time elapsed is 0h:0m:13s
Action route: Peak memory pool usage is 713 MB

Current time: Wed Sep 23 20:14:35 2026
