#Build: Fabric Compiler 2025.2, Build 211867, Jan 16 16:10 2026
#Install: E:\work\pango\PDS_2025.2-ads\bin
#Application name: pds_shell.exe
#OS: Windows 11 10.0.26200
#CPU: Unknown
#RAM(GB): 32
#Hostname: dionirpyC
#Generated by Fabric Compiler (version 2025.2 build 211867) at Tue Sep 22 18:39:52 2026
Parameters for debugging are loaded as follows:
Compiling verification operator library.
Compiling vendor parameter file.
Compiling common defs.
Compiling prim grid devices.
Compiling place grid timing.
Compiling gate devices.
Compiling gate operators.
Compiling gate operators impls.
Building architecture model.
Loading device packaging model.
Building architecture floorplan logic view.
Elaborate the liberty model.
I: Multithreading enabled for Timing using a maximum of 4 processes.

Routing started.
Build routing arch for double attribute device.
Enter timing driven router mode.
I: Multithreading enabled for route using a maximum of 6 processes.
Building routing graph takes 1.72 sec.
Enable Recovery Analysis in Routing
Init coarse delay table.
I: Loading Timing Delay Info...
I: Load Timing Delay Info successfully.
Read place coarse delay table takes 0.34 sec.
build place dedicate switch graph takes 1.73 sec
Setup STE netlist take 2322 msec.
Slack Weight : 90
CE/RS signal series limit : 500
Dispose control chain take 10 msec.
Collect const net info take 36 msec.
Total nets for routing: 201.
Total loads for routing: 969.
Direct connect net size: 76
Build all design net take 27 msec.
Processing design graph takes 2.40 sec.
Route info is not supported in this chip.
Delay table total memory: 40.33622932 MB
Route graph total memory: 74.24142933 MB
Route design total memory: 1.26137161 MB
The remaining process takes 0.01 sec.
Stage: after context initialize | Time (s): real = 0h:0m:11s ; cpu = 0h:0m:9s ; process = 0h:0m:11s | Memory (MB): curr = 661.726562 ; peak = 699.492188 | Checksum: C5E181345036C915
Global routing takes 0.00 sec.
Pin Cost Increasing Speed 300
Unrouted clock nets at iteration 0 (0.001 sec): 0
Stage: after clock route | Time (s): real = 0h:0m:11s ; cpu = 0h:0m:9s ; process = 0h:0m:11s | Memory (MB): curr = 662.621094 ; peak = 699.492188 | Checksum: 22526C7EF01C9C4F
Total route nets size: 195
Pre route takes 0.089 sec
Stage: after pre route | Performance: TNS = 0 ; WNS = 15562 ; THS = 0 ; WHS = 247 | Time (s): real = 0h:0m:12s ; cpu = 0h:0m:9s ; process = 0h:0m:11s | Memory (MB): curr = 671.367188 ; peak = 699.492188 | Checksum: 11C745828A988FF8
Unrouted general nets at iteration 3 (MT total route time: 0.035 sec): 146(overused: 804)
Unrouted general nets at iteration 4 (MT total route time: 0.032 sec): 127(overused: 562)
Unrouted general nets at iteration 5 (MT total route time: 0.026 sec): 94(overused: 357)
Unrouted general nets at iteration 6 (MT total route time: 0.020 sec): 66(overused: 212)
Unrouted general nets at iteration 7 (MT total route time: 0.019 sec): 42(overused: 127)
Unrouted general nets at iteration 8 (MT total route time: 0.006 sec): 24(overused: 57)
Unrouted general nets at iteration 9 (MT total route time: 0.005 sec): 13(overused: 28)
Unrouted general nets at iteration 10 (MT total route time: 0.002 sec): 5(overused: 10)
Unrouted general nets at iteration 11 (MT total route time: 0.001 sec): 4(overused: 8)
Unrouted general nets at iteration 12 (MT total route time: 0.001 sec): 2(overused: 2)
Unrouted general nets at iteration 13 (MT total route time: 0.001 sec): 2(overused: 2)
Unrouted general nets at iteration 14 (MT total route time: 0.001 sec): 0(overused: 0)
----General net take 0.000 sec(route net take 0.000 sec, inc cost take 0.000 sec, iter times: 1)
----const net route take 0.001 sec
Unrouted nets at iteration 15 (0.002 sec): 0
Stage: after detail route | Performance: TNS = 0 ; WNS = 15367 ; THS = NA ; WHS = NA | Time (s): real = 0h:0m:12s ; cpu = 0h:0m:9s ; process = 0h:0m:12s | Memory (MB): curr = 672.699219 ; peak = 699.492188 | Checksum: E3122BD28EF15B37
Begin rip-up and reroute:
Rip-up and reroute takes 0.01 sec.
Stage: after ripup & reroute | Performance: TNS = 0 ; WNS = 15367 ; THS = NA ; WHS = NA | Time (s): real = 0h:0m:12s ; cpu = 0h:0m:9s ; process = 0h:0m:12s | Memory (MB): curr = 673.300781 ; peak = 699.492188 | Checksum: 3DE7D9A07DA982CA
Detailed routing takes 0.66 sec.
Sort Original Nets take 0.002 sec
Check HPIO div result take 0.000 sec
Total net: 201, route succeed net: 201
Generate routing result take 0.001 sec
Handle PERMUX permutation take 0.011 sec
Handle const net take 0.002 sec
Handle route through take 0.002 sec
Used SRB routing arc is 1790.
Stage: after finish route | Performance: TNS = 0 ; WNS = 15367 ; THS = NA ; WHS = NA | Time (s): real = 0h:0m:12s ; cpu = 0h:0m:10s ; process = 0h:0m:12s | Memory (MB): curr = 648.562500 ; peak = 699.492188 | Checksum: F463B7B7AD6D2192
Finish routing takes 0.12 sec.
Total routing takes 5.01 sec.

Device Utilization Summary :
+----------------------------------------------------------------------------+
| Device Type                      | Used     | Available     | Util(%)     
+----------------------------------------------------------------------------+
| CLMA                             | 51       | 6450          | 1           
| + FF                             | 91       | 38700         | 1           
| + LUT                            | 158      | 25800         | 1           
|   + LUT as Logic                 | 111      |               |             
|   + LUT as Const                 | 47       |               |             
|   + LUT as Bypass                | 0        |               |             
| CLMS                             | 23       | 4250          | 1           
| + FF                             | 35       | 25500         | 1           
| + LUT                            | 56       | 17000         | 1           
|   + LUT as Logic                 | 47       |               |             
|   + LUT as Memory                | 0        |               |             
|     + LUT as Distributed RAM     | 0        |               |             
|   + LUT as Const                 | 7        |               |             
|   + LUT as Bypass                | 2        |               |             
| IO                               | 20       | 296           | 7           
| + IOBD                           | 5        | 64            | 8           
| + IOBR_LR                        | 0        | 7             | 0           
| + IOBR_TB                        | 1        | 8             | 13          
| + IOBS_LR                        | 9        | 161           | 6           
| + IOBS_TB                        | 5        | 56            | 9           
| APM                              | 0        | 84            | 0           
| BKCL                             | 3        | 4             | 75          
| CRYSTAL                          | 0        | 2             | 0           
| DLL                              | 0        | 10            | 0           
| DQSL                             | 0        | 18            | 0           
| DRM                              | 0        | 134           | 0           
| FUSECODE                         | 0        | 1             | 0           
| HARD0N1                          | 3        | 6672          | 1           
| HSST                             | 0        | 1             | 0           
| IOCKDIV                          | 0        | 20            | 0           
| IOCKDLY                          | 0        | 40            | 0           
| IOCKGATE                         | 0        | 20            | 0           
| + IOCKGATE as Bypass             | 0        |               |             
| IOL                              | 20       | 400           | 5           
| IPAL                             | 0        | 1             | 0           
| LDO                              | 0        | 4             | 0           
| OSC                              | 0        | 1             | 0           
| PCIE                             | 0        | 1             | 0           
| PLL                              | 1        | 5             | 20          
| RCKB                             | 0        | 24            | 0           
| + RCKB as Bypass                 | 0        |               |             
| RESCAL                           | 0        | 4             | 0           
| SCANCHAIN                        | 0        | 2             | 0           
| START                            | 1        | 1             | 100         
| UDID                             | 0        | 1             | 0           
| USCM                             | 1        | 30            | 4           
| + USCM as Bypass                 | 0        |               |             
+----------------------------------------------------------------------------+

Finished routing. (CPU time elapsed 0h:00m:10s)
Design 'i2c_eeprom_top' has been routed successfully.
Saving design to DB.
Action Route: Export DB successfully.
Action route: Real time elapsed is 0h:0m:12s
Action route: CPU time elapsed is 0h:0m:10s
Action route: Process CPU time elapsed is 0h:0m:12s
Action route: Peak memory pool usage is 699 MB

Current time: Tue Sep 22 18:40:02 2026
