#Build: Fabric Compiler 2025.2, Build 211867, Jan 16 16:10 2026
#Install: E:\work\pango\PDS_2025.2-ads\bin
#Application name: pds_shell.exe
#OS: Windows 11 10.0.26200
#CPU: Unknown
#RAM(GB): 32
#Hostname: dionirpyC
#Generated by Fabric Compiler (version 2025.2 build 211867) at Sat Sep 19 16:34:13 2026
Parameters for debugging are loaded as follows:
Compiling verification operator library.
Compiling vendor parameter file.
Compiling common defs.
Compiling prim grid devices.
Compiling place grid timing.
Compiling gate devices.
Compiling gate operators.
Compiling gate operators impls.
Building architecture model.
Loading device packaging model.
Building architecture floorplan logic view.
Constraint check start.
W: ConstraintEditor-4042: Port 'led_out[0]' lacks attribute 'SLEW', it's better to set the attribute for port.
W: ConstraintEditor-4042: Port 'led_out[0]' lacks attribute 'DRIVE', it's better to set the attribute for port.
W: ConstraintEditor-4042: Port 'led_out[0]' lacks attribute 'BUS_KEEPER', it's better to set the attribute for port.
W: ConstraintEditor-4042: Port 'led_out[1]' lacks attribute 'SLEW', it's better to set the attribute for port.
W: ConstraintEditor-4042: Port 'led_out[1]' lacks attribute 'DRIVE', it's better to set the attribute for port.
W: ConstraintEditor-4042: Port 'led_out[1]' lacks attribute 'BUS_KEEPER', it's better to set the attribute for port.
W: ConstraintEditor-4042: Port 'led_out[2]' lacks attribute 'SLEW', it's better to set the attribute for port.
W: ConstraintEditor-4042: Port 'led_out[2]' lacks attribute 'DRIVE', it's better to set the attribute for port.
W: ConstraintEditor-4042: Port 'led_out[2]' lacks attribute 'BUS_KEEPER', it's better to set the attribute for port.
W: ConstraintEditor-4042: Port 'led_out[3]' lacks attribute 'SLEW', it's better to set the attribute for port.
W: ConstraintEditor-4042: Port 'led_out[3]' lacks attribute 'DRIVE', it's better to set the attribute for port.
W: ConstraintEditor-4042: Port 'led_out[3]' lacks attribute 'BUS_KEEPER', it's better to set the attribute for port.
W: ConstraintEditor-4042: Port 'led_out[4]' lacks attribute 'SLEW', it's better to set the attribute for port.
W: ConstraintEditor-4042: Port 'led_out[4]' lacks attribute 'DRIVE', it's better to set the attribute for port.
W: ConstraintEditor-4042: Port 'led_out[4]' lacks attribute 'BUS_KEEPER', it's better to set the attribute for port.
W: ConstraintEditor-4042: Port 'led_out[5]' lacks attribute 'SLEW', it's better to set the attribute for port.
W: ConstraintEditor-4042: Port 'led_out[5]' lacks attribute 'DRIVE', it's better to set the attribute for port.
W: ConstraintEditor-4042: Port 'led_out[5]' lacks attribute 'BUS_KEEPER', it's better to set the attribute for port.
W: ConstraintEditor-4042: Port 'led_out[6]' lacks attribute 'SLEW', it's better to set the attribute for port.
W: ConstraintEditor-4042: Port 'led_out[6]' lacks attribute 'DRIVE', it's better to set the attribute for port.
W: ConstraintEditor-4042: Port 'led_out[6]' lacks attribute 'BUS_KEEPER', it's better to set the attribute for port.
W: ConstraintEditor-4042: Port 'led_out[7]' lacks attribute 'SLEW', it's better to set the attribute for port.
W: ConstraintEditor-4042: Port 'led_out[7]' lacks attribute 'DRIVE', it's better to set the attribute for port.
W: ConstraintEditor-4042: Port 'led_out[7]' lacks attribute 'BUS_KEEPER', it's better to set the attribute for port.
W: ConstraintEditor-4042: Port 'uart_tx' lacks attribute 'SLEW', it's better to set the attribute for port.
W: ConstraintEditor-4042: Port 'uart_tx' lacks attribute 'DRIVE', it's better to set the attribute for port.
W: ConstraintEditor-4042: Port 'key_in[0]' lacks attribute 'BUS_KEEPER', it's better to set the attribute for port.
W: ConstraintEditor-4040: [E:/code/PangoWork/Works/uart/prj_tasks/pnr_1/device_map/uart_rx_top.pcf(line number: 12)] Port key_in[0] has been placed at location K18, whose type is share pin.
W: ConstraintEditor-4042: Port 'key_in[1]' lacks attribute 'BUS_KEEPER', it's better to set the attribute for port.
W: ConstraintEditor-4042: Port 'key_in[2]' lacks attribute 'BUS_KEEPER', it's better to set the attribute for port.
W: ConstraintEditor-4042: Port 'key_in[3]' lacks attribute 'BUS_KEEPER', it's better to set the attribute for port.
W: ConstraintEditor-4042: Port 'key_in[4]' lacks attribute 'BUS_KEEPER', it's better to set the attribute for port.
W: ConstraintEditor-4042: Port 'key_in[5]' lacks attribute 'BUS_KEEPER', it's better to set the attribute for port.
W: ConstraintEditor-4040: [E:/code/PangoWork/Works/uart/prj_tasks/pnr_1/device_map/uart_rx_top.pcf(line number: 17)] Port key_in[5] has been placed at location J19, whose type is share pin.
W: ConstraintEditor-4042: Port 'key_in[6]' lacks attribute 'BUS_KEEPER', it's better to set the attribute for port.
W: ConstraintEditor-4040: [E:/code/PangoWork/Works/uart/prj_tasks/pnr_1/device_map/uart_rx_top.pcf(line number: 18)] Port key_in[6] has been placed at location H20, whose type is share pin.
W: ConstraintEditor-4042: Port 'key_in[7]' lacks attribute 'BUS_KEEPER', it's better to set the attribute for port.
W: ConstraintEditor-4040: [E:/code/PangoWork/Works/uart/prj_tasks/pnr_1/device_map/uart_rx_top.pcf(line number: 20)] Port rst_n has been placed at location AB13, whose type is share pin.
C: ConstraintEditor-2022: There are some ports' attributes are set to default value, please read [E:/code/PangoWork/Works/uart/prj_tasks/pnr_1/place_route/ports_defalut_attribute.txt(line number:0)] to confirm.
Found 0 error(s), 1 critical warning(s), 38 warning(s), out of 20 constraint(s)
Constraint check end.
Total time(hh:mm:ss) of constraint check : 00:00:00
Elaborate the liberty model.
I: Multithreading enabled for Timing using a maximum of 4 processes.
Placement started. Type: EP_COMMON_FLOW.

Stage 1 EP_INIT start.
Stage: after EP_INIT | Time (s): real = 0h:0m:6s ; cpu = 0h:0m:4s ; process = 0h:0m:6s | Memory (MB): curr = 429.363281 ; peak = 430.218750 | Checksum: 479FA89A8C6E6141

Design Layer Utilization:
	LUT: 0.091%
	FF: 0.081%
	IO: 5.722%

Stage 2 EP_DL start.
build place dedicate switch graph takes 1.48 sec
Place location constraint group with base node:key_in_ibuf[0]/opit_1 at IOL_327_257
Place location constraint group with base node:key_in_ibuf[1]/opit_1 at IOL_327_134
Place location constraint group with base node:key_in_ibuf[2]/opit_1 at IOL_327_297
Place location constraint group with base node:key_in_ibuf[3]/opit_1 at IOL_327_133
Place location constraint group with base node:key_in_ibuf[4]/opit_1 at IOL_327_298
Place location constraint group with base node:key_in_ibuf[5]/opit_1 at IOL_327_262
Place location constraint group with base node:key_in_ibuf[6]/opit_1 at IOL_327_261
Place location constraint group with base node:key_in_ibuf[7]/opit_1 at IOL_327_365
Place location constraint group with base node:led_out_obuf[0]/opit_1 at IOL_19_374
Place location constraint group with base node:led_out_obuf[1]/opit_1 at IOL_19_373
Place location constraint group with base node:led_out_obuf[2]/opit_1 at IOL_35_374
Place location constraint group with base node:led_out_obuf[3]/opit_1 at IOL_35_373
Place location constraint group with base node:led_out_obuf[4]/opit_1 at IOL_67_374
Place location constraint group with base node:led_out_obuf[5]/opit_1 at IOL_67_373
Place location constraint group with base node:led_out_obuf[6]/opit_1 at IOL_47_374
Place location constraint group with base node:led_out_obuf[7]/opit_1 at IOL_47_373
Place location constraint group with base node:rst_n_ibuf/opit_1 at IOL_167_5
Place location constraint group with base node:sys_clk_50mhz_ibuf/opit_1 at IOL_327_210
Place location constraint group with base node:uart_rx_ibuf/opit_1 at IOL_43_5
Place location constraint group with base node:uart_tx_obuf/opit_1 at IOL_43_6
Place location constraint node:BKCL_auto_0 at BKCL_188_376
Place location constraint node:BKCL_auto_1 at BKCL_328_184
Place location constraint node:BKCL_auto_2 at BKCL_192_0
DRCP Convert Loc Constraint successful.

Stage 2.1 pre clock plan start.
Mapping instance GRS_INST/grs to START_324_2.
I: Clock statistic: 2 USCM.
solve clock designs takes 0.02 sec with memory (MB): curr = 499.312500, peak = 507.671875.
Mapping instance clkbufg_0/gopclkbufg to USCM_84_108:impl_uscm_rtb_a-USCM.
Mapping instance clkbufg_1/gopclkbufg to USCM_84_109:impl_uscm_rtb_a-USCM.
Mapping instance u_pll_50mhz/u_pll_e3/goppll to PLL_158_55.
Stage: after pre clock plan | Time (s): real = 0h:0m:7s ; cpu = 0h:0m:5s ; process = 0h:0m:7s | Memory (MB): curr = 499.453125 ; peak = 507.671875

Place location constraint node:clkbufg_0/gopclkbufg at USCM_84_108
Place location constraint node:clkbufg_1/gopclkbufg at USCM_84_109
Place location constraint node:u_pll_50mhz/u_pll_e3/goppll at PLL_158_55
DRCP Convert Loc Constraint successful.
Stage: after EP_DL | Time (s): real = 0h:0m:7s ; cpu = 0h:0m:5s ; process = 0h:0m:7s | Memory (MB): curr = 499.496094 ; peak = 507.671875 | Checksum: 7CEEB3DADE0B148F


Stage 3 EP_FIP start.
DRCP Convert Loc Constraint successful.

Stage 3.1 fip global place start.
[GP] num_thread=0
I: Multithreading enabled for place using a maximum of 4 processes.
[GP] Placement Initial Method "Quad".
[GP] Placement Decongestion Mode "1".
[GP] Recovery Analysis in GP "Enable".
I: Loading Timing Delay Info...
I: Load Timing Delay Info successfully.
Init coarse delay table.
Read place coarse delay table takes 0.33 sec.
[GP] Init timing API takes 1.58 sec.
[GP] Init GP graph takes 1.63 sec.
Device graph total memory: 11.11877823 MB
[GP] Read position from netlist take 0 msec
[GP] Total node move: 5796.53, average node move: 93.49
First map gop timing takes 0.00 sec
[GP] SA handle 2 clusters.
[GP] SA init_cost = 29340.750000, final_cost = 29340.750000, final_cost/init_cost = 1.000000, occupied region_num = 2.
[GP] SA Optimize take time: 0.001000 sec.
[GP] Timing analysis take 0.002000 secs.
[GP] MarginTNSS=-26320, TNSS=-10320, WSS=-700
[GP] Place thread size: 4
[GP] Node size: 9169, net size: 73
[GP] Design graph total memory: 26.23805523 MB
[GP] Timing analysis take 0.003000 secs.
[GP] MarginTNSS=-27958, TNSS=-11958, WSS=-817
[GP] Step 0 take 0.021 secs: WL=820.96 OF=0.463710
[GP] Timing analysis take 0.003000 secs.
[GP] MarginTNSS=-28536, TNSS=-12536, WSS=-860
[GP] Step 1 take 0.136 secs: WL=699.77 OF=0.623403
[GP] Timing analysis take 0.003000 secs.
[GP] MarginTNSS=-28235, TNSS=-12235, WSS=-860
[GP] Step 2 take 0.138 secs: WL=661.68 OF=0.629727
[GP] Timing analysis take 0.003000 secs.
[GP] MarginTNSS=-28375, TNSS=-12375, WSS=-860
[GP] Step 3 take 0.140 secs: WL=601.10 OF=0.544344
[GP] Timing analysis take 0.003000 secs.
[GP] MarginTNSS=-28516, TNSS=-12516, WSS=-883
[GP] Step 4 take 0.144 secs: WL=518.74 OF=0.387525
[GP] Timing analysis take 0.003000 secs.
[GP] MarginTNSS=-27256, TNSS=-11256, WSS=-817
[GP] Step 5 take 0.142 secs: WL=459.07 OF=0.261482
[GP] Timing analysis take 0.003000 secs.
[GP] MarginTNSS=-27508, TNSS=-11508, WSS=-852
[GP] Step 6 take 0.136 secs: WL=435.78 OF=0.191899
[GP] Timing analysis take 0.003000 secs.
[GP] MarginTNSS=-27118, TNSS=-11118, WSS=-817
[GP] Step 7 take 0.137 secs: WL=441.62 OF=0.118207
[GP] Timing analysis take 0.003000 secs.
[GP] MarginTNSS=-26774, TNSS=-10774, WSS=-707
[GP] Step 8 take 0.131 secs: WL=446.57 OF=0.071108
[GP] Timing analysis take 0.003000 secs.
[GP] MarginTNSS=-27340, TNSS=-11340, WSS=-817
[GP] Step 9 take 0.140 secs: WL=449.48 OF=0.037819
[GP] Timing analysis take 0.003000 secs.
[GP] MarginTNSS=-26774, TNSS=-10774, WSS=-707
[GP] Final best WL=447.807082 OF=0.066229, totally takes 1.281000 secs, run timing analysis 12 times totally takes 0.035000 secs.
[GP] Total node move: 8243.57, average node move: 132.96
[GP] Placer use memory: 5.61750317 MB
Stage: after fip global place | Performance: WL = 334 ; TNS = -10774 ; WNS = -707 | Time (s): real = 0h:0m:10s ; cpu = 0h:0m:8s ; process = 0h:0m:11s | Memory (MB): curr = 635.082031 ; peak = 662.832031 | Checksum: B611F78E473B4B65

Flat initial placement flow takes 2.562.
Stage: after EP_FIP | Performance: WL = 334 ; TNS = -10774 ; WNS = -707 | Time (s): real = 0h:0m:11s ; cpu = 0h:0m:8s ; process = 0h:0m:11s | Memory (MB): curr = 635.613281 ; peak = 662.832031 | Checksum: B611F78E473B4B65


Stage 4 EP_CAGP start.

Stage 4.1 cagp site packing start.
Stage: after pack legalize group | Performance: avg_mov = 0.000000 ; max_mov = 0 ; mov_var = 0.000000
Stage: after cagp site packing | Performance: WL = 790 | Time (s): real = 0h:0m:11s ; cpu = 0h:0m:8s ; process = 0h:0m:12s | Memory (MB): curr = 651.699219 ; peak = 662.832031 | Checksum: 1308CE487FA7F867


Stage 4.2 cagp macro placement start.
Stage: after cagp macro placement | Performance: WL = 790 | Time (s): real = 0h:0m:11s ; cpu = 0h:0m:8s ; process = 0h:0m:12s | Memory (MB): curr = 651.781250 ; peak = 662.832031 | Checksum: 1308CE487FA7F867


Stage 4.3 post clock plan start.
pre solve all clock design takes 0.00 sec with memory (MB): curr = 651.890625, peak = 662.832031.
CRA timing analysis with worst slack -1336 takes 0.00 sec.
CRA cost 0 takes 0.00 sec.
solve all clock design takes 0.02 sec with memory (MB): curr = 652.484375, peak = 662.832031.
expand load region takes 0.00 sec.
Stage: after post clock plan | Time (s): real = 0h:0m:11s ; cpu = 0h:0m:8s ; process = 0h:0m:12s | Memory (MB): curr = 652.609375 ; peak = 662.832031

Movement during CRA, max : (0, 0) , total : (0, 0) , count : 0 , avg : (0, 0) .
Stage: after EP_CAGP | Performance: WL = 790 ; TNS = -17147 ; WNS = -1336 | Time (s): real = 0h:0m:11s ; cpu = 0h:0m:8s ; process = 0h:0m:12s | Memory (MB): curr = 652.621094 ; peak = 662.832031 | Checksum: EDF22A9ED926F414


Stage 5 EP_DRCP start.

Stage 5.1 DRC Placement start.
DRC final successful.
Stage: after DRC Placement | Time (s): real = 0h:0m:11s ; cpu = 0h:0m:8s ; process = 0h:0m:12s | Memory (MB): curr = 652.640625 ; peak = 662.832031


Stage 5.2 IO Placement start.
The average distance in IO place is 0.000000.
Stage: after IO Placement | Time (s): real = 0h:0m:11s ; cpu = 0h:0m:8s ; process = 0h:0m:12s | Memory (MB): curr = 652.808594 ; peak = 662.832031

Stage: after EP_DRCP | Performance: WL = 790 ; TNS = -17147 ; WNS = -1336 | Time (s): real = 0h:0m:11s ; cpu = 0h:0m:8s ; process = 0h:0m:12s | Memory (MB): curr = 652.816406 ; peak = 662.832031 | Checksum: 5F18D81C6AAB9B43


Stage 6 EP_MP start.

Stage 6.1 macro place start.
Stage: after macro place | Performance: WL = 790 | Time (s): real = 0h:0m:11s ; cpu = 0h:0m:8s ; process = 0h:0m:12s | Memory (MB): curr = 652.933594 ; peak = 662.832031 | Checksum: 5F18D81C6AAB9B43


Stage 6.2 mp post global place start.
[GP] num_thread=0
I: Multithreading enabled for place using a maximum of 4 processes.
[GP] Init timing API takes 0.00 sec.
[GP] Init GP graph takes 0.00 sec.
Device graph total memory: 11.12028885 MB
[GP] Read position from netlist take 0 msec
[GP] Timing analysis take 0.050000 secs.
[GP] MarginTNSS=-33147, TNSS=-17147, WSS=-1336
[GP] Place thread size: 4
[GP] Node size: 9144, net size: 69
[GP] Design graph total memory: 27.96828747 MB
[GP] Timing analysis take 0.003000 secs.
[GP] MarginTNSS=-29447, TNSS=-13447, WSS=-926
[GP] Step 0 take 0.024 secs: WL=683.03 OF=0.117697
[GP] Timing analysis take 0.004000 secs.
[GP] MarginTNSS=-28099, TNSS=-12099, WSS=-860
[GP] Step 1 take 0.135 secs: WL=472.11 OF=0.249276
[GP] Timing analysis take 0.003000 secs.
[GP] MarginTNSS=-28045, TNSS=-12045, WSS=-860
[GP] Step 2 take 0.134 secs: WL=471.56 OF=0.168943
[GP] Timing analysis take 0.003000 secs.
[GP] MarginTNSS=-28252, TNSS=-12252, WSS=-860
[GP] Step 3 take 0.137 secs: WL=477.11 OF=0.105564
[GP] Timing analysis take 0.003000 secs.
[GP] MarginTNSS=-28308, TNSS=-12308, WSS=-817
[GP] Step 4 take 0.135 secs: WL=484.47 OF=0.067189
[GP] Timing analysis take 0.004000 secs.
[GP] MarginTNSS=-28351, TNSS=-12351, WSS=-860
[GP] Step 5 take 0.135 secs: WL=490.31 OF=0.057621
[GP] Timing analysis take 0.003000 secs.
[GP] MarginTNSS=-28308, TNSS=-12308, WSS=-817
[GP] Final best WL=484.925359 OF=0.065875, totally takes 0.714000 secs, run timing analysis 8 times totally takes 0.073000 secs.
[GP] Total node move: 284.04, average node move: 7.68
[GP] Placer use memory: 5.61072922 MB
Stage: after mp post global place | Performance: WL = 366 ; TNS = -12308 ; WNS = -817 | Time (s): real = 0h:0m:12s ; cpu = 0h:0m:9s ; process = 0h:0m:13s | Memory (MB): curr = 653.960938 ; peak = 662.832031 | Checksum: 950AB1AA99CD5D3

MP flow takes 0.609.
Stage: after EP_MP | Performance: WL = 366 ; TNS = -12308 ; WNS = -817 | Time (s): real = 0h:0m:12s ; cpu = 0h:0m:9s ; process = 0h:0m:13s | Memory (MB): curr = 653.960938 ; peak = 662.832031 | Checksum: 950AB1AA99CD5D3


Stage 7 EP_LP start.
Stage: after legalization | Performance: avg_mov = 0.146341 ; max_mov = 1 ; mov_var = 0.124926
Legalize placement flow takes 0.016.
Stage: after EP_LP | Performance: WL = 356 ; TNS = -11404 ; WNS = -845 | Time (s): real = 0h:0m:12s ; cpu = 0h:0m:9s ; process = 0h:0m:13s | Memory (MB): curr = 655.742188 ; peak = 662.832031 | Checksum: 23702BAB6F652FEF


Stage 8 EP_DP start.
Stage: before DP | Performance: WL = 356 ; TNS = -11404 ; WNS = -845
    Cost at Swap iteration  0:  WNS =   -826,  TNS = -11108,  MarginTNS = -27108,  takes    0.02 sec.
    Cost at DP   iteration  0:  WNS =   -819,  TNS = -10655,  MarginTNS = -26655,  takes    0.00 sec.
    Cost at Swap iteration  1:  WNS =   -819,  TNS = -10655,  MarginTNS = -26655,  takes    0.00 sec.
    Cost at Swap iteration  2:  WNS =   -819,  TNS = -10655,  MarginTNS = -26655,  takes    0.02 sec.
    Cost at DP   iteration  2:  WNS =   -710,  TNS = -10051,  MarginTNS = -26051,  takes    0.00 sec.
    Cost at Swap iteration  3:  WNS =   -710,  TNS = -10038,  MarginTNS = -26038,  takes    0.00 sec.
    Cost at Swap iteration  4:  WNS =   -710,  TNS = -10038,  MarginTNS = -26038,  takes    0.02 sec.
    Cost at DP   iteration  4:  WNS =   -700,  TNS =  -9750,  MarginTNS = -25750,  takes    0.00 sec.
    Cost at Swap iteration  5:  WNS =   -700,  TNS =  -9750,  MarginTNS = -25750,  takes    0.00 sec.
    Cost at Swap iteration  6:  WNS =   -700,  TNS =  -9750,  MarginTNS = -25750,  takes    0.02 sec.
    Cost at DP   iteration  6:  WNS =   -699,  TNS =  -9741,  MarginTNS = -25741,  takes    0.00 sec.
    Cost at Swap iteration  7:  WNS =   -699,  TNS =  -9741,  MarginTNS = -25741,  takes    0.02 sec.
    Cost at Swap iteration  8:  WNS =   -699,  TNS =  -9741,  MarginTNS = -25741,  takes    0.00 sec.
    Cost at DP   iteration  8:  WNS =   -689,  TNS =  -9607,  MarginTNS = -25607,  takes    0.00 sec.
    Cost at Swap iteration  9:  WNS =   -689,  TNS =  -9607,  MarginTNS = -25607,  takes    0.02 sec.
    Cost at Swap iteration 10:  WNS =   -689,  TNS =  -9607,  MarginTNS = -25607,  takes    0.00 sec.
    Cost at DP   iteration 10:  WNS =   -689,  TNS =  -9473,  MarginTNS = -25473,  takes    0.02 sec.
    Cost at Swap iteration 11:  WNS =   -689,  TNS =  -9473,  MarginTNS = -25473,  takes    0.02 sec.
Stage: after DP | Performance: WL = 366 ; TNS = -9473 ; WNS = -689
EP_DP takes 0 sec.
Stage: after EP_DP | Performance: WL = 366 ; TNS = -9473 ; WNS = -689 | Time (s): real = 0h:0m:12s ; cpu = 0h:0m:9s ; process = 0h:0m:14s | Memory (MB): curr = 656.535156 ; peak = 662.832031 | Checksum: BBEED62ECB3DA611


Stage 9 EP_FP start.
AutoDRC Flow for Design Check After Place Start.
AutoDRC Flow for Design Check After Place End.
Stage: after EP_FP | Performance: WL = 366 ; TNS = -9528 ; WNS = -701 | Time (s): real = 0h:0m:12s ; cpu = 0h:0m:9s ; process = 0h:0m:14s | Memory (MB): curr = 658.558594 ; peak = 662.832031 | Checksum: DE4766CB0F15A00C


Congestion analysis started.
I: Start printing congestion info.
I: Finish printing congestion info.
Congestion analysis takes 0.09 sec.


Device Utilization Summary :
+----------------------------------------------------------------------------+
| Device Type                      | Used     | Available     | Util(%)     
+----------------------------------------------------------------------------+
| CLMA                             | 17       | 6450          | 1           
| + FF                             | 41       | 38700         | 1           
| + LUT                            | 32       | 25800         | 1           
|   + LUT as Logic                 | 32       |               |             
|   + LUT as Const                 | 0        |               |             
|   + LUT as Bypass                | 0        |               |             
| CLMS                             | 5        | 4250          | 1           
| + FF                             | 11       | 25500         | 1           
| + LUT                            | 7        | 17000         | 1           
|   + LUT as Logic                 | 7        |               |             
|   + LUT as Memory                | 0        |               |             
|     + LUT as Distributed RAM     | 0        |               |             
|   + LUT as Const                 | 0        |               |             
|   + LUT as Bypass                | 0        |               |             
| IO                               | 20       | 296           | 7           
| + IOBD                           | 5        | 64            | 8           
| + IOBR_LR                        | 0        | 7             | 0           
| + IOBR_TB                        | 1        | 8             | 13          
| + IOBS_LR                        | 9        | 161           | 6           
| + IOBS_TB                        | 5        | 56            | 9           
| APM                              | 0        | 84            | 0           
| BKCL                             | 3        | 4             | 75          
| CRYSTAL                          | 0        | 2             | 0           
| DLL                              | 0        | 10            | 0           
| DQSL                             | 0        | 18            | 0           
| DRM                              | 0        | 134           | 0           
| FUSECODE                         | 0        | 1             | 0           
| HARD0N1                          | 0        | 6672          | 0           
| HSST                             | 0        | 1             | 0           
| IOCKDIV                          | 0        | 20            | 0           
| IOCKDLY                          | 0        | 40            | 0           
| IOCKGATE                         | 0        | 20            | 0           
| + IOCKGATE as Bypass             | 0        |               |             
| IOL                              | 20       | 400           | 5           
| IPAL                             | 0        | 1             | 0           
| LDO                              | 0        | 4             | 0           
| OSC                              | 0        | 1             | 0           
| PCIE                             | 0        | 1             | 0           
| PLL                              | 1        | 5             | 20          
| RCKB                             | 0        | 24            | 0           
| + RCKB as Bypass                 | 0        |               |             
| RESCAL                           | 0        | 4             | 0           
| SCANCHAIN                        | 0        | 2             | 0           
| START                            | 1        | 1             | 100         
| UDID                             | 0        | 1             | 0           
| USCM                             | 2        | 30            | 7           
| + USCM as Bypass                 | 0        |               |             
+----------------------------------------------------------------------------+

Total placement takes 5.69 sec.
Finished placement.
Design 'uart_rx_top' has been placed successfully.
Action place: Real time elapsed is 0h:0m:12s
Action place: CPU time elapsed is 0h:0m:9s
Action place: Process CPU time elapsed is 0h:0m:14s
Action place: Peak memory pool usage is 741 MB

Current time: Sat Sep 19 16:34:23 2026
