#Build: Fabric Compiler 2025.2, Build 211867, Jan 16 16:10 2026
#Install: E:\work\pango\PDS_2025.2-ads\bin
#Application name: pds_shell.exe
#OS: Windows 11 10.0.26200
#CPU: Unknown
#RAM(GB): 32
#Hostname: dionirpyC
#Generated by Fabric Compiler (version 2025.2 build 211867) at Sat Sep 19 16:34:25 2026
Parameters for debugging are loaded as follows:
Compiling verification operator library.
Compiling vendor parameter file.
Compiling common defs.
Compiling prim grid devices.
Compiling place grid timing.
Compiling gate devices.
Compiling gate operators.
Compiling gate operators impls.
Building architecture model.
Loading device packaging model.
Building architecture floorplan logic view.
Elaborate the liberty model.
I: Multithreading enabled for Timing using a maximum of 4 processes.

Routing started.
Build routing arch for double attribute device.
Enter timing driven router mode.
I: Multithreading enabled for route using a maximum of 6 processes.
Building routing graph takes 1.32 sec.
Enable Recovery Analysis in Routing
Init coarse delay table.
I: Loading Timing Delay Info...
I: Load Timing Delay Info successfully.
Read place coarse delay table takes 0.33 sec.
build place dedicate switch graph takes 1.48 sec
Setup STE netlist take 2017 msec.
Slack Weight : 90
CE/RS signal series limit : 500
Dispose control chain take 2 msec.
Collect const net info take 32 msec.
Total nets for routing: 73.
Total loads for routing: 431.
Direct connect net size: 35
Build all design net take 18 msec.
Processing design graph takes 2.07 sec.
Route info is not supported in this chip.
Delay table total memory: 40.33610725 MB
Route graph total memory: 74.18193531 MB
Route design total memory: 1.17343521 MB
The remaining process takes 0.01 sec.
Stage: after context initialize | Time (s): real = 0h:0m:10s ; cpu = 0h:0m:8s ; process = 0h:0m:10s | Memory (MB): curr = 654.011719 ; peak = 693.976562 | Checksum: 567AB4C45BC7B047
Global routing takes 0.00 sec.
Pin Cost Increasing Speed 300
Unrouted clock nets at iteration 0 (0.001 sec): 4
Unrouted clock nets at iteration 1 (0.000 sec): 0
Stage: after clock route | Time (s): real = 0h:0m:10s ; cpu = 0h:0m:8s ; process = 0h:0m:10s | Memory (MB): curr = 654.871094 ; peak = 693.976562 | Checksum: 308E62409D53B240
Total route nets size: 65
Pre route takes 0.049 sec
Stage: after pre route | Performance: TNS = -1439 ; WNS = -213 ; THS = 0 ; WHS = 65 | Time (s): real = 0h:0m:10s ; cpu = 0h:0m:8s ; process = 0h:0m:10s | Memory (MB): curr = 661.917969 ; peak = 693.976562 | Checksum: BA4C363F8CC2E77E
Unrouted general nets at iteration 4 (MT total route time: 0.008 sec): 38(overused: 173)
Unrouted general nets at iteration 5 (MT total route time: 0.004 sec): 25(overused: 102)
Unrouted general nets at iteration 6 (MT total route time: 0.003 sec): 19(overused: 58)
Unrouted general nets at iteration 7 (MT total route time: 0.002 sec): 14(overused: 42)
Unrouted general nets at iteration 8 (MT total route time: 0.002 sec): 12(overused: 26)
Unrouted general nets at iteration 9 (MT total route time: 0.001 sec): 7(overused: 18)
Unrouted general nets at iteration 10 (MT total route time: 0.001 sec): 5(overused: 12)
Unrouted general nets at iteration 11 (MT total route time: 0.000 sec): 3(overused: 8)
Unrouted general nets at iteration 12 (MT total route time: 0.000 sec): 3(overused: 8)
Unrouted general nets at iteration 13 (MT total route time: 0.000 sec): 3(overused: 8)
Unrouted general nets at iteration 14 (MT total route time: 0.000 sec): 3(overused: 8)
Unrouted general nets at iteration 15 (MT total route time: 0.000 sec): 3(overused: 8)
Unrouted general nets at iteration 16 (MT total route time: 0.000 sec): 3(overused: 8)
Unrouted general nets at iteration 17 (MT total route time: 0.000 sec): 3(overused: 8)
Unrouted general nets at iteration 18 (MT total route time: 0.000 sec): 3(overused: 8)
Unrouted general nets at iteration 19 (MT total route time: 0.000 sec): 3(overused: 8)
Unrouted general nets at iteration 20 (MT total route time: 0.000 sec): 4(overused: 8)
Unrouted general nets at iteration 21 (MT total route time: 0.000 sec): 2(overused: 4)
Unrouted general nets at iteration 22 (MT total route time: 0.000 sec): 2(overused: 4)
Unrouted general nets at iteration 23 (MT total route time: 0.000 sec): 2(overused: 4)
Unrouted general nets at iteration 24 (MT total route time: 0.000 sec): 0(overused: 0)
----General net take 0.000 sec(route net take 0.000 sec, inc cost take 0.000 sec, iter times: 1)
----const net route take 0.001 sec
Unrouted nets at iteration 25 (0.001 sec): 0
Stage: after detail route | Performance: TNS = -2224 ; WNS = -213 ; THS = NA ; WHS = NA | Time (s): real = 0h:0m:10s ; cpu = 0h:0m:8s ; process = 0h:0m:10s | Memory (MB): curr = 663.250000 ; peak = 693.976562 | Checksum: F6F395EB8261FA6B
Begin rip-up and reroute:
 Number of Nodes with overlaps is (MT total route time: 0.00 sec): 10
 Number of Nodes with overlaps is (MT total route time: 0.00 sec): 10
 Number of Nodes with overlaps is (MT total route time: 0.00 sec): 10
 Number of Nodes with overlaps is (MT total route time: 0.00 sec): 8
 Number of Nodes with overlaps is (MT total route time: 0.00 sec): 4
 Number of Nodes with overlaps is (MT total route time: 0.00 sec): 4
 Number of Nodes with overlaps is (MT total route time: 0.00 sec): 0
Rip-up and reroute takes 0.02 sec.
Stage: after ripup & reroute | Performance: TNS = -1939 ; WNS = -253 ; THS = NA ; WHS = NA | Time (s): real = 0h:0m:10s ; cpu = 0h:0m:8s ; process = 0h:0m:10s | Memory (MB): curr = 663.734375 ; peak = 693.976562 | Checksum: 9103CD9E09BD2A5F
Detailed routing takes 0.47 sec.
Sort Original Nets take 0.001 sec
Check HPIO div result take 0.000 sec
Total net: 73, route succeed net: 73
Generate routing result take 0.000 sec
Handle PERMUX permutation take 0.003 sec
Handle const net take 0.000 sec
Handle route through take 0.000 sec
Used SRB routing arc is 683.
Stage: after finish route | Performance: TNS = -1939 ; WNS = -253 ; THS = NA ; WHS = NA | Time (s): real = 0h:0m:10s ; cpu = 0h:0m:8s ; process = 0h:0m:10s | Memory (MB): curr = 638.656250 ; peak = 693.976562 | Checksum: E42059F25C8CF6C
Finish routing takes 0.10 sec.
Total routing takes 4.06 sec.

Device Utilization Summary :
+----------------------------------------------------------------------------+
| Device Type                      | Used     | Available     | Util(%)     
+----------------------------------------------------------------------------+
| CLMA                             | 26       | 6450          | 1           
| + FF                             | 41       | 38700         | 1           
| + LUT                            | 59       | 25800         | 1           
|   + LUT as Logic                 | 32       |               |             
|   + LUT as Const                 | 23       |               |             
|   + LUT as Bypass                | 4        |               |             
| CLMS                             | 5        | 4250          | 1           
| + FF                             | 11       | 25500         | 1           
| + LUT                            | 7        | 17000         | 1           
|   + LUT as Logic                 | 7        |               |             
|   + LUT as Memory                | 0        |               |             
|     + LUT as Distributed RAM     | 0        |               |             
|   + LUT as Const                 | 0        |               |             
|   + LUT as Bypass                | 0        |               |             
| IO                               | 20       | 296           | 7           
| + IOBD                           | 5        | 64            | 8           
| + IOBR_LR                        | 0        | 7             | 0           
| + IOBR_TB                        | 1        | 8             | 13          
| + IOBS_LR                        | 9        | 161           | 6           
| + IOBS_TB                        | 5        | 56            | 9           
| APM                              | 0        | 84            | 0           
| BKCL                             | 3        | 4             | 75          
| CRYSTAL                          | 0        | 2             | 0           
| DLL                              | 0        | 10            | 0           
| DQSL                             | 0        | 18            | 0           
| DRM                              | 0        | 134           | 0           
| FUSECODE                         | 0        | 1             | 0           
| HARD0N1                          | 3        | 6672          | 1           
| HSST                             | 0        | 1             | 0           
| IOCKDIV                          | 0        | 20            | 0           
| IOCKDLY                          | 0        | 40            | 0           
| IOCKGATE                         | 0        | 20            | 0           
| + IOCKGATE as Bypass             | 0        |               |             
| IOL                              | 20       | 400           | 5           
| IPAL                             | 0        | 1             | 0           
| LDO                              | 0        | 4             | 0           
| OSC                              | 0        | 1             | 0           
| PCIE                             | 0        | 1             | 0           
| PLL                              | 1        | 5             | 20          
| RCKB                             | 0        | 24            | 0           
| + RCKB as Bypass                 | 0        |               |             
| RESCAL                           | 0        | 4             | 0           
| SCANCHAIN                        | 0        | 2             | 0           
| START                            | 1        | 1             | 100         
| UDID                             | 0        | 1             | 0           
| USCM                             | 2        | 30            | 7           
| + USCM as Bypass                 | 0        |               |             
+----------------------------------------------------------------------------+

Finished routing. (CPU time elapsed 0h:00m:08s)
Design 'uart_rx_top' has been routed successfully.
Saving design to DB.
Action Route: Export DB successfully.
Action route: Real time elapsed is 0h:0m:11s
Action route: CPU time elapsed is 0h:0m:9s
Action route: Process CPU time elapsed is 0h:0m:10s
Action route: Peak memory pool usage is 693 MB

Current time: Sat Sep 19 16:34:34 2026
