#Build: Fabric Compiler 2025.2, Build 211867, Jan 16 16:10 2026
#Install: D:\pango\PDS_2025.2-ads\bin
#Application name: pds_shell.exe
#OS: Windows 11 10.0.26100
#CPU: Unknown
#RAM(GB): 16
#Hostname: hustlyrm
#Generated by Fabric Compiler (version 2025.2 build 211867) at Thu Oct  1 18:27:26 2026
Parameters for debugging are loaded as follows:
Compiling verification operator library.
Compiling vendor parameter file.
Compiling common defs.
Compiling prim grid devices.
Compiling place grid timing.
Compiling gate devices.
Compiling gate operators.
Compiling gate operators impls.
Building architecture model.
Loading device packaging model.
Building architecture floorplan logic view.
Elaborate the liberty model.
I: Multithreading enabled for Timing using a maximum of 4 processes.

Routing started.
Build routing arch for double attribute device.
Enter timing driven router mode.
I: Multithreading enabled for route using a maximum of 6 processes.
Building routing graph takes 1.29 sec.
Enable Recovery Analysis in Routing
Init coarse delay table.
I: Loading Timing Delay Info...
I: Load Timing Delay Info successfully.
Read place coarse delay table takes 0.30 sec.
build place dedicate switch graph takes 1.03 sec
Setup STE netlist take 1746 msec.
Slack Weight : 90
CE/RS signal series limit : 500
Dispose control chain take 13 msec.
Collect const net info take 29 msec.
Total nets for routing: 532.
Total loads for routing: 2110.
Direct connect net size: 129
Build all design net take 28 msec.
Processing design graph takes 1.82 sec.
Route info is not supported in this chip.
Delay table total memory: 40.33793831 MB
Route graph total memory: 74.38616276 MB
Route design total memory: 1.47232437 MB
The remaining process takes 0.01 sec.
Stage: after context initialize | Time (s): real = 0h:0m:9s ; cpu = 0h:0m:7s ; process = 0h:0m:10s | Memory (MB): curr = 673.894531 ; peak = 713.320312 | Checksum: 75751D34A63D8266
Global routing takes 0.00 sec.
Pin Cost Increasing Speed 300
Unrouted clock nets at iteration 0 (0.002 sec): 0
Stage: after clock route | Time (s): real = 0h:0m:9s ; cpu = 0h:0m:7s ; process = 0h:0m:10s | Memory (MB): curr = 675.589844 ; peak = 713.320312 | Checksum: 5F0F746E4A39B6BA
Total route nets size: 528
Pre route takes 0.098 sec
Stage: after pre route | Performance: TNS = 0 ; WNS = 14368 ; THS = 0 ; WHS = 208 | Time (s): real = 0h:0m:10s ; cpu = 0h:0m:7s ; process = 0h:0m:10s | Memory (MB): curr = 687.007812 ; peak = 713.320312 | Checksum: 47EBE38B78FBEFD
Unrouted general nets at iteration 3 (MT total route time: 0.043 sec): 382(overused: 1915)
Unrouted general nets at iteration 4 (MT total route time: 0.036 sec): 324(overused: 1336)
Unrouted general nets at iteration 5 (MT total route time: 0.030 sec): 252(overused: 834)
Unrouted general nets at iteration 6 (MT total route time: 0.026 sec): 180(overused: 440)
Unrouted general nets at iteration 7 (MT total route time: 0.018 sec): 133(overused: 301)
Unrouted general nets at iteration 8 (MT total route time: 0.011 sec): 70(overused: 131)
Unrouted general nets at iteration 9 (MT total route time: 0.011 sec): 42(overused: 74)
Unrouted general nets at iteration 10 (MT total route time: 0.010 sec): 22(overused: 34)
Unrouted general nets at iteration 11 (MT total route time: 0.006 sec): 12(overused: 18)
Unrouted general nets at iteration 12 (MT total route time: 0.003 sec): 7(overused: 10)
Unrouted general nets at iteration 13 (MT total route time: 0.002 sec): 4(overused: 4)
Unrouted general nets at iteration 14 (MT total route time: 0.001 sec): 2(overused: 4)
Unrouted general nets at iteration 15 (MT total route time: 0.001 sec): 0(overused: 0)
----General net take 0.000 sec(route net take 0.000 sec, inc cost take 0.000 sec, iter times: 1)
----const net route take 0.001 sec
Unrouted nets at iteration 16 (0.002 sec): 0
Stage: after detail route | Performance: TNS = 0 ; WNS = 13311 ; THS = NA ; WHS = NA | Time (s): real = 0h:0m:10s ; cpu = 0h:0m:7s ; process = 0h:0m:10s | Memory (MB): curr = 689.644531 ; peak = 713.320312 | Checksum: 3C9D47C98C242CF0
Begin rip-up and reroute:
Rip-up and reroute takes 0.01 sec.
Stage: after ripup & reroute | Performance: TNS = 0 ; WNS = 13311 ; THS = NA ; WHS = NA | Time (s): real = 0h:0m:10s ; cpu = 0h:0m:7s ; process = 0h:0m:10s | Memory (MB): curr = 691.085938 ; peak = 713.320312 | Checksum: 91383184FEC1D49
Detailed routing takes 0.73 sec.
Sort Original Nets take 0.002 sec
Check HPIO div result take 0.000 sec
Total net: 532, route succeed net: 532
Generate routing result take 0.001 sec
Handle PERMUX permutation take 0.014 sec
Handle const net take 0.001 sec
Handle route through take 0.004 sec
Used SRB routing arc is 4166.
Stage: after finish route | Performance: TNS = 0 ; WNS = 13311 ; THS = NA ; WHS = NA | Time (s): real = 0h:0m:10s ; cpu = 0h:0m:8s ; process = 0h:0m:11s | Memory (MB): curr = 664.289062 ; peak = 713.320312 | Checksum: C178AF22415525FB
Finish routing takes 0.12 sec.
Total routing takes 4.08 sec.

Device Utilization Summary :
+----------------------------------------------------------------------------+
| Device Type                      | Used     | Available     | Util(%)     
+----------------------------------------------------------------------------+
| CLMA                             | 126      | 6450          | 2           
| + FF                             | 224      | 38700         | 1           
| + LUT                            | 317      | 25800         | 2           
|   + LUT as Logic                 | 244      |               |             
|   + LUT as Const                 | 67       |               |             
|   + LUT as Bypass                | 6        |               |             
| CLMS                             | 40       | 4250          | 1           
| + FF                             | 82       | 25500         | 1           
| + LUT                            | 102      | 17000         | 1           
|   + LUT as Logic                 | 95       |               |             
|   + LUT as Memory                | 0        |               |             
|     + LUT as Distributed RAM     | 0        |               |             
|   + LUT as Const                 | 5        |               |             
|   + LUT as Bypass                | 2        |               |             
| IO                               | 17       | 296           | 6           
| + IOBD                           | 8        | 64            | 13          
| + IOBR_LR                        | 0        | 7             | 0           
| + IOBR_TB                        | 1        | 8             | 13          
| + IOBS_LR                        | 1        | 161           | 1           
| + IOBS_TB                        | 7        | 56            | 13          
| APM                              | 0        | 84            | 0           
| BKCL                             | 3        | 4             | 75          
| CRYSTAL                          | 0        | 2             | 0           
| DLL                              | 0        | 10            | 0           
| DQSL                             | 0        | 18            | 0           
| DRM                              | 1        | 134           | 1           
| FUSECODE                         | 0        | 1             | 0           
| HARD0N1                          | 11       | 6672          | 1           
| HSST                             | 0        | 1             | 0           
| IOCKDIV                          | 0        | 20            | 0           
| IOCKDLY                          | 0        | 40            | 0           
| IOCKGATE                         | 0        | 20            | 0           
| + IOCKGATE as Bypass             | 0        |               |             
| IOL                              | 17       | 400           | 5           
| IPAL                             | 0        | 1             | 0           
| LDO                              | 0        | 4             | 0           
| OSC                              | 0        | 1             | 0           
| PCIE                             | 0        | 1             | 0           
| PLL                              | 0        | 5             | 0           
| RCKB                             | 0        | 24            | 0           
| + RCKB as Bypass                 | 0        |               |             
| RESCAL                           | 0        | 4             | 0           
| SCANCHAIN                        | 0        | 2             | 0           
| START                            | 1        | 1             | 100         
| UDID                             | 0        | 1             | 0           
| USCM                             | 1        | 30            | 4           
| + USCM as Bypass                 | 0        |               |             
+----------------------------------------------------------------------------+

Finished routing. (CPU time elapsed 0h:00m:08s)
Design 'flash_read_top' has been routed successfully.
Saving design to DB.
Action Route: Export DB successfully.
Action route: Real time elapsed is 0h:0m:11s
Action route: CPU time elapsed is 0h:0m:8s
Action route: Process CPU time elapsed is 0h:0m:11s
Action route: Peak memory pool usage is 713 MB

Current time: Thu Oct  1 18:27:35 2026
