#Build: Fabric Compiler 2025.2, Build 211867, Jan 16 16:10 2026
#Install: D:\pango\PDS_2025.2-ads\bin
#Application name: pds_shell.exe
#OS: Windows 11 10.0.26100
#CPU: Unknown
#RAM(GB): 16
#Hostname: hustlyrm
#Generated by Fabric Compiler (version 2025.2 build 211867) at Thu Oct  1 18:27:12 2026
Parameters for debugging are loaded as follows:
Compiling verification operator library.
Compiling vendor parameter file.
Compiling common defs.
Compiling prim grid devices.
Compiling place grid timing.
Compiling gate devices.
Compiling gate operators.
Compiling gate operators impls.
Building architecture model.
Loading device packaging model.
Building architecture floorplan logic view.
Constraint check start.
W: ConstraintEditor-4042: Port 'sys_qspi_dq[0]' lacks attribute 'SLEW', it's better to set the attribute for port.
W: ConstraintEditor-4042: Port 'sys_qspi_dq[0]' lacks attribute 'DRIVE', it's better to set the attribute for port.
W: ConstraintEditor-4042: Port 'sys_qspi_dq[0]' lacks attribute 'BUS_KEEPER', it's better to set the attribute for port.
W: ConstraintEditor-4040: [D:/pango/works/ECSDC_FPGA_2026/prj_tasks/pnr_1/device_map/flash_read_top.pcf(line number: 3)] Port sys_qspi_dq[0] has been placed at location AB20, whose type is share pin.
W: ConstraintEditor-4042: Port 'sys_qspi_dq[1]' lacks attribute 'SLEW', it's better to set the attribute for port.
W: ConstraintEditor-4042: Port 'sys_qspi_dq[1]' lacks attribute 'DRIVE', it's better to set the attribute for port.
W: ConstraintEditor-4042: Port 'sys_qspi_dq[1]' lacks attribute 'BUS_KEEPER', it's better to set the attribute for port.
W: ConstraintEditor-4040: [D:/pango/works/ECSDC_FPGA_2026/prj_tasks/pnr_1/device_map/flash_read_top.pcf(line number: 4)] Port sys_qspi_dq[1] has been placed at location AA20, whose type is share pin.
W: ConstraintEditor-4042: Port 'sys_qspi_dq[2]' lacks attribute 'SLEW', it's better to set the attribute for port.
W: ConstraintEditor-4042: Port 'sys_qspi_dq[2]' lacks attribute 'DRIVE', it's better to set the attribute for port.
W: ConstraintEditor-4042: Port 'sys_qspi_dq[2]' lacks attribute 'BUS_KEEPER', it's better to set the attribute for port.
W: ConstraintEditor-4040: [D:/pango/works/ECSDC_FPGA_2026/prj_tasks/pnr_1/device_map/flash_read_top.pcf(line number: 5)] Port sys_qspi_dq[2] has been placed at location R13, whose type is share pin.
W: ConstraintEditor-4042: Port 'sys_qspi_dq[3]' lacks attribute 'SLEW', it's better to set the attribute for port.
W: ConstraintEditor-4042: Port 'sys_qspi_dq[3]' lacks attribute 'DRIVE', it's better to set the attribute for port.
W: ConstraintEditor-4042: Port 'sys_qspi_dq[3]' lacks attribute 'BUS_KEEPER', it's better to set the attribute for port.
W: ConstraintEditor-4040: [D:/pango/works/ECSDC_FPGA_2026/prj_tasks/pnr_1/device_map/flash_read_top.pcf(line number: 6)] Port sys_qspi_dq[3] has been placed at location T14, whose type is share pin.
W: ConstraintEditor-4042: Port 'sys_cp2102_tx' lacks attribute 'SLEW', it's better to set the attribute for port.
W: ConstraintEditor-4042: Port 'sys_cp2102_tx' lacks attribute 'DRIVE', it's better to set the attribute for port.
W: ConstraintEditor-4042: Port 'sys_led[0]' lacks attribute 'SLEW', it's better to set the attribute for port.
W: ConstraintEditor-4042: Port 'sys_led[0]' lacks attribute 'DRIVE', it's better to set the attribute for port.
W: ConstraintEditor-4042: Port 'sys_led[0]' lacks attribute 'BUS_KEEPER', it's better to set the attribute for port.
W: ConstraintEditor-4042: Port 'sys_led[1]' lacks attribute 'SLEW', it's better to set the attribute for port.
W: ConstraintEditor-4042: Port 'sys_led[1]' lacks attribute 'DRIVE', it's better to set the attribute for port.
W: ConstraintEditor-4042: Port 'sys_led[1]' lacks attribute 'BUS_KEEPER', it's better to set the attribute for port.
W: ConstraintEditor-4042: Port 'sys_led[2]' lacks attribute 'SLEW', it's better to set the attribute for port.
W: ConstraintEditor-4042: Port 'sys_led[2]' lacks attribute 'DRIVE', it's better to set the attribute for port.
W: ConstraintEditor-4042: Port 'sys_led[2]' lacks attribute 'BUS_KEEPER', it's better to set the attribute for port.
W: ConstraintEditor-4042: Port 'sys_led[3]' lacks attribute 'SLEW', it's better to set the attribute for port.
W: ConstraintEditor-4042: Port 'sys_led[3]' lacks attribute 'DRIVE', it's better to set the attribute for port.
W: ConstraintEditor-4042: Port 'sys_led[3]' lacks attribute 'BUS_KEEPER', it's better to set the attribute for port.
W: ConstraintEditor-4042: Port 'sys_led[4]' lacks attribute 'SLEW', it's better to set the attribute for port.
W: ConstraintEditor-4042: Port 'sys_led[4]' lacks attribute 'DRIVE', it's better to set the attribute for port.
W: ConstraintEditor-4042: Port 'sys_led[4]' lacks attribute 'BUS_KEEPER', it's better to set the attribute for port.
W: ConstraintEditor-4042: Port 'sys_led[5]' lacks attribute 'SLEW', it's better to set the attribute for port.
W: ConstraintEditor-4042: Port 'sys_led[5]' lacks attribute 'DRIVE', it's better to set the attribute for port.
W: ConstraintEditor-4042: Port 'sys_led[5]' lacks attribute 'BUS_KEEPER', it's better to set the attribute for port.
W: ConstraintEditor-4042: Port 'sys_led[6]' lacks attribute 'SLEW', it's better to set the attribute for port.
W: ConstraintEditor-4042: Port 'sys_led[6]' lacks attribute 'DRIVE', it's better to set the attribute for port.
W: ConstraintEditor-4042: Port 'sys_led[6]' lacks attribute 'BUS_KEEPER', it's better to set the attribute for port.
W: ConstraintEditor-4042: Port 'sys_led[7]' lacks attribute 'SLEW', it's better to set the attribute for port.
W: ConstraintEditor-4042: Port 'sys_led[7]' lacks attribute 'DRIVE', it's better to set the attribute for port.
W: ConstraintEditor-4042: Port 'sys_led[7]' lacks attribute 'BUS_KEEPER', it's better to set the attribute for port.
W: ConstraintEditor-4042: Port 'sys_qspi_csn' lacks attribute 'SLEW', it's better to set the attribute for port.
W: ConstraintEditor-4042: Port 'sys_qspi_csn' lacks attribute 'DRIVE', it's better to set the attribute for port.
W: ConstraintEditor-4042: Port 'sys_qspi_csn' lacks attribute 'BUS_KEEPER', it's better to set the attribute for port.
W: ConstraintEditor-4040: [D:/pango/works/ECSDC_FPGA_2026/prj_tasks/pnr_1/device_map/flash_read_top.pcf(line number: 16)] Port sys_qspi_csn has been placed at location AA3, whose type is share pin.
W: ConstraintEditor-4042: Port 'sys_qspi_sck' lacks attribute 'SLEW', it's better to set the attribute for port.
W: ConstraintEditor-4042: Port 'sys_qspi_sck' lacks attribute 'DRIVE', it's better to set the attribute for port.
W: ConstraintEditor-4042: Port 'sys_qspi_sck' lacks attribute 'BUS_KEEPER', it's better to set the attribute for port.
W: ConstraintEditor-4040: [D:/pango/works/ECSDC_FPGA_2026/prj_tasks/pnr_1/device_map/flash_read_top.pcf(line number: 17)] Port sys_qspi_sck has been placed at location Y20, whose type is share pin.
W: ConstraintEditor-4040: [D:/pango/works/ECSDC_FPGA_2026/prj_tasks/pnr_1/device_map/flash_read_top.pcf(line number: 19)] Port sys_rstn has been placed at location AB13, whose type is share pin.
C: ConstraintEditor-2022: There are some ports' attributes are set to default value, please read [D:/pango/works/ECSDC_FPGA_2026/prj_tasks/pnr_1/place_route/ports_defalut_attribute.txt(line number:0)] to confirm.
Found 0 error(s), 1 critical warning(s), 51 warning(s), out of 17 constraint(s)
Constraint check end.
Total time(hh:mm:ss) of constraint check : 00:00:00
Elaborate the liberty model.
I: Multithreading enabled for Timing using a maximum of 4 processes.
Placement started. Type: EP_COMMON_FLOW.

Stage 1 EP_INIT start.
Stage: after EP_INIT | Time (s): real = 0h:0m:5s ; cpu = 0h:0m:3s ; process = 0h:0m:5s | Memory (MB): curr = 441.839844 ; peak = 442.980469 | Checksum: 47EAD357BC4A82E

Design Layer Utilization:
	LUT: 0.792%
	FF: 0.512%
	DRM: 0.746%
	IO: 4.864%

Stage 2 EP_DL start.
build place dedicate switch graph takes 1.11 sec
Place location constraint group with base node:sys_clk_50mhz_ibuf/opit_1 at IOL_327_210
Place location constraint group with base node:sys_cp2102_tx_obuf/opit_1 at IOL_43_6
Place location constraint group with base node:sys_led_obuf[0]/opit_1 at IOL_19_374
Place location constraint group with base node:sys_led_obuf[1]/opit_1 at IOL_19_373
Place location constraint group with base node:sys_led_obuf[2]/opit_1 at IOL_35_374
Place location constraint group with base node:sys_led_obuf[3]/opit_1 at IOL_35_373
Place location constraint group with base node:sys_led_obuf[4]/opit_1 at IOL_67_374
Place location constraint group with base node:sys_led_obuf[5]/opit_1 at IOL_67_373
Place location constraint group with base node:sys_led_obuf[6]/opit_1 at IOL_47_374
Place location constraint group with base node:sys_led_obuf[7]/opit_1 at IOL_47_373
Place location constraint group with base node:sys_qspi_csn_obuf/opit_1 at IOL_15_5
Place location constraint group with base node:sys_qspi_sck_obuf/opit_1 at IOL_323_6
Place location constraint group with base node:sys_rstn_ibuf/opit_1 at IOL_167_5
Place location constraint group with base node:u_flash_top.u_flash_driver.u_qspi_master_rx.sys_qspi_dq_tri[0]/opit_1 at IOL_315_5
Place location constraint group with base node:u_flash_top.u_flash_driver.u_qspi_master_rx.sys_qspi_dq_tri[1]/opit_1 at IOL_315_6
Place location constraint group with base node:u_flash_top.u_flash_driver.u_qspi_master_rx.sys_qspi_dq_tri[2]/opit_1 at IOL_247_6
Place location constraint group with base node:u_flash_top.u_flash_driver.u_qspi_master_rx.sys_qspi_dq_tri[3]/opit_1 at IOL_247_5
Place location constraint node:BKCL_auto_0 at BKCL_188_376
Place location constraint node:BKCL_auto_1 at BKCL_328_184
Place location constraint node:BKCL_auto_2 at BKCL_192_0
DRCP Convert Loc Constraint successful.

Stage 2.1 pre clock plan start.
Mapping instance GRS_INST/grs to START_324_2.
I: Clock statistic: 1 USCM.
solve clock designs takes 0.00 sec with memory (MB): curr = 515.480469, peak = 519.386719.
Mapping instance clkbufg_0/gopclkbufg to USCM_84_108:impl_uscm_rtb_a-USCM.
Stage: after pre clock plan | Time (s): real = 0h:0m:6s ; cpu = 0h:0m:4s ; process = 0h:0m:7s | Memory (MB): curr = 515.640625 ; peak = 519.386719

Place location constraint node:clkbufg_0/gopclkbufg at USCM_84_108
DRCP Convert Loc Constraint successful.
Stage: after EP_DL | Time (s): real = 0h:0m:6s ; cpu = 0h:0m:4s ; process = 0h:0m:7s | Memory (MB): curr = 515.722656 ; peak = 519.386719 | Checksum: FA7B269BA1DB412A


Stage 3 EP_FIP start.
DRCP Convert Loc Constraint successful.

Stage 3.1 fip global place start.
[GP] num_thread=0
I: Multithreading enabled for place using a maximum of 4 processes.
[GP] Placement Initial Method "Quad".
[GP] Placement Decongestion Mode "1".
[GP] Recovery Analysis in GP "Enable".
I: Loading Timing Delay Info...
I: Load Timing Delay Info successfully.
Init coarse delay table.
Read place coarse delay table takes 0.30 sec.
[GP] Init timing API takes 1.56 sec.
[GP] Init GP graph takes 1.62 sec.
Device graph total memory: 11.16541767 MB
[GP] Read position from netlist take 0 msec
[GP] Total node move: 39031.15, average node move: 93.60
First map gop timing takes 0.00 sec
[GP] SA handle 2 clusters.
[GP] SA init_cost = 73587.500000, final_cost = 73587.500000, final_cost/init_cost = 1.000000, occupied region_num = 2.
[GP] SA Optimize take time: 0.003000 sec.
[GP] Timing analysis take 0.008000 secs.
[GP] MarginTNSS=0, TNSS=0, WSS=8947
[GP] Place thread size: 4
[GP] Node size: 9562, net size: 557
[GP] Design graph total memory: 32.97770405 MB
[GP] Timing analysis take 0.009000 secs.
[GP] MarginTNSS=0, TNSS=0, WSS=11751
[GP] Step 0 take 0.053 secs: WL=2643.70 OF=0.621003
[GP] Timing analysis take 0.008000 secs.
[GP] MarginTNSS=0, TNSS=0, WSS=12649
[GP] Step 1 take 0.331 secs: WL=2100.07 OF=0.488285
[GP] Timing analysis take 0.007000 secs.
[GP] MarginTNSS=0, TNSS=0, WSS=13295
[GP] Step 2 take 0.342 secs: WL=1905.81 OF=0.470172
[GP] Timing analysis take 0.006000 secs.
[GP] MarginTNSS=0, TNSS=0, WSS=13389
[GP] Step 3 take 0.323 secs: WL=1893.11 OF=0.438415
[GP] Timing analysis take 0.007000 secs.
[GP] MarginTNSS=0, TNSS=0, WSS=13438
[GP] Step 4 take 0.324 secs: WL=1838.59 OF=0.366646
[GP] Timing analysis take 0.006000 secs.
[GP] MarginTNSS=0, TNSS=0, WSS=13740
[GP] Step 5 take 0.344 secs: WL=1801.39 OF=0.317016
[GP] Timing analysis take 0.007000 secs.
[GP] MarginTNSS=0, TNSS=0, WSS=14015
[GP] Step 6 take 0.370 secs: WL=1790.45 OF=0.244347
[GP] Timing analysis take 0.007000 secs.
[GP] MarginTNSS=0, TNSS=0, WSS=13977
[GP] Step 7 take 0.328 secs: WL=1793.64 OF=0.189339
[GP] Timing analysis take 0.006000 secs.
[GP] MarginTNSS=0, TNSS=0, WSS=14021
[GP] Step 8 take 0.336 secs: WL=1824.34 OF=0.135766
[GP] Timing analysis take 0.007000 secs.
[GP] MarginTNSS=0, TNSS=0, WSS=13904
[GP] Step 9 take 0.340 secs: WL=1870.49 OF=0.079743
[GP] Timing analysis take 0.007000 secs.
[GP] MarginTNSS=0, TNSS=0, WSS=13903
[GP] Timing analysis take 0.007000 secs.
[GP] MarginTNSS=0, TNSS=0, WSS=13903
[GP] Step 10 take 0.379 secs: WL=2008.62 OF=0.038414
[GP] Timing analysis take 0.009000 secs.
[GP] MarginTNSS=0, TNSS=0, WSS=13903
[GP] Final best WL=2008.622890 OF=0.038414, totally takes 3.482000 secs, run timing analysis 14 times totally takes 0.101000 secs.
[GP] Total node move: 46311.26, average node move: 111.06
[GP] Placer use memory: 14.89938354 MB
Stage: after fip global place | Performance: WL = 1781 ; TNS =  0 ; WNS =  13903 | Time (s): real = 0h:0m:12s ; cpu = 0h:0m:9s ; process = 0h:0m:16s | Memory (MB): curr = 662.531250 ; peak = 679.199219 | Checksum: 8259BE8E15E497BD

Flat initial placement flow takes 4.688.
Stage: after EP_FIP | Performance: WL = 1781 ; TNS =  0 ; WNS =  13903 | Time (s): real = 0h:0m:12s ; cpu = 0h:0m:9s ; process = 0h:0m:16s | Memory (MB): curr = 661.714844 ; peak = 679.199219 | Checksum: 8259BE8E15E497BD


Stage 4 EP_CAGP start.

Stage 4.1 cagp site packing start.
Stage: after pack legalize group | Performance: avg_mov = 0.000000 ; max_mov = 0 ; mov_var = 0.000000
Stage: after cagp site packing | Performance: WL = 4181 | Time (s): real = 0h:0m:12s ; cpu = 0h:0m:9s ; process = 0h:0m:17s | Memory (MB): curr = 683.753906 ; peak = 688.878906 | Checksum: A781BA01E07E1332


Stage 4.2 cagp macro placement start.
Stage: after cagp macro placement | Performance: WL = 4181 | Time (s): real = 0h:0m:12s ; cpu = 0h:0m:9s ; process = 0h:0m:17s | Memory (MB): curr = 684.171875 ; peak = 688.878906 | Checksum: A781BA01E07E1332


Stage 4.3 post clock plan start.
pre solve all clock design takes 0.00 sec with memory (MB): curr = 684.253906, peak = 688.878906.
CRA timing analysis with worst slack 13283 takes 0.00 sec.
CRA cost 61 takes 0.00 sec.
solve all clock design takes 0.00 sec with memory (MB): curr = 684.980469, peak = 688.878906.
expand load region takes 0.00 sec.
Stage: after post clock plan | Time (s): real = 0h:0m:12s ; cpu = 0h:0m:9s ; process = 0h:0m:17s | Memory (MB): curr = 685.117188 ; peak = 688.878906

Movement during CRA, max : (0, 0) , total : (0, 0) , count : 0 , avg : (0, 0) .
Stage: after EP_CAGP | Performance: WL = 4181 ; TNS =  0 ; WNS =  13283 | Time (s): real = 0h:0m:12s ; cpu = 0h:0m:9s ; process = 0h:0m:17s | Memory (MB): curr = 685.148438 ; peak = 688.878906 | Checksum: C07FF7C54083FECA


Stage 5 EP_DRCP start.

Stage 5.1 DRC Placement start.
DRC final successful.
Stage: after DRC Placement | Time (s): real = 0h:0m:12s ; cpu = 0h:0m:9s ; process = 0h:0m:17s | Memory (MB): curr = 685.152344 ; peak = 688.878906


Stage 5.2 IO Placement start.
The average distance in IO place is 0.000000.
Stage: after IO Placement | Time (s): real = 0h:0m:12s ; cpu = 0h:0m:9s ; process = 0h:0m:17s | Memory (MB): curr = 685.316406 ; peak = 688.878906

Stage: after EP_DRCP | Performance: WL = 4181 ; TNS =  0 ; WNS =  13283 | Time (s): real = 0h:0m:12s ; cpu = 0h:0m:9s ; process = 0h:0m:17s | Memory (MB): curr = 685.324219 ; peak = 688.878906 | Checksum: E16AE71191077C3


Stage 6 EP_MP start.

Stage 6.1 macro place start.
The average distance of DRM is 0.000000, The max distance of DRM is 0.000000
Stage: after macro place | Performance: WL = 4198 | Time (s): real = 0h:0m:12s ; cpu = 0h:0m:9s ; process = 0h:0m:17s | Memory (MB): curr = 685.640625 ; peak = 688.878906 | Checksum: 3963EC7F315D9CD7


Stage 6.2 mp post global place start.
[GP] num_thread=0
I: Multithreading enabled for place using a maximum of 4 processes.
[GP] Init timing API takes 0.00 sec.
[GP] Init GP graph takes 0.01 sec.
Device graph total memory: 11.16916370 MB
[GP] Read position from netlist take 0 msec
[GP] Timing analysis take 0.054000 secs.
[GP] MarginTNSS=0, TNSS=0, WSS=13283
[GP] Place thread size: 4
[GP] Node size: 9204, net size: 489
[GP] Design graph total memory: 28.73506355 MB
[GP] Timing analysis take 0.015000 secs.
[GP] MarginTNSS=0, TNSS=0, WSS=13481
[GP] Step 0 take 0.047 secs: WL=3280.24 OF=0.185187
[GP] Timing analysis take 0.006000 secs.
[GP] MarginTNSS=0, TNSS=0, WSS=13819
[GP] Step 1 take 0.161 secs: WL=1987.02 OF=0.271119
[GP] Timing analysis take 0.006000 secs.
[GP] MarginTNSS=0, TNSS=0, WSS=13733
[GP] Step 2 take 0.154 secs: WL=2021.24 OF=0.209392
[GP] Timing analysis take 0.005000 secs.
[GP] MarginTNSS=0, TNSS=0, WSS=13741
[GP] Step 3 take 0.151 secs: WL=2066.00 OF=0.153175
[GP] Timing analysis take 0.006000 secs.
[GP] MarginTNSS=0, TNSS=0, WSS=13798
[GP] Step 4 take 0.150 secs: WL=2119.78 OF=0.101380
[GP] Timing analysis take 0.008000 secs.
[GP] MarginTNSS=0, TNSS=0, WSS=13798
[GP] Final best WL=2147.021715 OF=0.074681, totally takes 0.760000 secs, run timing analysis 7 times totally takes 0.100000 secs.
[GP] Total node move: 978.29, average node move: 5.35
[GP] Placer use memory: 5.89649582 MB
Stage: after mp post global place | Performance: WL = 1951 ; TNS =  0 ; WNS =  13798 | Time (s): real = 0h:0m:13s ; cpu = 0h:0m:10s ; process = 0h:0m:19s | Memory (MB): curr = 682.277344 ; peak = 688.878906 | Checksum: E3463AF9C912BA48

MP flow takes 0.656.
Stage: after EP_MP | Performance: WL = 1951 ; TNS =  0 ; WNS =  13798 | Time (s): real = 0h:0m:13s ; cpu = 0h:0m:10s ; process = 0h:0m:19s | Memory (MB): curr = 682.289062 ; peak = 688.878906 | Checksum: E3463AF9C912BA48


Stage 7 EP_LP start.
Stage: after legalization | Performance: avg_mov = 0.067925 ; max_mov = 1 ; mov_var = 0.063311
Legalize placement flow takes 0.016.
Stage: after EP_LP | Performance: WL = 1972 ; TNS =  0 ; WNS =  13644 | Time (s): real = 0h:0m:13s ; cpu = 0h:0m:10s ; process = 0h:0m:19s | Memory (MB): curr = 685.648438 ; peak = 688.878906 | Checksum: AA55E78505E8AB6F


Stage 8 EP_DP start.
Stage: before DP | Performance: WL = 1972 ; TNS = 0 ; WNS = 13644
Stage: after DP | Performance: WL = 1972 ; TNS = 0 ; WNS = 13644
EP_DP takes 0 sec.
Stage: after EP_DP | Performance: WL = 1972 ; TNS =  0 ; WNS =  13644 | Time (s): real = 0h:0m:13s ; cpu = 0h:0m:10s ; process = 0h:0m:19s | Memory (MB): curr = 687.398438 ; peak = 688.878906 | Checksum: AA55E78505E8AB6F


Stage 9 EP_FP start.
AutoDRC Flow for Design Check After Place Start.
AutoDRC Flow for Design Check After Place End.
Stage: after EP_FP | Performance: WL = 1972 ; TNS =  0 ; WNS =  13644 | Time (s): real = 0h:0m:13s ; cpu = 0h:0m:10s ; process = 0h:0m:19s | Memory (MB): curr = 688.523438 ; peak = 689.765625 | Checksum: 6C17893038BFC0C


Congestion analysis started.
I: Start printing congestion info.
I: Finish printing congestion info.
Congestion analysis takes 0.09 sec.


Device Utilization Summary :
+----------------------------------------------------------------------------+
| Device Type                      | Used     | Available     | Util(%)     
+----------------------------------------------------------------------------+
| CLMA                             | 102      | 6450          | 2           
| + FF                             | 224      | 38700         | 1           
| + LUT                            | 244      | 25800         | 1           
|   + LUT as Logic                 | 244      |               |             
|   + LUT as Const                 | 0        |               |             
|   + LUT as Bypass                | 0        |               |             
| CLMS                             | 37       | 4250          | 1           
| + FF                             | 82       | 25500         | 1           
| + LUT                            | 95       | 17000         | 1           
|   + LUT as Logic                 | 95       |               |             
|   + LUT as Memory                | 0        |               |             
|     + LUT as Distributed RAM     | 0        |               |             
|   + LUT as Const                 | 0        |               |             
|   + LUT as Bypass                | 0        |               |             
| IO                               | 17       | 296           | 6           
| + IOBD                           | 8        | 64            | 13          
| + IOBR_LR                        | 0        | 7             | 0           
| + IOBR_TB                        | 1        | 8             | 13          
| + IOBS_LR                        | 1        | 161           | 1           
| + IOBS_TB                        | 7        | 56            | 13          
| APM                              | 0        | 84            | 0           
| BKCL                             | 3        | 4             | 75          
| CRYSTAL                          | 0        | 2             | 0           
| DLL                              | 0        | 10            | 0           
| DQSL                             | 0        | 18            | 0           
| DRM                              | 1        | 134           | 1           
| FUSECODE                         | 0        | 1             | 0           
| HARD0N1                          | 0        | 6672          | 0           
| HSST                             | 0        | 1             | 0           
| IOCKDIV                          | 0        | 20            | 0           
| IOCKDLY                          | 0        | 40            | 0           
| IOCKGATE                         | 0        | 20            | 0           
| + IOCKGATE as Bypass             | 0        |               |             
| IOL                              | 17       | 400           | 5           
| IPAL                             | 0        | 1             | 0           
| LDO                              | 0        | 4             | 0           
| OSC                              | 0        | 1             | 0           
| PCIE                             | 0        | 1             | 0           
| PLL                              | 0        | 5             | 0           
| RCKB                             | 0        | 24            | 0           
| + RCKB as Bypass                 | 0        |               |             
| RESCAL                           | 0        | 4             | 0           
| SCANCHAIN                        | 0        | 2             | 0           
| START                            | 1        | 1             | 100         
| UDID                             | 0        | 1             | 0           
| USCM                             | 1        | 30            | 4           
| + USCM as Bypass                 | 0        |               |             
+----------------------------------------------------------------------------+

Total placement takes 7.58 sec.
Finished placement.
Design 'flash_read_top' has been placed successfully.
Action place: Real time elapsed is 0h:0m:14s
Action place: CPU time elapsed is 0h:0m:10s
Action place: Process CPU time elapsed is 0h:0m:19s
Action place: Peak memory pool usage is 767 MB

Current time: Thu Oct  1 18:27:25 2026
