#Build: Fabric Compiler 2022.2, Build 117120, Feb 17 13:07 2023
#Install: D:\pango\PDS_2022.2\bin
#Application name: pds_shell.exe
#OS: Windows 10 10.0.18363
#Hostname: DESKTOP-6GABMIP
Generated by Fabric Compiler (version 2022.2 build 117120) at Fri Aug 11 16:59:06 2023
License checkout: fabric_ads
Compiling verification operator library.
Loading technology operator library.
Compiling technology operator library.
Compiling technology operator (valence) library.
I: Enable Verilog2k features and keywords
Start rtl-analyze.
Executing : .rtl_analyze -work work -include_path {D:/pango_fire/PG2L100H/9_hdmi_loop/hdmi_loop_pango} D:/pango_fire/PG2L100H/9_hdmi_loop/hdmi_loop_pango/source/new/hdmi_cfg.v
I: Verilog-0001: Analyzing file D:/pango_fire/PG2L100H/9_hdmi_loop/hdmi_loop_pango/source/new/hdmi_cfg.v
I: Verilog-0002: [D:/pango_fire/PG2L100H/9_hdmi_loop/hdmi_loop_pango/source/new/hdmi_cfg.v(line number: 10)] Analyzing module hdmi_cfg (library work)
Parsing done.
Executing : .rtl_analyze -work work -include_path {D:/pango_fire/PG2L100H/9_hdmi_loop/hdmi_loop_pango} D:/pango_fire/PG2L100H/9_hdmi_loop/hdmi_loop_pango/source/new/hdmi_cfg.v successfully.
Executing : .rtl_analyze -work work -include_path {D:/pango_fire/PG2L100H/9_hdmi_loop/hdmi_loop_pango} D:/pango_fire/PG2L100H/9_hdmi_loop/hdmi_loop_pango/source/new/hdmi_i2c.v
I: Verilog-0001: Analyzing file D:/pango_fire/PG2L100H/9_hdmi_loop/hdmi_loop_pango/source/new/hdmi_i2c.v
I: Verilog-0002: [D:/pango_fire/PG2L100H/9_hdmi_loop/hdmi_loop_pango/source/new/hdmi_i2c.v(line number: 10)] Analyzing module hdmi_i2c (library work)
Parsing done.
Executing : .rtl_analyze -work work -include_path {D:/pango_fire/PG2L100H/9_hdmi_loop/hdmi_loop_pango} D:/pango_fire/PG2L100H/9_hdmi_loop/hdmi_loop_pango/source/new/hdmi_i2c.v successfully.
Executing : .rtl_analyze -work work -include_path {D:/pango_fire/PG2L100H/9_hdmi_loop/hdmi_loop_pango} D:/pango_fire/PG2L100H/9_hdmi_loop/hdmi_loop_pango/source/new/hdmi_loop.v
I: Verilog-0001: Analyzing file D:/pango_fire/PG2L100H/9_hdmi_loop/hdmi_loop_pango/source/new/hdmi_loop.v
I: Verilog-0002: [D:/pango_fire/PG2L100H/9_hdmi_loop/hdmi_loop_pango/source/new/hdmi_loop.v(line number: 10)] Analyzing module hdmi_loop (library work)
Parsing done.
Executing : .rtl_analyze -work work -include_path {D:/pango_fire/PG2L100H/9_hdmi_loop/hdmi_loop_pango} D:/pango_fire/PG2L100H/9_hdmi_loop/hdmi_loop_pango/source/new/hdmi_loop.v successfully.
Executing : .rtl_analyze -work work -include_path {D:/pango_fire/PG2L100H/9_hdmi_loop/hdmi_loop_pango} D:/pango_fire/PG2L100H/9_hdmi_loop/hdmi_loop_pango/source/new/i2c_ctrl.v
I: Verilog-0001: Analyzing file D:/pango_fire/PG2L100H/9_hdmi_loop/hdmi_loop_pango/source/new/i2c_ctrl.v
I: Verilog-0002: [D:/pango_fire/PG2L100H/9_hdmi_loop/hdmi_loop_pango/source/new/i2c_ctrl.v(line number: 10)] Analyzing module i2c_ctrl (library work)
W: Verilog-2006: [D:/pango_fire/PG2L100H/9_hdmi_loop/hdmi_loop_pango/source/new/i2c_ctrl.v(line number: 37)] Ansi_parameter force parameter in body to localparam
W: Verilog-2006: [D:/pango_fire/PG2L100H/9_hdmi_loop/hdmi_loop_pango/source/new/i2c_ctrl.v(line number: 39)] Ansi_parameter force parameter in body to localparam
W: Verilog-2006: [D:/pango_fire/PG2L100H/9_hdmi_loop/hdmi_loop_pango/source/new/i2c_ctrl.v(line number: 41)] Ansi_parameter force parameter in body to localparam
Parsing done.
Executing : .rtl_analyze -work work -include_path {D:/pango_fire/PG2L100H/9_hdmi_loop/hdmi_loop_pango} D:/pango_fire/PG2L100H/9_hdmi_loop/hdmi_loop_pango/source/new/i2c_ctrl.v successfully.
I: Module "hdmi_loop" is set as top module.
Executing : rtl-analyze successfully. Time elapsed: 3.027s wall, 0.016s user + 0.031s system = 0.047s CPU (1.5%)

Start rtl-elaborate.
I: Verilog-0003: [D:/pango_fire/PG2L100H/9_hdmi_loop/hdmi_loop_pango/source/new/hdmi_loop.v(line number: 10)] Elaborating module hdmi_loop
W: Verilog-2017: [D:/pango_fire/PG2L100H/9_hdmi_loop/hdmi_loop_pango/source/new/hdmi_loop.v(line number: 18)] Attribute PAP_MARK_DEBUG has no value, give the default value 1
W: Verilog-2017: [D:/pango_fire/PG2L100H/9_hdmi_loop/hdmi_loop_pango/source/new/hdmi_loop.v(line number: 18)] Attribute PAP_MARK_DEBUG has no value, give the default value 1
W: Verilog-2017: [D:/pango_fire/PG2L100H/9_hdmi_loop/hdmi_loop_pango/source/new/hdmi_loop.v(line number: 19)] Attribute PAP_MARK_DEBUG has no value, give the default value 1
W: Verilog-2017: [D:/pango_fire/PG2L100H/9_hdmi_loop/hdmi_loop_pango/source/new/hdmi_loop.v(line number: 19)] Attribute PAP_MARK_DEBUG has no value, give the default value 1
W: Verilog-2017: [D:/pango_fire/PG2L100H/9_hdmi_loop/hdmi_loop_pango/source/new/hdmi_loop.v(line number: 20)] Attribute PAP_MARK_DEBUG has no value, give the default value 1
W: Verilog-2017: [D:/pango_fire/PG2L100H/9_hdmi_loop/hdmi_loop_pango/source/new/hdmi_loop.v(line number: 20)] Attribute PAP_MARK_DEBUG has no value, give the default value 1
W: Verilog-2017: [D:/pango_fire/PG2L100H/9_hdmi_loop/hdmi_loop_pango/source/new/hdmi_loop.v(line number: 21)] Attribute PAP_MARK_DEBUG has no value, give the default value 1
W: Verilog-2017: [D:/pango_fire/PG2L100H/9_hdmi_loop/hdmi_loop_pango/source/new/hdmi_loop.v(line number: 21)] Attribute PAP_MARK_DEBUG has no value, give the default value 1
W: Verilog-2017: [D:/pango_fire/PG2L100H/9_hdmi_loop/hdmi_loop_pango/source/new/hdmi_loop.v(line number: 22)] Attribute PAP_MARK_DEBUG has no value, give the default value 1
W: Verilog-2017: [D:/pango_fire/PG2L100H/9_hdmi_loop/hdmi_loop_pango/source/new/hdmi_loop.v(line number: 22)] Attribute PAP_MARK_DEBUG has no value, give the default value 1
W: Verilog-2017: [D:/pango_fire/PG2L100H/9_hdmi_loop/hdmi_loop_pango/source/new/hdmi_loop.v(line number: 23)] Attribute PAP_MARK_DEBUG has no value, give the default value 1
W: Verilog-2017: [D:/pango_fire/PG2L100H/9_hdmi_loop/hdmi_loop_pango/source/new/hdmi_loop.v(line number: 23)] Attribute PAP_MARK_DEBUG has no value, give the default value 1
W: Verilog-2017: [D:/pango_fire/PG2L100H/9_hdmi_loop/hdmi_loop_pango/source/new/hdmi_loop.v(line number: 25)] Attribute PAP_MARK_DEBUG has no value, give the default value 1
W: Verilog-2017: [D:/pango_fire/PG2L100H/9_hdmi_loop/hdmi_loop_pango/source/new/hdmi_loop.v(line number: 25)] Attribute PAP_MARK_DEBUG has no value, give the default value 1
W: Verilog-2017: [D:/pango_fire/PG2L100H/9_hdmi_loop/hdmi_loop_pango/source/new/hdmi_loop.v(line number: 26)] Attribute PAP_MARK_DEBUG has no value, give the default value 1
W: Verilog-2017: [D:/pango_fire/PG2L100H/9_hdmi_loop/hdmi_loop_pango/source/new/hdmi_loop.v(line number: 26)] Attribute PAP_MARK_DEBUG has no value, give the default value 1
W: Verilog-2017: [D:/pango_fire/PG2L100H/9_hdmi_loop/hdmi_loop_pango/source/new/hdmi_loop.v(line number: 27)] Attribute PAP_MARK_DEBUG has no value, give the default value 1
W: Verilog-2017: [D:/pango_fire/PG2L100H/9_hdmi_loop/hdmi_loop_pango/source/new/hdmi_loop.v(line number: 27)] Attribute PAP_MARK_DEBUG has no value, give the default value 1
W: Verilog-2017: [D:/pango_fire/PG2L100H/9_hdmi_loop/hdmi_loop_pango/source/new/hdmi_loop.v(line number: 28)] Attribute PAP_MARK_DEBUG has no value, give the default value 1
W: Verilog-2017: [D:/pango_fire/PG2L100H/9_hdmi_loop/hdmi_loop_pango/source/new/hdmi_loop.v(line number: 28)] Attribute PAP_MARK_DEBUG has no value, give the default value 1
W: Verilog-2017: [D:/pango_fire/PG2L100H/9_hdmi_loop/hdmi_loop_pango/source/new/hdmi_loop.v(line number: 29)] Attribute PAP_MARK_DEBUG has no value, give the default value 1
W: Verilog-2017: [D:/pango_fire/PG2L100H/9_hdmi_loop/hdmi_loop_pango/source/new/hdmi_loop.v(line number: 29)] Attribute PAP_MARK_DEBUG has no value, give the default value 1
W: Verilog-2017: [D:/pango_fire/PG2L100H/9_hdmi_loop/hdmi_loop_pango/source/new/hdmi_loop.v(line number: 30)] Attribute PAP_MARK_DEBUG has no value, give the default value 1
W: Verilog-2017: [D:/pango_fire/PG2L100H/9_hdmi_loop/hdmi_loop_pango/source/new/hdmi_loop.v(line number: 30)] Attribute PAP_MARK_DEBUG has no value, give the default value 1
W: Verilog-2017: [D:/pango_fire/PG2L100H/9_hdmi_loop/hdmi_loop_pango/source/new/hdmi_loop.v(line number: 18)] Attribute PAP_MARK_DEBUG has no value, give the default value 1
W: Verilog-2017: [D:/pango_fire/PG2L100H/9_hdmi_loop/hdmi_loop_pango/source/new/hdmi_loop.v(line number: 19)] Attribute PAP_MARK_DEBUG has no value, give the default value 1
W: Verilog-2017: [D:/pango_fire/PG2L100H/9_hdmi_loop/hdmi_loop_pango/source/new/hdmi_loop.v(line number: 20)] Attribute PAP_MARK_DEBUG has no value, give the default value 1
W: Verilog-2017: [D:/pango_fire/PG2L100H/9_hdmi_loop/hdmi_loop_pango/source/new/hdmi_loop.v(line number: 21)] Attribute PAP_MARK_DEBUG has no value, give the default value 1
W: Verilog-2017: [D:/pango_fire/PG2L100H/9_hdmi_loop/hdmi_loop_pango/source/new/hdmi_loop.v(line number: 22)] Attribute PAP_MARK_DEBUG has no value, give the default value 1
W: Verilog-2017: [D:/pango_fire/PG2L100H/9_hdmi_loop/hdmi_loop_pango/source/new/hdmi_loop.v(line number: 23)] Attribute PAP_MARK_DEBUG has no value, give the default value 1
W: Verilog-2017: [D:/pango_fire/PG2L100H/9_hdmi_loop/hdmi_loop_pango/source/new/hdmi_loop.v(line number: 25)] Attribute PAP_MARK_DEBUG has no value, give the default value 1
W: Verilog-2017: [D:/pango_fire/PG2L100H/9_hdmi_loop/hdmi_loop_pango/source/new/hdmi_loop.v(line number: 26)] Attribute PAP_MARK_DEBUG has no value, give the default value 1
W: Verilog-2017: [D:/pango_fire/PG2L100H/9_hdmi_loop/hdmi_loop_pango/source/new/hdmi_loop.v(line number: 27)] Attribute PAP_MARK_DEBUG has no value, give the default value 1
W: Verilog-2017: [D:/pango_fire/PG2L100H/9_hdmi_loop/hdmi_loop_pango/source/new/hdmi_loop.v(line number: 28)] Attribute PAP_MARK_DEBUG has no value, give the default value 1
W: Verilog-2017: [D:/pango_fire/PG2L100H/9_hdmi_loop/hdmi_loop_pango/source/new/hdmi_loop.v(line number: 29)] Attribute PAP_MARK_DEBUG has no value, give the default value 1
W: Verilog-2017: [D:/pango_fire/PG2L100H/9_hdmi_loop/hdmi_loop_pango/source/new/hdmi_loop.v(line number: 30)] Attribute PAP_MARK_DEBUG has no value, give the default value 1
I: Verilog-0004: [D:/pango_fire/PG2L100H/9_hdmi_loop/hdmi_loop_pango/source/new/hdmi_loop.v(line number: 69)] Elaborating instance hdmi_i2c_inst
I: Verilog-0003: [D:/pango_fire/PG2L100H/9_hdmi_loop/hdmi_loop_pango/source/new/hdmi_i2c.v(line number: 10)] Elaborating module hdmi_i2c
W: Verilog-2017: [D:/pango_fire/PG2L100H/9_hdmi_loop/hdmi_loop_pango/source/new/hdmi_i2c.v(line number: 15)] Attribute PAP_MARK_DEBUG has no value, give the default value 1
W: Verilog-2017: [D:/pango_fire/PG2L100H/9_hdmi_loop/hdmi_loop_pango/source/new/hdmi_i2c.v(line number: 15)] Attribute PAP_MARK_DEBUG has no value, give the default value 1
W: Verilog-2017: [D:/pango_fire/PG2L100H/9_hdmi_loop/hdmi_loop_pango/source/new/hdmi_i2c.v(line number: 16)] Attribute PAP_MARK_DEBUG has no value, give the default value 1
W: Verilog-2017: [D:/pango_fire/PG2L100H/9_hdmi_loop/hdmi_loop_pango/source/new/hdmi_i2c.v(line number: 16)] Attribute PAP_MARK_DEBUG has no value, give the default value 1
W: Verilog-2017: [D:/pango_fire/PG2L100H/9_hdmi_loop/hdmi_loop_pango/source/new/hdmi_i2c.v(line number: 17)] Attribute PAP_MARK_DEBUG has no value, give the default value 1
W: Verilog-2017: [D:/pango_fire/PG2L100H/9_hdmi_loop/hdmi_loop_pango/source/new/hdmi_i2c.v(line number: 17)] Attribute PAP_MARK_DEBUG has no value, give the default value 1
I: Module instance {hdmi_loop/hdmi_i2c_inst} parameter value:
    BIT_CTRL = 1'b0
    CLK_FREQ = 26'b10111110101111000010000000
    I2C_FREQ = 18'b111101000010010000
W: Verilog-2017: [D:/pango_fire/PG2L100H/9_hdmi_loop/hdmi_loop_pango/source/new/hdmi_i2c.v(line number: 15)] Attribute PAP_MARK_DEBUG has no value, give the default value 1
W: Verilog-2017: [D:/pango_fire/PG2L100H/9_hdmi_loop/hdmi_loop_pango/source/new/hdmi_i2c.v(line number: 16)] Attribute PAP_MARK_DEBUG has no value, give the default value 1
W: Verilog-2017: [D:/pango_fire/PG2L100H/9_hdmi_loop/hdmi_loop_pango/source/new/hdmi_i2c.v(line number: 17)] Attribute PAP_MARK_DEBUG has no value, give the default value 1
I: Verilog-0004: [D:/pango_fire/PG2L100H/9_hdmi_loop/hdmi_loop_pango/source/new/hdmi_i2c.v(line number: 39)] Elaborating instance i2c_ctrl_inst
I: Verilog-0003: [D:/pango_fire/PG2L100H/9_hdmi_loop/hdmi_loop_pango/source/new/i2c_ctrl.v(line number: 10)] Elaborating module i2c_ctrl
W: Verilog-2017: [D:/pango_fire/PG2L100H/9_hdmi_loop/hdmi_loop_pango/source/new/i2c_ctrl.v(line number: 19)] Attribute PAP_MARK_DEBUG has no value, give the default value 1
W: Verilog-2017: [D:/pango_fire/PG2L100H/9_hdmi_loop/hdmi_loop_pango/source/new/i2c_ctrl.v(line number: 19)] Attribute PAP_MARK_DEBUG has no value, give the default value 1
W: Verilog-2017: [D:/pango_fire/PG2L100H/9_hdmi_loop/hdmi_loop_pango/source/new/i2c_ctrl.v(line number: 22)] Attribute PAP_MARK_DEBUG has no value, give the default value 1
W: Verilog-2017: [D:/pango_fire/PG2L100H/9_hdmi_loop/hdmi_loop_pango/source/new/i2c_ctrl.v(line number: 22)] Attribute PAP_MARK_DEBUG has no value, give the default value 1
W: Verilog-2017: [D:/pango_fire/PG2L100H/9_hdmi_loop/hdmi_loop_pango/source/new/i2c_ctrl.v(line number: 23)] Attribute PAP_MARK_DEBUG has no value, give the default value 1
W: Verilog-2017: [D:/pango_fire/PG2L100H/9_hdmi_loop/hdmi_loop_pango/source/new/i2c_ctrl.v(line number: 23)] Attribute PAP_MARK_DEBUG has no value, give the default value 1
W: Verilog-2017: [D:/pango_fire/PG2L100H/9_hdmi_loop/hdmi_loop_pango/source/new/i2c_ctrl.v(line number: 24)] Attribute PAP_MARK_DEBUG has no value, give the default value 1
W: Verilog-2017: [D:/pango_fire/PG2L100H/9_hdmi_loop/hdmi_loop_pango/source/new/i2c_ctrl.v(line number: 24)] Attribute PAP_MARK_DEBUG has no value, give the default value 1
W: Verilog-2017: [D:/pango_fire/PG2L100H/9_hdmi_loop/hdmi_loop_pango/source/new/i2c_ctrl.v(line number: 26)] Attribute PAP_MARK_DEBUG has no value, give the default value 1
W: Verilog-2017: [D:/pango_fire/PG2L100H/9_hdmi_loop/hdmi_loop_pango/source/new/i2c_ctrl.v(line number: 26)] Attribute PAP_MARK_DEBUG has no value, give the default value 1
W: Verilog-2017: [D:/pango_fire/PG2L100H/9_hdmi_loop/hdmi_loop_pango/source/new/i2c_ctrl.v(line number: 28)] Attribute PAP_MARK_DEBUG has no value, give the default value 1
W: Verilog-2017: [D:/pango_fire/PG2L100H/9_hdmi_loop/hdmi_loop_pango/source/new/i2c_ctrl.v(line number: 28)] Attribute PAP_MARK_DEBUG has no value, give the default value 1
W: Verilog-2017: [D:/pango_fire/PG2L100H/9_hdmi_loop/hdmi_loop_pango/source/new/i2c_ctrl.v(line number: 61)] Attribute PAP_MARK_DEBUG has no value, give the default value 1
W: Verilog-2017: [D:/pango_fire/PG2L100H/9_hdmi_loop/hdmi_loop_pango/source/new/i2c_ctrl.v(line number: 64)] Attribute PAP_MARK_DEBUG has no value, give the default value 1
I: Module instance {hdmi_loop/hdmi_i2c_inst/i2c_ctrl_inst} parameter value:
    SYS_CLK_FREQ = 26'b10111110101111000010000000
    SCL_FREQ = 18'b111101000010010000
    CNT_CLK_MAX = 26'b00000000000000000000011001
    CNT_START_MAX = 8'b01100100
    IDLE = 4'b0000
    START_1 = 4'b0001
    SEND_D_ADDR = 4'b0010
    ACK_1 = 4'b0011
    SEND_B_ADDR_H = 4'b0100
    ACK_2 = 4'b0101
    SEND_B_ADDR_L = 4'b0110
    ACK_3 = 4'b0111
    WR_DATA = 4'b1000
    ACK_4 = 4'b1001
    START_2 = 4'b1010
    SEND_RD_ADDR = 4'b1011
    ACK_5 = 4'b1100
    RD_DATA = 4'b1101
    N_ACK = 4'b1110
    STOP = 4'b1111
W: Verilog-2017: [D:/pango_fire/PG2L100H/9_hdmi_loop/hdmi_loop_pango/source/new/i2c_ctrl.v(line number: 19)] Attribute PAP_MARK_DEBUG has no value, give the default value 1
W: Verilog-2017: [D:/pango_fire/PG2L100H/9_hdmi_loop/hdmi_loop_pango/source/new/i2c_ctrl.v(line number: 22)] Attribute PAP_MARK_DEBUG has no value, give the default value 1
W: Verilog-2017: [D:/pango_fire/PG2L100H/9_hdmi_loop/hdmi_loop_pango/source/new/i2c_ctrl.v(line number: 23)] Attribute PAP_MARK_DEBUG has no value, give the default value 1
W: Verilog-2017: [D:/pango_fire/PG2L100H/9_hdmi_loop/hdmi_loop_pango/source/new/i2c_ctrl.v(line number: 24)] Attribute PAP_MARK_DEBUG has no value, give the default value 1
W: Verilog-2017: [D:/pango_fire/PG2L100H/9_hdmi_loop/hdmi_loop_pango/source/new/i2c_ctrl.v(line number: 26)] Attribute PAP_MARK_DEBUG has no value, give the default value 1
W: Verilog-2017: [D:/pango_fire/PG2L100H/9_hdmi_loop/hdmi_loop_pango/source/new/i2c_ctrl.v(line number: 28)] Attribute PAP_MARK_DEBUG has no value, give the default value 1
I: Verilog-0004: [D:/pango_fire/PG2L100H/9_hdmi_loop/hdmi_loop_pango/source/new/hdmi_i2c.v(line number: 59)] Elaborating instance hdmi_cfg_inst
I: Verilog-0003: [D:/pango_fire/PG2L100H/9_hdmi_loop/hdmi_loop_pango/source/new/hdmi_cfg.v(line number: 10)] Elaborating module hdmi_cfg
W: Verilog-2017: [D:/pango_fire/PG2L100H/9_hdmi_loop/hdmi_loop_pango/source/new/hdmi_cfg.v(line number: 14)] Attribute PAP_MARK_DEBUG has no value, give the default value 1
W: Verilog-2017: [D:/pango_fire/PG2L100H/9_hdmi_loop/hdmi_loop_pango/source/new/hdmi_cfg.v(line number: 14)] Attribute PAP_MARK_DEBUG has no value, give the default value 1
W: Verilog-2017: [D:/pango_fire/PG2L100H/9_hdmi_loop/hdmi_loop_pango/source/new/hdmi_cfg.v(line number: 16)] Attribute PAP_MARK_DEBUG has no value, give the default value 1
W: Verilog-2017: [D:/pango_fire/PG2L100H/9_hdmi_loop/hdmi_loop_pango/source/new/hdmi_cfg.v(line number: 16)] Attribute PAP_MARK_DEBUG has no value, give the default value 1
W: Verilog-2017: [D:/pango_fire/PG2L100H/9_hdmi_loop/hdmi_loop_pango/source/new/hdmi_cfg.v(line number: 17)] Attribute PAP_MARK_DEBUG has no value, give the default value 1
W: Verilog-2017: [D:/pango_fire/PG2L100H/9_hdmi_loop/hdmi_loop_pango/source/new/hdmi_cfg.v(line number: 17)] Attribute PAP_MARK_DEBUG has no value, give the default value 1
W: Verilog-2017: [D:/pango_fire/PG2L100H/9_hdmi_loop/hdmi_loop_pango/source/new/hdmi_cfg.v(line number: 18)] Attribute PAP_MARK_DEBUG has no value, give the default value 1
W: Verilog-2017: [D:/pango_fire/PG2L100H/9_hdmi_loop/hdmi_loop_pango/source/new/hdmi_cfg.v(line number: 18)] Attribute PAP_MARK_DEBUG has no value, give the default value 1
I: Module instance {hdmi_loop/hdmi_i2c_inst/hdmi_cfg_inst} parameter value:
    REG_NUM = 7'b0000110
    CNT_WAIT_MAX = 10'b1111111111
W: Verilog-2017: [D:/pango_fire/PG2L100H/9_hdmi_loop/hdmi_loop_pango/source/new/hdmi_cfg.v(line number: 14)] Attribute PAP_MARK_DEBUG has no value, give the default value 1
W: Verilog-2017: [D:/pango_fire/PG2L100H/9_hdmi_loop/hdmi_loop_pango/source/new/hdmi_cfg.v(line number: 16)] Attribute PAP_MARK_DEBUG has no value, give the default value 1
W: Verilog-2017: [D:/pango_fire/PG2L100H/9_hdmi_loop/hdmi_loop_pango/source/new/hdmi_cfg.v(line number: 17)] Attribute PAP_MARK_DEBUG has no value, give the default value 1
W: Verilog-2017: [D:/pango_fire/PG2L100H/9_hdmi_loop/hdmi_loop_pango/source/new/hdmi_cfg.v(line number: 18)] Attribute PAP_MARK_DEBUG has no value, give the default value 1
W: Verilog-2023: [D:/pango_fire/PG2L100H/9_hdmi_loop/hdmi_loop_pango/source/new/hdmi_i2c.v(line number: 39)] Give initial value 0 for the no drive pin rd_en in module instance hdmi_loop/hdmi_i2c_inst.i2c_ctrl_inst
Executing : rtl-elaborate successfully. Time elapsed: 0.022s wall, 0.016s user + 0.016s system = 0.031s CPU (144.9%)

Start rtl-prep.
Executing : rtl-prep successfully. Time elapsed: 0.011s wall, 0.000s user + 0.000s system = 0.000s CPU (n/a%)

Start rtl-infer.
Start DFF-inference.
W: Sdm-2004: [D:/pango_fire/PG2L100H/9_hdmi_loop/hdmi_loop_pango/source/new/i2c_ctrl.v(line number: 69)] Latch is generated for signal i2c_sda_reg, possible missing assignment in an if or case statement.
W: Sdm-2004: [D:/pango_fire/PG2L100H/9_hdmi_loop/hdmi_loop_pango/source/new/i2c_ctrl.v(line number: 70)] Latch is generated for signal rd_data_reg, possible missing assignment in an if or case statement.
W: Sdm-2004: [D:/pango_fire/PG2L100H/9_hdmi_loop/hdmi_loop_pango/source/new/i2c_ctrl.v(line number: 68)] Latch is generated for signal ack, possible missing assignment in an if or case statement.
Executing : DFF-inference successfully.
Executing : rtl-infer successfully. Time elapsed: 0.143s wall, 0.047s user + 0.094s system = 0.141s CPU (98.1%)

Start rtl-control-opt.
Executing : rtl-control-opt successfully. Time elapsed: 0.004s wall, 0.016s user + 0.000s system = 0.016s CPU (409.5%)

Start rtl-data-opt.
Executing : rtl-data-opt successfully. Time elapsed: 0.019s wall, 0.016s user + 0.000s system = 0.016s CPU (81.9%)

Start FSM inference.
I: FSM state_fsm[3:0] inferred.
Executing : FSM inference successfully. Time elapsed: 0.054s wall, 0.016s user + 0.016s system = 0.031s CPU (58.0%)

Start sdm2adm.
W: Loop was found during constant probe.
W: Loop was found during constant probe.
W: Loop was found during constant probe.
W: Loop was found during constant probe.
W: Loop was found during constant probe.
I: Constant propagation done on N896 (bmsPMUX).
I: Constant propagation done on N421 (bmsWIDEMUX).
I: Constant propagation done on N454 (bmsWIDEMUX).
I: Constant propagation done on N982_1 (bmsWIDEMUX).
W: Loop was found during constant probe.
W: Loop was found during constant probe.
I: Constant propagation done on N69 (bmsWIDEMUX).
Executing : sdm2adm successfully. Time elapsed: 0.044s wall, 0.031s user + 0.016s system = 0.047s CPU (106.0%)

Saving design to DB.
Action compile: Real time elapsed is 0h:0m:6s
Action compile: CPU time elapsed is 0h:0m:1s
Action compile: Process CPU time elapsed is 0h:0m:1s
Current time: Fri Aug 11 16:59:10 2023
Action compile: Peak memory pool usage is 137 MB
