------------------------------------------------------------------------------------------------------------------------------------------------------
Notes: 
  Total_num: the numbers of add/sub in rtl
  Module Name: the module name of the instantiated module calling directly the add/sub sub module
  Location/Inst Name: if linefile info exists(no optimization), print the codes location of add/sub in rtl, else print the inst name
  Count: the amount of lutcarry for add/sub
  Number: the numbers of add/sub with the same lutcarry counts and linefile
  LUT Total Nums from Add and Sub : 60
------------------------------------------------------------------------------------------------------------------------------------------------------

-------------------------------------------------------------------------------------------------------------------------------------------
Detailed RTL Component Info :
-----Add Total Nums : 5
-----Sub Total Nums : 0
-----LUT Total Nums from Add and Sub : 60

Add_Sub: Initial Mapping Report :
|------------------------|---------|---------|---------|-----------------------------------------------------|
|Module Name             |Type     |Count    |Number   |Location/Inst Name                                   |
|------------------------|---------|---------|---------|-----------------------------------------------------|
|ms7200_ctl              |Add      |9        |1        |../../../src/ms7200_ctl.v:487                        |
|------------------------|---------|---------|---------|-----------------------------------------------------|
|ms7200_ctl              |Add      |9        |1        |../../../src/ms7200_ctl.v:629                        |
|------------------------|---------|---------|---------|-----------------------------------------------------|
|ms7210_ctl              |Add      |22       |1        |../../../src/ms7210_ctl.v:225                        |
|------------------------|---------|---------|---------|-----------------------------------------------------|
|ms7210_ctl              |Add      |6        |1        |../../../src/ms7210_ctl.v:291                        |
|------------------------|---------|---------|---------|-----------------------------------------------------|
|hdmi_loop               |Add      |14       |1        |../../../src/hdmi_loop.v:97                          |
|------------------------|---------|---------|---------|-----------------------------------------------------|
-------------------------------------------------------------------------------------------------------------------------------------------
