#Build: Fabric Compiler 2025.2, Build 211867, Jan 16 16:10 2026
#Install: D:\pango\PDS_2025.2-ads\bin
#Application name: pds_shell.exe
#OS: Windows 11 10.0.26100
#CPU: Unknown
#RAM(GB): 16
#Hostname: hustlyrm
#Generated by Fabric Compiler (version 2025.2 build 211867) at Wed Sep 30 21:33:28 2026
Parameters for debugging are loaded as follows:
Compiling verification operator library.
Compiling vendor parameter file.
Compiling common defs.
Compiling prim grid devices.
Compiling place grid timing.
Compiling gate devices.
Compiling gate operators.
Compiling gate operators impls.
Building architecture model.
Loading device packaging model.
Building architecture floorplan logic view.
Constraint check start.
W: ConstraintEditor-4042: Port 'sys_qspi_dq[0]' lacks attribute 'SLEW', it's better to set the attribute for port.
W: ConstraintEditor-4042: Port 'sys_qspi_dq[0]' lacks attribute 'DRIVE', it's better to set the attribute for port.
W: ConstraintEditor-4042: Port 'sys_qspi_dq[0]' lacks attribute 'BUS_KEEPER', it's better to set the attribute for port.
W: ConstraintEditor-4040: [D:/pango/works/ECSDC_FPGA_2026/prj_tasks/pnr_1/device_map/flash_read_top.pcf(line number: 3)] Port sys_qspi_dq[0] has been placed at location AB20, whose type is share pin.
W: ConstraintEditor-4042: Port 'sys_qspi_dq[1]' lacks attribute 'SLEW', it's better to set the attribute for port.
W: ConstraintEditor-4042: Port 'sys_qspi_dq[1]' lacks attribute 'DRIVE', it's better to set the attribute for port.
W: ConstraintEditor-4042: Port 'sys_qspi_dq[1]' lacks attribute 'BUS_KEEPER', it's better to set the attribute for port.
W: ConstraintEditor-4040: [D:/pango/works/ECSDC_FPGA_2026/prj_tasks/pnr_1/device_map/flash_read_top.pcf(line number: 4)] Port sys_qspi_dq[1] has been placed at location AA20, whose type is share pin.
W: ConstraintEditor-4042: Port 'sys_qspi_dq[2]' lacks attribute 'SLEW', it's better to set the attribute for port.
W: ConstraintEditor-4042: Port 'sys_qspi_dq[2]' lacks attribute 'DRIVE', it's better to set the attribute for port.
W: ConstraintEditor-4042: Port 'sys_qspi_dq[2]' lacks attribute 'BUS_KEEPER', it's better to set the attribute for port.
W: ConstraintEditor-4040: [D:/pango/works/ECSDC_FPGA_2026/prj_tasks/pnr_1/device_map/flash_read_top.pcf(line number: 5)] Port sys_qspi_dq[2] has been placed at location R13, whose type is share pin.
W: ConstraintEditor-4042: Port 'sys_qspi_dq[3]' lacks attribute 'SLEW', it's better to set the attribute for port.
W: ConstraintEditor-4042: Port 'sys_qspi_dq[3]' lacks attribute 'DRIVE', it's better to set the attribute for port.
W: ConstraintEditor-4042: Port 'sys_qspi_dq[3]' lacks attribute 'BUS_KEEPER', it's better to set the attribute for port.
W: ConstraintEditor-4040: [D:/pango/works/ECSDC_FPGA_2026/prj_tasks/pnr_1/device_map/flash_read_top.pcf(line number: 6)] Port sys_qspi_dq[3] has been placed at location T14, whose type is share pin.
W: ConstraintEditor-4042: Port 'sys_cp2102_tx' lacks attribute 'SLEW', it's better to set the attribute for port.
W: ConstraintEditor-4042: Port 'sys_cp2102_tx' lacks attribute 'DRIVE', it's better to set the attribute for port.
W: ConstraintEditor-4042: Port 'sys_led[0]' lacks attribute 'SLEW', it's better to set the attribute for port.
W: ConstraintEditor-4042: Port 'sys_led[0]' lacks attribute 'DRIVE', it's better to set the attribute for port.
W: ConstraintEditor-4042: Port 'sys_led[0]' lacks attribute 'BUS_KEEPER', it's better to set the attribute for port.
W: ConstraintEditor-4042: Port 'sys_led[1]' lacks attribute 'SLEW', it's better to set the attribute for port.
W: ConstraintEditor-4042: Port 'sys_led[1]' lacks attribute 'DRIVE', it's better to set the attribute for port.
W: ConstraintEditor-4042: Port 'sys_led[1]' lacks attribute 'BUS_KEEPER', it's better to set the attribute for port.
W: ConstraintEditor-4042: Port 'sys_led[2]' lacks attribute 'SLEW', it's better to set the attribute for port.
W: ConstraintEditor-4042: Port 'sys_led[2]' lacks attribute 'DRIVE', it's better to set the attribute for port.
W: ConstraintEditor-4042: Port 'sys_led[2]' lacks attribute 'BUS_KEEPER', it's better to set the attribute for port.
W: ConstraintEditor-4042: Port 'sys_led[3]' lacks attribute 'SLEW', it's better to set the attribute for port.
W: ConstraintEditor-4042: Port 'sys_led[3]' lacks attribute 'DRIVE', it's better to set the attribute for port.
W: ConstraintEditor-4042: Port 'sys_led[3]' lacks attribute 'BUS_KEEPER', it's better to set the attribute for port.
W: ConstraintEditor-4042: Port 'sys_led[4]' lacks attribute 'SLEW', it's better to set the attribute for port.
W: ConstraintEditor-4042: Port 'sys_led[4]' lacks attribute 'DRIVE', it's better to set the attribute for port.
W: ConstraintEditor-4042: Port 'sys_led[4]' lacks attribute 'BUS_KEEPER', it's better to set the attribute for port.
W: ConstraintEditor-4042: Port 'sys_led[5]' lacks attribute 'SLEW', it's better to set the attribute for port.
W: ConstraintEditor-4042: Port 'sys_led[5]' lacks attribute 'DRIVE', it's better to set the attribute for port.
W: ConstraintEditor-4042: Port 'sys_led[5]' lacks attribute 'BUS_KEEPER', it's better to set the attribute for port.
W: ConstraintEditor-4042: Port 'sys_led[6]' lacks attribute 'SLEW', it's better to set the attribute for port.
W: ConstraintEditor-4042: Port 'sys_led[6]' lacks attribute 'DRIVE', it's better to set the attribute for port.
W: ConstraintEditor-4042: Port 'sys_led[6]' lacks attribute 'BUS_KEEPER', it's better to set the attribute for port.
W: ConstraintEditor-4042: Port 'sys_led[7]' lacks attribute 'SLEW', it's better to set the attribute for port.
W: ConstraintEditor-4042: Port 'sys_led[7]' lacks attribute 'DRIVE', it's better to set the attribute for port.
W: ConstraintEditor-4042: Port 'sys_led[7]' lacks attribute 'BUS_KEEPER', it's better to set the attribute for port.
W: ConstraintEditor-4042: Port 'sys_qspi_csn' lacks attribute 'SLEW', it's better to set the attribute for port.
W: ConstraintEditor-4042: Port 'sys_qspi_csn' lacks attribute 'DRIVE', it's better to set the attribute for port.
W: ConstraintEditor-4042: Port 'sys_qspi_csn' lacks attribute 'BUS_KEEPER', it's better to set the attribute for port.
W: ConstraintEditor-4040: [D:/pango/works/ECSDC_FPGA_2026/prj_tasks/pnr_1/device_map/flash_read_top.pcf(line number: 16)] Port sys_qspi_csn has been placed at location AA3, whose type is share pin.
W: ConstraintEditor-4042: Port 'sys_qspi_sck' lacks attribute 'SLEW', it's better to set the attribute for port.
W: ConstraintEditor-4042: Port 'sys_qspi_sck' lacks attribute 'DRIVE', it's better to set the attribute for port.
W: ConstraintEditor-4042: Port 'sys_qspi_sck' lacks attribute 'BUS_KEEPER', it's better to set the attribute for port.
W: ConstraintEditor-4040: [D:/pango/works/ECSDC_FPGA_2026/prj_tasks/pnr_1/device_map/flash_read_top.pcf(line number: 17)] Port sys_qspi_sck has been placed at location Y20, whose type is share pin.
W: ConstraintEditor-4040: [D:/pango/works/ECSDC_FPGA_2026/prj_tasks/pnr_1/device_map/flash_read_top.pcf(line number: 19)] Port sys_rstn has been placed at location AB13, whose type is share pin.
C: ConstraintEditor-2022: There are some ports' attributes are set to default value, please read [D:/pango/works/ECSDC_FPGA_2026/prj_tasks/pnr_1/place_route/ports_defalut_attribute.txt(line number:0)] to confirm.
Found 0 error(s), 1 critical warning(s), 51 warning(s), out of 17 constraint(s)
Constraint check end.
Total time(hh:mm:ss) of constraint check : 00:00:00
Elaborate the liberty model.
I: Multithreading enabled for Timing using a maximum of 4 processes.
Placement started. Type: EP_COMMON_FLOW.

Stage 1 EP_INIT start.
Stage: after EP_INIT | Time (s): real = 0h:0m:5s ; cpu = 0h:0m:4s ; process = 0h:0m:6s | Memory (MB): curr = 439.222656 ; peak = 440.226562 | Checksum: 10BE45A14DF203CA

Design Layer Utilization:
	LUT: 0.645%
	FF: 0.441%
	DRM: 0.746%
	IO: 4.864%

Stage 2 EP_DL start.
build place dedicate switch graph takes 1.14 sec
Place location constraint group with base node:sys_clk_50mhz_ibuf/opit_1 at IOL_327_210
Place location constraint group with base node:sys_cp2102_tx_obuf/opit_1 at IOL_43_6
Place location constraint group with base node:sys_led_obuf[0]/opit_1 at IOL_19_374
Place location constraint group with base node:sys_led_obuf[1]/opit_1 at IOL_19_373
Place location constraint group with base node:sys_led_obuf[2]/opit_1 at IOL_35_374
Place location constraint group with base node:sys_led_obuf[3]/opit_1 at IOL_35_373
Place location constraint group with base node:sys_led_obuf[4]/opit_1 at IOL_67_374
Place location constraint group with base node:sys_led_obuf[5]/opit_1 at IOL_67_373
Place location constraint group with base node:sys_led_obuf[6]/opit_1 at IOL_47_374
Place location constraint group with base node:sys_led_obuf[7]/opit_1 at IOL_47_373
Place location constraint group with base node:sys_qspi_csn_obuf/opit_1 at IOL_15_5
Place location constraint group with base node:sys_qspi_sck_obuf/opit_1 at IOL_323_6
Place location constraint group with base node:sys_rstn_ibuf/opit_1 at IOL_167_5
Place location constraint group with base node:u_flash_top.u_flash_driver.u_qspi_master_rx.sys_qspi_dq_tri[0]/opit_1 at IOL_315_5
Place location constraint group with base node:u_flash_top.u_flash_driver.u_qspi_master_rx.sys_qspi_dq_tri[1]/opit_1 at IOL_315_6
Place location constraint group with base node:u_flash_top.u_flash_driver.u_qspi_master_rx.sys_qspi_dq_tri[2]/opit_1 at IOL_247_6
Place location constraint group with base node:u_flash_top.u_flash_driver.u_qspi_master_rx.sys_qspi_dq_tri[3]/opit_1 at IOL_247_5
Place location constraint node:BKCL_auto_0 at BKCL_188_376
Place location constraint node:BKCL_auto_1 at BKCL_328_184
Place location constraint node:BKCL_auto_2 at BKCL_192_0
DRCP Convert Loc Constraint successful.

Stage 2.1 pre clock plan start.
Mapping instance GRS_INST/grs to START_324_2.
I: Clock statistic: 1 USCM.
solve clock designs takes 0.00 sec with memory (MB): curr = 513.554688, peak = 516.308594.
Mapping instance clkbufg_0/gopclkbufg to USCM_84_108:impl_uscm_rtb_a-USCM.
Stage: after pre clock plan | Time (s): real = 0h:0m:6s ; cpu = 0h:0m:5s ; process = 0h:0m:7s | Memory (MB): curr = 513.707031 ; peak = 516.308594

Place location constraint node:clkbufg_0/gopclkbufg at USCM_84_108
DRCP Convert Loc Constraint successful.
Stage: after EP_DL | Time (s): real = 0h:0m:7s ; cpu = 0h:0m:5s ; process = 0h:0m:7s | Memory (MB): curr = 513.808594 ; peak = 516.308594 | Checksum: 47E3D71307C82DA2


Stage 3 EP_FIP start.
DRCP Convert Loc Constraint successful.

Stage 3.1 fip global place start.
[GP] num_thread=0
I: Multithreading enabled for place using a maximum of 4 processes.
[GP] Placement Initial Method "Quad".
[GP] Placement Decongestion Mode "1".
[GP] Recovery Analysis in GP "Enable".
I: Loading Timing Delay Info...
I: Load Timing Delay Info successfully.
Init coarse delay table.
Read place coarse delay table takes 0.31 sec.
[GP] Init timing API takes 1.60 sec.
[GP] Init GP graph takes 1.68 sec.
Device graph total memory: 11.16541767 MB
[GP] Read position from netlist take 0 msec
[GP] Total node move: 34733.50, average node move: 93.62
First map gop timing takes 0.00 sec
[GP] SA handle 2 clusters.
[GP] SA init_cost = 80739.750000, final_cost = 80739.750000, final_cost/init_cost = 1.000000, occupied region_num = 2.
[GP] SA Optimize take time: 0.003000 sec.
[GP] Timing analysis take 0.010000 secs.
[GP] MarginTNSS=0, TNSS=0, WSS=12517
[GP] Place thread size: 4
[GP] Node size: 9531, net size: 490
[GP] Design graph total memory: 32.80945492 MB
[GP] Timing analysis take 0.010000 secs.
[GP] MarginTNSS=0, TNSS=0, WSS=13740
[GP] Step 0 take 0.065 secs: WL=1762.00 OF=0.660095
[GP] Timing analysis take 0.011000 secs.
[GP] MarginTNSS=0, TNSS=0, WSS=13498
[GP] Step 1 take 0.453 secs: WL=1832.65 OF=0.573623
[GP] Timing analysis take 0.009000 secs.
[GP] MarginTNSS=0, TNSS=0, WSS=13676
[GP] Step 2 take 0.450 secs: WL=1575.43 OF=0.478606
[GP] Timing analysis take 0.011000 secs.
[GP] MarginTNSS=0, TNSS=0, WSS=14060
[GP] Step 3 take 0.534 secs: WL=1474.63 OF=0.472539
[GP] Timing analysis take 0.012000 secs.
[GP] MarginTNSS=0, TNSS=0, WSS=14188
[GP] Step 4 take 0.492 secs: WL=1456.04 OF=0.404008
[GP] Timing analysis take 0.010000 secs.
[GP] MarginTNSS=0, TNSS=0, WSS=14134
[GP] Step 5 take 0.438 secs: WL=1457.14 OF=0.326294
[GP] Timing analysis take 0.009000 secs.
[GP] MarginTNSS=0, TNSS=0, WSS=14585
[GP] Step 6 take 0.438 secs: WL=1491.20 OF=0.271705
[GP] Timing analysis take 0.011000 secs.
[GP] MarginTNSS=0, TNSS=0, WSS=14585
[GP] Step 7 take 0.463 secs: WL=1561.72 OF=0.221647
[GP] Timing analysis take 0.009000 secs.
[GP] MarginTNSS=0, TNSS=0, WSS=14244
[GP] Step 8 take 0.439 secs: WL=2235.25 OF=0.176588
[GP] Timing analysis take 0.009000 secs.
[GP] MarginTNSS=0, TNSS=0, WSS=14204
[GP] Timing analysis take 0.011000 secs.
[GP] MarginTNSS=0, TNSS=0, WSS=14205
[GP] Step 9 take 0.433 secs: WL=1882.21 OF=0.109625
[GP] Timing analysis take 0.013000 secs.
[GP] MarginTNSS=0, TNSS=0, WSS=14184
[GP] Final best WL=1872.964496 OF=0.075833, totally takes 4.327000 secs, run timing analysis 13 times totally takes 0.135000 secs.
[GP] Total node move: 51131.32, average node move: 137.82
[GP] Placer use memory: 14.84469986 MB
Stage: after fip global place | Performance: WL = 1684 ; TNS =  0 ; WNS =  14184 | Time (s): real = 0h:0m:13s ; cpu = 0h:0m:10s ; process = 0h:0m:19s | Memory (MB): curr = 658.105469 ; peak = 676.949219 | Checksum: A2CCBAEAEA2511C4

Flat initial placement flow takes 5.203.
Stage: after EP_FIP | Performance: WL = 1684 ; TNS =  0 ; WNS =  14184 | Time (s): real = 0h:0m:13s ; cpu = 0h:0m:10s ; process = 0h:0m:19s | Memory (MB): curr = 659.285156 ; peak = 676.949219 | Checksum: A2CCBAEAEA2511C4


Stage 4 EP_CAGP start.

Stage 4.1 cagp site packing start.
Stage: after pack legalize group | Performance: avg_mov = 0.000000 ; max_mov = 0 ; mov_var = 0.000000
Stage: after cagp site packing | Performance: WL = 2910 | Time (s): real = 0h:0m:13s ; cpu = 0h:0m:10s ; process = 0h:0m:19s | Memory (MB): curr = 680.339844 ; peak = 684.585938 | Checksum: 47C8B09EFC8888E7


Stage 4.2 cagp macro placement start.
Stage: after cagp macro placement | Performance: WL = 2910 | Time (s): real = 0h:0m:13s ; cpu = 0h:0m:10s ; process = 0h:0m:19s | Memory (MB): curr = 680.757812 ; peak = 684.585938 | Checksum: 47C8B09EFC8888E7


Stage 4.3 post clock plan start.
pre solve all clock design takes 0.00 sec with memory (MB): curr = 680.960938, peak = 684.585938.
CRA timing analysis with worst slack 13989 takes 0.00 sec.
CRA cost 0 takes 0.02 sec.
solve all clock design takes 0.02 sec with memory (MB): curr = 681.617188, peak = 684.585938.
expand load region takes 0.00 sec.
Stage: after post clock plan | Time (s): real = 0h:0m:13s ; cpu = 0h:0m:10s ; process = 0h:0m:20s | Memory (MB): curr = 681.750000 ; peak = 684.585938

Movement during CRA, max : (0, 0) , total : (0, 0) , count : 0 , avg : (0, 0) .
Stage: after EP_CAGP | Performance: WL = 2910 ; TNS =  0 ; WNS =  13989 | Time (s): real = 0h:0m:13s ; cpu = 0h:0m:10s ; process = 0h:0m:20s | Memory (MB): curr = 681.761719 ; peak = 684.585938 | Checksum: A28CB563FFDBFB67


Stage 5 EP_DRCP start.

Stage 5.1 DRC Placement start.
DRC final successful.
Stage: after DRC Placement | Time (s): real = 0h:0m:13s ; cpu = 0h:0m:10s ; process = 0h:0m:20s | Memory (MB): curr = 681.765625 ; peak = 684.585938


Stage 5.2 IO Placement start.
The average distance in IO place is 0.000000.
Stage: after IO Placement | Time (s): real = 0h:0m:13s ; cpu = 0h:0m:10s ; process = 0h:0m:20s | Memory (MB): curr = 681.929688 ; peak = 684.585938

Stage: after EP_DRCP | Performance: WL = 2910 ; TNS =  0 ; WNS =  13989 | Time (s): real = 0h:0m:13s ; cpu = 0h:0m:10s ; process = 0h:0m:20s | Memory (MB): curr = 681.929688 ; peak = 684.585938 | Checksum: CE5F828F8D7FBFF


Stage 6 EP_MP start.

Stage 6.1 macro place start.
The average distance of DRM is 0.000000, The max distance of DRM is 0.000000
Stage: after macro place | Performance: WL = 2956 | Time (s): real = 0h:0m:13s ; cpu = 0h:0m:10s ; process = 0h:0m:20s | Memory (MB): curr = 682.039062 ; peak = 684.585938 | Checksum: 8B7D3A1EFE7BEBCA


Stage 6.2 mp post global place start.
[GP] num_thread=0
I: Multithreading enabled for place using a maximum of 4 processes.
[GP] Init timing API takes 0.00 sec.
[GP] Init GP graph takes 0.01 sec.
Device graph total memory: 11.16893482 MB
[GP] Read position from netlist take 0 msec
[GP] Timing analysis take 0.053000 secs.
[GP] MarginTNSS=0, TNSS=0, WSS=13989
[GP] Place thread size: 4
[GP] Node size: 9203, net size: 454
[GP] Design graph total memory: 28.58848572 MB
[GP] Timing analysis take 0.007000 secs.
[GP] MarginTNSS=0, TNSS=0, WSS=14340
[GP] Step 0 take 0.031 secs: WL=2246.47 OF=0.270798
[GP] Timing analysis take 0.007000 secs.
[GP] MarginTNSS=0, TNSS=0, WSS=14324
[GP] Step 1 take 0.202 secs: WL=1914.25 OF=0.326746
[GP] Timing analysis take 0.007000 secs.
[GP] MarginTNSS=0, TNSS=0, WSS=14425
[GP] Step 2 take 0.206 secs: WL=1950.98 OF=0.260926
[GP] Timing analysis take 0.008000 secs.
[GP] MarginTNSS=0, TNSS=0, WSS=14256
[GP] Step 3 take 0.238 secs: WL=1986.30 OF=0.194999
[GP] Timing analysis take 0.008000 secs.
[GP] MarginTNSS=0, TNSS=0, WSS=14202
[GP] Step 4 take 0.213 secs: WL=2036.21 OF=0.131506
[GP] Timing analysis take 0.007000 secs.
[GP] MarginTNSS=0, TNSS=0, WSS=14209
[GP] Step 5 take 0.214 secs: WL=2089.25 OF=0.079073
[GP] Timing analysis take 0.012000 secs.
[GP] MarginTNSS=0, TNSS=0, WSS=14209
[GP] Final best WL=2094.466076 OF=0.073009, totally takes 1.147000 secs, run timing analysis 8 times totally takes 0.109000 secs.
[GP] Total node move: 620.05, average node move: 3.71
[GP] Placer use memory: 5.85689545 MB
Stage: after mp post global place | Performance: WL = 1947 ; TNS =  0 ; WNS =  14209 | Time (s): real = 0h:0m:15s ; cpu = 0h:0m:11s ; process = 0h:0m:22s | Memory (MB): curr = 677.332031 ; peak = 684.585938 | Checksum: 626180CC82E09C06

MP flow takes 0.969.
Stage: after EP_MP | Performance: WL = 1947 ; TNS =  0 ; WNS =  14209 | Time (s): real = 0h:0m:15s ; cpu = 0h:0m:11s ; process = 0h:0m:22s | Memory (MB): curr = 677.335938 ; peak = 684.585938 | Checksum: 626180CC82E09C06


Stage 7 EP_LP start.
Stage: after legalization | Performance: avg_mov = 0.085106 ; max_mov = 1 ; mov_var = 0.077863
Legalize placement flow takes 0.016.
Stage: after EP_LP | Performance: WL = 1966 ; TNS =  0 ; WNS =  14233 | Time (s): real = 0h:0m:15s ; cpu = 0h:0m:11s ; process = 0h:0m:22s | Memory (MB): curr = 678.984375 ; peak = 684.585938 | Checksum: EFFCD19F45E4B4E3


Stage 8 EP_DP start.
Stage: before DP | Performance: WL = 1966 ; TNS = 0 ; WNS = 14233
Stage: after DP | Performance: WL = 1966 ; TNS = 0 ; WNS = 14233
EP_DP takes 0 sec.
Stage: after EP_DP | Performance: WL = 1966 ; TNS =  0 ; WNS =  14233 | Time (s): real = 0h:0m:15s ; cpu = 0h:0m:11s ; process = 0h:0m:23s | Memory (MB): curr = 679.718750 ; peak = 684.585938 | Checksum: EFFCD19F45E4B4E3


Stage 9 EP_FP start.
AutoDRC Flow for Design Check After Place Start.
AutoDRC Flow for Design Check After Place End.
Stage: after EP_FP | Performance: WL = 1966 ; TNS =  0 ; WNS =  14233 | Time (s): real = 0h:0m:15s ; cpu = 0h:0m:11s ; process = 0h:0m:23s | Memory (MB): curr = 680.968750 ; peak = 684.585938 | Checksum: ECDD0DA5DCB4D1D5


Congestion analysis started.
I: Start printing congestion info.
I: Finish printing congestion info.
Congestion analysis takes 0.11 sec.


Device Utilization Summary :
+----------------------------------------------------------------------------+
| Device Type                      | Used     | Available     | Util(%)     
+----------------------------------------------------------------------------+
| CLMA                             | 69       | 6450          | 2           
| + FF                             | 159      | 38700         | 1           
| + LUT                            | 150      | 25800         | 1           
|   + LUT as Logic                 | 150      |               |             
|   + LUT as Const                 | 0        |               |             
|   + LUT as Bypass                | 0        |               |             
| CLMS                             | 49       | 4250          | 2           
| + FF                             | 111      | 25500         | 1           
| + LUT                            | 126      | 17000         | 1           
|   + LUT as Logic                 | 126      |               |             
|   + LUT as Memory                | 0        |               |             
|     + LUT as Distributed RAM     | 0        |               |             
|   + LUT as Const                 | 0        |               |             
|   + LUT as Bypass                | 0        |               |             
| IO                               | 17       | 296           | 6           
| + IOBD                           | 8        | 64            | 13          
| + IOBR_LR                        | 0        | 7             | 0           
| + IOBR_TB                        | 1        | 8             | 13          
| + IOBS_LR                        | 1        | 161           | 1           
| + IOBS_TB                        | 7        | 56            | 13          
| APM                              | 0        | 84            | 0           
| BKCL                             | 3        | 4             | 75          
| CRYSTAL                          | 0        | 2             | 0           
| DLL                              | 0        | 10            | 0           
| DQSL                             | 0        | 18            | 0           
| DRM                              | 1        | 134           | 1           
| FUSECODE                         | 0        | 1             | 0           
| HARD0N1                          | 0        | 6672          | 0           
| HSST                             | 0        | 1             | 0           
| IOCKDIV                          | 0        | 20            | 0           
| IOCKDLY                          | 0        | 40            | 0           
| IOCKGATE                         | 0        | 20            | 0           
| + IOCKGATE as Bypass             | 0        |               |             
| IOL                              | 17       | 400           | 5           
| IPAL                             | 0        | 1             | 0           
| LDO                              | 0        | 4             | 0           
| OSC                              | 0        | 1             | 0           
| PCIE                             | 0        | 1             | 0           
| PLL                              | 0        | 5             | 0           
| RCKB                             | 0        | 24            | 0           
| + RCKB as Bypass                 | 0        |               |             
| RESCAL                           | 0        | 4             | 0           
| SCANCHAIN                        | 0        | 2             | 0           
| START                            | 1        | 1             | 100         
| UDID                             | 0        | 1             | 0           
| USCM                             | 1        | 30            | 4           
| + USCM as Bypass                 | 0        |               |             
+----------------------------------------------------------------------------+

Total placement takes 8.50 sec.
Finished placement.
Design 'flash_read_top' has been placed successfully.
Action place: Real time elapsed is 0h:0m:15s
Action place: CPU time elapsed is 0h:0m:12s
Action place: Process CPU time elapsed is 0h:0m:23s
Action place: Peak memory pool usage is 762 MB

Current time: Wed Sep 30 21:33:42 2026
