#Build: Fabric Compiler 2025.2, Build 211867, Jan 16 16:10 2026
#Install: E:\work\pango\PDS_2025.2-ads\bin
#Application name: pds_shell.exe
#OS: Windows 11 10.0.26200
#CPU: Unknown
#RAM(GB): 32
#Hostname: dionirpyC
#Generated by Fabric Compiler (version 2025.2 build 211867) at Fri Sep 18 20:50:37 2026
Parameters for debugging are loaded as follows:
Compiling verification operator library.
Compiling vendor parameter file.
Compiling common defs.
Compiling prim grid devices.
Compiling place grid timing.
Compiling gate devices.
Compiling gate operators.
Compiling gate operators impls.
Building architecture model.
Loading device packaging model.
Building architecture floorplan logic view.
Constraint check start.
W: ConstraintEditor-4042: Port 'led_out[0]' lacks attribute 'SLEW', it's better to set the attribute for port.
W: ConstraintEditor-4042: Port 'led_out[0]' lacks attribute 'DRIVE', it's better to set the attribute for port.
W: ConstraintEditor-4042: Port 'led_out[0]' lacks attribute 'BUS_KEEPER', it's better to set the attribute for port.
W: ConstraintEditor-4042: Port 'led_out[1]' lacks attribute 'SLEW', it's better to set the attribute for port.
W: ConstraintEditor-4042: Port 'led_out[1]' lacks attribute 'DRIVE', it's better to set the attribute for port.
W: ConstraintEditor-4042: Port 'led_out[1]' lacks attribute 'BUS_KEEPER', it's better to set the attribute for port.
W: ConstraintEditor-4042: Port 'led_out[2]' lacks attribute 'SLEW', it's better to set the attribute for port.
W: ConstraintEditor-4042: Port 'led_out[2]' lacks attribute 'DRIVE', it's better to set the attribute for port.
W: ConstraintEditor-4042: Port 'led_out[2]' lacks attribute 'BUS_KEEPER', it's better to set the attribute for port.
W: ConstraintEditor-4042: Port 'led_out[3]' lacks attribute 'SLEW', it's better to set the attribute for port.
W: ConstraintEditor-4042: Port 'led_out[3]' lacks attribute 'DRIVE', it's better to set the attribute for port.
W: ConstraintEditor-4042: Port 'led_out[3]' lacks attribute 'BUS_KEEPER', it's better to set the attribute for port.
W: ConstraintEditor-4042: Port 'led_out[4]' lacks attribute 'SLEW', it's better to set the attribute for port.
W: ConstraintEditor-4042: Port 'led_out[4]' lacks attribute 'DRIVE', it's better to set the attribute for port.
W: ConstraintEditor-4042: Port 'led_out[4]' lacks attribute 'BUS_KEEPER', it's better to set the attribute for port.
W: ConstraintEditor-4042: Port 'led_out[5]' lacks attribute 'SLEW', it's better to set the attribute for port.
W: ConstraintEditor-4042: Port 'led_out[5]' lacks attribute 'DRIVE', it's better to set the attribute for port.
W: ConstraintEditor-4042: Port 'led_out[5]' lacks attribute 'BUS_KEEPER', it's better to set the attribute for port.
W: ConstraintEditor-4042: Port 'led_out[6]' lacks attribute 'SLEW', it's better to set the attribute for port.
W: ConstraintEditor-4042: Port 'led_out[6]' lacks attribute 'DRIVE', it's better to set the attribute for port.
W: ConstraintEditor-4042: Port 'led_out[6]' lacks attribute 'BUS_KEEPER', it's better to set the attribute for port.
W: ConstraintEditor-4042: Port 'led_out[7]' lacks attribute 'SLEW', it's better to set the attribute for port.
W: ConstraintEditor-4042: Port 'led_out[7]' lacks attribute 'DRIVE', it's better to set the attribute for port.
W: ConstraintEditor-4042: Port 'led_out[7]' lacks attribute 'BUS_KEEPER', it's better to set the attribute for port.
W: ConstraintEditor-4042: Port 'uart_tx' lacks attribute 'SLEW', it's better to set the attribute for port.
W: ConstraintEditor-4042: Port 'uart_tx' lacks attribute 'DRIVE', it's better to set the attribute for port.
W: ConstraintEditor-4042: Port 'key_in[0]' lacks attribute 'BUS_KEEPER', it's better to set the attribute for port.
W: ConstraintEditor-4040: [E:/code/PangoWork/Works/uart/prj_tasks/pnr_1/device_map/uart_rx_top.pcf(line number: 12)] Port key_in[0] has been placed at location K18, whose type is share pin.
W: ConstraintEditor-4042: Port 'key_in[1]' lacks attribute 'BUS_KEEPER', it's better to set the attribute for port.
W: ConstraintEditor-4042: Port 'key_in[2]' lacks attribute 'BUS_KEEPER', it's better to set the attribute for port.
W: ConstraintEditor-4042: Port 'key_in[3]' lacks attribute 'BUS_KEEPER', it's better to set the attribute for port.
W: ConstraintEditor-4042: Port 'key_in[4]' lacks attribute 'BUS_KEEPER', it's better to set the attribute for port.
W: ConstraintEditor-4042: Port 'key_in[5]' lacks attribute 'BUS_KEEPER', it's better to set the attribute for port.
W: ConstraintEditor-4040: [E:/code/PangoWork/Works/uart/prj_tasks/pnr_1/device_map/uart_rx_top.pcf(line number: 17)] Port key_in[5] has been placed at location J19, whose type is share pin.
W: ConstraintEditor-4042: Port 'key_in[6]' lacks attribute 'BUS_KEEPER', it's better to set the attribute for port.
W: ConstraintEditor-4040: [E:/code/PangoWork/Works/uart/prj_tasks/pnr_1/device_map/uart_rx_top.pcf(line number: 18)] Port key_in[6] has been placed at location H20, whose type is share pin.
W: ConstraintEditor-4042: Port 'key_in[7]' lacks attribute 'BUS_KEEPER', it's better to set the attribute for port.
W: ConstraintEditor-4040: [E:/code/PangoWork/Works/uart/prj_tasks/pnr_1/device_map/uart_rx_top.pcf(line number: 20)] Port rst_n has been placed at location AB13, whose type is share pin.
C: ConstraintEditor-2022: There are some ports' attributes are set to default value, please read [E:/code/PangoWork/Works/uart/prj_tasks/pnr_1/place_route/ports_defalut_attribute.txt(line number:0)] to confirm.
Found 0 error(s), 1 critical warning(s), 38 warning(s), out of 20 constraint(s)
Constraint check end.
Total time(hh:mm:ss) of constraint check : 00:00:00
Elaborate the liberty model.
I: Multithreading enabled for Timing using a maximum of 4 processes.
Placement started. Type: EP_COMMON_FLOW.

Stage 1 EP_INIT start.
Stage: after EP_INIT | Time (s): real = 0h:0m:6s ; cpu = 0h:0m:4s ; process = 0h:0m:6s | Memory (MB): curr = 445.265625 ; peak = 446.316406 | Checksum: 5CD90A787628315E

Design Layer Utilization:
	LUT: 0.757%
	FF: 0.464%
	DRM: 0.746%
	IO: 5.722%

Stage 2 EP_DL start.
build place dedicate switch graph takes 1.53 sec
Place location constraint group with base node:key_in_ibuf[0]/opit_1 at IOL_327_257
Place location constraint group with base node:key_in_ibuf[1]/opit_1 at IOL_327_134
Place location constraint group with base node:key_in_ibuf[2]/opit_1 at IOL_327_297
Place location constraint group with base node:key_in_ibuf[3]/opit_1 at IOL_327_133
Place location constraint group with base node:key_in_ibuf[4]/opit_1 at IOL_327_298
Place location constraint group with base node:key_in_ibuf[5]/opit_1 at IOL_327_262
Place location constraint group with base node:key_in_ibuf[6]/opit_1 at IOL_327_261
Place location constraint group with base node:key_in_ibuf[7]/opit_1 at IOL_327_365
Place location constraint group with base node:led_out_obuf[0]/opit_1 at IOL_19_374
Place location constraint group with base node:led_out_obuf[1]/opit_1 at IOL_19_373
Place location constraint group with base node:led_out_obuf[2]/opit_1 at IOL_35_374
Place location constraint group with base node:led_out_obuf[3]/opit_1 at IOL_35_373
Place location constraint group with base node:led_out_obuf[4]/opit_1 at IOL_67_374
Place location constraint group with base node:led_out_obuf[5]/opit_1 at IOL_67_373
Place location constraint group with base node:led_out_obuf[6]/opit_1 at IOL_47_374
Place location constraint group with base node:led_out_obuf[7]/opit_1 at IOL_47_373
Place location constraint group with base node:rst_n_ibuf/opit_1 at IOL_167_5
Place location constraint group with base node:sys_clk_50mhz_ibuf/opit_1 at IOL_327_210
Place location constraint group with base node:uart_rx_ibuf/opit_1 at IOL_43_5
Place location constraint group with base node:uart_tx/opit_1 at IOL_43_6
Place location constraint node:BKCL_auto_0 at BKCL_188_376
Place location constraint node:BKCL_auto_1 at BKCL_328_184
Place location constraint node:BKCL_auto_2 at BKCL_192_0
DRCP Convert Loc Constraint successful.

Stage 2.1 pre clock plan start.
Mapping instance GRS_INST/grs to START_324_2.
I: Clock statistic: 4 USCM.
solve clock designs takes 0.19 sec with memory (MB): curr = 517.734375, peak = 521.246094.
Mapping instance clkbufg_0/gopclkbufg to USCM_84_108:impl_uscm_rtb_a-USCM.
Mapping instance clkbufg_1/gopclkbufg to USCM_84_109:impl_uscm_rtb_a-USCM.
Mapping instance clkbufg_2/gopclkbufg to USCM_84_110:impl_uscm_rtb_a-USCM.
Mapping instance clkbufg_3/gopclkbufg to USCM_84_111:impl_uscm_rtb_a-USCM.
Mapping instance u_pll_50mhz/u_pll_e3/goppll to PLL_158_55.
Stage: after pre clock plan | Time (s): real = 0h:0m:8s ; cpu = 0h:0m:6s ; process = 0h:0m:8s | Memory (MB): curr = 517.882812 ; peak = 521.246094

Place location constraint node:clkbufg_0/gopclkbufg at USCM_84_108
Place location constraint node:clkbufg_1/gopclkbufg at USCM_84_109
Place location constraint node:clkbufg_2/gopclkbufg at USCM_84_110
Place location constraint node:clkbufg_3/gopclkbufg at USCM_84_111
Place location constraint node:u_pll_50mhz/u_pll_e3/goppll at PLL_158_55
DRCP Convert Loc Constraint successful.
Stage: after EP_DL | Time (s): real = 0h:0m:8s ; cpu = 0h:0m:6s ; process = 0h:0m:8s | Memory (MB): curr = 517.964844 ; peak = 521.246094 | Checksum: A51DC414B810BADE


Stage 3 EP_FIP start.
DRCP Convert Loc Constraint successful.

Stage 3.1 fip global place start.
[GP] num_thread=0
I: Multithreading enabled for place using a maximum of 4 processes.
[GP] Placement Initial Method "Quad".
[GP] Placement Decongestion Mode "1".
[GP] Recovery Analysis in GP "Enable".
I: Loading Timing Delay Info...
I: Load Timing Delay Info successfully.
Init coarse delay table.
Read place coarse delay table takes 0.31 sec.
[GP] Init timing API takes 1.57 sec.
[GP] Init GP graph takes 1.63 sec.
Device graph total memory: 11.18441677 MB
[GP] Read position from netlist take 0 msec
[GP] Total node move: 32018.61, average node move: 93.62
First map gop timing takes 0.00 sec
[GP] SA handle 4 clusters.
[GP] SA init_cost = 9897.413236, final_cost = 9897.413236, final_cost/init_cost = 1.000000, occupied region_num = 2.
[GP] SA Optimize take time: 0.002000 sec.
[GP] Timing analysis take 0.005000 secs.
[GP] MarginTNSS=-5968, TNSS=-968, WSS=-478
[GP] Place thread size: 4
[GP] Node size: 9501, net size: 440
[GP] Design graph total memory: 32.85168171 MB
[GP] Timing analysis take 0.006000 secs.
[GP] MarginTNSS=-6003, TNSS=-1003, WSS=-513
[GP] Step 0 take 0.053 secs: WL=610.48 OF=0.915164
[GP] Timing analysis take 0.005000 secs.
[GP] MarginTNSS=-6671, TNSS=-1671, WSS=-1181
[GP] Step 1 take 0.285 secs: WL=650.05 OF=0.902447
[GP] Timing analysis take 0.005000 secs.
[GP] MarginTNSS=-6957, TNSS=-1957, WSS=-1307
[GP] Timing analysis take 0.006000 secs.
[GP] MarginTNSS=-6957, TNSS=-1957, WSS=-1307
[GP] Step 2 take 0.313 secs: WL=820.91 OF=0.855689
[GP] Timing analysis take 0.007000 secs.
[GP] MarginTNSS=-7022, TNSS=-2022, WSS=-1096
[GP] Step 3 take 0.163 secs: WL=867.73 OF=0.685868
[GP] Timing analysis take 0.006000 secs.
[GP] MarginTNSS=-7035, TNSS=-2035, WSS=-1018
[GP] Step 4 take 0.185 secs: WL=870.00 OF=0.635211
[GP] Timing analysis take 0.007000 secs.
[GP] MarginTNSS=-7101, TNSS=-2101, WSS=-832
[GP] Step 5 take 0.160 secs: WL=886.79 OF=0.531368
[GP] Timing analysis take 0.009000 secs.
[GP] MarginTNSS=-7385, TNSS=-2385, WSS=-644
[GP] Step 6 take 0.194 secs: WL=936.77 OF=0.483415
[GP] Timing analysis take 0.007000 secs.
[GP] MarginTNSS=-6714, TNSS=-1714, WSS=-690
[GP] Step 7 take 0.209 secs: WL=942.71 OF=0.407104
[GP] Timing analysis take 0.007000 secs.
[GP] MarginTNSS=-5846, TNSS=-846, WSS=-361
[GP] Step 8 take 0.197 secs: WL=979.37 OF=0.337921
[GP] Timing analysis take 0.007000 secs.
[GP] MarginTNSS=-5617, TNSS=-617, WSS=-361
[GP] Step 9 take 0.199 secs: WL=1014.36 OF=0.282981
[GP] Timing analysis take 0.007000 secs.
[GP] MarginTNSS=-5617, TNSS=-617, WSS=-361
[GP] Step 10 take 0.205 secs: WL=1040.95 OF=0.220281
[GP] Timing analysis take 0.007000 secs.
[GP] MarginTNSS=-5617, TNSS=-617, WSS=-361
[GP] Step 11 take 0.198 secs: WL=1072.13 OF=0.163971
[GP] Timing analysis take 0.007000 secs.
[GP] MarginTNSS=-5617, TNSS=-617, WSS=-361
[GP] Step 12 take 0.187 secs: WL=1107.87 OF=0.113799
[GP] Timing analysis take 0.006000 secs.
[GP] MarginTNSS=-5617, TNSS=-617, WSS=-361
[GP] Step 13 take 0.172 secs: WL=1147.20 OF=0.075680
[GP] Timing analysis take 0.007000 secs.
[GP] MarginTNSS=-5617, TNSS=-617, WSS=-361
[GP] Final best WL=1134.952313 OF=0.084121, totally takes 2.845000 secs, run timing analysis 17 times totally takes 0.111000 secs.
[GP] Total node move: 52172.12, average node move: 152.55
[GP] Placer use memory: 14.98862362 MB
Stage: after fip global place | Performance: WL = 830 ; TNS = -617 ; WNS = -361 | Time (s): real = 0h:0m:13s ; cpu = 0h:0m:10s ; process = 0h:0m:19s | Memory (MB): curr = 666.164062 ; peak = 682.554688 | Checksum: 19C00E7B7673562C

Flat initial placement flow takes 4.156.
Stage: after EP_FIP | Performance: WL = 830 ; TNS = -617 ; WNS = -361 | Time (s): real = 0h:0m:13s ; cpu = 0h:0m:10s ; process = 0h:0m:19s | Memory (MB): curr = 667.238281 ; peak = 682.554688 | Checksum: 19C00E7B7673562C


Stage 4 EP_CAGP start.

Stage 4.1 cagp site packing start.
Stage: after pack legalize group | Performance: avg_mov = 0.000000 ; max_mov = 0 ; mov_var = 0.000000
Stage: after cagp site packing | Performance: WL = 1723 | Time (s): real = 0h:0m:13s ; cpu = 0h:0m:10s ; process = 0h:0m:19s | Memory (MB): curr = 687.453125 ; peak = 694.011719 | Checksum: 7DB6D77BC8255F7D


Stage 4.2 cagp macro placement start.
Stage: after cagp macro placement | Performance: WL = 1723 | Time (s): real = 0h:0m:13s ; cpu = 0h:0m:10s ; process = 0h:0m:19s | Memory (MB): curr = 687.847656 ; peak = 694.011719 | Checksum: 7DB6D77BC8255F7D


Stage 4.3 post clock plan start.
pre solve all clock design takes 0.02 sec with memory (MB): curr = 687.925781, peak = 694.011719.
CRA timing analysis with worst slack -864 takes 0.00 sec.
CRA cost 0 takes 0.00 sec.
solve all clock design takes 0.05 sec with memory (MB): curr = 688.722656, peak = 694.011719.
expand load region takes 0.00 sec.
Stage: after post clock plan | Time (s): real = 0h:0m:13s ; cpu = 0h:0m:10s ; process = 0h:0m:19s | Memory (MB): curr = 688.859375 ; peak = 694.011719

Movement during CRA, max : (0, 0) , total : (0, 0) , count : 0 , avg : (0, 0) .
Stage: after EP_CAGP | Performance: WL = 1723 ; TNS = -1801 ; WNS = -864 | Time (s): real = 0h:0m:13s ; cpu = 0h:0m:10s ; process = 0h:0m:19s | Memory (MB): curr = 688.878906 ; peak = 694.011719 | Checksum: BCF19C7858B527F2


Stage 5 EP_DRCP start.

Stage 5.1 DRC Placement start.
DRC final successful.
Stage: after DRC Placement | Time (s): real = 0h:0m:13s ; cpu = 0h:0m:10s ; process = 0h:0m:19s | Memory (MB): curr = 688.894531 ; peak = 694.011719


Stage 5.2 IO Placement start.
The average distance in IO place is 0.000000.
Stage: after IO Placement | Time (s): real = 0h:0m:13s ; cpu = 0h:0m:10s ; process = 0h:0m:19s | Memory (MB): curr = 689.050781 ; peak = 694.011719

Stage: special units | Performance: avg_mov = 81.000000 ; max_mov = 81 ; mov_var = 0.000000
Enable MP Pre-GP.
Stage: after EP_DRCP | Performance: WL = 2125 ; TNS = -1801 ; WNS = -864 | Time (s): real = 0h:0m:13s ; cpu = 0h:0m:10s ; process = 0h:0m:19s | Memory (MB): curr = 689.289062 ; peak = 694.011719 | Checksum: 6B576187DACEAABB


Stage 6 EP_MP start.

Stage 6.1 mp pre global place start.
[GP] num_thread=0
I: Multithreading enabled for place using a maximum of 4 processes.
[GP] Init timing API takes 0.00 sec.
[GP] Init GP graph takes 0.01 sec.
Device graph total memory: 11.19079494 MB
[GP] Read position from netlist take 0 msec
[GP] Total node move: 8414.57, average node move: 60.98
[GP] SA handle 2 clusters.
[GP] SA init_cost = 32736.500000, final_cost = 32736.500000, final_cost/init_cost = 1.000000, occupied region_num = 2.
[GP] SA Optimize take time: 0.002000 sec.
[GP] Timing analysis take 0.006000 secs.
[GP] MarginTNSS=-9692, TNSS=-4692, WSS=-1428
[GP] Place thread size: 4
[GP] Node size: 9264, net size: 387
[GP] Design graph total memory: 34.72014236 MB
[GP] Timing analysis take 0.007000 secs.
[GP] MarginTNSS=-6210, TNSS=-1210, WSS=-544
[GP] Step 0 take 0.058 secs: WL=842.12 OF=0.856342
[GP] Timing analysis take 0.007000 secs.
[GP] MarginTNSS=-7771, TNSS=-2771, WSS=-1595
[GP] Step 1 take 0.422 secs: WL=976.24 OF=0.753041
[GP] Timing analysis take 0.007000 secs.
[GP] MarginTNSS=-7968, TNSS=-2968, WSS=-1462
[GP] Step 2 take 0.421 secs: WL=1035.38 OF=0.689666
[GP] Timing analysis take 0.007000 secs.
[GP] MarginTNSS=-8436, TNSS=-3436, WSS=-1148
[GP] Step 3 take 0.413 secs: WL=1094.23 OF=0.611177
[GP] Timing analysis take 0.006000 secs.
[GP] MarginTNSS=-8934, TNSS=-3934, WSS=-970
[GP] Step 4 take 0.371 secs: WL=1145.82 OF=0.569649
[GP] Timing analysis take 0.007000 secs.
[GP] MarginTNSS=-9033, TNSS=-4033, WSS=-885
[GP] Timing analysis take 0.006000 secs.
[GP] MarginTNSS=-9033, TNSS=-4033, WSS=-885
[GP] Step 5 take 0.332 secs: WL=1178.76 OF=0.511671
[GP] Timing analysis take 0.005000 secs.
[GP] MarginTNSS=-9412, TNSS=-4412, WSS=-972
[GP] Step 6 take 0.166 secs: WL=1200.55 OF=0.447261
[GP] Timing analysis take 0.006000 secs.
[GP] MarginTNSS=-9500, TNSS=-4500, WSS=-972
[GP] Step 7 take 0.166 secs: WL=1226.26 OF=0.386093
[GP] Timing analysis take 0.009000 secs.
[GP] MarginTNSS=-7625, TNSS=-2625, WSS=-600
[GP] Step 8 take 0.190 secs: WL=1271.97 OF=0.326111
[GP] Timing analysis take 0.006000 secs.
[GP] MarginTNSS=-5870, TNSS=-870, WSS=-502
[GP] Step 9 take 0.176 secs: WL=1320.78 OF=0.265381
[GP] Timing analysis take 0.007000 secs.
[GP] MarginTNSS=-5617, TNSS=-617, WSS=-361
[GP] Step 10 take 0.178 secs: WL=1362.28 OF=0.212355
[GP] Timing analysis take 0.007000 secs.
[GP] MarginTNSS=-5617, TNSS=-617, WSS=-361
[GP] Step 11 take 0.239 secs: WL=1407.16 OF=0.162609
[GP] Timing analysis take 0.007000 secs.
[GP] MarginTNSS=-5617, TNSS=-617, WSS=-361
[GP] Step 12 take 0.238 secs: WL=1460.52 OF=0.101073
[GP] Timing analysis take 0.007000 secs.
[GP] MarginTNSS=-5617, TNSS=-617, WSS=-361
[GP] Step 13 take 0.243 secs: WL=1504.76 OF=0.066775
[GP] Timing analysis take 0.007000 secs.
[GP] MarginTNSS=-5617, TNSS=-617, WSS=-361
[GP] Final best WL=1489.588943 OF=0.073828, totally takes 3.774000 secs, run timing analysis 17 times totally takes 0.114000 secs.
[GP] Total node move: 14434.63, average node move: 104.60
[GP] Placer use memory: 14.75539207 MB
Stage: after mp pre global place | Performance: WL = 1230 ; TNS = -617 ; WNS = -361 | Time (s): real = 0h:0m:17s ; cpu = 0h:0m:14s ; process = 0h:0m:28s | Memory (MB): curr = 690.488281 ; peak = 697.644531 | Checksum: BEF8ABD38E76831


Stage 6.2 macro place start.
The average distance of DRM is 0.000000, The max distance of DRM is 0.000000
Stage: after macro place | Performance: WL = 1230 | Time (s): real = 0h:0m:17s ; cpu = 0h:0m:14s ; process = 0h:0m:28s | Memory (MB): curr = 690.527344 ; peak = 697.644531 | Checksum: CAAA0E3F8E9686CD


Stage 6.3 mp post global place start.
[GP] num_thread=0
I: Multithreading enabled for place using a maximum of 4 processes.
[GP] Init timing API takes 0.00 sec.
[GP] Init GP graph takes 0.01 sec.
Device graph total memory: 11.19079494 MB
[GP] Read position from netlist take 0 msec
[GP] Timing analysis take 0.075000 secs.
[GP] MarginTNSS=-5617, TNSS=-617, WSS=-361
[GP] Place thread size: 4
[GP] Node size: 9138, net size: 389
[GP] Design graph total memory: 28.59286022 MB
[GP] Timing analysis take 0.007000 secs.
[GP] MarginTNSS=-5617, TNSS=-617, WSS=-361
[GP] Step 0 take 0.036 secs: WL=1236.30 OF=0.388841
[GP] Timing analysis take 0.007000 secs.
[GP] MarginTNSS=-5998, TNSS=-998, WSS=-625
[GP] Step 1 take 0.209 secs: WL=1219.04 OF=0.423304
[GP] Timing analysis take 0.007000 secs.
[GP] MarginTNSS=-5926, TNSS=-926, WSS=-558
[GP] Step 2 take 0.207 secs: WL=1259.57 OF=0.357971
[GP] Timing analysis take 0.007000 secs.
[GP] MarginTNSS=-5993, TNSS=-993, WSS=-625
[GP] Step 3 take 0.193 secs: WL=1296.13 OF=0.297182
[GP] Timing analysis take 0.007000 secs.
[GP] MarginTNSS=-5758, TNSS=-758, WSS=-502
[GP] Step 4 take 0.203 secs: WL=1338.38 OF=0.237749
[GP] Timing analysis take 0.007000 secs.
[GP] MarginTNSS=-5841, TNSS=-841, WSS=-361
[GP] Step 5 take 0.208 secs: WL=1376.24 OF=0.188524
[GP] Timing analysis take 0.007000 secs.
[GP] MarginTNSS=-5617, TNSS=-617, WSS=-361
[GP] Step 6 take 0.207 secs: WL=1421.08 OF=0.137640
[GP] Timing analysis take 0.007000 secs.
[GP] MarginTNSS=-5617, TNSS=-617, WSS=-361
[GP] Step 7 take 0.198 secs: WL=1474.54 OF=0.092865
[GP] Timing analysis take 0.007000 secs.
[GP] MarginTNSS=-5814, TNSS=-814, WSS=-558
[GP] Step 8 take 0.192 secs: WL=1513.25 OF=0.064709
[GP] Timing analysis take 0.007000 secs.
[GP] MarginTNSS=-5758, TNSS=-758, WSS=-502
[GP] Final best WL=1499.275609 OF=0.077708, totally takes 1.764000 secs, run timing analysis 11 times totally takes 0.145000 secs.
[GP] Total node move: 124.88, average node move: 0.91
[GP] Placer use memory: 5.82603836 MB
Stage: after mp post global place | Performance: WL = 1201 ; TNS = -758 ; WNS = -502 | Time (s): real = 0h:0m:19s ; cpu = 0h:0m:15s ; process = 0h:0m:32s | Memory (MB): curr = 685.171875 ; peak = 697.644531 | Checksum: 26A424CC332E6DB4

MP flow takes 4.719.
Stage: after EP_MP | Performance: WL = 1201 ; TNS = -758 ; WNS = -502 | Time (s): real = 0h:0m:19s ; cpu = 0h:0m:15s ; process = 0h:0m:32s | Memory (MB): curr = 685.183594 ; peak = 697.644531 | Checksum: 26A424CC332E6DB4


Stage 7 EP_LP start.
Stage: after legalization | Performance: avg_mov = 0.069124 ; max_mov = 1 ; mov_var = 0.064346
Legalize placement flow takes 0.016.
Stage: after EP_LP | Performance: WL = 1213 ; TNS = -1294 ; WNS = -407 | Time (s): real = 0h:0m:19s ; cpu = 0h:0m:15s ; process = 0h:0m:32s | Memory (MB): curr = 686.347656 ; peak = 697.644531 | Checksum: C8D18E2A813D751C


Stage 8 EP_DP start.
Stage: before DP | Performance: WL = 1213 ; TNS = -1294 ; WNS = -407
    Cost at Swap iteration  0:  WNS =   -407,  TNS =   -904,  MarginTNS =  -5904,  takes    0.02 sec.
    Cost at DP   iteration  0:  WNS =   -258,  TNS =   -692,  MarginTNS =  -5692,  takes    0.00 sec.
    Cost at Swap iteration  1:  WNS =   -258,  TNS =   -692,  MarginTNS =  -5692,  takes    0.00 sec.
    Cost at Swap iteration  2:  WNS =   -258,  TNS =   -682,  MarginTNS =  -5682,  takes    0.02 sec.
    Cost at DP   iteration  2:  WNS =   -258,  TNS =   -682,  MarginTNS =  -5682,  takes    0.02 sec.
    Cost at Swap iteration  3:  WNS =   -258,  TNS =   -682,  MarginTNS =  -5682,  takes    0.03 sec.
Stage: after DP | Performance: WL = 1213 ; TNS = -682 ; WNS = -258
EP_DP takes 0 sec.
Stage: after EP_DP | Performance: WL = 1213 ; TNS = -682 ; WNS = -258 | Time (s): real = 0h:0m:19s ; cpu = 0h:0m:15s ; process = 0h:0m:32s | Memory (MB): curr = 687.664062 ; peak = 697.644531 | Checksum: 418E97F22680978D


Stage 9 EP_FP start.
AutoDRC Flow for Design Check After Place Start.
AutoDRC Flow for Design Check After Place End.
Stage: after EP_FP | Performance: WL = 1213 ; TNS = -363 ; WNS = -141 | Time (s): real = 0h:0m:20s ; cpu = 0h:0m:15s ; process = 0h:0m:32s | Memory (MB): curr = 691.238281 ; peak = 697.644531 | Checksum: DA1254E359C4B2D5


Congestion analysis started.
I: Start printing congestion info.
I: Finish printing congestion info.
Congestion analysis takes 0.11 sec.


Device Utilization Summary :
+----------------------------------------------------------------------------+
| Device Type                      | Used     | Available     | Util(%)     
+----------------------------------------------------------------------------+
| CLMA                             | 69       | 6450          | 2           
| + FF                             | 164      | 38700         | 1           
| + LUT                            | 194      | 25800         | 1           
|   + LUT as Logic                 | 194      |               |             
|   + LUT as Const                 | 0        |               |             
|   + LUT as Bypass                | 0        |               |             
| CLMS                             | 52       | 4250          | 2           
| + FF                             | 111      | 25500         | 1           
| + LUT                            | 130      | 17000         | 1           
|   + LUT as Logic                 | 130      |               |             
|   + LUT as Memory                | 0        |               |             
|     + LUT as Distributed RAM     | 0        |               |             
|   + LUT as Const                 | 0        |               |             
|   + LUT as Bypass                | 0        |               |             
| IO                               | 20       | 296           | 7           
| + IOBD                           | 5        | 64            | 8           
| + IOBR_LR                        | 0        | 7             | 0           
| + IOBR_TB                        | 1        | 8             | 13          
| + IOBS_LR                        | 9        | 161           | 6           
| + IOBS_TB                        | 5        | 56            | 9           
| APM                              | 0        | 84            | 0           
| BKCL                             | 3        | 4             | 75          
| CRYSTAL                          | 0        | 2             | 0           
| DLL                              | 0        | 10            | 0           
| DQSL                             | 0        | 18            | 0           
| DRM                              | 1        | 134           | 1           
| FUSECODE                         | 0        | 1             | 0           
| HARD0N1                          | 0        | 6672          | 0           
| HSST                             | 0        | 1             | 0           
| IOCKDIV                          | 0        | 20            | 0           
| IOCKDLY                          | 0        | 40            | 0           
| IOCKGATE                         | 0        | 20            | 0           
| + IOCKGATE as Bypass             | 0        |               |             
| IOL                              | 20       | 400           | 5           
| IPAL                             | 0        | 1             | 0           
| LDO                              | 0        | 4             | 0           
| OSC                              | 0        | 1             | 0           
| PCIE                             | 0        | 1             | 0           
| PLL                              | 1        | 5             | 20          
| RCKB                             | 0        | 24            | 0           
| + RCKB as Bypass                 | 0        |               |             
| RESCAL                           | 0        | 4             | 0           
| SCANCHAIN                        | 1        | 2             | 50          
| START                            | 1        | 1             | 100         
| UDID                             | 0        | 1             | 0           
| USCM                             | 4        | 30            | 14          
| + USCM as Bypass                 | 0        |               |             
+----------------------------------------------------------------------------+

Total placement takes 12.05 sec.
Finished placement.
Design 'uart_rx_top' has been placed successfully.
Action place: Real time elapsed is 0h:0m:20s
Action place: CPU time elapsed is 0h:0m:16s
Action place: Process CPU time elapsed is 0h:0m:32s
Action place: Peak memory pool usage is 771 MB

Current time: Fri Sep 18 20:50:55 2026
