#Build: Fabric Compiler 2020.3, Build 62942, Sep 29 13:34 2020
#Install: E:\pango\PDS_2020.3\bin
#Application name: pds_shell.exe
#OS: Windows 10 10.0.18363
#Hostname: DESKTOP-6GABMIP
Generated by Fabric Compiler (version 2020.3 build 62942) at Fri Aug 11 14:59:49 2023
Compiling verification operator library.
Compiling common defs.
Compiling prim grid devices.
Compiling gate devices.
Compiling gate operators.
Building architecture model.
Loading device packaging model 'FBG676'.
Reading design from DB.
Start Generating Programming File...
Reading design from DB takes 1.578125 sec.
Generating architecture configuration.
The bitstream file is "D:/pango_fire/demo/9_hdmi_loop/hdmi_loop_pango/generate_bitstream/hdmi_loop.sbit"
Generate programming file takes 18.453125 sec.
Generating Programming File done.
Action gen_bit_stream: Real time elapsed is 32.000 sec
Action gen_bit_stream: CPU time elapsed is 29.813 sec
Current time: Fri Aug 11 15:00:19 2023
Action gen_bit_stream: Peak memory pool usage is 1,078,444,032 bytes
