#Build: Fabric Compiler 2020.3, Build 62942, Sep 29 13:34 2020
#Install: E:\pango\PDS_2020.3\bin
#Application name: pds_shell.exe
#OS: Windows 10 10.0.18363
#Hostname: DESKTOP-6GABMIP
Generated by Fabric Compiler (version 2020.3 build 62942) at Wed Nov  2 15:09:08 2022
Compiling verification operator library.
Compiling common defs.
Compiling prim grid devices.
Compiling gate devices.
Compiling gate operators.
Building architecture model.
Loading device packaging model 'FBG676'.
Reading design from DB.
Start Generating Programming File...
Reading design from DB takes 1.984375 sec.
Generating architecture configuration.
The bitstream file is "D:/pango_fire/demo/9_hdmi_loop/hdmi_loop_pango/generate_bitstream/hdmi_loop.sbit"
Generate programming file takes 26.000000 sec.
Generating Programming File done.
Action gen_bit_stream: Real time elapsed is 40.000 sec
Action gen_bit_stream: CPU time elapsed is 37.438 sec
Current time: Wed Nov  2 15:09:47 2022
Action gen_bit_stream: Peak memory pool usage is 1,089,454,080 bytes
