#Build: Fabric Compiler 2025.2, Build 211867, Jan 16 16:10 2026
#Install: E:\work\pango\PDS_2025.2-ads\bin
#Application name: pds_shell.exe
#OS: Windows 11 10.0.26200
#CPU: Unknown
#RAM(GB): 32
#Hostname: dionirpyC
#Generated by Fabric Compiler (version 2025.2 build 211867) at Sat Sep 19 16:12:55 2026
Parameters for debugging are loaded as follows:
Compiling verification operator library.
Compiling vendor parameter file.
Compiling common defs.
Compiling prim grid devices.
Compiling place grid timing.
Compiling gate devices.
Compiling gate operators.
Compiling gate operators impls.
Building architecture model.
Loading device packaging model.
Building architecture floorplan logic view.
Elaborate the liberty model.
I: Multithreading enabled for Timing using a maximum of 4 processes.

Routing started.
Build routing arch for double attribute device.
Enter timing driven router mode.
I: Multithreading enabled for route using a maximum of 6 processes.
Building routing graph takes 2.71 sec.
Enable Recovery Analysis in Routing
Init coarse delay table.
I: Loading Timing Delay Info...
I: Load Timing Delay Info successfully.
Read place coarse delay table takes 0.61 sec.
build place dedicate switch graph takes 2.98 sec
Setup STE netlist take 4111 msec.
Slack Weight : 90
CE/RS signal series limit : 500
Dispose control chain take 36 msec.
Collect const net info take 62 msec.
Total nets for routing: 777.
Total loads for routing: 3584.
Direct connect net size: 135
Build all design net take 73 msec.
Processing design graph takes 4.29 sec.
Route info is not supported in this chip.
Delay table total memory: 40.33696175 MB
Route graph total memory: 74.51804829 MB
Route design total memory: 1.68114090 MB
The remaining process takes 0.04 sec.
Stage: after context initialize | Time (s): real = 0h:0m:16s ; cpu = 0h:0m:14s ; process = 0h:0m:16s | Memory (MB): curr = 683.171875 ; peak = 721.644531 | Checksum: 172D4D7DB2B96CB2
Global routing takes 0.00 sec.
Pin Cost Increasing Speed 300
Unrouted clock nets at iteration 0 (1.728 sec): 6
Unrouted clock nets at iteration 1 (0.004 sec): 3
Unrouted clock nets at iteration 2 (0.002 sec): 0
Stage: after clock route | Time (s): real = 0h:0m:18s ; cpu = 0h:0m:16s ; process = 0h:0m:18s | Memory (MB): curr = 710.617188 ; peak = 721.644531 | Checksum: 3CC85B12480CB645
Total route nets size: 765
Pre route takes 0.248 sec
Stage: after pre route | Performance: TNS = -2 ; WNS = -2 ; THS = -9425 ; WHS = -368 | Time (s): real = 0h:0m:19s ; cpu = 0h:0m:16s ; process = 0h:0m:19s | Memory (MB): curr = 728.496094 ; peak = 729.265625 | Checksum: B8F4562AA76ADD8D
Unrouted general nets at iteration 5 (MT total route time: 0.180 sec): 567(overused: 2777)
Unrouted general nets at iteration 6 (MT total route time: 0.152 sec): 451(overused: 1725)
Unrouted general nets at iteration 7 (MT total route time: 0.137 sec): 328(overused: 1015)
Unrouted general nets at iteration 8 (MT total route time: 0.094 sec): 241(overused: 601)
Unrouted general nets at iteration 9 (MT total route time: 0.073 sec): 159(overused: 346)
Unrouted general nets at iteration 10 (MT total route time: 0.038 sec): 100(overused: 217)
Unrouted general nets at iteration 11 (MT total route time: 0.034 sec): 63(overused: 114)
Unrouted general nets at iteration 12 (MT total route time: 0.022 sec): 30(overused: 46)
Unrouted general nets at iteration 13 (MT total route time: 0.013 sec): 11(overused: 16)
Unrouted general nets at iteration 14 (MT total route time: 0.006 sec): 5(overused: 6)
Unrouted general nets at iteration 15 (MT total route time: 0.004 sec): 5(overused: 6)
Unrouted general nets at iteration 16 (MT total route time: 0.003 sec): 0(overused: 0)
----General net take 0.002 sec(route net take 0.000 sec, inc cost take 0.001 sec, iter times: 1)
----const net route take 0.007 sec
Unrouted nets at iteration 17 (0.009 sec): 0
Stage: after detail route | Performance: TNS = -1 ; WNS = -1 ; THS = NA ; WHS = NA | Time (s): real = 0h:0m:20s ; cpu = 0h:0m:17s ; process = 0h:0m:20s | Memory (MB): curr = 731.730469 ; peak = 731.734375 | Checksum: DDD3E97960F7C7A9
Begin rip-up and reroute:
 Number of Nodes with overlaps is (MT total route time: 0.00 sec): 0
Rip-up and reroute takes 0.09 sec.
Stage: after ripup & reroute | Performance: TNS = -1 ; WNS = -1 ; THS = NA ; WHS = NA | Time (s): real = 0h:0m:20s ; cpu = 0h:0m:17s ; process = 0h:0m:20s | Memory (MB): curr = 732.757812 ; peak = 732.835938 | Checksum: 2655EC3DB8F48130
Detailed routing takes 3.47 sec.
I: Design net u_CORES/capture_wire is routed by general path.
C: Route-2036: The clock path from u_CORES/u_GTP_SCANCHAIN/scanchain:CAPDR to u_CORES/u_debug_core_0/u_hub_data_decode/id_sample.conf_id[0]/opit_0_inv:CLK is routed by SRB.
I: Design net u_CORES/drck1_wire is routed by general path.
C: Route-2036: The clock path from u_CORES/u_GTP_SCANCHAIN/scanchain:TCK_USER to clkbufg_1/gopclkbufg:CLK is routed by SRB.
Sort Original Nets take 0.002 sec
Check HPIO div result take 0.000 sec
Total net: 777, route succeed net: 777
Generate routing result take 0.002 sec
Handle PERMUX permutation take 0.043 sec
Handle const net take 0.005 sec
Handle route through take 0.012 sec
Used SRB routing arc is 7141.
Stage: after finish route | Performance: TNS = -1 ; WNS = -1 ; THS = NA ; WHS = NA | Time (s): real = 0h:0m:20s ; cpu = 0h:0m:17s ; process = 0h:0m:20s | Memory (MB): curr = 705.824219 ; peak = 732.835938 | Checksum: EF26B71ED0D15D50
Finish routing takes 0.26 sec.
Total routing takes 10.99 sec.

Device Utilization Summary :
+----------------------------------------------------------------------------+
| Device Type                      | Used     | Available     | Util(%)     
+----------------------------------------------------------------------------+
| CLMA                             | 167      | 6450          | 3           
| + FF                             | 311      | 38700         | 1           
| + LUT                            | 375      | 25800         | 2           
|   + LUT as Logic                 | 289      |               |             
|   + LUT as Const                 | 78       |               |             
|   + LUT as Bypass                | 8        |               |             
| CLMS                             | 107      | 4250          | 3           
| + FF                             | 272      | 25500         | 2           
| + LUT                            | 274      | 17000         | 2           
|   + LUT as Logic                 | 263      |               |             
|   + LUT as Memory                | 0        |               |             
|     + LUT as Distributed RAM     | 0        |               |             
|   + LUT as Const                 | 9        |               |             
|   + LUT as Bypass                | 2        |               |             
| IO                               | 20       | 296           | 7           
| + IOBD                           | 5        | 64            | 8           
| + IOBR_LR                        | 0        | 7             | 0           
| + IOBR_TB                        | 1        | 8             | 13          
| + IOBS_LR                        | 9        | 161           | 6           
| + IOBS_TB                        | 5        | 56            | 9           
| APM                              | 0        | 84            | 0           
| BKCL                             | 3        | 4             | 75          
| CRYSTAL                          | 0        | 2             | 0           
| DLL                              | 0        | 10            | 0           
| DQSL                             | 0        | 18            | 0           
| DRM                              | 6        | 134           | 5           
| FUSECODE                         | 0        | 1             | 0           
| HARD0N1                          | 57       | 6672          | 1           
| HSST                             | 0        | 1             | 0           
| IOCKDIV                          | 0        | 20            | 0           
| IOCKDLY                          | 0        | 40            | 0           
| IOCKGATE                         | 0        | 20            | 0           
| + IOCKGATE as Bypass             | 0        |               |             
| IOL                              | 20       | 400           | 5           
| IPAL                             | 0        | 1             | 0           
| LDO                              | 0        | 4             | 0           
| OSC                              | 0        | 1             | 0           
| PCIE                             | 0        | 1             | 0           
| PLL                              | 1        | 5             | 20          
| RCKB                             | 0        | 24            | 0           
| + RCKB as Bypass                 | 0        |               |             
| RESCAL                           | 0        | 4             | 0           
| SCANCHAIN                        | 1        | 2             | 50          
| START                            | 1        | 1             | 100         
| UDID                             | 0        | 1             | 0           
| USCM                             | 4        | 30            | 14          
| + USCM as Bypass                 | 0        |               |             
+----------------------------------------------------------------------------+

Finished routing. (CPU time elapsed 0h:00m:17s)
Design 'uart_rx_top' has been routed successfully.
Saving design to DB.
Action Route: Export DB successfully.
Action route: Real time elapsed is 0h:0m:20s
Action route: CPU time elapsed is 0h:0m:18s
Action route: Process CPU time elapsed is 0h:0m:21s
Action route: Peak memory pool usage is 732 MB

Current time: Sat Sep 19 16:13:13 2026
