#Build: Fabric Compiler 2025.2, Build 211867, Jan 16 16:10 2026
#Install: E:\work\pango\PDS_2025.2-ads\bin
#Application name: pds_shell.exe
#OS: Windows 11 10.0.26200
#CPU: Unknown
#RAM(GB): 32
#Hostname: dionirpyC
#Generated by Fabric Compiler (version 2025.2 build 211867) at Sat Sep 19 16:12:28 2026
Parameters for debugging are loaded as follows:
Compiling verification operator library.
Compiling vendor parameter file.
Compiling common defs.
Compiling prim grid devices.
Compiling place grid timing.
Compiling gate devices.
Compiling gate operators.
Compiling gate operators impls.
Building architecture model.
Loading device packaging model.
Building architecture floorplan logic view.
Constraint check start.
W: ConstraintEditor-4042: Port 'led_out[0]' lacks attribute 'SLEW', it's better to set the attribute for port.
W: ConstraintEditor-4042: Port 'led_out[0]' lacks attribute 'DRIVE', it's better to set the attribute for port.
W: ConstraintEditor-4042: Port 'led_out[0]' lacks attribute 'BUS_KEEPER', it's better to set the attribute for port.
W: ConstraintEditor-4042: Port 'led_out[1]' lacks attribute 'SLEW', it's better to set the attribute for port.
W: ConstraintEditor-4042: Port 'led_out[1]' lacks attribute 'DRIVE', it's better to set the attribute for port.
W: ConstraintEditor-4042: Port 'led_out[1]' lacks attribute 'BUS_KEEPER', it's better to set the attribute for port.
W: ConstraintEditor-4042: Port 'led_out[2]' lacks attribute 'SLEW', it's better to set the attribute for port.
W: ConstraintEditor-4042: Port 'led_out[2]' lacks attribute 'DRIVE', it's better to set the attribute for port.
W: ConstraintEditor-4042: Port 'led_out[2]' lacks attribute 'BUS_KEEPER', it's better to set the attribute for port.
W: ConstraintEditor-4042: Port 'led_out[3]' lacks attribute 'SLEW', it's better to set the attribute for port.
W: ConstraintEditor-4042: Port 'led_out[3]' lacks attribute 'DRIVE', it's better to set the attribute for port.
W: ConstraintEditor-4042: Port 'led_out[3]' lacks attribute 'BUS_KEEPER', it's better to set the attribute for port.
W: ConstraintEditor-4042: Port 'led_out[4]' lacks attribute 'SLEW', it's better to set the attribute for port.
W: ConstraintEditor-4042: Port 'led_out[4]' lacks attribute 'DRIVE', it's better to set the attribute for port.
W: ConstraintEditor-4042: Port 'led_out[4]' lacks attribute 'BUS_KEEPER', it's better to set the attribute for port.
W: ConstraintEditor-4042: Port 'led_out[5]' lacks attribute 'SLEW', it's better to set the attribute for port.
W: ConstraintEditor-4042: Port 'led_out[5]' lacks attribute 'DRIVE', it's better to set the attribute for port.
W: ConstraintEditor-4042: Port 'led_out[5]' lacks attribute 'BUS_KEEPER', it's better to set the attribute for port.
W: ConstraintEditor-4042: Port 'led_out[6]' lacks attribute 'SLEW', it's better to set the attribute for port.
W: ConstraintEditor-4042: Port 'led_out[6]' lacks attribute 'DRIVE', it's better to set the attribute for port.
W: ConstraintEditor-4042: Port 'led_out[6]' lacks attribute 'BUS_KEEPER', it's better to set the attribute for port.
W: ConstraintEditor-4042: Port 'led_out[7]' lacks attribute 'SLEW', it's better to set the attribute for port.
W: ConstraintEditor-4042: Port 'led_out[7]' lacks attribute 'DRIVE', it's better to set the attribute for port.
W: ConstraintEditor-4042: Port 'led_out[7]' lacks attribute 'BUS_KEEPER', it's better to set the attribute for port.
W: ConstraintEditor-4042: Port 'uart_tx' lacks attribute 'SLEW', it's better to set the attribute for port.
W: ConstraintEditor-4042: Port 'uart_tx' lacks attribute 'DRIVE', it's better to set the attribute for port.
W: ConstraintEditor-4042: Port 'key_in[0]' lacks attribute 'BUS_KEEPER', it's better to set the attribute for port.
W: ConstraintEditor-4040: [E:/code/PangoWork/Works/uart/prj_tasks/pnr_1/device_map/uart_rx_top.pcf(line number: 12)] Port key_in[0] has been placed at location K18, whose type is share pin.
W: ConstraintEditor-4042: Port 'key_in[1]' lacks attribute 'BUS_KEEPER', it's better to set the attribute for port.
W: ConstraintEditor-4042: Port 'key_in[2]' lacks attribute 'BUS_KEEPER', it's better to set the attribute for port.
W: ConstraintEditor-4042: Port 'key_in[3]' lacks attribute 'BUS_KEEPER', it's better to set the attribute for port.
W: ConstraintEditor-4042: Port 'key_in[4]' lacks attribute 'BUS_KEEPER', it's better to set the attribute for port.
W: ConstraintEditor-4042: Port 'key_in[5]' lacks attribute 'BUS_KEEPER', it's better to set the attribute for port.
W: ConstraintEditor-4040: [E:/code/PangoWork/Works/uart/prj_tasks/pnr_1/device_map/uart_rx_top.pcf(line number: 17)] Port key_in[5] has been placed at location J19, whose type is share pin.
W: ConstraintEditor-4042: Port 'key_in[6]' lacks attribute 'BUS_KEEPER', it's better to set the attribute for port.
W: ConstraintEditor-4040: [E:/code/PangoWork/Works/uart/prj_tasks/pnr_1/device_map/uart_rx_top.pcf(line number: 18)] Port key_in[6] has been placed at location H20, whose type is share pin.
W: ConstraintEditor-4042: Port 'key_in[7]' lacks attribute 'BUS_KEEPER', it's better to set the attribute for port.
W: ConstraintEditor-4040: [E:/code/PangoWork/Works/uart/prj_tasks/pnr_1/device_map/uart_rx_top.pcf(line number: 20)] Port rst_n has been placed at location AB13, whose type is share pin.
C: ConstraintEditor-2022: There are some ports' attributes are set to default value, please read [E:/code/PangoWork/Works/uart/prj_tasks/pnr_1/place_route/ports_defalut_attribute.txt(line number:0)] to confirm.
Found 0 error(s), 1 critical warning(s), 38 warning(s), out of 20 constraint(s)
Constraint check end.
Total time(hh:mm:ss) of constraint check : 00:00:00
Elaborate the liberty model.
I: Multithreading enabled for Timing using a maximum of 4 processes.
Placement started. Type: EP_COMMON_FLOW.

Stage 1 EP_INIT start.
Stage: after EP_INIT | Time (s): real = 0h:0m:9s ; cpu = 0h:0m:6s ; process = 0h:0m:8s | Memory (MB): curr = 446.082031 ; peak = 447.234375 | Checksum: DBD9CD38A2F9E094

Design Layer Utilization:
	LUT: 1.290%
	FF: 0.983%
	DRM: 4.104%
	IO: 5.722%

Stage 2 EP_DL start.
build place dedicate switch graph takes 3.14 sec
Place location constraint group with base node:key_in_ibuf[0]/opit_1 at IOL_327_257
Place location constraint group with base node:key_in_ibuf[1]/opit_1 at IOL_327_134
Place location constraint group with base node:key_in_ibuf[2]/opit_1 at IOL_327_297
Place location constraint group with base node:key_in_ibuf[3]/opit_1 at IOL_327_133
Place location constraint group with base node:key_in_ibuf[4]/opit_1 at IOL_327_298
Place location constraint group with base node:key_in_ibuf[5]/opit_1 at IOL_327_262
Place location constraint group with base node:key_in_ibuf[6]/opit_1 at IOL_327_261
Place location constraint group with base node:key_in_ibuf[7]/opit_1 at IOL_327_365
Place location constraint group with base node:led_out_obuf[0]/opit_1 at IOL_19_374
Place location constraint group with base node:led_out_obuf[1]/opit_1 at IOL_19_373
Place location constraint group with base node:led_out_obuf[2]/opit_1 at IOL_35_374
Place location constraint group with base node:led_out_obuf[3]/opit_1 at IOL_35_373
Place location constraint group with base node:led_out_obuf[4]/opit_1 at IOL_67_374
Place location constraint group with base node:led_out_obuf[5]/opit_1 at IOL_67_373
Place location constraint group with base node:led_out_obuf[6]/opit_1 at IOL_47_374
Place location constraint group with base node:led_out_obuf[7]/opit_1 at IOL_47_373
Place location constraint group with base node:rst_n_ibuf/opit_1 at IOL_167_5
Place location constraint group with base node:sys_clk_50mhz_ibuf/opit_1 at IOL_327_210
Place location constraint group with base node:uart_rx_ibuf/opit_1 at IOL_43_5
Place location constraint group with base node:uart_tx_obuf/opit_1 at IOL_43_6
Place location constraint node:BKCL_auto_0 at BKCL_188_376
Place location constraint node:BKCL_auto_1 at BKCL_328_184
Place location constraint node:BKCL_auto_2 at BKCL_192_0
DRCP Convert Loc Constraint successful.

Stage 2.1 pre clock plan start.
Mapping instance GRS_INST/grs to START_324_2.
I: Clock statistic: 4 USCM.
solve clock designs takes 0.36 sec with memory (MB): curr = 522.601562, peak = 523.105469.
Mapping instance clkbufg_0/gopclkbufg to USCM_84_108:impl_uscm_rtb_a-USCM.
Mapping instance clkbufg_1/gopclkbufg to USCM_84_109:impl_uscm_rtb_a-USCM.
Mapping instance clkbufg_2/gopclkbufg to USCM_84_110:impl_uscm_rtb_a-USCM.
Mapping instance clkbufg_3/gopclkbufg to USCM_84_111:impl_uscm_rtb_a-USCM.
Mapping instance u_pll_50mhz/u_pll_e3/goppll to PLL_158_55.
Stage: after pre clock plan | Time (s): real = 0h:0m:13s ; cpu = 0h:0m:10s ; process = 0h:0m:12s | Memory (MB): curr = 522.750000 ; peak = 523.105469

Place location constraint node:clkbufg_0/gopclkbufg at USCM_84_108
Place location constraint node:clkbufg_1/gopclkbufg at USCM_84_109
Place location constraint node:clkbufg_2/gopclkbufg at USCM_84_110
Place location constraint node:clkbufg_3/gopclkbufg at USCM_84_111
Place location constraint node:u_pll_50mhz/u_pll_e3/goppll at PLL_158_55
DRCP Convert Loc Constraint successful.
Stage: after EP_DL | Time (s): real = 0h:0m:13s ; cpu = 0h:0m:10s ; process = 0h:0m:12s | Memory (MB): curr = 522.796875 ; peak = 524.031250 | Checksum: F4B082C228533EEB


Stage 3 EP_FIP start.
DRCP Convert Loc Constraint successful.

Stage 3.1 fip global place start.
[GP] num_thread=0
I: Multithreading enabled for place using a maximum of 4 processes.
[GP] Placement Initial Method "Quad".
[GP] Placement Decongestion Mode "1".
[GP] Recovery Analysis in GP "Enable".
I: Loading Timing Delay Info...
I: Load Timing Delay Info successfully.
Init coarse delay table.
Read place coarse delay table takes 0.69 sec.
[GP] Init timing API takes 3.12 sec.
[GP] Init GP graph takes 3.22 sec.
Device graph total memory: 11.22661304 MB
[GP] Read position from netlist take 0 msec
[GP] Total node move: 63620.52, average node move: 93.56
First map gop timing takes 0.00 sec
[GP] SA handle 4 clusters.
[GP] SA init_cost = 31781.060102, final_cost = 31675.307034, final_cost/init_cost = 0.996672, occupied region_num = 2.
[GP] SA Optimize take time: 0.004000 sec.
[GP] Timing analysis take 0.012000 secs.
[GP] MarginTNSS=-53340, TNSS=-3736, WSS=-275
[GP] Place thread size: 4
[GP] Node size: 5294, net size: 798
[GP] Design graph total memory: 32.98131180 MB
[GP] Timing analysis take 0.012000 secs.
[GP] MarginTNSS=-56125, TNSS=-6191, WSS=-435
[GP] Step 0 take 0.081 secs: WL=1816.61 OF=0.802615
[GP] Timing analysis take 0.015000 secs.
[GP] MarginTNSS=-60726, TNSS=-10880, WSS=-957
[GP] Step 1 take 0.531 secs: WL=1746.25 OF=0.693001
[GP] Timing analysis take 0.013000 secs.
[GP] MarginTNSS=-62147, TNSS=-12169, WSS=-904
[GP] Step 2 take 0.536 secs: WL=1722.64 OF=0.652259
[GP] Timing analysis take 0.012000 secs.
[GP] MarginTNSS=-62759, TNSS=-12759, WSS=-921
[GP] Step 3 take 0.513 secs: WL=1742.02 OF=0.592462
[GP] Timing analysis take 0.012000 secs.
[GP] MarginTNSS=-62897, TNSS=-12897, WSS=-921
[GP] Step 4 take 0.464 secs: WL=1784.57 OF=0.508790
[GP] Timing analysis take 0.014000 secs.
[GP] MarginTNSS=-61837, TNSS=-11837, WSS=-737
[GP] Step 5 take 0.562 secs: WL=1931.69 OF=0.456192
[GP] Timing analysis take 0.014000 secs.
[GP] MarginTNSS=-59389, TNSS=-9389, WSS=-558
[GP] Step 6 take 0.570 secs: WL=2157.28 OF=0.410036
[GP] Timing analysis take 0.014000 secs.
[GP] MarginTNSS=-53452, TNSS=-3826, WSS=-275
[GP] Step 7 take 0.565 secs: WL=2237.00 OF=0.342381
[GP] Timing analysis take 0.013000 secs.
[GP] MarginTNSS=-53340, TNSS=-3736, WSS=-275
[GP] Step 8 take 0.543 secs: WL=2351.07 OF=0.262105
[GP] Timing analysis take 0.012000 secs.
[GP] MarginTNSS=-53340, TNSS=-3736, WSS=-275
[GP] Step 9 take 0.546 secs: WL=2497.17 OF=0.202256
[GP] Timing analysis take 0.013000 secs.
[GP] MarginTNSS=-53340, TNSS=-3736, WSS=-275
[GP] Timing analysis take 0.013000 secs.
[GP] MarginTNSS=-53340, TNSS=-3736, WSS=-275
[GP] Step 10 take 0.503 secs: WL=2726.50 OF=0.142403
[GP] Timing analysis take 0.012000 secs.
[GP] MarginTNSS=-53340, TNSS=-3736, WSS=-275
[GP] Step 11 take 0.267 secs: WL=2770.44 OF=0.096583
[GP] Timing analysis take 0.013000 secs.
[GP] MarginTNSS=-53340, TNSS=-3736, WSS=-275
[GP] Step 12 take 0.272 secs: WL=2827.63 OF=0.072067
[GP] Timing analysis take 0.012000 secs.
[GP] MarginTNSS=-53340, TNSS=-3736, WSS=-275
[GP] Final best WL=2803.194792 OF=0.079773, totally takes 6.129000 secs, run timing analysis 16 times totally takes 0.206000 secs.
[GP] Total node move: 92575.75, average node move: 136.14
[GP] Placer use memory: 14.15107346 MB
Stage: after fip global place | Performance: WL = 2432 ; TNS = -3736 ; WNS = -275 | Time (s): real = 0h:0m:22s ; cpu = 0h:0m:18s ; process = 0h:0m:36s | Memory (MB): curr = 668.128906 ; peak = 684.710938 | Checksum: 30EECAA483C947FB

Flat initial placement flow takes 8.391.
Stage: after EP_FIP | Performance: WL = 2432 ; TNS = -3736 ; WNS = -275 | Time (s): real = 0h:0m:22s ; cpu = 0h:0m:18s ; process = 0h:0m:36s | Memory (MB): curr = 670.574219 ; peak = 684.710938 | Checksum: 30EECAA483C947FB


Stage 4 EP_CAGP start.

Stage 4.1 cagp site packing start.
Stage: after pack legalize group | Performance: avg_mov = 0.000000 ; max_mov = 0 ; mov_var = 0.000000
Stage: after cagp site packing | Performance: WL = 4654 | Time (s): real = 0h:0m:23s ; cpu = 0h:0m:18s ; process = 0h:0m:37s | Memory (MB): curr = 694.449219 ; peak = 697.683594 | Checksum: C34BACA5E48790C9


Stage 4.2 cagp macro placement start.
Stage: after cagp macro placement | Performance: WL = 4654 | Time (s): real = 0h:0m:23s ; cpu = 0h:0m:18s ; process = 0h:0m:37s | Memory (MB): curr = 694.867188 ; peak = 697.683594 | Checksum: C34BACA5E48790C9


Stage 4.3 post clock plan start.
pre solve all clock design takes 0.02 sec with memory (MB): curr = 694.925781, peak = 697.683594.
CRA timing analysis with worst slack -1014 takes 0.00 sec.
CRA cost 0 takes 0.00 sec.
solve all clock design takes 0.06 sec with memory (MB): curr = 697.582031, peak = 697.683594.
expand load region takes 0.00 sec.
Stage: after post clock plan | Time (s): real = 0h:0m:23s ; cpu = 0h:0m:19s ; process = 0h:0m:38s | Memory (MB): curr = 686.703125 ; peak = 697.718750

Movement during CRA, max : (0, 0) , total : (0, 0) , count : 0 , avg : (0, 0) .
Stage: after EP_CAGP | Performance: WL = 4654 ; TNS = -25165 ; WNS = -1014 | Time (s): real = 0h:0m:23s ; cpu = 0h:0m:19s ; process = 0h:0m:38s | Memory (MB): curr = 688.914062 ; peak = 697.718750 | Checksum: 8A3CDAA6B7E19AC4


Stage 5 EP_DRCP start.

Stage 5.1 DRC Placement start.
DRC final successful.
Stage: after DRC Placement | Time (s): real = 0h:0m:23s ; cpu = 0h:0m:19s ; process = 0h:0m:38s | Memory (MB): curr = 689.140625 ; peak = 697.718750


Stage 5.2 IO Placement start.
The average distance in IO place is 0.000000.
Stage: after IO Placement | Time (s): real = 0h:0m:23s ; cpu = 0h:0m:19s ; process = 0h:0m:38s | Memory (MB): curr = 689.296875 ; peak = 697.718750

Stage: special units | Performance: avg_mov = 98.000000 ; max_mov = 98 ; mov_var = 0.000000
Stage: after EP_DRCP | Performance: WL = 5179 ; TNS = -25165 ; WNS = -1014 | Time (s): real = 0h:0m:23s ; cpu = 0h:0m:19s ; process = 0h:0m:38s | Memory (MB): curr = 689.910156 ; peak = 697.718750 | Checksum: DF54941D0BF9588E


Stage 6 EP_MP start.

Stage 6.1 macro place start.
The average distance of DRM is 0.000000, The max distance of DRM is 0.000000
Stage: after macro place | Performance: WL = 5179 | Time (s): real = 0h:0m:23s ; cpu = 0h:0m:19s ; process = 0h:0m:38s | Memory (MB): curr = 694.855469 ; peak = 697.718750 | Checksum: 70EA61769F571870


Stage 6.2 mp post global place start.
[GP] num_thread=0
I: Multithreading enabled for place using a maximum of 4 processes.
[GP] Init timing API takes 0.00 sec.
[GP] Init GP graph takes 0.02 sec.
Device graph total memory: 11.23344898 MB
[GP] Read position from netlist take 0 msec
[GP] Timing analysis take 0.040000 secs.
[GP] MarginTNSS=-75165, TNSS=-25165, WSS=-1014
[GP] Place thread size: 4
[GP] Node size: 4785, net size: 739
[GP] Design graph total memory: 28.01543713 MB
[GP] Timing analysis take 0.012000 secs.
[GP] MarginTNSS=-63042, TNSS=-13152, WSS=-529
[GP] Step 0 take 0.046 secs: WL=4510.60 OF=0.224997
[GP] Timing analysis take 0.011000 secs.
[GP] MarginTNSS=-59213, TNSS=-9213, WSS=-427
[GP] Step 1 take 0.259 secs: WL=3522.24 OF=0.253253
[GP] Timing analysis take 0.014000 secs.
[GP] MarginTNSS=-58502, TNSS=-8502, WSS=-456
[GP] Step 2 take 0.269 secs: WL=3550.38 OF=0.196734
[GP] Timing analysis take 0.012000 secs.
[GP] MarginTNSS=-58342, TNSS=-8386, WSS=-392
[GP] Step 3 take 0.273 secs: WL=3593.62 OF=0.150729
[GP] Timing analysis take 0.012000 secs.
[GP] MarginTNSS=-58709, TNSS=-8753, WSS=-435
[GP] Step 4 take 0.282 secs: WL=3663.14 OF=0.109164
[GP] Timing analysis take 0.014000 secs.
[GP] MarginTNSS=-58239, TNSS=-8305, WSS=-427
[GP] Step 5 take 0.278 secs: WL=3734.32 OF=0.066515
[GP] Timing analysis take 0.013000 secs.
[GP] MarginTNSS=-57713, TNSS=-7867, WSS=-427
[GP] Final best WL=3759.915687 OF=0.054403, totally takes 1.614000 secs, run timing analysis 8 times totally takes 0.128000 secs.
[GP] Total node move: 1368.63, average node move: 4.80
[GP] Placer use memory: 5.07082176 MB
Stage: after mp post global place | Performance: WL = 3279 ; TNS = -7867 ; WNS = -427 | Time (s): real = 0h:0m:25s ; cpu = 0h:0m:20s ; process = 0h:0m:41s | Memory (MB): curr = 691.132812 ; peak = 697.718750 | Checksum: 2BFB8323CE93A6EA

MP flow takes 1.531.
Stage: after EP_MP | Performance: WL = 3279 ; TNS = -7867 ; WNS = -427 | Time (s): real = 0h:0m:25s ; cpu = 0h:0m:20s ; process = 0h:0m:41s | Memory (MB): curr = 691.132812 ; peak = 697.718750 | Checksum: 2BFB8323CE93A6EA


Stage 7 EP_LP start.
Stage: after legalization | Performance: avg_mov = 0.080760 ; max_mov = 1 ; mov_var = 0.074238
Legalize placement flow takes 0.031.
Stage: after EP_LP | Performance: WL = 3306 ; TNS = -13775 ; WNS = -707 | Time (s): real = 0h:0m:25s ; cpu = 0h:0m:20s ; process = 0h:0m:41s | Memory (MB): curr = 695.847656 ; peak = 697.718750 | Checksum: 51116D81F5A6CA6E


Stage 8 EP_DP start.
Stage: before DP | Performance: WL = 3306 ; TNS = -13775 ; WNS = -707
    Cost at Swap iteration  0:  WNS =   -564,  TNS = -11871,  MarginTNS = -61789,  takes    0.06 sec.
    Cost at DP   iteration  0:  WNS =   -409,  TNS =  -6016,  MarginTNS = -55469,  takes    0.14 sec.
    Cost at Swap iteration  1:  WNS =   -409,  TNS =  -5878,  MarginTNS = -55331,  takes    0.12 sec.
    Cost at Swap iteration  2:  WNS =   -409,  TNS =  -5878,  MarginTNS = -55331,  takes    0.05 sec.
    Cost at DP   iteration  2:  WNS =   -409,  TNS =  -5878,  MarginTNS = -55331,  takes    0.06 sec.
    Cost at Swap iteration  3:  WNS =   -409,  TNS =  -5878,  MarginTNS = -55331,  takes    0.08 sec.
Stage: after DP | Performance: WL = 3369 ; TNS = -5878 ; WNS = -409
EP_DP takes 1 sec.
Stage: after EP_DP | Performance: WL = 3369 ; TNS = -5878 ; WNS = -409 | Time (s): real = 0h:0m:26s ; cpu = 0h:0m:21s ; process = 0h:0m:42s | Memory (MB): curr = 697.714844 ; peak = 699.031250 | Checksum: 2170D847087E43CE


Stage 9 EP_FP start.
AutoDRC Flow for Design Check After Place Start.
AutoDRC Flow for Design Check After Place End.
Stage: after EP_FP | Performance: WL = 3369 ; TNS = -3495 ; WNS = -409 | Time (s): real = 0h:0m:26s ; cpu = 0h:0m:21s ; process = 0h:0m:42s | Memory (MB): curr = 700.648438 ; peak = 701.972656 | Checksum: 6A7E1B6A94E62AD5


Congestion analysis started.
I: Start printing congestion info.
I: Finish printing congestion info.
Congestion analysis takes 0.17 sec.


Device Utilization Summary :
+----------------------------------------------------------------------------+
| Device Type                      | Used     | Available     | Util(%)     
+----------------------------------------------------------------------------+
| CLMA                             | 139      | 6450          | 3           
| + FF                             | 311      | 38700         | 1           
| + LUT                            | 289      | 25800         | 2           
|   + LUT as Logic                 | 289      |               |             
|   + LUT as Const                 | 0        |               |             
|   + LUT as Bypass                | 0        |               |             
| CLMS                             | 105      | 4250          | 3           
| + FF                             | 272      | 25500         | 2           
| + LUT                            | 263      | 17000         | 2           
|   + LUT as Logic                 | 263      |               |             
|   + LUT as Memory                | 0        |               |             
|     + LUT as Distributed RAM     | 0        |               |             
|   + LUT as Const                 | 0        |               |             
|   + LUT as Bypass                | 0        |               |             
| IO                               | 20       | 296           | 7           
| + IOBD                           | 5        | 64            | 8           
| + IOBR_LR                        | 0        | 7             | 0           
| + IOBR_TB                        | 1        | 8             | 13          
| + IOBS_LR                        | 9        | 161           | 6           
| + IOBS_TB                        | 5        | 56            | 9           
| APM                              | 0        | 84            | 0           
| BKCL                             | 3        | 4             | 75          
| CRYSTAL                          | 0        | 2             | 0           
| DLL                              | 0        | 10            | 0           
| DQSL                             | 0        | 18            | 0           
| DRM                              | 6        | 134           | 5           
| FUSECODE                         | 0        | 1             | 0           
| HARD0N1                          | 0        | 6672          | 0           
| HSST                             | 0        | 1             | 0           
| IOCKDIV                          | 0        | 20            | 0           
| IOCKDLY                          | 0        | 40            | 0           
| IOCKGATE                         | 0        | 20            | 0           
| + IOCKGATE as Bypass             | 0        |               |             
| IOL                              | 20       | 400           | 5           
| IPAL                             | 0        | 1             | 0           
| LDO                              | 0        | 4             | 0           
| OSC                              | 0        | 1             | 0           
| PCIE                             | 0        | 1             | 0           
| PLL                              | 1        | 5             | 20          
| RCKB                             | 0        | 24            | 0           
| + RCKB as Bypass                 | 0        |               |             
| RESCAL                           | 0        | 4             | 0           
| SCANCHAIN                        | 1        | 2             | 50          
| START                            | 1        | 1             | 100         
| UDID                             | 0        | 1             | 0           
| USCM                             | 4        | 30            | 14          
| + USCM as Bypass                 | 0        |               |             
+----------------------------------------------------------------------------+

Total placement takes 16.62 sec.
Finished placement.
Design 'uart_rx_top' has been placed successfully.
Action place: Real time elapsed is 0h:0m:27s
Action place: CPU time elapsed is 0h:0m:22s
Action place: Process CPU time elapsed is 0h:0m:43s
Action place: Peak memory pool usage is 772 MB

Current time: Sat Sep 19 16:12:53 2026
