------------------------------------------------------------------------------------------------------------------------------------------------------
Notes: 
  Total_num: the numbers of add/sub in rtl
  Module Name: the module name of the instantiated module calling directly the add/sub sub module
  Location/Inst Name: if linefile info exists(no optimization), print the codes location of add/sub in rtl, else print the inst name
  Count: the amount of lutcarry for add/sub
  Number: the numbers of add/sub with the same lutcarry counts and linefile
  LUT Total Nums from Add and Sub : 104
------------------------------------------------------------------------------------------------------------------------------------------------------

---------------------------------------------------------------------------------------------------------------------------------------------------------------------------------
Detailed RTL Component Info :
-----Add Total Nums : 5
-----Sub Total Nums : 0
-----LUT Total Nums from Add and Sub : 104

Add_Sub: Initial Mapping Report :
|------------------------------------|---------|---------|---------|-------------------------------------------------------------------------------|
|Module Name                         |Type     |Count    |Number   |Location/Inst Name                                                             |
|------------------------------------|---------|---------|---------|-------------------------------------------------------------------------------|
|ms7200_driver_instance              |Add      |9        |1        |../../../../Designs/hardware/ms7200/ms7200_driver.v:479                        |
|------------------------------------|---------|---------|---------|-------------------------------------------------------------------------------|
|ms7210_driver_instance              |Add      |6        |1        |../../../../Designs/hardware/ms7210/ms7210_driver.v:209                        |
|------------------------------------|---------|---------|---------|-------------------------------------------------------------------------------|
|ms7210_driver_instance              |Add      |25       |1        |../../../../Designs/hardware/ms7210/ms7210_driver.v:225                        |
|------------------------------------|---------|---------|---------|-------------------------------------------------------------------------------|
|u_ms7200_top                        |Add      |32       |1        |../../../../Designs/hardware/ms7200/ms7200_top.v:123                           |
|------------------------------------|---------|---------|---------|-------------------------------------------------------------------------------|
|u_ms7210_top                        |Add      |32       |1        |../../../../Designs/hardware/ms7210/ms7210_top.v:122                           |
|------------------------------------|---------|---------|---------|-------------------------------------------------------------------------------|
---------------------------------------------------------------------------------------------------------------------------------------------------------------------------------
