-----------------------------------------------------------------------------------------------------------------------------------------------------------------------------------------------------------------------------------------------------------------------------------------------------------------------------------
Detailed RTL Component Info :
-----Module Name :
                    hdmi_loop_top

-----ROMs :
            192 Bit    (64 x 3 bit)          ROMs := 1
            1K Bit    (64 x 17 bit)          ROMs := 1
            8K Bit    (512 x 16 bit)          ROMs := 1

Distributed RAM, Block RAM and HRM: Final Mapping Report
|------------------------------------------------------------------------|------------------------|-------------------|---------|
| DPRAM Inst Name                                                        | Size (Depth x Width)   | Primitives        | Count   |
|------------------------------------------------------------------------|------------------------|-------------------|---------|
| u_ms7210_top/ms7210_driver_instance/N206_1                             | 64 x 3                 |                   |         |
|                                                                        | 64 x 1                 | GTP_ROM64X1       | 3       |
|------------------------------------------------------------------------|------------------------|-------------------|---------|
| u_ms7210_top/ms7210_driver_instance/N206_2                             | 64 x 17                |                   |         |
|                                                                        | 64 x 1                 | GTP_ROM64X1       | 17      |
|------------------------------------------------------------------------|------------------------|-------------------|---------|
| u_ms7200_top/ms7200_driver_instance/N2517_3                            | 512 x 16               |                   |         |
|                                                                        | 256 x 1                | GTP_ROM256X1      | 32      |
|------------------------------------------------------------------------|------------------------|-------------------|---------|

-----------------------------------------------------------------------------------------------------------------------------------------------------------------------------------------------------------------------------------------------------------------------------------------------------------------------------------

