#Build: Fabric Compiler 2025.2, Build 211867, Jan 16 16:10 2026
#Install: E:\work\pango\PDS_2025.2-ads\bin
#Application name: pds_shell.exe
#OS: Windows 11 10.0.26200
#CPU: Unknown
#RAM(GB): 32
#Hostname: dionirpyC
#Generated by Fabric Compiler (version 2025.2 build 211867) at Sun Sep 27 17:57:25 2026
Parameters for debugging are loaded as follows:
License checkout: fabric_ads from E:/work/pango/PDS_2025.2-ads/new_pds_F4A80DA47D72.lic
Compiling verification operator library.
Compiling vendor parameter file.
Compiling common defs.
Loading technology operator library.
Compiling technology operator library.
Compiling technology operator (valence) library.
Reading design from compile DB
Elaborate the liberty model.
I: Multithreading enabled for Timing using a maximum of 4 processes.
Reading design from compile DB successfully.
Constraint check start.
Compiling prim grid devices.
Building architecture model.
Loading device packaging model.
Building architecture floorplan logic view.
W: ConstraintEditor-4040: [E:/code/PangoWork/Works/hdmi/Constraints/hdmi/ms7200.fdc(line number: 3)] Port p:sys_ms7200_iic_scl has been placed at location V19, whose type is share pin.
W: ConstraintEditor-4040: [E:/code/PangoWork/Works/hdmi/Constraints/system/system.fdc(line number: 8)] Port p:sys_rstn has been placed at location AB13, whose type is share pin.
W: ConstraintEditor-4040: [E:/code/PangoWork/Works/hdmi/Constraints/hdmi/ms7200.fdc(line number: 11)] Port p:sys_ms7200_iic_sda has been placed at location V20, whose type is share pin.
W: ConstraintEditor-4040: [E:/code/PangoWork/Works/hdmi/Constraints/hdmi/hdmi_out.fdc(line number: 17)] Port p:sys_hdmi_out_b[5] has been placed at location R22, whose type is share pin.
W: ConstraintEditor-4040: [E:/code/PangoWork/Works/hdmi/Constraints/hdmi/hdmi_out.fdc(line number: 24)] Port p:sys_hdmi_out_b[4] has been placed at location R20, whose type is share pin.
W: ConstraintEditor-4040: [E:/code/PangoWork/Works/hdmi/Constraints/hdmi/hdmi_out.fdc(line number: 38)] Port p:sys_hdmi_out_b[2] has been placed at location T21, whose type is share pin.
W: ConstraintEditor-4040: [E:/code/PangoWork/Works/hdmi/Constraints/hdmi/hdmi_in.fdc(line number: 54)] Port p:sys_hdmi_in_g[5] has been placed at location AB18, whose type is share pin.
W: ConstraintEditor-4040: [E:/code/PangoWork/Works/hdmi/Constraints/hdmi/hdmi_in.fdc(line number: 59)] Port p:sys_hdmi_in_g[4] has been placed at location AA18, whose type is share pin.
W: ConstraintEditor-4040: [E:/code/PangoWork/Works/hdmi/Constraints/hdmi/hdmi_out.fdc(line number: 61)] Port p:sys_hdmi_out_g[7] has been placed at location L17, whose type is share pin.
W: ConstraintEditor-4040: [E:/code/PangoWork/Works/hdmi/Constraints/hdmi/hdmi_in.fdc(line number: 64)] Port p:sys_hdmi_in_g[3] has been placed at location AB19, whose type is share pin.
W: ConstraintEditor-4040: [E:/code/PangoWork/Works/hdmi/Constraints/hdmi/hdmi_out.fdc(line number: 68)] Port p:sys_hdmi_out_g[6] has been placed at location K20, whose type is share pin.
W: ConstraintEditor-4040: [E:/code/PangoWork/Works/hdmi/Constraints/hdmi/hdmi_in.fdc(line number: 69)] Port p:sys_hdmi_in_g[2] has been placed at location W18, whose type is share pin.
W: ConstraintEditor-4040: [E:/code/PangoWork/Works/hdmi/Constraints/hdmi/hdmi_in.fdc(line number: 74)] Port p:sys_hdmi_in_g[1] has been placed at location V17, whose type is share pin.
W: ConstraintEditor-4040: [E:/code/PangoWork/Works/hdmi/Constraints/hdmi/hdmi_out.fdc(line number: 75)] Port p:sys_hdmi_out_g[5] has been placed at location L19, whose type is share pin.
W: ConstraintEditor-4040: [E:/code/PangoWork/Works/hdmi/Constraints/hdmi/hdmi_out.fdc(line number: 110)] Port p:sys_hdmi_out_g[0] has been placed at location M21, whose type is share pin.
W: ConstraintEditor-4040: [E:/code/PangoWork/Works/hdmi/Constraints/hdmi/hdmi_out.fdc(line number: 119)] Port p:sys_hdmi_out_r[7] has been placed at location H19, whose type is share pin.
W: ConstraintEditor-4040: [E:/code/PangoWork/Works/hdmi/Constraints/hdmi/hdmi_out.fdc(line number: 126)] Port p:sys_hdmi_out_r[6] has been placed at location H22, whose type is share pin.
W: ConstraintEditor-4040: [E:/code/PangoWork/Works/hdmi/Constraints/hdmi/hdmi_in.fdc(line number: 127)] Port p:sys_hdmi_in_pixclk has been placed at location AA12, whose type is share pin.
W: ConstraintEditor-4040: [E:/code/PangoWork/Works/hdmi/Constraints/hdmi/hdmi_out.fdc(line number: 133)] Port p:sys_hdmi_out_r[5] has been placed at location H21, whose type is share pin.
W: ConstraintEditor-4040: [E:/code/PangoWork/Works/hdmi/Constraints/hdmi/hdmi_out.fdc(line number: 168)] Port p:sys_hdmi_out_r[0] has been placed at location K17, whose type is share pin.
W: ConstraintEditor-4040: [E:/code/PangoWork/Works/hdmi/Constraints/hdmi/hdmi_out.fdc(line number: 177)] Port p:sys_hdmi_out_pixclk has been placed at location M22, whose type is share pin.
W: ConstraintEditor-4042: Port 'p:sys_led[0]' lacks attribute 'PAP_IO_DRIVE', it's better to set the attribute for port.
W: ConstraintEditor-4042: Port 'p:sys_led[0]' lacks attribute 'PAP_IO_SLEW', it's better to set the attribute for port.
W: ConstraintEditor-4042: Port 'p:sys_led[0]' lacks attribute 'BUS_KEEPER', it's better to set the attribute for port.
W: ConstraintEditor-4042: Port 'p:sys_led[1]' lacks attribute 'PAP_IO_DRIVE', it's better to set the attribute for port.
W: ConstraintEditor-4042: Port 'p:sys_led[1]' lacks attribute 'PAP_IO_SLEW', it's better to set the attribute for port.
W: ConstraintEditor-4042: Port 'p:sys_led[1]' lacks attribute 'BUS_KEEPER', it's better to set the attribute for port.
W: ConstraintEditor-4042: Port 'p:sys_led[2]' lacks attribute 'PAP_IO_DRIVE', it's better to set the attribute for port.
W: ConstraintEditor-4042: Port 'p:sys_led[2]' lacks attribute 'PAP_IO_SLEW', it's better to set the attribute for port.
W: ConstraintEditor-4042: Port 'p:sys_led[2]' lacks attribute 'BUS_KEEPER', it's better to set the attribute for port.
W: ConstraintEditor-4042: Port 'p:sys_led[3]' lacks attribute 'PAP_IO_DRIVE', it's better to set the attribute for port.
W: ConstraintEditor-4042: Port 'p:sys_led[3]' lacks attribute 'PAP_IO_SLEW', it's better to set the attribute for port.
W: ConstraintEditor-4042: Port 'p:sys_led[3]' lacks attribute 'BUS_KEEPER', it's better to set the attribute for port.
W: ConstraintEditor-4042: Port 'p:sys_led[4]' lacks attribute 'PAP_IO_DRIVE', it's better to set the attribute for port.
W: ConstraintEditor-4042: Port 'p:sys_led[4]' lacks attribute 'PAP_IO_SLEW', it's better to set the attribute for port.
W: ConstraintEditor-4042: Port 'p:sys_led[4]' lacks attribute 'BUS_KEEPER', it's better to set the attribute for port.
W: ConstraintEditor-4042: Port 'p:sys_led[5]' lacks attribute 'PAP_IO_DRIVE', it's better to set the attribute for port.
W: ConstraintEditor-4042: Port 'p:sys_led[5]' lacks attribute 'PAP_IO_SLEW', it's better to set the attribute for port.
W: ConstraintEditor-4042: Port 'p:sys_led[5]' lacks attribute 'BUS_KEEPER', it's better to set the attribute for port.
W: ConstraintEditor-4042: Port 'p:sys_led[6]' lacks attribute 'PAP_IO_DRIVE', it's better to set the attribute for port.
W: ConstraintEditor-4042: Port 'p:sys_led[6]' lacks attribute 'PAP_IO_SLEW', it's better to set the attribute for port.
W: ConstraintEditor-4042: Port 'p:sys_led[6]' lacks attribute 'BUS_KEEPER', it's better to set the attribute for port.
W: ConstraintEditor-4042: Port 'p:sys_led[7]' lacks attribute 'PAP_IO_DRIVE', it's better to set the attribute for port.
W: ConstraintEditor-4042: Port 'p:sys_led[7]' lacks attribute 'PAP_IO_SLEW', it's better to set the attribute for port.
W: ConstraintEditor-4042: Port 'p:sys_led[7]' lacks attribute 'BUS_KEEPER', it's better to set the attribute for port.
Found 0 error(s), 0 critical warning(s), 45 warning(s), out of 416 constraint(s), you can contact with E:/code/PangoWork/Works/hdmi/.hdmi_top_check/prj_tasks/syn_1/synthesize/constraint_check.ccr for more detail information.
Constraint check end.
Total time(hh:mm:ss) of constraint check : 00:00:01
C: SDC-2025: Clock source 'n:sys_hdmi_in_pixclk' need a clock constraint, please use 'create_clock' or 'create_generate_clock' to generate.
I: Infer clock: create_clock -name {hdmi_loop_top|sys_hdmi_in_pixclk} [ get_ports {sys_hdmi_in_pixclk} ] -period {1000.000000} -waveform {0.000000 500.000000} -add.
I: Infer clock: set_clock_groups -name {hdmi_loop_top|Inferred_clock_group_0} -asynchronous -group {hdmi_loop_top|sys_hdmi_in_pixclk}.
Start pre-mapping.
W: Adm-4083: [E:/code/PangoWork/Works/hdmi/Designs/hardware/led/led.v(line number: 14)] Removed bmsWIDEDFFCPE inst sys_led[7:0] at 2 that is stuck at constant 0.
W: Adm-4083: [E:/code/PangoWork/Works/hdmi/Designs/hardware/led/led.v(line number: 14)] Removed bmsWIDEDFFCPE inst sys_led[7:0] at 3 that is stuck at constant 0.
W: Adm-4083: [E:/code/PangoWork/Works/hdmi/Designs/hardware/led/led.v(line number: 14)] Removed bmsWIDEDFFCPE inst sys_led[7:0] at 5 that is stuck at constant 0.
I: Constant propagation done on u_led/sys_led[7:0] (bmsWIDEDFFCPE).
I: Constant propagation done on u_ms7200_top/ms7200_driver_instance/N1266_1 (bmsWIDEMUX).
W: Adm-4083: [E:/code/PangoWork/Works/hdmi/Designs/hardware/ms7200/ms7200_driver.v(line number: 438)] Removed bmsWIDEDFFCPE inst iic_addr[15:0] at 15 that is stuck at constant 0.
I: Constant propagation done on u_ms7200_top/ms7200_driver_instance/iic_addr[15:0] (bmsWIDEDFFCPE).
W: Adm-4083: [E:/code/PangoWork/Works/hdmi/Designs/hardware/ms7210/ms7210_driver.v(line number: 171)] Removed bmsWIDEDFFCPE inst iic_addr[15:0] at 13 that is stuck at constant 0.
W: Adm-4083: [E:/code/PangoWork/Works/hdmi/Designs/hardware/ms7210/ms7210_driver.v(line number: 171)] Removed bmsWIDEDFFCPE inst iic_addr[15:0] at 14 that is stuck at constant 0.
W: Adm-4083: [E:/code/PangoWork/Works/hdmi/Designs/hardware/ms7210/ms7210_driver.v(line number: 171)] Removed bmsWIDEDFFCPE inst iic_addr[15:0] at 15 that is stuck at constant 0.
I: Constant propagation done on u_ms7210_top/ms7210_driver_instance/iic_addr[15:0] (bmsWIDEDFFCPE).
W: Adm-4083: [E:/code/PangoWork/Works/hdmi/Designs/hardware/ms7210/ms7210_driver.v(line number: 171)] Removed bmsWIDEDFFCPE inst wait_counter[31:0] at 25 that is stuck at constant 0.
W: Adm-4083: [E:/code/PangoWork/Works/hdmi/Designs/hardware/ms7210/ms7210_driver.v(line number: 171)] Removed bmsWIDEDFFCPE inst wait_counter[31:0] at 26 that is stuck at constant 0.
W: Adm-4083: [E:/code/PangoWork/Works/hdmi/Designs/hardware/ms7210/ms7210_driver.v(line number: 171)] Removed bmsWIDEDFFCPE inst wait_counter[31:0] at 27 that is stuck at constant 0.
W: Adm-4083: [E:/code/PangoWork/Works/hdmi/Designs/hardware/ms7210/ms7210_driver.v(line number: 171)] Removed bmsWIDEDFFCPE inst wait_counter[31:0] at 28 that is stuck at constant 0.
W: Adm-4083: [E:/code/PangoWork/Works/hdmi/Designs/hardware/ms7210/ms7210_driver.v(line number: 171)] Removed bmsWIDEDFFCPE inst wait_counter[31:0] at 29 that is stuck at constant 0.
W: Adm-4083: [E:/code/PangoWork/Works/hdmi/Designs/hardware/ms7210/ms7210_driver.v(line number: 171)] Removed bmsWIDEDFFCPE inst wait_counter[31:0] at 30 that is stuck at constant 0.
W: Adm-4083: [E:/code/PangoWork/Works/hdmi/Designs/hardware/ms7210/ms7210_driver.v(line number: 171)] Removed bmsWIDEDFFCPE inst wait_counter[31:0] at 31 that is stuck at constant 0.
I: Constant propagation done on u_ms7210_top/ms7210_driver_instance/wait_counter[31:0] (bmsWIDEDFFCPE).
I: Encoding type of FSM 'state_current_fsm[1:0]' is: original.
I: Encoding table of FSM 'state_current_fsm[1:0]':
I: from  state_current[1] state_current[0]
I: to  state_current_reg[1] state_current_reg[0]
I: 00 => 00
I: 01 => 01
I: 10 => 10
I: 11 => 11
I: Encoding type of FSM 'state_current_fsm[1:0]' is: original.
I: Encoding table of FSM 'state_current_fsm[1:0]':
I: from  u_ms7200_top/state_current[1] u_ms7200_top/state_current[0]
I: to  u_ms7200_top/state_current_reg[1] u_ms7200_top/state_current_reg[0]
I: 00 => 00
I: 01 => 01
I: 10 => 10
I: 11 => 11
I: Encoding type of FSM 'state_current_fsm[2:0]' is: onehot.
I: Encoding table of FSM 'state_current_fsm[2:0]':
I: from  u_ms7200_top/ms7200_driver_instance/state_current[2] u_ms7200_top/ms7200_driver_instance/state_current[1] u_ms7200_top/ms7200_driver_instance/state_current[0]
I: to  u_ms7200_top/ms7200_driver_instance/state_current_reg[4] u_ms7200_top/ms7200_driver_instance/state_current_reg[3] u_ms7200_top/ms7200_driver_instance/state_current_reg[2] u_ms7200_top/ms7200_driver_instance/state_current_reg[1] u_ms7200_top/ms7200_driver_instance/state_current_reg[0]
I: 000 => 00001
I: 001 => 00010
I: 010 => 00100
I: 011 => 01000
I: 100 => 10000
I: Encoding type of FSM 'state_fsm[4:0]' is: onehot.
I: Encoding table of FSM 'state_fsm[4:0]':
I: from  u_ms7200_top/ms7200_iic_instance/state[4] u_ms7200_top/ms7200_iic_instance/state[3] u_ms7200_top/ms7200_iic_instance/state[2] u_ms7200_top/ms7200_iic_instance/state[1] u_ms7200_top/ms7200_iic_instance/state[0]
I: to  u_ms7200_top/ms7200_iic_instance/state_reg[15] u_ms7200_top/ms7200_iic_instance/state_reg[14] u_ms7200_top/ms7200_iic_instance/state_reg[13] u_ms7200_top/ms7200_iic_instance/state_reg[12] u_ms7200_top/ms7200_iic_instance/state_reg[11] u_ms7200_top/ms7200_iic_instance/state_reg[10] u_ms7200_top/ms7200_iic_instance/state_reg[9] u_ms7200_top/ms7200_iic_instance/state_reg[8] u_ms7200_top/ms7200_iic_instance/state_reg[7] u_ms7200_top/ms7200_iic_instance/state_reg[6] u_ms7200_top/ms7200_iic_instance/state_reg[5] u_ms7200_top/ms7200_iic_instance/state_reg[4] u_ms7200_top/ms7200_iic_instance/state_reg[3] u_ms7200_top/ms7200_iic_instance/state_reg[2] u_ms7200_top/ms7200_iic_instance/state_reg[1] u_ms7200_top/ms7200_iic_instance/state_reg[0]
I: 00000 => 0000000000000001
I: 00001 => 0000000000000010
I: 00010 => 0000000000000100
I: 00011 => 0000000000001000
I: 00100 => 0000000000010000
I: 00101 => 0000000000100000
I: 00110 => 0000000001000000
I: 00111 => 0000000010000000
I: 01000 => 0000000100000000
I: 01001 => 0000001000000000
I: 01010 => 0000010000000000
I: 01011 => 0000100000000000
I: 01100 => 0001000000000000
I: 01101 => 0010000000000000
I: 01110 => 0100000000000000
I: 01111 => 1000000000000000
I: Encoding type of FSM 'state_current_fsm[1:0]' is: original.
I: Encoding table of FSM 'state_current_fsm[1:0]':
I: from  u_ms7210_top/state_current[1] u_ms7210_top/state_current[0]
I: to  u_ms7210_top/state_current_reg[1] u_ms7210_top/state_current_reg[0]
I: 00 => 00
I: 01 => 01
I: 10 => 10
I: 11 => 11
I: Encoding type of FSM 'state_current_fsm[2:0]' is: onehot.
I: Encoding table of FSM 'state_current_fsm[2:0]':
I: from  u_ms7210_top/ms7210_driver_instance/state_current[2] u_ms7210_top/ms7210_driver_instance/state_current[1] u_ms7210_top/ms7210_driver_instance/state_current[0]
I: to  u_ms7210_top/ms7210_driver_instance/state_current_reg[5] u_ms7210_top/ms7210_driver_instance/state_current_reg[4] u_ms7210_top/ms7210_driver_instance/state_current_reg[3] u_ms7210_top/ms7210_driver_instance/state_current_reg[2] u_ms7210_top/ms7210_driver_instance/state_current_reg[1] u_ms7210_top/ms7210_driver_instance/state_current_reg[0]
I: 000 => 000001
I: 001 => 000010
I: 010 => 000100
I: 011 => 001000
I: 100 => 010000
I: 101 => 100000
I: Encoding type of FSM 'state_fsm[4:0]' is: onehot.
I: Encoding table of FSM 'state_fsm[4:0]':
I: from  u_ms7210_top/ms7210_iic_instance/state[4] u_ms7210_top/ms7210_iic_instance/state[3] u_ms7210_top/ms7210_iic_instance/state[2] u_ms7210_top/ms7210_iic_instance/state[1] u_ms7210_top/ms7210_iic_instance/state[0]
I: to  u_ms7210_top/ms7210_iic_instance/state_reg[15] u_ms7210_top/ms7210_iic_instance/state_reg[14] u_ms7210_top/ms7210_iic_instance/state_reg[13] u_ms7210_top/ms7210_iic_instance/state_reg[12] u_ms7210_top/ms7210_iic_instance/state_reg[11] u_ms7210_top/ms7210_iic_instance/state_reg[10] u_ms7210_top/ms7210_iic_instance/state_reg[9] u_ms7210_top/ms7210_iic_instance/state_reg[8] u_ms7210_top/ms7210_iic_instance/state_reg[7] u_ms7210_top/ms7210_iic_instance/state_reg[6] u_ms7210_top/ms7210_iic_instance/state_reg[5] u_ms7210_top/ms7210_iic_instance/state_reg[4] u_ms7210_top/ms7210_iic_instance/state_reg[3] u_ms7210_top/ms7210_iic_instance/state_reg[2] u_ms7210_top/ms7210_iic_instance/state_reg[1] u_ms7210_top/ms7210_iic_instance/state_reg[0]
I: 00000 => 0000000000000001
I: 00001 => 0000000000000010
I: 00010 => 0000000000000100
I: 00011 => 0000000000001000
I: 00100 => 0000000000010000
I: 00101 => 0000000000100000
I: 00110 => 0000000001000000
I: 00111 => 0000000010000000
I: 01000 => 0000000100000000
I: 01001 => 0000001000000000
I: 01010 => 0000010000000000
I: 01011 => 0000100000000000
I: 01100 => 0001000000000000
I: 01101 => 0010000000000000
I: 01110 => 0100000000000000
I: 01111 => 1000000000000000
W: Adm-4083: [E:/code/PangoWork/Works/hdmi/Designs/hardware/ms7200/ms7200_driver.v(line number: 438)] Removed bmsWIDEDFFCPE inst iic_addr[15:0] at 14 that is stuck at constant 0.
I: Constant propagation done on u_ms7200_top/ms7200_driver_instance/iic_addr[15:0] (bmsWIDEDFFCPE).
Executing : pre-mapping successfully. Time elapsed: 0.235s wall, 0.188s user + 0.078s system = 0.266s CPU (113.0%). Peak memory used: 267 MB.

Start mod-gen.
W: Public-4008: [E:/code/PangoWork/Works/hdmi/Designs/drivers/iic/iic_master.v(line number: 97)] Instance 'u_ms7200_top/ms7200_iic_instance/iic_error' of 'bmsWIDEDFFCPE' unit is dangling and will be cleaned.
W: Public-4008: [E:/code/PangoWork/Works/hdmi/Designs/hardware/ms7210/ms7210_top.v(line number: 105)] Instance 'u_ms7210_top/ms7210_rstn' of 'bmsWIDEDFFCPE' unit is dangling and will be cleaned.
W: Public-4008: [E:/code/PangoWork/Works/hdmi/Designs/drivers/iic/iic_master.v(line number: 97)] Instance 'u_ms7210_top/ms7210_iic_instance/iic_error' of 'bmsWIDEDFFCPE' unit is dangling and will be cleaned.
I: Constant propagation done on u_ms7200_top/ms7200_driver_instance/N2518_0 (bmsWIDEMUX).
I: Constant propagation done on u_ms7200_top/ms7200_iic_instance/N51 (bmsREDAND).
W: Adm-4083: [E:/code/PangoWork/Works/hdmi/Designs/drivers/iic/iic_master.v(line number: 97)] Removed bmsWIDEDFFCPE inst u_ms7200_top/ms7200_iic_instance/addr_reg[15:0] at 14 that is stuck at constant 0.
I: Constant propagation done on u_ms7200_top/ms7200_iic_instance/addr_reg[15:0] (bmsWIDEDFFCPE).
I: Constant propagation done on u_ms7210_top/ms7210_iic_instance/N51 (bmsREDAND).
W: Adm-4083: [E:/code/PangoWork/Works/hdmi/Designs/drivers/iic/iic_master.v(line number: 97)] Removed bmsWIDEDFFCPE inst u_ms7210_top/ms7210_iic_instance/addr_reg[15:0] at 13 that is stuck at constant 0.
W: Adm-4083: [E:/code/PangoWork/Works/hdmi/Designs/hardware/ms7200/ms7200_driver.v(line number: 438)] Removed bmsWIDEDFFCPE inst u_ms7200_top/ms7200_driver_instance/iic_addr[15:0]_4 at 10 that is stuck at constant 0.
W: Adm-4083: [E:/code/PangoWork/Works/hdmi/Designs/hardware/ms7200/ms7200_driver.v(line number: 438)] Removed bmsWIDEDFFCPE inst u_ms7200_top/ms7200_driver_instance/iic_addr[15:0]_4 at 11 that is stuck at constant 0.
W: Adm-4083: [E:/code/PangoWork/Works/hdmi/Designs/hardware/ms7200/ms7200_driver.v(line number: 438)] Removed bmsWIDEDFFCPE inst u_ms7200_top/ms7200_driver_instance/iic_addr[15:0]_4 at 14 that is stuck at constant 0.
W: Adm-4083: [E:/code/PangoWork/Works/hdmi/Designs/hardware/ms7200/ms7200_driver.v(line number: 438)] Removed bmsWIDEDFFCPE inst u_ms7200_top/ms7200_driver_instance/iic_addr[15:0]_4 at 15 that is stuck at constant 0.
I: Removed bmsWIDEDFFRSE inst u_ms7200_top/ms7200_driver_instance/iic_addr[15:0]_4_ret_11 that is redundant to u_ms7200_top/ms7200_driver_instance/iic_addr[15:0]_4_ret_2
I: Removed bmsWIDEDFFRSE inst u_ms7200_top/ms7200_driver_instance/iic_addr[15:0]_4_ret_9 that is redundant to u_ms7200_top/ms7200_driver_instance/iic_addr[15:0]_4_ret
I: Removed bmsWIDEDFFRSE inst u_ms7200_top/ms7200_driver_instance/iic_addr[15:0]_4_ret_13 that is redundant to u_ms7200_top/ms7200_driver_instance/iic_addr[15:0]_4_ret_4
I: Removed bmsWIDEDFFRSE inst u_ms7200_top/ms7200_driver_instance/iic_addr[15:0]_4_ret_17 that is redundant to u_ms7200_top/ms7200_driver_instance/iic_addr[15:0]_4_ret_8
I: ROM(u_ms7200_top/ms7200_driver_instance/N1266_7) won't be mapped to RAM because it is too sparse
I: ROM(u_ms7200_top/ms7200_driver_instance/N1266_5) won't be mapped to RAM because it is too sparse
I: ROM(u_ms7200_top/ms7200_driver_instance/N2517_1) won't be mapped to RAM because it is too sparse
I: ROM(u_ms7200_top/ms7200_driver_instance/N2517_2) won't be mapped to RAM because it is too sparse
I: Removed bmsDECODER inst u_ms7200_top/ms7200_driver_instance/N1266_7_decode_a that is redundant to u_ms7200_top/ms7200_driver_instance/N1266_5_decode_a
I: Removed bmsDECODER inst u_ms7200_top/ms7200_driver_instance/N2517_2_decode_a that is redundant to u_ms7200_top/ms7200_driver_instance/N2517_1_decode_a
Executing : mod-gen successfully. Time elapsed: 1.248s wall, 1.266s user + 0.094s system = 1.359s CPU (108.9%). Peak memory used: 294 MB.

Start logic-optimization.
W: Adm-4083: [E:/code/PangoWork/Works/hdmi/Designs/hardware/ms7200/ms7200_top.v(line number: 106)] Removed bmsWIDEDFFCPE inst u_ms7200_top/delay_counter[31:0] at 21 that is stuck at constant 0.
W: Adm-4083: [E:/code/PangoWork/Works/hdmi/Designs/hardware/ms7200/ms7200_top.v(line number: 106)] Removed bmsWIDEDFFCPE inst u_ms7200_top/delay_counter[31:0] at 22 that is stuck at constant 0.
W: Adm-4083: [E:/code/PangoWork/Works/hdmi/Designs/hardware/ms7200/ms7200_top.v(line number: 106)] Removed bmsWIDEDFFCPE inst u_ms7200_top/delay_counter[31:0] at 23 that is stuck at constant 0.
W: Adm-4083: [E:/code/PangoWork/Works/hdmi/Designs/hardware/ms7200/ms7200_top.v(line number: 106)] Removed bmsWIDEDFFCPE inst u_ms7200_top/delay_counter[31:0] at 24 that is stuck at constant 0.
W: Adm-4083: [E:/code/PangoWork/Works/hdmi/Designs/hardware/ms7200/ms7200_top.v(line number: 106)] Removed bmsWIDEDFFCPE inst u_ms7200_top/delay_counter[31:0] at 25 that is stuck at constant 0.
W: Adm-4083: [E:/code/PangoWork/Works/hdmi/Designs/hardware/ms7200/ms7200_top.v(line number: 106)] Removed bmsWIDEDFFCPE inst u_ms7200_top/delay_counter[31:0] at 26 that is stuck at constant 0.
W: Adm-4083: [E:/code/PangoWork/Works/hdmi/Designs/hardware/ms7200/ms7200_top.v(line number: 106)] Removed bmsWIDEDFFCPE inst u_ms7200_top/delay_counter[31:0] at 27 that is stuck at constant 0.
W: Adm-4083: [E:/code/PangoWork/Works/hdmi/Designs/hardware/ms7200/ms7200_top.v(line number: 106)] Removed bmsWIDEDFFCPE inst u_ms7200_top/delay_counter[31:0] at 28 that is stuck at constant 0.
W: Adm-4083: [E:/code/PangoWork/Works/hdmi/Designs/hardware/ms7200/ms7200_top.v(line number: 106)] Removed bmsWIDEDFFCPE inst u_ms7200_top/delay_counter[31:0] at 29 that is stuck at constant 0.
W: Adm-4083: [E:/code/PangoWork/Works/hdmi/Designs/hardware/ms7200/ms7200_top.v(line number: 106)] Removed bmsWIDEDFFCPE inst u_ms7200_top/delay_counter[31:0] at 30 that is stuck at constant 0.
W: Adm-4083: [E:/code/PangoWork/Works/hdmi/Designs/hardware/ms7200/ms7200_top.v(line number: 106)] Removed bmsWIDEDFFCPE inst u_ms7200_top/delay_counter[31:0] at 31 that is stuck at constant 0.
W: Adm-4083: [E:/code/PangoWork/Works/hdmi/Designs/hardware/ms7210/ms7210_top.v(line number: 105)] Removed bmsWIDEDFFCPE inst u_ms7210_top/delay_counter[31:0] at 20 that is stuck at constant 0.
W: Adm-4083: [E:/code/PangoWork/Works/hdmi/Designs/hardware/ms7210/ms7210_top.v(line number: 105)] Removed bmsWIDEDFFCPE inst u_ms7210_top/delay_counter[31:0] at 21 that is stuck at constant 0.
W: Adm-4083: [E:/code/PangoWork/Works/hdmi/Designs/hardware/ms7210/ms7210_top.v(line number: 105)] Removed bmsWIDEDFFCPE inst u_ms7210_top/delay_counter[31:0] at 22 that is stuck at constant 0.
W: Adm-4083: [E:/code/PangoWork/Works/hdmi/Designs/hardware/ms7210/ms7210_top.v(line number: 105)] Removed bmsWIDEDFFCPE inst u_ms7210_top/delay_counter[31:0] at 23 that is stuck at constant 0.
W: Adm-4083: [E:/code/PangoWork/Works/hdmi/Designs/hardware/ms7210/ms7210_top.v(line number: 105)] Removed bmsWIDEDFFCPE inst u_ms7210_top/delay_counter[31:0] at 24 that is stuck at constant 0.
W: Adm-4083: [E:/code/PangoWork/Works/hdmi/Designs/hardware/ms7210/ms7210_top.v(line number: 105)] Removed bmsWIDEDFFCPE inst u_ms7210_top/delay_counter[31:0] at 25 that is stuck at constant 0.
W: Adm-4083: [E:/code/PangoWork/Works/hdmi/Designs/hardware/ms7210/ms7210_top.v(line number: 105)] Removed bmsWIDEDFFCPE inst u_ms7210_top/delay_counter[31:0] at 26 that is stuck at constant 0.
W: Adm-4083: [E:/code/PangoWork/Works/hdmi/Designs/hardware/ms7210/ms7210_top.v(line number: 105)] Removed bmsWIDEDFFCPE inst u_ms7210_top/delay_counter[31:0] at 27 that is stuck at constant 0.
W: Adm-4083: [E:/code/PangoWork/Works/hdmi/Designs/hardware/ms7210/ms7210_top.v(line number: 105)] Removed bmsWIDEDFFCPE inst u_ms7210_top/delay_counter[31:0] at 28 that is stuck at constant 0.
W: Adm-4083: [E:/code/PangoWork/Works/hdmi/Designs/hardware/ms7210/ms7210_top.v(line number: 105)] Removed bmsWIDEDFFCPE inst u_ms7210_top/delay_counter[31:0] at 29 that is stuck at constant 0.
W: Adm-4083: [E:/code/PangoWork/Works/hdmi/Designs/hardware/ms7210/ms7210_top.v(line number: 105)] Removed bmsWIDEDFFCPE inst u_ms7210_top/delay_counter[31:0] at 30 that is stuck at constant 0.
Executing : logic-optimization successfully. Time elapsed: 1.505s wall, 1.438s user + 0.047s system = 1.484s CPU (98.6%). Peak memory used: 302 MB.

Start tech-mapping phase 1.
W: Public-4008: [E:/code/PangoWork/Works/hdmi/Designs/drivers/iic/iic_master.v(line number: 97)] Instance 'u_ms7210_top/ms7210_iic_instance/addr_reg[12]' of 'bmsWIDEDFFCPE' unit is dangling and will be cleaned.
W: Public-4008: [E:/code/PangoWork/Works/hdmi/Designs/drivers/iic/iic_master.v(line number: 97)] Instance 'u_ms7210_top/ms7210_iic_instance/addr_reg[13]' of 'bmsWIDEDFFCPE' unit is dangling and will be cleaned.
W: Public-4008: [E:/code/PangoWork/Works/hdmi/Designs/drivers/iic/iic_master.v(line number: 97)] Instance 'u_ms7210_top/ms7210_iic_instance/addr_reg[14]' of 'bmsWIDEDFFCPE' unit is dangling and will be cleaned.
W: Public-4008: [E:/code/PangoWork/Works/hdmi/Designs/drivers/iic/iic_master.v(line number: 97)] Instance 'u_ms7210_top/ms7210_iic_instance/addr_reg[15]' of 'bmsWIDEDFFCPE' unit is dangling and will be cleaned.
W: Public-4008: [E:/code/PangoWork/Works/hdmi/Designs/hardware/ms7200/ms7200_driver.v(line number: 438)] Instance 'u_ms7200_top/ms7200_driver_instance/iic_addr[15:0]_2[10]' of 'bmsWIDEDFFCPE' unit is dangling and will be cleaned.
W: Public-4008: [E:/code/PangoWork/Works/hdmi/Designs/hardware/ms7200/ms7200_driver.v(line number: 438)] Instance 'u_ms7200_top/ms7200_driver_instance/iic_addr[15:0]_2[11]' of 'bmsWIDEDFFCPE' unit is dangling and will be cleaned.
W: Public-4008: [E:/code/PangoWork/Works/hdmi/Designs/hardware/ms7200/ms7200_driver.v(line number: 438)] Instance 'u_ms7200_top/ms7200_driver_instance/iic_addr[15:0]_2[14]' of 'bmsWIDEDFFCPE' unit is dangling and will be cleaned.
W: Public-4008: [E:/code/PangoWork/Works/hdmi/Designs/hardware/ms7200/ms7200_driver.v(line number: 438)] Instance 'u_ms7200_top/ms7200_driver_instance/iic_addr[15:0]_2[15]' of 'bmsWIDEDFFCPE' unit is dangling and will be cleaned.
W: Public-4008: [E:/code/PangoWork/Works/hdmi/Designs/hardware/ms7200/ms7200_driver.v(line number: 438)] Instance 'u_ms7200_top/ms7200_driver_instance/iic_addr[15:0]_4[8]' of 'bmsWIDEDFFCPE' unit is dangling and will be cleaned.
W: Public-4008: [E:/code/PangoWork/Works/hdmi/Designs/hardware/ms7200/ms7200_driver.v(line number: 438)] Instance 'u_ms7200_top/ms7200_driver_instance/iic_addr[15:0]_4[9]' of 'bmsWIDEDFFCPE' unit is dangling and will be cleaned.
W: Public-4008: [E:/code/PangoWork/Works/hdmi/Designs/hardware/ms7200/ms7200_driver.v(line number: 438)] Instance 'u_ms7200_top/ms7200_driver_instance/iic_addr[15:0]_4[10]' of 'bmsWIDEDFFCPE' unit is dangling and will be cleaned.
W: Public-4008: [E:/code/PangoWork/Works/hdmi/Designs/hardware/ms7200/ms7200_driver.v(line number: 438)] Instance 'u_ms7200_top/ms7200_driver_instance/iic_addr[15:0]_4[11]' of 'bmsWIDEDFFCPE' unit is dangling and will be cleaned.
W: Public-4008: [E:/code/PangoWork/Works/hdmi/Designs/hardware/ms7200/ms7200_driver.v(line number: 438)] Instance 'u_ms7200_top/ms7200_driver_instance/iic_addr[15:0]_4[12]' of 'bmsWIDEDFFCPE' unit is dangling and will be cleaned.
W: Public-4008: [E:/code/PangoWork/Works/hdmi/Designs/hardware/ms7200/ms7200_driver.v(line number: 438)] Instance 'u_ms7200_top/ms7200_driver_instance/iic_addr[15:0]_4[13]' of 'bmsWIDEDFFCPE' unit is dangling and will be cleaned.
W: Public-4008: [E:/code/PangoWork/Works/hdmi/Designs/hardware/ms7200/ms7200_driver.v(line number: 438)] Instance 'u_ms7200_top/ms7200_driver_instance/iic_addr[15:0]_4[14]' of 'bmsWIDEDFFCPE' unit is dangling and will be cleaned.
W: Public-4008: [E:/code/PangoWork/Works/hdmi/Designs/hardware/ms7200/ms7200_driver.v(line number: 438)] Instance 'u_ms7200_top/ms7200_driver_instance/iic_addr[15:0]_4[15]' of 'bmsWIDEDFFCPE' unit is dangling and will be cleaned.
W: Public-4008: [E:/code/PangoWork/Works/hdmi/Designs/hardware/led/led.v(line number: 14)] Instance 'u_led/sys_led[2]' of 'bmsWIDEDFFCPE' unit is dangling and will be cleaned.
W: Public-4008: [E:/code/PangoWork/Works/hdmi/Designs/hardware/led/led.v(line number: 14)] Instance 'u_led/sys_led[3]' of 'bmsWIDEDFFCPE' unit is dangling and will be cleaned.
W: Public-4008: [E:/code/PangoWork/Works/hdmi/Designs/hardware/led/led.v(line number: 14)] Instance 'u_led/sys_led[5]' of 'bmsWIDEDFFCPE' unit is dangling and will be cleaned.
W: Public-4008: [E:/code/PangoWork/Works/hdmi/Designs/hardware/ms7200/ms7200_top.v(line number: 106)] Instance 'u_ms7200_top/delay_counter[21]' of 'bmsWIDEDFFCPE' unit is dangling and will be cleaned.
W: Public-4008: [E:/code/PangoWork/Works/hdmi/Designs/hardware/ms7200/ms7200_top.v(line number: 106)] Instance 'u_ms7200_top/delay_counter[22]' of 'bmsWIDEDFFCPE' unit is dangling and will be cleaned.
W: Public-4008: [E:/code/PangoWork/Works/hdmi/Designs/hardware/ms7200/ms7200_top.v(line number: 106)] Instance 'u_ms7200_top/delay_counter[23]' of 'bmsWIDEDFFCPE' unit is dangling and will be cleaned.
W: Public-4008: [E:/code/PangoWork/Works/hdmi/Designs/hardware/ms7200/ms7200_top.v(line number: 106)] Instance 'u_ms7200_top/delay_counter[24]' of 'bmsWIDEDFFCPE' unit is dangling and will be cleaned.
W: Public-4008: [E:/code/PangoWork/Works/hdmi/Designs/hardware/ms7200/ms7200_top.v(line number: 106)] Instance 'u_ms7200_top/delay_counter[25]' of 'bmsWIDEDFFCPE' unit is dangling and will be cleaned.
W: Public-4008: [E:/code/PangoWork/Works/hdmi/Designs/hardware/ms7200/ms7200_top.v(line number: 106)] Instance 'u_ms7200_top/delay_counter[26]' of 'bmsWIDEDFFCPE' unit is dangling and will be cleaned.
W: Public-4008: [E:/code/PangoWork/Works/hdmi/Designs/hardware/ms7200/ms7200_top.v(line number: 106)] Instance 'u_ms7200_top/delay_counter[27]' of 'bmsWIDEDFFCPE' unit is dangling and will be cleaned.
W: Public-4008: [E:/code/PangoWork/Works/hdmi/Designs/hardware/ms7200/ms7200_top.v(line number: 106)] Instance 'u_ms7200_top/delay_counter[28]' of 'bmsWIDEDFFCPE' unit is dangling and will be cleaned.
W: Public-4008: [E:/code/PangoWork/Works/hdmi/Designs/hardware/ms7200/ms7200_top.v(line number: 106)] Instance 'u_ms7200_top/delay_counter[29]' of 'bmsWIDEDFFCPE' unit is dangling and will be cleaned.
W: Public-4008: [E:/code/PangoWork/Works/hdmi/Designs/hardware/ms7200/ms7200_top.v(line number: 106)] Instance 'u_ms7200_top/delay_counter[30]' of 'bmsWIDEDFFCPE' unit is dangling and will be cleaned.
W: Public-4008: [E:/code/PangoWork/Works/hdmi/Designs/hardware/ms7200/ms7200_top.v(line number: 106)] Instance 'u_ms7200_top/delay_counter[31]' of 'bmsWIDEDFFCPE' unit is dangling and will be cleaned.
W: Public-4008: [E:/code/PangoWork/Works/hdmi/Designs/hardware/ms7200/ms7200_driver.v(line number: 438)] Instance 'u_ms7200_top/ms7200_driver_instance/frequency_previous[0]' of 'bmsWIDEDFFCPE' unit is dangling and will be cleaned.
W: Public-4008: [E:/code/PangoWork/Works/hdmi/Designs/hardware/ms7200/ms7200_driver.v(line number: 438)] Instance 'u_ms7200_top/ms7200_driver_instance/frequency_previous[1]' of 'bmsWIDEDFFCPE' unit is dangling and will be cleaned.
W: Public-4008: [E:/code/PangoWork/Works/hdmi/Designs/hardware/ms7200/ms7200_driver.v(line number: 438)] Instance 'u_ms7200_top/ms7200_driver_instance/frequency_previous[2]' of 'bmsWIDEDFFCPE' unit is dangling and will be cleaned.
W: Public-4008: [E:/code/PangoWork/Works/hdmi/Designs/hardware/ms7200/ms7200_driver.v(line number: 438)] Instance 'u_ms7200_top/ms7200_driver_instance/frequency_previous[3]' of 'bmsWIDEDFFCPE' unit is dangling and will be cleaned.
W: Public-4008: [E:/code/PangoWork/Works/hdmi/Designs/hardware/ms7200/ms7200_driver.v(line number: 438)] Instance 'u_ms7200_top/ms7200_driver_instance/frequency_previous[4]' of 'bmsWIDEDFFCPE' unit is dangling and will be cleaned.
W: Public-4008: [E:/code/PangoWork/Works/hdmi/Designs/hardware/ms7200/ms7200_driver.v(line number: 438)] Instance 'u_ms7200_top/ms7200_driver_instance/frequency_previous[5]' of 'bmsWIDEDFFCPE' unit is dangling and will be cleaned.
W: Public-4008: [E:/code/PangoWork/Works/hdmi/Designs/hardware/ms7200/ms7200_driver.v(line number: 438)] Instance 'u_ms7200_top/ms7200_driver_instance/frequency_previous[6]' of 'bmsWIDEDFFCPE' unit is dangling and will be cleaned.
W: Public-4008: [E:/code/PangoWork/Works/hdmi/Designs/hardware/ms7200/ms7200_driver.v(line number: 438)] Instance 'u_ms7200_top/ms7200_driver_instance/frequency_previous[7]' of 'bmsWIDEDFFCPE' unit is dangling and will be cleaned.
W: Public-4008: [E:/code/PangoWork/Works/hdmi/Designs/hardware/ms7200/ms7200_driver.v(line number: 438)] Instance 'u_ms7200_top/ms7200_driver_instance/frequency_previous[8]' of 'bmsWIDEDFFCPE' unit is dangling and will be cleaned.
W: Public-4008: [E:/code/PangoWork/Works/hdmi/Designs/hardware/ms7200/ms7200_driver.v(line number: 438)] Instance 'u_ms7200_top/ms7200_driver_instance/frequency_previous[9]' of 'bmsWIDEDFFCPE' unit is dangling and will be cleaned.
W: Public-4008: [E:/code/PangoWork/Works/hdmi/Designs/hardware/ms7200/ms7200_driver.v(line number: 438)] Instance 'u_ms7200_top/ms7200_driver_instance/frequency_previous[10]' of 'bmsWIDEDFFCPE' unit is dangling and will be cleaned.
W: Public-4008: [E:/code/PangoWork/Works/hdmi/Designs/hardware/ms7200/ms7200_driver.v(line number: 438)] Instance 'u_ms7200_top/ms7200_driver_instance/frequency_previous[11]' of 'bmsWIDEDFFCPE' unit is dangling and will be cleaned.
W: Public-4008: [E:/code/PangoWork/Works/hdmi/Designs/hardware/ms7200/ms7200_driver.v(line number: 438)] Instance 'u_ms7200_top/ms7200_driver_instance/frequency_previous[12]' of 'bmsWIDEDFFCPE' unit is dangling and will be cleaned.
W: Public-4008: [E:/code/PangoWork/Works/hdmi/Designs/hardware/ms7200/ms7200_driver.v(line number: 438)] Instance 'u_ms7200_top/ms7200_driver_instance/frequency_previous[13]' of 'bmsWIDEDFFCPE' unit is dangling and will be cleaned.
W: Public-4008: [E:/code/PangoWork/Works/hdmi/Designs/hardware/ms7200/ms7200_driver.v(line number: 438)] Instance 'u_ms7200_top/ms7200_driver_instance/frequency_previous[14]' of 'bmsWIDEDFFCPE' unit is dangling and will be cleaned.
W: Public-4008: [E:/code/PangoWork/Works/hdmi/Designs/hardware/ms7200/ms7200_driver.v(line number: 438)] Instance 'u_ms7200_top/ms7200_driver_instance/frequency_previous[15]' of 'bmsWIDEDFFCPE' unit is dangling and will be cleaned.
W: Public-4008: [E:/code/PangoWork/Works/hdmi/Designs/hardware/ms7200/ms7200_driver.v(line number: 438)] Instance 'u_ms7200_top/ms7200_driver_instance/frequency_previous[18]' of 'bmsWIDEDFFCPE' unit is dangling and will be cleaned.
W: Public-4008: [E:/code/PangoWork/Works/hdmi/Designs/hardware/ms7200/ms7200_driver.v(line number: 438)] Instance 'u_ms7200_top/ms7200_driver_instance/frequency_previous[19]' of 'bmsWIDEDFFCPE' unit is dangling and will be cleaned.
W: Public-4008: [E:/code/PangoWork/Works/hdmi/Designs/hardware/ms7200/ms7200_driver.v(line number: 438)] Instance 'u_ms7200_top/ms7200_driver_instance/frequency_previous[20]' of 'bmsWIDEDFFCPE' unit is dangling and will be cleaned.
W: Public-4008: [E:/code/PangoWork/Works/hdmi/Designs/hardware/ms7200/ms7200_driver.v(line number: 438)] Instance 'u_ms7200_top/ms7200_driver_instance/frequency_previous[21]' of 'bmsWIDEDFFCPE' unit is dangling and will be cleaned.
W: Public-4008: [E:/code/PangoWork/Works/hdmi/Designs/hardware/ms7200/ms7200_driver.v(line number: 438)] Instance 'u_ms7200_top/ms7200_driver_instance/frequency_previous[22]' of 'bmsWIDEDFFCPE' unit is dangling and will be cleaned.
W: Public-4008: [E:/code/PangoWork/Works/hdmi/Designs/hardware/ms7200/ms7200_driver.v(line number: 438)] Instance 'u_ms7200_top/ms7200_driver_instance/frequency_previous[23]' of 'bmsWIDEDFFCPE' unit is dangling and will be cleaned.
W: Public-4008: [E:/code/PangoWork/Works/hdmi/Designs/hardware/ms7200/ms7200_driver.v(line number: 438)] Instance 'u_ms7200_top/ms7200_driver_instance/frequency_previous[24]' of 'bmsWIDEDFFCPE' unit is dangling and will be cleaned.
W: Public-4008: [E:/code/PangoWork/Works/hdmi/Designs/hardware/ms7200/ms7200_driver.v(line number: 438)] Instance 'u_ms7200_top/ms7200_driver_instance/frequency_previous[25]' of 'bmsWIDEDFFCPE' unit is dangling and will be cleaned.
W: Public-4008: [E:/code/PangoWork/Works/hdmi/Designs/hardware/ms7200/ms7200_driver.v(line number: 438)] Instance 'u_ms7200_top/ms7200_driver_instance/frequency_previous[26]' of 'bmsWIDEDFFCPE' unit is dangling and will be cleaned.
W: Public-4008: [E:/code/PangoWork/Works/hdmi/Designs/hardware/ms7200/ms7200_driver.v(line number: 438)] Instance 'u_ms7200_top/ms7200_driver_instance/frequency_previous[27]' of 'bmsWIDEDFFCPE' unit is dangling and will be cleaned.
W: Public-4008: [E:/code/PangoWork/Works/hdmi/Designs/hardware/ms7200/ms7200_driver.v(line number: 438)] Instance 'u_ms7200_top/ms7200_driver_instance/frequency_previous[28]' of 'bmsWIDEDFFCPE' unit is dangling and will be cleaned.
W: Public-4008: [E:/code/PangoWork/Works/hdmi/Designs/hardware/ms7200/ms7200_driver.v(line number: 438)] Instance 'u_ms7200_top/ms7200_driver_instance/frequency_previous[29]' of 'bmsWIDEDFFCPE' unit is dangling and will be cleaned.
W: Public-4008: [E:/code/PangoWork/Works/hdmi/Designs/hardware/ms7200/ms7200_driver.v(line number: 438)] Instance 'u_ms7200_top/ms7200_driver_instance/frequency_previous[30]' of 'bmsWIDEDFFCPE' unit is dangling and will be cleaned.
W: Public-4008: [E:/code/PangoWork/Works/hdmi/Designs/hardware/ms7200/ms7200_driver.v(line number: 438)] Instance 'u_ms7200_top/ms7200_driver_instance/frequency_previous[31]' of 'bmsWIDEDFFCPE' unit is dangling and will be cleaned.
W: Public-4008: [E:/code/PangoWork/Works/hdmi/Designs/hardware/ms7200/ms7200_driver.v(line number: 438)] Instance 'u_ms7200_top/ms7200_driver_instance/frequency_sample[18]' of 'bmsWIDEDFFCPE' unit is dangling and will be cleaned.
W: Public-4008: [E:/code/PangoWork/Works/hdmi/Designs/hardware/ms7200/ms7200_driver.v(line number: 438)] Instance 'u_ms7200_top/ms7200_driver_instance/frequency_sample[19]' of 'bmsWIDEDFFCPE' unit is dangling and will be cleaned.
W: Public-4008: [E:/code/PangoWork/Works/hdmi/Designs/hardware/ms7200/ms7200_driver.v(line number: 438)] Instance 'u_ms7200_top/ms7200_driver_instance/frequency_sample[20]' of 'bmsWIDEDFFCPE' unit is dangling and will be cleaned.
W: Public-4008: [E:/code/PangoWork/Works/hdmi/Designs/hardware/ms7200/ms7200_driver.v(line number: 438)] Instance 'u_ms7200_top/ms7200_driver_instance/frequency_sample[21]' of 'bmsWIDEDFFCPE' unit is dangling and will be cleaned.
W: Public-4008: [E:/code/PangoWork/Works/hdmi/Designs/hardware/ms7200/ms7200_driver.v(line number: 438)] Instance 'u_ms7200_top/ms7200_driver_instance/frequency_sample[22]' of 'bmsWIDEDFFCPE' unit is dangling and will be cleaned.
W: Public-4008: [E:/code/PangoWork/Works/hdmi/Designs/hardware/ms7200/ms7200_driver.v(line number: 438)] Instance 'u_ms7200_top/ms7200_driver_instance/frequency_sample[23]' of 'bmsWIDEDFFCPE' unit is dangling and will be cleaned.
W: Public-4008: Instance 'u_ms7200_top/ms7200_driver_instance/iic_addr[15:0]_4_ret_7[0]' of 'bmsWIDEDFFRSE' unit is dangling and will be cleaned.
W: Public-4008: Instance 'u_ms7200_top/ms7200_driver_instance/iic_addr[15:0]_4_ret_7[2]' of 'bmsWIDEDFFRSE' unit is dangling and will be cleaned.
W: Public-4008: [E:/code/PangoWork/Works/hdmi/Designs/drivers/iic/iic_master.v(line number: 97)] Instance 'u_ms7200_top/ms7200_iic_instance/addr_reg[10]' of 'bmsWIDEDFFCPE' unit is dangling and will be cleaned.
W: Public-4008: [E:/code/PangoWork/Works/hdmi/Designs/drivers/iic/iic_master.v(line number: 97)] Instance 'u_ms7200_top/ms7200_iic_instance/addr_reg[11]' of 'bmsWIDEDFFCPE' unit is dangling and will be cleaned.
W: Public-4008: [E:/code/PangoWork/Works/hdmi/Designs/drivers/iic/iic_master.v(line number: 97)] Instance 'u_ms7200_top/ms7200_iic_instance/addr_reg[14]' of 'bmsWIDEDFFCPE' unit is dangling and will be cleaned.
W: Public-4008: [E:/code/PangoWork/Works/hdmi/Designs/drivers/iic/iic_master.v(line number: 97)] Instance 'u_ms7200_top/ms7200_iic_instance/addr_reg[15]' of 'bmsWIDEDFFCPE' unit is dangling and will be cleaned.
W: Public-4008: [E:/code/PangoWork/Works/hdmi/Designs/hardware/ms7210/ms7210_top.v(line number: 105)] Instance 'u_ms7210_top/delay_counter[20]' of 'bmsWIDEDFFCPE' unit is dangling and will be cleaned.
W: Public-4008: [E:/code/PangoWork/Works/hdmi/Designs/hardware/ms7210/ms7210_top.v(line number: 105)] Instance 'u_ms7210_top/delay_counter[21]' of 'bmsWIDEDFFCPE' unit is dangling and will be cleaned.
W: Public-4008: [E:/code/PangoWork/Works/hdmi/Designs/hardware/ms7210/ms7210_top.v(line number: 105)] Instance 'u_ms7210_top/delay_counter[22]' of 'bmsWIDEDFFCPE' unit is dangling and will be cleaned.
W: Public-4008: [E:/code/PangoWork/Works/hdmi/Designs/hardware/ms7210/ms7210_top.v(line number: 105)] Instance 'u_ms7210_top/delay_counter[23]' of 'bmsWIDEDFFCPE' unit is dangling and will be cleaned.
W: Public-4008: [E:/code/PangoWork/Works/hdmi/Designs/hardware/ms7210/ms7210_top.v(line number: 105)] Instance 'u_ms7210_top/delay_counter[24]' of 'bmsWIDEDFFCPE' unit is dangling and will be cleaned.
W: Public-4008: [E:/code/PangoWork/Works/hdmi/Designs/hardware/ms7210/ms7210_top.v(line number: 105)] Instance 'u_ms7210_top/delay_counter[25]' of 'bmsWIDEDFFCPE' unit is dangling and will be cleaned.
W: Public-4008: [E:/code/PangoWork/Works/hdmi/Designs/hardware/ms7210/ms7210_top.v(line number: 105)] Instance 'u_ms7210_top/delay_counter[26]' of 'bmsWIDEDFFCPE' unit is dangling and will be cleaned.
W: Public-4008: [E:/code/PangoWork/Works/hdmi/Designs/hardware/ms7210/ms7210_top.v(line number: 105)] Instance 'u_ms7210_top/delay_counter[27]' of 'bmsWIDEDFFCPE' unit is dangling and will be cleaned.
W: Public-4008: [E:/code/PangoWork/Works/hdmi/Designs/hardware/ms7210/ms7210_top.v(line number: 105)] Instance 'u_ms7210_top/delay_counter[28]' of 'bmsWIDEDFFCPE' unit is dangling and will be cleaned.
W: Public-4008: [E:/code/PangoWork/Works/hdmi/Designs/hardware/ms7210/ms7210_top.v(line number: 105)] Instance 'u_ms7210_top/delay_counter[29]' of 'bmsWIDEDFFCPE' unit is dangling and will be cleaned.
W: Public-4008: [E:/code/PangoWork/Works/hdmi/Designs/hardware/ms7210/ms7210_top.v(line number: 105)] Instance 'u_ms7210_top/delay_counter[30]' of 'bmsWIDEDFFCPE' unit is dangling and will be cleaned.
W: Public-4008: [E:/code/PangoWork/Works/hdmi/Designs/hardware/ms7210/ms7210_driver.v(line number: 171)] Instance 'u_ms7210_top/ms7210_driver_instance/wait_counter[25]' of 'bmsWIDEDFFCPE' unit is dangling and will be cleaned.
W: Public-4008: [E:/code/PangoWork/Works/hdmi/Designs/hardware/ms7210/ms7210_driver.v(line number: 171)] Instance 'u_ms7210_top/ms7210_driver_instance/wait_counter[26]' of 'bmsWIDEDFFCPE' unit is dangling and will be cleaned.
W: Public-4008: [E:/code/PangoWork/Works/hdmi/Designs/hardware/ms7210/ms7210_driver.v(line number: 171)] Instance 'u_ms7210_top/ms7210_driver_instance/wait_counter[27]' of 'bmsWIDEDFFCPE' unit is dangling and will be cleaned.
W: Public-4008: [E:/code/PangoWork/Works/hdmi/Designs/hardware/ms7210/ms7210_driver.v(line number: 171)] Instance 'u_ms7210_top/ms7210_driver_instance/wait_counter[28]' of 'bmsWIDEDFFCPE' unit is dangling and will be cleaned.
W: Public-4008: [E:/code/PangoWork/Works/hdmi/Designs/hardware/ms7210/ms7210_driver.v(line number: 171)] Instance 'u_ms7210_top/ms7210_driver_instance/wait_counter[29]' of 'bmsWIDEDFFCPE' unit is dangling and will be cleaned.
W: Public-4008: [E:/code/PangoWork/Works/hdmi/Designs/hardware/ms7210/ms7210_driver.v(line number: 171)] Instance 'u_ms7210_top/ms7210_driver_instance/wait_counter[30]' of 'bmsWIDEDFFCPE' unit is dangling and will be cleaned.
W: Public-4008: [E:/code/PangoWork/Works/hdmi/Designs/hardware/ms7210/ms7210_driver.v(line number: 171)] Instance 'u_ms7210_top/ms7210_driver_instance/wait_counter[31]' of 'bmsWIDEDFFCPE' unit is dangling and will be cleaned.
W: Public-4008: [E:/code/PangoWork/Works/hdmi/Designs/hardware/ms7210/ms7210_driver.v(line number: 171)] Instance 'u_ms7210_top/ms7210_driver_instance/iic_addr[12]' of 'bmsWIDEDFFCPE' unit is dangling and will be cleaned.
W: Public-4008: [E:/code/PangoWork/Works/hdmi/Designs/hardware/ms7210/ms7210_driver.v(line number: 171)] Instance 'u_ms7210_top/ms7210_driver_instance/iic_addr[13]' of 'bmsWIDEDFFCPE' unit is dangling and will be cleaned.
W: Public-4008: [E:/code/PangoWork/Works/hdmi/Designs/hardware/ms7210/ms7210_driver.v(line number: 171)] Instance 'u_ms7210_top/ms7210_driver_instance/iic_addr[14]' of 'bmsWIDEDFFCPE' unit is dangling and will be cleaned.
W: Public-4008: [E:/code/PangoWork/Works/hdmi/Designs/hardware/ms7210/ms7210_driver.v(line number: 171)] Instance 'u_ms7210_top/ms7210_driver_instance/iic_addr[15]' of 'bmsWIDEDFFCPE' unit is dangling and will be cleaned.
W: Adm-4082: [E:/code/PangoWork/Works/hdmi/Designs/hardware/ms7210/ms7210_top.v(line number: 105)] Removed bmsWIDEDFFCPE inst u_ms7210_top/delay_counter[31] that is stuck at constant 0.
Executing : tech-mapping phase 1 successfully. Time elapsed: 0.128s wall, 0.109s user + 0.000s system = 0.109s CPU (85.3%). Peak memory used: 302 MB.

Start tech-mapping phase 2.
Executing : tech-mapping phase 2 successfully. Time elapsed: 0.731s wall, 0.734s user + 0.000s system = 0.734s CPU (100.5%). Peak memory used: 314 MB.

Start tech-optimization.
I: Flop u_ms7200_top/ms7200_driver_instance/iic_dir is being inverted and renamed to u_ms7200_top/ms7200_driver_instance/iic_dir_inv.
I: Flop u_ms7210_top/ms7210_driver_instance/iic_dir is being inverted and renamed to u_ms7210_top/ms7210_driver_instance/iic_dir_inv.
Executing : tech-optimization successfully. Time elapsed: 0.098s wall, 0.141s user + 0.000s system = 0.141s CPU (144.2%). Peak memory used: 316 MB.

Start phys-optimization.
Executing : phys-optimization successfully. Time elapsed: 0.000s wall, 0.000s user + 0.000s system = 0.000s CPU (n/a%). Peak memory used: 316 MB.

Start restore-hierarchy.
Executing : restore-hierarchy successfully. Time elapsed: 0.019s wall, 0.016s user + 0.000s system = 0.016s CPU (83.1%). Peak memory used: 316 MB.


Cell Usage:
GTP_DFF                      18 uses
GTP_DFF_C                   118 uses
GTP_DFF_CE                  214 uses
GTP_DFF_PE                    6 uses
GTP_GRS                       1 use
GTP_INV                       3 uses
GTP_LUT1                      2 uses
GTP_LUT2                     94 uses
GTP_LUT3                     57 uses
GTP_LUT4                     56 uses
GTP_LUT5                     85 uses
GTP_LUT5CARRY                77 uses
GTP_LUT5M                    32 uses
GTP_MUX2LUT6                  4 uses
GTP_PLL_E3                    1 use
GTP_ROM128X1                  1 use
GTP_ROM256X1                 13 uses
GTP_ROM32X1                  18 uses
GTP_ROM64X1                  20 uses

I/O ports: 71
GTP_INBUF                  30 uses
GTP_IOBUF                   2 uses
GTP_OUTBUF                 39 uses

Mapping Summary:
Total LUTs: 569 of 42800 (1.33%)
	LUTs as dram: 0 of 17000 (0.00%)
	LUTs as logic: 569
Total Registers: 356 of 64200 (0.55%)
Total Latches: 0

DRM18K:
Total DRM18Ks = 0.0 of 134 (0.00%)

APM:
Total APMs = 0.00 of 84 (0.00%)

Total I/O ports = 71 of 296 (23.99%)


Overview of Control Sets:

Number of unique control sets : 37

Histogram:
**************************************************************
  Fanout      | Count    | Sync Set/Reset    Async Set/Reset
--------------------------------------------------------------
  [0, 2)      | 2        | 0                 2
  [2, 4)      | 12       | 0                 12
  [4, 6)      | 1        | 0                 1
  [6, 8)      | 3        | 0                 3
  [8, 10)     | 7        | 0                 7
  [10, 12)    | 1        | 0                 1
  [12, 14)    | 1        | 0                 1
  [14, 16)    | 0        | 0                 0
  [16, Inf)   | 10       | 1                 9
--------------------------------------------------------------
  The maximum fanout: 29
==============================================================

Flip-Flop Distribution:
************************************************************************
  Clock Enable    Sync Set/Reset    Async Set/Reset    Total Registers
------------------------------------------------------------------------
  NO              NO                NO                 18
  NO              NO                YES                118
  NO              YES               NO                 0
  YES             NO                NO                 0
  YES             NO                YES                220
  YES             YES               NO                 0
========================================================================

Latch Distribution:
************************************************
  Gate Enable    Preset/Clear    Total Latches
************************************************
  NO             NO              0
  NO             YES             0
  YES            NO              0
  YES            YES             0
************************************************

Design 'hdmi_loop_top' has been successfully synthesized to architecture-specific objects.
Saving design to DB.
Action Synthesize: Export DB successfully.
Saving design to hdmi_loop_top_syn.vm
Constructing timing graph ...
Timing graph has been constructed successfully
W: Timing-4086: Port 'sys_ms7200_iic_sda' is not constrained, it is treated as combinational input.
W: Timing-4087: Port 'sys_ms7200_iic_sda' is not constrained, it is treated as combinational output.
W: Timing-4086: Port 'sys_ms7210_iic_sda' is not constrained, it is treated as combinational input.
W: Timing-4087: Port 'sys_ms7210_iic_sda' is not constrained, it is treated as combinational output.
W: Timing-4087: Port 'sys_hdmi_out_b[0]' is not constrained, it is treated as combinational output.
W: Timing-4087: Port 'sys_hdmi_out_b[1]' is not constrained, it is treated as combinational output.
W: Timing-4087: Port 'sys_hdmi_out_b[2]' is not constrained, it is treated as combinational output.
W: Timing-4087: Port 'sys_hdmi_out_b[3]' is not constrained, it is treated as combinational output.
W: Timing-4087: Port 'sys_hdmi_out_b[4]' is not constrained, it is treated as combinational output.
W: Timing-4087: Port 'sys_hdmi_out_b[5]' is not constrained, it is treated as combinational output.
W: Timing-4087: Port 'sys_hdmi_out_b[6]' is not constrained, it is treated as combinational output.
W: Timing-4087: Port 'sys_hdmi_out_b[7]' is not constrained, it is treated as combinational output.
W: Timing-4087: Port 'sys_hdmi_out_de' is not constrained, it is treated as combinational output.
W: Timing-4087: Port 'sys_hdmi_out_g[0]' is not constrained, it is treated as combinational output.
W: Timing-4087: Port 'sys_hdmi_out_g[1]' is not constrained, it is treated as combinational output.
W: Timing-4087: Port 'sys_hdmi_out_g[2]' is not constrained, it is treated as combinational output.
W: Timing-4087: Port 'sys_hdmi_out_g[3]' is not constrained, it is treated as combinational output.
W: Timing-4087: Port 'sys_hdmi_out_g[4]' is not constrained, it is treated as combinational output.
W: Timing-4087: Port 'sys_hdmi_out_g[5]' is not constrained, it is treated as combinational output.
W: Timing-4087: Port 'sys_hdmi_out_g[6]' is not constrained, it is treated as combinational output.
W: Timing-4087: Port 'sys_hdmi_out_g[7]' is not constrained, it is treated as combinational output.
W: Timing-4087: Port 'sys_hdmi_out_hsync' is not constrained, it is treated as combinational output.
W: Timing-4087: Port 'sys_hdmi_out_pixclk' is not constrained, it is treated as combinational output.
W: Timing-4087: Port 'sys_hdmi_out_r[0]' is not constrained, it is treated as combinational output.
W: Timing-4087: Port 'sys_hdmi_out_r[1]' is not constrained, it is treated as combinational output.
W: Timing-4087: Port 'sys_hdmi_out_r[2]' is not constrained, it is treated as combinational output.
W: Timing-4087: Port 'sys_hdmi_out_r[3]' is not constrained, it is treated as combinational output.
W: Timing-4087: Port 'sys_hdmi_out_r[4]' is not constrained, it is treated as combinational output.
W: Timing-4087: Port 'sys_hdmi_out_r[5]' is not constrained, it is treated as combinational output.
W: Timing-4087: Port 'sys_hdmi_out_r[6]' is not constrained, it is treated as combinational output.
W: Timing-4087: Port 'sys_hdmi_out_r[7]' is not constrained, it is treated as combinational output.
W: Timing-4087: Port 'sys_hdmi_out_vsync' is not constrained, it is treated as combinational output.
W: Timing-4087: Port 'sys_led[0]' is not constrained, it is treated as combinational output.
W: Timing-4087: Port 'sys_led[1]' is not constrained, it is treated as combinational output.
W: Timing-4087: Port 'sys_led[2]' is not constrained, it is treated as combinational output.
W: Timing-4087: Port 'sys_led[3]' is not constrained, it is treated as combinational output.
W: Timing-4087: Port 'sys_led[4]' is not constrained, it is treated as combinational output.
W: Timing-4087: Port 'sys_led[5]' is not constrained, it is treated as combinational output.
W: Timing-4087: Port 'sys_led[6]' is not constrained, it is treated as combinational output.
W: Timing-4087: Port 'sys_led[7]' is not constrained, it is treated as combinational output.
W: Timing-4087: Port 'sys_ms72xx_rstn' is not constrained, it is treated as combinational output.
W: Timing-4087: Port 'sys_ms7200_iic_scl' is not constrained, it is treated as combinational output.
W: Timing-4087: Port 'sys_ms7210_iic_scl' is not constrained, it is treated as combinational output.
W: Timing-4086: Port 'sys_hdmi_in_b[0]' is not constrained, it is treated as combinational input.
W: Timing-4086: Port 'sys_hdmi_in_b[1]' is not constrained, it is treated as combinational input.
W: Timing-4086: Port 'sys_hdmi_in_b[2]' is not constrained, it is treated as combinational input.
W: Timing-4086: Port 'sys_hdmi_in_b[3]' is not constrained, it is treated as combinational input.
W: Timing-4086: Port 'sys_hdmi_in_b[4]' is not constrained, it is treated as combinational input.
W: Timing-4086: Port 'sys_hdmi_in_b[5]' is not constrained, it is treated as combinational input.
W: Timing-4086: Port 'sys_hdmi_in_b[6]' is not constrained, it is treated as combinational input.
W: Timing-4086: Port 'sys_hdmi_in_b[7]' is not constrained, it is treated as combinational input.
W: Timing-4086: Port 'sys_hdmi_in_de' is not constrained, it is treated as combinational input.
W: Timing-4086: Port 'sys_hdmi_in_g[0]' is not constrained, it is treated as combinational input.
W: Timing-4086: Port 'sys_hdmi_in_g[1]' is not constrained, it is treated as combinational input.
W: Timing-4086: Port 'sys_hdmi_in_g[2]' is not constrained, it is treated as combinational input.
W: Timing-4086: Port 'sys_hdmi_in_g[3]' is not constrained, it is treated as combinational input.
W: Timing-4086: Port 'sys_hdmi_in_g[4]' is not constrained, it is treated as combinational input.
W: Timing-4086: Port 'sys_hdmi_in_g[5]' is not constrained, it is treated as combinational input.
W: Timing-4086: Port 'sys_hdmi_in_g[6]' is not constrained, it is treated as combinational input.
W: Timing-4086: Port 'sys_hdmi_in_g[7]' is not constrained, it is treated as combinational input.
W: Timing-4086: Port 'sys_hdmi_in_hsync' is not constrained, it is treated as combinational input.
W: Timing-4086: Port 'sys_hdmi_in_r[0]' is not constrained, it is treated as combinational input.
W: Timing-4086: Port 'sys_hdmi_in_r[1]' is not constrained, it is treated as combinational input.
W: Timing-4086: Port 'sys_hdmi_in_r[2]' is not constrained, it is treated as combinational input.
W: Timing-4086: Port 'sys_hdmi_in_r[3]' is not constrained, it is treated as combinational input.
W: Timing-4086: Port 'sys_hdmi_in_r[4]' is not constrained, it is treated as combinational input.
W: Timing-4086: Port 'sys_hdmi_in_r[5]' is not constrained, it is treated as combinational input.
W: Timing-4086: Port 'sys_hdmi_in_r[6]' is not constrained, it is treated as combinational input.
W: Timing-4086: Port 'sys_hdmi_in_r[7]' is not constrained, it is treated as combinational input.
W: Timing-4086: Port 'sys_hdmi_in_vsync' is not constrained, it is treated as combinational input.
W: Timing-4086: Port 'sys_rstn' is not constrained, it is treated as combinational input.
Action synthesize: Real time elapsed is 0h:0m:8s
Action synthesize: CPU time elapsed is 0h:0m:6s
Action synthesize: Process CPU time elapsed is 0h:0m:7s
Action synthesize: Peak memory pool usage is 316 MB

Current time: Sun Sep 27 17:57:31 2026
