#Build: Fabric Compiler 2022.2-SP6.7.1, Build 188940, Jun 13 11:15 2025
#Install: D:\Pango\PDS_2022.2-SP6.7.1-ads\bin
#Application name: pds_shell.exe
#OS: Windows 10 10.0.19044
#Hostname: DESKTOP-BG38EDA
Generated by Fabric Compiler (version 2022.2-SP6.7.1 build 188940) at Wed Jun 17 10:57:05 2026
Compiling verification operator library.
Compiling common defs.
Compiling prim grid devices.
Compiling gate devices.
Compiling gate operators.
Building architecture model.
Loading device packaging model.
Reading design from pnr DB.
Start Report Post-PnR timing.
W: CompilerLib-4027: (line number: 33536) Attribute  is not find.
W: CompilerLib-4027: (line number: 33543) Attribute  is not find.
W: CompilerLib-4027: (line number: 33564) Attribute  is not find.
W: CompilerLib-4027: (line number: 33571) Attribute  is not find.
W: CompilerLib-4027: (line number: 33630) Attribute  is not find.
W: CompilerLib-4027: (line number: 33637) Attribute  is not find.
Constructing timing graph ...
Timing graph has been constructed successfully
C: STA-3001: Combinational loops are found in the netlist, following timing arcs are set to false path.
C: STA-3019: Latch loop on node i2c_ctrl_inst/rd_data_reg[0]/opit_0/D is found in the design.
C: STA-3019: Latch loop on node i2c_ctrl_inst/rd_data_reg[1]/opit_0/D is found in the design.
C: STA-3019: Latch loop on node i2c_ctrl_inst/rd_data_reg[2]/opit_0/D is found in the design.
C: STA-3019: Latch loop on node i2c_ctrl_inst/rd_data_reg[3]/opit_0/D is found in the design.
C: STA-3019: Latch loop on node i2c_ctrl_inst/rd_data_reg[4]/opit_0/D is found in the design.
C: STA-3019: Latch loop on node i2c_ctrl_inst/rd_data_reg[5]/opit_0/D is found in the design.
C: STA-3019: Latch loop on node i2c_ctrl_inst/rd_data_reg[6]/opit_0/D is found in the design.
C: STA-3019: Latch loop on node i2c_ctrl_inst/rd_data_reg[7]/opit_0/D is found in the design.
W: STA-3011: Clock pin 'i2c_ctrl_inst/ack/opit_0/CLK' (gopLATCH.CLK) has no clock, timing propagation is disabled at the pin.
W: STA-3011: Clock pin 'i2c_ctrl_inst/cnt_bit[0]/opit_0_inv_L6Q_perm/CLK' (gopLUT6Q.CLK) has no clock, timing propagation is disabled at the pin.
W: STA-3011: Clock pin 'i2c_ctrl_inst/cnt_bit[1]/opit_0_inv_L6Q_perm/CLK' (gopLUT6Q.CLK) has no clock, timing propagation is disabled at the pin.
W: STA-3011: Clock pin 'i2c_ctrl_inst/cnt_bit[2]/opit_0_inv_L6Q_perm/CLK' (gopLUT6Q.CLK) has no clock, timing propagation is disabled at the pin.
W: STA-3011: Clock pin 'i2c_ctrl_inst/cnt_i2c_clk[1]/opit_0_inv_L6QL5Q_perm/CLK' (gopLUT6QL5Q.CLK) has no clock, timing propagation is disabled at the pin.
W: STA-3011: Clock pin 'i2c_ctrl_inst/i2c_end/opit_0_inv_L6Q_perm/CLK' (gopLUT6Q.CLK) has no clock, timing propagation is disabled at the pin.
W: STA-3011: Clock pin 'i2c_ctrl_inst/i2c_sda_reg/opit_0_inv/CLK' (gopLATCH.CLK) has no clock, timing propagation is disabled at the pin.
W: STA-3011: Clock pin 'i2c_ctrl_inst/rd_data[0]/opit_0_inv/CLK' (gopQ.CLK) has no clock, timing propagation is disabled at the pin.
W: STA-3011: Clock pin 'i2c_ctrl_inst/rd_data[1]/opit_0_inv/CLK' (gopQ.CLK) has no clock, timing propagation is disabled at the pin.
W: STA-3011: Clock pin 'i2c_ctrl_inst/rd_data[2]/opit_0_inv/CLK' (gopQ.CLK) has no clock, timing propagation is disabled at the pin.
W: STA-3011: Clock pin 'i2c_ctrl_inst/rd_data[3]/opit_0_inv/CLK' (gopQ.CLK) has no clock, timing propagation is disabled at the pin.
W: STA-3011: Clock pin 'i2c_ctrl_inst/rd_data[4]/opit_0_inv/CLK' (gopQ.CLK) has no clock, timing propagation is disabled at the pin.
W: STA-3011: Clock pin 'i2c_ctrl_inst/rd_data[5]/opit_0_inv/CLK' (gopQ.CLK) has no clock, timing propagation is disabled at the pin.
W: STA-3011: Clock pin 'i2c_ctrl_inst/rd_data[6]/opit_0_inv/CLK' (gopQ.CLK) has no clock, timing propagation is disabled at the pin.
W: STA-3011: Clock pin 'i2c_ctrl_inst/rd_data[7]/opit_0_inv/CLK' (gopQ.CLK) has no clock, timing propagation is disabled at the pin.
W: STA-3011: Clock pin 'i2c_ctrl_inst/rd_data_reg[0]/opit_0/CLK' (gopLATCH.CLK) has no clock, timing propagation is disabled at the pin.
W: STA-3011: Clock pin 'i2c_ctrl_inst/rd_data_reg[1]/opit_0/CLK' (gopLATCH.CLK) has no clock, timing propagation is disabled at the pin.
W: STA-3011: Clock pin 'i2c_ctrl_inst/rd_data_reg[2]/opit_0/CLK' (gopLATCH.CLK) has no clock, timing propagation is disabled at the pin.
W: STA-3011: Clock pin 'i2c_ctrl_inst/rd_data_reg[3]/opit_0/CLK' (gopLATCH.CLK) has no clock, timing propagation is disabled at the pin.
W: STA-3011: Clock pin 'i2c_ctrl_inst/rd_data_reg[4]/opit_0/CLK' (gopLATCH.CLK) has no clock, timing propagation is disabled at the pin.
W: STA-3011: Clock pin 'i2c_ctrl_inst/rd_data_reg[5]/opit_0/CLK' (gopLATCH.CLK) has no clock, timing propagation is disabled at the pin.
W: STA-3011: Clock pin 'i2c_ctrl_inst/rd_data_reg[6]/opit_0/CLK' (gopLATCH.CLK) has no clock, timing propagation is disabled at the pin.
W: STA-3011: Clock pin 'i2c_ctrl_inst/rd_data_reg[7]/opit_0/CLK' (gopLATCH.CLK) has no clock, timing propagation is disabled at the pin.
W: STA-3011: Clock pin 'i2c_ctrl_inst/state_reg[0]/opit_0_inv_L6QL5Q1_perm/CLK' (gopLUT6QL5Q.CLK) has no clock, timing propagation is disabled at the pin.
W: STA-3011: Clock pin 'i2c_ctrl_inst/state_reg[1]/opit_0_inv_L5Q_perm/CLK' (gopLUT6L5Q.CLK) has no clock, timing propagation is disabled at the pin.
W: STA-3011: Clock pin 'i2c_ctrl_inst/state_reg[2]/opit_0_inv_L6Q_perm/CLK' (gopLUT6Q.CLK) has no clock, timing propagation is disabled at the pin.
W: STA-3011: Clock pin 'i2c_ctrl_inst/state_reg[3]/opit_0_inv_L6Q_perm/CLK' (gopLUT6Q.CLK) has no clock, timing propagation is disabled at the pin.
W: STA-3011: Clock pin 'i2c_ctrl_inst/state_reg[4]/opit_0_inv_L6Q_perm/CLK' (gopLUT6Q.CLK) has no clock, timing propagation is disabled at the pin.
W: STA-3011: Clock pin 'i2c_ctrl_inst/state_reg[5]/opit_0_inv_L6Q_perm/CLK' (gopLUT6Q.CLK) has no clock, timing propagation is disabled at the pin.
W: STA-3011: Clock pin 'i2c_ctrl_inst/state_reg[6]/opit_0_inv_L6Q_perm/CLK' (gopLUT6Q.CLK) has no clock, timing propagation is disabled at the pin.
W: STA-3011: Clock pin 'i2c_ctrl_inst/state_reg[7]/opit_0_inv_L6Q_perm/CLK' (gopLUT6Q.CLK) has no clock, timing propagation is disabled at the pin.
W: STA-3011: Clock pin 'i2c_ctrl_inst/state_reg[8]/opit_0_inv_L6Q_perm/CLK' (gopLUT6Q.CLK) has no clock, timing propagation is disabled at the pin.
W: STA-3011: Clock pin 'i2c_ctrl_inst/state_reg[9]/opit_0_inv_L6Q_perm/CLK' (gopLUT6Q.CLK) has no clock, timing propagation is disabled at the pin.
W: STA-3011: Clock pin 'i2c_ctrl_inst/state_reg[10]/opit_0_inv_L6Q_perm/CLK' (gopLUT6Q.CLK) has no clock, timing propagation is disabled at the pin.
W: STA-3011: Clock pin 'i2c_ctrl_inst/state_reg[11]/opit_0_inv_L6Q_perm/CLK' (gopLUT6Q.CLK) has no clock, timing propagation is disabled at the pin.
W: STA-3011: Clock pin 'i2c_ctrl_inst/state_reg[12]/opit_0_inv_L6Q_perm/CLK' (gopLUT6Q.CLK) has no clock, timing propagation is disabled at the pin.
W: STA-3011: Clock pin 'i2c_ctrl_inst/state_reg[13]/opit_0_inv_L6Q_perm/CLK' (gopLUT6Q.CLK) has no clock, timing propagation is disabled at the pin.
W: STA-3011: Clock pin 'i2c_ctrl_inst/state_reg[14]/opit_0_inv_L5Q_perm/CLK' (gopLUT6L5Q.CLK) has no clock, timing propagation is disabled at the pin.
W: STA-3011: Clock pin 'i2c_ctrl_inst/state_reg[15]/opit_0_inv_L6Q_perm/CLK' (gopLUT6Q.CLK) has no clock, timing propagation is disabled at the pin.
W: STA-3011: Clock pin 'i2c_rw_data_inst/byte_addr[0]/opit_0_inv_L6Q_LUT6DQL5_perm/CLK' (gopLUT6QL5.CLK) has no clock, timing propagation is disabled at the pin.
W: STA-3011: Clock pin 'i2c_rw_data_inst/cnt_start[0]/opit_0_inv_L5Q_perm/CLK' (gopLUT6L5Q.CLK) has no clock, timing propagation is disabled at the pin.
W: STA-3011: Clock pin 'i2c_rw_data_inst/cnt_wait[1]/opit_0_inv_L5Q_perm/CLK' (gopLUT6L5Q.CLK) has no clock, timing propagation is disabled at the pin.
W: STA-3011: Clock pin 'i2c_rw_data_inst/cnt_wait[2]/opit_0_inv_L6Q_perm/CLK' (gopLUT6Q.CLK) has no clock, timing propagation is disabled at the pin.
W: STA-3011: Clock pin 'i2c_rw_data_inst/cnt_wait[3]/opit_0_inv_L6QL5Q1_perm/CLK' (gopLUT6QL5Q.CLK) has no clock, timing propagation is disabled at the pin.
W: STA-3011: Clock pin 'i2c_rw_data_inst/cnt_wait[4]/opit_0_inv_L6Q_perm/CLK' (gopLUT6Q.CLK) has no clock, timing propagation is disabled at the pin.
W: STA-3011: Clock pin 'i2c_rw_data_inst/cnt_wait[5]/opit_0_inv_L6Q_perm/CLK' (gopLUT6Q.CLK) has no clock, timing propagation is disabled at the pin.
W: STA-3011: Clock pin 'i2c_rw_data_inst/cnt_wait[6]/opit_0_inv_L6Q_perm/CLK' (gopLUT6Q.CLK) has no clock, timing propagation is disabled at the pin.
W: STA-3011: Clock pin 'i2c_rw_data_inst/cnt_wait[7]/opit_0_inv_L6Q_perm/CLK' (gopLUT6Q.CLK) has no clock, timing propagation is disabled at the pin.
W: STA-3011: Clock pin 'i2c_rw_data_inst/cnt_wait[8]/opit_0_inv_L6Q_perm/CLK' (gopLUT6Q.CLK) has no clock, timing propagation is disabled at the pin.
W: STA-3011: Clock pin 'i2c_rw_data_inst/fifo_rd_en/opit_0_inv_L5Q_perm/CLK' (gopLUT6L5Q.CLK) has no clock, timing propagation is disabled at the pin.
W: STA-3011: Clock pin 'i2c_rw_data_inst/fifo_rd_valid/opit_0_inv_L6Q_perm/CLK' (gopLUT6Q.CLK) has no clock, timing propagation is disabled at the pin.
W: STA-3011: Clock pin 'i2c_rw_data_inst/fifo_read_inst/U_ipm2l_fifo_fifo_data/U_ipm2l_fifo_ctrl/SYN_CTRL.rbin[0]/opit_0_inv_L6QL5_perm/CLK' (gopLUT6QL5.CLK) has no clock, timing propagation is disabled at the pin.
W: STA-3011: Clock pin 'i2c_rw_data_inst/fifo_read_inst/U_ipm2l_fifo_fifo_data/U_ipm2l_fifo_ctrl/SYN_CTRL.rbin[1]/opit_0_inv_L6Q_perm/CLK' (gopLUT6Q.CLK) has no clock, timing propagation is disabled at the pin.
W: STA-3011: Clock pin 'i2c_rw_data_inst/fifo_read_inst/U_ipm2l_fifo_fifo_data/U_ipm2l_fifo_ctrl/SYN_CTRL.rbin[2]/opit_0_inv_L6Q_perm/CLK' (gopLUT6Q.CLK) has no clock, timing propagation is disabled at the pin.
W: STA-3011: Clock pin 'i2c_rw_data_inst/fifo_read_inst/U_ipm2l_fifo_fifo_data/U_ipm2l_fifo_ctrl/SYN_CTRL.rbin[3]/opit_0_inv_L6Q_perm/CLK' (gopLUT6Q.CLK) has no clock, timing propagation is disabled at the pin.
W: STA-3011: Clock pin 'i2c_rw_data_inst/fifo_read_inst/U_ipm2l_fifo_fifo_data/U_ipm2l_fifo_ctrl/SYN_CTRL.rbin[4]/opit_0_inv_L6Q_perm/CLK' (gopLUT6Q.CLK) has no clock, timing propagation is disabled at the pin.
W: STA-3011: Clock pin 'i2c_rw_data_inst/fifo_read_inst/U_ipm2l_fifo_fifo_data/U_ipm2l_fifo_ctrl/SYN_CTRL.rbin[5]/opit_0_inv_L6Q_perm/CLK' (gopLUT6Q.CLK) has no clock, timing propagation is disabled at the pin.
W: STA-3011: Clock pin 'i2c_rw_data_inst/fifo_read_inst/U_ipm2l_fifo_fifo_data/U_ipm2l_fifo_ctrl/SYN_CTRL.rbin[6]/opit_0_inv_L6Q_perm/CLK' (gopLUT6Q.CLK) has no clock, timing propagation is disabled at the pin.
W: STA-3011: Clock pin 'i2c_rw_data_inst/fifo_read_inst/U_ipm2l_fifo_fifo_data/U_ipm2l_fifo_ctrl/SYN_CTRL.rbin[7]/opit_0_inv_L6Q_perm/CLK' (gopLUT6Q.CLK) has no clock, timing propagation is disabled at the pin.
W: STA-3011: Clock pin 'i2c_rw_data_inst/fifo_read_inst/U_ipm2l_fifo_fifo_data/U_ipm2l_fifo_ctrl/SYN_CTRL.rbin[8]/opit_0_inv_L6Q_perm/CLK' (gopLUT6Q.CLK) has no clock, timing propagation is disabled at the pin.
W: STA-3011: Clock pin 'i2c_rw_data_inst/fifo_read_inst/U_ipm2l_fifo_fifo_data/U_ipm2l_fifo_ctrl/SYN_CTRL.rbin[9]/opit_0_inv_L6Q_perm/CLK' (gopLUT6Q.CLK) has no clock, timing propagation is disabled at the pin.
W: STA-3011: Clock pin 'i2c_rw_data_inst/fifo_read_inst/U_ipm2l_fifo_fifo_data/U_ipm2l_fifo_ctrl/SYN_CTRL.rbin[10]/opit_0_inv_L6Q_perm/CLK' (gopLUT6Q.CLK) has no clock, timing propagation is disabled at the pin.
W: STA-3011: Clock pin 'i2c_rw_data_inst/fifo_read_inst/U_ipm2l_fifo_fifo_data/U_ipm2l_fifo_ctrl/SYN_CTRL.rbin[11]/opit_0_inv_L6Q_perm/CLK' (gopLUT6Q.CLK) has no clock, timing propagation is disabled at the pin.
W: STA-3011: Clock pin 'i2c_rw_data_inst/fifo_read_inst/U_ipm2l_fifo_fifo_data/U_ipm2l_fifo_ctrl/SYN_CTRL.rbin[12]/opit_0_inv_L6Q_perm/CLK' (gopLUT6Q.CLK) has no clock, timing propagation is disabled at the pin.
W: STA-3011: Clock pin 'i2c_rw_data_inst/fifo_read_inst/U_ipm2l_fifo_fifo_data/U_ipm2l_fifo_ctrl/SYN_CTRL.rbin[13]/opit_0_inv_L6Q_perm/CLK' (gopLUT6Q.CLK) has no clock, timing propagation is disabled at the pin.
W: STA-3011: Clock pin 'i2c_rw_data_inst/fifo_read_inst/U_ipm2l_fifo_fifo_data/U_ipm2l_fifo_ctrl/SYN_CTRL.rbin[14]/opit_0_inv_L6Q_perm/CLK' (gopLUT6Q.CLK) has no clock, timing propagation is disabled at the pin.
W: STA-3011: Clock pin 'i2c_rw_data_inst/fifo_read_inst/U_ipm2l_fifo_fifo_data/U_ipm2l_fifo_ctrl/SYN_CTRL.syn_wfull/opit_0_inv_L6Q_perm/CLK' (gopLUT6Q.CLK) has no clock, timing propagation is disabled at the pin.
W: STA-3011: Clock pin 'i2c_rw_data_inst/fifo_read_inst/U_ipm2l_fifo_fifo_data/U_ipm2l_fifo_ctrl/SYN_CTRL.wbin[0]/opit_0_inv_L6QL5_perm/CLK' (gopLUT6QL5.CLK) has no clock, timing propagation is disabled at the pin.
W: STA-3011: Clock pin 'i2c_rw_data_inst/fifo_read_inst/U_ipm2l_fifo_fifo_data/U_ipm2l_fifo_ctrl/SYN_CTRL.wbin[1]/opit_0_inv_L6Q_perm/CLK' (gopLUT6Q.CLK) has no clock, timing propagation is disabled at the pin.
W: STA-3011: Clock pin 'i2c_rw_data_inst/fifo_read_inst/U_ipm2l_fifo_fifo_data/U_ipm2l_fifo_ctrl/SYN_CTRL.wbin[2]/opit_0_inv_L6Q_perm/CLK' (gopLUT6Q.CLK) has no clock, timing propagation is disabled at the pin.
W: STA-3011: Clock pin 'i2c_rw_data_inst/fifo_read_inst/U_ipm2l_fifo_fifo_data/U_ipm2l_fifo_ctrl/SYN_CTRL.wbin[3]/opit_0_inv_L6Q_perm/CLK' (gopLUT6Q.CLK) has no clock, timing propagation is disabled at the pin.
W: STA-3011: Clock pin 'i2c_rw_data_inst/fifo_read_inst/U_ipm2l_fifo_fifo_data/U_ipm2l_fifo_ctrl/SYN_CTRL.wbin[4]/opit_0_inv_L6Q_perm/CLK' (gopLUT6Q.CLK) has no clock, timing propagation is disabled at the pin.
W: STA-3011: Clock pin 'i2c_rw_data_inst/fifo_read_inst/U_ipm2l_fifo_fifo_data/U_ipm2l_fifo_ctrl/SYN_CTRL.wbin[5]/opit_0_inv_L6Q_perm/CLK' (gopLUT6Q.CLK) has no clock, timing propagation is disabled at the pin.
W: STA-3011: Clock pin 'i2c_rw_data_inst/fifo_read_inst/U_ipm2l_fifo_fifo_data/U_ipm2l_fifo_ctrl/SYN_CTRL.wbin[6]/opit_0_inv_L6Q_perm/CLK' (gopLUT6Q.CLK) has no clock, timing propagation is disabled at the pin.
W: STA-3011: Clock pin 'i2c_rw_data_inst/fifo_read_inst/U_ipm2l_fifo_fifo_data/U_ipm2l_fifo_ctrl/SYN_CTRL.wbin[7]/opit_0_inv_L6Q_perm/CLK' (gopLUT6Q.CLK) has no clock, timing propagation is disabled at the pin.
W: STA-3011: Clock pin 'i2c_rw_data_inst/fifo_read_inst/U_ipm2l_fifo_fifo_data/U_ipm2l_fifo_ctrl/SYN_CTRL.wbin[8]/opit_0_inv_L6Q_perm/CLK' (gopLUT6Q.CLK) has no clock, timing propagation is disabled at the pin.
W: STA-3011: Clock pin 'i2c_rw_data_inst/fifo_read_inst/U_ipm2l_fifo_fifo_data/U_ipm2l_fifo_ctrl/SYN_CTRL.wbin[9]/opit_0_inv_L6Q_perm/CLK' (gopLUT6Q.CLK) has no clock, timing propagation is disabled at the pin.
W: STA-3011: Clock pin 'i2c_rw_data_inst/fifo_read_inst/U_ipm2l_fifo_fifo_data/U_ipm2l_fifo_ctrl/SYN_CTRL.wbin[10]/opit_0_inv_L6Q_perm/CLK' (gopLUT6Q.CLK) has no clock, timing propagation is disabled at the pin.
W: STA-3011: Clock pin 'i2c_rw_data_inst/fifo_read_inst/U_ipm2l_fifo_fifo_data/U_ipm2l_fifo_ctrl/SYN_CTRL.wbin[11]/opit_0_inv_L6Q_perm/CLK' (gopLUT6Q.CLK) has no clock, timing propagation is disabled at the pin.
W: STA-3011: Clock pin 'i2c_rw_data_inst/fifo_read_inst/U_ipm2l_fifo_fifo_data/U_ipm2l_fifo_ctrl/SYN_CTRL.wbin[12]/opit_0_inv_L6Q_perm/CLK' (gopLUT6Q.CLK) has no clock, timing propagation is disabled at the pin.
W: STA-3011: Clock pin 'i2c_rw_data_inst/fifo_read_inst/U_ipm2l_fifo_fifo_data/U_ipm2l_fifo_ctrl/SYN_CTRL.wbin[13]/opit_0_inv_L6Q_perm/CLK' (gopLUT6Q.CLK) has no clock, timing propagation is disabled at the pin.
W: STA-3011: Clock pin 'i2c_rw_data_inst/fifo_read_inst/U_ipm2l_fifo_fifo_data/U_ipm2l_fifo_ctrl/SYN_CTRL.wbin[14]/opit_0_inv_L6Q_perm/CLK' (gopLUT6Q.CLK) has no clock, timing propagation is disabled at the pin.
W: STA-3011: Clock pin 'i2c_rw_data_inst/fifo_read_inst/U_ipm2l_fifo_fifo_data/U_ipm2l_sdpram/ADDR_LOOP[0].DATA_LOOP[0].U_GTP_DRM36K_E1/gopdrm_36k_inv/CLKA[0]' (gopDRM.CLKA[0]) has no clock, timing propagation is disabled at the pin.
W: STA-3011: Clock pin 'i2c_rw_data_inst/fifo_read_inst/U_ipm2l_fifo_fifo_data/U_ipm2l_sdpram/ADDR_LOOP[0].DATA_LOOP[0].U_GTP_DRM36K_E1/gopdrm_36k_inv/CLKB[0]' (gopDRM.CLKB[0]) has no clock, timing propagation is disabled at the pin.
W: STA-3011: Clock pin 'i2c_rw_data_inst/fifo_read_inst/U_ipm2l_fifo_fifo_data/U_ipm2l_sdpram/ADDR_LOOP[0].DATA_LOOP[1].U_GTP_DRM36K_E1/gopdrm_36k_inv/CLKA[0]' (gopDRM.CLKA[0]) has no clock, timing propagation is disabled at the pin.
W: STA-3011: Clock pin 'i2c_rw_data_inst/fifo_read_inst/U_ipm2l_fifo_fifo_data/U_ipm2l_sdpram/ADDR_LOOP[0].DATA_LOOP[1].U_GTP_DRM36K_E1/gopdrm_36k_inv/CLKB[0]' (gopDRM.CLKB[0]) has no clock, timing propagation is disabled at the pin.
W: STA-3011: Clock pin 'i2c_rw_data_inst/fifo_read_inst/U_ipm2l_fifo_fifo_data/U_ipm2l_sdpram/ADDR_LOOP[0].DATA_LOOP[2].U_GTP_DRM36K_E1/gopdrm_36k_inv/CLKA[0]' (gopDRM.CLKA[0]) has no clock, timing propagation is disabled at the pin.
W: STA-3011: Clock pin 'i2c_rw_data_inst/fifo_read_inst/U_ipm2l_fifo_fifo_data/U_ipm2l_sdpram/ADDR_LOOP[0].DATA_LOOP[2].U_GTP_DRM36K_E1/gopdrm_36k_inv/CLKB[0]' (gopDRM.CLKB[0]) has no clock, timing propagation is disabled at the pin.
W: STA-3011: Clock pin 'i2c_rw_data_inst/fifo_read_inst/U_ipm2l_fifo_fifo_data/U_ipm2l_sdpram/ADDR_LOOP[0].DATA_LOOP[3].U_GTP_DRM36K_E1/gopdrm_36k_inv/CLKA[0]' (gopDRM.CLKA[0]) has no clock, timing propagation is disabled at the pin.
W: STA-3011: Clock pin 'i2c_rw_data_inst/fifo_read_inst/U_ipm2l_fifo_fifo_data/U_ipm2l_sdpram/ADDR_LOOP[0].DATA_LOOP[3].U_GTP_DRM36K_E1/gopdrm_36k_inv/CLKB[0]' (gopDRM.CLKB[0]) has no clock, timing propagation is disabled at the pin.
W: STA-3011: Clock pin 'i2c_rw_data_inst/fifo_read_inst/U_ipm2l_fifo_fifo_data/U_ipm2l_sdpram/ADDR_LOOP[0].DATA_LOOP[4].U_GTP_DRM36K_E1/gopdrm_36k_inv/CLKA[0]' (gopDRM.CLKA[0]) has no clock, timing propagation is disabled at the pin.
W: STA-3011: Clock pin 'i2c_rw_data_inst/fifo_read_inst/U_ipm2l_fifo_fifo_data/U_ipm2l_sdpram/ADDR_LOOP[0].DATA_LOOP[4].U_GTP_DRM36K_E1/gopdrm_36k_inv/CLKB[0]' (gopDRM.CLKB[0]) has no clock, timing propagation is disabled at the pin.
W: STA-3011: Clock pin 'i2c_rw_data_inst/fifo_read_inst/U_ipm2l_fifo_fifo_data/U_ipm2l_sdpram/ADDR_LOOP[0].DATA_LOOP[5].U_GTP_DRM36K_E1/gopdrm_36k_inv/CLKA[0]' (gopDRM.CLKA[0]) has no clock, timing propagation is disabled at the pin.
W: STA-3011: Clock pin 'i2c_rw_data_inst/fifo_read_inst/U_ipm2l_fifo_fifo_data/U_ipm2l_sdpram/ADDR_LOOP[0].DATA_LOOP[5].U_GTP_DRM36K_E1/gopdrm_36k_inv/CLKB[0]' (gopDRM.CLKB[0]) has no clock, timing propagation is disabled at the pin.
W: STA-3011: Clock pin 'i2c_rw_data_inst/fifo_read_inst/U_ipm2l_fifo_fifo_data/U_ipm2l_sdpram/ADDR_LOOP[0].DATA_LOOP[6].U_GTP_DRM36K_E1/gopdrm_36k_inv/CLKA[0]' (gopDRM.CLKA[0]) has no clock, timing propagation is disabled at the pin.
W: STA-3011: Clock pin 'i2c_rw_data_inst/fifo_read_inst/U_ipm2l_fifo_fifo_data/U_ipm2l_sdpram/ADDR_LOOP[0].DATA_LOOP[6].U_GTP_DRM36K_E1/gopdrm_36k_inv/CLKB[0]' (gopDRM.CLKB[0]) has no clock, timing propagation is disabled at the pin.
W: STA-3011: Clock pin 'i2c_rw_data_inst/fifo_read_inst/U_ipm2l_fifo_fifo_data/U_ipm2l_sdpram/ADDR_LOOP[0].DATA_LOOP[7].U_GTP_DRM36K_E1/gopdrm_36k_inv/CLKA[0]' (gopDRM.CLKA[0]) has no clock, timing propagation is disabled at the pin.
W: STA-3011: Clock pin 'i2c_rw_data_inst/fifo_read_inst/U_ipm2l_fifo_fifo_data/U_ipm2l_sdpram/ADDR_LOOP[0].DATA_LOOP[7].U_GTP_DRM36K_E1/gopdrm_36k_inv/CLKB[0]' (gopDRM.CLKB[0]) has no clock, timing propagation is disabled at the pin.
W: STA-3011: Clock pin 'i2c_rw_data_inst/i2c_start/opit_0_inv_L6Q_perm/CLK' (gopLUT6Q.CLK) has no clock, timing propagation is disabled at the pin.
W: STA-3011: Clock pin 'i2c_rw_data_inst/rd_data_num[0]/opit_0_inv_L5Q_perm/CLK' (gopLUT6L5Q.CLK) has no clock, timing propagation is disabled at the pin.
W: STA-3011: Clock pin 'i2c_rw_data_inst/rd_data_num[1]/opit_0_inv_L5Q_perm/CLK' (gopLUT6L5Q.CLK) has no clock, timing propagation is disabled at the pin.
W: STA-3011: Clock pin 'i2c_rw_data_inst/rd_data_num[3]/opit_0_inv_L6QL5Q_perm/CLK' (gopLUT6QL5Q.CLK) has no clock, timing propagation is disabled at the pin.
W: STA-3011: Clock pin 'i2c_rw_data_inst/rd_data_num[4]/opit_0_inv_L6Q_perm/CLK' (gopLUT6Q.CLK) has no clock, timing propagation is disabled at the pin.
W: STA-3011: Clock pin 'i2c_rw_data_inst/rd_data_num[6]/opit_0_inv_L6QL5Q_perm/CLK' (gopLUT6QL5Q.CLK) has no clock, timing propagation is disabled at the pin.
W: STA-3011: Clock pin 'i2c_rw_data_inst/rd_data_num[7]/opit_0_inv_L6Q_perm/CLK' (gopLUT6Q.CLK) has no clock, timing propagation is disabled at the pin.
W: STA-3011: Clock pin 'i2c_rw_data_inst/rd_en/opit_0_inv_L5Q_perm/CLK' (gopLUT6L5Q.CLK) has no clock, timing propagation is disabled at the pin.
W: STA-3011: Clock pin 'i2c_rw_data_inst/rd_i2c_data_num[0]/opit_0_inv_L5Q_perm/CLK' (gopLUT6L5Q.CLK) has no clock, timing propagation is disabled at the pin.
W: STA-3011: Clock pin 'i2c_rw_data_inst/rd_i2c_data_num[2]/opit_0_inv_L5Q_perm/CLK' (gopLUT6L5Q.CLK) has no clock, timing propagation is disabled at the pin.
W: STA-3011: Clock pin 'i2c_rw_data_inst/rd_i2c_data_num[3]/opit_0_inv_L6QL5Q1_perm/CLK' (gopLUT6QL5Q.CLK) has no clock, timing propagation is disabled at the pin.
W: STA-3011: Clock pin 'i2c_rw_data_inst/rd_i2c_data_num[4]/opit_0_inv_L6Q_perm/CLK' (gopLUT6Q.CLK) has no clock, timing propagation is disabled at the pin.
W: STA-3011: Clock pin 'i2c_rw_data_inst/rd_i2c_data_num[6]/opit_0_inv_L6QL5Q_perm/CLK' (gopLUT6QL5Q.CLK) has no clock, timing propagation is disabled at the pin.
W: STA-3011: Clock pin 'i2c_rw_data_inst/rd_i2c_data_num[7]/opit_0_inv_L6Q_perm/CLK' (gopLUT6Q.CLK) has no clock, timing propagation is disabled at the pin.
W: STA-3011: Clock pin 'i2c_rw_data_inst/wr_data[2]/opit_0_inv_L6QL5Q1_perm/CLK' (gopLUT6QL5Q.CLK) has no clock, timing propagation is disabled at the pin.
W: STA-3011: Clock pin 'i2c_rw_data_inst/wr_data[3]/opit_0_inv_L6QL5Q_perm/CLK' (gopLUT6QL5Q.CLK) has no clock, timing propagation is disabled at the pin.
W: STA-3011: Clock pin 'i2c_rw_data_inst/wr_data[4]/opit_0_inv_L6QL5_perm/CLK' (gopLUT6QL5.CLK) has no clock, timing propagation is disabled at the pin.
W: STA-3011: Clock pin 'i2c_rw_data_inst/wr_data[6]/opit_0_inv_L6QL5Q_perm/CLK' (gopLUT6QL5Q.CLK) has no clock, timing propagation is disabled at the pin.
W: STA-3011: Clock pin 'i2c_rw_data_inst/wr_data[7]/opit_0_inv_L6Q_perm/CLK' (gopLUT6Q.CLK) has no clock, timing propagation is disabled at the pin.
W: STA-3011: Clock pin 'i2c_rw_data_inst/wr_en/opit_0_inv_L5Q_perm/CLK' (gopLUT6L5Q.CLK) has no clock, timing propagation is disabled at the pin.
W: STA-3011: Clock pin 'i2c_rw_data_inst/wr_i2c_data_num[0]/opit_0_inv_L5Q_perm/CLK' (gopLUT6L5Q.CLK) has no clock, timing propagation is disabled at the pin.
W: STA-3011: Clock pin 'i2c_rw_data_inst/wr_i2c_data_num[2]/opit_0_inv_L5Q_perm/CLK' (gopLUT6L5Q.CLK) has no clock, timing propagation is disabled at the pin.
W: STA-3011: Clock pin 'i2c_rw_data_inst/wr_i2c_data_num[3]/opit_0_inv_L6QL5Q1_perm/CLK' (gopLUT6QL5Q.CLK) has no clock, timing propagation is disabled at the pin.
W: STA-3011: Clock pin 'i2c_rw_data_inst/wr_i2c_data_num[4]/opit_0_inv_L6Q_perm/CLK' (gopLUT6Q.CLK) has no clock, timing propagation is disabled at the pin.
W: STA-3011: Clock pin 'i2c_rw_data_inst/wr_i2c_data_num[6]/opit_0_inv_L6QL5Q_perm/CLK' (gopLUT6QL5Q.CLK) has no clock, timing propagation is disabled at the pin.
W: STA-3011: Clock pin 'i2c_rw_data_inst/wr_i2c_data_num[7]/opit_0_inv_L6Q_perm/CLK' (gopLUT6Q.CLK) has no clock, timing propagation is disabled at the pin.
W: STA-3011: Clock pin 'i2c_rw_data_inst/cnt_start[3]/opit_0_inv_AQ_perm/CLK' (Carry.i2c_rw_data_inst/cnt_start[3]/opit_0_inv_AQ_perm/CLK) has no clock, timing propagation is disabled at the pin.
W: STA-3011: Clock pin 'i2c_rw_data_inst/cnt_start[7]/opit_0_inv_AQ_perm/CLK' (Carry.i2c_rw_data_inst/cnt_start[7]/opit_0_inv_AQ_perm/CLK) has no clock, timing propagation is disabled at the pin.
W: STA-3011: Clock pin 'i2c_rw_data_inst/cnt_start[11]/opit_0_inv_AQ_perm/CLK' (Carry.i2c_rw_data_inst/cnt_start[11]/opit_0_inv_AQ_perm/CLK) has no clock, timing propagation is disabled at the pin.
W: STA-3011: Clock pin 'i2c_rw_data_inst/byte_addr[4]/opit_0_inv_AQ_perm/CLK' (Carry.i2c_rw_data_inst/byte_addr[4]/opit_0_inv_AQ_perm/CLK) has no clock, timing propagation is disabled at the pin.
W: STA-3011: Clock pin 'i2c_rw_data_inst/byte_addr[8]/opit_0_inv_AQ_perm/CLK' (Carry.i2c_rw_data_inst/byte_addr[8]/opit_0_inv_AQ_perm/CLK) has no clock, timing propagation is disabled at the pin.
W: STA-3011: Clock pin 'i2c_rw_data_inst/byte_addr[12]/opit_0_inv_AQ_perm/CLK' (Carry.i2c_rw_data_inst/byte_addr[12]/opit_0_inv_AQ_perm/CLK) has no clock, timing propagation is disabled at the pin.
W: STA-3011: Clock pin 'i2c_rw_data_inst/byte_addr[15]/opit_0_inv_AQ_perm/CLK' (Carry.i2c_rw_data_inst/byte_addr[15]/opit_0_inv_AQ_perm/CLK) has no clock, timing propagation is disabled at the pin.
W: STA-3011: Clock pin 'i2c_rw_data_inst/fifo_read_inst/U_ipm2l_fifo_fifo_data/U_ipm2l_fifo_ctrl/SYN_CTRL.syn_rempty/opit_0_inv_AL5Q_perm/CLK' (Carry.i2c_rw_data_inst/fifo_read_inst/U_ipm2l_fifo_fifo_data/U_ipm2l_fifo_ctrl/SYN_CTRL.syn_rempty/opit_0_inv_AL5Q_perm/CLK) has no clock, timing propagation is disabled at the pin.
W: STA-3011: Clock pin 'i2c_rw_data_inst/fifo_read_inst/U_ipm2l_fifo_fifo_data/U_ipm2l_fifo_ctrl/rd_water_level[2]/opit_0_inv_AQ_perm/CLK' (Carry.i2c_rw_data_inst/fifo_read_inst/U_ipm2l_fifo_fifo_data/U_ipm2l_fifo_ctrl/rd_water_level[2]/opit_0_inv_AQ_perm/CLK) has no clock, timing propagation is disabled at the pin.
W: STA-3011: Clock pin 'i2c_rw_data_inst/fifo_read_inst/U_ipm2l_fifo_fifo_data/U_ipm2l_fifo_ctrl/rd_water_level[6]/opit_0_inv_AQ_perm/CLK' (Carry.i2c_rw_data_inst/fifo_read_inst/U_ipm2l_fifo_fifo_data/U_ipm2l_fifo_ctrl/rd_water_level[6]/opit_0_inv_AQ_perm/CLK) has no clock, timing propagation is disabled at the pin.
W: STA-3011: Clock pin 'i2c_rw_data_inst/fifo_read_inst/U_ipm2l_fifo_fifo_data/U_ipm2l_fifo_ctrl/rd_water_level[7]/opit_0_inv_AQ_perm/CLK' (Carry.i2c_rw_data_inst/fifo_read_inst/U_ipm2l_fifo_fifo_data/U_ipm2l_fifo_ctrl/rd_water_level[7]/opit_0_inv_AQ_perm/CLK) has no clock, timing propagation is disabled at the pin.
W: STA-3011: Clock pin 'i2c_rw_data_inst/fifo_read_inst/U_ipm2l_fifo_fifo_data/U_ipm2l_fifo_ctrl/SYN_CTRL.rptr[3]/opit_0_inv_AQ_perm/CLK' (Carry.i2c_rw_data_inst/fifo_read_inst/U_ipm2l_fifo_fifo_data/U_ipm2l_fifo_ctrl/SYN_CTRL.rptr[3]/opit_0_inv_AQ_perm/CLK) has no clock, timing propagation is disabled at the pin.
W: STA-3011: Clock pin 'i2c_rw_data_inst/fifo_read_inst/U_ipm2l_fifo_fifo_data/U_ipm2l_fifo_ctrl/SYN_CTRL.rptr[7]/opit_0_inv_AQ_perm/CLK' (Carry.i2c_rw_data_inst/fifo_read_inst/U_ipm2l_fifo_fifo_data/U_ipm2l_fifo_ctrl/SYN_CTRL.rptr[7]/opit_0_inv_AQ_perm/CLK) has no clock, timing propagation is disabled at the pin.
W: STA-3011: Clock pin 'i2c_rw_data_inst/fifo_read_inst/U_ipm2l_fifo_fifo_data/U_ipm2l_fifo_ctrl/SYN_CTRL.rptr[11]/opit_0_inv_AQ/CLK' (Carry.i2c_rw_data_inst/fifo_read_inst/U_ipm2l_fifo_fifo_data/U_ipm2l_fifo_ctrl/SYN_CTRL.rptr[11]/opit_0_inv_AQ/CLK) has no clock, timing propagation is disabled at the pin.
W: STA-3011: Clock pin 'i2c_rw_data_inst/fifo_read_inst/U_ipm2l_fifo_fifo_data/U_ipm2l_fifo_ctrl/SYN_CTRL.rptr[15]/opit_0_inv_AQ_perm/CLK' (Carry.i2c_rw_data_inst/fifo_read_inst/U_ipm2l_fifo_fifo_data/U_ipm2l_fifo_ctrl/SYN_CTRL.rptr[15]/opit_0_inv_AQ_perm/CLK) has no clock, timing propagation is disabled at the pin.
W: STA-3011: Clock pin 'i2c_rw_data_inst/fifo_read_inst/U_ipm2l_fifo_fifo_data/U_ipm2l_fifo_ctrl/SYN_CTRL.wptr[3]/opit_0_inv_AQ_perm/CLK' (Carry.i2c_rw_data_inst/fifo_read_inst/U_ipm2l_fifo_fifo_data/U_ipm2l_fifo_ctrl/SYN_CTRL.wptr[3]/opit_0_inv_AQ_perm/CLK) has no clock, timing propagation is disabled at the pin.
W: STA-3011: Clock pin 'i2c_rw_data_inst/fifo_read_inst/U_ipm2l_fifo_fifo_data/U_ipm2l_fifo_ctrl/SYN_CTRL.wptr[7]/opit_0_inv_AQ_perm/CLK' (Carry.i2c_rw_data_inst/fifo_read_inst/U_ipm2l_fifo_fifo_data/U_ipm2l_fifo_ctrl/SYN_CTRL.wptr[7]/opit_0_inv_AQ_perm/CLK) has no clock, timing propagation is disabled at the pin.
W: STA-3011: Clock pin 'i2c_rw_data_inst/fifo_read_inst/U_ipm2l_fifo_fifo_data/U_ipm2l_fifo_ctrl/SYN_CTRL.wptr[11]/opit_0_inv_AQ_perm/CLK' (Carry.i2c_rw_data_inst/fifo_read_inst/U_ipm2l_fifo_fifo_data/U_ipm2l_fifo_ctrl/SYN_CTRL.wptr[11]/opit_0_inv_AQ_perm/CLK) has no clock, timing propagation is disabled at the pin.
W: STA-3011: Clock pin 'i2c_rw_data_inst/fifo_read_inst/U_ipm2l_fifo_fifo_data/U_ipm2l_fifo_ctrl/SYN_CTRL.wptr[15]/opit_0_inv_AQ_perm/CLK' (Carry.i2c_rw_data_inst/fifo_read_inst/U_ipm2l_fifo_fifo_data/U_ipm2l_fifo_ctrl/SYN_CTRL.wptr[15]/opit_0_inv_AQ_perm/CLK) has no clock, timing propagation is disabled at the pin.
W: Timing-4087: Port 'sda' is not constrained, it is treated as combinational output.
W: Timing-4087: Port 'scl' is not constrained, it is treated as combinational output.
W: Timing-4087: Port 'tx' is not constrained, it is treated as combinational output.
W: Timing-4086: Port 'key_rd' is not constrained, it is treated as combinational input.
W: Timing-4086: Port 'key_wr' is not constrained, it is treated as combinational input.
W: Timing-4086: Port 'sys_rst_n' is not constrained, it is treated as combinational input.
Report timing is finished successfully.
Action report_timing: Real time elapsed is 0h:0m:12s
Action report_timing: CPU time elapsed is 0h:0m:10s
Action report_timing: Process CPU time elapsed is 0h:0m:10s
Current time: Wed Jun 17 10:57:16 2026
Action report_timing: Peak memory pool usage is 1,077 MB
