#Build: Fabric Compiler 2025.2, Build 211867, Jan 16 16:10 2026
#Install: E:\work\pango\PDS_2025.2-ads\bin
#Application name: pds_shell.exe
#OS: Windows 11 10.0.26200
#CPU: Unknown
#RAM(GB): 32
#Hostname: dionirpyC
#Generated by Fabric Compiler (version 2025.2 build 211867) at Sat Sep 19 15:00:35 2026
Parameters for debugging are loaded as follows:
Compiling verification operator library.
Compiling vendor parameter file.
Compiling common defs.
Compiling prim grid devices.
Compiling place grid timing.
Compiling gate devices.
Compiling gate operators.
Compiling gate operators impls.
Building architecture model.
Loading device packaging model.
Building architecture floorplan logic view.
Elaborate the liberty model.
I: Multithreading enabled for Timing using a maximum of 4 processes.

Routing started.
Build routing arch for double attribute device.
Enter timing driven router mode.
I: Multithreading enabled for route using a maximum of 6 processes.
Building routing graph takes 1.58 sec.
Enable Recovery Analysis in Routing
Init coarse delay table.
I: Loading Timing Delay Info...
I: Load Timing Delay Info successfully.
Read place coarse delay table takes 0.33 sec.
build place dedicate switch graph takes 1.84 sec
Setup STE netlist take 2428 msec.
Slack Weight : 90
CE/RS signal series limit : 500
Dispose control chain take 16 msec.
Collect const net info take 40 msec.
Total nets for routing: 571.
Total loads for routing: 2655.
Direct connect net size: 107
Build all design net take 35 msec.
Processing design graph takes 2.52 sec.
Route info is not supported in this chip.
Delay table total memory: 40.33696175 MB
Route graph total memory: 74.42517948 MB
Route design total memory: 1.54289627 MB
The remaining process takes 0.02 sec.
Stage: after context initialize | Time (s): real = 0h:0m:11s ; cpu = 0h:0m:9s ; process = 0h:0m:11s | Memory (MB): curr = 680.457031 ; peak = 718.777344 | Checksum: 1B7AD8159B6F962B
Global routing takes 0.00 sec.
Pin Cost Increasing Speed 300
Unrouted clock nets at iteration 0 (1.024 sec): 6
Unrouted clock nets at iteration 1 (0.002 sec): 3
Unrouted clock nets at iteration 2 (0.000 sec): 0
Stage: after clock route | Time (s): real = 0h:0m:12s ; cpu = 0h:0m:10s ; process = 0h:0m:12s | Memory (MB): curr = 708.378906 ; peak = 718.777344 | Checksum: 53B759F87A3AF9E7
Total route nets size: 559
Pre route takes 0.181 sec
Stage: after pre route | Performance: TNS = 0 ; WNS = 111 ; THS = -3749 ; WHS = -273 | Time (s): real = 0h:0m:13s ; cpu = 0h:0m:10s ; process = 0h:0m:13s | Memory (MB): curr = 723.519531 ; peak = 723.625000 | Checksum: 3C9DEC20D4F0F6DE
Unrouted general nets at iteration 5 (MT total route time: 0.062 sec): 407(overused: 2230)
Unrouted general nets at iteration 6 (MT total route time: 0.051 sec): 333(overused: 1496)
Unrouted general nets at iteration 7 (MT total route time: 0.045 sec): 254(overused: 911)
Unrouted general nets at iteration 8 (MT total route time: 0.034 sec): 186(overused: 519)
Unrouted general nets at iteration 9 (MT total route time: 0.034 sec): 125(overused: 324)
Unrouted general nets at iteration 10 (MT total route time: 0.017 sec): 74(overused: 166)
Unrouted general nets at iteration 11 (MT total route time: 0.009 sec): 45(overused: 64)
Unrouted general nets at iteration 12 (MT total route time: 0.008 sec): 20(overused: 32)
Unrouted general nets at iteration 13 (MT total route time: 0.006 sec): 14(overused: 24)
Unrouted general nets at iteration 14 (MT total route time: 0.003 sec): 6(overused: 16)
Unrouted general nets at iteration 15 (MT total route time: 0.002 sec): 2(overused: 2)
Unrouted general nets at iteration 16 (MT total route time: 0.001 sec): 0(overused: 0)
----General net take 0.000 sec(route net take 0.000 sec, inc cost take 0.000 sec, iter times: 1)
----const net route take 0.002 sec
Unrouted nets at iteration 17 (0.003 sec): 0
Stage: after detail route | Performance: TNS = 0 ; WNS = 99 ; THS = NA ; WHS = NA | Time (s): real = 0h:0m:13s ; cpu = 0h:0m:10s ; process = 0h:0m:13s | Memory (MB): curr = 727.050781 ; peak = 727.101562 | Checksum: 8061C7BD8E91AE10
Begin rip-up and reroute:
Rip-up and reroute takes 0.02 sec.
Stage: after ripup & reroute | Performance: TNS = 0 ; WNS = 99 ; THS = NA ; WHS = NA | Time (s): real = 0h:0m:13s ; cpu = 0h:0m:11s ; process = 0h:0m:13s | Memory (MB): curr = 727.531250 ; peak = 727.597656 | Checksum: 395752222BBEFC45
Detailed routing takes 1.92 sec.
I: Design net u_CORES/capture_wire is routed by general path.
C: Route-2036: The clock path from u_CORES/u_GTP_SCANCHAIN/scanchain:CAPDR to u_CORES/u_debug_core_0/u_hub_data_decode/id_sample.conf_id[0]/opit_0_inv:CLK is routed by SRB.
I: Design net u_CORES/drck1_wire is routed by general path.
C: Route-2036: The clock path from u_CORES/u_GTP_SCANCHAIN/scanchain:TCK_USER to clkbufg_1/gopclkbufg:CLK is routed by SRB.
Sort Original Nets take 0.002 sec
Check HPIO div result take 0.000 sec
Total net: 571, route succeed net: 571
Generate routing result take 0.001 sec
Handle PERMUX permutation take 0.023 sec
Handle const net take 0.003 sec
Handle route through take 0.004 sec
Used SRB routing arc is 5158.
Stage: after finish route | Performance: TNS = 0 ; WNS = 99 ; THS = NA ; WHS = NA | Time (s): real = 0h:0m:13s ; cpu = 0h:0m:11s ; process = 0h:0m:13s | Memory (MB): curr = 699.382812 ; peak = 727.597656 | Checksum: 1EC47F2E7C64BA2D
Finish routing takes 0.13 sec.
Total routing takes 6.30 sec.

Device Utilization Summary :
+----------------------------------------------------------------------------+
| Device Type                      | Used     | Available     | Util(%)     
+----------------------------------------------------------------------------+
| CLMA                             | 125      | 6450          | 2           
| + FF                             | 217      | 38700         | 1           
| + LUT                            | 298      | 25800         | 2           
|   + LUT as Logic                 | 222      |               |             
|   + LUT as Const                 | 74       |               |             
|   + LUT as Bypass                | 2        |               |             
| CLMS                             | 78       | 4250          | 2           
| + FF                             | 183      | 25500         | 1           
| + LUT                            | 206      | 17000         | 2           
|   + LUT as Logic                 | 197      |               |             
|   + LUT as Memory                | 0        |               |             
|     + LUT as Distributed RAM     | 0        |               |             
|   + LUT as Const                 | 7        |               |             
|   + LUT as Bypass                | 2        |               |             
| IO                               | 20       | 296           | 7           
| + IOBD                           | 5        | 64            | 8           
| + IOBR_LR                        | 0        | 7             | 0           
| + IOBR_TB                        | 1        | 8             | 13          
| + IOBS_LR                        | 9        | 161           | 6           
| + IOBS_TB                        | 5        | 56            | 9           
| APM                              | 0        | 84            | 0           
| BKCL                             | 3        | 4             | 75          
| CRYSTAL                          | 0        | 2             | 0           
| DLL                              | 0        | 10            | 0           
| DQSL                             | 0        | 18            | 0           
| DRM                              | 3        | 134           | 3           
| FUSECODE                         | 0        | 1             | 0           
| HARD0N1                          | 41       | 6672          | 1           
| HSST                             | 0        | 1             | 0           
| IOCKDIV                          | 0        | 20            | 0           
| IOCKDLY                          | 0        | 40            | 0           
| IOCKGATE                         | 0        | 20            | 0           
| + IOCKGATE as Bypass             | 0        |               |             
| IOL                              | 20       | 400           | 5           
| IPAL                             | 0        | 1             | 0           
| LDO                              | 0        | 4             | 0           
| OSC                              | 0        | 1             | 0           
| PCIE                             | 0        | 1             | 0           
| PLL                              | 1        | 5             | 20          
| RCKB                             | 0        | 24            | 0           
| + RCKB as Bypass                 | 0        |               |             
| RESCAL                           | 0        | 4             | 0           
| SCANCHAIN                        | 1        | 2             | 50          
| START                            | 1        | 1             | 100         
| UDID                             | 0        | 1             | 0           
| USCM                             | 4        | 30            | 14          
| + USCM as Bypass                 | 0        |               |             
+----------------------------------------------------------------------------+

Finished routing. (CPU time elapsed 0h:00m:11s)
Design 'uart_rx_top' has been routed successfully.
Saving design to DB.
Action Route: Export DB successfully.
Action route: Real time elapsed is 0h:0m:14s
Action route: CPU time elapsed is 0h:0m:11s
Action route: Process CPU time elapsed is 0h:0m:14s
Action route: Peak memory pool usage is 727 MB

Current time: Sat Sep 19 15:00:47 2026
