#Build: Fabric Compiler 2025.2, Build 211867, Jan 16 16:10 2026
#Install: E:\work\pango\PDS_2025.2-ads\bin
#Application name: pds_shell.exe
#OS: Windows 11 10.0.26200
#CPU: Unknown
#RAM(GB): 32
#Hostname: dionirpyC
#Generated by Fabric Compiler (version 2025.2 build 211867) at Sat Sep 19 15:00:18 2026
Parameters for debugging are loaded as follows:
Compiling verification operator library.
Compiling vendor parameter file.
Compiling common defs.
Compiling prim grid devices.
Compiling place grid timing.
Compiling gate devices.
Compiling gate operators.
Compiling gate operators impls.
Building architecture model.
Loading device packaging model.
Building architecture floorplan logic view.
Constraint check start.
W: ConstraintEditor-4042: Port 'led_out[0]' lacks attribute 'SLEW', it's better to set the attribute for port.
W: ConstraintEditor-4042: Port 'led_out[0]' lacks attribute 'DRIVE', it's better to set the attribute for port.
W: ConstraintEditor-4042: Port 'led_out[0]' lacks attribute 'BUS_KEEPER', it's better to set the attribute for port.
W: ConstraintEditor-4042: Port 'led_out[1]' lacks attribute 'SLEW', it's better to set the attribute for port.
W: ConstraintEditor-4042: Port 'led_out[1]' lacks attribute 'DRIVE', it's better to set the attribute for port.
W: ConstraintEditor-4042: Port 'led_out[1]' lacks attribute 'BUS_KEEPER', it's better to set the attribute for port.
W: ConstraintEditor-4042: Port 'led_out[2]' lacks attribute 'SLEW', it's better to set the attribute for port.
W: ConstraintEditor-4042: Port 'led_out[2]' lacks attribute 'DRIVE', it's better to set the attribute for port.
W: ConstraintEditor-4042: Port 'led_out[2]' lacks attribute 'BUS_KEEPER', it's better to set the attribute for port.
W: ConstraintEditor-4042: Port 'led_out[3]' lacks attribute 'SLEW', it's better to set the attribute for port.
W: ConstraintEditor-4042: Port 'led_out[3]' lacks attribute 'DRIVE', it's better to set the attribute for port.
W: ConstraintEditor-4042: Port 'led_out[3]' lacks attribute 'BUS_KEEPER', it's better to set the attribute for port.
W: ConstraintEditor-4042: Port 'led_out[4]' lacks attribute 'SLEW', it's better to set the attribute for port.
W: ConstraintEditor-4042: Port 'led_out[4]' lacks attribute 'DRIVE', it's better to set the attribute for port.
W: ConstraintEditor-4042: Port 'led_out[4]' lacks attribute 'BUS_KEEPER', it's better to set the attribute for port.
W: ConstraintEditor-4042: Port 'led_out[5]' lacks attribute 'SLEW', it's better to set the attribute for port.
W: ConstraintEditor-4042: Port 'led_out[5]' lacks attribute 'DRIVE', it's better to set the attribute for port.
W: ConstraintEditor-4042: Port 'led_out[5]' lacks attribute 'BUS_KEEPER', it's better to set the attribute for port.
W: ConstraintEditor-4042: Port 'led_out[6]' lacks attribute 'SLEW', it's better to set the attribute for port.
W: ConstraintEditor-4042: Port 'led_out[6]' lacks attribute 'DRIVE', it's better to set the attribute for port.
W: ConstraintEditor-4042: Port 'led_out[6]' lacks attribute 'BUS_KEEPER', it's better to set the attribute for port.
W: ConstraintEditor-4042: Port 'led_out[7]' lacks attribute 'SLEW', it's better to set the attribute for port.
W: ConstraintEditor-4042: Port 'led_out[7]' lacks attribute 'DRIVE', it's better to set the attribute for port.
W: ConstraintEditor-4042: Port 'led_out[7]' lacks attribute 'BUS_KEEPER', it's better to set the attribute for port.
W: ConstraintEditor-4042: Port 'uart_tx' lacks attribute 'SLEW', it's better to set the attribute for port.
W: ConstraintEditor-4042: Port 'uart_tx' lacks attribute 'DRIVE', it's better to set the attribute for port.
W: ConstraintEditor-4042: Port 'key_in[0]' lacks attribute 'BUS_KEEPER', it's better to set the attribute for port.
W: ConstraintEditor-4040: [E:/code/PangoWork/Works/uart/prj_tasks/pnr_1/device_map/uart_rx_top.pcf(line number: 12)] Port key_in[0] has been placed at location K18, whose type is share pin.
W: ConstraintEditor-4042: Port 'key_in[1]' lacks attribute 'BUS_KEEPER', it's better to set the attribute for port.
W: ConstraintEditor-4042: Port 'key_in[2]' lacks attribute 'BUS_KEEPER', it's better to set the attribute for port.
W: ConstraintEditor-4042: Port 'key_in[3]' lacks attribute 'BUS_KEEPER', it's better to set the attribute for port.
W: ConstraintEditor-4042: Port 'key_in[4]' lacks attribute 'BUS_KEEPER', it's better to set the attribute for port.
W: ConstraintEditor-4042: Port 'key_in[5]' lacks attribute 'BUS_KEEPER', it's better to set the attribute for port.
W: ConstraintEditor-4040: [E:/code/PangoWork/Works/uart/prj_tasks/pnr_1/device_map/uart_rx_top.pcf(line number: 17)] Port key_in[5] has been placed at location J19, whose type is share pin.
W: ConstraintEditor-4042: Port 'key_in[6]' lacks attribute 'BUS_KEEPER', it's better to set the attribute for port.
W: ConstraintEditor-4040: [E:/code/PangoWork/Works/uart/prj_tasks/pnr_1/device_map/uart_rx_top.pcf(line number: 18)] Port key_in[6] has been placed at location H20, whose type is share pin.
W: ConstraintEditor-4042: Port 'key_in[7]' lacks attribute 'BUS_KEEPER', it's better to set the attribute for port.
W: ConstraintEditor-4040: [E:/code/PangoWork/Works/uart/prj_tasks/pnr_1/device_map/uart_rx_top.pcf(line number: 20)] Port rst_n has been placed at location AB13, whose type is share pin.
C: ConstraintEditor-2022: There are some ports' attributes are set to default value, please read [E:/code/PangoWork/Works/uart/prj_tasks/pnr_1/place_route/ports_defalut_attribute.txt(line number:0)] to confirm.
Found 0 error(s), 1 critical warning(s), 38 warning(s), out of 20 constraint(s)
Constraint check end.
Total time(hh:mm:ss) of constraint check : 00:00:00
Elaborate the liberty model.
I: Multithreading enabled for Timing using a maximum of 4 processes.
Placement started. Type: EP_COMMON_FLOW.

Stage 1 EP_INIT start.
Stage: after EP_INIT | Time (s): real = 0h:0m:6s ; cpu = 0h:0m:4s ; process = 0h:0m:6s | Memory (MB): curr = 445.558594 ; peak = 446.613281 | Checksum: 39CA44FF0FDAF7F3

Design Layer Utilization:
	LUT: 0.979%
	FF: 0.667%
	DRM: 1.866%
	IO: 5.722%

Stage 2 EP_DL start.
build place dedicate switch graph takes 1.72 sec
Place location constraint group with base node:key_in_ibuf[0]/opit_1 at IOL_327_257
Place location constraint group with base node:key_in_ibuf[1]/opit_1 at IOL_327_134
Place location constraint group with base node:key_in_ibuf[2]/opit_1 at IOL_327_297
Place location constraint group with base node:key_in_ibuf[3]/opit_1 at IOL_327_133
Place location constraint group with base node:key_in_ibuf[4]/opit_1 at IOL_327_298
Place location constraint group with base node:key_in_ibuf[5]/opit_1 at IOL_327_262
Place location constraint group with base node:key_in_ibuf[6]/opit_1 at IOL_327_261
Place location constraint group with base node:key_in_ibuf[7]/opit_1 at IOL_327_365
Place location constraint group with base node:led_out_obuf[0]/opit_1 at IOL_19_374
Place location constraint group with base node:led_out_obuf[1]/opit_1 at IOL_19_373
Place location constraint group with base node:led_out_obuf[2]/opit_1 at IOL_35_374
Place location constraint group with base node:led_out_obuf[3]/opit_1 at IOL_35_373
Place location constraint group with base node:led_out_obuf[4]/opit_1 at IOL_67_374
Place location constraint group with base node:led_out_obuf[5]/opit_1 at IOL_67_373
Place location constraint group with base node:led_out_obuf[6]/opit_1 at IOL_47_374
Place location constraint group with base node:led_out_obuf[7]/opit_1 at IOL_47_373
Place location constraint group with base node:rst_n_ibuf/opit_1 at IOL_167_5
Place location constraint group with base node:sys_clk_50mhz_ibuf/opit_1 at IOL_327_210
Place location constraint group with base node:uart_rx_ibuf/opit_1 at IOL_43_5
Place location constraint group with base node:uart_tx_obuf/opit_1 at IOL_43_6
Place location constraint node:BKCL_auto_0 at BKCL_188_376
Place location constraint node:BKCL_auto_1 at BKCL_328_184
Place location constraint node:BKCL_auto_2 at BKCL_192_0
DRCP Convert Loc Constraint successful.

Stage 2.1 pre clock plan start.
Mapping instance GRS_INST/grs to START_324_2.
I: Clock statistic: 4 USCM.
solve clock designs takes 0.27 sec with memory (MB): curr = 520.371094, peak = 522.199219.
Mapping instance clkbufg_0/gopclkbufg to USCM_84_108:impl_uscm_rtb_a-USCM.
Mapping instance clkbufg_1/gopclkbufg to USCM_84_109:impl_uscm_rtb_a-USCM.
Mapping instance clkbufg_2/gopclkbufg to USCM_84_110:impl_uscm_rtb_a-USCM.
Mapping instance clkbufg_3/gopclkbufg to USCM_84_111:impl_uscm_rtb_a-USCM.
Mapping instance u_pll_50mhz/u_pll_e3/goppll to PLL_158_55.
Stage: after pre clock plan | Time (s): real = 0h:0m:8s ; cpu = 0h:0m:6s ; process = 0h:0m:9s | Memory (MB): curr = 520.519531 ; peak = 522.199219

Place location constraint node:clkbufg_0/gopclkbufg at USCM_84_108
Place location constraint node:clkbufg_1/gopclkbufg at USCM_84_109
Place location constraint node:clkbufg_2/gopclkbufg at USCM_84_110
Place location constraint node:clkbufg_3/gopclkbufg at USCM_84_111
Place location constraint node:u_pll_50mhz/u_pll_e3/goppll at PLL_158_55
DRCP Convert Loc Constraint successful.
Stage: after EP_DL | Time (s): real = 0h:0m:8s ; cpu = 0h:0m:6s ; process = 0h:0m:9s | Memory (MB): curr = 520.597656 ; peak = 522.199219 | Checksum: D13670FCAF529CDC


Stage 3 EP_FIP start.
DRCP Convert Loc Constraint successful.

Stage 3.1 fip global place start.
[GP] num_thread=0
I: Multithreading enabled for place using a maximum of 4 processes.
[GP] Placement Initial Method "Quad".
[GP] Placement Decongestion Mode "1".
[GP] Recovery Analysis in GP "Enable".
I: Loading Timing Delay Info...
I: Load Timing Delay Info successfully.
Init coarse delay table.
Read place coarse delay table takes 0.34 sec.
[GP] Init timing API takes 1.76 sec.
[GP] Init GP graph takes 1.82 sec.
Device graph total memory: 11.22661304 MB
[GP] Read position from netlist take 0 msec
[GP] Total node move: 45574.52, average node move: 93.58
First map gop timing takes 0.02 sec
[GP] SA handle 4 clusters.
[GP] SA init_cost = 31356.901755, final_cost = 31222.428227, final_cost/init_cost = 0.995712, occupied region_num = 2.
[GP] SA Optimize take time: 0.003000 sec.
[GP] Timing analysis take 0.009000 secs.
[GP] MarginTNSS=-39190, TNSS=-13366, WSS=-1310
[GP] Place thread size: 4
[GP] Node size: 9613, net size: 592
[GP] Design graph total memory: 33.18787956 MB
[GP] Timing analysis take 0.007000 secs.
[GP] MarginTNSS=-31175, TNSS=-5307, WSS=-534
[GP] Step 0 take 0.053 secs: WL=2094.02 OF=0.671060
[GP] Timing analysis take 0.007000 secs.
[GP] MarginTNSS=-37499, TNSS=-11499, WSS=-1035
[GP] Step 1 take 0.347 secs: WL=1348.59 OF=0.632271
[GP] Timing analysis take 0.007000 secs.
[GP] MarginTNSS=-35501, TNSS=-9501, WSS=-961
[GP] Step 2 take 0.374 secs: WL=1341.76 OF=0.570363
[GP] Timing analysis take 0.008000 secs.
[GP] MarginTNSS=-35193, TNSS=-9193, WSS=-873
[GP] Step 3 take 0.349 secs: WL=1380.39 OF=0.525377
[GP] Timing analysis take 0.007000 secs.
[GP] MarginTNSS=-35775, TNSS=-9775, WSS=-841
[GP] Step 4 take 0.320 secs: WL=1403.61 OF=0.464369
[GP] Timing analysis take 0.007000 secs.
[GP] MarginTNSS=-31704, TNSS=-5704, WSS=-511
[GP] Step 5 take 0.341 secs: WL=1425.18 OF=0.404582
[GP] Timing analysis take 0.008000 secs.
[GP] MarginTNSS=-27976, TNSS=-2328, WSS=-275
[GP] Step 6 take 0.350 secs: WL=1437.03 OF=0.359982
[GP] Timing analysis take 0.007000 secs.
[GP] MarginTNSS=-27976, TNSS=-2328, WSS=-275
[GP] Step 7 take 0.347 secs: WL=1477.05 OF=0.292967
[GP] Timing analysis take 0.007000 secs.
[GP] MarginTNSS=-27976, TNSS=-2328, WSS=-275
[GP] Step 8 take 0.323 secs: WL=1522.72 OF=0.244345
[GP] Timing analysis take 0.007000 secs.
[GP] MarginTNSS=-27976, TNSS=-2328, WSS=-275
[GP] Step 9 take 0.337 secs: WL=1568.93 OF=0.189163
[GP] Timing analysis take 0.007000 secs.
[GP] MarginTNSS=-27976, TNSS=-2328, WSS=-275
[GP] Step 10 take 0.360 secs: WL=1729.30 OF=0.124567
[GP] Timing analysis take 0.007000 secs.
[GP] MarginTNSS=-27976, TNSS=-2328, WSS=-275
[GP] Timing analysis take 0.007000 secs.
[GP] MarginTNSS=-27976, TNSS=-2328, WSS=-275
[GP] Step 11 take 0.332 secs: WL=1947.51 OF=0.075601
[GP] Timing analysis take 0.009000 secs.
[GP] MarginTNSS=-27976, TNSS=-2328, WSS=-275
[GP] Step 12 take 0.155 secs: WL=1978.08 OF=0.054262
[GP] Timing analysis take 0.007000 secs.
[GP] MarginTNSS=-27976, TNSS=-2328, WSS=-275
[GP] Final best WL=1947.511755 OF=0.075601, totally takes 3.999000 secs, run timing analysis 16 times totally takes 0.118000 secs.
[GP] Total node move: 65949.28, average node move: 135.42
[GP] Placer use memory: 15.12387657 MB
Stage: after fip global place | Performance: WL = 1635 ; TNS = -2328 ; WNS = -275 | Time (s): real = 0h:0m:14s ; cpu = 0h:0m:12s ; process = 0h:0m:25s | Memory (MB): curr = 657.652344 ; peak = 684.113281 | Checksum: 86B048A2A8BF7C71

Flat initial placement flow takes 5.438.
Stage: after EP_FIP | Performance: WL = 1635 ; TNS = -2328 ; WNS = -275 | Time (s): real = 0h:0m:14s ; cpu = 0h:0m:12s ; process = 0h:0m:25s | Memory (MB): curr = 665.000000 ; peak = 684.113281 | Checksum: 86B048A2A8BF7C71


Stage 4 EP_CAGP start.

Stage 4.1 cagp site packing start.
Stage: after pack legalize group | Performance: avg_mov = 0.000000 ; max_mov = 0 ; mov_var = 0.000000
Stage: after cagp site packing | Performance: WL = 3644 | Time (s): real = 0h:0m:15s ; cpu = 0h:0m:12s ; process = 0h:0m:25s | Memory (MB): curr = 686.917969 ; peak = 693.234375 | Checksum: 6238CB67B3068864


Stage 4.2 cagp macro placement start.
Stage: after cagp macro placement | Performance: WL = 3644 | Time (s): real = 0h:0m:15s ; cpu = 0h:0m:12s ; process = 0h:0m:25s | Memory (MB): curr = 687.324219 ; peak = 693.234375 | Checksum: 6238CB67B3068864


Stage 4.3 post clock plan start.
pre solve all clock design takes 0.00 sec with memory (MB): curr = 688.386719, peak = 693.234375.
CRA timing analysis with worst slack -903 takes 0.00 sec.
CRA cost 110 takes 0.00 sec.
solve all clock design takes 0.05 sec with memory (MB): curr = 690.691406, peak = 693.234375.
expand load region takes 0.00 sec.
Stage: after post clock plan | Time (s): real = 0h:0m:15s ; cpu = 0h:0m:12s ; process = 0h:0m:26s | Memory (MB): curr = 690.828125 ; peak = 693.234375

Movement during CRA, max : (0, 0) , total : (0, 0) , count : 0 , avg : (0, 0) .
Stage: after EP_CAGP | Performance: WL = 3644 ; TNS = -10119 ; WNS = -903 | Time (s): real = 0h:0m:15s ; cpu = 0h:0m:12s ; process = 0h:0m:26s | Memory (MB): curr = 690.855469 ; peak = 693.234375 | Checksum: 5377909E2F898E89


Stage 5 EP_DRCP start.

Stage 5.1 DRC Placement start.
DRC final successful.
Stage: after DRC Placement | Time (s): real = 0h:0m:15s ; cpu = 0h:0m:12s ; process = 0h:0m:26s | Memory (MB): curr = 690.871094 ; peak = 693.234375


Stage 5.2 IO Placement start.
The average distance in IO place is 0.000000.
Stage: after IO Placement | Time (s): real = 0h:0m:15s ; cpu = 0h:0m:12s ; process = 0h:0m:26s | Memory (MB): curr = 691.027344 ; peak = 693.234375

Stage: special units | Performance: avg_mov = 99.000000 ; max_mov = 99 ; mov_var = 0.000000
Stage: after EP_DRCP | Performance: WL = 4213 ; TNS = -10119 ; WNS = -903 | Time (s): real = 0h:0m:15s ; cpu = 0h:0m:12s ; process = 0h:0m:26s | Memory (MB): curr = 691.316406 ; peak = 693.234375 | Checksum: 1B4A28175051ED18


Stage 6 EP_MP start.

Stage 6.1 macro place start.
The average distance of DRM is 0.000000, The max distance of DRM is 0.000000
Stage: after macro place | Performance: WL = 4213 | Time (s): real = 0h:0m:15s ; cpu = 0h:0m:12s ; process = 0h:0m:26s | Memory (MB): curr = 692.042969 ; peak = 693.578125 | Checksum: 2536C71971F86D0B


Stage 6.2 mp post global place start.
[GP] num_thread=0
I: Multithreading enabled for place using a maximum of 4 processes.
[GP] Init timing API takes 0.00 sec.
[GP] Init GP graph takes 0.01 sec.
Device graph total memory: 11.23322010 MB
[GP] Read position from netlist take 0 msec
[GP] Timing analysis take 0.038000 secs.
[GP] MarginTNSS=-36097, TNSS=-10119, WSS=-903
[GP] Place thread size: 4
[GP] Node size: 9218, net size: 537
[GP] Design graph total memory: 29.02425194 MB
[GP] Timing analysis take 0.008000 secs.
[GP] MarginTNSS=-31303, TNSS=-5347, WSS=-385
[GP] Step 0 take 0.036 secs: WL=3656.16 OF=0.210724
[GP] Timing analysis take 0.008000 secs.
[GP] MarginTNSS=-31661, TNSS=-5661, WSS=-464
[GP] Step 1 take 0.212 secs: WL=2649.67 OF=0.251207
[GP] Timing analysis take 0.007000 secs.
[GP] MarginTNSS=-31229, TNSS=-5229, WSS=-427
[GP] Step 2 take 0.222 secs: WL=2647.03 OF=0.194053
[GP] Timing analysis take 0.007000 secs.
[GP] MarginTNSS=-31283, TNSS=-5283, WSS=-427
[GP] Step 3 take 0.194 secs: WL=2676.07 OF=0.138540
[GP] Timing analysis take 0.007000 secs.
[GP] MarginTNSS=-31299, TNSS=-5299, WSS=-427
[GP] Step 4 take 0.198 secs: WL=2729.26 OF=0.094238
[GP] Timing analysis take 0.007000 secs.
[GP] MarginTNSS=-31371, TNSS=-5371, WSS=-511
[GP] Step 5 take 0.200 secs: WL=2778.96 OF=0.063761
[GP] Timing analysis take 0.007000 secs.
[GP] MarginTNSS=-31371, TNSS=-5371, WSS=-511
[GP] Final best WL=2774.347534 OF=0.066412, totally takes 1.143000 secs, run timing analysis 8 times totally takes 0.089000 secs.
[GP] Total node move: 1070.68, average node move: 5.05
[GP] Placer use memory: 5.94676971 MB
Stage: after mp post global place | Performance: WL = 2349 ; TNS = -5371 ; WNS = -511 | Time (s): real = 0h:0m:16s ; cpu = 0h:0m:13s ; process = 0h:0m:28s | Memory (MB): curr = 686.707031 ; peak = 693.578125 | Checksum: DC7B39089A594371

MP flow takes 1.078.
Stage: after EP_MP | Performance: WL = 2349 ; TNS = -5371 ; WNS = -511 | Time (s): real = 0h:0m:16s ; cpu = 0h:0m:13s ; process = 0h:0m:28s | Memory (MB): curr = 686.707031 ; peak = 693.578125 | Checksum: DC7B39089A594371


Stage 7 EP_LP start.
Stage: after legalization | Performance: avg_mov = 0.097087 ; max_mov = 1 ; mov_var = 0.087661
Legalize placement flow takes 0.016.
Stage: after EP_LP | Performance: WL = 2380 ; TNS = -9001 ; WNS = -593 | Time (s): real = 0h:0m:16s ; cpu = 0h:0m:13s ; process = 0h:0m:28s | Memory (MB): curr = 689.398438 ; peak = 693.578125 | Checksum: FFA10CAB2A0F9921


Stage 8 EP_DP start.
Stage: before DP | Performance: WL = 2380 ; TNS = -9001 ; WNS = -593
    Cost at Swap iteration  0:  WNS =   -593,  TNS =  -8643,  MarginTNS = -34643,  takes    0.02 sec.
    Cost at DP   iteration  0:  WNS =   -409,  TNS =  -4487,  MarginTNS = -30469,  takes    0.05 sec.
    Cost at Swap iteration  1:  WNS =   -409,  TNS =  -4487,  MarginTNS = -30469,  takes    0.05 sec.
    Cost at Swap iteration  2:  WNS =   -409,  TNS =  -4477,  MarginTNS = -30459,  takes    0.06 sec.
    Cost at DP   iteration  2:  WNS =   -403,  TNS =  -5054,  MarginTNS = -31041,  takes    0.03 sec.
    Cost at Swap iteration  3:  WNS =   -403,  TNS =  -5054,  MarginTNS = -31041,  takes    0.06 sec.
    Cost at Swap iteration  4:  WNS =   -403,  TNS =  -5235,  MarginTNS = -31222,  takes    0.06 sec.
    Cost at DP   iteration  4:  WNS =   -403,  TNS =  -4659,  MarginTNS = -30646,  takes    0.03 sec.
    Cost at Swap iteration  5:  WNS =   -403,  TNS =  -4659,  MarginTNS = -30646,  takes    0.03 sec.
Stage: after DP | Performance: WL = 2432 ; TNS = -4659 ; WNS = -403
EP_DP takes 0 sec.
Stage: after EP_DP | Performance: WL = 2432 ; TNS = -4659 ; WNS = -403 | Time (s): real = 0h:0m:17s ; cpu = 0h:0m:14s ; process = 0h:0m:29s | Memory (MB): curr = 691.890625 ; peak = 693.578125 | Checksum: 605378FB7390B6D


Stage 9 EP_FP start.
AutoDRC Flow for Design Check After Place Start.
AutoDRC Flow for Design Check After Place End.
Stage: after EP_FP | Performance: WL = 2432 ; TNS = -2929 ; WNS = -284 | Time (s): real = 0h:0m:17s ; cpu = 0h:0m:14s ; process = 0h:0m:29s | Memory (MB): curr = 695.507812 ; peak = 696.699219 | Checksum: D2A1FA42650C223A


Congestion analysis started.
I: Start printing congestion info.
I: Finish printing congestion info.
Congestion analysis takes 0.09 sec.


Device Utilization Summary :
+----------------------------------------------------------------------------+
| Device Type                      | Used     | Available     | Util(%)     
+----------------------------------------------------------------------------+
| CLMA                             | 95       | 6450          | 2           
| + FF                             | 217      | 38700         | 1           
| + LUT                            | 222      | 25800         | 1           
|   + LUT as Logic                 | 222      |               |             
|   + LUT as Const                 | 0        |               |             
|   + LUT as Bypass                | 0        |               |             
| CLMS                             | 76       | 4250          | 2           
| + FF                             | 183      | 25500         | 1           
| + LUT                            | 197      | 17000         | 2           
|   + LUT as Logic                 | 197      |               |             
|   + LUT as Memory                | 0        |               |             
|     + LUT as Distributed RAM     | 0        |               |             
|   + LUT as Const                 | 0        |               |             
|   + LUT as Bypass                | 0        |               |             
| IO                               | 20       | 296           | 7           
| + IOBD                           | 5        | 64            | 8           
| + IOBR_LR                        | 0        | 7             | 0           
| + IOBR_TB                        | 1        | 8             | 13          
| + IOBS_LR                        | 9        | 161           | 6           
| + IOBS_TB                        | 5        | 56            | 9           
| APM                              | 0        | 84            | 0           
| BKCL                             | 3        | 4             | 75          
| CRYSTAL                          | 0        | 2             | 0           
| DLL                              | 0        | 10            | 0           
| DQSL                             | 0        | 18            | 0           
| DRM                              | 3        | 134           | 3           
| FUSECODE                         | 0        | 1             | 0           
| HARD0N1                          | 0        | 6672          | 0           
| HSST                             | 0        | 1             | 0           
| IOCKDIV                          | 0        | 20            | 0           
| IOCKDLY                          | 0        | 40            | 0           
| IOCKGATE                         | 0        | 20            | 0           
| + IOCKGATE as Bypass             | 0        |               |             
| IOL                              | 20       | 400           | 5           
| IPAL                             | 0        | 1             | 0           
| LDO                              | 0        | 4             | 0           
| OSC                              | 0        | 1             | 0           
| PCIE                             | 0        | 1             | 0           
| PLL                              | 1        | 5             | 20          
| RCKB                             | 0        | 24            | 0           
| + RCKB as Bypass                 | 0        |               |             
| RESCAL                           | 0        | 4             | 0           
| SCANCHAIN                        | 1        | 2             | 50          
| START                            | 1        | 1             | 100         
| UDID                             | 0        | 1             | 0           
| USCM                             | 4        | 30            | 14          
| + USCM as Bypass                 | 0        |               |             
+----------------------------------------------------------------------------+

Total placement takes 10.39 sec.
Finished placement.
Design 'uart_rx_top' has been placed successfully.
Action place: Real time elapsed is 0h:0m:17s
Action place: CPU time elapsed is 0h:0m:14s
Action place: Process CPU time elapsed is 0h:0m:29s
Action place: Peak memory pool usage is 774 MB

Current time: Sat Sep 19 15:00:33 2026
