#Build: Fabric Compiler 2025.2, Build 211867, Jan 16 16:10 2026
#Install: E:\work\pango\PDS_2025.2-ads\bin
#Application name: pds_shell.exe
#OS: Windows 11 10.0.26200
#CPU: Unknown
#RAM(GB): 32
#Hostname: dionirpyC
#Generated by Fabric Compiler (version 2025.2 build 211867) at Fri Sep 25 15:57:45 2026
Parameters for debugging are loaded as follows:
Compiling verification operator library.
Compiling vendor parameter file.
Compiling common defs.
Compiling prim grid devices.
Compiling place grid timing.
Compiling gate devices.
Compiling gate operators.
Compiling gate operators impls.
Building architecture model.
Loading device packaging model.
Building architecture floorplan logic view.
Elaborate the liberty model.
I: Multithreading enabled for Timing using a maximum of 4 processes.

Routing started.
Build routing arch for double attribute device.
Enter timing driven router mode.
I: Multithreading enabled for route using a maximum of 6 processes.
Building routing graph takes 1.44 sec.
Enable Recovery Analysis in Routing
Init coarse delay table.
I: Loading Timing Delay Info...
I: Load Timing Delay Info successfully.
Read place coarse delay table takes 0.31 sec.
build place dedicate switch graph takes 1.47 sec
Setup STE netlist take 2000 msec.
Slack Weight : 90
CE/RS signal series limit : 500
Dispose control chain take 11 msec.
Collect const net info take 36 msec.
Total nets for routing: 223.
Total loads for routing: 1090.
Direct connect net size: 95
Build all design net take 23 msec.
Processing design graph takes 2.07 sec.
Route info is not supported in this chip.
Delay table total memory: 40.33622932 MB
Route graph total memory: 74.23931217 MB
Route design total memory: 1.27766800 MB
The remaining process takes 0.01 sec.
Stage: after context initialize | Time (s): real = 0h:0m:10s ; cpu = 0h:0m:8s ; process = 0h:0m:10s | Memory (MB): curr = 659.460938 ; peak = 698.585938 | Checksum: F9201CA88BE70A3E
Global routing takes 0.00 sec.
Pin Cost Increasing Speed 300
Unrouted clock nets at iteration 0 (0.001 sec): 4
Unrouted clock nets at iteration 1 (0.000 sec): 0
Stage: after clock route | Time (s): real = 0h:0m:10s ; cpu = 0h:0m:8s ; process = 0h:0m:10s | Memory (MB): curr = 660.789062 ; peak = 698.585938 | Checksum: 6DFB2FB5035E47B1
Total route nets size: 215
Pre route takes 0.120 sec
Stage: after pre route | Performance: TNS = 0 ; WNS = 994511 ; THS = 0 ; WHS = 241 | Time (s): real = 0h:0m:11s ; cpu = 0h:0m:8s ; process = 0h:0m:10s | Memory (MB): curr = 670.207031 ; peak = 698.585938 | Checksum: F018085F509756DE
Unrouted general nets at iteration 4 (MT total route time: 0.023 sec): 168(overused: 749)
Unrouted general nets at iteration 5 (MT total route time: 0.018 sec): 137(overused: 487)
Unrouted general nets at iteration 6 (MT total route time: 0.015 sec): 99(overused: 276)
Unrouted general nets at iteration 7 (MT total route time: 0.012 sec): 69(overused: 135)
Unrouted general nets at iteration 8 (MT total route time: 0.009 sec): 45(overused: 94)
Unrouted general nets at iteration 9 (MT total route time: 0.007 sec): 35(overused: 78)
Unrouted general nets at iteration 10 (MT total route time: 0.007 sec): 25(overused: 54)
Unrouted general nets at iteration 11 (MT total route time: 0.004 sec): 9(overused: 14)
Unrouted general nets at iteration 12 (MT total route time: 0.001 sec): 2(overused: 2)
Unrouted general nets at iteration 13 (MT total route time: 0.000 sec): 0(overused: 0)
----General net take 0.000 sec(route net take 0.000 sec, inc cost take 0.000 sec, iter times: 1)
----const net route take 0.001 sec
Unrouted nets at iteration 14 (0.002 sec): 0
Stage: after detail route | Performance: TNS = 0 ; WNS = 994511 ; THS = NA ; WHS = NA | Time (s): real = 0h:0m:11s ; cpu = 0h:0m:8s ; process = 0h:0m:11s | Memory (MB): curr = 669.785156 ; peak = 698.585938 | Checksum: 660D2AAF4044E060
Begin rip-up and reroute:
Rip-up and reroute takes 0.01 sec.
Stage: after ripup & reroute | Performance: TNS = 0 ; WNS = 993855 ; THS = NA ; WHS = NA | Time (s): real = 0h:0m:11s ; cpu = 0h:0m:8s ; process = 0h:0m:11s | Memory (MB): curr = 671.476562 ; peak = 698.585938 | Checksum: C7E1F6D2D57B2B17
Detailed routing takes 0.61 sec.
Sort Original Nets take 0.002 sec
Check HPIO div result take 0.000 sec
Total net: 223, route succeed net: 223
Generate routing result take 0.000 sec
Handle PERMUX permutation take 0.005 sec
Handle const net take 0.001 sec
Handle route through take 0.002 sec
Used SRB routing arc is 2103.
Stage: after finish route | Performance: TNS = 0 ; WNS = 993855 ; THS = NA ; WHS = NA | Time (s): real = 0h:0m:11s ; cpu = 0h:0m:9s ; process = 0h:0m:11s | Memory (MB): curr = 647.515625 ; peak = 698.585938 | Checksum: D36AB598D4841F3D
Finish routing takes 0.10 sec.
Total routing takes 4.34 sec.

Device Utilization Summary :
+----------------------------------------------------------------------------+
| Device Type                      | Used     | Available     | Util(%)     
+----------------------------------------------------------------------------+
| CLMA                             | 57       | 6450          | 1           
| + FF                             | 96       | 38700         | 1           
| + LUT                            | 147      | 25800         | 1           
|   + LUT as Logic                 | 96       |               |             
|   + LUT as Const                 | 49       |               |             
|   + LUT as Bypass                | 2        |               |             
| CLMS                             | 23       | 4250          | 1           
| + FF                             | 67       | 25500         | 1           
| + LUT                            | 78       | 17000         | 1           
|   + LUT as Logic                 | 78       |               |             
|   + LUT as Memory                | 0        |               |             
|     + LUT as Distributed RAM     | 0        |               |             
|   + LUT as Const                 | 0        |               |             
|   + LUT as Bypass                | 0        |               |             
| IO                               | 12       | 296           | 5           
| + IOBD                           | 1        | 64            | 2           
| + IOBR_LR                        | 0        | 7             | 0           
| + IOBR_TB                        | 2        | 8             | 25          
| + IOBS_LR                        | 4        | 161           | 3           
| + IOBS_TB                        | 5        | 56            | 9           
| APM                              | 0        | 84            | 0           
| BKCL                             | 0        | 4             | 0           
| CRYSTAL                          | 0        | 2             | 0           
| DLL                              | 0        | 10            | 0           
| DQSL                             | 0        | 18            | 0           
| DRM                              | 0        | 134           | 0           
| FUSECODE                         | 0        | 1             | 0           
| HARD0N1                          | 5        | 6672          | 1           
| HSST                             | 0        | 1             | 0           
| IOCKDIV                          | 0        | 20            | 0           
| IOCKDLY                          | 0        | 40            | 0           
| IOCKGATE                         | 0        | 20            | 0           
| + IOCKGATE as Bypass             | 0        |               |             
| IOL                              | 12       | 400           | 3           
| IPAL                             | 0        | 1             | 0           
| LDO                              | 0        | 4             | 0           
| OSC                              | 0        | 1             | 0           
| PCIE                             | 0        | 1             | 0           
| PLL                              | 1        | 5             | 20          
| RCKB                             | 0        | 24            | 0           
| + RCKB as Bypass                 | 0        |               |             
| RESCAL                           | 0        | 4             | 0           
| SCANCHAIN                        | 0        | 2             | 0           
| START                            | 1        | 1             | 100         
| UDID                             | 0        | 1             | 0           
| USCM                             | 2        | 30            | 7           
| + USCM as Bypass                 | 0        |               |             
+----------------------------------------------------------------------------+

Finished routing. (CPU time elapsed 0h:00m:09s)
Design 'uart_loop_test_top' has been routed successfully.
Saving design to DB.
Action Route: Export DB successfully.
Action route: Real time elapsed is 0h:0m:11s
Action route: CPU time elapsed is 0h:0m:9s
Action route: Process CPU time elapsed is 0h:0m:11s
Action route: Peak memory pool usage is 698 MB

Current time: Fri Sep 25 15:57:54 2026
