#Build: Fabric Compiler 2025.2, Build 211867, Jan 16 16:10 2026
#Install: E:\work\pango\PDS_2025.2-ads\bin
#Application name: pds_shell.exe
#OS: Windows 11 10.0.26200
#CPU: Unknown
#RAM(GB): 32
#Hostname: dionirpyC
#Generated by Fabric Compiler (version 2025.2 build 211867) at Fri Sep 25 15:57:56 2026
Parameters for debugging are loaded as follows:
Compiling verification operator library.
Compiling vendor parameter file.
Compiling common defs.
Compiling prim grid devices.
Compiling place grid timing.
Compiling gate devices.
Compiling gate operators.
Compiling gate operators impls.
Building architecture model.
Loading device packaging model.
Building architecture floorplan logic view.
Elaborate the liberty model.
I: Multithreading enabled for Timing using a maximum of 4 processes.

Route Optimize started.
Build routing arch for double attribute device.
Enter timing driven router mode.
I: Multithreading enabled for route using a maximum of 6 processes.
Read Column Clock Map.
Building routing graph takes 1.37 sec.
Total nets for routing: 275.
Total loads for routing: 1090.
Direct connect net size: 95
Build all design net take 7 msec.
Processing design graph takes 0.01 sec.
Route info is not supported in this chip.
Delay table total memory: 40.33622932 MB
Route graph total memory: 74.24884892 MB
Route design total memory: 0.27305984 MB
The remaining process takes 0.01 sec.
Stage: after context initialize in post route | Time (s): real = 0h:0m:8s ; cpu = 0h:0m:6s ; process = 0h:0m:8s | Memory (MB): curr = 619.703125 ; peak = 653.714844 | Checksum: 8DD3A8A9CBCC7C51
Load route result takes 0.00 sec
Fix Hold Violation Threshold For Clock Path Cross SRB(ps) : 200
Fix Hold Violation Threshold For Clock Path On Clock Tree(ps) : 100
Hold fix to no violation.
Hold fix to threshold
Stage: after hold fix | Performance: TNS = 0 ; WNS = 993855 ; THS = 0 ; WHS = 241 | Time (s): real = 0h:0m:8s ; cpu = 0h:0m:6s ; process = 0h:0m:8s | Memory (MB): curr = 630.222656 ; peak = 653.714844 | Checksum: 8199325CC0DE6950
Hold Violation Fix in router takes 0.16 sec.
Sort Original Nets take 0.000 sec
Total net: 275, route succeed net: 275
Generate routing result take 0.001 sec
Handle PERMUX permutation take 0.000 sec
Handle const net take 0.000 sec
Handle route through take 0.002 sec
Used SRB routing arc is 2103.
Stage: after finish post route | Performance: TNS = 0 ; WNS = 993855 ; THS = NA ; WHS = NA | Time (s): real = 0h:0m:8s ; cpu = 0h:0m:6s ; process = 0h:0m:9s | Memory (MB): curr = 631.429688 ; peak = 653.714844 | Checksum: D5F492B89D6E1776
Finish post route takes 0.10 sec.
Total post route takes 1.88 sec.

Device Utilization Summary :
+----------------------------------------------------------------------------+
| Device Type                      | Used     | Available     | Util(%)     
+----------------------------------------------------------------------------+
| CLMA                             | 57       | 6450          | 1           
| + FF                             | 96       | 38700         | 1           
| + LUT                            | 147      | 25800         | 1           
|   + LUT as Logic                 | 96       |               |             
|   + LUT as Const                 | 49       |               |             
|   + LUT as Bypass                | 2        |               |             
| CLMS                             | 23       | 4250          | 1           
| + FF                             | 67       | 25500         | 1           
| + LUT                            | 78       | 17000         | 1           
|   + LUT as Logic                 | 78       |               |             
|   + LUT as Memory                | 0        |               |             
|     + LUT as Distributed RAM     | 0        |               |             
|   + LUT as Const                 | 0        |               |             
|   + LUT as Bypass                | 0        |               |             
| IO                               | 12       | 296           | 5           
| + IOBD                           | 1        | 64            | 2           
| + IOBR_LR                        | 0        | 7             | 0           
| + IOBR_TB                        | 2        | 8             | 25          
| + IOBS_LR                        | 4        | 161           | 3           
| + IOBS_TB                        | 5        | 56            | 9           
| APM                              | 0        | 84            | 0           
| BKCL                             | 0        | 4             | 0           
| CRYSTAL                          | 0        | 2             | 0           
| DLL                              | 0        | 10            | 0           
| DQSL                             | 0        | 18            | 0           
| DRM                              | 0        | 134           | 0           
| FUSECODE                         | 0        | 1             | 0           
| HARD0N1                          | 5        | 6672          | 1           
| HSST                             | 0        | 1             | 0           
| IOCKDIV                          | 0        | 20            | 0           
| IOCKDLY                          | 0        | 40            | 0           
| IOCKGATE                         | 0        | 20            | 0           
| + IOCKGATE as Bypass             | 0        |               |             
| IOL                              | 12       | 400           | 3           
| IPAL                             | 0        | 1             | 0           
| LDO                              | 0        | 4             | 0           
| OSC                              | 0        | 1             | 0           
| PCIE                             | 0        | 1             | 0           
| PLL                              | 1        | 5             | 20          
| RCKB                             | 0        | 24            | 0           
| + RCKB as Bypass                 | 0        |               |             
| RESCAL                           | 0        | 4             | 0           
| SCANCHAIN                        | 0        | 2             | 0           
| START                            | 1        | 1             | 100         
| UDID                             | 0        | 1             | 0           
| USCM                             | 2        | 30            | 7           
| + USCM as Bypass                 | 0        |               |             
+----------------------------------------------------------------------------+

Finished route optimize. (CPU time elapsed 0h:00m:06s)
Design 'uart_loop_test_top' has been routed successfully.
Saving design to DB.
Action Route Optimize: Export DB successfully.
Action route_optimize: Real time elapsed is 0h:0m:9s
Action route_optimize: CPU time elapsed is 0h:0m:7s
Action route_optimize: Process CPU time elapsed is 0h:0m:9s
Action route_optimize: Peak memory pool usage is 653 MB

Current time: Fri Sep 25 15:58:03 2026
