#Build: Fabric Compiler 2025.2, Build 211867, Jan 16 16:10 2026
#Install: E:\work\pango\PDS_2025.2-ads\bin
#Application name: pds_shell.exe
#OS: Windows 11 10.0.26200
#CPU: Unknown
#RAM(GB): 32
#Hostname: dionirpyC
#Generated by Fabric Compiler (version 2025.2 build 211867) at Fri Sep 25 15:57:28 2026
Parameters for debugging are loaded as follows:
Compiling verification operator library.
Compiling vendor parameter file.
Compiling common defs.
Compiling prim grid devices.
Compiling place grid timing.
Compiling gate devices.
Compiling gate operators.
Compiling gate operators impls.
Building architecture model.
Loading device packaging model.
C: ConstraintEditor-2019: Port 'sys_clk_50mhz' unspecified I/O constraint.
C: ConstraintEditor-2019: Port 'sys_led[6]' unspecified I/O constraint.
C: ConstraintEditor-2019: Port 'sys_led[7]' unspecified I/O constraint.
C: ConstraintEditor-2019: Port 'sys_rst_n' unspecified I/O constraint.
C: ConstraintEditor-2019: Port 'sys_uart_rx' unspecified I/O constraint.
C: ConstraintEditor-2019: Port 'sys_uart_tx' unspecified I/O constraint.
Elaborate the liberty model.
I: Multithreading enabled for Timing using a maximum of 4 processes.
Placement started. Type: EP_COMMON_FLOW.

Stage 1 EP_INIT start.
Building architecture floorplan logic view.
Stage: after EP_INIT | Time (s): real = 0h:0m:6s ; cpu = 0h:0m:4s ; process = 0h:0m:6s | Memory (MB): curr = 431.500000 ; peak = 432.375000 | Checksum: 5142ED7D7A393D58

Design Layer Utilization:
	LUT: 0.407%
	FF: 0.324%
	IO: 3.433%

Stage 2 EP_DL start.
build place dedicate switch graph takes 1.39 sec
DRCP Convert Loc Constraint successful.

Stage 2.1 pre clock plan start.
Mapping instance GRS_INST/grs to START_324_2.
I: Clock statistic: 2 USCM.
solve clock designs takes 0.03 sec with memory (MB): curr = 502.695312, peak = 510.679688.
Mapping instance clkbufg_0/gopclkbufg to USCM_84_108:impl_uscm_rtb_a-USCM.
Mapping instance clkbufg_1/gopclkbufg to USCM_84_109:impl_uscm_rtb_a-USCM.
Mapping instance u_pll_50mhz/u_pll_e3/goppll to PLL_158_55.
Mapping instance sys_clk_50mhz_ibuf/opit_1 to IOL_159_5:impl-devIBUFIOL.
Stage: after pre clock plan | Time (s): real = 0h:0m:8s ; cpu = 0h:0m:6s ; process = 0h:0m:8s | Memory (MB): curr = 502.839844 ; peak = 510.679688

Place location constraint group with base node:sys_clk_50mhz_ibuf/opit_1 at IOL_159_5
Place location constraint node:clkbufg_0/gopclkbufg at USCM_84_108
Place location constraint node:clkbufg_1/gopclkbufg at USCM_84_109
Place location constraint node:u_pll_50mhz/u_pll_e3/goppll at PLL_158_55
DRCP Convert Loc Constraint successful.
Stage: after EP_DL | Time (s): real = 0h:0m:8s ; cpu = 0h:0m:6s ; process = 0h:0m:8s | Memory (MB): curr = 502.945312 ; peak = 510.679688 | Checksum: CEDBD696B193E8E4


Stage 3 EP_FIP start.
DRCP Convert Loc Constraint successful.

Stage 3.1 fip global place start.
[GP] num_thread=0
I: Multithreading enabled for place using a maximum of 4 processes.
[GP] Placement Initial Method "Quad".
[GP] Placement Decongestion Mode "1".
[GP] Recovery Analysis in GP "Enable".
I: Loading Timing Delay Info...
I: Load Timing Delay Info successfully.
Init coarse delay table.
Read place coarse delay table takes 0.31 sec.
[GP] Init timing API takes 1.58 sec.
[GP] Init GP graph takes 1.62 sec.
Device graph total memory: 11.12350368 MB
[GP] Read position from netlist take 0 msec
[GP] Total node move: 12146.61, average node move: 93.44
First map gop timing takes 0.00 sec
[GP] SA handle 2 clusters.
[GP] SA init_cost = 2122.250000, final_cost = 2122.250000, final_cost/init_cost = 1.000000, occupied region_num = 2.
[GP] SA Optimize take time: 0.001000 sec.
[GP] Timing analysis take 0.004000 secs.
[GP] MarginTNSS=0, TNSS=0, WSS=994166
[GP] Place thread size: 4
[GP] Node size: 9180, net size: 232
[GP] Design graph total memory: 26.83485508 MB
[GP] Timing analysis take 0.005000 secs.
[GP] MarginTNSS=0, TNSS=0, WSS=994362
[GP] Step 0 take 0.026 secs: WL=325.08 OF=0.852951
[GP] Timing analysis take 0.004000 secs.
[GP] MarginTNSS=0, TNSS=0, WSS=994426
[GP] Step 1 take 0.170 secs: WL=313.18 OF=0.862326
[GP] Timing analysis take 0.004000 secs.
[GP] MarginTNSS=0, TNSS=0, WSS=994472
[GP] Step 2 take 0.165 secs: WL=314.92 OF=0.810772
[GP] Timing analysis take 0.004000 secs.
[GP] MarginTNSS=0, TNSS=0, WSS=994392
[GP] Step 3 take 0.161 secs: WL=316.65 OF=0.770573
[GP] Timing analysis take 0.004000 secs.
[GP] MarginTNSS=0, TNSS=0, WSS=994421
[GP] Step 4 take 0.167 secs: WL=326.36 OF=0.742718
[GP] Timing analysis take 0.005000 secs.
[GP] MarginTNSS=0, TNSS=0, WSS=994385
[GP] Step 5 take 0.164 secs: WL=331.72 OF=0.662684
[GP] Timing analysis take 0.004000 secs.
[GP] MarginTNSS=0, TNSS=0, WSS=994155
[GP] Step 6 take 0.168 secs: WL=343.05 OF=0.622686
[GP] Timing analysis take 0.004000 secs.
[GP] MarginTNSS=0, TNSS=0, WSS=994254
[GP] Step 7 take 0.174 secs: WL=363.03 OF=0.641005
[GP] Timing analysis take 0.005000 secs.
[GP] MarginTNSS=0, TNSS=0, WSS=994275
[GP] Step 8 take 0.173 secs: WL=383.67 OF=0.593995
[GP] Timing analysis take 0.004000 secs.
[GP] MarginTNSS=0, TNSS=0, WSS=994123
[GP] Step 9 take 0.163 secs: WL=395.42 OF=0.563269
[GP] Timing analysis take 0.005000 secs.
[GP] MarginTNSS=0, TNSS=0, WSS=994122
[GP] Step 10 take 0.164 secs: WL=423.84 OF=0.523843
[GP] Timing analysis take 0.004000 secs.
[GP] MarginTNSS=0, TNSS=0, WSS=993956
[GP] Step 11 take 0.170 secs: WL=445.60 OF=0.462910
[GP] Timing analysis take 0.005000 secs.
[GP] MarginTNSS=0, TNSS=0, WSS=994144
[GP] Step 12 take 0.170 secs: WL=483.28 OF=0.486862
[GP] Timing analysis take 0.004000 secs.
[GP] MarginTNSS=0, TNSS=0, WSS=993968
[GP] Step 13 take 0.161 secs: WL=529.43 OF=0.442872
[GP] Timing analysis take 0.005000 secs.
[GP] MarginTNSS=0, TNSS=0, WSS=994105
[GP] Step 14 take 0.174 secs: WL=570.61 OF=0.388833
[GP] Timing analysis take 0.004000 secs.
[GP] MarginTNSS=0, TNSS=0, WSS=994117
[GP] Step 15 take 0.158 secs: WL=602.16 OF=0.374521
[GP] Timing analysis take 0.004000 secs.
[GP] MarginTNSS=0, TNSS=0, WSS=994259
[GP] Step 16 take 0.164 secs: WL=622.99 OF=0.374966
[GP] Timing analysis take 0.005000 secs.
[GP] MarginTNSS=0, TNSS=0, WSS=994155
[GP] Step 17 take 0.167 secs: WL=643.01 OF=0.368669
[GP] Timing analysis take 0.005000 secs.
[GP] MarginTNSS=0, TNSS=0, WSS=994204
[GP] Step 18 take 0.160 secs: WL=662.49 OF=0.367340
[GP] Timing analysis take 0.004000 secs.
[GP] MarginTNSS=0, TNSS=0, WSS=994039
[GP] Step 19 take 0.173 secs: WL=696.40 OF=0.367940
[GP] Timing analysis take 0.004000 secs.
[GP] MarginTNSS=0, TNSS=0, WSS=994234
[GP] Step 20 take 0.161 secs: WL=706.73 OF=0.366566
[GP] Timing analysis take 0.004000 secs.
[GP] MarginTNSS=0, TNSS=0, WSS=993634
[GP] Step 21 take 0.162 secs: WL=709.46 OF=0.369122
[GP] Timing analysis take 0.004000 secs.
[GP] MarginTNSS=0, TNSS=0, WSS=993661
[GP] Step 22 take 0.163 secs: WL=730.83 OF=0.368235
[GP] Timing analysis take 0.004000 secs.
[GP] MarginTNSS=0, TNSS=0, WSS=994002
[GP] Step 23 take 0.159 secs: WL=757.83 OF=0.368770
[GP] Timing analysis take 0.004000 secs.
[GP] MarginTNSS=0, TNSS=0, WSS=993903
[GP] Step 24 take 0.166 secs: WL=765.47 OF=0.367895
[GP] Timing analysis take 0.004000 secs.
[GP] MarginTNSS=0, TNSS=0, WSS=993903
[GP] Step 25 take 0.160 secs: WL=768.48 OF=0.367752
[GP] Timing analysis take 0.004000 secs.
[GP] MarginTNSS=0, TNSS=0, WSS=993761
[GP] Step 26 take 0.161 secs: WL=776.45 OF=0.368280
[GP] Timing analysis take 0.005000 secs.
[GP] MarginTNSS=0, TNSS=0, WSS=993813
[GP] Step 27 take 0.173 secs: WL=784.74 OF=0.368239
[GP] Timing analysis take 0.004000 secs.
[GP] MarginTNSS=0, TNSS=0, WSS=993813
[GP] Step 28 take 0.166 secs: WL=784.46 OF=0.367364
[GP] Timing analysis take 0.005000 secs.
[GP] MarginTNSS=0, TNSS=0, WSS=993761
[GP] Step 29 take 0.167 secs: WL=781.91 OF=0.367546
[GP] Timing analysis take 0.004000 secs.
[GP] MarginTNSS=0, TNSS=0, WSS=993813
[GP] Step 30 take 0.160 secs: WL=786.26 OF=0.367165
[GP] Timing analysis take 0.005000 secs.
[GP] MarginTNSS=0, TNSS=0, WSS=993813
[GP] Step 31 take 0.161 secs: WL=785.05 OF=0.367425
[GP] Timing analysis take 0.004000 secs.
[GP] MarginTNSS=0, TNSS=0, WSS=993761
[GP] Step 32 take 0.158 secs: WL=786.78 OF=0.367524
[GP] Timing analysis take 0.005000 secs.
[GP] MarginTNSS=0, TNSS=0, WSS=993803
[GP] Step 33 take 0.168 secs: WL=789.23 OF=0.367353
[GP] Timing analysis take 0.005000 secs.
[GP] MarginTNSS=0, TNSS=0, WSS=994234
[GP] Final best WL=707.840743 OF=0.366205, totally takes 5.532000 secs, run timing analysis 36 times totally takes 0.157000 secs.
[GP] Total node move: 17382.68, average node move: 133.71
[GP] Placer use memory: 4.96232224 MB
Stage: after fip global place | Performance: WL = 539 ; TNS =  0 ; WNS =  994234 | Time (s): real = 0h:0m:15s ; cpu = 0h:0m:12s ; process = 0h:0m:22s | Memory (MB): curr = 637.195312 ; peak = 666.437500 | Checksum: 6EFB478366959B3E

Flat initial placement flow takes 5.922.
Stage: after EP_FIP | Performance: WL = 539 ; TNS =  0 ; WNS =  994234 | Time (s): real = 0h:0m:15s ; cpu = 0h:0m:12s ; process = 0h:0m:22s | Memory (MB): curr = 637.792969 ; peak = 666.437500 | Checksum: 6EFB478366959B3E


Stage 4 EP_CAGP start.

Stage 4.1 cagp site packing start.
Stage: after pack legalize group | Performance: avg_mov = 0.000000 ; max_mov = 0 ; mov_var = 0.000000
Stage: after cagp site packing | Performance: WL = 1125 | Time (s): real = 0h:0m:15s ; cpu = 0h:0m:12s ; process = 0h:0m:22s | Memory (MB): curr = 657.671875 ; peak = 666.437500 | Checksum: 56CBDB30A3858427


Stage 4.2 cagp macro placement start.
Stage: after cagp macro placement | Performance: WL = 1125 | Time (s): real = 0h:0m:15s ; cpu = 0h:0m:12s ; process = 0h:0m:22s | Memory (MB): curr = 657.753906 ; peak = 666.437500 | Checksum: 56CBDB30A3858427


Stage 4.3 post clock plan start.
pre solve all clock design takes 0.00 sec with memory (MB): curr = 657.835938, peak = 666.437500.
CRA timing analysis with worst slack 992111 takes 0.00 sec.
CRA cost 0 takes 0.00 sec.
solve all clock design takes 0.02 sec with memory (MB): curr = 659.054688, peak = 666.437500.
expand load region takes 0.00 sec.
Stage: after post clock plan | Time (s): real = 0h:0m:16s ; cpu = 0h:0m:12s ; process = 0h:0m:22s | Memory (MB): curr = 659.183594 ; peak = 666.437500

Movement during CRA, max : (0, 0) , total : (0, 0) , count : 0 , avg : (0, 0) .
Stage: after EP_CAGP | Performance: WL = 1125 ; TNS =  0 ; WNS =  992111 | Time (s): real = 0h:0m:16s ; cpu = 0h:0m:12s ; process = 0h:0m:22s | Memory (MB): curr = 659.187500 ; peak = 666.437500 | Checksum: 835CABC0F8EB0E21


Stage 5 EP_DRCP start.

Stage 5.1 DRC Placement start.
DRC final successful.
Stage: after DRC Placement | Time (s): real = 0h:0m:16s ; cpu = 0h:0m:12s ; process = 0h:0m:22s | Memory (MB): curr = 659.203125 ; peak = 666.437500


Stage 5.2 IO Placement start.
The average distance in IO place is 9.545455.
Stage: after IO Placement | Time (s): real = 0h:0m:16s ; cpu = 0h:0m:12s ; process = 0h:0m:22s | Memory (MB): curr = 659.457031 ; peak = 666.437500

Stage: after EP_DRCP | Performance: WL = 1141 ; TNS =  0 ; WNS =  992111 | Time (s): real = 0h:0m:16s ; cpu = 0h:0m:12s ; process = 0h:0m:22s | Memory (MB): curr = 659.460938 ; peak = 666.437500 | Checksum: 11D3750743DE1CE2


Stage 6 EP_MP start.

Stage 6.1 macro place start.
Stage: after macro place | Performance: WL = 1141 | Time (s): real = 0h:0m:16s ; cpu = 0h:0m:12s ; process = 0h:0m:22s | Memory (MB): curr = 659.683594 ; peak = 666.437500 | Checksum: 11D3750743DE1CE2


Stage 6.2 mp post global place start.
[GP] num_thread=0
I: Multithreading enabled for place using a maximum of 4 processes.
[GP] Init timing API takes 0.00 sec.
[GP] Init GP graph takes 0.01 sec.
Device graph total memory: 11.12658596 MB
[GP] Read position from netlist take 0 msec
[GP] Timing analysis take 0.057000 secs.
[GP] MarginTNSS=0, TNSS=0, WSS=992111
[GP] Place thread size: 4
[GP] Node size: 9129, net size: 227
[GP] Design graph total memory: 28.29038239 MB
[GP] Timing analysis take 0.005000 secs.
[GP] MarginTNSS=0, TNSS=0, WSS=992945
[GP] Step 0 take 0.025 secs: WL=954.80 OF=0.251234
[GP] Timing analysis take 0.005000 secs.
[GP] MarginTNSS=0, TNSS=0, WSS=994468
[GP] Step 1 take 0.146 secs: WL=616.57 OF=0.251165
[GP] Timing analysis take 0.005000 secs.
[GP] MarginTNSS=0, TNSS=0, WSS=994294
[GP] Step 2 take 0.146 secs: WL=636.99 OF=0.208445
[GP] Timing analysis take 0.004000 secs.
[GP] MarginTNSS=0, TNSS=0, WSS=994236
[GP] Step 3 take 0.150 secs: WL=655.39 OF=0.154747
[GP] Timing analysis take 0.005000 secs.
[GP] MarginTNSS=0, TNSS=0, WSS=994236
[GP] Step 4 take 0.151 secs: WL=684.84 OF=0.093881
[GP] Timing analysis take 0.004000 secs.
[GP] MarginTNSS=0, TNSS=0, WSS=994229
[GP] Final best WL=695.278493 OF=0.074915, totally takes 0.687000 secs, run timing analysis 7 times totally takes 0.085000 secs.
[GP] Total node move: 335.83, average node move: 4.94
[GP] Placer use memory: 5.71906662 MB
Stage: after mp post global place | Performance: WL = 556 ; TNS =  0 ; WNS =  994229 | Time (s): real = 0h:0m:17s ; cpu = 0h:0m:13s ; process = 0h:0m:24s | Memory (MB): curr = 662.738281 ; peak = 666.437500 | Checksum: 9AD924146A7D1044

MP flow takes 0.625.
Stage: after EP_MP | Performance: WL = 556 ; TNS =  0 ; WNS =  994229 | Time (s): real = 0h:0m:17s ; cpu = 0h:0m:13s ; process = 0h:0m:24s | Memory (MB): curr = 662.738281 ; peak = 666.437500 | Checksum: 9AD924146A7D1044


Stage 7 EP_LP start.
Stage: after legalization | Performance: avg_mov = 0.070866 ; max_mov = 1 ; mov_var = 0.065844
Legalize placement flow takes 0.000.
Stage: after EP_LP | Performance: WL = 578 ; TNS =  0 ; WNS =  993752 | Time (s): real = 0h:0m:17s ; cpu = 0h:0m:13s ; process = 0h:0m:24s | Memory (MB): curr = 661.605469 ; peak = 666.437500 | Checksum: 74A3B9D8C7357CD9


Stage 8 EP_DP start.
Stage: before DP | Performance: WL = 578 ; TNS = 0 ; WNS = 993752
Stage: after DP | Performance: WL = 578 ; TNS = 0 ; WNS = 993752
EP_DP takes 0 sec.
Stage: after EP_DP | Performance: WL = 578 ; TNS =  0 ; WNS =  993752 | Time (s): real = 0h:0m:17s ; cpu = 0h:0m:13s ; process = 0h:0m:24s | Memory (MB): curr = 662.125000 ; peak = 666.437500 | Checksum: 74A3B9D8C7357CD9


Stage 9 EP_FP start.
AutoDRC Flow for Design Check After Place Start.
AutoDRC Flow for Design Check After Place End.
Stage: after EP_FP | Performance: WL = 578 ; TNS =  0 ; WNS =  993752 | Time (s): real = 0h:0m:17s ; cpu = 0h:0m:13s ; process = 0h:0m:24s | Memory (MB): curr = 663.199219 ; peak = 666.437500 | Checksum: 96D3969DA9823B43


Congestion analysis started.
I: Start printing congestion info.
I: Finish printing congestion info.
Congestion analysis takes 0.06 sec.


Device Utilization Summary :
+----------------------------------------------------------------------------+
| Device Type                      | Used     | Available     | Util(%)     
+----------------------------------------------------------------------------+
| CLMA                             | 43       | 6450          | 1           
| + FF                             | 96       | 38700         | 1           
| + LUT                            | 96       | 25800         | 1           
|   + LUT as Logic                 | 96       |               |             
|   + LUT as Const                 | 0        |               |             
|   + LUT as Bypass                | 0        |               |             
| CLMS                             | 23       | 4250          | 1           
| + FF                             | 67       | 25500         | 1           
| + LUT                            | 78       | 17000         | 1           
|   + LUT as Logic                 | 78       |               |             
|   + LUT as Memory                | 0        |               |             
|     + LUT as Distributed RAM     | 0        |               |             
|   + LUT as Const                 | 0        |               |             
|   + LUT as Bypass                | 0        |               |             
| IO                               | 12       | 296           | 5           
| + IOBD                           | 1        | 64            | 2           
| + IOBR_LR                        | 0        | 7             | 0           
| + IOBR_TB                        | 2        | 8             | 25          
| + IOBS_LR                        | 4        | 161           | 3           
| + IOBS_TB                        | 5        | 56            | 9           
| APM                              | 0        | 84            | 0           
| BKCL                             | 0        | 4             | 0           
| CRYSTAL                          | 0        | 2             | 0           
| DLL                              | 0        | 10            | 0           
| DQSL                             | 0        | 18            | 0           
| DRM                              | 0        | 134           | 0           
| FUSECODE                         | 0        | 1             | 0           
| HARD0N1                          | 0        | 6672          | 0           
| HSST                             | 0        | 1             | 0           
| IOCKDIV                          | 0        | 20            | 0           
| IOCKDLY                          | 0        | 40            | 0           
| IOCKGATE                         | 0        | 20            | 0           
| + IOCKGATE as Bypass             | 0        |               |             
| IOL                              | 12       | 400           | 3           
| IPAL                             | 0        | 1             | 0           
| LDO                              | 0        | 4             | 0           
| OSC                              | 0        | 1             | 0           
| PCIE                             | 0        | 1             | 0           
| PLL                              | 1        | 5             | 20          
| RCKB                             | 0        | 24            | 0           
| + RCKB as Bypass                 | 0        |               |             
| RESCAL                           | 0        | 4             | 0           
| SCANCHAIN                        | 0        | 2             | 0           
| START                            | 1        | 1             | 100         
| UDID                             | 0        | 1             | 0           
| USCM                             | 2        | 30            | 7           
| + USCM as Bypass                 | 0        |               |             
+----------------------------------------------------------------------------+

Total placement takes 9.44 sec.
Finished placement.
Design 'uart_loop_test_top' has been placed successfully.
Action place: Real time elapsed is 0h:0m:17s
Action place: CPU time elapsed is 0h:0m:13s
Action place: Process CPU time elapsed is 0h:0m:25s
Action place: Peak memory pool usage is 748 MB

Current time: Fri Sep 25 15:57:43 2026
