#Build: Fabric Compiler 2022.2, Build 117120, Feb 17 13:07 2023
#Install: D:\pango\PDS_2022.2\bin
#Application name: pds_shell.exe
#OS: Windows 10 10.0.18363
#Hostname: DESKTOP-6GABMIP
Generated by Fabric Compiler (version 2022.2 build 117120) at Fri Aug 11 16:59:57 2023
Compiling verification operator library.
Compiling common defs.
Compiling prim grid devices.
Compiling gate devices.
Compiling gate operators.
Building architecture model.
Loading device packaging model.
pnr strategy configuration : 
strategy name : 0
Building architecture floorplan logic view.
Constraint check start.
Executing : def_port {ddc_sda} LOC=L23 VCCIO=3.3 IOSTANDARD=LVCMOS33 DRIVE=4 SLEW=FAST
Executing : def_port {ddc_sda} LOC=L23 VCCIO=3.3 IOSTANDARD=LVCMOS33 DRIVE=4 SLEW=FAST successfully
Executing : def_port {ddc_scl} LOC=L22 VCCIO=3.3 IOSTANDARD=LVCMOS33 DRIVE=4 SLEW=FAST
Executing : def_port {ddc_scl} LOC=L22 VCCIO=3.3 IOSTANDARD=LVCMOS33 DRIVE=4 SLEW=FAST successfully
Executing : def_port {hdmi_in_rst_n} LOC=K18 VCCIO=3.3 IOSTANDARD=LVCMOS33 DRIVE=4 SLEW=FAST
Executing : def_port {hdmi_in_rst_n} LOC=K18 VCCIO=3.3 IOSTANDARD=LVCMOS33 DRIVE=4 SLEW=FAST successfully
Executing : def_port {hdmi_out_clk} LOC=K16 VCCIO=3.3 IOSTANDARD=LVCMOS33 DRIVE=12 SLEW=FAST
C: ConstraintEditor-2002: [D:/pango_fire/PG2L100H/9_hdmi_loop/hdmi_loop_pango/device_map/hdmi_loop.pcf(line number: 6)] | Port hdmi_out_clk has been placed at location K16, whose type is share pin.
Executing : def_port {hdmi_out_clk} LOC=K16 VCCIO=3.3 IOSTANDARD=LVCMOS33 DRIVE=12 SLEW=FAST successfully
Executing : def_port {hdmi_out_de} LOC=K17 VCCIO=3.3 IOSTANDARD=LVCMOS33 DRIVE=8 SLEW=FAST
C: ConstraintEditor-2002: [D:/pango_fire/PG2L100H/9_hdmi_loop/hdmi_loop_pango/device_map/hdmi_loop.pcf(line number: 7)] | Port hdmi_out_de has been placed at location K17, whose type is share pin.
Executing : def_port {hdmi_out_de} LOC=K17 VCCIO=3.3 IOSTANDARD=LVCMOS33 DRIVE=8 SLEW=FAST successfully
Executing : def_port {hdmi_out_hsync} LOC=L17 VCCIO=3.3 IOSTANDARD=LVCMOS33 DRIVE=8 SLEW=FAST
C: ConstraintEditor-2002: [D:/pango_fire/PG2L100H/9_hdmi_loop/hdmi_loop_pango/device_map/hdmi_loop.pcf(line number: 8)] | Port hdmi_out_hsync has been placed at location L17, whose type is share pin.
Executing : def_port {hdmi_out_hsync} LOC=L17 VCCIO=3.3 IOSTANDARD=LVCMOS33 DRIVE=8 SLEW=FAST successfully
Executing : def_port {hdmi_out_rgb[0]} LOC=L14 VCCIO=3.3 IOSTANDARD=LVCMOS33 DRIVE=8 SLEW=FAST
Executing : def_port {hdmi_out_rgb[0]} LOC=L14 VCCIO=3.3 IOSTANDARD=LVCMOS33 DRIVE=8 SLEW=FAST successfully
Executing : def_port {hdmi_out_rgb[1]} LOC=M14 VCCIO=3.3 IOSTANDARD=LVCMOS33 DRIVE=8 SLEW=FAST
Executing : def_port {hdmi_out_rgb[1]} LOC=M14 VCCIO=3.3 IOSTANDARD=LVCMOS33 DRIVE=8 SLEW=FAST successfully
Executing : def_port {hdmi_out_rgb[2]} LOC=L15 VCCIO=3.3 IOSTANDARD=LVCMOS33 DRIVE=8 SLEW=FAST
C: ConstraintEditor-2002: [D:/pango_fire/PG2L100H/9_hdmi_loop/hdmi_loop_pango/device_map/hdmi_loop.pcf(line number: 11)] | Port hdmi_out_rgb[2] has been placed at location L15, whose type is share pin.
Executing : def_port {hdmi_out_rgb[2]} LOC=L15 VCCIO=3.3 IOSTANDARD=LVCMOS33 DRIVE=8 SLEW=FAST successfully
Executing : def_port {hdmi_out_rgb[3]} LOC=M15 VCCIO=3.3 IOSTANDARD=LVCMOS33 DRIVE=8 SLEW=FAST
C: ConstraintEditor-2002: [D:/pango_fire/PG2L100H/9_hdmi_loop/hdmi_loop_pango/device_map/hdmi_loop.pcf(line number: 12)] | Port hdmi_out_rgb[3] has been placed at location M15, whose type is share pin.
Executing : def_port {hdmi_out_rgb[3]} LOC=M15 VCCIO=3.3 IOSTANDARD=LVCMOS33 DRIVE=8 SLEW=FAST successfully
Executing : def_port {hdmi_out_rgb[4]} LOC=K22 VCCIO=3.3 IOSTANDARD=LVCMOS33 DRIVE=8 SLEW=FAST
C: ConstraintEditor-2002: [D:/pango_fire/PG2L100H/9_hdmi_loop/hdmi_loop_pango/device_map/hdmi_loop.pcf(line number: 13)] | Port hdmi_out_rgb[4] has been placed at location K22, whose type is share pin.
Executing : def_port {hdmi_out_rgb[4]} LOC=K22 VCCIO=3.3 IOSTANDARD=LVCMOS33 DRIVE=8 SLEW=FAST successfully
Executing : def_port {hdmi_out_rgb[5]} LOC=K23 VCCIO=3.3 IOSTANDARD=LVCMOS33 DRIVE=8 SLEW=FAST
C: ConstraintEditor-2002: [D:/pango_fire/PG2L100H/9_hdmi_loop/hdmi_loop_pango/device_map/hdmi_loop.pcf(line number: 14)] | Port hdmi_out_rgb[5] has been placed at location K23, whose type is share pin.
Executing : def_port {hdmi_out_rgb[5]} LOC=K23 VCCIO=3.3 IOSTANDARD=LVCMOS33 DRIVE=8 SLEW=FAST successfully
Executing : def_port {hdmi_out_rgb[6]} LOC=J23 VCCIO=3.3 IOSTANDARD=LVCMOS33 DRIVE=8 SLEW=FAST
Executing : def_port {hdmi_out_rgb[6]} LOC=J23 VCCIO=3.3 IOSTANDARD=LVCMOS33 DRIVE=8 SLEW=FAST successfully
Executing : def_port {hdmi_out_rgb[7]} LOC=H23 VCCIO=3.3 IOSTANDARD=LVCMOS33 DRIVE=8 SLEW=FAST
Executing : def_port {hdmi_out_rgb[7]} LOC=H23 VCCIO=3.3 IOSTANDARD=LVCMOS33 DRIVE=8 SLEW=FAST successfully
Executing : def_port {hdmi_out_rgb[8]} LOC=J24 VCCIO=3.3 IOSTANDARD=LVCMOS33 DRIVE=8 SLEW=FAST
C: ConstraintEditor-2002: [D:/pango_fire/PG2L100H/9_hdmi_loop/hdmi_loop_pango/device_map/hdmi_loop.pcf(line number: 17)] | Port hdmi_out_rgb[8] has been placed at location J24, whose type is share pin.
Executing : def_port {hdmi_out_rgb[8]} LOC=J24 VCCIO=3.3 IOSTANDARD=LVCMOS33 DRIVE=8 SLEW=FAST successfully
Executing : def_port {hdmi_out_rgb[9]} LOC=H24 VCCIO=3.3 IOSTANDARD=LVCMOS33 DRIVE=8 SLEW=FAST
C: ConstraintEditor-2002: [D:/pango_fire/PG2L100H/9_hdmi_loop/hdmi_loop_pango/device_map/hdmi_loop.pcf(line number: 18)] | Port hdmi_out_rgb[9] has been placed at location H24, whose type is share pin.
Executing : def_port {hdmi_out_rgb[9]} LOC=H24 VCCIO=3.3 IOSTANDARD=LVCMOS33 DRIVE=8 SLEW=FAST successfully
Executing : def_port {hdmi_out_rgb[10]} LOC=J26 VCCIO=3.3 IOSTANDARD=LVCMOS33 DRIVE=8 SLEW=FAST
C: ConstraintEditor-2002: [D:/pango_fire/PG2L100H/9_hdmi_loop/hdmi_loop_pango/device_map/hdmi_loop.pcf(line number: 19)] | Port hdmi_out_rgb[10] has been placed at location J26, whose type is share pin.
Executing : def_port {hdmi_out_rgb[10]} LOC=J26 VCCIO=3.3 IOSTANDARD=LVCMOS33 DRIVE=8 SLEW=FAST successfully
Executing : def_port {hdmi_out_rgb[11]} LOC=J25 VCCIO=3.3 IOSTANDARD=LVCMOS33 DRIVE=8 SLEW=FAST
C: ConstraintEditor-2002: [D:/pango_fire/PG2L100H/9_hdmi_loop/hdmi_loop_pango/device_map/hdmi_loop.pcf(line number: 20)] | Port hdmi_out_rgb[11] has been placed at location J25, whose type is share pin.
Executing : def_port {hdmi_out_rgb[11]} LOC=J25 VCCIO=3.3 IOSTANDARD=LVCMOS33 DRIVE=8 SLEW=FAST successfully
Executing : def_port {hdmi_out_rgb[12]} LOC=H26 VCCIO=3.3 IOSTANDARD=LVCMOS33 DRIVE=8 SLEW=FAST
C: ConstraintEditor-2002: [D:/pango_fire/PG2L100H/9_hdmi_loop/hdmi_loop_pango/device_map/hdmi_loop.pcf(line number: 21)] | Port hdmi_out_rgb[12] has been placed at location H26, whose type is share pin.
Executing : def_port {hdmi_out_rgb[12]} LOC=H26 VCCIO=3.3 IOSTANDARD=LVCMOS33 DRIVE=8 SLEW=FAST successfully
Executing : def_port {hdmi_out_rgb[13]} LOC=G26 VCCIO=3.3 IOSTANDARD=LVCMOS33 DRIVE=8 SLEW=FAST
C: ConstraintEditor-2002: [D:/pango_fire/PG2L100H/9_hdmi_loop/hdmi_loop_pango/device_map/hdmi_loop.pcf(line number: 22)] | Port hdmi_out_rgb[13] has been placed at location G26, whose type is share pin.
Executing : def_port {hdmi_out_rgb[13]} LOC=G26 VCCIO=3.3 IOSTANDARD=LVCMOS33 DRIVE=8 SLEW=FAST successfully
Executing : def_port {hdmi_out_rgb[14]} LOC=G24 VCCIO=3.3 IOSTANDARD=LVCMOS33 DRIVE=8 SLEW=FAST
C: ConstraintEditor-2002: [D:/pango_fire/PG2L100H/9_hdmi_loop/hdmi_loop_pango/device_map/hdmi_loop.pcf(line number: 23)] | Port hdmi_out_rgb[14] has been placed at location G24, whose type is share pin.
Executing : def_port {hdmi_out_rgb[14]} LOC=G24 VCCIO=3.3 IOSTANDARD=LVCMOS33 DRIVE=8 SLEW=FAST successfully
Executing : def_port {hdmi_out_rgb[15]} LOC=F24 VCCIO=3.3 IOSTANDARD=LVCMOS33 DRIVE=8 SLEW=FAST
C: ConstraintEditor-2002: [D:/pango_fire/PG2L100H/9_hdmi_loop/hdmi_loop_pango/device_map/hdmi_loop.pcf(line number: 24)] | Port hdmi_out_rgb[15] has been placed at location F24, whose type is share pin.
Executing : def_port {hdmi_out_rgb[15]} LOC=F24 VCCIO=3.3 IOSTANDARD=LVCMOS33 DRIVE=8 SLEW=FAST successfully
Executing : def_port {hdmi_out_rgb[16]} LOC=E26 VCCIO=3.3 IOSTANDARD=LVCMOS33 DRIVE=8 SLEW=FAST
Executing : def_port {hdmi_out_rgb[16]} LOC=E26 VCCIO=3.3 IOSTANDARD=LVCMOS33 DRIVE=8 SLEW=FAST successfully
Executing : def_port {hdmi_out_rgb[17]} LOC=D26 VCCIO=3.3 IOSTANDARD=LVCMOS33 DRIVE=8 SLEW=FAST
C: ConstraintEditor-2002: [D:/pango_fire/PG2L100H/9_hdmi_loop/hdmi_loop_pango/device_map/hdmi_loop.pcf(line number: 26)] | Port hdmi_out_rgb[17] has been placed at location D26, whose type is share pin.
Executing : def_port {hdmi_out_rgb[17]} LOC=D26 VCCIO=3.3 IOSTANDARD=LVCMOS33 DRIVE=8 SLEW=FAST successfully
Executing : def_port {hdmi_out_rgb[18]} LOC=E25 VCCIO=3.3 IOSTANDARD=LVCMOS33 DRIVE=8 SLEW=FAST
C: ConstraintEditor-2002: [D:/pango_fire/PG2L100H/9_hdmi_loop/hdmi_loop_pango/device_map/hdmi_loop.pcf(line number: 27)] | Port hdmi_out_rgb[18] has been placed at location E25, whose type is share pin.
Executing : def_port {hdmi_out_rgb[18]} LOC=E25 VCCIO=3.3 IOSTANDARD=LVCMOS33 DRIVE=8 SLEW=FAST successfully
Executing : def_port {hdmi_out_rgb[19]} LOC=D25 VCCIO=3.3 IOSTANDARD=LVCMOS33 DRIVE=8 SLEW=FAST
C: ConstraintEditor-2002: [D:/pango_fire/PG2L100H/9_hdmi_loop/hdmi_loop_pango/device_map/hdmi_loop.pcf(line number: 28)] | Port hdmi_out_rgb[19] has been placed at location D25, whose type is share pin.
Executing : def_port {hdmi_out_rgb[19]} LOC=D25 VCCIO=3.3 IOSTANDARD=LVCMOS33 DRIVE=8 SLEW=FAST successfully
Executing : def_port {hdmi_out_rgb[20]} LOC=C26 VCCIO=3.3 IOSTANDARD=LVCMOS33 DRIVE=8 SLEW=FAST
Executing : def_port {hdmi_out_rgb[20]} LOC=C26 VCCIO=3.3 IOSTANDARD=LVCMOS33 DRIVE=8 SLEW=FAST successfully
Executing : def_port {hdmi_out_rgb[21]} LOC=B26 VCCIO=3.3 IOSTANDARD=LVCMOS33 DRIVE=8 SLEW=FAST
Executing : def_port {hdmi_out_rgb[21]} LOC=B26 VCCIO=3.3 IOSTANDARD=LVCMOS33 DRIVE=8 SLEW=FAST successfully
Executing : def_port {hdmi_out_rgb[22]} LOC=B25 VCCIO=3.3 IOSTANDARD=LVCMOS33 DRIVE=8 SLEW=FAST
Executing : def_port {hdmi_out_rgb[22]} LOC=B25 VCCIO=3.3 IOSTANDARD=LVCMOS33 DRIVE=8 SLEW=FAST successfully
Executing : def_port {hdmi_out_rgb[23]} LOC=A25 VCCIO=3.3 IOSTANDARD=LVCMOS33 DRIVE=8 SLEW=FAST
Executing : def_port {hdmi_out_rgb[23]} LOC=A25 VCCIO=3.3 IOSTANDARD=LVCMOS33 DRIVE=8 SLEW=FAST successfully
Executing : def_port {hdmi_out_rst_n} LOC=L19 VCCIO=3.3 IOSTANDARD=LVCMOS33 DRIVE=4 SLEW=FAST
Executing : def_port {hdmi_out_rst_n} LOC=L19 VCCIO=3.3 IOSTANDARD=LVCMOS33 DRIVE=4 SLEW=FAST successfully
Executing : def_port {hdmi_out_vsync} LOC=L18 VCCIO=3.3 IOSTANDARD=LVCMOS33 DRIVE=8 SLEW=FAST
C: ConstraintEditor-2002: [D:/pango_fire/PG2L100H/9_hdmi_loop/hdmi_loop_pango/device_map/hdmi_loop.pcf(line number: 34)] | Port hdmi_out_vsync has been placed at location L18, whose type is share pin.
Executing : def_port {hdmi_out_vsync} LOC=L18 VCCIO=3.3 IOSTANDARD=LVCMOS33 DRIVE=8 SLEW=FAST successfully
Executing : def_port {hdmi_in_clk} LOC=M16 VCCIO=3.3 IOSTANDARD=LVCMOS33
Executing : def_port {hdmi_in_clk} LOC=M16 VCCIO=3.3 IOSTANDARD=LVCMOS33 successfully
Executing : def_port {hdmi_in_de} LOC=M17 VCCIO=3.3 IOSTANDARD=LVCMOS33
Executing : def_port {hdmi_in_de} LOC=M17 VCCIO=3.3 IOSTANDARD=LVCMOS33 successfully
Executing : def_port {hdmi_in_hsync} LOC=N21 VCCIO=3.3 IOSTANDARD=LVCMOS33
Executing : def_port {hdmi_in_hsync} LOC=N21 VCCIO=3.3 IOSTANDARD=LVCMOS33 successfully
Executing : def_port {hdmi_in_rgb[0]} LOC=J15 VCCIO=3.3 IOSTANDARD=LVCMOS33
C: ConstraintEditor-2002: [D:/pango_fire/PG2L100H/9_hdmi_loop/hdmi_loop_pango/device_map/hdmi_loop.pcf(line number: 38)] | Port hdmi_in_rgb[0] has been placed at location J15, whose type is share pin.
Executing : def_port {hdmi_in_rgb[0]} LOC=J15 VCCIO=3.3 IOSTANDARD=LVCMOS33 successfully
Executing : def_port {hdmi_in_rgb[1]} LOC=J14 VCCIO=3.3 IOSTANDARD=LVCMOS33
C: ConstraintEditor-2002: [D:/pango_fire/PG2L100H/9_hdmi_loop/hdmi_loop_pango/device_map/hdmi_loop.pcf(line number: 39)] | Port hdmi_in_rgb[1] has been placed at location J14, whose type is share pin.
Executing : def_port {hdmi_in_rgb[1]} LOC=J14 VCCIO=3.3 IOSTANDARD=LVCMOS33 successfully
Executing : def_port {hdmi_in_rgb[2]} LOC=K15 VCCIO=3.3 IOSTANDARD=LVCMOS33
C: ConstraintEditor-2002: [D:/pango_fire/PG2L100H/9_hdmi_loop/hdmi_loop_pango/device_map/hdmi_loop.pcf(line number: 40)] | Port hdmi_in_rgb[2] has been placed at location K15, whose type is share pin.
Executing : def_port {hdmi_in_rgb[2]} LOC=K15 VCCIO=3.3 IOSTANDARD=LVCMOS33 successfully
Executing : def_port {hdmi_in_rgb[3]} LOC=J16 VCCIO=3.3 IOSTANDARD=LVCMOS33
C: ConstraintEditor-2002: [D:/pango_fire/PG2L100H/9_hdmi_loop/hdmi_loop_pango/device_map/hdmi_loop.pcf(line number: 41)] | Port hdmi_in_rgb[3] has been placed at location J16, whose type is share pin.
Executing : def_port {hdmi_in_rgb[3]} LOC=J16 VCCIO=3.3 IOSTANDARD=LVCMOS33 successfully
Executing : def_port {hdmi_in_rgb[4]} LOC=J20 VCCIO=3.3 IOSTANDARD=LVCMOS33
C: ConstraintEditor-2002: [D:/pango_fire/PG2L100H/9_hdmi_loop/hdmi_loop_pango/device_map/hdmi_loop.pcf(line number: 42)] | Port hdmi_in_rgb[4] has been placed at location J20, whose type is share pin.
Executing : def_port {hdmi_in_rgb[4]} LOC=J20 VCCIO=3.3 IOSTANDARD=LVCMOS33 successfully
Executing : def_port {hdmi_in_rgb[5]} LOC=K20 VCCIO=3.3 IOSTANDARD=LVCMOS33
C: ConstraintEditor-2002: [D:/pango_fire/PG2L100H/9_hdmi_loop/hdmi_loop_pango/device_map/hdmi_loop.pcf(line number: 43)] | Port hdmi_in_rgb[5] has been placed at location K20, whose type is share pin.
Executing : def_port {hdmi_in_rgb[5]} LOC=K20 VCCIO=3.3 IOSTANDARD=LVCMOS33 successfully
Executing : def_port {hdmi_in_rgb[6]} LOC=K21 VCCIO=3.3 IOSTANDARD=LVCMOS33
Executing : def_port {hdmi_in_rgb[6]} LOC=K21 VCCIO=3.3 IOSTANDARD=LVCMOS33 successfully
Executing : def_port {hdmi_in_rgb[7]} LOC=J21 VCCIO=3.3 IOSTANDARD=LVCMOS33
Executing : def_port {hdmi_in_rgb[7]} LOC=J21 VCCIO=3.3 IOSTANDARD=LVCMOS33 successfully
Executing : def_port {hdmi_in_rgb[8]} LOC=H18 VCCIO=3.3 IOSTANDARD=LVCMOS33
C: ConstraintEditor-2002: [D:/pango_fire/PG2L100H/9_hdmi_loop/hdmi_loop_pango/device_map/hdmi_loop.pcf(line number: 46)] | Port hdmi_in_rgb[8] has been placed at location H18, whose type is share pin.
Executing : def_port {hdmi_in_rgb[8]} LOC=H18 VCCIO=3.3 IOSTANDARD=LVCMOS33 successfully
Executing : def_port {hdmi_in_rgb[9]} LOC=J18 VCCIO=3.3 IOSTANDARD=LVCMOS33
C: ConstraintEditor-2002: [D:/pango_fire/PG2L100H/9_hdmi_loop/hdmi_loop_pango/device_map/hdmi_loop.pcf(line number: 47)] | Port hdmi_in_rgb[9] has been placed at location J18, whose type is share pin.
Executing : def_port {hdmi_in_rgb[9]} LOC=J18 VCCIO=3.3 IOSTANDARD=LVCMOS33 successfully
Executing : def_port {hdmi_in_rgb[10]} LOC=H19 VCCIO=3.3 IOSTANDARD=LVCMOS33
C: ConstraintEditor-2002: [D:/pango_fire/PG2L100H/9_hdmi_loop/hdmi_loop_pango/device_map/hdmi_loop.pcf(line number: 48)] | Port hdmi_in_rgb[10] has been placed at location H19, whose type is share pin.
Executing : def_port {hdmi_in_rgb[10]} LOC=H19 VCCIO=3.3 IOSTANDARD=LVCMOS33 successfully
Executing : def_port {hdmi_in_rgb[11]} LOC=J19 VCCIO=3.3 IOSTANDARD=LVCMOS33
C: ConstraintEditor-2002: [D:/pango_fire/PG2L100H/9_hdmi_loop/hdmi_loop_pango/device_map/hdmi_loop.pcf(line number: 49)] | Port hdmi_in_rgb[11] has been placed at location J19, whose type is share pin.
Executing : def_port {hdmi_in_rgb[11]} LOC=J19 VCCIO=3.3 IOSTANDARD=LVCMOS33 successfully
Executing : def_port {hdmi_in_rgb[12]} LOC=H21 VCCIO=3.3 IOSTANDARD=LVCMOS33
Executing : def_port {hdmi_in_rgb[12]} LOC=H21 VCCIO=3.3 IOSTANDARD=LVCMOS33 successfully
Executing : def_port {hdmi_in_rgb[13]} LOC=H22 VCCIO=3.3 IOSTANDARD=LVCMOS33
Executing : def_port {hdmi_in_rgb[13]} LOC=H22 VCCIO=3.3 IOSTANDARD=LVCMOS33 successfully
Executing : def_port {hdmi_in_rgb[14]} LOC=G20 VCCIO=3.3 IOSTANDARD=LVCMOS33
Executing : def_port {hdmi_in_rgb[14]} LOC=G20 VCCIO=3.3 IOSTANDARD=LVCMOS33 successfully
Executing : def_port {hdmi_in_rgb[15]} LOC=G21 VCCIO=3.3 IOSTANDARD=LVCMOS33
Executing : def_port {hdmi_in_rgb[15]} LOC=G21 VCCIO=3.3 IOSTANDARD=LVCMOS33 successfully
Executing : def_port {hdmi_in_rgb[16]} LOC=G22 VCCIO=3.3 IOSTANDARD=LVCMOS33
Executing : def_port {hdmi_in_rgb[16]} LOC=G22 VCCIO=3.3 IOSTANDARD=LVCMOS33 successfully
Executing : def_port {hdmi_in_rgb[17]} LOC=F22 VCCIO=3.3 IOSTANDARD=LVCMOS33
C: ConstraintEditor-2002: [D:/pango_fire/PG2L100H/9_hdmi_loop/hdmi_loop_pango/device_map/hdmi_loop.pcf(line number: 55)] | Port hdmi_in_rgb[17] has been placed at location F22, whose type is share pin.
Executing : def_port {hdmi_in_rgb[17]} LOC=F22 VCCIO=3.3 IOSTANDARD=LVCMOS33 successfully
Executing : def_port {hdmi_in_rgb[18]} LOC=E23 VCCIO=3.3 IOSTANDARD=LVCMOS33
C: ConstraintEditor-2002: [D:/pango_fire/PG2L100H/9_hdmi_loop/hdmi_loop_pango/device_map/hdmi_loop.pcf(line number: 56)] | Port hdmi_in_rgb[18] has been placed at location E23, whose type is share pin.
Executing : def_port {hdmi_in_rgb[18]} LOC=E23 VCCIO=3.3 IOSTANDARD=LVCMOS33 successfully
Executing : def_port {hdmi_in_rgb[19]} LOC=F23 VCCIO=3.3 IOSTANDARD=LVCMOS33
C: ConstraintEditor-2002: [D:/pango_fire/PG2L100H/9_hdmi_loop/hdmi_loop_pango/device_map/hdmi_loop.pcf(line number: 57)] | Port hdmi_in_rgb[19] has been placed at location F23, whose type is share pin.
Executing : def_port {hdmi_in_rgb[19]} LOC=F23 VCCIO=3.3 IOSTANDARD=LVCMOS33 successfully
Executing : def_port {hdmi_in_rgb[20]} LOC=D24 VCCIO=3.3 IOSTANDARD=LVCMOS33
Executing : def_port {hdmi_in_rgb[20]} LOC=D24 VCCIO=3.3 IOSTANDARD=LVCMOS33 successfully
Executing : def_port {hdmi_in_rgb[21]} LOC=D23 VCCIO=3.3 IOSTANDARD=LVCMOS33
Executing : def_port {hdmi_in_rgb[21]} LOC=D23 VCCIO=3.3 IOSTANDARD=LVCMOS33 successfully
Executing : def_port {hdmi_in_rgb[22]} LOC=F20 VCCIO=3.3 IOSTANDARD=LVCMOS33
Executing : def_port {hdmi_in_rgb[22]} LOC=F20 VCCIO=3.3 IOSTANDARD=LVCMOS33 successfully
Executing : def_port {hdmi_in_rgb[23]} LOC=G19 VCCIO=3.3 IOSTANDARD=LVCMOS33
Executing : def_port {hdmi_in_rgb[23]} LOC=G19 VCCIO=3.3 IOSTANDARD=LVCMOS33 successfully
Executing : def_port {hdmi_in_vsync} LOC=N22 VCCIO=3.3 IOSTANDARD=LVCMOS33
Executing : def_port {hdmi_in_vsync} LOC=N22 VCCIO=3.3 IOSTANDARD=LVCMOS33 successfully
Executing : def_port {sys_clk} LOC=R3 VCCIO=1.5 IOSTANDARD=LVCMOS15
Executing : def_port {sys_clk} LOC=R3 VCCIO=1.5 IOSTANDARD=LVCMOS15 successfully
Executing : def_port {sys_rst_n} LOC=G25 VCCIO=3.3 IOSTANDARD=LVCMOS33
C: ConstraintEditor-2002: [D:/pango_fire/PG2L100H/9_hdmi_loop/hdmi_loop_pango/device_map/hdmi_loop.pcf(line number: 64)] | Port sys_rst_n has been placed at location G25, whose type is share pin.
Executing : def_port {sys_rst_n} LOC=G25 VCCIO=3.3 IOSTANDARD=LVCMOS33 successfully
Constraint check end.
I: Column Clock Check open.
Read Column Clock Map.

Placement started.
Phase 1 Pre global placement started.
Mapping instance GRS_INST/grs_ccs to CCS_87_316.
Mapping instance u_CORES/u_GTP_SCANCHAIN_PG/scanchain to SCANCHAIN_88_312.
Phase 1.1 1st GP placement started.
Design Utilization : 1%.
First map gop timing takes 0.75 sec
Worst slack after clock region global placement is 17611
Wirelength after clock region global placement is 8223.
1st GP placement takes 3.00 sec.

Phase 1.2 Clock placement started.
Mapping instance clkbufg_3/gopclkbufg to USCM_215_576.
C: Place-2028: GLOBAL_CLOCK: the driver u_CORES/u_GTP_SCANCHAIN_PG/scanchain fixed at SCANCHAIN_88_312 is unreasonable. Sub-optimal placement for a clock source and a clock buffer.
Mapping instance clkbufg_4/gopclkbufg to USCM_215_579.
Clock placement takes 0.14 sec.

Pre global placement takes 4.66 sec.

Phase 2 Global placement started.
Phase 2.1 Fixed placement started.
Placed fixed group with base inst ddc_scl_obuf/opit_1 on IOLHR_16_480.
Placed fixed group with base inst hdmi_i2c_inst.i2c_ctrl_inst.i2c_sda_tri/opit_1 on IOLHR_16_474.
Placed fixed group with base inst hdmi_in_clk_ibuf/opit_1 on IOLHR_16_846.
Placed fixed group with base inst hdmi_in_de_ibuf/opit_1 on IOLHR_16_840.
Placed fixed group with base inst hdmi_in_hsync_ibuf/opit_1 on IOLHR_16_450.
Placed fixed group with base inst hdmi_in_rgb_ibuf[0]/opit_1 on IOLHR_16_888.
Placed fixed group with base inst hdmi_in_rgb_ibuf[1]/opit_1 on IOLHR_16_894.
Placed fixed group with base inst hdmi_in_rgb_ibuf[2]/opit_1 on IOLHR_16_906.
Placed fixed group with base inst hdmi_in_rgb_ibuf[3]/opit_1 on IOLHR_16_900.
Placed fixed group with base inst hdmi_in_rgb_ibuf[4]/opit_1 on IOLHR_16_804.
Placed fixed group with base inst hdmi_in_rgb_ibuf[5]/opit_1 on IOLHR_16_810.
Placed fixed group with base inst hdmi_in_rgb_ibuf[6]/opit_1 on IOLHR_16_774.
Placed fixed group with base inst hdmi_in_rgb_ibuf[7]/opit_1 on IOLHR_16_768.
Placed fixed group with base inst hdmi_in_rgb_ibuf[8]/opit_1 on IOLHR_16_792.
Placed fixed group with base inst hdmi_in_rgb_ibuf[9]/opit_1 on IOLHR_16_798.
Placed fixed group with base inst hdmi_in_rgb_ibuf[10]/opit_1 on IOLHR_16_828.
Placed fixed group with base inst hdmi_in_rgb_ibuf[11]/opit_1 on IOLHR_16_834.
Placed fixed group with base inst hdmi_in_rgb_ibuf[12]/opit_1 on IOLHR_16_756.
Placed fixed group with base inst hdmi_in_rgb_ibuf[13]/opit_1 on IOLHR_16_750.
Placed fixed group with base inst hdmi_in_rgb_ibuf[14]/opit_1 on IOLHR_16_786.
Placed fixed group with base inst hdmi_in_rgb_ibuf[15]/opit_1 on IOLHR_16_780.
Placed fixed group with base inst hdmi_in_rgb_ibuf[16]/opit_1 on IOLHR_16_732.
Placed fixed group with base inst hdmi_in_rgb_ibuf[17]/opit_1 on IOLHR_16_726.
Placed fixed group with base inst hdmi_in_rgb_ibuf[18]/opit_1 on IOLHR_16_702.
Placed fixed group with base inst hdmi_in_rgb_ibuf[19]/opit_1 on IOLHR_16_708.
Placed fixed group with base inst hdmi_in_rgb_ibuf[20]/opit_1 on IOLHR_16_924.
Placed fixed group with base inst hdmi_in_rgb_ibuf[21]/opit_1 on IOLHR_16_930.
Placed fixed group with base inst hdmi_in_rgb_ibuf[22]/opit_1 on IOLHR_16_1158.
Placed fixed group with base inst hdmi_in_rgb_ibuf[23]/opit_1 on IOLHR_16_1164.
Placed fixed group with base inst hdmi_in_rst_n_obuf/opit_1 on IOLHR_16_912.
Placed fixed group with base inst hdmi_in_vsync_ibuf/opit_1 on IOLHR_16_444.
Placed fixed group with base inst hdmi_out_clk_obuf/opit_1 on IOLHR_16_882.
Placed fixed group with base inst hdmi_out_de_obuf/opit_1 on IOLHR_16_876.
Placed fixed group with base inst hdmi_out_hsync_obuf/opit_1 on IOLHR_16_822.
Placed fixed group with base inst hdmi_out_rgb_obuf[0]/opit_1 on IOLHR_16_864.
Placed fixed group with base inst hdmi_out_rgb_obuf[1]/opit_1 on IOLHR_16_870.
Placed fixed group with base inst hdmi_out_rgb_obuf[2]/opit_1 on IOLHR_16_852.
Placed fixed group with base inst hdmi_out_rgb_obuf[3]/opit_1 on IOLHR_16_858.
Placed fixed group with base inst hdmi_out_rgb_obuf[4]/opit_1 on IOLHR_16_696.
Placed fixed group with base inst hdmi_out_rgb_obuf[5]/opit_1 on IOLHR_16_690.
Placed fixed group with base inst hdmi_out_rgb_obuf[6]/opit_1 on IOLHR_16_744.
Placed fixed group with base inst hdmi_out_rgb_obuf[7]/opit_1 on IOLHR_16_738.
Placed fixed group with base inst hdmi_out_rgb_obuf[8]/opit_1 on IOLHR_16_720.
Placed fixed group with base inst hdmi_out_rgb_obuf[9]/opit_1 on IOLHR_16_714.
Placed fixed group with base inst hdmi_out_rgb_obuf[10]/opit_1 on IOLHR_16_618.
Placed fixed group with base inst hdmi_out_rgb_obuf[11]/opit_1 on IOLHR_16_624.
Placed fixed group with base inst hdmi_out_rgb_obuf[12]/opit_1 on IOLHR_16_648.
Placed fixed group with base inst hdmi_out_rgb_obuf[13]/opit_1 on IOLHR_16_642.
Placed fixed group with base inst hdmi_out_rgb_obuf[14]/opit_1 on IOLHR_16_684.
Placed fixed group with base inst hdmi_out_rgb_obuf[15]/opit_1 on IOLHR_16_678.
Placed fixed group with base inst hdmi_out_rgb_obuf[16]/opit_1 on IOLHR_16_660.
Placed fixed group with base inst hdmi_out_rgb_obuf[17]/opit_1 on IOLHR_16_654.
Placed fixed group with base inst hdmi_out_rgb_obuf[18]/opit_1 on IOLHR_16_672.
Placed fixed group with base inst hdmi_out_rgb_obuf[19]/opit_1 on IOLHR_16_666.
Placed fixed group with base inst hdmi_out_rgb_obuf[20]/opit_1 on IOLHR_16_954.
Placed fixed group with base inst hdmi_out_rgb_obuf[21]/opit_1 on IOLHR_16_948.
Placed fixed group with base inst hdmi_out_rgb_obuf[22]/opit_1 on IOLHR_16_978.
Placed fixed group with base inst hdmi_out_rgb_obuf[23]/opit_1 on IOLHR_16_972.
Placed fixed group with base inst hdmi_out_rst_n_obuf/opit_1 on IOLHR_16_612.
Placed fixed group with base inst hdmi_out_vsync_obuf/opit_1 on IOLHR_16_816.
Placed fixed group with base inst sys_clk_ibuf/opit_1 on IOLHR_364_450.
Placed fixed group with base inst sys_rst_n_ibuf/opit_1 on IOLHR_16_636.
Placed fixed instance GRS_INST/grs_ccs on CCS_87_316.
Placed fixed instance clkbufg_3/gopclkbufg on USCM_215_576.
Placed fixed instance clkbufg_4/gopclkbufg on USCM_215_579.
Placed fixed instance u_CORES/u_GTP_SCANCHAIN_PG/scanchain on SCANCHAIN_88_312.
Placed fixed instance BKCL_auto_0 on BKCL_1_952.
Placed fixed instance BKCL_auto_1 on BKCL_1_646.
Placed fixed instance BKCL_auto_2 on BKCL_1_340.
Placed fixed instance BKCL_auto_3 on BKCL_373_340.
Fixed placement takes 0.06 sec.

Phase 2.2 Process placement started.
Process placement takes 0.00 sec.

Phase 2.3 IO placement started.
IO placement takes 0.02 sec.

Phase 2.4 2nd GP placement started.
Run super clustering :
	Initial slack 14523.
	3 iterations finished.
	Final slack 15743.
Super clustering done.
Design Utilization : 1%.
Worst slack after global placement is 17759
2nd GP placement takes 0.69 sec.

Wirelength after global placement is 8328.
Global placement takes 0.77 sec.

Phase 3 Post global placement started.
Packing LUT6D started.
I: LUT6D pack result: There are 181 LUT6 in collection, pack success:5
Packing LUT6D takes 0.08 sec.
Phase 3.1 Macro cell placement started.
I: Process macros using "Greedy".
Wirelength after macro cell placement is 11854.
Macro cell placement takes 0.02 sec.

Phase 3.2 3rd GP placement started.
Run super clustering :
	Initial slack 14523.
	3 iterations finished.
	Final slack 15743.
Super clustering done.
Design Utilization : 1%.
Worst slack after post global placement is 16967
3rd GP placement takes 0.58 sec.

Wirelength after post global placement is 11075.
Packing LUT6D started.
I: LUT6D pack result: There are 171 LUT6 in collection, pack success:0
Packing LUT6D takes 0.06 sec.
Post global placement takes 0.75 sec.

Phase 4 Legalization started.
The average distance in LP is 0.416606.
Wirelength after legalization is 11793.
Legalization takes 0.08 sec.

Phase 5 Timing-driven detailed placement started.
Phase 5.1 Replication placement started.
Worst slack before Replication Place is 17325.
Replication placement takes 0.14 sec.

Wirelength after replication placement is 11793.
Phase 5.2 Swapping placement started.
Worst slack before detailed placement is 17325, TNS before detailed placement is 0. 
Worst slack after detailed placement is 17325, TNS after detailed placement is 0. 
Swapping placement takes 0.02 sec.

Wirelength after detailed placement is 11793.
Timing-driven detailed placement takes 0.16 sec.

Worst slack is 17325, TNS after placement is 0.
Placement done.
Total placement takes 6.92 sec.
Finished placement.

Routing started.
Building routing graph takes 4.70 sec.
Worst slack is 17325, TNS before global route is 0.
Processing design graph takes 1.16 sec.
Total memory for routing:
	216.635814 M.
Total nets for routing : 1381.
Rcf routing step 1 processed 0 nets, it takes 0.00 sec.
Rcf routing step 2 processed 0 nets, it takes 0.00 sec.
Rcf routing step 3 processed 0 nets, it takes 0.00 sec.
Unrouted nets 0 at the end of iteration 0.
Global Routing step 1 processed 79 nets, it takes 0.02 sec.
Unrouted nets 113 at the end of iteration 0.
Unrouted nets 52 at the end of iteration 1.
Unrouted nets 22 at the end of iteration 2.
Unrouted nets 18 at the end of iteration 3.
Unrouted nets 9 at the end of iteration 4.
Unrouted nets 10 at the end of iteration 5.
Unrouted nets 8 at the end of iteration 6.
Unrouted nets 1 at the end of iteration 7.
Unrouted nets 2 at the end of iteration 8.
Unrouted nets 2 at the end of iteration 9.
Unrouted nets 0 at the end of iteration 10.
Global Routing step 2 processed 272 nets, it takes 0.78 sec.
Global Routing step 3 processed 0 nets, it takes 0.00 sec.
Unrouted nets 31 at the end of iteration 0.
Unrouted nets 4 at the end of iteration 1.
Unrouted nets 0 at the end of iteration 2.
Global Routing step 4 processed 55 nets, it takes 0.09 sec.
Global routing takes 1.02 sec.
Total 1586 subnets.
    forward max bucket size 15593 , backward 200.
        Unrouted nets 634 at the end of iteration 0.
    route iteration 0, CPU time elapsed 0.437500 sec.
    forward max bucket size 1347 , backward 111.
        Unrouted nets 423 at the end of iteration 1.
    route iteration 1, CPU time elapsed 0.265625 sec.
    forward max bucket size 1356 , backward 85.
        Unrouted nets 367 at the end of iteration 2.
    route iteration 2, CPU time elapsed 0.093750 sec.
    forward max bucket size 202 , backward 94.
        Unrouted nets 267 at the end of iteration 3.
    route iteration 3, CPU time elapsed 0.062500 sec.
    forward max bucket size 107 , backward 46.
        Unrouted nets 218 at the end of iteration 4.
    route iteration 4, CPU time elapsed 0.046875 sec.
    forward max bucket size 198 , backward 62.
        Unrouted nets 149 at the end of iteration 5.
    route iteration 5, CPU time elapsed 0.031250 sec.
    forward max bucket size 115 , backward 81.
        Unrouted nets 113 at the end of iteration 6.
    route iteration 6, CPU time elapsed 0.015625 sec.
    forward max bucket size 72 , backward 30.
        Unrouted nets 72 at the end of iteration 7.
    route iteration 7, CPU time elapsed 0.015625 sec.
    forward max bucket size 41 , backward 17.
        Unrouted nets 49 at the end of iteration 8.
    route iteration 8, CPU time elapsed 0.015625 sec.
    forward max bucket size 52 , backward 20.
        Unrouted nets 37 at the end of iteration 9.
    route iteration 9, CPU time elapsed 0.015625 sec.
    forward max bucket size 21 , backward 18.
        Unrouted nets 19 at the end of iteration 10.
    route iteration 10, CPU time elapsed 0.015625 sec.
    forward max bucket size 19 , backward 17.
        Unrouted nets 11 at the end of iteration 11.
    route iteration 11, CPU time elapsed 0.000000 sec.
    forward max bucket size 21 , backward 17.
        Unrouted nets 7 at the end of iteration 12.
    route iteration 12, CPU time elapsed 0.015625 sec.
    forward max bucket size 27 , backward 14.
        Unrouted nets 11 at the end of iteration 13.
    route iteration 13, CPU time elapsed 0.000000 sec.
    forward max bucket size 18 , backward 16.
        Unrouted nets 10 at the end of iteration 14.
    route iteration 14, CPU time elapsed 0.015625 sec.
    forward max bucket size 18 , backward 13.
        Unrouted nets 3 at the end of iteration 15.
    route iteration 15, CPU time elapsed 0.000000 sec.
    forward max bucket size 13 , backward 5.
        Unrouted nets 3 at the end of iteration 16.
    route iteration 16, CPU time elapsed 0.000000 sec.
    forward max bucket size 18 , backward 4.
        Unrouted nets 4 at the end of iteration 17.
    route iteration 17, CPU time elapsed 0.000000 sec.
    forward max bucket size 17 , backward 13.
        Unrouted nets 0 at the end of iteration 18.
    route iteration 18, CPU time elapsed 0.015625 sec.
Detailed routing takes 18 iterations
I: Design net u_CORES/drck_o is routed by general path.
C: Route-2036: The clock path from u_CORES/u_GTP_SCANCHAIN_PG/scanchain:TCK1 to clkbufg_4/gopclkbufg:CLK is routed by SRB.
I: Design net hdmi_i2c_inst/cfg_clk is routed by general path.
C: Route-2036: The clock path from hdmi_i2c_inst/i2c_ctrl_inst/i2c_clk/opit_0_inv_L6Q:L6Q to hdmi_i2c_inst/i2c_ctrl_inst/state_reg[0]/opit_0_inv_L6QL5Q1:CLK is routed by SRB.
I: Design net u_CORES/capt_o is routed by general path.
C: Route-2036: The clock path from u_CORES/u_GTP_SCANCHAIN_PG/scanchain:CAPTUREDR to u_CORES/u_debug_core_0/u_hub_data_decode/id_sample.conf_id[0]/opit_0_inv:CLK is routed by SRB.
I: Design net ntclkbufg_1 is routed by general path.
C: Route-2036: The clock path from clkbufg_4/gopclkbufg:CLKOUT to u_CORES/u_debug_core_0/u_rd_addr_gen/tdo_mux_d2/opit_0_inv_L6QQ:CLK is routed by SRB.
Detailed routing takes 1.13 sec.
Start fix hold violation.
Build tmp routing results takes 0.02 sec.
Timing analysis takes 0.00 sec.
Hold violation fix iter 0 takes 0.38 sec, total_step_forward 24284.
Incremental timing analysis takes 0.03 sec.
Hold violation fix iter 1 takes 0.00 sec, total_step_forward 12.
Incremental timing analysis takes 0.02 sec.
Hold violation fix iter 2 takes 0.00 sec, total_step_forward 0.
Hold Violation Fix in router takes 3 iterations.
Fix hold violation Finished.
Hold Violation Fix in router takes 0.94 sec.

Dispose routing result:
    Collect routing result.
    Delete unused device instances.
    Annotate routing result.
    Change LUT configuration.
    Dispose misc instances.
    Annotate routing result again.
Finish routing takes 0.09 sec.
Used SRB routing arc is 10417.
Cleanup routing takes 0.03 sec.
Routing done.
Total routing takes 10.13 sec.


Device Utilization Summary :
+------------------------------------------------------------------------------+
| Logic Utilization           | Used     | Available     | Utilization(%)     
+------------------------------------------------------------------------------+
| Use of ADC                  | 0        | 1             | 0                  
| Use of ANALOG               | 0        | 1             | 0                  
| Use of APM                  | 0        | 240           | 0                  
| Use of BKCL                 | 4        | 6             | 67                 
| Use of CCS                  | 1        | 1             | 100                
| Use of CLMA                 | 140      | 11675         | 2                  
|   FF                        | 453      | 93400         | 1                  
|   LUT                       | 328      | 46700         | 1                  
|   LUT-FF pairs              | 210      | 46700         | 1                  
| Use of CLMS                 | 72       | 4975          | 2                  
|   FF                        | 268      | 39800         | 1                  
|   LUT                       | 170      | 19900         | 1                  
|   LUT-FF pairs              | 109      | 19900         | 1                  
|   Distributed RAM           | 0        | 19900         | 0                  
| Use of DDRPHY_CPD           | 0        | 12            | 0                  
| Use of DDRPHY_IOCLK_DIV     | 0        | 6             | 0                  
| Use of DDR_PHY              | 0        | 24            | 0                  
| Use of DRM                  | 15       | 155           | 10                 
| Use of GPLL                 | 0        | 6             | 0                  
| Use of GSEB                 | 0        | 218           | 0                  
| Use of HARD0                | 148      | 10550         | 2                  
| Use of HCKB                 | 8        | 96            | 9                  
|  HCKB dataused              | 1        | 96            | 2                  
| Use of HCKMUX_TEST          | 0        | 8             | 0                  
| Use of HSSTLP               | 0        | 2             | 0                  
| Use of IO                   | 62       | 300           | 21                 
|   IOBD                      | 31       | 144           | 22                 
|   IOBS                      | 31       | 156           | 20                 
| Use of IOCKB                | 0        | 24            | 0                  
| Use of IOCKMUX_TEST         | 0        | 6             | 0                  
| Use of IOLHR                | 62       | 300           | 21                 
| Use of KEYRAM               | 0        | 1             | 0                  
| Use of MFG_TEST             | 0        | 1             | 0                  
| Use of MRCKB                | 0        | 12            | 0                  
| Use of MRCKMUX_TEST         | 0        | 6             | 0                  
| Use of MRPOSTMUX_TEST       | 0        | 6             | 0                  
| Use of PCIE                 | 0        | 1             | 0                  
| Use of PCKMUX_TEST          | 0        | 12            | 0                  
| Use of PLLMRMUX_TEST        | 0        | 6             | 0                  
| Use of PLLREFMUX_TEST       | 0        | 6             | 0                  
| Use of PPLL                 | 0        | 6             | 0                  
| Use of PREGMUXC_TEST        | 0        | 4             | 0                  
| Use of PREGMUXLR_TEST       | 0        | 6             | 0                  
| Use of RCKB                 | 0        | 24            | 0                  
|  RCKB dataused              | 0        | 24            | 0                  
| Use of RCKMUX_TEST          | 0        | 6             | 0                  
| Use of SCANCHAIN            | 1        | 1             | 100                
| Use of SCKMUX_TEST          | 0        | 12            | 0                  
| Use of SFB                  | 0        | 2225          | 0                  
| Use of SPAD                 | 0        | 8             | 0                  
| Use of TSERDES              | 0        | 48            | 0                  
| Use of USCM                 | 2        | 32            | 7                  
|  USCM dataused              | 0        | 32            | 0                  
| Use of USCMMUX_TEST         | 0        | 32            | 0                  
+------------------------------------------------------------------------------+

Finished routing.
Design 'hdmi_loop' has been placed and routed successfully.
Saving design to DB.
Finished placement and routing.
Action pnr: Real time elapsed is 0h:0m:39s
Action pnr: CPU time elapsed is 0h:0m:35s
Action pnr: Process CPU time elapsed is 0h:0m:37s
Current time: Fri Aug 11 17:00:35 2023
Action pnr: Peak memory pool usage is 1,175 MB
