#Build: Fabric Compiler 2025.2, Build 211867, Jan 16 16:10 2026
#Install: E:\work\pango\PDS_2025.2-ads\bin
#Application name: pds_shell.exe
#OS: Windows 11 10.0.26200
#CPU: Unknown
#RAM(GB): 32
#Hostname: dionirpyC
#Generated by Fabric Compiler (version 2025.2 build 211867) at Tue Sep 22 18:03:17 2026
Parameters for debugging are loaded as follows:
License checkout: fabric_ads from E:/work/pango/PDS_2025.2-ads/new_pds_F4A80DA47D72.lic
Compiling verification operator library.
Compiling vendor parameter file.
Compiling common defs.
Loading technology operator library.
Compiling technology operator library.
Compiling technology operator (valence) library.
Reading design from compile DB
Elaborate the liberty model.
I: Multithreading enabled for Timing using a maximum of 4 processes.
Reading design from compile DB successfully.
Constraint check start.
Compiling prim grid devices.
Building architecture model.
Loading device packaging model.
Building architecture floorplan logic view.
W: ConstraintEditor-4040: [E:/code/PangoWork/Works/i2c/Constraints/io/key.fdc(line number: 2)] Port p:key_in[0] has been placed at location K18, whose type is share pin.
W: ConstraintEditor-4040: [E:/code/PangoWork/Works/i2c/Constraints/io/clk.fdc(line number: 8)] Port p:sys_rst_n has been placed at location AB13, whose type is share pin.
W: ConstraintEditor-4040: [E:/code/PangoWork/Works/i2c/Constraints/io/key.fdc(line number: 22)] Port p:key_in[5] has been placed at location J19, whose type is share pin.
W: ConstraintEditor-4040: [E:/code/PangoWork/Works/i2c/Constraints/io/key.fdc(line number: 26)] Port p:key_in[6] has been placed at location H20, whose type is share pin.
W: ConstraintEditor-4042: Port 'p:eeprom_i2c_scl' lacks attribute 'PAP_IO_DRIVE', it's better to set the attribute for port.
W: ConstraintEditor-4042: Port 'p:eeprom_i2c_scl' lacks attribute 'PAP_IO_SLEW', it's better to set the attribute for port.
W: ConstraintEditor-4042: Port 'p:eeprom_i2c_sda' lacks attribute 'PAP_IO_DRIVE', it's better to set the attribute for port.
W: ConstraintEditor-4042: Port 'p:eeprom_i2c_sda' lacks attribute 'PAP_IO_SLEW', it's better to set the attribute for port.
W: ConstraintEditor-4042: Port 'p:key_in[0]' lacks attribute 'BUS_KEEPER', it's better to set the attribute for port.
W: ConstraintEditor-4042: Port 'p:key_in[1]' lacks attribute 'BUS_KEEPER', it's better to set the attribute for port.
W: ConstraintEditor-4042: Port 'p:key_in[2]' lacks attribute 'BUS_KEEPER', it's better to set the attribute for port.
W: ConstraintEditor-4042: Port 'p:key_in[3]' lacks attribute 'BUS_KEEPER', it's better to set the attribute for port.
W: ConstraintEditor-4042: Port 'p:key_in[4]' lacks attribute 'BUS_KEEPER', it's better to set the attribute for port.
W: ConstraintEditor-4042: Port 'p:key_in[5]' lacks attribute 'BUS_KEEPER', it's better to set the attribute for port.
W: ConstraintEditor-4042: Port 'p:key_in[6]' lacks attribute 'BUS_KEEPER', it's better to set the attribute for port.
W: ConstraintEditor-4042: Port 'p:key_in[7]' lacks attribute 'BUS_KEEPER', it's better to set the attribute for port.
W: ConstraintEditor-4042: Port 'p:led_out[0]' lacks attribute 'PAP_IO_DRIVE', it's better to set the attribute for port.
W: ConstraintEditor-4042: Port 'p:led_out[0]' lacks attribute 'PAP_IO_SLEW', it's better to set the attribute for port.
W: ConstraintEditor-4042: Port 'p:led_out[0]' lacks attribute 'BUS_KEEPER', it's better to set the attribute for port.
W: ConstraintEditor-4042: Port 'p:led_out[1]' lacks attribute 'PAP_IO_DRIVE', it's better to set the attribute for port.
W: ConstraintEditor-4042: Port 'p:led_out[1]' lacks attribute 'PAP_IO_SLEW', it's better to set the attribute for port.
W: ConstraintEditor-4042: Port 'p:led_out[1]' lacks attribute 'BUS_KEEPER', it's better to set the attribute for port.
W: ConstraintEditor-4042: Port 'p:led_out[2]' lacks attribute 'PAP_IO_DRIVE', it's better to set the attribute for port.
W: ConstraintEditor-4042: Port 'p:led_out[2]' lacks attribute 'PAP_IO_SLEW', it's better to set the attribute for port.
W: ConstraintEditor-4042: Port 'p:led_out[2]' lacks attribute 'BUS_KEEPER', it's better to set the attribute for port.
W: ConstraintEditor-4042: Port 'p:led_out[3]' lacks attribute 'PAP_IO_DRIVE', it's better to set the attribute for port.
W: ConstraintEditor-4042: Port 'p:led_out[3]' lacks attribute 'PAP_IO_SLEW', it's better to set the attribute for port.
W: ConstraintEditor-4042: Port 'p:led_out[3]' lacks attribute 'BUS_KEEPER', it's better to set the attribute for port.
W: ConstraintEditor-4042: Port 'p:led_out[4]' lacks attribute 'PAP_IO_DRIVE', it's better to set the attribute for port.
W: ConstraintEditor-4042: Port 'p:led_out[4]' lacks attribute 'PAP_IO_SLEW', it's better to set the attribute for port.
W: ConstraintEditor-4042: Port 'p:led_out[4]' lacks attribute 'BUS_KEEPER', it's better to set the attribute for port.
W: ConstraintEditor-4042: Port 'p:led_out[5]' lacks attribute 'PAP_IO_DRIVE', it's better to set the attribute for port.
W: ConstraintEditor-4042: Port 'p:led_out[5]' lacks attribute 'PAP_IO_SLEW', it's better to set the attribute for port.
W: ConstraintEditor-4042: Port 'p:led_out[5]' lacks attribute 'BUS_KEEPER', it's better to set the attribute for port.
W: ConstraintEditor-4042: Port 'p:led_out[6]' lacks attribute 'PAP_IO_DRIVE', it's better to set the attribute for port.
W: ConstraintEditor-4042: Port 'p:led_out[6]' lacks attribute 'PAP_IO_SLEW', it's better to set the attribute for port.
W: ConstraintEditor-4042: Port 'p:led_out[6]' lacks attribute 'BUS_KEEPER', it's better to set the attribute for port.
W: ConstraintEditor-4042: Port 'p:led_out[7]' lacks attribute 'PAP_IO_DRIVE', it's better to set the attribute for port.
W: ConstraintEditor-4042: Port 'p:led_out[7]' lacks attribute 'PAP_IO_SLEW', it's better to set the attribute for port.
W: ConstraintEditor-4042: Port 'p:led_out[7]' lacks attribute 'BUS_KEEPER', it's better to set the attribute for port.
Found 0 error(s), 0 critical warning(s), 40 warning(s), out of 86 constraint(s), you can contact with E:/code/PangoWork/Works/i2c/prj_tasks/syn_1/synthesize/constraint_check.ccr for more detail information.
Constraint check end.
Total time(hh:mm:ss) of constraint check : 00:00:01
C: SDC-2025: Clock source 'n:u_key/clk_detect' need a clock constraint, please use 'create_clock' or 'create_generate_clock' to generate.
C: SDC-2025: Clock source 'n:i2c_clk_1mhz' need a clock constraint, please use 'create_clock' or 'create_generate_clock' to generate.
Start pre-mapping.
W: Adm-4083: [E:/code/PangoWork/Works/i2c/Designs/i2c_eeprom_top.v(line number: 88)] Removed bmsWIDEDFFCPE inst led_data[7:0] at 1 that is stuck at constant 0.
W: Adm-4083: [E:/code/PangoWork/Works/i2c/Designs/i2c_eeprom_top.v(line number: 88)] Removed bmsWIDEDFFCPE inst led_data[7:0] at 2 that is stuck at constant 0.
W: Adm-4083: [E:/code/PangoWork/Works/i2c/Designs/i2c_eeprom_top.v(line number: 88)] Removed bmsWIDEDFFCPE inst led_data[7:0] at 3 that is stuck at constant 0.
W: Adm-4083: [E:/code/PangoWork/Works/i2c/Designs/i2c_eeprom_top.v(line number: 88)] Removed bmsWIDEDFFCPE inst led_data[7:0] at 4 that is stuck at constant 0.
W: Adm-4083: [E:/code/PangoWork/Works/i2c/Designs/i2c_eeprom_top.v(line number: 88)] Removed bmsWIDEDFFCPE inst led_data[7:0] at 5 that is stuck at constant 0.
W: Adm-4083: [E:/code/PangoWork/Works/i2c/Designs/i2c_eeprom_top.v(line number: 88)] Removed bmsWIDEDFFCPE inst led_data[7:0] at 6 that is stuck at constant 0.
W: Adm-4083: [E:/code/PangoWork/Works/i2c/Designs/i2c_eeprom_top.v(line number: 88)] Removed bmsWIDEDFFCPE inst led_data[7:0] at 7 that is stuck at constant 0.
I: Constant propagation done on led_data[7:0] (bmsWIDEDFFCPE).
W: Adm-4083: [E:/code/PangoWork/Works/i2c/Designs/key/key.v(line number: 19)] Removed bmsWIDEDFFCPE inst cnt_detect[23:0] at 23 that is stuck at constant 0.
I: Constant propagation done on u_key/cnt_detect[23:0] (bmsWIDEDFFCPE).
W: Adm-4083: [E:/code/PangoWork/Works/i2c/Designs/led/led.v(line number: 10)] Removed bmsWIDEDFFCPE inst led_out[7:0] at 1 that is stuck at constant 0.
W: Adm-4083: [E:/code/PangoWork/Works/i2c/Designs/led/led.v(line number: 10)] Removed bmsWIDEDFFCPE inst led_out[7:0] at 2 that is stuck at constant 0.
W: Adm-4083: [E:/code/PangoWork/Works/i2c/Designs/led/led.v(line number: 10)] Removed bmsWIDEDFFCPE inst led_out[7:0] at 3 that is stuck at constant 0.
W: Adm-4083: [E:/code/PangoWork/Works/i2c/Designs/led/led.v(line number: 10)] Removed bmsWIDEDFFCPE inst led_out[7:0] at 4 that is stuck at constant 0.
W: Adm-4083: [E:/code/PangoWork/Works/i2c/Designs/led/led.v(line number: 10)] Removed bmsWIDEDFFCPE inst led_out[7:0] at 5 that is stuck at constant 0.
W: Adm-4083: [E:/code/PangoWork/Works/i2c/Designs/led/led.v(line number: 10)] Removed bmsWIDEDFFCPE inst led_out[7:0] at 6 that is stuck at constant 0.
W: Adm-4083: [E:/code/PangoWork/Works/i2c/Designs/led/led.v(line number: 10)] Removed bmsWIDEDFFCPE inst led_out[7:0] at 7 that is stuck at constant 0.
I: Constant propagation done on u_led/led_out[7:0] (bmsWIDEDFFCPE).
I: Encoding type of FSM 'state_fsm[3:0]' is: onehot.
I: Encoding table of FSM 'state_fsm[3:0]':
I: from  u_eeprom/state[3] u_eeprom/state[2] u_eeprom/state[1] u_eeprom/state[0]
I: to  u_eeprom/state_reg[15] u_eeprom/state_reg[14] u_eeprom/state_reg[13] u_eeprom/state_reg[12] u_eeprom/state_reg[11] u_eeprom/state_reg[10] u_eeprom/state_reg[9] u_eeprom/state_reg[8] u_eeprom/state_reg[7] u_eeprom/state_reg[6] u_eeprom/state_reg[5] u_eeprom/state_reg[4] u_eeprom/state_reg[3] u_eeprom/state_reg[2] u_eeprom/state_reg[1] u_eeprom/state_reg[0]
I: 0000 => 0000000000000001
I: 0001 => 0000000000000010
I: 0010 => 0000000000000100
I: 0011 => 0000000000001000
I: 0100 => 0000000000010000
I: 0101 => 0000000000100000
I: 0110 => 0000000001000000
I: 0111 => 0000000010000000
I: 1000 => 0000000100000000
I: 1001 => 0000001000000000
I: 1010 => 0000010000000000
I: 1011 => 0000100000000000
I: 1100 => 0001000000000000
I: 1101 => 0010000000000000
I: 1110 => 0100000000000000
I: 1111 => 1000000000000000
I: Constant propagation done on u_eeprom/state_fsm[3:0]_5 (bmsREDAND).
I: Constant propagation done on u_eeprom/state_fsm[3:0]_8 (bmsREDAND).
I: Constant propagation done on u_eeprom/state_fsm[3:0]_9 (bmsREDAND).
I: Constant propagation done on u_eeprom/state_fsm[3:0]_11 (bmsREDOR).
Executing : pre-mapping successfully. Time elapsed: 0.022s wall, 0.078s user + 0.000s system = 0.078s CPU (362.7%). Peak memory used: 249 MB.

Start mod-gen.
W: DRC-4010: [E:/code/PangoWork/Works/i2c/Designs/i2c/i2c.v(line number: 21)] The internal tri-state buffer(u_eeprom/sda_tri) driving net 'i2c_sda' is reduced to net GND.
W: Adm-4082: [E:/code/PangoWork/Works/i2c/Designs/i2c/i2c.v(line number: 289)] Removed GTP_DLATCH inst u_eeprom/rd_data_reg[0] that is stuck at constant 0.
W: Adm-4082: [E:/code/PangoWork/Works/i2c/Designs/i2c/i2c.v(line number: 363)] Removed bmsWIDEDFFCPE inst u_eeprom/rd_data that is stuck at constant 0.
W: Adm-4083: [E:/code/PangoWork/Works/i2c/Designs/i2c_eeprom_top.v(line number: 88)] Removed bmsWIDEDFFCPE inst led_data[7:0] at 0 that is stuck at constant 0.
W: Adm-4083: [E:/code/PangoWork/Works/i2c/Designs/led/led.v(line number: 10)] Removed bmsWIDEDFFCPE inst u_led/led_out[7:0] at 0 that is stuck at constant 0.
W: Public-4008: [E:/code/PangoWork/Works/i2c/Designs/i2c_eeprom_top.v(line number: 102)] Instance 'eeprom_rd_en' of 'bmsWIDEDFFCPE' unit is dangling and will be cleaned.
W: Public-4008: [E:/code/PangoWork/Works/i2c/Designs/i2c_eeprom_top.v(line number: 102)] Instance 'eeprom_wr_en' of 'bmsWIDEDFFCPE' unit is dangling and will be cleaned.
W: Public-4008: [E:/code/PangoWork/Works/i2c/Designs/i2c_eeprom_top.v(line number: 37)] Instance 'i2c_clk_1mhz' of 'bmsWIDEDFFCPE' unit is dangling and will be cleaned.
W: Public-4008: [E:/code/PangoWork/Works/i2c/Designs/i2c_eeprom_top.v(line number: 37)] Instance 'i2c_clk_cnt[4:0]' of 'bmsWIDEDFFCPE' unit is dangling and will be cleaned.
W: Public-4008: [E:/code/PangoWork/Works/i2c/Designs/i2c_eeprom_top.v(line number: 102)] Instance 'i2c_start' of 'bmsWIDEDFFCPE' unit is dangling and will be cleaned.
W: Public-4008: [E:/code/PangoWork/Works/i2c/Designs/i2c/i2c.v(line number: 74)] Instance 'u_eeprom/scl_cnt[1:0]' of 'bmsWIDEDFFCPE' unit is dangling and will be cleaned.
W: Public-4008: [E:/code/PangoWork/Works/i2c/Designs/i2c/i2c.v(line number: 109)] Instance 'u_eeprom/state_reg' of 'bmsWIDEDFFPATCE' unit is dangling and will be cleaned.
W: Public-4008: [E:/code/PangoWork/Works/i2c/Designs/key/key.v(line number: 19)] Instance 'u_key/clk_detect' of 'bmsWIDEDFFCPE' unit is dangling and will be cleaned.
W: Public-4008: [E:/code/PangoWork/Works/i2c/Designs/key/key.v(line number: 19)] Instance 'u_key/cnt_detect[23:0]' of 'bmsWIDEDFFCPE' unit is dangling and will be cleaned.
W: Public-4008: [E:/code/PangoWork/Works/i2c/Designs/i2c/i2c.v(line number: 231)] Instance 'u_eeprom/ack' of 'GTP_DLATCH_P' unit is dangling and will be cleaned.
W: Public-4008: [E:/code/PangoWork/Works/i2c/Designs/key/key.v(line number: 36)] Instance 'u_key/key_data[7:0]' of 'bmsWIDEDFFCPE' unit is dangling and will be cleaned.
W: Public-4008: [E:/code/PangoWork/Works/i2c/Designs/i2c/i2c.v(line number: 88)] Instance 'u_eeprom/bit_cnt[2:0]' of 'bmsWIDEDFFCPE' unit is dangling and will be cleaned.
W: Public-4008: [E:/code/PangoWork/Works/i2c/Designs/i2c/i2c.v(line number: 62)] Instance 'u_eeprom/i2c_enable' of 'bmsWIDEDFFCPE' unit is dangling and will be cleaned.
Executing : mod-gen successfully. Time elapsed: 0.053s wall, 0.016s user + 0.031s system = 0.047s CPU (88.4%). Peak memory used: 270 MB.

Start logic-optimization.
Executing : logic-optimization successfully. Time elapsed: 0.009s wall, 0.016s user + 0.000s system = 0.016s CPU (178.6%). Peak memory used: 277 MB.

Start tech-mapping phase 1.
Executing : tech-mapping phase 1 successfully. Time elapsed: 0.000s wall, 0.000s user + 0.000s system = 0.000s CPU (n/a%). Peak memory used: 277 MB.

Start tech-mapping phase 2.
Executing : tech-mapping phase 2 successfully. Time elapsed: 0.003s wall, 0.000s user + 0.000s system = 0.000s CPU (n/a%). Peak memory used: 277 MB.

Start tech-optimization.
Executing : tech-optimization successfully. Time elapsed: 0.003s wall, 0.000s user + 0.000s system = 0.000s CPU (n/a%). Peak memory used: 277 MB.

Start phys-optimization.
Executing : phys-optimization successfully. Time elapsed: 0.000s wall, 0.000s user + 0.000s system = 0.000s CPU (n/a%). Peak memory used: 277 MB.

Start restore-hierarchy.
Executing : restore-hierarchy successfully. Time elapsed: 0.000s wall, 0.000s user + 0.000s system = 0.000s CPU (n/a%). Peak memory used: 277 MB.


Cell Usage:
GTP_GRS                       1 use

I/O ports: 20
GTP_INBUF                  10 uses
GTP_IOBUF                   1 use
GTP_OUTBUF                  8 uses
GTP_OUTBUFT                 1 use

Mapping Summary:
Total LUTs: 0 of 42800 (0.00%)
	LUTs as dram: 0 of 17000 (0.00%)
	LUTs as logic: 0
Total Registers: 0 of 64200 (0.00%)
Total Latches: 0

DRM18K:
Total DRM18Ks = 0.0 of 134 (0.00%)

APM:
Total APMs = 0.00 of 84 (0.00%)

Total I/O ports = 20 of 296 (6.76%)


Overview of Control Sets:

Number of unique control sets : 0

Histogram:
*************************************************************
  Fanout     | Count    | Sync Set/Reset    Async Set/Reset
-------------------------------------------------------------
  [0, Inf)   | 0        | 0                 0
-------------------------------------------------------------
  The maximum fanout: 0
=============================================================

Flip-Flop Distribution:
************************************************************************
  Clock Enable    Sync Set/Reset    Async Set/Reset    Total Registers
------------------------------------------------------------------------
  NO              NO                NO                 0
  NO              NO                YES                0
  NO              YES               NO                 0
  YES             NO                NO                 0
  YES             NO                YES                0
  YES             YES               NO                 0
========================================================================

Latch Distribution:
************************************************
  Gate Enable    Preset/Clear    Total Latches
************************************************
  NO             NO              0
  NO             YES             0
  YES            NO              0
  YES            YES             0
************************************************

Design 'i2c_eeprom_top' has been successfully synthesized to architecture-specific objects.
C: SDC-2030: [E:/code/PangoWork/Works/i2c/Constraints/clock/clocks.fdc(line number: 5)] Source of the clock 'pll_clk_50mhz' cannot be found, it may have been optimized.
Saving design to DB.
Action Synthesize: Export DB successfully.
Saving design to i2c_eeprom_top_syn.vm
Constructing timing graph ...
Timing graph has been constructed successfully
C: STA-3009: The clock sys_clk_50mhz is not connected to any clock endpoints,it will be treated as a normal port or pin.
C: STA-3009: The clock pll_clk_50mhz is not connected to any clock endpoints,it will be treated as a normal port or pin.
W: Timing-4087: Port 'eeprom_i2c_sda' is not constrained, it is treated as combinational output.
W: Timing-4087: Port 'eeprom_i2c_scl' is not constrained, it is treated as combinational output.
W: Timing-4087: Port 'led_out[0]' is not constrained, it is treated as combinational output.
W: Timing-4087: Port 'led_out[1]' is not constrained, it is treated as combinational output.
W: Timing-4087: Port 'led_out[2]' is not constrained, it is treated as combinational output.
W: Timing-4087: Port 'led_out[3]' is not constrained, it is treated as combinational output.
W: Timing-4087: Port 'led_out[4]' is not constrained, it is treated as combinational output.
W: Timing-4087: Port 'led_out[5]' is not constrained, it is treated as combinational output.
W: Timing-4087: Port 'led_out[6]' is not constrained, it is treated as combinational output.
W: Timing-4087: Port 'led_out[7]' is not constrained, it is treated as combinational output.
Action synthesize: Real time elapsed is 0h:0m:4s
Action synthesize: CPU time elapsed is 0h:0m:2s
Action synthesize: Process CPU time elapsed is 0h:0m:2s
Action synthesize: Peak memory pool usage is 277 MB

Current time: Tue Sep 22 18:03:19 2026
