#Build: Fabric Compiler 2025.2, Build 211867, Jan 16 16:10 2026
#Install: E:\work\pango\PDS_2025.2-ads\bin
#Application name: pds_shell.exe
#OS: Windows 11 10.0.26200
#CPU: Unknown
#RAM(GB): 32
#Hostname: dionirpyC
#Generated by Fabric Compiler (version 2025.2 build 211867) at Fri Sep 25 16:39:35 2026
Parameters for debugging are loaded as follows:
License checkout: fabric_ads from E:/work/pango/PDS_2025.2-ads/new_pds_F4A80DA47D72.lic
Compiling verification operator library.
Compiling vendor parameter file.
Compiling common defs.
Loading technology operator library.
Compiling technology operator library.
Compiling technology operator (valence) library.
Reading design from compile DB
Elaborate the liberty model.
I: Multithreading enabled for Timing using a maximum of 4 processes.
Reading design from compile DB successfully.
Constraint check start.
Compiling prim grid devices.
Building architecture model.
Loading device packaging model.
Building architecture floorplan logic view.
W: ConstraintEditor-4040: [E:/code/PangoWork/Works/cboard_imu/Constraints/io/clk.fdc(line number: 8)] Port p:sys_rst_n has been placed at location AB13, whose type is share pin.
W: ConstraintEditor-4040: [E:/code/PangoWork/Works/cboard_imu/Constraints/io/cboard_imu.fdc(line number: 8)] Port p:sys_uart_tx has been placed at location AB5, whose type is share pin.
W: ConstraintEditor-4042: Port 'p:sys_led[0]' lacks attribute 'PAP_IO_DRIVE', it's better to set the attribute for port.
W: ConstraintEditor-4042: Port 'p:sys_led[0]' lacks attribute 'PAP_IO_SLEW', it's better to set the attribute for port.
W: ConstraintEditor-4042: Port 'p:sys_led[0]' lacks attribute 'BUS_KEEPER', it's better to set the attribute for port.
W: ConstraintEditor-4042: Port 'p:sys_led[1]' lacks attribute 'PAP_IO_DRIVE', it's better to set the attribute for port.
W: ConstraintEditor-4042: Port 'p:sys_led[1]' lacks attribute 'PAP_IO_SLEW', it's better to set the attribute for port.
W: ConstraintEditor-4042: Port 'p:sys_led[1]' lacks attribute 'BUS_KEEPER', it's better to set the attribute for port.
W: ConstraintEditor-4042: Port 'p:sys_led[2]' lacks attribute 'PAP_IO_DRIVE', it's better to set the attribute for port.
W: ConstraintEditor-4042: Port 'p:sys_led[2]' lacks attribute 'PAP_IO_SLEW', it's better to set the attribute for port.
W: ConstraintEditor-4042: Port 'p:sys_led[2]' lacks attribute 'BUS_KEEPER', it's better to set the attribute for port.
W: ConstraintEditor-4042: Port 'p:sys_led[3]' lacks attribute 'PAP_IO_DRIVE', it's better to set the attribute for port.
W: ConstraintEditor-4042: Port 'p:sys_led[3]' lacks attribute 'PAP_IO_SLEW', it's better to set the attribute for port.
W: ConstraintEditor-4042: Port 'p:sys_led[3]' lacks attribute 'BUS_KEEPER', it's better to set the attribute for port.
W: ConstraintEditor-4042: Port 'p:sys_led[4]' lacks attribute 'PAP_IO_DRIVE', it's better to set the attribute for port.
W: ConstraintEditor-4042: Port 'p:sys_led[4]' lacks attribute 'PAP_IO_SLEW', it's better to set the attribute for port.
W: ConstraintEditor-4042: Port 'p:sys_led[4]' lacks attribute 'BUS_KEEPER', it's better to set the attribute for port.
W: ConstraintEditor-4042: Port 'p:sys_led[5]' lacks attribute 'PAP_IO_DRIVE', it's better to set the attribute for port.
W: ConstraintEditor-4042: Port 'p:sys_led[5]' lacks attribute 'PAP_IO_SLEW', it's better to set the attribute for port.
W: ConstraintEditor-4042: Port 'p:sys_led[5]' lacks attribute 'BUS_KEEPER', it's better to set the attribute for port.
W: ConstraintEditor-4042: Port 'p:sys_led[6]' lacks attribute 'PAP_IO_DRIVE', it's better to set the attribute for port.
W: ConstraintEditor-4042: Port 'p:sys_led[6]' lacks attribute 'PAP_IO_SLEW', it's better to set the attribute for port.
W: ConstraintEditor-4042: Port 'p:sys_led[6]' lacks attribute 'BUS_KEEPER', it's better to set the attribute for port.
W: ConstraintEditor-4042: Port 'p:sys_led[7]' lacks attribute 'PAP_IO_DRIVE', it's better to set the attribute for port.
W: ConstraintEditor-4042: Port 'p:sys_led[7]' lacks attribute 'PAP_IO_SLEW', it's better to set the attribute for port.
W: ConstraintEditor-4042: Port 'p:sys_led[7]' lacks attribute 'BUS_KEEPER', it's better to set the attribute for port.
W: ConstraintEditor-4042: Port 'p:sys_uart_tx' lacks attribute 'PAP_IO_DRIVE', it's better to set the attribute for port.
W: ConstraintEditor-4042: Port 'p:sys_uart_tx' lacks attribute 'PAP_IO_SLEW', it's better to set the attribute for port.
Found 0 error(s), 0 critical warning(s), 28 warning(s), out of 55 constraint(s), you can contact with E:/code/PangoWork/Works/cboard_imu/prj_tasks/syn_1/synthesize/constraint_check.ccr for more detail information.
Constraint check end.
Total time(hh:mm:ss) of constraint check : 00:00:01
Start pre-mapping.
W: Adm-4083: [E:/code/PangoWork/Works/cboard_imu/Designs/hardware/led/led.v(line number: 14)] Removed bmsWIDEDFFCPE inst sys_led[7:0] at 0 that is stuck at constant 0.
W: Adm-4083: [E:/code/PangoWork/Works/cboard_imu/Designs/hardware/led/led.v(line number: 14)] Removed bmsWIDEDFFCPE inst sys_led[7:0] at 1 that is stuck at constant 0.
W: Adm-4083: [E:/code/PangoWork/Works/cboard_imu/Designs/hardware/led/led.v(line number: 14)] Removed bmsWIDEDFFCPE inst sys_led[7:0] at 2 that is stuck at constant 0.
W: Adm-4083: [E:/code/PangoWork/Works/cboard_imu/Designs/hardware/led/led.v(line number: 14)] Removed bmsWIDEDFFCPE inst sys_led[7:0] at 3 that is stuck at constant 0.
W: Adm-4083: [E:/code/PangoWork/Works/cboard_imu/Designs/hardware/led/led.v(line number: 14)] Removed bmsWIDEDFFCPE inst sys_led[7:0] at 4 that is stuck at constant 0.
W: Adm-4083: [E:/code/PangoWork/Works/cboard_imu/Designs/hardware/led/led.v(line number: 14)] Removed bmsWIDEDFFCPE inst sys_led[7:0] at 5 that is stuck at constant 0.
I: Constant propagation done on u_led/sys_led[7:0] (bmsWIDEDFFCPE).
I: Encoding type of FSM 'current_state_fsm[2:0]' is: original.
I: Encoding table of FSM 'current_state_fsm[2:0]':
I: from  u_uart_rx/current_state[2] u_uart_rx/current_state[1] u_uart_rx/current_state[0]
I: to  u_uart_rx/current_state_reg[2] u_uart_rx/current_state_reg[1] u_uart_rx/current_state_reg[0]
I: 000 => 000
I: 001 => 001
I: 010 => 010
I: 100 => 100
I: Encoding type of FSM 'current_state_fsm[2:0]' is: original.
I: Encoding table of FSM 'current_state_fsm[2:0]':
I: from  u_uart_tx/current_state[2] u_uart_tx/current_state[1] u_uart_tx/current_state[0]
I: to  u_uart_tx/current_state_reg[2] u_uart_tx/current_state_reg[1] u_uart_tx/current_state_reg[0]
I: 000 => 000
I: 001 => 001
I: 010 => 010
I: 100 => 100
I: Constant propagation done on u_uart_rx/N45 (bmsREDOR).
I: Constant propagation done on u_uart_rx/N197 (bmsREDAND).
I: Constant propagation done on u_uart_rx/N228 (bmsREDOR).
I: Constant propagation done on u_uart_rx/N242 (bmsREDOR).
I: Constant propagation done on u_uart_rx/N259 (bmsREDAND).
I: Constant propagation done on u_uart_rx/N271 (bmsREDOR).
I: Constant propagation done on u_uart_rx/N272 (bmsREDOR).
I: Constant propagation done on u_uart_rx/N199 (bmsREDOR).
I: Constant propagation done on u_uart_rx/N201 (bmsPMUX).
W: Public-4008: [E:/code/PangoWork/Works/cboard_imu/Designs/drivers/uart/uart_tx.v(line number: 98)] Instance 'u_uart_tx/parity_bit' of 'bmsWIDEDFFCPE' unit is dangling and will be cleaned.
W: Adm-4082: [E:/code/PangoWork/Works/cboard_imu/Designs/drivers/uart/uart_rx.v(line number: 116)] Removed bmsWIDEDFFCPE inst parity_error that is stuck at constant 0.
Executing : pre-mapping successfully. Time elapsed: 0.030s wall, 0.016s user + 0.016s system = 0.031s CPU (103.0%). Peak memory used: 252 MB.

Start mod-gen.
W: Adm-4083: [E:/code/PangoWork/Works/cboard_imu/Designs/drivers/uart/uart_tx.v(line number: 98)] Removed bmsWIDEDFFCPE inst u_uart_tx/clk_count[31:0] at 4 that is stuck at constant 0.
W: Adm-4083: [E:/code/PangoWork/Works/cboard_imu/Designs/drivers/uart/uart_tx.v(line number: 98)] Removed bmsWIDEDFFCPE inst u_uart_tx/clk_count[31:0] at 5 that is stuck at constant 0.
W: Adm-4083: [E:/code/PangoWork/Works/cboard_imu/Designs/drivers/uart/uart_tx.v(line number: 98)] Removed bmsWIDEDFFCPE inst u_uart_tx/clk_count[31:0] at 6 that is stuck at constant 0.
W: Adm-4083: [E:/code/PangoWork/Works/cboard_imu/Designs/drivers/uart/uart_tx.v(line number: 98)] Removed bmsWIDEDFFCPE inst u_uart_tx/clk_count[31:0] at 7 that is stuck at constant 0.
W: Adm-4083: [E:/code/PangoWork/Works/cboard_imu/Designs/drivers/uart/uart_tx.v(line number: 98)] Removed bmsWIDEDFFCPE inst u_uart_tx/clk_count[31:0] at 8 that is stuck at constant 0.
W: Adm-4083: [E:/code/PangoWork/Works/cboard_imu/Designs/drivers/uart/uart_tx.v(line number: 98)] Removed bmsWIDEDFFCPE inst u_uart_tx/clk_count[31:0] at 9 that is stuck at constant 0.
W: Adm-4083: [E:/code/PangoWork/Works/cboard_imu/Designs/drivers/uart/uart_tx.v(line number: 98)] Removed bmsWIDEDFFCPE inst u_uart_tx/clk_count[31:0] at 10 that is stuck at constant 0.
W: Adm-4083: [E:/code/PangoWork/Works/cboard_imu/Designs/drivers/uart/uart_tx.v(line number: 98)] Removed bmsWIDEDFFCPE inst u_uart_tx/clk_count[31:0] at 11 that is stuck at constant 0.
W: Adm-4083: [E:/code/PangoWork/Works/cboard_imu/Designs/drivers/uart/uart_tx.v(line number: 98)] Removed bmsWIDEDFFCPE inst u_uart_tx/clk_count[31:0] at 12 that is stuck at constant 0.
W: Adm-4083: [E:/code/PangoWork/Works/cboard_imu/Designs/drivers/uart/uart_tx.v(line number: 98)] Removed bmsWIDEDFFCPE inst u_uart_tx/clk_count[31:0] at 13 that is stuck at constant 0.
W: Adm-4083: [E:/code/PangoWork/Works/cboard_imu/Designs/drivers/uart/uart_tx.v(line number: 98)] Removed bmsWIDEDFFCPE inst u_uart_tx/clk_count[31:0] at 14 that is stuck at constant 0.
W: Adm-4083: [E:/code/PangoWork/Works/cboard_imu/Designs/drivers/uart/uart_tx.v(line number: 98)] Removed bmsWIDEDFFCPE inst u_uart_tx/clk_count[31:0] at 15 that is stuck at constant 0.
W: Adm-4083: [E:/code/PangoWork/Works/cboard_imu/Designs/drivers/uart/uart_tx.v(line number: 98)] Removed bmsWIDEDFFCPE inst u_uart_tx/clk_count[31:0] at 16 that is stuck at constant 0.
W: Adm-4083: [E:/code/PangoWork/Works/cboard_imu/Designs/drivers/uart/uart_tx.v(line number: 98)] Removed bmsWIDEDFFCPE inst u_uart_tx/clk_count[31:0] at 17 that is stuck at constant 0.
W: Adm-4083: [E:/code/PangoWork/Works/cboard_imu/Designs/drivers/uart/uart_tx.v(line number: 98)] Removed bmsWIDEDFFCPE inst u_uart_tx/clk_count[31:0] at 18 that is stuck at constant 0.
W: Adm-4083: [E:/code/PangoWork/Works/cboard_imu/Designs/drivers/uart/uart_tx.v(line number: 98)] Removed bmsWIDEDFFCPE inst u_uart_tx/clk_count[31:0] at 19 that is stuck at constant 0.
W: Adm-4083: [E:/code/PangoWork/Works/cboard_imu/Designs/drivers/uart/uart_tx.v(line number: 98)] Removed bmsWIDEDFFCPE inst u_uart_tx/clk_count[31:0] at 20 that is stuck at constant 0.
W: Adm-4083: [E:/code/PangoWork/Works/cboard_imu/Designs/drivers/uart/uart_tx.v(line number: 98)] Removed bmsWIDEDFFCPE inst u_uart_tx/clk_count[31:0] at 21 that is stuck at constant 0.
W: Adm-4083: [E:/code/PangoWork/Works/cboard_imu/Designs/drivers/uart/uart_tx.v(line number: 98)] Removed bmsWIDEDFFCPE inst u_uart_tx/clk_count[31:0] at 22 that is stuck at constant 0.
W: Adm-4083: [E:/code/PangoWork/Works/cboard_imu/Designs/drivers/uart/uart_tx.v(line number: 98)] Removed bmsWIDEDFFCPE inst u_uart_tx/clk_count[31:0] at 23 that is stuck at constant 0.
W: Adm-4083: [E:/code/PangoWork/Works/cboard_imu/Designs/drivers/uart/uart_tx.v(line number: 98)] Removed bmsWIDEDFFCPE inst u_uart_tx/clk_count[31:0] at 24 that is stuck at constant 0.
W: Adm-4083: [E:/code/PangoWork/Works/cboard_imu/Designs/drivers/uart/uart_tx.v(line number: 98)] Removed bmsWIDEDFFCPE inst u_uart_tx/clk_count[31:0] at 25 that is stuck at constant 0.
W: Adm-4083: [E:/code/PangoWork/Works/cboard_imu/Designs/drivers/uart/uart_tx.v(line number: 98)] Removed bmsWIDEDFFCPE inst u_uart_tx/clk_count[31:0] at 26 that is stuck at constant 0.
W: Adm-4083: [E:/code/PangoWork/Works/cboard_imu/Designs/drivers/uart/uart_tx.v(line number: 98)] Removed bmsWIDEDFFCPE inst u_uart_tx/clk_count[31:0] at 27 that is stuck at constant 0.
W: Adm-4083: [E:/code/PangoWork/Works/cboard_imu/Designs/drivers/uart/uart_tx.v(line number: 98)] Removed bmsWIDEDFFCPE inst u_uart_tx/clk_count[31:0] at 28 that is stuck at constant 0.
W: Adm-4083: [E:/code/PangoWork/Works/cboard_imu/Designs/drivers/uart/uart_tx.v(line number: 98)] Removed bmsWIDEDFFCPE inst u_uart_tx/clk_count[31:0] at 29 that is stuck at constant 0.
W: Adm-4083: [E:/code/PangoWork/Works/cboard_imu/Designs/drivers/uart/uart_tx.v(line number: 98)] Removed bmsWIDEDFFCPE inst u_uart_tx/clk_count[31:0] at 30 that is stuck at constant 0.
W: Adm-4083: [E:/code/PangoWork/Works/cboard_imu/Designs/drivers/uart/uart_tx.v(line number: 98)] Removed bmsWIDEDFFCPE inst u_uart_tx/clk_count[31:0] at 31 that is stuck at constant 0.
W: Adm-4082: [E:/code/PangoWork/Works/cboard_imu/Designs/drivers/uart/uart_rx.v(line number: 116)] Removed bmsWIDEDFFCPE inst u_uart_rx/stop_index[0] that is stuck at constant 0.
W: Adm-4082: [E:/code/PangoWork/Works/cboard_imu/Designs/drivers/uart/uart_tx.v(line number: 98)] Removed bmsWIDEDFFCPE inst u_uart_tx/stop_index[0] that is stuck at constant 0.
Executing : mod-gen successfully. Time elapsed: 0.131s wall, 0.141s user + 0.078s system = 0.219s CPU (167.1%). Peak memory used: 275 MB.

Start logic-optimization.
Executing : logic-optimization successfully. Time elapsed: 0.178s wall, 0.141s user + 0.031s system = 0.172s CPU (96.6%). Peak memory used: 290 MB.

Start tech-mapping phase 1.
W: Public-4008: [E:/code/PangoWork/Works/cboard_imu/Designs/drivers/uart/uart_tx.v(line number: 98)] Instance 'u_uart_tx/clk_count[17]' of 'bmsWIDEDFFCPE' unit is dangling and will be cleaned.
W: Public-4008: [E:/code/PangoWork/Works/cboard_imu/Designs/drivers/uart/uart_tx.v(line number: 98)] Instance 'u_uart_tx/clk_count[18]' of 'bmsWIDEDFFCPE' unit is dangling and will be cleaned.
W: Public-4008: [E:/code/PangoWork/Works/cboard_imu/Designs/drivers/uart/uart_tx.v(line number: 98)] Instance 'u_uart_tx/clk_count[19]' of 'bmsWIDEDFFCPE' unit is dangling and will be cleaned.
W: Public-4008: [E:/code/PangoWork/Works/cboard_imu/Designs/drivers/uart/uart_tx.v(line number: 98)] Instance 'u_uart_tx/clk_count[20]' of 'bmsWIDEDFFCPE' unit is dangling and will be cleaned.
W: Public-4008: [E:/code/PangoWork/Works/cboard_imu/Designs/drivers/uart/uart_tx.v(line number: 98)] Instance 'u_uart_tx/clk_count[21]' of 'bmsWIDEDFFCPE' unit is dangling and will be cleaned.
W: Public-4008: [E:/code/PangoWork/Works/cboard_imu/Designs/drivers/uart/uart_tx.v(line number: 98)] Instance 'u_uart_tx/clk_count[22]' of 'bmsWIDEDFFCPE' unit is dangling and will be cleaned.
W: Public-4008: [E:/code/PangoWork/Works/cboard_imu/Designs/drivers/uart/uart_tx.v(line number: 98)] Instance 'u_uart_tx/clk_count[23]' of 'bmsWIDEDFFCPE' unit is dangling and will be cleaned.
W: Public-4008: [E:/code/PangoWork/Works/cboard_imu/Designs/drivers/uart/uart_tx.v(line number: 98)] Instance 'u_uart_tx/clk_count[24]' of 'bmsWIDEDFFCPE' unit is dangling and will be cleaned.
W: Public-4008: [E:/code/PangoWork/Works/cboard_imu/Designs/drivers/uart/uart_tx.v(line number: 98)] Instance 'u_uart_tx/clk_count[25]' of 'bmsWIDEDFFCPE' unit is dangling and will be cleaned.
W: Public-4008: [E:/code/PangoWork/Works/cboard_imu/Designs/drivers/uart/uart_tx.v(line number: 98)] Instance 'u_uart_tx/clk_count[26]' of 'bmsWIDEDFFCPE' unit is dangling and will be cleaned.
W: Public-4008: [E:/code/PangoWork/Works/cboard_imu/Designs/drivers/uart/uart_tx.v(line number: 98)] Instance 'u_uart_tx/clk_count[27]' of 'bmsWIDEDFFCPE' unit is dangling and will be cleaned.
W: Public-4008: [E:/code/PangoWork/Works/cboard_imu/Designs/drivers/uart/uart_tx.v(line number: 98)] Instance 'u_uart_tx/clk_count[28]' of 'bmsWIDEDFFCPE' unit is dangling and will be cleaned.
W: Public-4008: [E:/code/PangoWork/Works/cboard_imu/Designs/drivers/uart/uart_tx.v(line number: 98)] Instance 'u_uart_tx/clk_count[29]' of 'bmsWIDEDFFCPE' unit is dangling and will be cleaned.
W: Public-4008: [E:/code/PangoWork/Works/cboard_imu/Designs/drivers/uart/uart_tx.v(line number: 98)] Instance 'u_uart_tx/clk_count[30]' of 'bmsWIDEDFFCPE' unit is dangling and will be cleaned.
W: Public-4008: [E:/code/PangoWork/Works/cboard_imu/Designs/drivers/uart/uart_tx.v(line number: 98)] Instance 'u_uart_tx/clk_count[31]' of 'bmsWIDEDFFCPE' unit is dangling and will be cleaned.
W: Public-4008: [E:/code/PangoWork/Works/cboard_imu/Designs/hardware/led/led.v(line number: 14)] Instance 'u_led/sys_led[0]' of 'bmsWIDEDFFCPE' unit is dangling and will be cleaned.
W: Public-4008: [E:/code/PangoWork/Works/cboard_imu/Designs/hardware/led/led.v(line number: 14)] Instance 'u_led/sys_led[1]' of 'bmsWIDEDFFCPE' unit is dangling and will be cleaned.
W: Public-4008: [E:/code/PangoWork/Works/cboard_imu/Designs/hardware/led/led.v(line number: 14)] Instance 'u_led/sys_led[2]' of 'bmsWIDEDFFCPE' unit is dangling and will be cleaned.
W: Public-4008: [E:/code/PangoWork/Works/cboard_imu/Designs/hardware/led/led.v(line number: 14)] Instance 'u_led/sys_led[3]' of 'bmsWIDEDFFCPE' unit is dangling and will be cleaned.
W: Public-4008: [E:/code/PangoWork/Works/cboard_imu/Designs/hardware/led/led.v(line number: 14)] Instance 'u_led/sys_led[4]' of 'bmsWIDEDFFCPE' unit is dangling and will be cleaned.
W: Public-4008: [E:/code/PangoWork/Works/cboard_imu/Designs/hardware/led/led.v(line number: 14)] Instance 'u_led/sys_led[5]' of 'bmsWIDEDFFCPE' unit is dangling and will be cleaned.
W: Public-4008: [E:/code/PangoWork/Works/cboard_imu/Designs/drivers/uart/uart_tx.v(line number: 98)] Instance 'u_uart_tx/clk_count[4]' of 'bmsWIDEDFFCPE' unit is dangling and will be cleaned.
W: Public-4008: [E:/code/PangoWork/Works/cboard_imu/Designs/drivers/uart/uart_tx.v(line number: 98)] Instance 'u_uart_tx/clk_count[5]' of 'bmsWIDEDFFCPE' unit is dangling and will be cleaned.
W: Public-4008: [E:/code/PangoWork/Works/cboard_imu/Designs/drivers/uart/uart_tx.v(line number: 98)] Instance 'u_uart_tx/clk_count[6]' of 'bmsWIDEDFFCPE' unit is dangling and will be cleaned.
W: Public-4008: [E:/code/PangoWork/Works/cboard_imu/Designs/drivers/uart/uart_tx.v(line number: 98)] Instance 'u_uart_tx/clk_count[7]' of 'bmsWIDEDFFCPE' unit is dangling and will be cleaned.
W: Public-4008: [E:/code/PangoWork/Works/cboard_imu/Designs/drivers/uart/uart_tx.v(line number: 98)] Instance 'u_uart_tx/clk_count[8]' of 'bmsWIDEDFFCPE' unit is dangling and will be cleaned.
W: Public-4008: [E:/code/PangoWork/Works/cboard_imu/Designs/drivers/uart/uart_tx.v(line number: 98)] Instance 'u_uart_tx/clk_count[9]' of 'bmsWIDEDFFCPE' unit is dangling and will be cleaned.
W: Public-4008: [E:/code/PangoWork/Works/cboard_imu/Designs/drivers/uart/uart_tx.v(line number: 98)] Instance 'u_uart_tx/clk_count[10]' of 'bmsWIDEDFFCPE' unit is dangling and will be cleaned.
W: Public-4008: [E:/code/PangoWork/Works/cboard_imu/Designs/drivers/uart/uart_tx.v(line number: 98)] Instance 'u_uart_tx/clk_count[11]' of 'bmsWIDEDFFCPE' unit is dangling and will be cleaned.
W: Public-4008: [E:/code/PangoWork/Works/cboard_imu/Designs/drivers/uart/uart_tx.v(line number: 98)] Instance 'u_uart_tx/clk_count[12]' of 'bmsWIDEDFFCPE' unit is dangling and will be cleaned.
W: Public-4008: [E:/code/PangoWork/Works/cboard_imu/Designs/drivers/uart/uart_tx.v(line number: 98)] Instance 'u_uart_tx/clk_count[13]' of 'bmsWIDEDFFCPE' unit is dangling and will be cleaned.
W: Public-4008: [E:/code/PangoWork/Works/cboard_imu/Designs/drivers/uart/uart_tx.v(line number: 98)] Instance 'u_uart_tx/clk_count[14]' of 'bmsWIDEDFFCPE' unit is dangling and will be cleaned.
W: Public-4008: [E:/code/PangoWork/Works/cboard_imu/Designs/drivers/uart/uart_tx.v(line number: 98)] Instance 'u_uart_tx/clk_count[15]' of 'bmsWIDEDFFCPE' unit is dangling and will be cleaned.
W: Public-4008: [E:/code/PangoWork/Works/cboard_imu/Designs/drivers/uart/uart_tx.v(line number: 98)] Instance 'u_uart_tx/clk_count[16]' of 'bmsWIDEDFFCPE' unit is dangling and will be cleaned.
Executing : tech-mapping phase 1 successfully. Time elapsed: 0.029s wall, 0.031s user + 0.000s system = 0.031s CPU (107.5%). Peak memory used: 290 MB.

Start tech-mapping phase 2.
Executing : tech-mapping phase 2 successfully. Time elapsed: 0.150s wall, 0.156s user + 0.000s system = 0.156s CPU (104.2%). Peak memory used: 290 MB.

Start tech-optimization.
Executing : tech-optimization successfully. Time elapsed: 0.032s wall, 0.031s user + 0.016s system = 0.047s CPU (148.2%). Peak memory used: 290 MB.

Start phys-optimization.
Executing : phys-optimization successfully. Time elapsed: 0.000s wall, 0.000s user + 0.000s system = 0.000s CPU (n/a%). Peak memory used: 290 MB.

Start restore-hierarchy.
Executing : restore-hierarchy successfully. Time elapsed: 0.004s wall, 0.000s user + 0.000s system = 0.000s CPU (n/a%). Peak memory used: 290 MB.


Cell Usage:
GTP_DFF_C                    52 uses
GTP_DFF_CE                  109 uses
GTP_DFF_P                     2 uses
GTP_GRS                       1 use
GTP_INV                       2 uses
GTP_LUT1                      1 use
GTP_LUT2                     11 uses
GTP_LUT3                     12 uses
GTP_LUT4                     14 uses
GTP_LUT5                     35 uses
GTP_LUT5CARRY                95 uses
GTP_LUT5M                     6 uses
GTP_PLL_E3                    1 use

I/O ports: 12
GTP_INBUF                   3 uses
GTP_OUTBUF                  9 uses

Mapping Summary:
Total LUTs: 174 of 42800 (0.41%)
	LUTs as dram: 0 of 17000 (0.00%)
	LUTs as logic: 174
Total Registers: 163 of 64200 (0.25%)
Total Latches: 0

DRM18K:
Total DRM18Ks = 0.0 of 134 (0.00%)

APM:
Total APMs = 0.00 of 84 (0.00%)

Total I/O ports = 12 of 296 (4.05%)


Overview of Control Sets:

Number of unique control sets : 14

Histogram:
**************************************************************
  Fanout      | Count    | Sync Set/Reset    Async Set/Reset
--------------------------------------------------------------
  [0, 2)      | 0        | 0                 0
  [2, 4)      | 6        | 0                 6
  [4, 6)      | 0        | 0                 0
  [6, 8)      | 0        | 0                 0
  [8, 10)     | 5        | 0                 5
  [10, 12)    | 0        | 0                 0
  [12, 14)    | 0        | 0                 0
  [14, 16)    | 0        | 0                 0
  [16, Inf)   | 3        | 0                 3
--------------------------------------------------------------
  The maximum fanout: 42
==============================================================

Flip-Flop Distribution:
************************************************************************
  Clock Enable    Sync Set/Reset    Async Set/Reset    Total Registers
------------------------------------------------------------------------
  NO              NO                NO                 0
  NO              NO                YES                54
  NO              YES               NO                 0
  YES             NO                NO                 0
  YES             NO                YES                109
  YES             YES               NO                 0
========================================================================

Latch Distribution:
************************************************
  Gate Enable    Preset/Clear    Total Latches
************************************************
  NO             NO              0
  NO             YES             0
  YES            NO              0
  YES            YES             0
************************************************

Design 'uart_loop_test_top' has been successfully synthesized to architecture-specific objects.
Saving design to DB.
Action Synthesize: Export DB successfully.
Saving design to uart_loop_test_top_syn.vm
Constructing timing graph ...
Timing graph has been constructed successfully
W: Timing-4087: Port 'sys_led[0]' is not constrained, it is treated as combinational output.
W: Timing-4087: Port 'sys_led[1]' is not constrained, it is treated as combinational output.
W: Timing-4087: Port 'sys_led[2]' is not constrained, it is treated as combinational output.
W: Timing-4087: Port 'sys_led[3]' is not constrained, it is treated as combinational output.
W: Timing-4087: Port 'sys_led[4]' is not constrained, it is treated as combinational output.
W: Timing-4087: Port 'sys_led[5]' is not constrained, it is treated as combinational output.
W: Timing-4087: Port 'sys_led[6]' is not constrained, it is treated as combinational output.
W: Timing-4087: Port 'sys_led[7]' is not constrained, it is treated as combinational output.
W: Timing-4087: Port 'sys_uart_tx' is not constrained, it is treated as combinational output.
W: Timing-4086: Port 'sys_rst_n' is not constrained, it is treated as combinational input.
W: Timing-4086: Port 'sys_uart_rx' is not constrained, it is treated as combinational input.
Action synthesize: Real time elapsed is 0h:0m:4s
Action synthesize: CPU time elapsed is 0h:0m:3s
Action synthesize: Process CPU time elapsed is 0h:0m:3s
Action synthesize: Peak memory pool usage is 290 MB

Current time: Fri Sep 25 16:39:37 2026
