#Build: Fabric Compiler 2025.2, Build 211867, Jan 16 16:10 2026
#Install: E:\work\pango\PDS_2025.2-ads\bin
#Application name: pds_shell.exe
#OS: Windows 11 10.0.26200
#CPU: Unknown
#RAM(GB): 32
#Hostname: dionirpyC
#Generated by Fabric Compiler (version 2025.2 build 211867) at Sat Sep 19 14:47:28 2026
Parameters for debugging are loaded as follows:
License checkout: fabric_ads from E:/work/pango/PDS_2025.2-ads/new_pds_F4A80DA47D72.lic
Compiling verification operator library.
Compiling vendor parameter file.
Compiling common defs.
Loading technology operator library.
Compiling technology operator library.
Compiling technology operator (valence) library.
Reading design from compile DB
Elaborate the liberty model.
I: Multithreading enabled for Timing using a maximum of 4 processes.
Reading design from compile DB successfully.
Constraint check start.
Compiling prim grid devices.
Building architecture model.
Loading device packaging model.
Building architecture floorplan logic view.
W: ConstraintEditor-4040: [E:/code/PangoWork/Works/uart/Constraints/io/key.fdc(line number: 2)] Port p:key_in[0] has been placed at location K18, whose type is share pin.
W: ConstraintEditor-4040: [E:/code/PangoWork/Works/uart/Constraints/io/clk.fdc(line number: 8)] Port p:rst_n has been placed at location AB13, whose type is share pin.
W: ConstraintEditor-4040: [E:/code/PangoWork/Works/uart/Constraints/io/key.fdc(line number: 22)] Port p:key_in[5] has been placed at location J19, whose type is share pin.
W: ConstraintEditor-4040: [E:/code/PangoWork/Works/uart/Constraints/io/key.fdc(line number: 26)] Port p:key_in[6] has been placed at location H20, whose type is share pin.
W: ConstraintEditor-4042: Port 'p:key_in[0]' lacks attribute 'BUS_KEEPER', it's better to set the attribute for port.
W: ConstraintEditor-4042: Port 'p:key_in[1]' lacks attribute 'BUS_KEEPER', it's better to set the attribute for port.
W: ConstraintEditor-4042: Port 'p:key_in[2]' lacks attribute 'BUS_KEEPER', it's better to set the attribute for port.
W: ConstraintEditor-4042: Port 'p:key_in[3]' lacks attribute 'BUS_KEEPER', it's better to set the attribute for port.
W: ConstraintEditor-4042: Port 'p:key_in[4]' lacks attribute 'BUS_KEEPER', it's better to set the attribute for port.
W: ConstraintEditor-4042: Port 'p:key_in[5]' lacks attribute 'BUS_KEEPER', it's better to set the attribute for port.
W: ConstraintEditor-4042: Port 'p:key_in[6]' lacks attribute 'BUS_KEEPER', it's better to set the attribute for port.
W: ConstraintEditor-4042: Port 'p:key_in[7]' lacks attribute 'BUS_KEEPER', it's better to set the attribute for port.
W: ConstraintEditor-4042: Port 'p:led_out[0]' lacks attribute 'PAP_IO_DRIVE', it's better to set the attribute for port.
W: ConstraintEditor-4042: Port 'p:led_out[0]' lacks attribute 'PAP_IO_SLEW', it's better to set the attribute for port.
W: ConstraintEditor-4042: Port 'p:led_out[0]' lacks attribute 'BUS_KEEPER', it's better to set the attribute for port.
W: ConstraintEditor-4042: Port 'p:led_out[1]' lacks attribute 'PAP_IO_DRIVE', it's better to set the attribute for port.
W: ConstraintEditor-4042: Port 'p:led_out[1]' lacks attribute 'PAP_IO_SLEW', it's better to set the attribute for port.
W: ConstraintEditor-4042: Port 'p:led_out[1]' lacks attribute 'BUS_KEEPER', it's better to set the attribute for port.
W: ConstraintEditor-4042: Port 'p:led_out[2]' lacks attribute 'PAP_IO_DRIVE', it's better to set the attribute for port.
W: ConstraintEditor-4042: Port 'p:led_out[2]' lacks attribute 'PAP_IO_SLEW', it's better to set the attribute for port.
W: ConstraintEditor-4042: Port 'p:led_out[2]' lacks attribute 'BUS_KEEPER', it's better to set the attribute for port.
W: ConstraintEditor-4042: Port 'p:led_out[3]' lacks attribute 'PAP_IO_DRIVE', it's better to set the attribute for port.
W: ConstraintEditor-4042: Port 'p:led_out[3]' lacks attribute 'PAP_IO_SLEW', it's better to set the attribute for port.
W: ConstraintEditor-4042: Port 'p:led_out[3]' lacks attribute 'BUS_KEEPER', it's better to set the attribute for port.
W: ConstraintEditor-4042: Port 'p:led_out[4]' lacks attribute 'PAP_IO_DRIVE', it's better to set the attribute for port.
W: ConstraintEditor-4042: Port 'p:led_out[4]' lacks attribute 'PAP_IO_SLEW', it's better to set the attribute for port.
W: ConstraintEditor-4042: Port 'p:led_out[4]' lacks attribute 'BUS_KEEPER', it's better to set the attribute for port.
W: ConstraintEditor-4042: Port 'p:led_out[5]' lacks attribute 'PAP_IO_DRIVE', it's better to set the attribute for port.
W: ConstraintEditor-4042: Port 'p:led_out[5]' lacks attribute 'PAP_IO_SLEW', it's better to set the attribute for port.
W: ConstraintEditor-4042: Port 'p:led_out[5]' lacks attribute 'BUS_KEEPER', it's better to set the attribute for port.
W: ConstraintEditor-4042: Port 'p:led_out[6]' lacks attribute 'PAP_IO_DRIVE', it's better to set the attribute for port.
W: ConstraintEditor-4042: Port 'p:led_out[6]' lacks attribute 'PAP_IO_SLEW', it's better to set the attribute for port.
W: ConstraintEditor-4042: Port 'p:led_out[6]' lacks attribute 'BUS_KEEPER', it's better to set the attribute for port.
W: ConstraintEditor-4042: Port 'p:led_out[7]' lacks attribute 'PAP_IO_DRIVE', it's better to set the attribute for port.
W: ConstraintEditor-4042: Port 'p:led_out[7]' lacks attribute 'PAP_IO_SLEW', it's better to set the attribute for port.
W: ConstraintEditor-4042: Port 'p:led_out[7]' lacks attribute 'BUS_KEEPER', it's better to set the attribute for port.
W: ConstraintEditor-4042: Port 'p:uart_tx' lacks attribute 'PAP_IO_DRIVE', it's better to set the attribute for port.
W: ConstraintEditor-4042: Port 'p:uart_tx' lacks attribute 'PAP_IO_SLEW', it's better to set the attribute for port.
Found 0 error(s), 0 critical warning(s), 38 warning(s), out of 85 constraint(s), you can contact with E:/code/PangoWork/Works/uart/prj_tasks/syn_1/synthesize/constraint_check.ccr for more detail information.
Constraint check end.
Total time(hh:mm:ss) of constraint check : 00:00:01
C: SDC-2025: Clock source 'n:u_pll_50mhz/clkout1' need a clock constraint, please use 'create_clock' or 'create_generate_clock' to generate.
I: Infer clock: create_generated_clock -name {sys_clk_50mhz|u_pll_50mhz/u_pll_e3/CLKOUT1_Inferred} -source [ get_ports {sys_clk_50mhz} ] [ get_pins {u_pll_50mhz/u_pll_e3:CLKOUT1} ] -master_clock {sys_clk_50mhz} -edges {1 2 3} -edge_shift {0.000000 23.913043 47.826087} -add.
C: SDC-2025: Clock source 'n:u_pll_50mhz/clkout0' need a clock constraint, please use 'create_clock' or 'create_generate_clock' to generate.
I: Infer clock: create_generated_clock -name {sys_clk_50mhz|u_pll_50mhz/u_pll_e3/CLKOUT0_Inferred} -source [ get_ports {sys_clk_50mhz} ] [ get_pins {u_pll_50mhz/u_pll_e3:CLKOUT0} ] -master_clock {sys_clk_50mhz} -edges {1 2 3} -edge_shift {0.000000 0.000000 0.000000} -add.
Start pre-mapping.
I: Encoding type of FSM 'state_fsm[3:0]' is: onehot.
I: Encoding table of FSM 'state_fsm[3:0]':
I: from  u_uart_rx/state[3] u_uart_rx/state[2] u_uart_rx/state[1] u_uart_rx/state[0]
I: to  u_uart_rx/state_reg[9] u_uart_rx/state_reg[8] u_uart_rx/state_reg[7] u_uart_rx/state_reg[6] u_uart_rx/state_reg[5] u_uart_rx/state_reg[4] u_uart_rx/state_reg[3] u_uart_rx/state_reg[2] u_uart_rx/state_reg[1] u_uart_rx/state_reg[0]
I: 0000 => 0000000001
I: 0001 => 0000000010
I: 0010 => 0000000100
I: 0011 => 0000001000
I: 0100 => 0000010000
I: 0101 => 0000100000
I: 0110 => 0001000000
I: 0111 => 0010000000
I: 1000 => 0100000000
I: 1001 => 1000000000
Executing : pre-mapping successfully. Time elapsed: 0.014s wall, 0.016s user + 0.000s system = 0.016s CPU (113.8%). Peak memory used: 247 MB.

Start mod-gen.
W: Public-4008: [E:/code/PangoWork/Works/uart/Designs/uart/uart_rx.v(line number: 127)] Instance 'u_uart_rx/data_valid' of 'bmsWIDEDFFCPE' unit is dangling and will be cleaned.
Executing : mod-gen successfully. Time elapsed: 0.032s wall, 0.031s user + 0.000s system = 0.031s CPU (99.0%). Peak memory used: 267 MB.

Start logic-optimization.
Executing : logic-optimization successfully. Time elapsed: 0.021s wall, 0.000s user + 0.000s system = 0.000s CPU (n/a%). Peak memory used: 275 MB.

Start tech-mapping phase 1.
Executing : tech-mapping phase 1 successfully. Time elapsed: 0.003s wall, 0.000s user + 0.000s system = 0.000s CPU (n/a%). Peak memory used: 275 MB.

Start tech-mapping phase 2.
Executing : tech-mapping phase 2 successfully. Time elapsed: 0.020s wall, 0.016s user + 0.016s system = 0.031s CPU (154.5%). Peak memory used: 278 MB.

Start tech-optimization.
Executing : tech-optimization successfully. Time elapsed: 0.007s wall, 0.000s user + 0.000s system = 0.000s CPU (n/a%). Peak memory used: 278 MB.

Start phys-optimization.
Executing : phys-optimization successfully. Time elapsed: 0.000s wall, 0.000s user + 0.000s system = 0.000s CPU (n/a%). Peak memory used: 278 MB.

Start restore-hierarchy.
Executing : restore-hierarchy successfully. Time elapsed: 0.001s wall, 0.000s user + 0.000s system = 0.000s CPU (n/a%). Peak memory used: 278 MB.


Cell Usage:
GTP_DFF_C                    12 uses
GTP_DFF_CE                   25 uses
GTP_DFF_P                     3 uses
GTP_DFF_PE                    1 use
GTP_GRS                       1 use
GTP_INV                       1 use
GTP_LUT2                      1 use
GTP_LUT3                      2 uses
GTP_LUT4                      4 uses
GTP_LUT5                     13 uses
GTP_PLL_E3                    1 use

I/O ports: 20
GTP_INBUF                  11 uses
GTP_OUTBUF                  9 uses

Mapping Summary:
Total LUTs: 20 of 42800 (0.05%)
	LUTs as dram: 0 of 17000 (0.00%)
	LUTs as logic: 20
Total Registers: 41 of 64200 (0.06%)
Total Latches: 0

DRM18K:
Total DRM18Ks = 0.0 of 134 (0.00%)

APM:
Total APMs = 0.00 of 84 (0.00%)

Total I/O ports = 20 of 296 (6.76%)


Overview of Control Sets:

Number of unique control sets : 5

Histogram:
**************************************************************
  Fanout      | Count    | Sync Set/Reset    Async Set/Reset
--------------------------------------------------------------
  [0, 2)      | 0        | 0                 0
  [2, 4)      | 0        | 0                 0
  [4, 6)      | 0        | 0                 0
  [6, 8)      | 1        | 0                 1
  [8, 10)     | 3        | 0                 3
  [10, 12)    | 1        | 0                 1
  [12, 14)    | 0        | 0                 0
  [14, 16)    | 0        | 0                 0
  [16, Inf)   | 0        | 0                 0
--------------------------------------------------------------
  The maximum fanout: 10
==============================================================

Flip-Flop Distribution:
************************************************************************
  Clock Enable    Sync Set/Reset    Async Set/Reset    Total Registers
------------------------------------------------------------------------
  NO              NO                NO                 0
  NO              NO                YES                15
  NO              YES               NO                 0
  YES             NO                NO                 0
  YES             NO                YES                26
  YES             YES               NO                 0
========================================================================

Latch Distribution:
************************************************
  Gate Enable    Preset/Clear    Total Latches
************************************************
  NO             NO              0
  NO             YES             0
  YES            NO              0
  YES            YES             0
************************************************

Design 'uart_rx_top' has been successfully synthesized to architecture-specific objects.
Saving design to DB.
Action Synthesize: Export DB successfully.
Saving design to uart_rx_top_syn.vm
Constructing timing graph ...
Timing graph has been constructed successfully
W: Timing-4087: Port 'led_out[0]' is not constrained, it is treated as combinational output.
W: Timing-4087: Port 'led_out[1]' is not constrained, it is treated as combinational output.
W: Timing-4087: Port 'led_out[2]' is not constrained, it is treated as combinational output.
W: Timing-4087: Port 'led_out[3]' is not constrained, it is treated as combinational output.
W: Timing-4087: Port 'led_out[4]' is not constrained, it is treated as combinational output.
W: Timing-4087: Port 'led_out[5]' is not constrained, it is treated as combinational output.
W: Timing-4087: Port 'led_out[6]' is not constrained, it is treated as combinational output.
W: Timing-4087: Port 'led_out[7]' is not constrained, it is treated as combinational output.
W: Timing-4087: Port 'uart_tx' is not constrained, it is treated as combinational output.
W: Timing-4086: Port 'rst_n' is not constrained, it is treated as combinational input.
W: Timing-4086: Port 'uart_rx' is not constrained, it is treated as combinational input.
Action synthesize: Real time elapsed is 0h:0m:5s
Action synthesize: CPU time elapsed is 0h:0m:2s
Action synthesize: Process CPU time elapsed is 0h:0m:3s
Action synthesize: Peak memory pool usage is 278 MB

Current time: Sat Sep 19 14:47:31 2026
