#Build: Fabric Compiler 2025.2, Build 211867, Jan 16 16:10 2026
#Install: E:\work\pango\PDS_2025.2-ads\bin
#Application name: pds_shell.exe
#OS: Windows 11 10.0.26200
#CPU: Unknown
#RAM(GB): 32
#Hostname: dionirpyC
#Generated by Fabric Compiler (version 2025.2 build 211867) at Sat Sep 19 17:03:28 2026
Parameters for debugging are loaded as follows:
License checkout: fabric_ads from E:/work/pango/PDS_2025.2-ads/new_pds_F4A80DA47D72.lic
Compiling verification operator library.
Compiling vendor parameter file.
Compiling common defs.
Loading technology operator library.
Compiling technology operator library.
Compiling technology operator (valence) library.
Reading design from compile DB
Elaborate the liberty model.
I: Multithreading enabled for Timing using a maximum of 4 processes.
Reading design from compile DB successfully.
Constraint check start.
Compiling prim grid devices.
Building architecture model.
Loading device packaging model.
Building architecture floorplan logic view.
W: ConstraintEditor-4040: [E:/code/PangoWork/Works/uart/Constraints/io/key.fdc(line number: 2)] Port p:key_in[0] has been placed at location K18, whose type is share pin.
W: ConstraintEditor-4040: [E:/code/PangoWork/Works/uart/Constraints/io/clk.fdc(line number: 8)] Port p:rst_n has been placed at location AB13, whose type is share pin.
W: ConstraintEditor-4040: [E:/code/PangoWork/Works/uart/Constraints/io/key.fdc(line number: 22)] Port p:key_in[5] has been placed at location J19, whose type is share pin.
W: ConstraintEditor-4040: [E:/code/PangoWork/Works/uart/Constraints/io/key.fdc(line number: 26)] Port p:key_in[6] has been placed at location H20, whose type is share pin.
W: ConstraintEditor-4042: Port 'p:key_in[0]' lacks attribute 'BUS_KEEPER', it's better to set the attribute for port.
W: ConstraintEditor-4042: Port 'p:key_in[1]' lacks attribute 'BUS_KEEPER', it's better to set the attribute for port.
W: ConstraintEditor-4042: Port 'p:key_in[2]' lacks attribute 'BUS_KEEPER', it's better to set the attribute for port.
W: ConstraintEditor-4042: Port 'p:key_in[3]' lacks attribute 'BUS_KEEPER', it's better to set the attribute for port.
W: ConstraintEditor-4042: Port 'p:key_in[4]' lacks attribute 'BUS_KEEPER', it's better to set the attribute for port.
W: ConstraintEditor-4042: Port 'p:key_in[5]' lacks attribute 'BUS_KEEPER', it's better to set the attribute for port.
W: ConstraintEditor-4042: Port 'p:key_in[6]' lacks attribute 'BUS_KEEPER', it's better to set the attribute for port.
W: ConstraintEditor-4042: Port 'p:key_in[7]' lacks attribute 'BUS_KEEPER', it's better to set the attribute for port.
W: ConstraintEditor-4042: Port 'p:led_out[0]' lacks attribute 'PAP_IO_DRIVE', it's better to set the attribute for port.
W: ConstraintEditor-4042: Port 'p:led_out[0]' lacks attribute 'PAP_IO_SLEW', it's better to set the attribute for port.
W: ConstraintEditor-4042: Port 'p:led_out[0]' lacks attribute 'BUS_KEEPER', it's better to set the attribute for port.
W: ConstraintEditor-4042: Port 'p:led_out[1]' lacks attribute 'PAP_IO_DRIVE', it's better to set the attribute for port.
W: ConstraintEditor-4042: Port 'p:led_out[1]' lacks attribute 'PAP_IO_SLEW', it's better to set the attribute for port.
W: ConstraintEditor-4042: Port 'p:led_out[1]' lacks attribute 'BUS_KEEPER', it's better to set the attribute for port.
W: ConstraintEditor-4042: Port 'p:led_out[2]' lacks attribute 'PAP_IO_DRIVE', it's better to set the attribute for port.
W: ConstraintEditor-4042: Port 'p:led_out[2]' lacks attribute 'PAP_IO_SLEW', it's better to set the attribute for port.
W: ConstraintEditor-4042: Port 'p:led_out[2]' lacks attribute 'BUS_KEEPER', it's better to set the attribute for port.
W: ConstraintEditor-4042: Port 'p:led_out[3]' lacks attribute 'PAP_IO_DRIVE', it's better to set the attribute for port.
W: ConstraintEditor-4042: Port 'p:led_out[3]' lacks attribute 'PAP_IO_SLEW', it's better to set the attribute for port.
W: ConstraintEditor-4042: Port 'p:led_out[3]' lacks attribute 'BUS_KEEPER', it's better to set the attribute for port.
W: ConstraintEditor-4042: Port 'p:led_out[4]' lacks attribute 'PAP_IO_DRIVE', it's better to set the attribute for port.
W: ConstraintEditor-4042: Port 'p:led_out[4]' lacks attribute 'PAP_IO_SLEW', it's better to set the attribute for port.
W: ConstraintEditor-4042: Port 'p:led_out[4]' lacks attribute 'BUS_KEEPER', it's better to set the attribute for port.
W: ConstraintEditor-4042: Port 'p:led_out[5]' lacks attribute 'PAP_IO_DRIVE', it's better to set the attribute for port.
W: ConstraintEditor-4042: Port 'p:led_out[5]' lacks attribute 'PAP_IO_SLEW', it's better to set the attribute for port.
W: ConstraintEditor-4042: Port 'p:led_out[5]' lacks attribute 'BUS_KEEPER', it's better to set the attribute for port.
W: ConstraintEditor-4042: Port 'p:led_out[6]' lacks attribute 'PAP_IO_DRIVE', it's better to set the attribute for port.
W: ConstraintEditor-4042: Port 'p:led_out[6]' lacks attribute 'PAP_IO_SLEW', it's better to set the attribute for port.
W: ConstraintEditor-4042: Port 'p:led_out[6]' lacks attribute 'BUS_KEEPER', it's better to set the attribute for port.
W: ConstraintEditor-4042: Port 'p:led_out[7]' lacks attribute 'PAP_IO_DRIVE', it's better to set the attribute for port.
W: ConstraintEditor-4042: Port 'p:led_out[7]' lacks attribute 'PAP_IO_SLEW', it's better to set the attribute for port.
W: ConstraintEditor-4042: Port 'p:led_out[7]' lacks attribute 'BUS_KEEPER', it's better to set the attribute for port.
W: ConstraintEditor-4042: Port 'p:uart_tx' lacks attribute 'PAP_IO_DRIVE', it's better to set the attribute for port.
W: ConstraintEditor-4042: Port 'p:uart_tx' lacks attribute 'PAP_IO_SLEW', it's better to set the attribute for port.
C: Timing-4002: [E:/code/PangoWork/Works/uart/Constraints/clock/clocks.fdc(line number: 3)] Port 'pll_clk_50mhz' is not found in current design.
C: Timing-4002: [E:/code/PangoWork/Works/uart/Constraints/clock/clocks.fdc(line number: 5)] Port 'uart_clk_14m7456' is not found in current design.
E: CommandTiming-0057: [E:/code/PangoWork/Works/uart/Constraints/clock/clocks.fdc(line number: 3)] Nothing matched for 'source_list', command 'create_clock' is aborted.
E: ConstraintEditor-0046: [E:/code/PangoWork/Works/uart/Constraints/clock/clocks.fdc(line number: 3)] Parse file error: Failed to import constraint "create_clock -name pll_clk_50mhz [get_ports pll_clk_50mhz] -period 20.0 -waveform {0 10.0}".
E: CommandTiming-0057: [E:/code/PangoWork/Works/uart/Constraints/clock/clocks.fdc(line number: 5)] Nothing matched for 'source_list', command 'create_clock' is aborted.
E: ConstraintEditor-0046: [E:/code/PangoWork/Works/uart/Constraints/clock/clocks.fdc(line number: 5)] Parse file error: Failed to import constraint "create_clock -name uart_clk_14m7456 [get_ports uart_clk_14m7456] -period 67.817 -waveform {0 33.9085}".
Found 4 error(s), 2 critical warning(s), 38 warning(s), out of 87 constraint(s), you can contact with E:/code/PangoWork/Works/uart/prj_tasks/syn_1/synthesize/constraint_check.ccr for more detail information.
Constraint check end.
Total time(hh:mm:ss) of constraint check : 00:00:01
Action synthesize: Real time elapsed is 0h:0m:4s
Action synthesize: CPU time elapsed is 0h:0m:2s
Action synthesize: Process CPU time elapsed is 0h:0m:2s
Action synthesize: Peak memory pool usage is 232 MB

Current time: Sat Sep 19 17:03:30 2026
