#Build: Fabric Compiler 2025.2, Build 211867, Jan 16 16:10 2026
#Install: E:\work\pango\PDS_2025.2-ads\bin
#Application name: pds_shell.exe
#OS: Windows 11 10.0.26200
#CPU: Unknown
#RAM(GB): 32
#Hostname: dionirpyC
#Generated by Fabric Compiler (version 2025.2 build 211867) at Fri Sep 25 20:07:25 2026
Parameters for debugging are loaded as follows:
License checkout: fabric_ads from E:/work/pango/PDS_2025.2-ads/new_pds_F4A80DA47D72.lic
Compiling verification operator library.
Compiling vendor parameter file.
Compiling common defs.
Loading technology operator library.
Compiling technology operator library.
Compiling technology operator (valence) library.
Reading design from compile DB
Elaborate the liberty model.
I: Multithreading enabled for Timing using a maximum of 4 processes.
Reading design from compile DB successfully.
Constraint check start.
Compiling prim grid devices.
Building architecture model.
Loading device packaging model.
Building architecture floorplan logic view.
W: ConstraintEditor-4040: [E:/code/PangoWork/Works/cboard_imu/Constraints/io/clk.fdc(line number: 8)] Port p:sys_rst_n has been placed at location AB13, whose type is share pin.
W: ConstraintEditor-4042: Port 'p:sys_led[0]' lacks attribute 'PAP_IO_DRIVE', it's better to set the attribute for port.
W: ConstraintEditor-4042: Port 'p:sys_led[0]' lacks attribute 'PAP_IO_SLEW', it's better to set the attribute for port.
W: ConstraintEditor-4042: Port 'p:sys_led[0]' lacks attribute 'BUS_KEEPER', it's better to set the attribute for port.
W: ConstraintEditor-4042: Port 'p:sys_led[1]' lacks attribute 'PAP_IO_DRIVE', it's better to set the attribute for port.
W: ConstraintEditor-4042: Port 'p:sys_led[1]' lacks attribute 'PAP_IO_SLEW', it's better to set the attribute for port.
W: ConstraintEditor-4042: Port 'p:sys_led[1]' lacks attribute 'BUS_KEEPER', it's better to set the attribute for port.
W: ConstraintEditor-4042: Port 'p:sys_led[2]' lacks attribute 'PAP_IO_DRIVE', it's better to set the attribute for port.
W: ConstraintEditor-4042: Port 'p:sys_led[2]' lacks attribute 'PAP_IO_SLEW', it's better to set the attribute for port.
W: ConstraintEditor-4042: Port 'p:sys_led[2]' lacks attribute 'BUS_KEEPER', it's better to set the attribute for port.
W: ConstraintEditor-4042: Port 'p:sys_led[3]' lacks attribute 'PAP_IO_DRIVE', it's better to set the attribute for port.
W: ConstraintEditor-4042: Port 'p:sys_led[3]' lacks attribute 'PAP_IO_SLEW', it's better to set the attribute for port.
W: ConstraintEditor-4042: Port 'p:sys_led[3]' lacks attribute 'BUS_KEEPER', it's better to set the attribute for port.
W: ConstraintEditor-4042: Port 'p:sys_led[4]' lacks attribute 'PAP_IO_DRIVE', it's better to set the attribute for port.
W: ConstraintEditor-4042: Port 'p:sys_led[4]' lacks attribute 'PAP_IO_SLEW', it's better to set the attribute for port.
W: ConstraintEditor-4042: Port 'p:sys_led[4]' lacks attribute 'BUS_KEEPER', it's better to set the attribute for port.
W: ConstraintEditor-4042: Port 'p:sys_led[5]' lacks attribute 'PAP_IO_DRIVE', it's better to set the attribute for port.
W: ConstraintEditor-4042: Port 'p:sys_led[5]' lacks attribute 'PAP_IO_SLEW', it's better to set the attribute for port.
W: ConstraintEditor-4042: Port 'p:sys_led[5]' lacks attribute 'BUS_KEEPER', it's better to set the attribute for port.
W: ConstraintEditor-4042: Port 'p:sys_led[6]' lacks attribute 'PAP_IO_DRIVE', it's better to set the attribute for port.
W: ConstraintEditor-4042: Port 'p:sys_led[6]' lacks attribute 'PAP_IO_SLEW', it's better to set the attribute for port.
W: ConstraintEditor-4042: Port 'p:sys_led[6]' lacks attribute 'BUS_KEEPER', it's better to set the attribute for port.
W: ConstraintEditor-4042: Port 'p:sys_led[7]' lacks attribute 'PAP_IO_DRIVE', it's better to set the attribute for port.
W: ConstraintEditor-4042: Port 'p:sys_led[7]' lacks attribute 'PAP_IO_SLEW', it's better to set the attribute for port.
W: ConstraintEditor-4042: Port 'p:sys_led[7]' lacks attribute 'BUS_KEEPER', it's better to set the attribute for port.
W: ConstraintEditor-4042: Port 'p:sys_uart_tx' lacks attribute 'PAP_IO_DRIVE', it's better to set the attribute for port.
W: ConstraintEditor-4042: Port 'p:sys_uart_tx' lacks attribute 'PAP_IO_SLEW', it's better to set the attribute for port.
E: ConstraintEditor-0046: [E:/code/PangoWork/Works/cboard_imu/Constraints/io/key.fdc(line number: 1)] Parse file error: Object 'p:key_in[0]' can not be found in current view, please verify the correctness of the argument.
E: ConstraintEditor-0046: [E:/code/PangoWork/Works/cboard_imu/Constraints/io/key.fdc(line number: 2)] Parse file error: Object 'p:key_in[0]' can not be found in current view, please verify the correctness of the argument.
E: ConstraintEditor-0046: [E:/code/PangoWork/Works/cboard_imu/Constraints/io/key.fdc(line number: 3)] Parse file error: Object 'p:key_in[0]' can not be found in current view, please verify the correctness of the argument.
E: ConstraintEditor-0046: [E:/code/PangoWork/Works/cboard_imu/Constraints/io/key.fdc(line number: 4)] Parse file error: Object 'p:key_in[0]' can not be found in current view, please verify the correctness of the argument.
E: ConstraintEditor-0046: [E:/code/PangoWork/Works/cboard_imu/Constraints/io/key.fdc(line number: 5)] Parse file error: Object 'p:key_in[1]' can not be found in current view, please verify the correctness of the argument.
E: ConstraintEditor-0046: [E:/code/PangoWork/Works/cboard_imu/Constraints/io/key.fdc(line number: 6)] Parse file error: Object 'p:key_in[1]' can not be found in current view, please verify the correctness of the argument.
E: ConstraintEditor-0046: [E:/code/PangoWork/Works/cboard_imu/Constraints/io/key.fdc(line number: 7)] Parse file error: Object 'p:key_in[1]' can not be found in current view, please verify the correctness of the argument.
E: ConstraintEditor-0046: [E:/code/PangoWork/Works/cboard_imu/Constraints/io/key.fdc(line number: 8)] Parse file error: Object 'p:key_in[1]' can not be found in current view, please verify the correctness of the argument.
E: ConstraintEditor-0046: [E:/code/PangoWork/Works/cboard_imu/Constraints/io/key.fdc(line number: 9)] Parse file error: Object 'p:key_in[2]' can not be found in current view, please verify the correctness of the argument.
E: ConstraintEditor-0046: [E:/code/PangoWork/Works/cboard_imu/Constraints/io/key.fdc(line number: 10)] Parse file error: Object 'p:key_in[2]' can not be found in current view, please verify the correctness of the argument.
E: ConstraintEditor-0046: [E:/code/PangoWork/Works/cboard_imu/Constraints/io/key.fdc(line number: 11)] Parse file error: Object 'p:key_in[2]' can not be found in current view, please verify the correctness of the argument.
E: ConstraintEditor-0046: [E:/code/PangoWork/Works/cboard_imu/Constraints/io/key.fdc(line number: 12)] Parse file error: Object 'p:key_in[2]' can not be found in current view, please verify the correctness of the argument.
E: ConstraintEditor-0046: [E:/code/PangoWork/Works/cboard_imu/Constraints/io/key.fdc(line number: 13)] Parse file error: Object 'p:key_in[3]' can not be found in current view, please verify the correctness of the argument.
E: ConstraintEditor-0046: [E:/code/PangoWork/Works/cboard_imu/Constraints/io/key.fdc(line number: 14)] Parse file error: Object 'p:key_in[3]' can not be found in current view, please verify the correctness of the argument.
E: ConstraintEditor-0046: [E:/code/PangoWork/Works/cboard_imu/Constraints/io/key.fdc(line number: 15)] Parse file error: Object 'p:key_in[3]' can not be found in current view, please verify the correctness of the argument.
E: ConstraintEditor-0046: [E:/code/PangoWork/Works/cboard_imu/Constraints/io/key.fdc(line number: 16)] Parse file error: Object 'p:key_in[3]' can not be found in current view, please verify the correctness of the argument.
E: ConstraintEditor-0046: [E:/code/PangoWork/Works/cboard_imu/Constraints/io/key.fdc(line number: 17)] Parse file error: Object 'p:key_in[4]' can not be found in current view, please verify the correctness of the argument.
E: ConstraintEditor-0046: [E:/code/PangoWork/Works/cboard_imu/Constraints/io/key.fdc(line number: 18)] Parse file error: Object 'p:key_in[4]' can not be found in current view, please verify the correctness of the argument.
E: ConstraintEditor-0046: [E:/code/PangoWork/Works/cboard_imu/Constraints/io/key.fdc(line number: 19)] Parse file error: Object 'p:key_in[4]' can not be found in current view, please verify the correctness of the argument.
E: ConstraintEditor-0046: [E:/code/PangoWork/Works/cboard_imu/Constraints/io/key.fdc(line number: 20)] Parse file error: Object 'p:key_in[4]' can not be found in current view, please verify the correctness of the argument.
E: ConstraintEditor-0046: [E:/code/PangoWork/Works/cboard_imu/Constraints/io/key.fdc(line number: 21)] Parse file error: Object 'p:key_in[5]' can not be found in current view, please verify the correctness of the argument.
E: ConstraintEditor-0046: [E:/code/PangoWork/Works/cboard_imu/Constraints/io/key.fdc(line number: 22)] Parse file error: Object 'p:key_in[5]' can not be found in current view, please verify the correctness of the argument.
E: ConstraintEditor-0046: [E:/code/PangoWork/Works/cboard_imu/Constraints/io/key.fdc(line number: 23)] Parse file error: Object 'p:key_in[5]' can not be found in current view, please verify the correctness of the argument.
E: ConstraintEditor-0046: [E:/code/PangoWork/Works/cboard_imu/Constraints/io/key.fdc(line number: 24)] Parse file error: Object 'p:key_in[5]' can not be found in current view, please verify the correctness of the argument.
E: ConstraintEditor-0046: [E:/code/PangoWork/Works/cboard_imu/Constraints/io/key.fdc(line number: 25)] Parse file error: Object 'p:key_in[6]' can not be found in current view, please verify the correctness of the argument.
E: ConstraintEditor-0046: [E:/code/PangoWork/Works/cboard_imu/Constraints/io/key.fdc(line number: 26)] Parse file error: Object 'p:key_in[6]' can not be found in current view, please verify the correctness of the argument.
E: ConstraintEditor-0046: [E:/code/PangoWork/Works/cboard_imu/Constraints/io/key.fdc(line number: 27)] Parse file error: Object 'p:key_in[6]' can not be found in current view, please verify the correctness of the argument.
E: ConstraintEditor-0046: [E:/code/PangoWork/Works/cboard_imu/Constraints/io/key.fdc(line number: 28)] Parse file error: Object 'p:key_in[6]' can not be found in current view, please verify the correctness of the argument.
E: ConstraintEditor-0046: [E:/code/PangoWork/Works/cboard_imu/Constraints/io/key.fdc(line number: 29)] Parse file error: Object 'p:key_in[7]' can not be found in current view, please verify the correctness of the argument.
E: ConstraintEditor-0046: [E:/code/PangoWork/Works/cboard_imu/Constraints/io/key.fdc(line number: 30)] Parse file error: Object 'p:key_in[7]' can not be found in current view, please verify the correctness of the argument.
E: ConstraintEditor-0046: [E:/code/PangoWork/Works/cboard_imu/Constraints/io/key.fdc(line number: 31)] Parse file error: Object 'p:key_in[7]' can not be found in current view, please verify the correctness of the argument.
E: ConstraintEditor-0046: [E:/code/PangoWork/Works/cboard_imu/Constraints/io/key.fdc(line number: 32)] Parse file error: Object 'p:key_in[7]' can not be found in current view, please verify the correctness of the argument.
Found 32 error(s), 0 critical warning(s), 27 warning(s), out of 87 constraint(s), you can contact with E:/code/PangoWork/Works/cboard_imu/prj_tasks/syn_1/synthesize/constraint_check.ccr for more detail information.
Constraint check end.
Total time(hh:mm:ss) of constraint check : 00:00:02
Action synthesize: Real time elapsed is 0h:0m:5s
Action synthesize: CPU time elapsed is 0h:0m:3s
Action synthesize: Process CPU time elapsed is 0h:0m:3s
Action synthesize: Peak memory pool usage is 235 MB

Current time: Fri Sep 25 20:07:28 2026
