#Build: Fabric Compiler 2025.2, Build 211867, Jan 16 16:10 2026
#Install: D:\pango\PDS_2025.2-ads\bin
#Application name: pds_shell.exe
#OS: Windows 11 10.0.26100
#CPU: Unknown
#RAM(GB): 16
#Hostname: hustlyrm
#Generated by Fabric Compiler (version 2025.2 build 211867) at Thu Oct  1 18:27:06 2026
Parameters for debugging are loaded as follows:
License checkout: fabric_ads from D:/pango/PDS_2025.2-ads/new_pds_F4A80DA47D72.lic
Compiling verification operator library.
Compiling vendor parameter file.
Compiling common defs.
Loading technology operator library.
Compiling technology operator library.
Compiling technology operator (valence) library.
Reading design from compile DB
Elaborate the liberty model.
I: Multithreading enabled for Timing using a maximum of 4 processes.
Reading design from compile DB successfully.
Constraint check start.
Compiling prim grid devices.
Building architecture model.
Loading device packaging model.
Building architecture floorplan logic view.
W: ConstraintEditor-4040: [D:/pango/works/ECSDC_FPGA_2026/Constraints/flash/flash.fdc(line number: 5)] Port p:sys_qspi_csn has been placed at location AA3, whose type is share pin.
W: ConstraintEditor-4040: [D:/pango/works/ECSDC_FPGA_2026/Constraints/system/system.fdc(line number: 8)] Port p:sys_rstn has been placed at location AB13, whose type is share pin.
W: ConstraintEditor-4040: [D:/pango/works/ECSDC_FPGA_2026/Constraints/flash/flash.fdc(line number: 9)] Port p:sys_qspi_sck has been placed at location Y20, whose type is share pin.
W: ConstraintEditor-4040: [D:/pango/works/ECSDC_FPGA_2026/Constraints/flash/flash.fdc(line number: 13)] Port p:sys_qspi_dq[0] has been placed at location AB20, whose type is share pin.
W: ConstraintEditor-4040: [D:/pango/works/ECSDC_FPGA_2026/Constraints/flash/flash.fdc(line number: 17)] Port p:sys_qspi_dq[1] has been placed at location AA20, whose type is share pin.
W: ConstraintEditor-4040: [D:/pango/works/ECSDC_FPGA_2026/Constraints/flash/flash.fdc(line number: 21)] Port p:sys_qspi_dq[2] has been placed at location R13, whose type is share pin.
W: ConstraintEditor-4040: [D:/pango/works/ECSDC_FPGA_2026/Constraints/flash/flash.fdc(line number: 25)] Port p:sys_qspi_dq[3] has been placed at location T14, whose type is share pin.
W: ConstraintEditor-4042: Port 'p:sys_qspi_csn' lacks attribute 'PAP_IO_DRIVE', it's better to set the attribute for port.
W: ConstraintEditor-4042: Port 'p:sys_qspi_csn' lacks attribute 'PAP_IO_SLEW', it's better to set the attribute for port.
W: ConstraintEditor-4042: Port 'p:sys_qspi_csn' lacks attribute 'BUS_KEEPER', it's better to set the attribute for port.
W: ConstraintEditor-4042: Port 'p:sys_qspi_sck' lacks attribute 'PAP_IO_DRIVE', it's better to set the attribute for port.
W: ConstraintEditor-4042: Port 'p:sys_qspi_sck' lacks attribute 'PAP_IO_SLEW', it's better to set the attribute for port.
W: ConstraintEditor-4042: Port 'p:sys_qspi_sck' lacks attribute 'BUS_KEEPER', it's better to set the attribute for port.
W: ConstraintEditor-4042: Port 'p:sys_qspi_dq[0]' lacks attribute 'PAP_IO_DRIVE', it's better to set the attribute for port.
W: ConstraintEditor-4042: Port 'p:sys_qspi_dq[0]' lacks attribute 'PAP_IO_SLEW', it's better to set the attribute for port.
W: ConstraintEditor-4042: Port 'p:sys_qspi_dq[0]' lacks attribute 'BUS_KEEPER', it's better to set the attribute for port.
W: ConstraintEditor-4042: Port 'p:sys_qspi_dq[1]' lacks attribute 'PAP_IO_DRIVE', it's better to set the attribute for port.
W: ConstraintEditor-4042: Port 'p:sys_qspi_dq[1]' lacks attribute 'PAP_IO_SLEW', it's better to set the attribute for port.
W: ConstraintEditor-4042: Port 'p:sys_qspi_dq[1]' lacks attribute 'BUS_KEEPER', it's better to set the attribute for port.
W: ConstraintEditor-4042: Port 'p:sys_qspi_dq[2]' lacks attribute 'PAP_IO_DRIVE', it's better to set the attribute for port.
W: ConstraintEditor-4042: Port 'p:sys_qspi_dq[2]' lacks attribute 'PAP_IO_SLEW', it's better to set the attribute for port.
W: ConstraintEditor-4042: Port 'p:sys_qspi_dq[2]' lacks attribute 'BUS_KEEPER', it's better to set the attribute for port.
W: ConstraintEditor-4042: Port 'p:sys_qspi_dq[3]' lacks attribute 'PAP_IO_DRIVE', it's better to set the attribute for port.
W: ConstraintEditor-4042: Port 'p:sys_qspi_dq[3]' lacks attribute 'PAP_IO_SLEW', it's better to set the attribute for port.
W: ConstraintEditor-4042: Port 'p:sys_qspi_dq[3]' lacks attribute 'BUS_KEEPER', it's better to set the attribute for port.
W: ConstraintEditor-4042: Port 'p:sys_cp2102_tx' lacks attribute 'PAP_IO_DRIVE', it's better to set the attribute for port.
W: ConstraintEditor-4042: Port 'p:sys_cp2102_tx' lacks attribute 'PAP_IO_SLEW', it's better to set the attribute for port.
W: ConstraintEditor-4042: Port 'p:sys_led[0]' lacks attribute 'PAP_IO_DRIVE', it's better to set the attribute for port.
W: ConstraintEditor-4042: Port 'p:sys_led[0]' lacks attribute 'PAP_IO_SLEW', it's better to set the attribute for port.
W: ConstraintEditor-4042: Port 'p:sys_led[0]' lacks attribute 'BUS_KEEPER', it's better to set the attribute for port.
W: ConstraintEditor-4042: Port 'p:sys_led[1]' lacks attribute 'PAP_IO_DRIVE', it's better to set the attribute for port.
W: ConstraintEditor-4042: Port 'p:sys_led[1]' lacks attribute 'PAP_IO_SLEW', it's better to set the attribute for port.
W: ConstraintEditor-4042: Port 'p:sys_led[1]' lacks attribute 'BUS_KEEPER', it's better to set the attribute for port.
W: ConstraintEditor-4042: Port 'p:sys_led[2]' lacks attribute 'PAP_IO_DRIVE', it's better to set the attribute for port.
W: ConstraintEditor-4042: Port 'p:sys_led[2]' lacks attribute 'PAP_IO_SLEW', it's better to set the attribute for port.
W: ConstraintEditor-4042: Port 'p:sys_led[2]' lacks attribute 'BUS_KEEPER', it's better to set the attribute for port.
W: ConstraintEditor-4042: Port 'p:sys_led[3]' lacks attribute 'PAP_IO_DRIVE', it's better to set the attribute for port.
W: ConstraintEditor-4042: Port 'p:sys_led[3]' lacks attribute 'PAP_IO_SLEW', it's better to set the attribute for port.
W: ConstraintEditor-4042: Port 'p:sys_led[3]' lacks attribute 'BUS_KEEPER', it's better to set the attribute for port.
W: ConstraintEditor-4042: Port 'p:sys_led[4]' lacks attribute 'PAP_IO_DRIVE', it's better to set the attribute for port.
W: ConstraintEditor-4042: Port 'p:sys_led[4]' lacks attribute 'PAP_IO_SLEW', it's better to set the attribute for port.
W: ConstraintEditor-4042: Port 'p:sys_led[4]' lacks attribute 'BUS_KEEPER', it's better to set the attribute for port.
W: ConstraintEditor-4042: Port 'p:sys_led[5]' lacks attribute 'PAP_IO_DRIVE', it's better to set the attribute for port.
W: ConstraintEditor-4042: Port 'p:sys_led[5]' lacks attribute 'PAP_IO_SLEW', it's better to set the attribute for port.
W: ConstraintEditor-4042: Port 'p:sys_led[5]' lacks attribute 'BUS_KEEPER', it's better to set the attribute for port.
W: ConstraintEditor-4042: Port 'p:sys_led[6]' lacks attribute 'PAP_IO_DRIVE', it's better to set the attribute for port.
W: ConstraintEditor-4042: Port 'p:sys_led[6]' lacks attribute 'PAP_IO_SLEW', it's better to set the attribute for port.
W: ConstraintEditor-4042: Port 'p:sys_led[6]' lacks attribute 'BUS_KEEPER', it's better to set the attribute for port.
W: ConstraintEditor-4042: Port 'p:sys_led[7]' lacks attribute 'PAP_IO_DRIVE', it's better to set the attribute for port.
W: ConstraintEditor-4042: Port 'p:sys_led[7]' lacks attribute 'PAP_IO_SLEW', it's better to set the attribute for port.
W: ConstraintEditor-4042: Port 'p:sys_led[7]' lacks attribute 'BUS_KEEPER', it's better to set the attribute for port.
Found 0 error(s), 0 critical warning(s), 51 warning(s), out of 72 constraint(s), you can contact with D:/pango/works/ECSDC_FPGA_2026/prj_tasks/syn_1/synthesize/constraint_check.ccr for more detail information.
Constraint check end.
Total time(hh:mm:ss) of constraint check : 00:00:01
Executing : get_pins U_ipml_fifo*.wr_clk
I: Timing-4124: The pattern 'U_ipml_fifo*.wr_clk' in command 'get_pins U_ipml_fifo*.wr_clk' match 1 objects below: t:u_cp2102_top/u_cp2102/u_cp2102_tx_fifo/U_ipml_fifo_cp2102_tx_fifo/wr_clk
Executing : get_pins U_ipml_fifo*.wr_clk successfully.
Executing : get_clocks -of_object [get_pins U_ipml_fifo*.wr_clk]
Executing : get_clocks -of_object [get_pins U_ipml_fifo*.wr_clk] successfully.
Executing : get_pins U_ipml_fifo*.rd_clk
I: Timing-4124: The pattern 'U_ipml_fifo*.rd_clk' in command 'get_pins U_ipml_fifo*.rd_clk' match 1 objects below: t:u_cp2102_top/u_cp2102/u_cp2102_tx_fifo/U_ipml_fifo_cp2102_tx_fifo/rd_clk
Executing : get_pins U_ipml_fifo*.rd_clk successfully.
Executing : get_clocks -of_object [get_pins U_ipml_fifo*.rd_clk]
Executing : get_clocks -of_object [get_pins U_ipml_fifo*.rd_clk] successfully.
Executing : get_property -min -period [get_clocks -of_object [get_pins U_ipml_fifo*.wr_clk]]
Executing : get_property -min -period [get_clocks -of_object [get_pins U_ipml_fifo*.wr_clk]] successfully.
Executing : get_property -min -period [get_clocks -of_object [get_pins U_ipml_fifo*.rd_clk]]
Executing : get_property -min -period [get_clocks -of_object [get_pins U_ipml_fifo*.rd_clk]] successfully.
Executing : get_cells {*U_ipml_fifo*.U_ipml_fifo_ctrl*.ASYN_CTRL.rptr[*]}
I: Timing-4124: The pattern '*U_ipml_fifo*.U_ipml_fifo_ctrl*.ASYN_CTRL.rptr[*]' in command 'get_cells {*U_ipml_fifo*.U_ipml_fifo_ctrl*.ASYN_CTRL.rptr[*]}' match 1 objects below: i:u_cp2102_top/u_cp2102/u_cp2102_tx_fifo/U_ipml_fifo_cp2102_tx_fifo/U_ipml_fifo_ctrl/ASYN_CTRL.rptr[9:0]
Executing : get_cells {*U_ipml_fifo*.U_ipml_fifo_ctrl*.ASYN_CTRL.rptr[*]} successfully.
Executing : get_cells {*U_ipml_fifo*.U_ipml_fifo_ctrl*.ASYN_CTRL.wrptr1[*]}
I: Timing-4124: The pattern '*U_ipml_fifo*.U_ipml_fifo_ctrl*.ASYN_CTRL.wrptr1[*]' in command 'get_cells {*U_ipml_fifo*.U_ipml_fifo_ctrl*.ASYN_CTRL.wrptr1[*]}' match 1 objects below: i:u_cp2102_top/u_cp2102/u_cp2102_tx_fifo/U_ipml_fifo_cp2102_tx_fifo/U_ipml_fifo_ctrl/ASYN_CTRL.wrptr1[9:0]
Executing : get_cells {*U_ipml_fifo*.U_ipml_fifo_ctrl*.ASYN_CTRL.wrptr1[*]} successfully.
Executing : set_max_delay -datapath_only [get_property -min -period [get_clocks -of_object [get_pins U_ipml_fifo*.rd_clk]]] -from [get_cells {*U_ipml_fifo*.U_ipml_fifo_ctrl*.ASYN_CTRL.rptr[*]}] -to [get_cells {*U_ipml_fifo*.U_ipml_fifo_ctrl*.ASYN_CTRL.wrptr1[*]}]
Executing : set_max_delay -datapath_only [get_property -min -period [get_clocks -of_object [get_pins U_ipml_fifo*.rd_clk]]] -from [get_cells {*U_ipml_fifo*.U_ipml_fifo_ctrl*.ASYN_CTRL.rptr[*]}] -to [get_cells {*U_ipml_fifo*.U_ipml_fifo_ctrl*.ASYN_CTRL.wrptr1[*]}] successfully.
Executing : get_cells {*U_ipml_fifo*.U_ipml_fifo_ctrl*.ASYN_CTRL.wptr[*]}
I: Timing-4124: The pattern '*U_ipml_fifo*.U_ipml_fifo_ctrl*.ASYN_CTRL.wptr[*]' in command 'get_cells {*U_ipml_fifo*.U_ipml_fifo_ctrl*.ASYN_CTRL.wptr[*]}' match 1 objects below: i:u_cp2102_top/u_cp2102/u_cp2102_tx_fifo/U_ipml_fifo_cp2102_tx_fifo/U_ipml_fifo_ctrl/ASYN_CTRL.wptr[9:0]
Executing : get_cells {*U_ipml_fifo*.U_ipml_fifo_ctrl*.ASYN_CTRL.wptr[*]} successfully.
Executing : get_cells {*U_ipml_fifo*.U_ipml_fifo_ctrl*.ASYN_CTRL.rwptr1[*]}
I: Timing-4124: The pattern '*U_ipml_fifo*.U_ipml_fifo_ctrl*.ASYN_CTRL.rwptr1[*]' in command 'get_cells {*U_ipml_fifo*.U_ipml_fifo_ctrl*.ASYN_CTRL.rwptr1[*]}' match 1 objects below: i:u_cp2102_top/u_cp2102/u_cp2102_tx_fifo/U_ipml_fifo_cp2102_tx_fifo/U_ipml_fifo_ctrl/ASYN_CTRL.rwptr1[9:0]
Executing : get_cells {*U_ipml_fifo*.U_ipml_fifo_ctrl*.ASYN_CTRL.rwptr1[*]} successfully.
Executing : set_max_delay -datapath_only [get_property -min -period [get_clocks -of_object [get_pins U_ipml_fifo*.wr_clk]]] -from [get_cells {*U_ipml_fifo*.U_ipml_fifo_ctrl*.ASYN_CTRL.wptr[*]}] -to [get_cells {*U_ipml_fifo*.U_ipml_fifo_ctrl*.ASYN_CTRL.rwptr1[*]}]
Executing : set_max_delay -datapath_only [get_property -min -period [get_clocks -of_object [get_pins U_ipml_fifo*.wr_clk]]] -from [get_cells {*U_ipml_fifo*.U_ipml_fifo_ctrl*.ASYN_CTRL.wptr[*]}] -to [get_cells {*U_ipml_fifo*.U_ipml_fifo_ctrl*.ASYN_CTRL.rwptr1[*]}] successfully.
Start pre-mapping.
I: Constant propagation done on u_flash_top/u_flash_driver/u_qspi_master_rx/N462 (bmsREDAND).
I: Constant propagation done on u_flash_top/u_flash_driver/u_qspi_master_rx/N463 (bmsREDAND).
W: Adm-4083: [D:/pango/works/ECSDC_FPGA_2026/Designs/Driver/spi/qspi_master_rx.v(line number: 196)] Removed bmsWIDEDFFCPE inst dummy_cycles_reg[7:0] at 0 that is stuck at constant 0.
W: Adm-4083: [D:/pango/works/ECSDC_FPGA_2026/Designs/Driver/spi/qspi_master_rx.v(line number: 196)] Removed bmsWIDEDFFCPE inst dummy_cycles_reg[7:0] at 1 that is stuck at constant 0.
W: Adm-4083: [D:/pango/works/ECSDC_FPGA_2026/Designs/Driver/spi/qspi_master_rx.v(line number: 196)] Removed bmsWIDEDFFCPE inst dummy_cycles_reg[7:0] at 2 that is stuck at constant 0.
W: Adm-4083: [D:/pango/works/ECSDC_FPGA_2026/Designs/Driver/spi/qspi_master_rx.v(line number: 196)] Removed bmsWIDEDFFCPE inst dummy_cycles_reg[7:0] at 4 that is stuck at constant 0.
W: Adm-4083: [D:/pango/works/ECSDC_FPGA_2026/Designs/Driver/spi/qspi_master_rx.v(line number: 196)] Removed bmsWIDEDFFCPE inst dummy_cycles_reg[7:0] at 5 that is stuck at constant 0.
W: Adm-4083: [D:/pango/works/ECSDC_FPGA_2026/Designs/Driver/spi/qspi_master_rx.v(line number: 196)] Removed bmsWIDEDFFCPE inst dummy_cycles_reg[7:0] at 6 that is stuck at constant 0.
W: Adm-4083: [D:/pango/works/ECSDC_FPGA_2026/Designs/Driver/spi/qspi_master_rx.v(line number: 196)] Removed bmsWIDEDFFCPE inst dummy_cycles_reg[7:0] at 7 that is stuck at constant 0.
I: Constant propagation done on u_flash_top/u_flash_driver/u_qspi_master_rx/dummy_cycles_reg[7:0] (bmsWIDEDFFCPE).
W: Adm-4083: [D:/pango/works/ECSDC_FPGA_2026/Designs/Driver/spi/qspi_master_rx.v(line number: 196)] Removed bmsWIDEDFFCPE inst init_data_shift[7:0] at 0 that is stuck at constant 0.
I: Constant propagation done on u_flash_top/u_flash_driver/u_qspi_master_rx/init_data_shift[7:0] (bmsWIDEDFFCPE).
I: Constant propagation done on u_flash_top/u_flash_driver/u_qspi_master_rx/opcode_config[2]_inv (bmsINV).
I: Constant propagation done on u_flash_top/u_flash_driver/u_qspi_master_rx/opcode_config[3]_inv (bmsINV).
I: Constant propagation done on u_flash_top/u_flash_driver/u_qspi_master_rx/opcode_config[4]_inv (bmsINV).
I: Constant propagation done on u_flash_top/u_flash_driver/u_qspi_master_rx/opcode_config[5]_inv (bmsINV).
I: Constant propagation done on u_flash_top/u_flash_driver/u_qspi_master_rx/opcode_config[6]_inv (bmsINV).
I: Constant propagation done on u_flash_top/u_flash_driver/u_qspi_master_rx/opcode_config[7]_inv (bmsINV).
W: Adm-4083: [D:/pango/works/ECSDC_FPGA_2026/Designs/Driver/spi/qspi_master_rx.v(line number: 196)] Removed bmsWIDEDFFCPE inst address_shift[23:0] at 0 that is stuck at constant 0.
W: Adm-4082: [D:/pango/works/ECSDC_FPGA_2026/Designs/Driver/spi/qspi_master_rx.v(line number: 196)] Removed bmsWIDEDFFCPE inst single_data_reg that is stuck at constant 0.
W: Adm-4083: [D:/pango/works/ECSDC_FPGA_2026/Designs/Driver/spi/qspi_master_rx.v(line number: 196)] Removed bmsWIDEDFFCPE inst address_shift[23:0] at 1 that is stuck at constant 0.
W: Adm-4083: [D:/pango/works/ECSDC_FPGA_2026/Designs/Driver/spi/qspi_master_rx.v(line number: 196)] Removed bmsWIDEDFFCPE inst data_bit_count[2:0] at 0 that is stuck at constant 0.
W: Adm-4083: [D:/pango/works/ECSDC_FPGA_2026/Designs/Driver/spi/qspi_master_rx.v(line number: 196)] Removed bmsWIDEDFFCPE inst data_bit_count[2:0] at 1 that is stuck at constant 0.
W: Adm-4083: [D:/pango/works/ECSDC_FPGA_2026/Designs/Driver/spi/qspi_master_rx.v(line number: 196)] Removed bmsWIDEDFFCPE inst data_bit_count[2:0] at 2 that is stuck at constant 0.
W: Adm-4083: [D:/pango/works/ECSDC_FPGA_2026/Designs/Driver/spi/qspi_master_rx.v(line number: 196)] Removed bmsWIDEDFFCPE inst address_shift[23:0] at 2 that is stuck at constant 0.
W: Adm-4083: [D:/pango/works/ECSDC_FPGA_2026/Designs/Driver/spi/qspi_master_rx.v(line number: 196)] Removed bmsWIDEDFFCPE inst address_shift[23:0] at 3 that is stuck at constant 0.
W: Adm-4083: [D:/pango/works/ECSDC_FPGA_2026/Designs/Driver/spi/qspi_master_rx.v(line number: 196)] Removed bmsWIDEDFFCPE inst address_shift[23:0] at 4 that is stuck at constant 0.
W: Adm-4083: [D:/pango/works/ECSDC_FPGA_2026/Designs/Driver/spi/qspi_master_rx.v(line number: 196)] Removed bmsWIDEDFFCPE inst address_shift[23:0] at 5 that is stuck at constant 0.
W: Adm-4083: [D:/pango/works/ECSDC_FPGA_2026/Designs/Driver/spi/qspi_master_rx.v(line number: 196)] Removed bmsWIDEDFFCPE inst address_shift[23:0] at 6 that is stuck at constant 0.
W: Adm-4083: [D:/pango/works/ECSDC_FPGA_2026/Designs/Driver/spi/qspi_master_rx.v(line number: 196)] Removed bmsWIDEDFFCPE inst address_shift[23:0] at 7 that is stuck at constant 0.
W: Adm-4083: [D:/pango/works/ECSDC_FPGA_2026/Designs/Driver/spi/qspi_master_rx.v(line number: 196)] Removed bmsWIDEDFFCPE inst address_shift[23:0] at 8 that is stuck at constant 0.
W: Adm-4083: [D:/pango/works/ECSDC_FPGA_2026/Designs/Driver/spi/qspi_master_rx.v(line number: 196)] Removed bmsWIDEDFFCPE inst address_shift[23:0] at 9 that is stuck at constant 0.
W: Adm-4083: [D:/pango/works/ECSDC_FPGA_2026/Designs/Driver/spi/qspi_master_rx.v(line number: 196)] Removed bmsWIDEDFFCPE inst address_shift[23:0] at 10 that is stuck at constant 0.
W: Adm-4083: [D:/pango/works/ECSDC_FPGA_2026/Designs/Driver/spi/qspi_master_rx.v(line number: 196)] Removed bmsWIDEDFFCPE inst address_shift[23:0] at 11 that is stuck at constant 0.
W: Adm-4083: [D:/pango/works/ECSDC_FPGA_2026/Designs/Driver/spi/qspi_master_rx.v(line number: 196)] Removed bmsWIDEDFFCPE inst address_shift[23:0] at 12 that is stuck at constant 0.
W: Public-4060: [D:/pango/works/ECSDC_FPGA_2026/Designs/flash_read_top.v(line number: 61)] Hierarchical instance 'u_led_top' is dangling and will be cleaned.
I: Encoding type of FSM 'tx_mode_fsm[1:0]' is: original.
I: Encoding table of FSM 'tx_mode_fsm[1:0]':
I: from  u_cp2102_top/u_cp2102/tx_mode[1] u_cp2102_top/u_cp2102/tx_mode[0]
I: to  u_cp2102_top/u_cp2102/tx_mode_reg[1] u_cp2102_top/u_cp2102/tx_mode_reg[0]
I: 00 => 00
I: 01 => 01
I: 10 => 10
I: 11 => 11
I: Encoding type of FSM 'tx_state_fsm[3:0]' is: onehot.
I: Encoding table of FSM 'tx_state_fsm[3:0]':
I: from  u_cp2102_top/u_cp2102/tx_state[3] u_cp2102_top/u_cp2102/tx_state[2] u_cp2102_top/u_cp2102/tx_state[1] u_cp2102_top/u_cp2102/tx_state[0]
I: to  u_cp2102_top/u_cp2102/tx_state_reg[8] u_cp2102_top/u_cp2102/tx_state_reg[7] u_cp2102_top/u_cp2102/tx_state_reg[6] u_cp2102_top/u_cp2102/tx_state_reg[5] u_cp2102_top/u_cp2102/tx_state_reg[4] u_cp2102_top/u_cp2102/tx_state_reg[3] u_cp2102_top/u_cp2102/tx_state_reg[2] u_cp2102_top/u_cp2102/tx_state_reg[1] u_cp2102_top/u_cp2102/tx_state_reg[0]
I: 0000 => 000000001
I: 0001 => 000000010
I: 0010 => 000000100
I: 0011 => 000001000
I: 0100 => 000010000
I: 0101 => 000100000
I: 0110 => 001000000
I: 0111 => 010000000
I: 1000 => 100000000
I: Encoding type of FSM 'uart_state_fsm[2:0]' is: original.
I: Encoding table of FSM 'uart_state_fsm[2:0]':
I: from  u_cp2102_top/u_cp2102/u_uart_tx/uart_state[2] u_cp2102_top/u_cp2102/u_uart_tx/uart_state[1] u_cp2102_top/u_cp2102/u_uart_tx/uart_state[0]
I: to  u_cp2102_top/u_cp2102/u_uart_tx/uart_state_reg[2] u_cp2102_top/u_cp2102/u_uart_tx/uart_state_reg[1] u_cp2102_top/u_cp2102/u_uart_tx/uart_state_reg[0]
I: 000 => 000
I: 001 => 001
I: 010 => 010
I: 100 => 100
I: Encoding type of FSM 'byte_index_fsm[1:0]' is: original.
I: Encoding table of FSM 'byte_index_fsm[1:0]':
I: from  u_flash_top/u_flash_driver/byte_index[1] u_flash_top/u_flash_driver/byte_index[0]
I: to  u_flash_top/u_flash_driver/byte_index_reg[1] u_flash_top/u_flash_driver/byte_index_reg[0]
I: 00 => 00
I: 01 => 01
I: 10 => 10
I: 11 => 11
I: Encoding type of FSM 'state_current_fsm[3:0]' is: onehot.
I: Encoding table of FSM 'state_current_fsm[3:0]':
I: from  u_flash_top/u_flash_driver/u_qspi_master_rx/state_current[3] u_flash_top/u_flash_driver/u_qspi_master_rx/state_current[2] u_flash_top/u_flash_driver/u_qspi_master_rx/state_current[1] u_flash_top/u_flash_driver/u_qspi_master_rx/state_current[0]
I: to  u_flash_top/u_flash_driver/u_qspi_master_rx/state_current_reg[9] u_flash_top/u_flash_driver/u_qspi_master_rx/state_current_reg[8] u_flash_top/u_flash_driver/u_qspi_master_rx/state_current_reg[7] u_flash_top/u_flash_driver/u_qspi_master_rx/state_current_reg[6] u_flash_top/u_flash_driver/u_qspi_master_rx/state_current_reg[5] u_flash_top/u_flash_driver/u_qspi_master_rx/state_current_reg[4] u_flash_top/u_flash_driver/u_qspi_master_rx/state_current_reg[3] u_flash_top/u_flash_driver/u_qspi_master_rx/state_current_reg[2] u_flash_top/u_flash_driver/u_qspi_master_rx/state_current_reg[1] u_flash_top/u_flash_driver/u_qspi_master_rx/state_current_reg[0]
I: 0000 => 0000000001
I: 0001 => 0000000010
I: 0010 => 0000000100
I: 0011 => 0000001000
I: 0100 => 0000010000
I: 0101 => 0000100000
I: 0110 => 0001000000
I: 0111 => 0010000000
I: 1000 => 0100000000
I: 1001 => 1000000000
W: Public-4008: [D:/pango/works/ECSDC_FPGA_2026/Designs/Hardware/cp2102/cp2102_driver.v(line number: 270)] Instance 'u_cp2102_top/u_cp2102/u_uart_tx/parity_bit' of 'bmsWIDEDFFCPE' unit is dangling and will be cleaned.
Executing : pre-mapping successfully. Time elapsed: 0.110s wall, 0.109s user + 0.047s system = 0.156s CPU (141.9%). Peak memory used: 263 MB.

Start mod-gen.
W: Public-4008: [D:/pango/works/ECSDC_FPGA_2026/ipcore/cp2102_tx_fifo/rtl/ipml_fifo_ctrl_v1_14_cp2102_tx_fifo.v(line number: 825)] Instance 'u_cp2102_top/u_cp2102/u_cp2102_tx_fifo/U_ipml_fifo_cp2102_tx_fifo/U_ipml_fifo_ctrl/almost_empty' of 'bmsWIDEDFFCPE' unit is dangling and will be cleaned.
W: Public-4008: [D:/pango/works/ECSDC_FPGA_2026/ipcore/cp2102_tx_fifo/rtl/ipml_fifo_ctrl_v1_14_cp2102_tx_fifo.v(line number: 801)] Instance 'u_cp2102_top/u_cp2102/u_cp2102_tx_fifo/U_ipml_fifo_cp2102_tx_fifo/U_ipml_fifo_ctrl/almost_full' of 'bmsWIDEDFFCPE' unit is dangling and will be cleaned.
W: Public-4008: [D:/pango/works/ECSDC_FPGA_2026/ipcore/cp2102_tx_fifo/rtl/ipml_fifo_ctrl_v1_14_cp2102_tx_fifo.v(line number: 463)] Instance 'u_cp2102_top/u_cp2102/u_cp2102_tx_fifo/U_ipml_fifo_cp2102_tx_fifo/U_ipml_fifo_ctrl/gen_no_prefetch_ctrl.gen_std_fifo_vld_nor.data_valid' of 'bmsWIDEDFFCPE' unit is dangling and will be cleaned.
W: Public-4008: [D:/pango/works/ECSDC_FPGA_2026/ipcore/cp2102_tx_fifo/rtl/ipml_fifo_ctrl_v1_14_cp2102_tx_fifo.v(line number: 834)] Instance 'u_cp2102_top/u_cp2102/u_cp2102_tx_fifo/U_ipml_fifo_cp2102_tx_fifo/U_ipml_fifo_ctrl/rd_water_level_i[9:0]' of 'bmsWIDEDFFCPE' unit is dangling and will be cleaned.
W: Public-4008: [D:/pango/works/ECSDC_FPGA_2026/ipcore/cp2102_tx_fifo/rtl/ipml_fifo_ctrl_v1_14_cp2102_tx_fifo.v(line number: 809)] Instance 'u_cp2102_top/u_cp2102/u_cp2102_tx_fifo/U_ipml_fifo_cp2102_tx_fifo/U_ipml_fifo_ctrl/wr_water_level_i[9:0]' of 'bmsWIDEDFFCPE' unit is dangling and will be cleaned.
W: Public-4008: [D:/pango/works/ECSDC_FPGA_2026/Designs/Hardware/flash/flash_driver.v(line number: 61)] Instance 'u_flash_top/u_flash_driver/word_count_reg[31:0]' of 'bmsWIDEDFFCPE' unit is dangling and will be cleaned.
W: Adm-4083: [D:/pango/works/ECSDC_FPGA_2026/Designs/Hardware/cp2102/cp2102_driver.v(line number: 56)] Removed bmsWIDEDFFCPE inst u_cp2102_top/u_cp2102/payload_word_count[3:0] at 3 that is stuck at constant 0.
W: Adm-4083: [D:/pango/works/ECSDC_FPGA_2026/Designs/Hardware/cp2102/cp2102_driver.v(line number: 270)] Removed bmsWIDEDFFCPE inst u_cp2102_top/u_cp2102/u_uart_tx/clock_count[31:0] at 6 that is stuck at constant 0.
W: Adm-4083: [D:/pango/works/ECSDC_FPGA_2026/Designs/Hardware/cp2102/cp2102_driver.v(line number: 270)] Removed bmsWIDEDFFCPE inst u_cp2102_top/u_cp2102/u_uart_tx/clock_count[31:0] at 7 that is stuck at constant 0.
W: Adm-4083: [D:/pango/works/ECSDC_FPGA_2026/Designs/Hardware/cp2102/cp2102_driver.v(line number: 270)] Removed bmsWIDEDFFCPE inst u_cp2102_top/u_cp2102/u_uart_tx/clock_count[31:0] at 8 that is stuck at constant 0.
W: Adm-4083: [D:/pango/works/ECSDC_FPGA_2026/Designs/Hardware/cp2102/cp2102_driver.v(line number: 270)] Removed bmsWIDEDFFCPE inst u_cp2102_top/u_cp2102/u_uart_tx/clock_count[31:0] at 9 that is stuck at constant 0.
W: Adm-4083: [D:/pango/works/ECSDC_FPGA_2026/Designs/Hardware/cp2102/cp2102_driver.v(line number: 270)] Removed bmsWIDEDFFCPE inst u_cp2102_top/u_cp2102/u_uart_tx/clock_count[31:0] at 10 that is stuck at constant 0.
W: Adm-4083: [D:/pango/works/ECSDC_FPGA_2026/Designs/Hardware/cp2102/cp2102_driver.v(line number: 270)] Removed bmsWIDEDFFCPE inst u_cp2102_top/u_cp2102/u_uart_tx/clock_count[31:0] at 11 that is stuck at constant 0.
W: Adm-4083: [D:/pango/works/ECSDC_FPGA_2026/Designs/Hardware/cp2102/cp2102_driver.v(line number: 270)] Removed bmsWIDEDFFCPE inst u_cp2102_top/u_cp2102/u_uart_tx/clock_count[31:0] at 12 that is stuck at constant 0.
W: Adm-4083: [D:/pango/works/ECSDC_FPGA_2026/Designs/Hardware/cp2102/cp2102_driver.v(line number: 270)] Removed bmsWIDEDFFCPE inst u_cp2102_top/u_cp2102/u_uart_tx/clock_count[31:0] at 13 that is stuck at constant 0.
W: Adm-4083: [D:/pango/works/ECSDC_FPGA_2026/Designs/Hardware/cp2102/cp2102_driver.v(line number: 270)] Removed bmsWIDEDFFCPE inst u_cp2102_top/u_cp2102/u_uart_tx/clock_count[31:0] at 14 that is stuck at constant 0.
W: Adm-4083: [D:/pango/works/ECSDC_FPGA_2026/Designs/Hardware/cp2102/cp2102_driver.v(line number: 270)] Removed bmsWIDEDFFCPE inst u_cp2102_top/u_cp2102/u_uart_tx/clock_count[31:0] at 15 that is stuck at constant 0.
W: Adm-4083: [D:/pango/works/ECSDC_FPGA_2026/Designs/Hardware/cp2102/cp2102_driver.v(line number: 270)] Removed bmsWIDEDFFCPE inst u_cp2102_top/u_cp2102/u_uart_tx/clock_count[31:0] at 16 that is stuck at constant 0.
W: Adm-4083: [D:/pango/works/ECSDC_FPGA_2026/Designs/Hardware/cp2102/cp2102_driver.v(line number: 270)] Removed bmsWIDEDFFCPE inst u_cp2102_top/u_cp2102/u_uart_tx/clock_count[31:0] at 17 that is stuck at constant 0.
W: Adm-4083: [D:/pango/works/ECSDC_FPGA_2026/Designs/Hardware/cp2102/cp2102_driver.v(line number: 270)] Removed bmsWIDEDFFCPE inst u_cp2102_top/u_cp2102/u_uart_tx/clock_count[31:0] at 18 that is stuck at constant 0.
W: Adm-4083: [D:/pango/works/ECSDC_FPGA_2026/Designs/Hardware/cp2102/cp2102_driver.v(line number: 270)] Removed bmsWIDEDFFCPE inst u_cp2102_top/u_cp2102/u_uart_tx/clock_count[31:0] at 19 that is stuck at constant 0.
W: Adm-4083: [D:/pango/works/ECSDC_FPGA_2026/Designs/Hardware/cp2102/cp2102_driver.v(line number: 270)] Removed bmsWIDEDFFCPE inst u_cp2102_top/u_cp2102/u_uart_tx/clock_count[31:0] at 20 that is stuck at constant 0.
W: Adm-4083: [D:/pango/works/ECSDC_FPGA_2026/Designs/Hardware/cp2102/cp2102_driver.v(line number: 270)] Removed bmsWIDEDFFCPE inst u_cp2102_top/u_cp2102/u_uart_tx/clock_count[31:0] at 21 that is stuck at constant 0.
W: Adm-4083: [D:/pango/works/ECSDC_FPGA_2026/Designs/Hardware/cp2102/cp2102_driver.v(line number: 270)] Removed bmsWIDEDFFCPE inst u_cp2102_top/u_cp2102/u_uart_tx/clock_count[31:0] at 22 that is stuck at constant 0.
W: Adm-4083: [D:/pango/works/ECSDC_FPGA_2026/Designs/Hardware/cp2102/cp2102_driver.v(line number: 270)] Removed bmsWIDEDFFCPE inst u_cp2102_top/u_cp2102/u_uart_tx/clock_count[31:0] at 23 that is stuck at constant 0.
W: Adm-4083: [D:/pango/works/ECSDC_FPGA_2026/Designs/Hardware/cp2102/cp2102_driver.v(line number: 270)] Removed bmsWIDEDFFCPE inst u_cp2102_top/u_cp2102/u_uart_tx/clock_count[31:0] at 24 that is stuck at constant 0.
W: Adm-4083: [D:/pango/works/ECSDC_FPGA_2026/Designs/Hardware/cp2102/cp2102_driver.v(line number: 270)] Removed bmsWIDEDFFCPE inst u_cp2102_top/u_cp2102/u_uart_tx/clock_count[31:0] at 25 that is stuck at constant 0.
W: Adm-4083: [D:/pango/works/ECSDC_FPGA_2026/Designs/Hardware/cp2102/cp2102_driver.v(line number: 270)] Removed bmsWIDEDFFCPE inst u_cp2102_top/u_cp2102/u_uart_tx/clock_count[31:0] at 26 that is stuck at constant 0.
W: Adm-4083: [D:/pango/works/ECSDC_FPGA_2026/Designs/Hardware/cp2102/cp2102_driver.v(line number: 270)] Removed bmsWIDEDFFCPE inst u_cp2102_top/u_cp2102/u_uart_tx/clock_count[31:0] at 27 that is stuck at constant 0.
W: Adm-4083: [D:/pango/works/ECSDC_FPGA_2026/Designs/Hardware/cp2102/cp2102_driver.v(line number: 270)] Removed bmsWIDEDFFCPE inst u_cp2102_top/u_cp2102/u_uart_tx/clock_count[31:0] at 28 that is stuck at constant 0.
W: Adm-4083: [D:/pango/works/ECSDC_FPGA_2026/Designs/Hardware/cp2102/cp2102_driver.v(line number: 270)] Removed bmsWIDEDFFCPE inst u_cp2102_top/u_cp2102/u_uart_tx/clock_count[31:0] at 29 that is stuck at constant 0.
W: Adm-4083: [D:/pango/works/ECSDC_FPGA_2026/Designs/Hardware/cp2102/cp2102_driver.v(line number: 270)] Removed bmsWIDEDFFCPE inst u_cp2102_top/u_cp2102/u_uart_tx/clock_count[31:0] at 30 that is stuck at constant 0.
W: Adm-4083: [D:/pango/works/ECSDC_FPGA_2026/Designs/Hardware/cp2102/cp2102_driver.v(line number: 270)] Removed bmsWIDEDFFCPE inst u_cp2102_top/u_cp2102/u_uart_tx/clock_count[31:0] at 31 that is stuck at constant 0.
Executing : mod-gen successfully. Time elapsed: 0.131s wall, 0.141s user + 0.016s system = 0.156s CPU (119.1%). Peak memory used: 277 MB.

Start logic-optimization.
Executing : logic-optimization successfully. Time elapsed: 0.166s wall, 0.141s user + 0.031s system = 0.172s CPU (103.7%). Peak memory used: 286 MB.

Start tech-mapping phase 1.
W: Public-4008: [D:/pango/works/ECSDC_FPGA_2026/Designs/Driver/spi/qspi_master_rx.v(line number: 196)] Instance 'u_flash_top/u_flash_driver/u_qspi_master_rx/dummy_cycles_reg[0]' of 'bmsWIDEDFFCPE' unit is dangling and will be cleaned.
W: Public-4008: [D:/pango/works/ECSDC_FPGA_2026/Designs/Driver/spi/qspi_master_rx.v(line number: 196)] Instance 'u_flash_top/u_flash_driver/u_qspi_master_rx/dummy_cycles_reg[1]' of 'bmsWIDEDFFCPE' unit is dangling and will be cleaned.
W: Public-4008: [D:/pango/works/ECSDC_FPGA_2026/Designs/Driver/spi/qspi_master_rx.v(line number: 196)] Instance 'u_flash_top/u_flash_driver/u_qspi_master_rx/dummy_cycles_reg[2]' of 'bmsWIDEDFFCPE' unit is dangling and will be cleaned.
W: Public-4008: [D:/pango/works/ECSDC_FPGA_2026/Designs/Driver/spi/qspi_master_rx.v(line number: 196)] Instance 'u_flash_top/u_flash_driver/u_qspi_master_rx/dummy_cycles_reg[4]' of 'bmsWIDEDFFCPE' unit is dangling and will be cleaned.
W: Public-4008: [D:/pango/works/ECSDC_FPGA_2026/Designs/Driver/spi/qspi_master_rx.v(line number: 196)] Instance 'u_flash_top/u_flash_driver/u_qspi_master_rx/dummy_cycles_reg[5]' of 'bmsWIDEDFFCPE' unit is dangling and will be cleaned.
W: Public-4008: [D:/pango/works/ECSDC_FPGA_2026/Designs/Driver/spi/qspi_master_rx.v(line number: 196)] Instance 'u_flash_top/u_flash_driver/u_qspi_master_rx/dummy_cycles_reg[6]' of 'bmsWIDEDFFCPE' unit is dangling and will be cleaned.
W: Public-4008: [D:/pango/works/ECSDC_FPGA_2026/Designs/Driver/spi/qspi_master_rx.v(line number: 196)] Instance 'u_flash_top/u_flash_driver/u_qspi_master_rx/dummy_cycles_reg[7]' of 'bmsWIDEDFFCPE' unit is dangling and will be cleaned.
W: Public-4008: [D:/pango/works/ECSDC_FPGA_2026/Designs/Driver/spi/qspi_master_rx.v(line number: 196)] Instance 'u_flash_top/u_flash_driver/u_qspi_master_rx/init_data_shift[0]' of 'bmsWIDEDFFCPE' unit is dangling and will be cleaned.
W: Public-4008: [D:/pango/works/ECSDC_FPGA_2026/Designs/Driver/spi/qspi_master_rx.v(line number: 196)] Instance 'u_flash_top/u_flash_driver/u_qspi_master_rx/init_data_shift[7]' of 'bmsWIDEDFFCPE' unit is dangling and will be cleaned.
W: Public-4008: [D:/pango/works/ECSDC_FPGA_2026/Designs/Hardware/cp2102/cp2102_driver.v(line number: 56)] Instance 'u_cp2102_top/u_cp2102/payload_word_count[3]' of 'bmsWIDEDFFCPE' unit is dangling and will be cleaned.
W: Public-4008: [D:/pango/works/ECSDC_FPGA_2026/Designs/Driver/spi/qspi_master_rx.v(line number: 196)] Instance 'u_flash_top/u_flash_driver/u_qspi_master_rx/command_shift[7]' of 'bmsWIDEDFFCPE' unit is dangling and will be cleaned.
W: Public-4008: [D:/pango/works/ECSDC_FPGA_2026/Designs/Driver/spi/qspi_master_rx.v(line number: 196)] Instance 'u_flash_top/u_flash_driver/u_qspi_master_rx/data_shift[4]' of 'bmsWIDEDFFCPE' unit is dangling and will be cleaned.
W: Public-4008: [D:/pango/works/ECSDC_FPGA_2026/Designs/Driver/spi/qspi_master_rx.v(line number: 196)] Instance 'u_flash_top/u_flash_driver/u_qspi_master_rx/data_shift[5]' of 'bmsWIDEDFFCPE' unit is dangling and will be cleaned.
W: Public-4008: [D:/pango/works/ECSDC_FPGA_2026/Designs/Driver/spi/qspi_master_rx.v(line number: 196)] Instance 'u_flash_top/u_flash_driver/u_qspi_master_rx/data_shift[6]' of 'bmsWIDEDFFCPE' unit is dangling and will be cleaned.
W: Public-4008: [D:/pango/works/ECSDC_FPGA_2026/Designs/Driver/spi/qspi_master_rx.v(line number: 196)] Instance 'u_flash_top/u_flash_driver/u_qspi_master_rx/data_shift[7]' of 'bmsWIDEDFFCPE' unit is dangling and will be cleaned.
W: Public-4008: [D:/pango/works/ECSDC_FPGA_2026/Designs/Driver/spi/qspi_master_rx.v(line number: 196)] Instance 'u_flash_top/u_flash_driver/u_qspi_master_rx/address_shift[0]' of 'bmsWIDEDFFCPE' unit is dangling and will be cleaned.
W: Public-4008: [D:/pango/works/ECSDC_FPGA_2026/Designs/Driver/spi/qspi_master_rx.v(line number: 196)] Instance 'u_flash_top/u_flash_driver/u_qspi_master_rx/address_shift[1]' of 'bmsWIDEDFFCPE' unit is dangling and will be cleaned.
W: Public-4008: [D:/pango/works/ECSDC_FPGA_2026/Designs/Driver/spi/qspi_master_rx.v(line number: 196)] Instance 'u_flash_top/u_flash_driver/u_qspi_master_rx/address_shift[2]' of 'bmsWIDEDFFCPE' unit is dangling and will be cleaned.
W: Public-4008: [D:/pango/works/ECSDC_FPGA_2026/Designs/Driver/spi/qspi_master_rx.v(line number: 196)] Instance 'u_flash_top/u_flash_driver/u_qspi_master_rx/address_shift[3]' of 'bmsWIDEDFFCPE' unit is dangling and will be cleaned.
W: Public-4008: [D:/pango/works/ECSDC_FPGA_2026/Designs/Driver/spi/qspi_master_rx.v(line number: 196)] Instance 'u_flash_top/u_flash_driver/u_qspi_master_rx/address_shift[4]' of 'bmsWIDEDFFCPE' unit is dangling and will be cleaned.
W: Public-4008: [D:/pango/works/ECSDC_FPGA_2026/Designs/Driver/spi/qspi_master_rx.v(line number: 196)] Instance 'u_flash_top/u_flash_driver/u_qspi_master_rx/address_shift[5]' of 'bmsWIDEDFFCPE' unit is dangling and will be cleaned.
W: Public-4008: [D:/pango/works/ECSDC_FPGA_2026/Designs/Driver/spi/qspi_master_rx.v(line number: 196)] Instance 'u_flash_top/u_flash_driver/u_qspi_master_rx/address_shift[6]' of 'bmsWIDEDFFCPE' unit is dangling and will be cleaned.
W: Public-4008: [D:/pango/works/ECSDC_FPGA_2026/Designs/Driver/spi/qspi_master_rx.v(line number: 196)] Instance 'u_flash_top/u_flash_driver/u_qspi_master_rx/address_shift[7]' of 'bmsWIDEDFFCPE' unit is dangling and will be cleaned.
W: Public-4008: [D:/pango/works/ECSDC_FPGA_2026/Designs/Driver/spi/qspi_master_rx.v(line number: 196)] Instance 'u_flash_top/u_flash_driver/u_qspi_master_rx/address_shift[8]' of 'bmsWIDEDFFCPE' unit is dangling and will be cleaned.
W: Public-4008: [D:/pango/works/ECSDC_FPGA_2026/Designs/Driver/spi/qspi_master_rx.v(line number: 196)] Instance 'u_flash_top/u_flash_driver/u_qspi_master_rx/address_shift[9]' of 'bmsWIDEDFFCPE' unit is dangling and will be cleaned.
W: Public-4008: [D:/pango/works/ECSDC_FPGA_2026/Designs/Driver/spi/qspi_master_rx.v(line number: 196)] Instance 'u_flash_top/u_flash_driver/u_qspi_master_rx/address_shift[10]' of 'bmsWIDEDFFCPE' unit is dangling and will be cleaned.
W: Public-4008: [D:/pango/works/ECSDC_FPGA_2026/Designs/Driver/spi/qspi_master_rx.v(line number: 196)] Instance 'u_flash_top/u_flash_driver/u_qspi_master_rx/address_shift[11]' of 'bmsWIDEDFFCPE' unit is dangling and will be cleaned.
W: Public-4008: [D:/pango/works/ECSDC_FPGA_2026/Designs/Driver/spi/qspi_master_rx.v(line number: 196)] Instance 'u_flash_top/u_flash_driver/u_qspi_master_rx/address_shift[12]' of 'bmsWIDEDFFCPE' unit is dangling and will be cleaned.
W: Public-4008: [D:/pango/works/ECSDC_FPGA_2026/Designs/Hardware/cp2102/cp2102_driver.v(line number: 270)] Instance 'u_cp2102_top/u_cp2102/u_uart_tx/clock_count[6]' of 'bmsWIDEDFFCPE' unit is dangling and will be cleaned.
W: Public-4008: [D:/pango/works/ECSDC_FPGA_2026/Designs/Hardware/cp2102/cp2102_driver.v(line number: 270)] Instance 'u_cp2102_top/u_cp2102/u_uart_tx/clock_count[7]' of 'bmsWIDEDFFCPE' unit is dangling and will be cleaned.
W: Public-4008: [D:/pango/works/ECSDC_FPGA_2026/Designs/Hardware/cp2102/cp2102_driver.v(line number: 270)] Instance 'u_cp2102_top/u_cp2102/u_uart_tx/clock_count[8]' of 'bmsWIDEDFFCPE' unit is dangling and will be cleaned.
W: Public-4008: [D:/pango/works/ECSDC_FPGA_2026/Designs/Hardware/cp2102/cp2102_driver.v(line number: 270)] Instance 'u_cp2102_top/u_cp2102/u_uart_tx/clock_count[9]' of 'bmsWIDEDFFCPE' unit is dangling and will be cleaned.
W: Public-4008: [D:/pango/works/ECSDC_FPGA_2026/Designs/Hardware/cp2102/cp2102_driver.v(line number: 270)] Instance 'u_cp2102_top/u_cp2102/u_uart_tx/clock_count[10]' of 'bmsWIDEDFFCPE' unit is dangling and will be cleaned.
W: Public-4008: [D:/pango/works/ECSDC_FPGA_2026/Designs/Hardware/cp2102/cp2102_driver.v(line number: 270)] Instance 'u_cp2102_top/u_cp2102/u_uart_tx/clock_count[11]' of 'bmsWIDEDFFCPE' unit is dangling and will be cleaned.
W: Public-4008: [D:/pango/works/ECSDC_FPGA_2026/Designs/Hardware/cp2102/cp2102_driver.v(line number: 270)] Instance 'u_cp2102_top/u_cp2102/u_uart_tx/clock_count[12]' of 'bmsWIDEDFFCPE' unit is dangling and will be cleaned.
W: Public-4008: [D:/pango/works/ECSDC_FPGA_2026/Designs/Hardware/cp2102/cp2102_driver.v(line number: 270)] Instance 'u_cp2102_top/u_cp2102/u_uart_tx/clock_count[13]' of 'bmsWIDEDFFCPE' unit is dangling and will be cleaned.
W: Public-4008: [D:/pango/works/ECSDC_FPGA_2026/Designs/Hardware/cp2102/cp2102_driver.v(line number: 270)] Instance 'u_cp2102_top/u_cp2102/u_uart_tx/clock_count[14]' of 'bmsWIDEDFFCPE' unit is dangling and will be cleaned.
W: Public-4008: [D:/pango/works/ECSDC_FPGA_2026/Designs/Hardware/cp2102/cp2102_driver.v(line number: 270)] Instance 'u_cp2102_top/u_cp2102/u_uart_tx/clock_count[15]' of 'bmsWIDEDFFCPE' unit is dangling and will be cleaned.
W: Public-4008: [D:/pango/works/ECSDC_FPGA_2026/Designs/Hardware/cp2102/cp2102_driver.v(line number: 270)] Instance 'u_cp2102_top/u_cp2102/u_uart_tx/clock_count[16]' of 'bmsWIDEDFFCPE' unit is dangling and will be cleaned.
W: Public-4008: [D:/pango/works/ECSDC_FPGA_2026/Designs/Hardware/cp2102/cp2102_driver.v(line number: 270)] Instance 'u_cp2102_top/u_cp2102/u_uart_tx/clock_count[17]' of 'bmsWIDEDFFCPE' unit is dangling and will be cleaned.
W: Public-4008: [D:/pango/works/ECSDC_FPGA_2026/Designs/Hardware/cp2102/cp2102_driver.v(line number: 270)] Instance 'u_cp2102_top/u_cp2102/u_uart_tx/clock_count[18]' of 'bmsWIDEDFFCPE' unit is dangling and will be cleaned.
W: Public-4008: [D:/pango/works/ECSDC_FPGA_2026/Designs/Hardware/cp2102/cp2102_driver.v(line number: 270)] Instance 'u_cp2102_top/u_cp2102/u_uart_tx/clock_count[19]' of 'bmsWIDEDFFCPE' unit is dangling and will be cleaned.
W: Public-4008: [D:/pango/works/ECSDC_FPGA_2026/Designs/Hardware/cp2102/cp2102_driver.v(line number: 270)] Instance 'u_cp2102_top/u_cp2102/u_uart_tx/clock_count[20]' of 'bmsWIDEDFFCPE' unit is dangling and will be cleaned.
W: Public-4008: [D:/pango/works/ECSDC_FPGA_2026/Designs/Hardware/cp2102/cp2102_driver.v(line number: 270)] Instance 'u_cp2102_top/u_cp2102/u_uart_tx/clock_count[21]' of 'bmsWIDEDFFCPE' unit is dangling and will be cleaned.
W: Public-4008: [D:/pango/works/ECSDC_FPGA_2026/Designs/Hardware/cp2102/cp2102_driver.v(line number: 270)] Instance 'u_cp2102_top/u_cp2102/u_uart_tx/clock_count[22]' of 'bmsWIDEDFFCPE' unit is dangling and will be cleaned.
W: Public-4008: [D:/pango/works/ECSDC_FPGA_2026/Designs/Hardware/cp2102/cp2102_driver.v(line number: 270)] Instance 'u_cp2102_top/u_cp2102/u_uart_tx/clock_count[23]' of 'bmsWIDEDFFCPE' unit is dangling and will be cleaned.
W: Public-4008: [D:/pango/works/ECSDC_FPGA_2026/Designs/Hardware/cp2102/cp2102_driver.v(line number: 270)] Instance 'u_cp2102_top/u_cp2102/u_uart_tx/clock_count[24]' of 'bmsWIDEDFFCPE' unit is dangling and will be cleaned.
W: Public-4008: [D:/pango/works/ECSDC_FPGA_2026/Designs/Hardware/cp2102/cp2102_driver.v(line number: 270)] Instance 'u_cp2102_top/u_cp2102/u_uart_tx/clock_count[25]' of 'bmsWIDEDFFCPE' unit is dangling and will be cleaned.
W: Public-4008: [D:/pango/works/ECSDC_FPGA_2026/Designs/Hardware/cp2102/cp2102_driver.v(line number: 270)] Instance 'u_cp2102_top/u_cp2102/u_uart_tx/clock_count[26]' of 'bmsWIDEDFFCPE' unit is dangling and will be cleaned.
W: Public-4008: [D:/pango/works/ECSDC_FPGA_2026/Designs/Hardware/cp2102/cp2102_driver.v(line number: 270)] Instance 'u_cp2102_top/u_cp2102/u_uart_tx/clock_count[27]' of 'bmsWIDEDFFCPE' unit is dangling and will be cleaned.
W: Public-4008: [D:/pango/works/ECSDC_FPGA_2026/Designs/Hardware/cp2102/cp2102_driver.v(line number: 270)] Instance 'u_cp2102_top/u_cp2102/u_uart_tx/clock_count[28]' of 'bmsWIDEDFFCPE' unit is dangling and will be cleaned.
W: Public-4008: [D:/pango/works/ECSDC_FPGA_2026/Designs/Hardware/cp2102/cp2102_driver.v(line number: 270)] Instance 'u_cp2102_top/u_cp2102/u_uart_tx/clock_count[29]' of 'bmsWIDEDFFCPE' unit is dangling and will be cleaned.
W: Public-4008: [D:/pango/works/ECSDC_FPGA_2026/Designs/Hardware/cp2102/cp2102_driver.v(line number: 270)] Instance 'u_cp2102_top/u_cp2102/u_uart_tx/clock_count[30]' of 'bmsWIDEDFFCPE' unit is dangling and will be cleaned.
W: Public-4008: [D:/pango/works/ECSDC_FPGA_2026/Designs/Hardware/cp2102/cp2102_driver.v(line number: 270)] Instance 'u_cp2102_top/u_cp2102/u_uart_tx/clock_count[31]' of 'bmsWIDEDFFCPE' unit is dangling and will be cleaned.
W: Public-4008: [D:/pango/works/ECSDC_FPGA_2026/Designs/Driver/spi/qspi_master_rx.v(line number: 196)] Instance 'u_flash_top/u_flash_driver/u_qspi_master_rx/dq_out_reg[1]' of 'bmsWIDEDFFCPE' unit is dangling and will be cleaned.
W: Public-4008: [D:/pango/works/ECSDC_FPGA_2026/Designs/Driver/spi/qspi_master_rx.v(line number: 196)] Instance 'u_flash_top/u_flash_driver/u_qspi_master_rx/dq_out_reg[2]' of 'bmsWIDEDFFCPE' unit is dangling and will be cleaned.
W: Public-4008: [D:/pango/works/ECSDC_FPGA_2026/Designs/Driver/spi/qspi_master_rx.v(line number: 196)] Instance 'u_flash_top/u_flash_driver/u_qspi_master_rx/dq_out_reg[3]' of 'bmsWIDEDFFCPE' unit is dangling and will be cleaned.
Executing : tech-mapping phase 1 successfully. Time elapsed: 0.051s wall, 0.031s user + 0.000s system = 0.031s CPU (61.8%). Peak memory used: 286 MB.

Start tech-mapping phase 2.
Executing : tech-mapping phase 2 successfully. Time elapsed: 0.174s wall, 0.141s user + 0.062s system = 0.203s CPU (116.5%). Peak memory used: 291 MB.

Start tech-optimization.
Executing : tech-optimization successfully. Time elapsed: 0.038s wall, 0.047s user + 0.016s system = 0.062s CPU (164.4%). Peak memory used: 291 MB.

Start phys-optimization.
Executing : phys-optimization successfully. Time elapsed: 0.000s wall, 0.000s user + 0.000s system = 0.000s CPU (n/a%). Peak memory used: 291 MB.

Start restore-hierarchy.
Executing : restore-hierarchy successfully. Time elapsed: 0.009s wall, 0.000s user + 0.000s system = 0.000s CPU (n/a%). Peak memory used: 291 MB.


Cell Usage:
GTP_DFF_C                    79 uses
GTP_DFF_CE                  224 uses
GTP_DFF_P                     1 use
GTP_DFF_PE                    2 uses
GTP_DRM9K                     2 uses
GTP_GRS                       1 use
GTP_INV                       3 uses
GTP_LUT1                      8 uses
GTP_LUT2                     52 uses
GTP_LUT3                     52 uses
GTP_LUT4                     40 uses
GTP_LUT5                     91 uses
GTP_LUT5CARRY                69 uses
GTP_LUT5M                    27 uses
GTP_MUX2LUT6                  1 use

I/O ports: 17
GTP_INBUF                   2 uses
GTP_IOBUF                   4 uses
GTP_OUTBUF                 11 uses

Mapping Summary:
Total LUTs: 339 of 42800 (0.79%)
	LUTs as dram: 0 of 17000 (0.00%)
	LUTs as logic: 339
Total Registers: 306 of 64200 (0.48%)
Total Latches: 0

DRM18K:
Total DRM18Ks = 1.0 of 134 (0.75%)

APM:
Total APMs = 0.00 of 84 (0.00%)

Total I/O ports = 17 of 296 (5.74%)


Overview of Control Sets:

Number of unique control sets : 34

Histogram:
**************************************************************
  Fanout      | Count    | Sync Set/Reset    Async Set/Reset
--------------------------------------------------------------
  [0, 2)      | 3        | 0                 3
  [2, 4)      | 6        | 0                 6
  [4, 6)      | 7        | 0                 7
  [6, 8)      | 2        | 0                 2
  [8, 10)     | 9        | 0                 9
  [10, 12)    | 4        | 0                 4
  [12, 14)    | 0        | 0                 0
  [14, 16)    | 0        | 0                 0
  [16, Inf)   | 3        | 0                 3
--------------------------------------------------------------
  The maximum fanout: 80
==============================================================

Flip-Flop Distribution:
************************************************************************
  Clock Enable    Sync Set/Reset    Async Set/Reset    Total Registers
------------------------------------------------------------------------
  NO              NO                NO                 0
  NO              NO                YES                80
  NO              YES               NO                 0
  YES             NO                NO                 0
  YES             NO                YES                226
  YES             YES               NO                 0
========================================================================

Latch Distribution:
************************************************
  Gate Enable    Preset/Clear    Total Latches
************************************************
  NO             NO              0
  NO             YES             0
  YES            NO              0
  YES            YES             0
************************************************

Design 'flash_read_top' has been successfully synthesized to architecture-specific objects.
Saving design to DB.
Action Synthesize: Export DB successfully.
Saving design to flash_read_top_syn.vm
Constructing timing graph ...
Timing graph has been constructed successfully
W: Timing-4086: Port 'sys_qspi_dq[0]' is not constrained, it is treated as combinational input.
W: Timing-4087: Port 'sys_qspi_dq[0]' is not constrained, it is treated as combinational output.
W: Timing-4086: Port 'sys_qspi_dq[1]' is not constrained, it is treated as combinational input.
W: Timing-4087: Port 'sys_qspi_dq[1]' is not constrained, it is treated as combinational output.
W: Timing-4086: Port 'sys_qspi_dq[2]' is not constrained, it is treated as combinational input.
W: Timing-4087: Port 'sys_qspi_dq[2]' is not constrained, it is treated as combinational output.
W: Timing-4086: Port 'sys_qspi_dq[3]' is not constrained, it is treated as combinational input.
W: Timing-4087: Port 'sys_qspi_dq[3]' is not constrained, it is treated as combinational output.
W: Timing-4087: Port 'sys_cp2102_tx' is not constrained, it is treated as combinational output.
W: Timing-4087: Port 'sys_led[0]' is not constrained, it is treated as combinational output.
W: Timing-4087: Port 'sys_led[1]' is not constrained, it is treated as combinational output.
W: Timing-4087: Port 'sys_led[2]' is not constrained, it is treated as combinational output.
W: Timing-4087: Port 'sys_led[3]' is not constrained, it is treated as combinational output.
W: Timing-4087: Port 'sys_led[4]' is not constrained, it is treated as combinational output.
W: Timing-4087: Port 'sys_led[5]' is not constrained, it is treated as combinational output.
W: Timing-4087: Port 'sys_led[6]' is not constrained, it is treated as combinational output.
W: Timing-4087: Port 'sys_led[7]' is not constrained, it is treated as combinational output.
W: Timing-4087: Port 'sys_qspi_csn' is not constrained, it is treated as combinational output.
W: Timing-4087: Port 'sys_qspi_sck' is not constrained, it is treated as combinational output.
W: Timing-4086: Port 'sys_rstn' is not constrained, it is treated as combinational input.
Action synthesize: Real time elapsed is 0h:0m:5s
Action synthesize: CPU time elapsed is 0h:0m:2s
Action synthesize: Process CPU time elapsed is 0h:0m:3s
Action synthesize: Peak memory pool usage is 291 MB

Current time: Thu Oct  1 18:27:09 2026
