#Build: Fabric Compiler 2025.2, Build 211867, Jan 16 16:10 2026
#Install: D:\pango\PDS_2025.2-ads\bin
#Application name: pds_shell.exe
#OS: Windows 11 10.0.26100
#CPU: Unknown
#RAM(GB): 16
#Hostname: hustlyrm
#Generated by Fabric Compiler (version 2025.2 build 211867) at Wed Sep 30 21:40:35 2026
Parameters for debugging are loaded as follows:
License checkout: fabric_ads from D:/pango/PDS_2025.2-ads/new_pds_F4A80DA47D72.lic
Compiling verification operator library.
Compiling vendor parameter file.
Compiling common defs.
Loading technology operator library.
Compiling technology operator library.
Compiling technology operator (valence) library.
Reading design from compile DB
Elaborate the liberty model.
I: Multithreading enabled for Timing using a maximum of 4 processes.
Reading design from compile DB successfully.
Constraint check start.
Compiling prim grid devices.
Building architecture model.
Loading device packaging model.
Building architecture floorplan logic view.
W: ConstraintEditor-4040: [D:/pango/works/ECSDC_FPGA_2026/Constraints/flash/flash.fdc(line number: 5)] Port p:sys_qspi_csn has been placed at location AA3, whose type is share pin.
W: ConstraintEditor-4040: [D:/pango/works/ECSDC_FPGA_2026/Constraints/system/system.fdc(line number: 8)] Port p:sys_rstn has been placed at location AB13, whose type is share pin.
W: ConstraintEditor-4040: [D:/pango/works/ECSDC_FPGA_2026/Constraints/flash/flash.fdc(line number: 9)] Port p:sys_qspi_sck has been placed at location Y20, whose type is share pin.
W: ConstraintEditor-4040: [D:/pango/works/ECSDC_FPGA_2026/Constraints/flash/flash.fdc(line number: 13)] Port p:sys_qspi_dq[0] has been placed at location AB20, whose type is share pin.
W: ConstraintEditor-4040: [D:/pango/works/ECSDC_FPGA_2026/Constraints/flash/flash.fdc(line number: 17)] Port p:sys_qspi_dq[1] has been placed at location AA20, whose type is share pin.
W: ConstraintEditor-4040: [D:/pango/works/ECSDC_FPGA_2026/Constraints/flash/flash.fdc(line number: 21)] Port p:sys_qspi_dq[2] has been placed at location R13, whose type is share pin.
W: ConstraintEditor-4040: [D:/pango/works/ECSDC_FPGA_2026/Constraints/flash/flash.fdc(line number: 25)] Port p:sys_qspi_dq[3] has been placed at location T14, whose type is share pin.
W: ConstraintEditor-4042: Port 'p:sys_qspi_csn' lacks attribute 'PAP_IO_DRIVE', it's better to set the attribute for port.
W: ConstraintEditor-4042: Port 'p:sys_qspi_csn' lacks attribute 'PAP_IO_SLEW', it's better to set the attribute for port.
W: ConstraintEditor-4042: Port 'p:sys_qspi_csn' lacks attribute 'BUS_KEEPER', it's better to set the attribute for port.
W: ConstraintEditor-4042: Port 'p:sys_qspi_sck' lacks attribute 'PAP_IO_DRIVE', it's better to set the attribute for port.
W: ConstraintEditor-4042: Port 'p:sys_qspi_sck' lacks attribute 'PAP_IO_SLEW', it's better to set the attribute for port.
W: ConstraintEditor-4042: Port 'p:sys_qspi_sck' lacks attribute 'BUS_KEEPER', it's better to set the attribute for port.
W: ConstraintEditor-4042: Port 'p:sys_qspi_dq[0]' lacks attribute 'PAP_IO_DRIVE', it's better to set the attribute for port.
W: ConstraintEditor-4042: Port 'p:sys_qspi_dq[0]' lacks attribute 'PAP_IO_SLEW', it's better to set the attribute for port.
W: ConstraintEditor-4042: Port 'p:sys_qspi_dq[0]' lacks attribute 'BUS_KEEPER', it's better to set the attribute for port.
W: ConstraintEditor-4042: Port 'p:sys_qspi_dq[1]' lacks attribute 'PAP_IO_DRIVE', it's better to set the attribute for port.
W: ConstraintEditor-4042: Port 'p:sys_qspi_dq[1]' lacks attribute 'PAP_IO_SLEW', it's better to set the attribute for port.
W: ConstraintEditor-4042: Port 'p:sys_qspi_dq[1]' lacks attribute 'BUS_KEEPER', it's better to set the attribute for port.
W: ConstraintEditor-4042: Port 'p:sys_qspi_dq[2]' lacks attribute 'PAP_IO_DRIVE', it's better to set the attribute for port.
W: ConstraintEditor-4042: Port 'p:sys_qspi_dq[2]' lacks attribute 'PAP_IO_SLEW', it's better to set the attribute for port.
W: ConstraintEditor-4042: Port 'p:sys_qspi_dq[2]' lacks attribute 'BUS_KEEPER', it's better to set the attribute for port.
W: ConstraintEditor-4042: Port 'p:sys_qspi_dq[3]' lacks attribute 'PAP_IO_DRIVE', it's better to set the attribute for port.
W: ConstraintEditor-4042: Port 'p:sys_qspi_dq[3]' lacks attribute 'PAP_IO_SLEW', it's better to set the attribute for port.
W: ConstraintEditor-4042: Port 'p:sys_qspi_dq[3]' lacks attribute 'BUS_KEEPER', it's better to set the attribute for port.
W: ConstraintEditor-4042: Port 'p:sys_cp2102_tx' lacks attribute 'PAP_IO_DRIVE', it's better to set the attribute for port.
W: ConstraintEditor-4042: Port 'p:sys_cp2102_tx' lacks attribute 'PAP_IO_SLEW', it's better to set the attribute for port.
C: Timing-4004: [D:/pango/works/ECSDC_FPGA_2026/Constraints/system/system_clk.fdc(line number: 5)] Net 'u_pll_50mhz/clkout0' is not found in current design.
E: CommandTiming-0012: [D:/pango/works/ECSDC_FPGA_2026/Constraints/system/system_clk.fdc(line number: 1)] Clock 'sys_clk_50mhz' has been declared already.
E: ConstraintEditor-0046: [D:/pango/works/ECSDC_FPGA_2026/Constraints/system/system_clk.fdc(line number: 1)] Parse file error: Failed to import constraint "create_clock -name sys_clk_50mhz [get_ports sys_clk_50mhz] -period 20.0 -waveform {0 10.0}".
E: CommandTiming-0057: [D:/pango/works/ECSDC_FPGA_2026/Constraints/system/system_clk.fdc(line number: 5)] Nothing matched for 'source_list', command 'create_generated_clock' is aborted.
E: ConstraintEditor-0046: [D:/pango/works/ECSDC_FPGA_2026/Constraints/system/system_clk.fdc(line number: 5)] Parse file error: Failed to import constraint "create_generated_clock -name pll_sys_clk_50mhz -source [get_ports sys_clk_50mhz] -master_clock sys_clk_50mhz -multiply_by 1 -divide_by 1 [get_nets u_pll_50mhz/clkout0]".
Found 4 error(s), 1 critical warning(s), 27 warning(s), out of 42 constraint(s), you can contact with D:/pango/works/ECSDC_FPGA_2026/prj_tasks/syn_1/synthesize/constraint_check.ccr for more detail information.
Constraint check end.
Total time(hh:mm:ss) of constraint check : 00:00:01
Action synthesize: Real time elapsed is 0h:0m:4s
Action synthesize: CPU time elapsed is 0h:0m:2s
Action synthesize: Process CPU time elapsed is 0h:0m:2s
Action synthesize: Peak memory pool usage is 231 MB

Current time: Wed Sep 30 21:40:37 2026
