#Build: Fabric Compiler 2025.2, Build 211867, Jan 16 16:10 2026
#Install: E:\work\pango\PDS_2025.2-ads\bin
#Application name: pds_shell.exe
#OS: Windows 11 10.0.26200
#CPU: Unknown
#RAM(GB): 32
#Hostname: dionirpyC
#Generated by Fabric Compiler (version 2025.2 build 211867) at Fri Sep 18 18:31:18 2026
Parameters for debugging are loaded as follows:
License checkout: fabric_ads from E:/work/pango/PDS_2025.2-ads/new_pds_F4A80DA47D72.lic
Compiling verification operator library.
Compiling vendor parameter file.
Compiling common defs.
Loading technology operator library.
Compiling technology operator library.
Compiling technology operator (valence) library.
Reading design from compile DB
Elaborate the liberty model.
I: Multithreading enabled for Timing using a maximum of 4 processes.
Reading design from compile DB successfully.
Constraint check start.
Compiling prim grid devices.
Building architecture model.
Loading device packaging model.
Building architecture floorplan logic view.
W: ConstraintEditor-4040: [E:/code/PangoWork/Works/led/Constraints/io/key.fdc(line number: 2)] Port p:io_key_in[0] has been placed at location K18, whose type is share pin.
W: ConstraintEditor-4040: [E:/code/PangoWork/Works/led/Constraints/io/clk.fdc(line number: 8)] Port p:io_rst_n has been placed at location AB13, whose type is share pin.
W: ConstraintEditor-4040: [E:/code/PangoWork/Works/led/Constraints/io/key.fdc(line number: 22)] Port p:io_key_in[5] has been placed at location J19, whose type is share pin.
W: ConstraintEditor-4040: [E:/code/PangoWork/Works/led/Constraints/io/key.fdc(line number: 26)] Port p:io_key_in[6] has been placed at location H20, whose type is share pin.
W: ConstraintEditor-4042: Port 'p:io_key_in[0]' lacks attribute 'BUS_KEEPER', it's better to set the attribute for port.
W: ConstraintEditor-4042: Port 'p:io_key_in[1]' lacks attribute 'BUS_KEEPER', it's better to set the attribute for port.
W: ConstraintEditor-4042: Port 'p:io_key_in[2]' lacks attribute 'BUS_KEEPER', it's better to set the attribute for port.
W: ConstraintEditor-4042: Port 'p:io_key_in[3]' lacks attribute 'BUS_KEEPER', it's better to set the attribute for port.
W: ConstraintEditor-4042: Port 'p:io_key_in[4]' lacks attribute 'BUS_KEEPER', it's better to set the attribute for port.
W: ConstraintEditor-4042: Port 'p:io_key_in[5]' lacks attribute 'BUS_KEEPER', it's better to set the attribute for port.
W: ConstraintEditor-4042: Port 'p:io_key_in[6]' lacks attribute 'BUS_KEEPER', it's better to set the attribute for port.
W: ConstraintEditor-4042: Port 'p:io_key_in[7]' lacks attribute 'BUS_KEEPER', it's better to set the attribute for port.
W: ConstraintEditor-4042: Port 'p:io_led_out[0]' lacks attribute 'PAP_IO_DRIVE', it's better to set the attribute for port.
W: ConstraintEditor-4042: Port 'p:io_led_out[0]' lacks attribute 'PAP_IO_SLEW', it's better to set the attribute for port.
W: ConstraintEditor-4042: Port 'p:io_led_out[0]' lacks attribute 'BUS_KEEPER', it's better to set the attribute for port.
W: ConstraintEditor-4042: Port 'p:io_led_out[1]' lacks attribute 'PAP_IO_DRIVE', it's better to set the attribute for port.
W: ConstraintEditor-4042: Port 'p:io_led_out[1]' lacks attribute 'PAP_IO_SLEW', it's better to set the attribute for port.
W: ConstraintEditor-4042: Port 'p:io_led_out[1]' lacks attribute 'BUS_KEEPER', it's better to set the attribute for port.
W: ConstraintEditor-4042: Port 'p:io_led_out[2]' lacks attribute 'PAP_IO_DRIVE', it's better to set the attribute for port.
W: ConstraintEditor-4042: Port 'p:io_led_out[2]' lacks attribute 'PAP_IO_SLEW', it's better to set the attribute for port.
W: ConstraintEditor-4042: Port 'p:io_led_out[2]' lacks attribute 'BUS_KEEPER', it's better to set the attribute for port.
W: ConstraintEditor-4042: Port 'p:io_led_out[3]' lacks attribute 'PAP_IO_DRIVE', it's better to set the attribute for port.
W: ConstraintEditor-4042: Port 'p:io_led_out[3]' lacks attribute 'PAP_IO_SLEW', it's better to set the attribute for port.
W: ConstraintEditor-4042: Port 'p:io_led_out[3]' lacks attribute 'BUS_KEEPER', it's better to set the attribute for port.
W: ConstraintEditor-4042: Port 'p:io_led_out[4]' lacks attribute 'PAP_IO_DRIVE', it's better to set the attribute for port.
W: ConstraintEditor-4042: Port 'p:io_led_out[4]' lacks attribute 'PAP_IO_SLEW', it's better to set the attribute for port.
W: ConstraintEditor-4042: Port 'p:io_led_out[4]' lacks attribute 'BUS_KEEPER', it's better to set the attribute for port.
W: ConstraintEditor-4042: Port 'p:io_led_out[5]' lacks attribute 'PAP_IO_DRIVE', it's better to set the attribute for port.
W: ConstraintEditor-4042: Port 'p:io_led_out[5]' lacks attribute 'PAP_IO_SLEW', it's better to set the attribute for port.
W: ConstraintEditor-4042: Port 'p:io_led_out[5]' lacks attribute 'BUS_KEEPER', it's better to set the attribute for port.
W: ConstraintEditor-4042: Port 'p:io_led_out[6]' lacks attribute 'PAP_IO_DRIVE', it's better to set the attribute for port.
W: ConstraintEditor-4042: Port 'p:io_led_out[6]' lacks attribute 'PAP_IO_SLEW', it's better to set the attribute for port.
W: ConstraintEditor-4042: Port 'p:io_led_out[6]' lacks attribute 'BUS_KEEPER', it's better to set the attribute for port.
W: ConstraintEditor-4042: Port 'p:io_led_out[7]' lacks attribute 'PAP_IO_DRIVE', it's better to set the attribute for port.
W: ConstraintEditor-4042: Port 'p:io_led_out[7]' lacks attribute 'PAP_IO_SLEW', it's better to set the attribute for port.
W: ConstraintEditor-4042: Port 'p:io_led_out[7]' lacks attribute 'BUS_KEEPER', it's better to set the attribute for port.
C: UserConstraintEditor-2001: [E:/code/PangoWork/Works/led/Constraints/io/clk.fdc(line number: 1)] 'OUTPUT' is not correct, direction of port 'io_sys_clk_50mhz' is 'INPUT' defined in [E:/code/PangoWork/Works/led/Designs/led_top.v(line number: 7)]. The direction has been corrected automatically.
C: UserConstraintEditor-2001: [E:/code/PangoWork/Works/led/Constraints/io/key.fdc(line number: 1)] 'OUTPUT' is not correct, direction of port 'io_key_in[0]' is 'INPUT' defined in [E:/code/PangoWork/Works/led/Designs/led_top.v(line number: 9)]. The direction has been corrected automatically.
C: UserConstraintEditor-2001: [E:/code/PangoWork/Works/led/Constraints/io/key.fdc(line number: 5)] 'OUTPUT' is not correct, direction of port 'io_key_in[1]' is 'INPUT' defined in [E:/code/PangoWork/Works/led/Designs/led_top.v(line number: 9)]. The direction has been corrected automatically.
C: UserConstraintEditor-2001: [E:/code/PangoWork/Works/led/Constraints/io/key.fdc(line number: 9)] 'OUTPUT' is not correct, direction of port 'io_key_in[2]' is 'INPUT' defined in [E:/code/PangoWork/Works/led/Designs/led_top.v(line number: 9)]. The direction has been corrected automatically.
C: UserConstraintEditor-2001: [E:/code/PangoWork/Works/led/Constraints/io/key.fdc(line number: 13)] 'OUTPUT' is not correct, direction of port 'io_key_in[3]' is 'INPUT' defined in [E:/code/PangoWork/Works/led/Designs/led_top.v(line number: 9)]. The direction has been corrected automatically.
C: UserConstraintEditor-2001: [E:/code/PangoWork/Works/led/Constraints/io/key.fdc(line number: 17)] 'OUTPUT' is not correct, direction of port 'io_key_in[4]' is 'INPUT' defined in [E:/code/PangoWork/Works/led/Designs/led_top.v(line number: 9)]. The direction has been corrected automatically.
C: UserConstraintEditor-2001: [E:/code/PangoWork/Works/led/Constraints/io/key.fdc(line number: 21)] 'OUTPUT' is not correct, direction of port 'io_key_in[5]' is 'INPUT' defined in [E:/code/PangoWork/Works/led/Designs/led_top.v(line number: 9)]. The direction has been corrected automatically.
C: UserConstraintEditor-2001: [E:/code/PangoWork/Works/led/Constraints/io/key.fdc(line number: 25)] 'OUTPUT' is not correct, direction of port 'io_key_in[6]' is 'INPUT' defined in [E:/code/PangoWork/Works/led/Designs/led_top.v(line number: 9)]. The direction has been corrected automatically.
C: UserConstraintEditor-2001: [E:/code/PangoWork/Works/led/Constraints/io/key.fdc(line number: 29)] 'OUTPUT' is not correct, direction of port 'io_key_in[7]' is 'INPUT' defined in [E:/code/PangoWork/Works/led/Designs/led_top.v(line number: 9)]. The direction has been corrected automatically.
Found 0 error(s), 9 critical warning(s), 36 warning(s), out of 75 constraint(s), you can contact with E:/code/PangoWork/Works/led/prj_tasks/syn_1/synthesize/constraint_check.ccr for more detail information.
Constraint check end.
Total time(hh:mm:ss) of constraint check : 00:00:01
C: SDC-2025: Clock source 'n:key/clk_detect' need a clock constraint, please use 'create_clock' or 'create_generate_clock' to generate.
Start pre-mapping.
W: Adm-4083: [E:/code/PangoWork/Works/led/Designs/key/key_controller.v(line number: 19)] Removed bmsWIDEDFFCPE inst cnt_detect[23:0] at 23 that is stuck at constant 0.
I: Constant propagation done on key/cnt_detect[23:0] (bmsWIDEDFFCPE).
Executing : pre-mapping successfully. Time elapsed: 0.009s wall, 0.031s user + 0.016s system = 0.047s CPU (543.1%). Peak memory used: 247 MB.

Start mod-gen.
Executing : mod-gen successfully. Time elapsed: 0.037s wall, 0.031s user + 0.000s system = 0.031s CPU (83.6%). Peak memory used: 258 MB.

Start logic-optimization.
W: Adm-4083: [E:/code/PangoWork/Works/led/Designs/key/key_controller.v(line number: 19)] Removed bmsWIDEDFFCPE inst key/cnt_detect[23:0] at 22 that is stuck at constant 0.
Executing : logic-optimization successfully. Time elapsed: 0.023s wall, 0.016s user + 0.000s system = 0.016s CPU (66.7%). Peak memory used: 274 MB.

Start tech-mapping phase 1.
W: Public-4008: [E:/code/PangoWork/Works/led/Designs/key/key_controller.v(line number: 19)] Instance 'key/cnt_detect[22]' of 'bmsWIDEDFFCPE' unit is dangling and will be cleaned.
W: Public-4008: [E:/code/PangoWork/Works/led/Designs/key/key_controller.v(line number: 19)] Instance 'key/cnt_detect[23]' of 'bmsWIDEDFFCPE' unit is dangling and will be cleaned.
Executing : tech-mapping phase 1 successfully. Time elapsed: 0.005s wall, 0.016s user + 0.000s system = 0.016s CPU (333.7%). Peak memory used: 274 MB.

Start tech-mapping phase 2.
Executing : tech-mapping phase 2 successfully. Time elapsed: 0.033s wall, 0.031s user + 0.000s system = 0.031s CPU (95.3%). Peak memory used: 275 MB.

Start tech-optimization.
Executing : tech-optimization successfully. Time elapsed: 0.008s wall, 0.000s user + 0.000s system = 0.000s CPU (n/a%). Peak memory used: 275 MB.

Start phys-optimization.
Executing : phys-optimization successfully. Time elapsed: 0.000s wall, 0.000s user + 0.000s system = 0.000s CPU (n/a%). Peak memory used: 275 MB.

Start restore-hierarchy.
Executing : restore-hierarchy successfully. Time elapsed: 0.001s wall, 0.000s user + 0.000s system = 0.000s CPU (n/a%). Peak memory used: 275 MB.


Cell Usage:
GTP_DFF_C                    47 uses
GTP_GRS                       1 use
GTP_INV                       1 use
GTP_LUT2                      3 uses
GTP_LUT3                      8 uses
GTP_LUT5                      5 uses
GTP_LUT5CARRY                21 uses

I/O ports: 18
GTP_INBUF                  10 uses
GTP_OUTBUF                  8 uses

Mapping Summary:
Total LUTs: 37 of 42800 (0.09%)
	LUTs as dram: 0 of 17000 (0.00%)
	LUTs as logic: 37
Total Registers: 47 of 64200 (0.07%)
Total Latches: 0

DRM18K:
Total DRM18Ks = 0.0 of 134 (0.00%)

APM:
Total APMs = 0.00 of 84 (0.00%)

Total I/O ports = 18 of 296 (6.08%)


Overview of Control Sets:

Number of unique control sets : 2

Histogram:
**************************************************************
  Fanout      | Count    | Sync Set/Reset    Async Set/Reset
--------------------------------------------------------------
  [0, 2)      | 0        | 0                 0
  [2, 4)      | 0        | 0                 0
  [4, 6)      | 0        | 0                 0
  [6, 8)      | 0        | 0                 0
  [8, 10)     | 0        | 0                 0
  [10, 12)    | 0        | 0                 0
  [12, 14)    | 0        | 0                 0
  [14, 16)    | 0        | 0                 0
  [16, Inf)   | 2        | 0                 2
--------------------------------------------------------------
  The maximum fanout: 31
==============================================================

Flip-Flop Distribution:
************************************************************************
  Clock Enable    Sync Set/Reset    Async Set/Reset    Total Registers
------------------------------------------------------------------------
  NO              NO                NO                 0
  NO              NO                YES                47
  NO              YES               NO                 0
  YES             NO                NO                 0
  YES             NO                YES                0
  YES             YES               NO                 0
========================================================================

Latch Distribution:
************************************************
  Gate Enable    Preset/Clear    Total Latches
************************************************
  NO             NO              0
  NO             YES             0
  YES            NO              0
  YES            YES             0
************************************************

Design 'led_top' has been successfully synthesized to architecture-specific objects.
Saving design to DB.
Action Synthesize: Export DB successfully.
Saving design to led_top_syn.vm
Constructing timing graph ...
Timing graph has been constructed successfully
W: STA-3011: Clock pin 'key/key_data[0]/CLK' (GTP_DFF_C.CLK) has no clock, timing propagation is disabled at the pin.
W: STA-3011: Clock pin 'key/key_data[1]/CLK' (GTP_DFF_C.CLK) has no clock, timing propagation is disabled at the pin.
W: STA-3011: Clock pin 'key/key_data[2]/CLK' (GTP_DFF_C.CLK) has no clock, timing propagation is disabled at the pin.
W: STA-3011: Clock pin 'key/key_data[3]/CLK' (GTP_DFF_C.CLK) has no clock, timing propagation is disabled at the pin.
W: STA-3011: Clock pin 'key/key_data[4]/CLK' (GTP_DFF_C.CLK) has no clock, timing propagation is disabled at the pin.
W: STA-3011: Clock pin 'key/key_data[5]/CLK' (GTP_DFF_C.CLK) has no clock, timing propagation is disabled at the pin.
W: STA-3011: Clock pin 'key/key_data[6]/CLK' (GTP_DFF_C.CLK) has no clock, timing propagation is disabled at the pin.
W: STA-3011: Clock pin 'key/key_data[7]/CLK' (GTP_DFF_C.CLK) has no clock, timing propagation is disabled at the pin.
W: STA-3011: Clock pin 'key/last_key_in[0]/CLK' (GTP_DFF_C.CLK) has no clock, timing propagation is disabled at the pin.
W: STA-3011: Clock pin 'key/last_key_in[1]/CLK' (GTP_DFF_C.CLK) has no clock, timing propagation is disabled at the pin.
W: STA-3011: Clock pin 'key/last_key_in[2]/CLK' (GTP_DFF_C.CLK) has no clock, timing propagation is disabled at the pin.
W: STA-3011: Clock pin 'key/last_key_in[3]/CLK' (GTP_DFF_C.CLK) has no clock, timing propagation is disabled at the pin.
W: STA-3011: Clock pin 'key/last_key_in[4]/CLK' (GTP_DFF_C.CLK) has no clock, timing propagation is disabled at the pin.
W: STA-3011: Clock pin 'key/last_key_in[5]/CLK' (GTP_DFF_C.CLK) has no clock, timing propagation is disabled at the pin.
W: STA-3011: Clock pin 'key/last_key_in[6]/CLK' (GTP_DFF_C.CLK) has no clock, timing propagation is disabled at the pin.
W: STA-3011: Clock pin 'key/last_key_in[7]/CLK' (GTP_DFF_C.CLK) has no clock, timing propagation is disabled at the pin.
W: Timing-4087: Port 'io_led_out[0]' is not constrained, it is treated as combinational output.
W: Timing-4087: Port 'io_led_out[1]' is not constrained, it is treated as combinational output.
W: Timing-4087: Port 'io_led_out[2]' is not constrained, it is treated as combinational output.
W: Timing-4087: Port 'io_led_out[3]' is not constrained, it is treated as combinational output.
W: Timing-4087: Port 'io_led_out[4]' is not constrained, it is treated as combinational output.
W: Timing-4087: Port 'io_led_out[5]' is not constrained, it is treated as combinational output.
W: Timing-4087: Port 'io_led_out[6]' is not constrained, it is treated as combinational output.
W: Timing-4087: Port 'io_led_out[7]' is not constrained, it is treated as combinational output.
W: Timing-4086: Port 'io_rst_n' is not constrained, it is treated as combinational input.
Action synthesize: Real time elapsed is 0h:0m:4s
Action synthesize: CPU time elapsed is 0h:0m:2s
Action synthesize: Process CPU time elapsed is 0h:0m:2s
Action synthesize: Peak memory pool usage is 275 MB

Current time: Fri Sep 18 18:31:20 2026
