#Build: Fabric Compiler 2025.2, Build 211867, Jan 16 16:10 2026
#Install: E:\work\pango\PDS_2025.2-ads\bin
#Application name: pds_shell.exe
#OS: Windows 11 10.0.26200
#CPU: Unknown
#RAM(GB): 32
#Hostname: dionirpyC
#Generated by Fabric Compiler (version 2025.2 build 211867) at Fri Sep 18 19:55:57 2026
Parameters for debugging are loaded as follows:
License checkout: fabric_ads from E:/work/pango/PDS_2025.2-ads/new_pds_F4A80DA47D72.lic
Compiling verification operator library.
Compiling vendor parameter file.
Compiling common defs.
Loading technology operator library.
Compiling technology operator library.
Compiling technology operator (valence) library.
Reading design from compile DB
Elaborate the liberty model.
I: Multithreading enabled for Timing using a maximum of 4 processes.
Reading design from compile DB successfully.
Constraint check start.
Compiling prim grid devices.
Building architecture model.
Loading device packaging model.
Building architecture floorplan logic view.
I: Timing-4125: Removing leading or trailing white spaces for name:  sys_clk_50mhz
E: ConstraintEditor-0046: [E:/code/PangoWork/Works/uart/Constraints/io/clk.fdc(line number: 1)] Parse file error: Option 'p: sys_clk_50mhz' is not defined for command 'define_attribute'.
E: ConstraintEditor-0046: [E:/code/PangoWork/Works/uart/Constraints/io/key.fdc(line number: 1)] Parse file error: Object 'p: key_in[0]' can not be found in current view, please verify the correctness of the argument.
E: ConstraintEditor-0046: [E:/code/PangoWork/Works/uart/Constraints/io/uart.fdc(line number: 1)] Parse file error: Object 'p: uart_rx' can not be found in current view, please verify the correctness of the argument.
E: ConstraintEditor-0046: [E:/code/PangoWork/Works/uart/Constraints/io/led.fdc(line number: 1)] Parse file error: Object 'p: led_out[0]' can not be found in current view, please verify the correctness of the argument.
E: ConstraintEditor-0046: [E:/code/PangoWork/Works/uart/Constraints/io/clk.fdc(line number: 2)] Parse file error: Option 'p: sys_clk_50mhz' is not defined for command 'define_attribute'.
E: ConstraintEditor-0046: [E:/code/PangoWork/Works/uart/Constraints/io/uart.fdc(line number: 2)] Parse file error: Object 'p: uart_rx' can not be found in current view, please verify the correctness of the argument.
E: ConstraintEditor-0046: [E:/code/PangoWork/Works/uart/Constraints/io/key.fdc(line number: 2)] Parse file error: Object 'p: key_in[0]' can not be found in current view, please verify the correctness of the argument.
E: ConstraintEditor-0046: [E:/code/PangoWork/Works/uart/Constraints/io/led.fdc(line number: 2)] Parse file error: Object 'p: led_out[0]' can not be found in current view, please verify the correctness of the argument.
E: ConstraintEditor-0046: [E:/code/PangoWork/Works/uart/Constraints/io/clk.fdc(line number: 3)] Parse file error: Option 'p: sys_clk_50mhz' is not defined for command 'define_attribute'.
E: ConstraintEditor-0046: [E:/code/PangoWork/Works/uart/Constraints/io/uart.fdc(line number: 3)] Parse file error: Object 'p: uart_rx' can not be found in current view, please verify the correctness of the argument.
E: ConstraintEditor-0046: [E:/code/PangoWork/Works/uart/Constraints/io/key.fdc(line number: 3)] Parse file error: Object 'p: key_in[0]' can not be found in current view, please verify the correctness of the argument.
E: ConstraintEditor-0046: [E:/code/PangoWork/Works/uart/Constraints/io/led.fdc(line number: 3)] Parse file error: Object 'p: led_out[0]' can not be found in current view, please verify the correctness of the argument.
E: ConstraintEditor-0046: [E:/code/PangoWork/Works/uart/Constraints/io/clk.fdc(line number: 4)] Parse file error: Option 'p: sys_clk_50mhz' is not defined for command 'define_attribute'.
E: ConstraintEditor-0046: [E:/code/PangoWork/Works/uart/Constraints/io/uart.fdc(line number: 4)] Parse file error: Object 'p: uart_rx' can not be found in current view, please verify the correctness of the argument.
E: ConstraintEditor-0046: [E:/code/PangoWork/Works/uart/Constraints/io/key.fdc(line number: 4)] Parse file error: Object 'p: key_in[0]' can not be found in current view, please verify the correctness of the argument.
E: ConstraintEditor-0046: [E:/code/PangoWork/Works/uart/Constraints/io/led.fdc(line number: 4)] Parse file error: Object 'p: led_out[0]' can not be found in current view, please verify the correctness of the argument.
E: ConstraintEditor-0046: [E:/code/PangoWork/Works/uart/Constraints/io/clk.fdc(line number: 5)] Parse file error: Option 'p: sys_clk_50mhz' is not defined for command 'define_attribute'.
E: ConstraintEditor-0046: [E:/code/PangoWork/Works/uart/Constraints/io/uart.fdc(line number: 5)] Parse file error: Object 'p: uart_rx' can not be found in current view, please verify the correctness of the argument.
E: ConstraintEditor-0046: [E:/code/PangoWork/Works/uart/Constraints/io/led.fdc(line number: 5)] Parse file error: Object 'p: led_out[1]' can not be found in current view, please verify the correctness of the argument.
E: ConstraintEditor-0046: [E:/code/PangoWork/Works/uart/Constraints/io/key.fdc(line number: 5)] Parse file error: Object 'p: key_in[1]' can not be found in current view, please verify the correctness of the argument.
E: ConstraintEditor-0046: [E:/code/PangoWork/Works/uart/Constraints/io/key.fdc(line number: 6)] Parse file error: Object 'p: key_in[1]' can not be found in current view, please verify the correctness of the argument.
E: ConstraintEditor-0046: [E:/code/PangoWork/Works/uart/Constraints/io/led.fdc(line number: 6)] Parse file error: Object 'p: led_out[1]' can not be found in current view, please verify the correctness of the argument.
E: ConstraintEditor-0046: [E:/code/PangoWork/Works/uart/Constraints/io/key.fdc(line number: 7)] Parse file error: Object 'p: key_in[1]' can not be found in current view, please verify the correctness of the argument.
E: ConstraintEditor-0046: [E:/code/PangoWork/Works/uart/Constraints/io/uart.fdc(line number: 7)] Parse file error: Object 'p: uart_tx' can not be found in current view, please verify the correctness of the argument.
E: ConstraintEditor-0046: [E:/code/PangoWork/Works/uart/Constraints/io/clk.fdc(line number: 7)] Parse file error: Option 'p: rst_n' is not defined for command 'define_attribute'.
E: ConstraintEditor-0046: [E:/code/PangoWork/Works/uart/Constraints/io/led.fdc(line number: 7)] Parse file error: Object 'p: led_out[1]' can not be found in current view, please verify the correctness of the argument.
E: ConstraintEditor-0046: [E:/code/PangoWork/Works/uart/Constraints/io/uart.fdc(line number: 8)] Parse file error: Object 'p: uart_tx' can not be found in current view, please verify the correctness of the argument.
E: ConstraintEditor-0046: [E:/code/PangoWork/Works/uart/Constraints/io/clk.fdc(line number: 8)] Parse file error: Option 'p: rst_n' is not defined for command 'define_attribute'.
E: ConstraintEditor-0046: [E:/code/PangoWork/Works/uart/Constraints/io/key.fdc(line number: 8)] Parse file error: Object 'p: key_in[1]' can not be found in current view, please verify the correctness of the argument.
E: ConstraintEditor-0046: [E:/code/PangoWork/Works/uart/Constraints/io/led.fdc(line number: 8)] Parse file error: Object 'p: led_out[1]' can not be found in current view, please verify the correctness of the argument.
E: ConstraintEditor-0046: [E:/code/PangoWork/Works/uart/Constraints/io/uart.fdc(line number: 9)] Parse file error: Object 'p: uart_tx' can not be found in current view, please verify the correctness of the argument.
E: ConstraintEditor-0046: [E:/code/PangoWork/Works/uart/Constraints/io/clk.fdc(line number: 9)] Parse file error: Option 'p: rst_n' is not defined for command 'define_attribute'.
E: ConstraintEditor-0046: [E:/code/PangoWork/Works/uart/Constraints/io/key.fdc(line number: 9)] Parse file error: Object 'p: key_in[2]' can not be found in current view, please verify the correctness of the argument.
E: ConstraintEditor-0046: [E:/code/PangoWork/Works/uart/Constraints/io/led.fdc(line number: 9)] Parse file error: Object 'p: led_out[2]' can not be found in current view, please verify the correctness of the argument.
E: ConstraintEditor-0046: [E:/code/PangoWork/Works/uart/Constraints/io/uart.fdc(line number: 10)] Parse file error: Object 'p: uart_tx' can not be found in current view, please verify the correctness of the argument.
E: ConstraintEditor-0046: [E:/code/PangoWork/Works/uart/Constraints/io/clk.fdc(line number: 10)] Parse file error: Option 'p: rst_n' is not defined for command 'define_attribute'.
E: ConstraintEditor-0046: [E:/code/PangoWork/Works/uart/Constraints/io/led.fdc(line number: 10)] Parse file error: Object 'p: led_out[2]' can not be found in current view, please verify the correctness of the argument.
E: ConstraintEditor-0046: [E:/code/PangoWork/Works/uart/Constraints/io/key.fdc(line number: 10)] Parse file error: Object 'p: key_in[2]' can not be found in current view, please verify the correctness of the argument.
E: ConstraintEditor-0046: [E:/code/PangoWork/Works/uart/Constraints/io/clk.fdc(line number: 11)] Parse file error: Option 'p: rst_n' is not defined for command 'define_attribute'.
E: ConstraintEditor-0046: [E:/code/PangoWork/Works/uart/Constraints/io/key.fdc(line number: 11)] Parse file error: Object 'p: key_in[2]' can not be found in current view, please verify the correctness of the argument.
E: ConstraintEditor-0046: [E:/code/PangoWork/Works/uart/Constraints/io/led.fdc(line number: 11)] Parse file error: Object 'p: led_out[2]' can not be found in current view, please verify the correctness of the argument.
E: ConstraintEditor-0046: [E:/code/PangoWork/Works/uart/Constraints/io/uart.fdc(line number: 11)] Parse file error: Object 'p: uart_tx' can not be found in current view, please verify the correctness of the argument.
E: ConstraintEditor-0046: [E:/code/PangoWork/Works/uart/Constraints/io/key.fdc(line number: 12)] Parse file error: Object 'p: key_in[2]' can not be found in current view, please verify the correctness of the argument.
E: ConstraintEditor-0046: [E:/code/PangoWork/Works/uart/Constraints/io/led.fdc(line number: 12)] Parse file error: Object 'p: led_out[2]' can not be found in current view, please verify the correctness of the argument.
E: ConstraintEditor-0046: [E:/code/PangoWork/Works/uart/Constraints/io/key.fdc(line number: 13)] Parse file error: Object 'p: key_in[3]' can not be found in current view, please verify the correctness of the argument.
E: ConstraintEditor-0046: [E:/code/PangoWork/Works/uart/Constraints/io/led.fdc(line number: 13)] Parse file error: Object 'p: led_out[3]' can not be found in current view, please verify the correctness of the argument.
E: ConstraintEditor-0046: [E:/code/PangoWork/Works/uart/Constraints/io/led.fdc(line number: 14)] Parse file error: Object 'p: led_out[3]' can not be found in current view, please verify the correctness of the argument.
E: ConstraintEditor-0046: [E:/code/PangoWork/Works/uart/Constraints/io/key.fdc(line number: 14)] Parse file error: Object 'p: key_in[3]' can not be found in current view, please verify the correctness of the argument.
E: ConstraintEditor-0046: [E:/code/PangoWork/Works/uart/Constraints/io/key.fdc(line number: 15)] Parse file error: Object 'p: key_in[3]' can not be found in current view, please verify the correctness of the argument.
E: ConstraintEditor-0046: [E:/code/PangoWork/Works/uart/Constraints/io/led.fdc(line number: 15)] Parse file error: Object 'p: led_out[3]' can not be found in current view, please verify the correctness of the argument.
E: ConstraintEditor-0046: [E:/code/PangoWork/Works/uart/Constraints/io/key.fdc(line number: 16)] Parse file error: Object 'p: key_in[3]' can not be found in current view, please verify the correctness of the argument.
E: ConstraintEditor-0046: [E:/code/PangoWork/Works/uart/Constraints/io/led.fdc(line number: 16)] Parse file error: Object 'p: led_out[3]' can not be found in current view, please verify the correctness of the argument.
E: ConstraintEditor-0046: [E:/code/PangoWork/Works/uart/Constraints/io/key.fdc(line number: 17)] Parse file error: Object 'p: key_in[4]' can not be found in current view, please verify the correctness of the argument.
E: ConstraintEditor-0046: [E:/code/PangoWork/Works/uart/Constraints/io/led.fdc(line number: 17)] Parse file error: Object 'p: led_out[4]' can not be found in current view, please verify the correctness of the argument.
E: ConstraintEditor-0046: [E:/code/PangoWork/Works/uart/Constraints/io/key.fdc(line number: 18)] Parse file error: Object 'p: key_in[4]' can not be found in current view, please verify the correctness of the argument.
E: ConstraintEditor-0046: [E:/code/PangoWork/Works/uart/Constraints/io/led.fdc(line number: 18)] Parse file error: Object 'p: led_out[4]' can not be found in current view, please verify the correctness of the argument.
E: ConstraintEditor-0046: [E:/code/PangoWork/Works/uart/Constraints/io/key.fdc(line number: 19)] Parse file error: Object 'p: key_in[4]' can not be found in current view, please verify the correctness of the argument.
E: ConstraintEditor-0046: [E:/code/PangoWork/Works/uart/Constraints/io/led.fdc(line number: 19)] Parse file error: Object 'p: led_out[4]' can not be found in current view, please verify the correctness of the argument.
E: ConstraintEditor-0046: [E:/code/PangoWork/Works/uart/Constraints/io/key.fdc(line number: 20)] Parse file error: Object 'p: key_in[4]' can not be found in current view, please verify the correctness of the argument.
E: ConstraintEditor-0046: [E:/code/PangoWork/Works/uart/Constraints/io/led.fdc(line number: 20)] Parse file error: Object 'p: led_out[4]' can not be found in current view, please verify the correctness of the argument.
E: ConstraintEditor-0046: [E:/code/PangoWork/Works/uart/Constraints/io/key.fdc(line number: 21)] Parse file error: Object 'p: key_in[5]' can not be found in current view, please verify the correctness of the argument.
E: ConstraintEditor-0046: [E:/code/PangoWork/Works/uart/Constraints/io/led.fdc(line number: 21)] Parse file error: Object 'p: led_out[5]' can not be found in current view, please verify the correctness of the argument.
E: ConstraintEditor-0046: [E:/code/PangoWork/Works/uart/Constraints/io/led.fdc(line number: 22)] Parse file error: Object 'p: led_out[5]' can not be found in current view, please verify the correctness of the argument.
E: ConstraintEditor-0046: [E:/code/PangoWork/Works/uart/Constraints/io/key.fdc(line number: 22)] Parse file error: Object 'p: key_in[5]' can not be found in current view, please verify the correctness of the argument.
E: ConstraintEditor-0046: [E:/code/PangoWork/Works/uart/Constraints/io/led.fdc(line number: 23)] Parse file error: Object 'p: led_out[5]' can not be found in current view, please verify the correctness of the argument.
E: ConstraintEditor-0046: [E:/code/PangoWork/Works/uart/Constraints/io/key.fdc(line number: 23)] Parse file error: Object 'p: key_in[5]' can not be found in current view, please verify the correctness of the argument.
E: ConstraintEditor-0046: [E:/code/PangoWork/Works/uart/Constraints/io/key.fdc(line number: 24)] Parse file error: Object 'p: key_in[5]' can not be found in current view, please verify the correctness of the argument.
E: ConstraintEditor-0046: [E:/code/PangoWork/Works/uart/Constraints/io/led.fdc(line number: 24)] Parse file error: Object 'p: led_out[5]' can not be found in current view, please verify the correctness of the argument.
E: ConstraintEditor-0046: [E:/code/PangoWork/Works/uart/Constraints/io/led.fdc(line number: 25)] Parse file error: Object 'p: led_out[6]' can not be found in current view, please verify the correctness of the argument.
E: ConstraintEditor-0046: [E:/code/PangoWork/Works/uart/Constraints/io/key.fdc(line number: 25)] Parse file error: Object 'p: key_in[6]' can not be found in current view, please verify the correctness of the argument.
E: ConstraintEditor-0046: [E:/code/PangoWork/Works/uart/Constraints/io/led.fdc(line number: 26)] Parse file error: Object 'p: led_out[6]' can not be found in current view, please verify the correctness of the argument.
E: ConstraintEditor-0046: [E:/code/PangoWork/Works/uart/Constraints/io/key.fdc(line number: 26)] Parse file error: Object 'p: key_in[6]' can not be found in current view, please verify the correctness of the argument.
E: ConstraintEditor-0046: [E:/code/PangoWork/Works/uart/Constraints/io/key.fdc(line number: 27)] Parse file error: Object 'p: key_in[6]' can not be found in current view, please verify the correctness of the argument.
E: ConstraintEditor-0046: [E:/code/PangoWork/Works/uart/Constraints/io/led.fdc(line number: 27)] Parse file error: Object 'p: led_out[6]' can not be found in current view, please verify the correctness of the argument.
E: ConstraintEditor-0046: [E:/code/PangoWork/Works/uart/Constraints/io/led.fdc(line number: 28)] Parse file error: Object 'p: led_out[6]' can not be found in current view, please verify the correctness of the argument.
E: ConstraintEditor-0046: [E:/code/PangoWork/Works/uart/Constraints/io/key.fdc(line number: 28)] Parse file error: Object 'p: key_in[6]' can not be found in current view, please verify the correctness of the argument.
E: ConstraintEditor-0046: [E:/code/PangoWork/Works/uart/Constraints/io/led.fdc(line number: 29)] Parse file error: Object 'p: led_out[7]' can not be found in current view, please verify the correctness of the argument.
E: ConstraintEditor-0046: [E:/code/PangoWork/Works/uart/Constraints/io/key.fdc(line number: 29)] Parse file error: Object 'p: key_in[7]' can not be found in current view, please verify the correctness of the argument.
E: ConstraintEditor-0046: [E:/code/PangoWork/Works/uart/Constraints/io/led.fdc(line number: 30)] Parse file error: Object 'p: led_out[7]' can not be found in current view, please verify the correctness of the argument.
E: ConstraintEditor-0046: [E:/code/PangoWork/Works/uart/Constraints/io/key.fdc(line number: 30)] Parse file error: Object 'p: key_in[7]' can not be found in current view, please verify the correctness of the argument.
E: ConstraintEditor-0046: [E:/code/PangoWork/Works/uart/Constraints/io/led.fdc(line number: 31)] Parse file error: Object 'p: led_out[7]' can not be found in current view, please verify the correctness of the argument.
E: ConstraintEditor-0046: [E:/code/PangoWork/Works/uart/Constraints/io/key.fdc(line number: 31)] Parse file error: Object 'p: key_in[7]' can not be found in current view, please verify the correctness of the argument.
E: ConstraintEditor-0046: [E:/code/PangoWork/Works/uart/Constraints/io/key.fdc(line number: 32)] Parse file error: Object 'p: key_in[7]' can not be found in current view, please verify the correctness of the argument.
E: ConstraintEditor-0046: [E:/code/PangoWork/Works/uart/Constraints/io/led.fdc(line number: 32)] Parse file error: Object 'p: led_out[7]' can not be found in current view, please verify the correctness of the argument.
Found 84 error(s), 0 critical warning(s), 0 warning(s), out of 85 constraint(s), you can contact with E:/code/PangoWork/Works/uart/prj_tasks/syn_1/synthesize/constraint_check.ccr for more detail information.
Constraint check end.
Total time(hh:mm:ss) of constraint check : 00:00:01
Action synthesize: Real time elapsed is 0h:0m:4s
Action synthesize: CPU time elapsed is 0h:0m:2s
Action synthesize: Process CPU time elapsed is 0h:0m:2s
Action synthesize: Peak memory pool usage is 231 MB

Current time: Fri Sep 18 19:55:59 2026
