#Build: Fabric Compiler 2025.2, Build 211867, Jan 16 16:10 2026
#Install: E:\work\pango\PDS_2025.2-ads\bin
#Application name: pds_shell.exe
#OS: Windows 11 10.0.26200
#CPU: Unknown
#RAM(GB): 32
#Hostname: dionirpyC
#Generated by Fabric Compiler (version 2025.2 build 211867) at Sat Sep 19 17:03:47 2026
Parameters for debugging are loaded as follows:
License checkout: fabric_ads from E:/work/pango/PDS_2025.2-ads/new_pds_F4A80DA47D72.lic
Compiling verification operator library.
Compiling vendor parameter file.
Compiling common defs.
Loading technology operator library.
Compiling technology operator library.
Compiling technology operator (valence) library.
Reading design from compile DB
Elaborate the liberty model.
I: Multithreading enabled for Timing using a maximum of 4 processes.
Reading design from compile DB successfully.
Constraint check start.
Compiling prim grid devices.
Building architecture model.
Loading device packaging model.
Building architecture floorplan logic view.
W: ConstraintEditor-4040: [E:/code/PangoWork/Works/uart/Constraints/io/key.fdc(line number: 2)] Port p:key_in[0] has been placed at location K18, whose type is share pin.
W: ConstraintEditor-4040: [E:/code/PangoWork/Works/uart/Constraints/io/clk.fdc(line number: 8)] Port p:rst_n has been placed at location AB13, whose type is share pin.
W: ConstraintEditor-4040: [E:/code/PangoWork/Works/uart/Constraints/io/key.fdc(line number: 22)] Port p:key_in[5] has been placed at location J19, whose type is share pin.
W: ConstraintEditor-4040: [E:/code/PangoWork/Works/uart/Constraints/io/key.fdc(line number: 26)] Port p:key_in[6] has been placed at location H20, whose type is share pin.
W: ConstraintEditor-4042: Port 'p:key_in[0]' lacks attribute 'BUS_KEEPER', it's better to set the attribute for port.
W: ConstraintEditor-4042: Port 'p:key_in[1]' lacks attribute 'BUS_KEEPER', it's better to set the attribute for port.
W: ConstraintEditor-4042: Port 'p:key_in[2]' lacks attribute 'BUS_KEEPER', it's better to set the attribute for port.
W: ConstraintEditor-4042: Port 'p:key_in[3]' lacks attribute 'BUS_KEEPER', it's better to set the attribute for port.
W: ConstraintEditor-4042: Port 'p:key_in[4]' lacks attribute 'BUS_KEEPER', it's better to set the attribute for port.
W: ConstraintEditor-4042: Port 'p:key_in[5]' lacks attribute 'BUS_KEEPER', it's better to set the attribute for port.
W: ConstraintEditor-4042: Port 'p:key_in[6]' lacks attribute 'BUS_KEEPER', it's better to set the attribute for port.
W: ConstraintEditor-4042: Port 'p:key_in[7]' lacks attribute 'BUS_KEEPER', it's better to set the attribute for port.
W: ConstraintEditor-4042: Port 'p:led_out[0]' lacks attribute 'PAP_IO_DRIVE', it's better to set the attribute for port.
W: ConstraintEditor-4042: Port 'p:led_out[0]' lacks attribute 'PAP_IO_SLEW', it's better to set the attribute for port.
W: ConstraintEditor-4042: Port 'p:led_out[0]' lacks attribute 'BUS_KEEPER', it's better to set the attribute for port.
W: ConstraintEditor-4042: Port 'p:led_out[1]' lacks attribute 'PAP_IO_DRIVE', it's better to set the attribute for port.
W: ConstraintEditor-4042: Port 'p:led_out[1]' lacks attribute 'PAP_IO_SLEW', it's better to set the attribute for port.
W: ConstraintEditor-4042: Port 'p:led_out[1]' lacks attribute 'BUS_KEEPER', it's better to set the attribute for port.
W: ConstraintEditor-4042: Port 'p:led_out[2]' lacks attribute 'PAP_IO_DRIVE', it's better to set the attribute for port.
W: ConstraintEditor-4042: Port 'p:led_out[2]' lacks attribute 'PAP_IO_SLEW', it's better to set the attribute for port.
W: ConstraintEditor-4042: Port 'p:led_out[2]' lacks attribute 'BUS_KEEPER', it's better to set the attribute for port.
W: ConstraintEditor-4042: Port 'p:led_out[3]' lacks attribute 'PAP_IO_DRIVE', it's better to set the attribute for port.
W: ConstraintEditor-4042: Port 'p:led_out[3]' lacks attribute 'PAP_IO_SLEW', it's better to set the attribute for port.
W: ConstraintEditor-4042: Port 'p:led_out[3]' lacks attribute 'BUS_KEEPER', it's better to set the attribute for port.
W: ConstraintEditor-4042: Port 'p:led_out[4]' lacks attribute 'PAP_IO_DRIVE', it's better to set the attribute for port.
W: ConstraintEditor-4042: Port 'p:led_out[4]' lacks attribute 'PAP_IO_SLEW', it's better to set the attribute for port.
W: ConstraintEditor-4042: Port 'p:led_out[4]' lacks attribute 'BUS_KEEPER', it's better to set the attribute for port.
W: ConstraintEditor-4042: Port 'p:led_out[5]' lacks attribute 'PAP_IO_DRIVE', it's better to set the attribute for port.
W: ConstraintEditor-4042: Port 'p:led_out[5]' lacks attribute 'PAP_IO_SLEW', it's better to set the attribute for port.
W: ConstraintEditor-4042: Port 'p:led_out[5]' lacks attribute 'BUS_KEEPER', it's better to set the attribute for port.
W: ConstraintEditor-4042: Port 'p:led_out[6]' lacks attribute 'PAP_IO_DRIVE', it's better to set the attribute for port.
W: ConstraintEditor-4042: Port 'p:led_out[6]' lacks attribute 'PAP_IO_SLEW', it's better to set the attribute for port.
W: ConstraintEditor-4042: Port 'p:led_out[6]' lacks attribute 'BUS_KEEPER', it's better to set the attribute for port.
W: ConstraintEditor-4042: Port 'p:led_out[7]' lacks attribute 'PAP_IO_DRIVE', it's better to set the attribute for port.
W: ConstraintEditor-4042: Port 'p:led_out[7]' lacks attribute 'PAP_IO_SLEW', it's better to set the attribute for port.
W: ConstraintEditor-4042: Port 'p:led_out[7]' lacks attribute 'BUS_KEEPER', it's better to set the attribute for port.
W: ConstraintEditor-4042: Port 'p:uart_tx' lacks attribute 'PAP_IO_DRIVE', it's better to set the attribute for port.
W: ConstraintEditor-4042: Port 'p:uart_tx' lacks attribute 'PAP_IO_SLEW', it's better to set the attribute for port.
Found 0 error(s), 0 critical warning(s), 38 warning(s), out of 85 constraint(s), you can contact with E:/code/PangoWork/Works/uart/prj_tasks/syn_1/synthesize/constraint_check.ccr for more detail information.
Constraint check end.
Total time(hh:mm:ss) of constraint check : 00:00:01
C: SDC-2025: Clock source 'n:u_pll_50mhz/clkout1' need a clock constraint, please use 'create_clock' or 'create_generate_clock' to generate.
I: Infer clock: create_generated_clock -name {sys_clk_50mhz|u_pll_50mhz/u_pll_e3/CLKOUT1_Inferred} -source [ get_ports {sys_clk_50mhz} ] [ get_pins {u_pll_50mhz/u_pll_e3:CLKOUT1} ] -master_clock {sys_clk_50mhz} -edges {1 2 3} -edge_shift {0.000000 23.913043 47.826087} -add.
C: SDC-2025: Clock source 'n:u_pll_50mhz/clkout0' need a clock constraint, please use 'create_clock' or 'create_generate_clock' to generate.
I: Infer clock: create_generated_clock -name {sys_clk_50mhz|u_pll_50mhz/u_pll_e3/CLKOUT0_Inferred} -source [ get_ports {sys_clk_50mhz} ] [ get_pins {u_pll_50mhz/u_pll_e3:CLKOUT0} ] -master_clock {sys_clk_50mhz} -edges {1 2 3} -edge_shift {0.000000 0.000000 0.000000} -add.
Start pre-mapping.
I: Encoding type of FSM 'state_fsm[3:0]' is: onehot.
I: Encoding table of FSM 'state_fsm[3:0]':
I: from  u_uart_rx/state[3] u_uart_rx/state[2] u_uart_rx/state[1] u_uart_rx/state[0]
I: to  u_uart_rx/state_reg[11] u_uart_rx/state_reg[10] u_uart_rx/state_reg[9] u_uart_rx/state_reg[8] u_uart_rx/state_reg[7] u_uart_rx/state_reg[6] u_uart_rx/state_reg[5] u_uart_rx/state_reg[4] u_uart_rx/state_reg[3] u_uart_rx/state_reg[2] u_uart_rx/state_reg[1] u_uart_rx/state_reg[0]
I: 0000 => 000000000001
I: 0001 => 000000000010
I: 0010 => 000000000100
I: 0011 => 000000001000
I: 0100 => 000000010000
I: 0101 => 000000100000
I: 0110 => 000001000000
I: 0111 => 000010000000
I: 1000 => 000100000000
I: 1001 => 001000000000
I: 1010 => 010000000000
I: 1011 => 100000000000
I: Encoding type of FSM 'state_fsm[3:0]' is: onehot.
I: Encoding table of FSM 'state_fsm[3:0]':
I: from  u_uart_tx/state[3] u_uart_tx/state[2] u_uart_tx/state[1] u_uart_tx/state[0]
I: to  u_uart_tx/state_reg[11] u_uart_tx/state_reg[10] u_uart_tx/state_reg[9] u_uart_tx/state_reg[8] u_uart_tx/state_reg[7] u_uart_tx/state_reg[6] u_uart_tx/state_reg[5] u_uart_tx/state_reg[4] u_uart_tx/state_reg[3] u_uart_tx/state_reg[2] u_uart_tx/state_reg[1] u_uart_tx/state_reg[0]
I: 0000 => 000000000001
I: 0001 => 000000000010
I: 0010 => 000000000100
I: 0011 => 000000001000
I: 0100 => 000000010000
I: 0101 => 000000100000
I: 0110 => 000001000000
I: 0111 => 000010000000
I: 1000 => 000100000000
I: 1001 => 001000000000
I: 1010 => 010000000000
I: 1011 => 100000000000
Executing : pre-mapping successfully. Time elapsed: 0.019s wall, 0.016s user + 0.000s system = 0.016s CPU (83.4%). Peak memory used: 248 MB.

Start mod-gen.
E: DRC-1021: Net _$$_VCC_$$_ has multiple drivers in module uart_txrx_top (see run.log for details).
    module 'bmsVCC' inst '_$$_VCC_$$_' out pin 'Z'
    module 'bmsWIDEDFFCPE' inst 'u_uart_tx/data_out [E:/code/PangoWork/Works/uart/Designs/uart/uart_tx.v(line number:134)]' out pin 'Q[0]'

Program Error Out.
Action synthesize: Real time elapsed is 0h:0m:4s
Action synthesize: CPU time elapsed is 0h:0m:2s
Action synthesize: Process CPU time elapsed is 0h:0m:3s
Action synthesize: Peak memory pool usage is 248 MB

Current time: Sat Sep 19 17:03:49 2026
