#Build: Fabric Compiler 2025.2, Build 211867, Jan 16 16:10 2026
#Install: E:\work\pango\PDS_2025.2-ads\bin
#Application name: pds_shell.exe
#OS: Windows 11 10.0.26200
#CPU: Unknown
#RAM(GB): 32
#Hostname: dionirpyC
#Generated by Fabric Compiler (version 2025.2 build 211867) at Wed Sep 23 20:13:57 2026
Parameters for debugging are loaded as follows:
License checkout: fabric_ads from E:/work/pango/PDS_2025.2-ads/new_pds_F4A80DA47D72.lic
Compiling verification operator library.
Compiling vendor parameter file.
Compiling common defs.
Loading technology operator library.
Compiling technology operator library.
Compiling technology operator (valence) library.
Reading design from compile DB
Elaborate the liberty model.
I: Multithreading enabled for Timing using a maximum of 4 processes.
Reading design from compile DB successfully.
Constraint check start.
Compiling prim grid devices.
Building architecture model.
Loading device packaging model.
Building architecture floorplan logic view.
W: ConstraintEditor-4040: [E:/code/PangoWork/Works/i2c/Constraints/io/key.fdc(line number: 2)] Port p:key_in[0] has been placed at location K18, whose type is share pin.
W: ConstraintEditor-4040: [E:/code/PangoWork/Works/i2c/Constraints/io/clk.fdc(line number: 8)] Port p:sys_rst_n has been placed at location AB13, whose type is share pin.
W: ConstraintEditor-4040: [E:/code/PangoWork/Works/i2c/Constraints/io/key.fdc(line number: 27)] Port p:key_in[5] has been placed at location J19, whose type is share pin.
W: ConstraintEditor-4040: [E:/code/PangoWork/Works/i2c/Constraints/io/key.fdc(line number: 32)] Port p:key_in[6] has been placed at location H20, whose type is share pin.
Found 0 error(s), 0 critical warning(s), 4 warning(s), out of 122 constraint(s), you can contact with E:/code/PangoWork/Works/i2c/prj_tasks/syn_1/synthesize/constraint_check.ccr for more detail information.
Constraint check end.
Total time(hh:mm:ss) of constraint check : 00:00:01
Start pre-mapping.
W: Adm-4083: [E:/code/PangoWork/Works/i2c/Designs/Hardware/eeprom/eeprom.v(line number: 141)] Removed bmsWIDEDFFCPE inst operation_addr[15:0] at 13 that is stuck at constant 0.
W: Adm-4083: [E:/code/PangoWork/Works/i2c/Designs/Hardware/eeprom/eeprom.v(line number: 141)] Removed bmsWIDEDFFCPE inst operation_addr[15:0] at 14 that is stuck at constant 0.
W: Adm-4083: [E:/code/PangoWork/Works/i2c/Designs/Hardware/eeprom/eeprom.v(line number: 141)] Removed bmsWIDEDFFCPE inst operation_addr[15:0] at 15 that is stuck at constant 0.
I: Constant propagation done on u_eeprom/operation_addr[15:0] (bmsWIDEDFFCPE).
I: Constant propagation done on u_eeprom/i2c_driver_inst/N758 (bmsREDOR).
I: Removed bmsSUB inst u_eeprom/rx_fifo_inst/U_ipml_fifo_eeprom_rx_fifo/U_ipml_fifo_ctrl/N40 that is redundant to u_eeprom/rx_fifo_inst/U_ipml_fifo_eeprom_rx_fifo/U_ipml_fifo_ctrl/N31
I: Removed bmsWIDEDFFCPE inst u_eeprom/rx_fifo_inst/U_ipml_fifo_eeprom_rx_fifo/U_ipml_fifo_ctrl/wr_water_level_i[5:0] that is redundant to u_eeprom/rx_fifo_inst/U_ipml_fifo_eeprom_rx_fifo/U_ipml_fifo_ctrl/rd_water_level_i[5:0]
I: Removed bmsSUB inst u_eeprom/tx_fifo_inst/U_ipml_fifo_eeprom_tx_fifo/U_ipml_fifo_ctrl/N40 that is redundant to u_eeprom/tx_fifo_inst/U_ipml_fifo_eeprom_tx_fifo/U_ipml_fifo_ctrl/N31
I: Removed bmsWIDEDFFCPE inst u_eeprom/tx_fifo_inst/U_ipml_fifo_eeprom_tx_fifo/U_ipml_fifo_ctrl/wr_water_level_i[5:0] that is redundant to u_eeprom/tx_fifo_inst/U_ipml_fifo_eeprom_tx_fifo/U_ipml_fifo_ctrl/rd_water_level_i[5:0]
I: Encoding type of FSM 'ctrl_state_fsm[2:0]' is: onehot.
I: Encoding table of FSM 'ctrl_state_fsm[2:0]':
I: from  u_eeprom/ctrl_state[2] u_eeprom/ctrl_state[1] u_eeprom/ctrl_state[0]
I: to  u_eeprom/ctrl_state_reg[4] u_eeprom/ctrl_state_reg[3] u_eeprom/ctrl_state_reg[2] u_eeprom/ctrl_state_reg[1] u_eeprom/ctrl_state_reg[0]
I: 000 => 00001
I: 001 => 00010
I: 010 => 00100
I: 011 => 01000
I: 100 => 10000
I: Encoding type of FSM 'state_fsm[4:0]' is: onehot.
I: Encoding table of FSM 'state_fsm[4:0]':
I: from  u_eeprom/i2c_driver_inst/state[4] u_eeprom/i2c_driver_inst/state[3] u_eeprom/i2c_driver_inst/state[2] u_eeprom/i2c_driver_inst/state[1] u_eeprom/i2c_driver_inst/state[0]
I: to  u_eeprom/i2c_driver_inst/state_reg[15] u_eeprom/i2c_driver_inst/state_reg[14] u_eeprom/i2c_driver_inst/state_reg[13] u_eeprom/i2c_driver_inst/state_reg[12] u_eeprom/i2c_driver_inst/state_reg[11] u_eeprom/i2c_driver_inst/state_reg[10] u_eeprom/i2c_driver_inst/state_reg[9] u_eeprom/i2c_driver_inst/state_reg[8] u_eeprom/i2c_driver_inst/state_reg[7] u_eeprom/i2c_driver_inst/state_reg[6] u_eeprom/i2c_driver_inst/state_reg[5] u_eeprom/i2c_driver_inst/state_reg[4] u_eeprom/i2c_driver_inst/state_reg[3] u_eeprom/i2c_driver_inst/state_reg[2] u_eeprom/i2c_driver_inst/state_reg[1] u_eeprom/i2c_driver_inst/state_reg[0]
I: 00000 => 0000000000000001
I: 00001 => 0000000000000010
I: 00010 => 0000000000000100
I: 00011 => 0000000000001000
I: 00100 => 0000000000010000
I: 00101 => 0000000000100000
I: 00110 => 0000000001000000
I: 00111 => 0000000010000000
I: 01000 => 0000000100000000
I: 01001 => 0000001000000000
I: 01010 => 0000010000000000
I: 01011 => 0000100000000000
I: 01100 => 0001000000000000
I: 01101 => 0010000000000000
I: 01110 => 0100000000000000
I: 01111 => 1000000000000000
I: CounterOpt reduce bits [31:23] of cnt_detect[31:0] to const.
I: Constant propagation done on u_key/N15 (bmsWIDEMUX).
W: Adm-4083: [E:/code/PangoWork/Works/i2c/Designs/Hardware/key/key.v(line number: 19)] Removed bmsWIDEDFFCPE inst cnt_detect[31:0] at 23 that is stuck at constant 0.
I: Constant propagation done on u_key/cnt_detect[31:0] (bmsWIDEDFFCPE).
I: Constant propagation done on u_key/cnt_detect[23]_inv (bmsINV).
I: Constant propagation done on u_key/N14 (bmsREDAND).
Executing : pre-mapping successfully. Time elapsed: 0.053s wall, 0.047s user + 0.016s system = 0.062s CPU (118.0%). Peak memory used: 254 MB.

Start mod-gen.
W: Public-4008: [E:/code/PangoWork/Works/i2c/ipcore/eeprom_rx_fifo/rtl/ipml_fifo_ctrl_v1_14_eeprom_rx_fifo.v(line number: 834)] Instance 'u_eeprom/rx_fifo_inst/U_ipml_fifo_eeprom_rx_fifo/U_ipml_fifo_ctrl/rd_water_level_i[5:0]' of 'bmsWIDEDFFCPE' unit is dangling and will be cleaned.
W: Public-4008: [E:/code/PangoWork/Works/i2c/ipcore/eeprom_rx_fifo/rtl/ipml_fifo_ctrl_v1_14_eeprom_rx_fifo.v(line number: 825)] Instance 'u_eeprom/rx_fifo_inst/U_ipml_fifo_eeprom_rx_fifo/U_ipml_fifo_ctrl/almost_empty' of 'bmsWIDEDFFCPE' unit is dangling and will be cleaned.
W: Public-4008: [E:/code/PangoWork/Works/i2c/ipcore/eeprom_rx_fifo/rtl/ipml_fifo_ctrl_v1_14_eeprom_rx_fifo.v(line number: 801)] Instance 'u_eeprom/rx_fifo_inst/U_ipml_fifo_eeprom_rx_fifo/U_ipml_fifo_ctrl/almost_full' of 'bmsWIDEDFFCPE' unit is dangling and will be cleaned.
W: Public-4008: [E:/code/PangoWork/Works/i2c/ipcore/eeprom_rx_fifo/rtl/ipml_fifo_ctrl_v1_14_eeprom_rx_fifo.v(line number: 463)] Instance 'u_eeprom/rx_fifo_inst/U_ipml_fifo_eeprom_rx_fifo/U_ipml_fifo_ctrl/gen_no_prefetch_ctrl.gen_std_fifo_vld_nor.data_valid' of 'bmsWIDEDFFCPE' unit is dangling and will be cleaned.
W: Public-4008: [E:/code/PangoWork/Works/i2c/ipcore/eeprom_tx_fifo/rtl/ipml_fifo_ctrl_v1_14_eeprom_tx_fifo.v(line number: 834)] Instance 'u_eeprom/tx_fifo_inst/U_ipml_fifo_eeprom_tx_fifo/U_ipml_fifo_ctrl/rd_water_level_i[5:0]' of 'bmsWIDEDFFCPE' unit is dangling and will be cleaned.
W: Public-4008: [E:/code/PangoWork/Works/i2c/ipcore/eeprom_tx_fifo/rtl/ipml_fifo_ctrl_v1_14_eeprom_tx_fifo.v(line number: 825)] Instance 'u_eeprom/tx_fifo_inst/U_ipml_fifo_eeprom_tx_fifo/U_ipml_fifo_ctrl/almost_empty' of 'bmsWIDEDFFCPE' unit is dangling and will be cleaned.
W: Public-4008: [E:/code/PangoWork/Works/i2c/ipcore/eeprom_tx_fifo/rtl/ipml_fifo_ctrl_v1_14_eeprom_tx_fifo.v(line number: 801)] Instance 'u_eeprom/tx_fifo_inst/U_ipml_fifo_eeprom_tx_fifo/U_ipml_fifo_ctrl/almost_full' of 'bmsWIDEDFFCPE' unit is dangling and will be cleaned.
W: Public-4008: [E:/code/PangoWork/Works/i2c/ipcore/eeprom_tx_fifo/rtl/ipml_fifo_ctrl_v1_14_eeprom_tx_fifo.v(line number: 463)] Instance 'u_eeprom/tx_fifo_inst/U_ipml_fifo_eeprom_tx_fifo/U_ipml_fifo_ctrl/gen_no_prefetch_ctrl.gen_std_fifo_vld_nor.data_valid' of 'bmsWIDEDFFCPE' unit is dangling and will be cleaned.
W: Adm-4083: [E:/code/PangoWork/Works/i2c/Designs/Driver/i2c/i2c_driver.v(line number: 107)] Removed bmsWIDEDFFCPE inst u_eeprom/i2c_driver_inst/addr_reg[15:0] at 13 that is stuck at constant 0.
I: Constant propagation done on u_eeprom/i2c_driver_inst/addr_reg[15:0] (bmsWIDEDFFCPE).
I: Constant propagation done on u_eeprom/N68 (bmsREDAND).
Executing : mod-gen successfully. Time elapsed: 0.115s wall, 0.156s user + 0.031s system = 0.188s CPU (162.6%). Peak memory used: 277 MB.

Start logic-optimization.
Executing : logic-optimization successfully. Time elapsed: 0.134s wall, 0.125s user + 0.016s system = 0.141s CPU (105.1%). Peak memory used: 285 MB.

Start tech-mapping phase 1.
W: Public-4008: [E:/code/PangoWork/Works/i2c/Designs/Hardware/key/key.v(line number: 19)] Instance 'u_key/cnt_detect[23]' of 'bmsWIDEDFFCPE' unit is dangling and will be cleaned.
W: Public-4008: [E:/code/PangoWork/Works/i2c/Designs/Hardware/key/key.v(line number: 19)] Instance 'u_key/cnt_detect[24]' of 'bmsWIDEDFFCPE' unit is dangling and will be cleaned.
W: Public-4008: [E:/code/PangoWork/Works/i2c/Designs/Hardware/key/key.v(line number: 19)] Instance 'u_key/cnt_detect[25]' of 'bmsWIDEDFFCPE' unit is dangling and will be cleaned.
W: Public-4008: [E:/code/PangoWork/Works/i2c/Designs/Hardware/key/key.v(line number: 19)] Instance 'u_key/cnt_detect[26]' of 'bmsWIDEDFFCPE' unit is dangling and will be cleaned.
W: Public-4008: [E:/code/PangoWork/Works/i2c/Designs/Hardware/key/key.v(line number: 19)] Instance 'u_key/cnt_detect[27]' of 'bmsWIDEDFFCPE' unit is dangling and will be cleaned.
W: Public-4008: [E:/code/PangoWork/Works/i2c/Designs/Hardware/key/key.v(line number: 19)] Instance 'u_key/cnt_detect[28]' of 'bmsWIDEDFFCPE' unit is dangling and will be cleaned.
W: Public-4008: [E:/code/PangoWork/Works/i2c/Designs/Hardware/key/key.v(line number: 19)] Instance 'u_key/cnt_detect[29]' of 'bmsWIDEDFFCPE' unit is dangling and will be cleaned.
W: Public-4008: [E:/code/PangoWork/Works/i2c/Designs/Hardware/key/key.v(line number: 19)] Instance 'u_key/cnt_detect[30]' of 'bmsWIDEDFFCPE' unit is dangling and will be cleaned.
W: Public-4008: [E:/code/PangoWork/Works/i2c/Designs/Hardware/key/key.v(line number: 19)] Instance 'u_key/cnt_detect[31]' of 'bmsWIDEDFFCPE' unit is dangling and will be cleaned.
W: Public-4008: [E:/code/PangoWork/Works/i2c/ipcore/eeprom_tx_fifo/rtl/ipml_fifo_ctrl_v1_14_eeprom_tx_fifo.v(line number: 691)] Instance 'u_eeprom/tx_fifo_inst/U_ipml_fifo_eeprom_tx_fifo/U_ipml_fifo_ctrl/SYN_CTRL.wbin[5]' of 'bmsWIDEDFFCPE' unit is dangling and will be cleaned.
W: Public-4008: [E:/code/PangoWork/Works/i2c/ipcore/eeprom_tx_fifo/rtl/ipml_fifo_ctrl_v1_14_eeprom_tx_fifo.v(line number: 734)] Instance 'u_eeprom/tx_fifo_inst/U_ipml_fifo_eeprom_tx_fifo/U_ipml_fifo_ctrl/SYN_CTRL.rbin[5]' of 'bmsWIDEDFFCPE' unit is dangling and will be cleaned.
W: Public-4008: [E:/code/PangoWork/Works/i2c/Designs/Hardware/eeprom/eeprom.v(line number: 141)] Instance 'u_eeprom/operation_addr[13]' of 'bmsWIDEDFFCPE' unit is dangling and will be cleaned.
W: Public-4008: [E:/code/PangoWork/Works/i2c/Designs/Hardware/eeprom/eeprom.v(line number: 141)] Instance 'u_eeprom/operation_addr[14]' of 'bmsWIDEDFFCPE' unit is dangling and will be cleaned.
W: Public-4008: [E:/code/PangoWork/Works/i2c/Designs/Hardware/eeprom/eeprom.v(line number: 141)] Instance 'u_eeprom/operation_addr[15]' of 'bmsWIDEDFFCPE' unit is dangling and will be cleaned.
W: Public-4008: [E:/code/PangoWork/Works/i2c/Designs/Driver/i2c/i2c_driver.v(line number: 107)] Instance 'u_eeprom/i2c_driver_inst/addr_reg[13]' of 'bmsWIDEDFFCPE' unit is dangling and will be cleaned.
W: Public-4008: [E:/code/PangoWork/Works/i2c/Designs/Driver/i2c/i2c_driver.v(line number: 107)] Instance 'u_eeprom/i2c_driver_inst/addr_reg[14]' of 'bmsWIDEDFFCPE' unit is dangling and will be cleaned.
W: Public-4008: [E:/code/PangoWork/Works/i2c/Designs/Driver/i2c/i2c_driver.v(line number: 107)] Instance 'u_eeprom/i2c_driver_inst/addr_reg[15]' of 'bmsWIDEDFFCPE' unit is dangling and will be cleaned.
W: Public-4008: [E:/code/PangoWork/Works/i2c/ipcore/eeprom_rx_fifo/rtl/ipml_fifo_ctrl_v1_14_eeprom_rx_fifo.v(line number: 734)] Instance 'u_eeprom/rx_fifo_inst/U_ipml_fifo_eeprom_rx_fifo/U_ipml_fifo_ctrl/SYN_CTRL.rbin[5]' of 'bmsWIDEDFFCPE' unit is dangling and will be cleaned.
W: Public-4008: [E:/code/PangoWork/Works/i2c/ipcore/eeprom_rx_fifo/rtl/ipml_fifo_ctrl_v1_14_eeprom_rx_fifo.v(line number: 691)] Instance 'u_eeprom/rx_fifo_inst/U_ipml_fifo_eeprom_rx_fifo/U_ipml_fifo_ctrl/SYN_CTRL.wbin[5]' of 'bmsWIDEDFFCPE' unit is dangling and will be cleaned.
Executing : tech-mapping phase 1 successfully. Time elapsed: 0.025s wall, 0.016s user + 0.000s system = 0.016s CPU (61.4%). Peak memory used: 285 MB.

Start tech-mapping phase 2.
Executing : tech-mapping phase 2 successfully. Time elapsed: 0.145s wall, 0.188s user + 0.016s system = 0.203s CPU (140.3%). Peak memory used: 291 MB.

Start tech-optimization.
Executing : tech-optimization successfully. Time elapsed: 0.041s wall, 0.016s user + 0.016s system = 0.031s CPU (77.0%). Peak memory used: 291 MB.

Start phys-optimization.
Executing : phys-optimization successfully. Time elapsed: 0.000s wall, 0.000s user + 0.000s system = 0.000s CPU (n/a%). Peak memory used: 291 MB.

Start restore-hierarchy.
Executing : restore-hierarchy successfully. Time elapsed: 0.006s wall, 0.016s user + 0.000s system = 0.016s CPU (257.0%). Peak memory used: 291 MB.


Cell Usage:
GTP_DFF_C                    72 uses
GTP_DFF_CE                  142 uses
GTP_DFF_P                     2 uses
GTP_DFF_PE                    3 uses
GTP_DRM9K                     2 uses
GTP_GRS                       1 use
GTP_INV                       5 uses
GTP_LUT1                     10 uses
GTP_LUT2                     45 uses
GTP_LUT3                     34 uses
GTP_LUT4                     19 uses
GTP_LUT5                     38 uses
GTP_LUT5CARRY                81 uses
GTP_LUT5M                    10 uses
GTP_MUX2LUT6                  2 uses
GTP_PLL_E3                    1 use

I/O ports: 20
GTP_INBUF                  10 uses
GTP_IOBUF                   1 use
GTP_OUTBUF                  9 uses

Mapping Summary:
Total LUTs: 237 of 42800 (0.55%)
	LUTs as dram: 0 of 17000 (0.00%)
	LUTs as logic: 237
Total Registers: 219 of 64200 (0.34%)
Total Latches: 0

DRM18K:
Total DRM18Ks = 1.0 of 134 (0.75%)

APM:
Total APMs = 0.00 of 84 (0.00%)

Total I/O ports = 20 of 296 (6.76%)


Overview of Control Sets:

Number of unique control sets : 16

Histogram:
**************************************************************
  Fanout      | Count    | Sync Set/Reset    Async Set/Reset
--------------------------------------------------------------
  [0, 2)      | 1        | 0                 1
  [2, 4)      | 2        | 0                 2
  [4, 6)      | 1        | 0                 1
  [6, 8)      | 3        | 0                 3
  [8, 10)     | 3        | 0                 3
  [10, 12)    | 0        | 0                 0
  [12, 14)    | 0        | 0                 0
  [14, 16)    | 1        | 0                 1
  [16, Inf)   | 5        | 0                 5
--------------------------------------------------------------
  The maximum fanout: 74
==============================================================

Flip-Flop Distribution:
************************************************************************
  Clock Enable    Sync Set/Reset    Async Set/Reset    Total Registers
------------------------------------------------------------------------
  NO              NO                NO                 0
  NO              NO                YES                74
  NO              YES               NO                 0
  YES             NO                NO                 0
  YES             NO                YES                145
  YES             YES               NO                 0
========================================================================

Latch Distribution:
************************************************
  Gate Enable    Preset/Clear    Total Latches
************************************************
  NO             NO              0
  NO             YES             0
  YES            NO              0
  YES            YES             0
************************************************

Design 'i2c_eeprom_top' has been successfully synthesized to architecture-specific objects.
Saving design to DB.
Action Synthesize: Export DB successfully.
Saving design to i2c_eeprom_top_syn.vm
Constructing timing graph ...
Timing graph has been constructed successfully
W: Timing-4086: Port 'eeprom_i2c_sda' is not constrained, it is treated as combinational input.
W: Timing-4087: Port 'eeprom_i2c_sda' is not constrained, it is treated as combinational output.
W: Timing-4087: Port 'eeprom_i2c_scl' is not constrained, it is treated as combinational output.
W: Timing-4087: Port 'led_out[0]' is not constrained, it is treated as combinational output.
W: Timing-4087: Port 'led_out[1]' is not constrained, it is treated as combinational output.
W: Timing-4087: Port 'led_out[2]' is not constrained, it is treated as combinational output.
W: Timing-4087: Port 'led_out[3]' is not constrained, it is treated as combinational output.
W: Timing-4087: Port 'led_out[4]' is not constrained, it is treated as combinational output.
W: Timing-4087: Port 'led_out[5]' is not constrained, it is treated as combinational output.
W: Timing-4087: Port 'led_out[6]' is not constrained, it is treated as combinational output.
W: Timing-4087: Port 'led_out[7]' is not constrained, it is treated as combinational output.
W: Timing-4086: Port 'key_in[0]' is not constrained, it is treated as combinational input.
W: Timing-4086: Port 'key_in[1]' is not constrained, it is treated as combinational input.
W: Timing-4086: Port 'key_in[2]' is not constrained, it is treated as combinational input.
W: Timing-4086: Port 'key_in[3]' is not constrained, it is treated as combinational input.
W: Timing-4086: Port 'key_in[4]' is not constrained, it is treated as combinational input.
W: Timing-4086: Port 'key_in[5]' is not constrained, it is treated as combinational input.
W: Timing-4086: Port 'key_in[6]' is not constrained, it is treated as combinational input.
W: Timing-4086: Port 'key_in[7]' is not constrained, it is treated as combinational input.
W: Timing-4086: Port 'sys_rst_n' is not constrained, it is treated as combinational input.
Action synthesize: Real time elapsed is 0h:0m:5s
Action synthesize: CPU time elapsed is 0h:0m:3s
Action synthesize: Process CPU time elapsed is 0h:0m:3s
Action synthesize: Peak memory pool usage is 291 MB

Current time: Wed Sep 23 20:14:00 2026
