#Build: Fabric Compiler 2025.2, Build 211867, Jan 16 16:10 2026
#Install: E:\work\pango\PDS_2025.2-ads\bin
#Application name: pds_shell.exe
#OS: Windows 11 10.0.26200
#CPU: Unknown
#RAM(GB): 32
#Hostname: dionirpyC
#Generated by Fabric Compiler (version 2025.2 build 211867) at Fri Sep 18 19:58:39 2026
Parameters for debugging are loaded as follows:
License checkout: fabric_ads from E:/work/pango/PDS_2025.2-ads/new_pds_F4A80DA47D72.lic
Compiling verification operator library.
Compiling vendor parameter file.
Compiling common defs.
Loading technology operator library.
Compiling technology operator library.
Compiling technology operator (valence) library.
Reading design from compile DB
Elaborate the liberty model.
I: Multithreading enabled for Timing using a maximum of 4 processes.
Reading design from compile DB successfully.
Constraint check start.
Compiling prim grid devices.
Building architecture model.
Loading device packaging model.
Building architecture floorplan logic view.
W: ConstraintEditor-4040: [E:/code/PangoWork/Works/uart/Constraints/io/key.fdc(line number: 2)] Port p:key_in[0] has been placed at location K18, whose type is share pin.
W: ConstraintEditor-4040: [E:/code/PangoWork/Works/uart/Constraints/io/clk.fdc(line number: 8)] Port p:rst_n has been placed at location AB13, whose type is share pin.
W: ConstraintEditor-4040: [E:/code/PangoWork/Works/uart/Constraints/io/key.fdc(line number: 22)] Port p:key_in[5] has been placed at location J19, whose type is share pin.
W: ConstraintEditor-4040: [E:/code/PangoWork/Works/uart/Constraints/io/key.fdc(line number: 26)] Port p:key_in[6] has been placed at location H20, whose type is share pin.
W: ConstraintEditor-4042: Port 'p:key_in[0]' lacks attribute 'BUS_KEEPER', it's better to set the attribute for port.
W: ConstraintEditor-4042: Port 'p:key_in[1]' lacks attribute 'BUS_KEEPER', it's better to set the attribute for port.
W: ConstraintEditor-4042: Port 'p:key_in[2]' lacks attribute 'BUS_KEEPER', it's better to set the attribute for port.
W: ConstraintEditor-4042: Port 'p:key_in[3]' lacks attribute 'BUS_KEEPER', it's better to set the attribute for port.
W: ConstraintEditor-4042: Port 'p:key_in[4]' lacks attribute 'BUS_KEEPER', it's better to set the attribute for port.
W: ConstraintEditor-4042: Port 'p:key_in[5]' lacks attribute 'BUS_KEEPER', it's better to set the attribute for port.
W: ConstraintEditor-4042: Port 'p:key_in[6]' lacks attribute 'BUS_KEEPER', it's better to set the attribute for port.
W: ConstraintEditor-4042: Port 'p:key_in[7]' lacks attribute 'BUS_KEEPER', it's better to set the attribute for port.
W: ConstraintEditor-4042: Port 'p:led_out[0]' lacks attribute 'PAP_IO_DRIVE', it's better to set the attribute for port.
W: ConstraintEditor-4042: Port 'p:led_out[0]' lacks attribute 'PAP_IO_SLEW', it's better to set the attribute for port.
W: ConstraintEditor-4042: Port 'p:led_out[0]' lacks attribute 'BUS_KEEPER', it's better to set the attribute for port.
W: ConstraintEditor-4042: Port 'p:led_out[1]' lacks attribute 'PAP_IO_DRIVE', it's better to set the attribute for port.
W: ConstraintEditor-4042: Port 'p:led_out[1]' lacks attribute 'PAP_IO_SLEW', it's better to set the attribute for port.
W: ConstraintEditor-4042: Port 'p:led_out[1]' lacks attribute 'BUS_KEEPER', it's better to set the attribute for port.
W: ConstraintEditor-4042: Port 'p:led_out[2]' lacks attribute 'PAP_IO_DRIVE', it's better to set the attribute for port.
W: ConstraintEditor-4042: Port 'p:led_out[2]' lacks attribute 'PAP_IO_SLEW', it's better to set the attribute for port.
W: ConstraintEditor-4042: Port 'p:led_out[2]' lacks attribute 'BUS_KEEPER', it's better to set the attribute for port.
W: ConstraintEditor-4042: Port 'p:led_out[3]' lacks attribute 'PAP_IO_DRIVE', it's better to set the attribute for port.
W: ConstraintEditor-4042: Port 'p:led_out[3]' lacks attribute 'PAP_IO_SLEW', it's better to set the attribute for port.
W: ConstraintEditor-4042: Port 'p:led_out[3]' lacks attribute 'BUS_KEEPER', it's better to set the attribute for port.
W: ConstraintEditor-4042: Port 'p:led_out[4]' lacks attribute 'PAP_IO_DRIVE', it's better to set the attribute for port.
W: ConstraintEditor-4042: Port 'p:led_out[4]' lacks attribute 'PAP_IO_SLEW', it's better to set the attribute for port.
W: ConstraintEditor-4042: Port 'p:led_out[4]' lacks attribute 'BUS_KEEPER', it's better to set the attribute for port.
W: ConstraintEditor-4042: Port 'p:led_out[5]' lacks attribute 'PAP_IO_DRIVE', it's better to set the attribute for port.
W: ConstraintEditor-4042: Port 'p:led_out[5]' lacks attribute 'PAP_IO_SLEW', it's better to set the attribute for port.
W: ConstraintEditor-4042: Port 'p:led_out[5]' lacks attribute 'BUS_KEEPER', it's better to set the attribute for port.
W: ConstraintEditor-4042: Port 'p:led_out[6]' lacks attribute 'PAP_IO_DRIVE', it's better to set the attribute for port.
W: ConstraintEditor-4042: Port 'p:led_out[6]' lacks attribute 'PAP_IO_SLEW', it's better to set the attribute for port.
W: ConstraintEditor-4042: Port 'p:led_out[6]' lacks attribute 'BUS_KEEPER', it's better to set the attribute for port.
W: ConstraintEditor-4042: Port 'p:led_out[7]' lacks attribute 'PAP_IO_DRIVE', it's better to set the attribute for port.
W: ConstraintEditor-4042: Port 'p:led_out[7]' lacks attribute 'PAP_IO_SLEW', it's better to set the attribute for port.
W: ConstraintEditor-4042: Port 'p:led_out[7]' lacks attribute 'BUS_KEEPER', it's better to set the attribute for port.
W: ConstraintEditor-4042: Port 'p:uart_tx' lacks attribute 'PAP_IO_DRIVE', it's better to set the attribute for port.
W: ConstraintEditor-4042: Port 'p:uart_tx' lacks attribute 'PAP_IO_SLEW', it's better to set the attribute for port.
C: UserConstraintEditor-2001: [E:/code/PangoWork/Works/uart/Constraints/io/clk.fdc(line number: 1)] 'OUTPUT' is not correct, direction of port 'sys_clk_50mhz' is 'INPUT' defined in [E:/code/PangoWork/Works/uart/Designs/uart_rx_top.v(line number: 2)]. The direction has been corrected automatically.
C: UserConstraintEditor-2001: [E:/code/PangoWork/Works/uart/Constraints/io/key.fdc(line number: 1)] 'OUTPUT' is not correct, direction of port 'key_in[0]' is 'INPUT' defined in [E:/code/PangoWork/Works/uart/Designs/uart_rx_top.v(line number: 8)]. The direction has been corrected automatically.
C: UserConstraintEditor-2001: [E:/code/PangoWork/Works/uart/Constraints/io/key.fdc(line number: 5)] 'OUTPUT' is not correct, direction of port 'key_in[1]' is 'INPUT' defined in [E:/code/PangoWork/Works/uart/Designs/uart_rx_top.v(line number: 8)]. The direction has been corrected automatically.
C: UserConstraintEditor-2001: [E:/code/PangoWork/Works/uart/Constraints/io/key.fdc(line number: 9)] 'OUTPUT' is not correct, direction of port 'key_in[2]' is 'INPUT' defined in [E:/code/PangoWork/Works/uart/Designs/uart_rx_top.v(line number: 8)]. The direction has been corrected automatically.
C: UserConstraintEditor-2001: [E:/code/PangoWork/Works/uart/Constraints/io/key.fdc(line number: 13)] 'OUTPUT' is not correct, direction of port 'key_in[3]' is 'INPUT' defined in [E:/code/PangoWork/Works/uart/Designs/uart_rx_top.v(line number: 8)]. The direction has been corrected automatically.
C: UserConstraintEditor-2001: [E:/code/PangoWork/Works/uart/Constraints/io/key.fdc(line number: 17)] 'OUTPUT' is not correct, direction of port 'key_in[4]' is 'INPUT' defined in [E:/code/PangoWork/Works/uart/Designs/uart_rx_top.v(line number: 8)]. The direction has been corrected automatically.
C: UserConstraintEditor-2001: [E:/code/PangoWork/Works/uart/Constraints/io/key.fdc(line number: 21)] 'OUTPUT' is not correct, direction of port 'key_in[5]' is 'INPUT' defined in [E:/code/PangoWork/Works/uart/Designs/uart_rx_top.v(line number: 8)]. The direction has been corrected automatically.
C: UserConstraintEditor-2001: [E:/code/PangoWork/Works/uart/Constraints/io/key.fdc(line number: 25)] 'OUTPUT' is not correct, direction of port 'key_in[6]' is 'INPUT' defined in [E:/code/PangoWork/Works/uart/Designs/uart_rx_top.v(line number: 8)]. The direction has been corrected automatically.
C: UserConstraintEditor-2001: [E:/code/PangoWork/Works/uart/Constraints/io/key.fdc(line number: 29)] 'OUTPUT' is not correct, direction of port 'key_in[7]' is 'INPUT' defined in [E:/code/PangoWork/Works/uart/Designs/uart_rx_top.v(line number: 8)]. The direction has been corrected automatically.
Found 0 error(s), 9 critical warning(s), 38 warning(s), out of 85 constraint(s), you can contact with E:/code/PangoWork/Works/uart/prj_tasks/syn_1/synthesize/constraint_check.ccr for more detail information.
Constraint check end.
Total time(hh:mm:ss) of constraint check : 00:00:01
C: SDC-2025: Clock source 'n:u_pll_50mhz/clkout1' need a clock constraint, please use 'create_clock' or 'create_generate_clock' to generate.
I: Infer clock: create_generated_clock -name {sys_clk_50mhz|u_pll_50mhz/u_pll_e3/CLKOUT1_Inferred} -source [ get_ports {sys_clk_50mhz} ] [ get_pins {u_pll_50mhz/u_pll_e3:CLKOUT1} ] -master_clock {sys_clk_50mhz} -edges {1 2 3} -edge_shift {0.000000 23.913043 47.826087} -add.
C: SDC-2025: Clock source 'n:u_pll_50mhz/clkout0' need a clock constraint, please use 'create_clock' or 'create_generate_clock' to generate.
I: Infer clock: create_generated_clock -name {sys_clk_50mhz|u_pll_50mhz/u_pll_e3/CLKOUT0_Inferred} -source [ get_ports {sys_clk_50mhz} ] [ get_pins {u_pll_50mhz/u_pll_e3:CLKOUT0} ] -master_clock {sys_clk_50mhz} -edges {1 2 3} -edge_shift {0.000000 0.000000 0.000000} -add.
Start pre-mapping.
W: Adm-4083: [E:/code/PangoWork/Works/uart/Designs/led/led.v(line number: 10)] Removed bmsWIDEDFFCPE inst led_out[7:0] at 1 that is stuck at constant 0.
W: Adm-4083: [E:/code/PangoWork/Works/uart/Designs/led/led.v(line number: 10)] Removed bmsWIDEDFFCPE inst led_out[7:0] at 2 that is stuck at constant 0.
W: Adm-4083: [E:/code/PangoWork/Works/uart/Designs/led/led.v(line number: 10)] Removed bmsWIDEDFFCPE inst led_out[7:0] at 3 that is stuck at constant 0.
W: Adm-4083: [E:/code/PangoWork/Works/uart/Designs/led/led.v(line number: 10)] Removed bmsWIDEDFFCPE inst led_out[7:0] at 4 that is stuck at constant 0.
W: Adm-4083: [E:/code/PangoWork/Works/uart/Designs/led/led.v(line number: 10)] Removed bmsWIDEDFFCPE inst led_out[7:0] at 5 that is stuck at constant 0.
W: Adm-4083: [E:/code/PangoWork/Works/uart/Designs/led/led.v(line number: 10)] Removed bmsWIDEDFFCPE inst led_out[7:0] at 6 that is stuck at constant 0.
W: Adm-4083: [E:/code/PangoWork/Works/uart/Designs/led/led.v(line number: 10)] Removed bmsWIDEDFFCPE inst led_out[7:0] at 7 that is stuck at constant 0.
I: Constant propagation done on u_led/led_out[7:0] (bmsWIDEDFFCPE).
Executing : pre-mapping successfully. Time elapsed: 0.011s wall, 0.016s user + 0.000s system = 0.016s CPU (145.0%). Peak memory used: 247 MB.

Start mod-gen.
W: Public-4008: [E:/code/PangoWork/Works/uart/Designs/uart/uart_rx.v(line number: 118)] Instance 'u_uart_rx/data_valid' of 'bmsWIDEDFFCPE' unit is dangling and will be cleaned.
W: Public-4008: [E:/code/PangoWork/Works/uart/Designs/uart/uart_rx.v(line number: 104)] Instance 'u_uart_rx/data_valid_temp' of 'bmsWIDEDFFCPE' unit is dangling and will be cleaned.
Executing : mod-gen successfully. Time elapsed: 0.027s wall, 0.062s user + 0.000s system = 0.062s CPU (231.2%). Peak memory used: 258 MB.

Start logic-optimization.
Executing : logic-optimization successfully. Time elapsed: 0.014s wall, 0.000s user + 0.016s system = 0.016s CPU (113.4%). Peak memory used: 273 MB.

Start tech-mapping phase 1.
W: Public-4008: [E:/code/PangoWork/Works/uart/Designs/led/led.v(line number: 10)] Instance 'u_led/led_out[1]' of 'bmsWIDEDFFCPE' unit is dangling and will be cleaned.
W: Public-4008: [E:/code/PangoWork/Works/uart/Designs/led/led.v(line number: 10)] Instance 'u_led/led_out[2]' of 'bmsWIDEDFFCPE' unit is dangling and will be cleaned.
W: Public-4008: [E:/code/PangoWork/Works/uart/Designs/led/led.v(line number: 10)] Instance 'u_led/led_out[3]' of 'bmsWIDEDFFCPE' unit is dangling and will be cleaned.
W: Public-4008: [E:/code/PangoWork/Works/uart/Designs/led/led.v(line number: 10)] Instance 'u_led/led_out[4]' of 'bmsWIDEDFFCPE' unit is dangling and will be cleaned.
W: Public-4008: [E:/code/PangoWork/Works/uart/Designs/led/led.v(line number: 10)] Instance 'u_led/led_out[5]' of 'bmsWIDEDFFCPE' unit is dangling and will be cleaned.
W: Public-4008: [E:/code/PangoWork/Works/uart/Designs/led/led.v(line number: 10)] Instance 'u_led/led_out[6]' of 'bmsWIDEDFFCPE' unit is dangling and will be cleaned.
W: Public-4008: [E:/code/PangoWork/Works/uart/Designs/led/led.v(line number: 10)] Instance 'u_led/led_out[7]' of 'bmsWIDEDFFCPE' unit is dangling and will be cleaned.
W: Public-4008: [E:/code/PangoWork/Works/uart/Designs/uart/uart_rx.v(line number: 118)] Instance 'u_uart_rx/data_out[1]' of 'bmsWIDEDFFCPE' unit is dangling and will be cleaned.
W: Public-4008: [E:/code/PangoWork/Works/uart/Designs/uart/uart_rx.v(line number: 118)] Instance 'u_uart_rx/data_out[2]' of 'bmsWIDEDFFCPE' unit is dangling and will be cleaned.
W: Public-4008: [E:/code/PangoWork/Works/uart/Designs/uart/uart_rx.v(line number: 118)] Instance 'u_uart_rx/data_out[3]' of 'bmsWIDEDFFCPE' unit is dangling and will be cleaned.
W: Public-4008: [E:/code/PangoWork/Works/uart/Designs/uart/uart_rx.v(line number: 118)] Instance 'u_uart_rx/data_out[4]' of 'bmsWIDEDFFCPE' unit is dangling and will be cleaned.
W: Public-4008: [E:/code/PangoWork/Works/uart/Designs/uart/uart_rx.v(line number: 118)] Instance 'u_uart_rx/data_out[5]' of 'bmsWIDEDFFCPE' unit is dangling and will be cleaned.
W: Public-4008: [E:/code/PangoWork/Works/uart/Designs/uart/uart_rx.v(line number: 118)] Instance 'u_uart_rx/data_out[6]' of 'bmsWIDEDFFCPE' unit is dangling and will be cleaned.
W: Public-4008: [E:/code/PangoWork/Works/uart/Designs/uart/uart_rx.v(line number: 118)] Instance 'u_uart_rx/data_out[7]' of 'bmsWIDEDFFCPE' unit is dangling and will be cleaned.
Executing : tech-mapping phase 1 successfully. Time elapsed: 0.003s wall, 0.000s user + 0.000s system = 0.000s CPU (n/a%). Peak memory used: 273 MB.

Start tech-mapping phase 2.
Executing : tech-mapping phase 2 successfully. Time elapsed: 0.012s wall, 0.016s user + 0.000s system = 0.016s CPU (135.4%). Peak memory used: 274 MB.

Start tech-optimization.
Executing : tech-optimization successfully. Time elapsed: 0.006s wall, 0.000s user + 0.000s system = 0.000s CPU (n/a%). Peak memory used: 274 MB.

Start phys-optimization.
Executing : phys-optimization successfully. Time elapsed: 0.000s wall, 0.000s user + 0.000s system = 0.000s CPU (n/a%). Peak memory used: 274 MB.

Start restore-hierarchy.
Executing : restore-hierarchy successfully. Time elapsed: 0.001s wall, 0.000s user + 0.000s system = 0.000s CPU (n/a%). Peak memory used: 274 MB.


Cell Usage:
GTP_DFF_C                     9 uses
GTP_DFF_CE                   12 uses
GTP_DFF_P                     3 uses
GTP_GRS                       1 use
GTP_INV                       1 use
GTP_LUT2                      3 uses
GTP_LUT3                      2 uses
GTP_LUT4                      6 uses
GTP_LUT5                      2 uses
GTP_PLL_E3                    1 use

I/O ports: 20
GTP_INBUF                  11 uses
GTP_OUTBUF                  8 uses
GTP_OUTBUFT                 1 use

Mapping Summary:
Total LUTs: 13 of 42800 (0.03%)
	LUTs as dram: 0 of 17000 (0.00%)
	LUTs as logic: 13
Total Registers: 24 of 64200 (0.04%)
Total Latches: 0

DRM18K:
Total DRM18Ks = 0.0 of 134 (0.00%)

APM:
Total APMs = 0.00 of 84 (0.00%)

Total I/O ports = 20 of 296 (6.76%)


Overview of Control Sets:

Number of unique control sets : 4

Histogram:
**************************************************************
  Fanout      | Count    | Sync Set/Reset    Async Set/Reset
--------------------------------------------------------------
  [0, 2)      | 1        | 0                 1
  [2, 4)      | 0        | 0                 0
  [4, 6)      | 1        | 0                 1
  [6, 8)      | 0        | 0                 0
  [8, 10)     | 1        | 0                 1
  [10, 12)    | 1        | 0                 1
  [12, 14)    | 0        | 0                 0
  [14, 16)    | 0        | 0                 0
  [16, Inf)   | 0        | 0                 0
--------------------------------------------------------------
  The maximum fanout: 11
==============================================================

Flip-Flop Distribution:
************************************************************************
  Clock Enable    Sync Set/Reset    Async Set/Reset    Total Registers
------------------------------------------------------------------------
  NO              NO                NO                 0
  NO              NO                YES                12
  NO              YES               NO                 0
  YES             NO                NO                 0
  YES             NO                YES                12
  YES             YES               NO                 0
========================================================================

Latch Distribution:
************************************************
  Gate Enable    Preset/Clear    Total Latches
************************************************
  NO             NO              0
  NO             YES             0
  YES            NO              0
  YES            YES             0
************************************************

Design 'uart_rx_top' has been successfully synthesized to architecture-specific objects.
Saving design to DB.
Action Synthesize: Export DB successfully.
Saving design to uart_rx_top_syn.vm
Constructing timing graph ...
Timing graph has been constructed successfully
W: Timing-4087: Port 'led_out[0]' is not constrained, it is treated as combinational output.
W: Timing-4087: Port 'led_out[1]' is not constrained, it is treated as combinational output.
W: Timing-4087: Port 'led_out[2]' is not constrained, it is treated as combinational output.
W: Timing-4087: Port 'led_out[3]' is not constrained, it is treated as combinational output.
W: Timing-4087: Port 'led_out[4]' is not constrained, it is treated as combinational output.
W: Timing-4087: Port 'led_out[5]' is not constrained, it is treated as combinational output.
W: Timing-4087: Port 'led_out[6]' is not constrained, it is treated as combinational output.
W: Timing-4087: Port 'led_out[7]' is not constrained, it is treated as combinational output.
W: Timing-4087: Port 'uart_tx' is not constrained, it is treated as combinational output.
W: Timing-4086: Port 'rst_n' is not constrained, it is treated as combinational input.
W: Timing-4086: Port 'uart_rx' is not constrained, it is treated as combinational input.
Action synthesize: Real time elapsed is 0h:0m:4s
Action synthesize: CPU time elapsed is 0h:0m:2s
Action synthesize: Process CPU time elapsed is 0h:0m:3s
Action synthesize: Peak memory pool usage is 274 MB

Current time: Fri Sep 18 19:58:41 2026
