#Build: Fabric Compiler 2025.2, Build 211867, Jan 16 16:10 2026
#Install: E:\work\pango\PDS_2025.2-ads\bin
#Application name: pds_shell.exe
#OS: Windows 11 10.0.26200
#CPU: Unknown
#RAM(GB): 32
#Hostname: dionirpyC
#Generated by Fabric Compiler (version 2025.2 build 211867) at Sat Sep 19 17:07:06 2026
Parameters for debugging are loaded as follows:
License checkout: fabric_ads from E:/work/pango/PDS_2025.2-ads/new_pds_F4A80DA47D72.lic
Compiling verification operator library.
Compiling vendor parameter file.
Compiling common defs.
Loading technology operator library.
Compiling technology operator library.
Compiling technology operator (valence) library.
Reading design from compile DB
Elaborate the liberty model.
I: Multithreading enabled for Timing using a maximum of 4 processes.
Reading design from compile DB successfully.
Constraint check start.
Compiling prim grid devices.
Building architecture model.
Loading device packaging model.
Building architecture floorplan logic view.
W: ConstraintEditor-4040: [E:/code/PangoWork/Works/uart/Constraints/io/key.fdc(line number: 2)] Port p:key_in[0] has been placed at location K18, whose type is share pin.
W: ConstraintEditor-4040: [E:/code/PangoWork/Works/uart/Constraints/io/clk.fdc(line number: 8)] Port p:rst_n has been placed at location AB13, whose type is share pin.
W: ConstraintEditor-4040: [E:/code/PangoWork/Works/uart/Constraints/io/key.fdc(line number: 22)] Port p:key_in[5] has been placed at location J19, whose type is share pin.
W: ConstraintEditor-4040: [E:/code/PangoWork/Works/uart/Constraints/io/key.fdc(line number: 26)] Port p:key_in[6] has been placed at location H20, whose type is share pin.
W: ConstraintEditor-4042: Port 'p:key_in[0]' lacks attribute 'BUS_KEEPER', it's better to set the attribute for port.
W: ConstraintEditor-4042: Port 'p:key_in[1]' lacks attribute 'BUS_KEEPER', it's better to set the attribute for port.
W: ConstraintEditor-4042: Port 'p:key_in[2]' lacks attribute 'BUS_KEEPER', it's better to set the attribute for port.
W: ConstraintEditor-4042: Port 'p:key_in[3]' lacks attribute 'BUS_KEEPER', it's better to set the attribute for port.
W: ConstraintEditor-4042: Port 'p:key_in[4]' lacks attribute 'BUS_KEEPER', it's better to set the attribute for port.
W: ConstraintEditor-4042: Port 'p:key_in[5]' lacks attribute 'BUS_KEEPER', it's better to set the attribute for port.
W: ConstraintEditor-4042: Port 'p:key_in[6]' lacks attribute 'BUS_KEEPER', it's better to set the attribute for port.
W: ConstraintEditor-4042: Port 'p:key_in[7]' lacks attribute 'BUS_KEEPER', it's better to set the attribute for port.
W: ConstraintEditor-4042: Port 'p:led_out[0]' lacks attribute 'PAP_IO_DRIVE', it's better to set the attribute for port.
W: ConstraintEditor-4042: Port 'p:led_out[0]' lacks attribute 'PAP_IO_SLEW', it's better to set the attribute for port.
W: ConstraintEditor-4042: Port 'p:led_out[0]' lacks attribute 'BUS_KEEPER', it's better to set the attribute for port.
W: ConstraintEditor-4042: Port 'p:led_out[1]' lacks attribute 'PAP_IO_DRIVE', it's better to set the attribute for port.
W: ConstraintEditor-4042: Port 'p:led_out[1]' lacks attribute 'PAP_IO_SLEW', it's better to set the attribute for port.
W: ConstraintEditor-4042: Port 'p:led_out[1]' lacks attribute 'BUS_KEEPER', it's better to set the attribute for port.
W: ConstraintEditor-4042: Port 'p:led_out[2]' lacks attribute 'PAP_IO_DRIVE', it's better to set the attribute for port.
W: ConstraintEditor-4042: Port 'p:led_out[2]' lacks attribute 'PAP_IO_SLEW', it's better to set the attribute for port.
W: ConstraintEditor-4042: Port 'p:led_out[2]' lacks attribute 'BUS_KEEPER', it's better to set the attribute for port.
W: ConstraintEditor-4042: Port 'p:led_out[3]' lacks attribute 'PAP_IO_DRIVE', it's better to set the attribute for port.
W: ConstraintEditor-4042: Port 'p:led_out[3]' lacks attribute 'PAP_IO_SLEW', it's better to set the attribute for port.
W: ConstraintEditor-4042: Port 'p:led_out[3]' lacks attribute 'BUS_KEEPER', it's better to set the attribute for port.
W: ConstraintEditor-4042: Port 'p:led_out[4]' lacks attribute 'PAP_IO_DRIVE', it's better to set the attribute for port.
W: ConstraintEditor-4042: Port 'p:led_out[4]' lacks attribute 'PAP_IO_SLEW', it's better to set the attribute for port.
W: ConstraintEditor-4042: Port 'p:led_out[4]' lacks attribute 'BUS_KEEPER', it's better to set the attribute for port.
W: ConstraintEditor-4042: Port 'p:led_out[5]' lacks attribute 'PAP_IO_DRIVE', it's better to set the attribute for port.
W: ConstraintEditor-4042: Port 'p:led_out[5]' lacks attribute 'PAP_IO_SLEW', it's better to set the attribute for port.
W: ConstraintEditor-4042: Port 'p:led_out[5]' lacks attribute 'BUS_KEEPER', it's better to set the attribute for port.
W: ConstraintEditor-4042: Port 'p:led_out[6]' lacks attribute 'PAP_IO_DRIVE', it's better to set the attribute for port.
W: ConstraintEditor-4042: Port 'p:led_out[6]' lacks attribute 'PAP_IO_SLEW', it's better to set the attribute for port.
W: ConstraintEditor-4042: Port 'p:led_out[6]' lacks attribute 'BUS_KEEPER', it's better to set the attribute for port.
W: ConstraintEditor-4042: Port 'p:led_out[7]' lacks attribute 'PAP_IO_DRIVE', it's better to set the attribute for port.
W: ConstraintEditor-4042: Port 'p:led_out[7]' lacks attribute 'PAP_IO_SLEW', it's better to set the attribute for port.
W: ConstraintEditor-4042: Port 'p:led_out[7]' lacks attribute 'BUS_KEEPER', it's better to set the attribute for port.
W: ConstraintEditor-4042: Port 'p:uart_tx' lacks attribute 'PAP_IO_DRIVE', it's better to set the attribute for port.
W: ConstraintEditor-4042: Port 'p:uart_tx' lacks attribute 'PAP_IO_SLEW', it's better to set the attribute for port.
Found 0 error(s), 0 critical warning(s), 38 warning(s), out of 87 constraint(s), you can contact with E:/code/PangoWork/Works/uart/prj_tasks/syn_1/synthesize/constraint_check.ccr for more detail information.
Constraint check end.
Total time(hh:mm:ss) of constraint check : 00:00:01
Start pre-mapping.
I: Encoding type of FSM 'state_fsm[3:0]' is: onehot.
I: Encoding table of FSM 'state_fsm[3:0]':
I: from  u_uart_rx/state[3] u_uart_rx/state[2] u_uart_rx/state[1] u_uart_rx/state[0]
I: to  u_uart_rx/state_reg[11] u_uart_rx/state_reg[10] u_uart_rx/state_reg[9] u_uart_rx/state_reg[8] u_uart_rx/state_reg[7] u_uart_rx/state_reg[6] u_uart_rx/state_reg[5] u_uart_rx/state_reg[4] u_uart_rx/state_reg[3] u_uart_rx/state_reg[2] u_uart_rx/state_reg[1] u_uart_rx/state_reg[0]
I: 0000 => 000000000001
I: 0001 => 000000000010
I: 0010 => 000000000100
I: 0011 => 000000001000
I: 0100 => 000000010000
I: 0101 => 000000100000
I: 0110 => 000001000000
I: 0111 => 000010000000
I: 1000 => 000100000000
I: 1001 => 001000000000
I: 1010 => 010000000000
I: 1011 => 100000000000
I: Encoding type of FSM 'state_fsm[3:0]' is: onehot.
I: Encoding table of FSM 'state_fsm[3:0]':
I: from  u_uart_tx/state[3] u_uart_tx/state[2] u_uart_tx/state[1] u_uart_tx/state[0]
I: to  u_uart_tx/state_reg[11] u_uart_tx/state_reg[10] u_uart_tx/state_reg[9] u_uart_tx/state_reg[8] u_uart_tx/state_reg[7] u_uart_tx/state_reg[6] u_uart_tx/state_reg[5] u_uart_tx/state_reg[4] u_uart_tx/state_reg[3] u_uart_tx/state_reg[2] u_uart_tx/state_reg[1] u_uart_tx/state_reg[0]
I: 0000 => 000000000001
I: 0001 => 000000000010
I: 0010 => 000000000100
I: 0011 => 000000001000
I: 0100 => 000000010000
I: 0101 => 000000100000
I: 0110 => 000001000000
I: 0111 => 000010000000
I: 1000 => 000100000000
I: 1001 => 001000000000
I: 1010 => 010000000000
I: 1011 => 100000000000
Executing : pre-mapping successfully. Time elapsed: 0.018s wall, 0.016s user + 0.000s system = 0.016s CPU (88.9%). Peak memory used: 248 MB.

Start mod-gen.
I: Constant propagation done on u_uart_tx/N9_sum0 (bmsREDXOR).
I: Constant propagation done on u_uart_tx/N9_ab0 (bmsREDAND).
I: Constant propagation done on u_uart_tx/N9_bc0 (bmsREDAND).
I: Constant propagation done on u_uart_tx/N9_ac0 (bmsREDAND).
I: Constant propagation done on u_uart_tx/N9_sum1 (bmsREDXOR).
I: Constant propagation done on u_uart_tx/N9_ab1 (bmsREDAND).
I: Constant propagation done on u_uart_tx/N9_bc1 (bmsREDAND).
I: Constant propagation done on u_uart_tx/N9_sum2 (bmsREDXOR).
I: Constant propagation done on u_uart_tx/N9_ab2 (bmsREDAND).
I: Constant propagation done on u_uart_tx/N9_bc2 (bmsREDAND).
Executing : mod-gen successfully. Time elapsed: 0.040s wall, 0.047s user + 0.031s system = 0.078s CPU (197.2%). Peak memory used: 269 MB.

Start logic-optimization.
I: Removed bmsREDOR inst u_uart_rx/N400_2 that is redundant to u_uart_rx/N400_1
Executing : logic-optimization successfully. Time elapsed: 0.038s wall, 0.000s user + 0.031s system = 0.031s CPU (82.6%). Peak memory used: 277 MB.

Start tech-mapping phase 1.
Executing : tech-mapping phase 1 successfully. Time elapsed: 0.005s wall, 0.000s user + 0.000s system = 0.000s CPU (n/a%). Peak memory used: 277 MB.

Start tech-mapping phase 2.
Executing : tech-mapping phase 2 successfully. Time elapsed: 0.043s wall, 0.062s user + 0.000s system = 0.062s CPU (145.4%). Peak memory used: 279 MB.

Start tech-optimization.
Executing : tech-optimization successfully. Time elapsed: 0.022s wall, 0.047s user + 0.016s system = 0.062s CPU (278.9%). Peak memory used: 279 MB.

Start phys-optimization.
Executing : phys-optimization successfully. Time elapsed: 0.000s wall, 0.000s user + 0.000s system = 0.000s CPU (n/a%). Peak memory used: 279 MB.

Start restore-hierarchy.
Executing : restore-hierarchy successfully. Time elapsed: 0.001s wall, 0.000s user + 0.000s system = 0.000s CPU (n/a%). Peak memory used: 279 MB.


Cell Usage:
GTP_DFF_C                    24 uses
GTP_DFF_CE                   40 uses
GTP_DFF_E                     8 uses
GTP_DFF_P                     3 uses
GTP_DFF_PE                    2 uses
GTP_GRS                       1 use
GTP_INV                       1 use
GTP_LUT2                     19 uses
GTP_LUT3                     13 uses
GTP_LUT4                      7 uses
GTP_LUT5                     24 uses
GTP_PLL_E3                    1 use

I/O ports: 20
GTP_INBUF                  11 uses
GTP_OUTBUF                  9 uses

Mapping Summary:
Total LUTs: 63 of 42800 (0.15%)
	LUTs as dram: 0 of 17000 (0.00%)
	LUTs as logic: 63
Total Registers: 77 of 64200 (0.12%)
Total Latches: 0

DRM18K:
Total DRM18Ks = 0.0 of 134 (0.00%)

APM:
Total APMs = 0.00 of 84 (0.00%)

Total I/O ports = 20 of 296 (6.76%)


Overview of Control Sets:

Number of unique control sets : 8

Histogram:
**************************************************************
  Fanout      | Count    | Sync Set/Reset    Async Set/Reset
--------------------------------------------------------------
  [0, 2)      | 1        | 0                 1
  [2, 4)      | 0        | 0                 0
  [4, 6)      | 0        | 0                 0
  [6, 8)      | 0        | 0                 0
  [8, 10)     | 3        | 1                 2
  [10, 12)    | 1        | 0                 1
  [12, 14)    | 2        | 0                 2
  [14, 16)    | 0        | 0                 0
  [16, Inf)   | 1        | 0                 1
--------------------------------------------------------------
  The maximum fanout: 16
==============================================================

Flip-Flop Distribution:
************************************************************************
  Clock Enable    Sync Set/Reset    Async Set/Reset    Total Registers
------------------------------------------------------------------------
  NO              NO                NO                 0
  NO              NO                YES                27
  NO              YES               NO                 0
  YES             NO                NO                 8
  YES             NO                YES                42
  YES             YES               NO                 0
========================================================================

Latch Distribution:
************************************************
  Gate Enable    Preset/Clear    Total Latches
************************************************
  NO             NO              0
  NO             YES             0
  YES            NO              0
  YES            YES             0
************************************************

Design 'uart_txrx_top' has been successfully synthesized to architecture-specific objects.
Saving design to DB.
Action Synthesize: Export DB successfully.
Saving design to uart_txrx_top_syn.vm
Constructing timing graph ...
Timing graph has been constructed successfully
W: Timing-4087: Port 'led_out[0]' is not constrained, it is treated as combinational output.
W: Timing-4087: Port 'led_out[1]' is not constrained, it is treated as combinational output.
W: Timing-4087: Port 'led_out[2]' is not constrained, it is treated as combinational output.
W: Timing-4087: Port 'led_out[3]' is not constrained, it is treated as combinational output.
W: Timing-4087: Port 'led_out[4]' is not constrained, it is treated as combinational output.
W: Timing-4087: Port 'led_out[5]' is not constrained, it is treated as combinational output.
W: Timing-4087: Port 'led_out[6]' is not constrained, it is treated as combinational output.
W: Timing-4087: Port 'led_out[7]' is not constrained, it is treated as combinational output.
W: Timing-4087: Port 'uart_tx' is not constrained, it is treated as combinational output.
W: Timing-4086: Port 'rst_n' is not constrained, it is treated as combinational input.
W: Timing-4086: Port 'uart_rx' is not constrained, it is treated as combinational input.
Action synthesize: Real time elapsed is 0h:0m:5s
Action synthesize: CPU time elapsed is 0h:0m:2s
Action synthesize: Process CPU time elapsed is 0h:0m:2s
Action synthesize: Peak memory pool usage is 279 MB

Current time: Sat Sep 19 17:07:09 2026
