#Build: Fabric Compiler 2025.2, Build 211867, Jan 16 16:10 2026
#Install: E:\work\pango\PDS_2025.2-ads\bin
#Application name: pds_shell.exe
#OS: Windows 11 10.0.26200
#CPU: Unknown
#RAM(GB): 32
#Hostname: dionirpyC
#Generated by Fabric Compiler (version 2025.2 build 211867) at Wed Sep 23 18:22:58 2026
Parameters for debugging are loaded as follows:
License checkout: fabric_ads from E:/work/pango/PDS_2025.2-ads/new_pds_F4A80DA47D72.lic
Compiling verification operator library.
Compiling vendor parameter file.
Loading technology operator library.
Compiling technology operator library.
Compiling technology operator (valence) library.
I: Enable Verilog2k features and keywords
Start rtl-analyze.
I: Include path: E:/code/PangoWork/Works/i2c
I: Verilog-0001: Analyzing file E:/code/PangoWork/Works/i2c/Designs/Driver/i2c/i2c_driver.v.
I: Verilog-0002: [E:/code/PangoWork/Works/i2c/Designs/Driver/i2c/i2c_driver.v(line number: 10)] Analyzing module i2c_driver (library work).
Parsing done.
I: Module "i2c_driver" is set as top module
Executing : rtl-analyze successfully. Time elapsed: 2.065s wall, 0.047s user + 0.000s system = 0.047s CPU (2.3%). Peak memory used: 175 MB.

Start rtl-elaborate.
I: Verilog-0003: [E:/code/PangoWork/Works/i2c/Designs/Driver/i2c/i2c_driver.v(line number: 10)] Elaborating module i2c_driver.
I: Module instance {i2c_driver} parameter value:
    DEVICE_ADDR = 32'sh50 | 80 | 32'sb00000000000000000000000001010000
    I2C_CLK_FREQ = 32'shF4240 | 1000000 | 32'sb00000000000011110100001001000000
    I2C_SCL_FREQ = 32'sh3D090 | 250000 | 32'sb00000000000000111101000010010000
Executing : rtl-elaborate successfully. Time elapsed: 0.010s wall, 0.000s user + 0.016s system = 0.016s CPU (155.4%). Peak memory used: 185 MB.

Start rtl-prep.
Executing : rtl-prep successfully. Time elapsed: 0.008s wall, 0.000s user + 0.000s system = 0.000s CPU (n/a%). Peak memory used: 185 MB.

Start rtl-infer.
Start DFF-inference.
Executing : DFF-inference successfully.
Executing : rtl-infer successfully. Time elapsed: 0.108s wall, 0.062s user + 0.047s system = 0.109s CPU (101.0%). Peak memory used: 186 MB.

Start rtl-control-opt.
Executing : rtl-control-opt successfully. Time elapsed: 0.020s wall, 0.016s user + 0.000s system = 0.016s CPU (79.9%). Peak memory used: 186 MB.

Start rtl-data-opt.
Executing : rtl-data-opt successfully. Time elapsed: 0.009s wall, 0.016s user + 0.000s system = 0.016s CPU (180.9%). Peak memory used: 186 MB.

Start FSM inference.
I: FSM state_fsm[4:0] inferred.
Executing : FSM inference successfully. Time elapsed: 0.014s wall, 0.016s user + 0.000s system = 0.016s CPU (111.8%). Peak memory used: 187 MB.

Start sdm2adm.
I: Constant propagation done on N872 (bmsREDOR).
I: Constant propagation done on N795 (bmsWIDEMUX).
I: Constant propagation done on N544[3]_inv (bmsINV).
I: Constant propagation done on N544[4]_inv (bmsINV).
I: Constant propagation done on N544[5]_inv (bmsINV).
I: Constant propagation done on N544[6]_inv (bmsINV).
I: Constant propagation done on N544[7]_inv (bmsINV).
I: Constant propagation done on N544[8]_inv (bmsINV).
I: Constant propagation done on N544[9]_inv (bmsINV).
I: Constant propagation done on N544[10]_inv (bmsINV).
Executing : sdm2adm successfully. Time elapsed: 0.026s wall, 0.016s user + 0.000s system = 0.016s CPU (61.1%). Peak memory used: 196 MB.

Saving design to DB.
Action Compile: Export DB successfully.
Action compile: Real time elapsed is 0h:0m:5s
Action compile: CPU time elapsed is 0h:0m:1s
Action compile: Process CPU time elapsed is 0h:0m:1s
Action compile: Peak memory pool usage is 196 MB

Current time: Wed Sep 23 18:23:01 2026
