#Build: Fabric Compiler 2025.2, Build 211867, Jan 16 16:10 2026
#Install: E:\work\pango\PDS_2025.2-ads\bin
#Application name: pds_shell.exe
#OS: Windows 11 10.0.26200
#CPU: Unknown
#RAM(GB): 32
#Hostname: dionirpyC
#Generated by Fabric Compiler (version 2025.2 build 211867) at Fri Sep 18 20:57:08 2026
Parameters for debugging are loaded as follows:
License checkout: fabric_ads from E:/work/pango/PDS_2025.2-ads/new_pds_F4A80DA47D72.lic
Compiling verification operator library.
Compiling vendor parameter file.
Loading technology operator library.
Compiling technology operator library.
Compiling technology operator (valence) library.
I: Enable Verilog2k features and keywords
Start rtl-analyze.
I: Include path: E:/code/PangoWork/Works/uart
I: Verilog-0001: Analyzing file E:/code/PangoWork/Works/uart/Designs/led/led.v.
I: Verilog-0002: [E:/code/PangoWork/Works/uart/Designs/led/led.v(line number: 1)] Analyzing module led (library work).
Parsing done.
I: Verilog-0001: Analyzing file E:/code/PangoWork/Works/uart/Designs/uart/uart_rx.v.
I: Verilog-0002: [E:/code/PangoWork/Works/uart/Designs/uart/uart_rx.v(line number: 1)] Analyzing module uart_rx (library work).
Parsing done.
I: Verilog-0001: Analyzing file E:/code/PangoWork/Works/uart/Designs/uart_rx_top.v.
I: Verilog-0002: [E:/code/PangoWork/Works/uart/Designs/uart_rx_top.v(line number: 1)] Analyzing module uart_rx_top (library work).
W: Verilog-2057: [E:/code/PangoWork/Works/uart/Designs/uart_rx_top.v(line number: 15)] pll_clk_50mhz is declared implicitly.
W: Verilog-2057: [E:/code/PangoWork/Works/uart/Designs/uart_rx_top.v(line number: 16)] uart_clk_921600 is declared implicitly.
Parsing done.
I: Verilog-0001: Analyzing file E:/code/PangoWork/Works/uart/ipcore/pll_50mhz/pll_50mhz.v.
I: Verilog-0002: [E:/code/PangoWork/Works/uart/ipcore/pll_50mhz/pll_50mhz.v(line number: 18)] Analyzing module pll_50mhz (library pll_50mhz).
Parsing done.
E: Verilog-4061: [E:/code/PangoWork/Works/uart/Designs/led/led.v(line number: 7)] A input port (led_data) is declared as a reg type.
I: Module "uart_rx_top" is set as top module
Program Error Out.
Action compile: Real time elapsed is 0h:0m:6s
Action compile: CPU time elapsed is 0h:0m:1s
Action compile: Process CPU time elapsed is 0h:0m:1s
Action compile: Peak memory pool usage is 175 MB

Current time: Fri Sep 18 20:57:11 2026
