#Build: Fabric Compiler 2025.2, Build 211867, Jan 16 16:10 2026
#Install: E:\work\pango\PDS_2025.2-ads\bin
#Application name: pds_shell.exe
#OS: Windows 11 10.0.26200
#CPU: Unknown
#RAM(GB): 32
#Hostname: dionirpyC
#Generated by Fabric Compiler (version 2025.2 build 211867) at Fri Sep 18 20:54:33 2026
Parameters for debugging are loaded as follows:
License checkout: fabric_ads from E:/work/pango/PDS_2025.2-ads/new_pds_F4A80DA47D72.lic
Compiling verification operator library.
Compiling vendor parameter file.
Loading technology operator library.
Compiling technology operator library.
Compiling technology operator (valence) library.
I: Enable Verilog2k features and keywords
Start rtl-analyze.
I: Include path: E:/code/PangoWork/Works/uart
I: Verilog-0001: Analyzing file E:/code/PangoWork/Works/uart/Designs/led/led.v.
I: Verilog-0002: [E:/code/PangoWork/Works/uart/Designs/led/led.v(line number: 1)] Analyzing module led (library work).
Parsing done.
I: Verilog-0001: Analyzing file E:/code/PangoWork/Works/uart/Designs/uart/uart_rx.v.
I: Verilog-0002: [E:/code/PangoWork/Works/uart/Designs/uart/uart_rx.v(line number: 1)] Analyzing module uart_rx (library work).
Parsing done.
I: Verilog-0001: Analyzing file E:/code/PangoWork/Works/uart/Designs/uart_rx_top.v.
I: Verilog-0002: [E:/code/PangoWork/Works/uart/Designs/uart_rx_top.v(line number: 1)] Analyzing module uart_rx_top (library work).
W: Verilog-2057: [E:/code/PangoWork/Works/uart/Designs/uart_rx_top.v(line number: 15)] pll_clk_50mhz is declared implicitly.
W: Verilog-2057: [E:/code/PangoWork/Works/uart/Designs/uart_rx_top.v(line number: 16)] uart_clk_921600 is declared implicitly.
Parsing done.
I: Verilog-0001: Analyzing file E:/code/PangoWork/Works/uart/ipcore/pll_50mhz/pll_50mhz.v.
I: Verilog-0002: [E:/code/PangoWork/Works/uart/ipcore/pll_50mhz/pll_50mhz.v(line number: 18)] Analyzing module pll_50mhz (library pll_50mhz).
Parsing done.
I: Module "uart_rx_top" is set as top module
Executing : rtl-analyze successfully. Time elapsed: 2.305s wall, 0.031s user + 0.016s system = 0.047s CPU (2.0%). Peak memory used: 175 MB.

Start rtl-elaborate.
I: Verilog-0003: [E:/code/PangoWork/Works/uart/Designs/uart_rx_top.v(line number: 1)] Elaborating module uart_rx_top.
I: Verilog-0004: [E:/code/PangoWork/Works/uart/Designs/uart_rx_top.v(line number: 13)] Elaborating instance u_pll_50mhz.
I: Verilog-0003: [E:/code/PangoWork/Works/uart/ipcore/pll_50mhz/pll_50mhz.v(line number: 18)] Elaborating module pll_50mhz.
I: Verilog-0004: [E:/code/PangoWork/Works/uart/ipcore/pll_50mhz/pll_50mhz.v(line number: 230)] Elaborating instance u_pll_e3.
W: Verilog-2021: [E:/code/PangoWork/Works/uart/ipcore/pll_50mhz/pll_50mhz.v(line number: 117)] Net clkfb in pll_50mhz(original module pll_50mhz) does not have a driver, tie it to 0.
W: Verilog-2021: [E:/code/PangoWork/Works/uart/ipcore/pll_50mhz/pll_50mhz.v(line number: 120)] Net pfden in pll_50mhz(original module pll_50mhz) does not have a driver, tie it to 0.
W: Verilog-2021: [E:/code/PangoWork/Works/uart/ipcore/pll_50mhz/pll_50mhz.v(line number: 121)] Net clkout0_gate in pll_50mhz(original module pll_50mhz) does not have a driver, tie it to 0.
W: Verilog-2021: [E:/code/PangoWork/Works/uart/ipcore/pll_50mhz/pll_50mhz.v(line number: 122)] Net clkout0_2pad_gate in pll_50mhz(original module pll_50mhz) does not have a driver, tie it to 0.
W: Verilog-2021: [E:/code/PangoWork/Works/uart/ipcore/pll_50mhz/pll_50mhz.v(line number: 123)] Net clkout1_gate in pll_50mhz(original module pll_50mhz) does not have a driver, tie it to 0.
W: Verilog-2021: [E:/code/PangoWork/Works/uart/ipcore/pll_50mhz/pll_50mhz.v(line number: 124)] Net clkout2_gate in pll_50mhz(original module pll_50mhz) does not have a driver, tie it to 0.
W: Verilog-2021: [E:/code/PangoWork/Works/uart/ipcore/pll_50mhz/pll_50mhz.v(line number: 125)] Net clkout3_gate in pll_50mhz(original module pll_50mhz) does not have a driver, tie it to 0.
W: Verilog-2021: [E:/code/PangoWork/Works/uart/ipcore/pll_50mhz/pll_50mhz.v(line number: 126)] Net clkout4_gate in pll_50mhz(original module pll_50mhz) does not have a driver, tie it to 0.
W: Verilog-2021: [E:/code/PangoWork/Works/uart/ipcore/pll_50mhz/pll_50mhz.v(line number: 127)] Net clkout5_gate in pll_50mhz(original module pll_50mhz) does not have a driver, tie it to 0.
W: Verilog-2021: [E:/code/PangoWork/Works/uart/ipcore/pll_50mhz/pll_50mhz.v(line number: 128)] Net dyn_idiv in pll_50mhz(original module pll_50mhz) does not have a driver, tie it to 0.
W: Verilog-2021: [E:/code/PangoWork/Works/uart/ipcore/pll_50mhz/pll_50mhz.v(line number: 129)] Net dyn_odiv0 in pll_50mhz(original module pll_50mhz) does not have a driver, tie it to 0.
W: Verilog-2021: [E:/code/PangoWork/Works/uart/ipcore/pll_50mhz/pll_50mhz.v(line number: 130)] Net dyn_odiv1 in pll_50mhz(original module pll_50mhz) does not have a driver, tie it to 0.
W: Verilog-2021: [E:/code/PangoWork/Works/uart/ipcore/pll_50mhz/pll_50mhz.v(line number: 131)] Net dyn_odiv2 in pll_50mhz(original module pll_50mhz) does not have a driver, tie it to 0.
W: Verilog-2021: [E:/code/PangoWork/Works/uart/ipcore/pll_50mhz/pll_50mhz.v(line number: 132)] Net dyn_odiv3 in pll_50mhz(original module pll_50mhz) does not have a driver, tie it to 0.
W: Verilog-2021: [E:/code/PangoWork/Works/uart/ipcore/pll_50mhz/pll_50mhz.v(line number: 133)] Net dyn_odiv4 in pll_50mhz(original module pll_50mhz) does not have a driver, tie it to 0.
W: Verilog-2021: [E:/code/PangoWork/Works/uart/ipcore/pll_50mhz/pll_50mhz.v(line number: 134)] Net dyn_fdiv in pll_50mhz(original module pll_50mhz) does not have a driver, tie it to 0.
W: Verilog-2021: [E:/code/PangoWork/Works/uart/ipcore/pll_50mhz/pll_50mhz.v(line number: 135)] Net dyn_duty0 in pll_50mhz(original module pll_50mhz) does not have a driver, tie it to 0.
W: Verilog-2021: [E:/code/PangoWork/Works/uart/ipcore/pll_50mhz/pll_50mhz.v(line number: 136)] Net dyn_duty1 in pll_50mhz(original module pll_50mhz) does not have a driver, tie it to 0.
W: Verilog-2021: [E:/code/PangoWork/Works/uart/ipcore/pll_50mhz/pll_50mhz.v(line number: 137)] Net dyn_duty2 in pll_50mhz(original module pll_50mhz) does not have a driver, tie it to 0.
W: Verilog-2021: [E:/code/PangoWork/Works/uart/ipcore/pll_50mhz/pll_50mhz.v(line number: 138)] Net dyn_duty3 in pll_50mhz(original module pll_50mhz) does not have a driver, tie it to 0.
W: Verilog-2021: [E:/code/PangoWork/Works/uart/ipcore/pll_50mhz/pll_50mhz.v(line number: 139)] Net dyn_duty4 in pll_50mhz(original module pll_50mhz) does not have a driver, tie it to 0.
I: Verilog-0004: [E:/code/PangoWork/Works/uart/Designs/uart_rx_top.v(line number: 21)] Elaborating instance u_uart_rx.
I: Verilog-0003: [E:/code/PangoWork/Works/uart/Designs/uart/uart_rx.v(line number: 1)] Elaborating module uart_rx.
I: Module instance {uart_rx_top/u_uart_rx} parameter value:
    UART_BAUD_RATE = 32'shE1000 | 921600 | 32'sb00000000000011100001000000000000
    UART_OVER_SAMPLING = 32'sh10 | 16 | 32'sb00000000000000000000000000010000
E: Verilog-4133: [E:/code/PangoWork/Works/uart/Designs/uart_rx_top.v(line number: 21)] Connection (data) for output (data_out) of module instantiation 'uart_rx' is not wire.
Program Error Out.
Action compile: Real time elapsed is 0h:0m:6s
Action compile: CPU time elapsed is 0h:0m:1s
Action compile: Process CPU time elapsed is 0h:0m:1s
Action compile: Peak memory pool usage is 176 MB

Current time: Fri Sep 18 20:54:37 2026
