#Build: Fabric Compiler 2025.2, Build 211867, Jan 16 16:10 2026
#Install: E:\work\pango\PDS_2025.2-ads\bin
#Application name: pds_shell.exe
#OS: Windows 11 10.0.26200
#CPU: Unknown
#RAM(GB): 32
#Hostname: dionirpyC
#Generated by Fabric Compiler (version 2025.2 build 211867) at Sat Sep 19 15:15:09 2026
Parameters for debugging are loaded as follows:
License checkout: fabric_ads from E:/work/pango/PDS_2025.2-ads/new_pds_F4A80DA47D72.lic
Compiling verification operator library.
Compiling vendor parameter file.
Loading technology operator library.
Compiling technology operator library.
Compiling technology operator (valence) library.
I: Enable Verilog2k features and keywords
Start rtl-analyze.
I: Include path: E:/code/PangoWork/Works/uart
I: Verilog-0001: Analyzing file E:/code/PangoWork/Works/uart/Designs/led/led.v.
I: Verilog-0002: [E:/code/PangoWork/Works/uart/Designs/led/led.v(line number: 1)] Analyzing module led (library work).
Parsing done.
I: Verilog-0001: Analyzing file E:/code/PangoWork/Works/uart/Designs/uart/uart_rx.v.
I: Verilog-0002: [E:/code/PangoWork/Works/uart/Designs/uart/uart_rx.v(line number: 1)] Analyzing module uart_rx (library work).
Parsing done.
I: Verilog-0001: Analyzing file E:/code/PangoWork/Works/uart/Designs/uart_rx_top.v.
I: Verilog-0002: [E:/code/PangoWork/Works/uart/Designs/uart_rx_top.v(line number: 1)] Analyzing module uart_rx_top (library work).
Parsing done.
I: Verilog-0001: Analyzing file E:/code/PangoWork/Works/uart/ipcore/pll_50mhz/pll_50mhz.v.
I: Verilog-0002: [E:/code/PangoWork/Works/uart/ipcore/pll_50mhz/pll_50mhz.v(line number: 18)] Analyzing module pll_50mhz (library pll_50mhz).
Parsing done.
E: Verilog-4039: [E:/code/PangoWork/Works/uart/Designs/uart/uart_rx.v(line number: 16)] Identifier 'StateRxBegin' is not declared.
E: Verilog-4039: [E:/code/PangoWork/Works/uart/Designs/uart/uart_rx.v(line number: 76)] Identifier 'StateRxBegin' is not declared.
E: Verilog-4039: [E:/code/PangoWork/Works/uart/Designs/uart/uart_rx.v(line number: 157)] Identifier 'stateRxDataBegin' is not declared.
W: Verilog-2090: [E:/code/PangoWork/Works/uart/Designs/uart/uart_rx.v(line number: 238)] Empty statement is not permitted in sequential block. Enable SystemVerilog features first.
I: Module "uart_rx_top" is set as top module
Program Error Out.
Action compile: Real time elapsed is 0h:0m:5s
Action compile: CPU time elapsed is 0h:0m:1s
Action compile: Process CPU time elapsed is 0h:0m:1s
Action compile: Peak memory pool usage is 177 MB

Current time: Sat Sep 19 15:15:12 2026
