#Build: Fabric Compiler 2025.2, Build 211867, Jan 16 16:10 2026
#Install: E:\work\pango\PDS_2025.2-ads\bin
#Application name: pds_shell.exe
#OS: Windows 11 10.0.26200
#CPU: Unknown
#RAM(GB): 32
#Hostname: dionirpyC
#Generated by Fabric Compiler (version 2025.2 build 211867) at Fri Sep 18 13:40:18 2026
Parameters for debugging are loaded as follows:
License checkout: fabric_ads from E:/work/pango/PDS_2025.2-ads/new_pds_F4A80DA47D72.lic
Compiling verification operator library.
Compiling vendor parameter file.
Loading technology operator library.
Compiling technology operator library.
Compiling technology operator (valence) library.
I: Enable Verilog2k features and keywords
Start rtl-analyze.
I: Include path: E:/code/PangoWork/Works/led
I: Verilog-0001: Analyzing file E:/code/PangoWork/Works/led/Designs/led/led_controller.v.
I: Verilog-0002: [E:/code/PangoWork/Works/led/Designs/led/led_controller.v(line number: 1)] Analyzing module led_controller (library work).
Parsing done.
I: Verilog-0001: Analyzing file E:/code/PangoWork/Works/led/Designs/led_top.v.
I: Verilog-0002: [E:/code/PangoWork/Works/led/Designs/led_top.v(line number: 1)] Analyzing module led_top (library work).
Parsing done.
I: Verilog-0001: Analyzing file E:/code/PangoWork/Works/led/Designs/key/key_controller.v.
I: Verilog-0002: [E:/code/PangoWork/Works/led/Designs/key/key_controller.v(line number: 1)] Analyzing module key_controller (library work).
Parsing done.
I: Module "led_top" is set as top module
Executing : rtl-analyze successfully. Time elapsed: 1.982s wall, 0.016s user + 0.016s system = 0.031s CPU (1.6%). Peak memory used: 175 MB.

Start rtl-elaborate.
I: Verilog-0003: [E:/code/PangoWork/Works/led/Designs/led_top.v(line number: 1)] Elaborating module led_top.
I: Module instance {led_top} parameter value:
    LED_SYSCLK_FREQ = 32'sh2FAF080 | 50000000 | 32'sb00000010111110101111000010000000
    LED_WIDTH = 32'sh8 | 8 | 32'sb00000000000000000000000000001000
    KEY_SYSCLK_FREQ = 32'sh2FAF080 | 50000000 | 32'sb00000010111110101111000010000000
    KEY_WIDTH = 32'sh8 | 8 | 32'sb00000000000000000000000000001000
I: Verilog-0004: [E:/code/PangoWork/Works/led/Designs/led_top.v(line number: 18)] Elaborating instance key.
I: Verilog-0003: [E:/code/PangoWork/Works/led/Designs/key/key_controller.v(line number: 1)] Elaborating module key_controller.
I: Module instance {led_top/key} parameter value:
    KEY_SYSCLK_FREQ = 32'sh2FAF080 | 50000000 | 32'sb00000010111110101111000010000000
    KEY_WIDTH = 32'sh8 | 8 | 32'sb00000000000000000000000000001000
E: Verilog-4119: [E:/code/PangoWork/Works/led/Designs/led_top.v(line number: 15)] Referenced port 'rst_n' was not defined in module 'key_controller'.
Program Error Out.
Action compile: Real time elapsed is 0h:0m:4s
Action compile: CPU time elapsed is 0h:0m:1s
Action compile: Process CPU time elapsed is 0h:0m:1s
Action compile: Peak memory pool usage is 176 MB

Current time: Fri Sep 18 13:40:20 2026
