#Build: Fabric Compiler 2025.2, Build 211867, Jan 16 16:10 2026
#Install: E:\work\pango\PDS_2025.2-ads\bin
#Application name: pds_shell.exe
#OS: Windows 11 10.0.26200
#CPU: Unknown
#RAM(GB): 32
#Hostname: dionirpyC
#Generated by Fabric Compiler (version 2025.2 build 211867) at Tue Sep 22 18:01:21 2026
Parameters for debugging are loaded as follows:
License checkout: fabric_ads from E:/work/pango/PDS_2025.2-ads/new_pds_F4A80DA47D72.lic
Compiling verification operator library.
Compiling vendor parameter file.
Loading technology operator library.
Compiling technology operator library.
Compiling technology operator (valence) library.
I: Enable Verilog2k features and keywords
Start rtl-analyze.
I: Include path: E:/code/PangoWork/Works/i2c
I: Verilog-0001: Analyzing file E:/code/PangoWork/Works/i2c/Designs/i2c_eeprom_top.v.
I: Verilog-0002: [E:/code/PangoWork/Works/i2c/Designs/i2c_eeprom_top.v(line number: 1)] Analyzing module i2c_eeprom_top (library work).
W: Verilog-2057: [E:/code/PangoWork/Works/i2c/Designs/i2c_eeprom_top.v(line number: 30)] sys_clk is declared implicitly.
W: Verilog-2057: [E:/code/PangoWork/Works/i2c/Designs/i2c_eeprom_top.v(line number: 84)] i2c_sda is declared implicitly.
W: Verilog-2057: [E:/code/PangoWork/Works/i2c/Designs/i2c_eeprom_top.v(line number: 85)] i2c_scl is declared implicitly.
Parsing done.
I: Verilog-0001: Analyzing file E:/code/PangoWork/Works/i2c/Designs/led/led.v.
I: Verilog-0002: [E:/code/PangoWork/Works/i2c/Designs/led/led.v(line number: 1)] Analyzing module led (library work).
Parsing done.
I: Verilog-0001: Analyzing file E:/code/PangoWork/Works/i2c/Designs/key/key.v.
I: Verilog-0002: [E:/code/PangoWork/Works/i2c/Designs/key/key.v(line number: 1)] Analyzing module key (library work).
Parsing done.
I: Verilog-0001: Analyzing file E:/code/PangoWork/Works/i2c/Designs/i2c/i2c.v.
I: Verilog-0002: [E:/code/PangoWork/Works/i2c/Designs/i2c/i2c.v(line number: 1)] Analyzing module i2c (library work).
W: Verilog-2006: [E:/code/PangoWork/Works/i2c/Designs/i2c/i2c.v(line number: 25)] Force parameter in body to localparam when has module parameters.
W: Verilog-2006: [E:/code/PangoWork/Works/i2c/Designs/i2c/i2c.v(line number: 27)] Force parameter in body to localparam when has module parameters.
W: Verilog-2006: [E:/code/PangoWork/Works/i2c/Designs/i2c/i2c.v(line number: 28)] Force parameter in body to localparam when has module parameters.
W: Verilog-2006: [E:/code/PangoWork/Works/i2c/Designs/i2c/i2c.v(line number: 29)] Force parameter in body to localparam when has module parameters.
W: Verilog-2006: [E:/code/PangoWork/Works/i2c/Designs/i2c/i2c.v(line number: 30)] Force parameter in body to localparam when has module parameters.
W: Verilog-2006: [E:/code/PangoWork/Works/i2c/Designs/i2c/i2c.v(line number: 31)] Force parameter in body to localparam when has module parameters.
W: Verilog-2006: [E:/code/PangoWork/Works/i2c/Designs/i2c/i2c.v(line number: 32)] Force parameter in body to localparam when has module parameters.
W: Verilog-2006: [E:/code/PangoWork/Works/i2c/Designs/i2c/i2c.v(line number: 33)] Force parameter in body to localparam when has module parameters.
W: Verilog-2006: [E:/code/PangoWork/Works/i2c/Designs/i2c/i2c.v(line number: 35)] Force parameter in body to localparam when has module parameters.
W: Verilog-2006: [E:/code/PangoWork/Works/i2c/Designs/i2c/i2c.v(line number: 36)] Force parameter in body to localparam when has module parameters.
W: Verilog-2006: [E:/code/PangoWork/Works/i2c/Designs/i2c/i2c.v(line number: 38)] Force parameter in body to localparam when has module parameters.
W: Verilog-2006: [E:/code/PangoWork/Works/i2c/Designs/i2c/i2c.v(line number: 39)] Force parameter in body to localparam when has module parameters.
W: Verilog-2006: [E:/code/PangoWork/Works/i2c/Designs/i2c/i2c.v(line number: 40)] Force parameter in body to localparam when has module parameters.
W: Verilog-2006: [E:/code/PangoWork/Works/i2c/Designs/i2c/i2c.v(line number: 41)] Force parameter in body to localparam when has module parameters.
W: Verilog-2006: [E:/code/PangoWork/Works/i2c/Designs/i2c/i2c.v(line number: 42)] Force parameter in body to localparam when has module parameters.
W: Verilog-2006: [E:/code/PangoWork/Works/i2c/Designs/i2c/i2c.v(line number: 44)] Force parameter in body to localparam when has module parameters.
Parsing done.
I: Verilog-0001: Analyzing file E:/code/PangoWork/Works/i2c/ipcore/pll_50mhz/pll_50mhz.v.
I: Verilog-0002: [E:/code/PangoWork/Works/i2c/ipcore/pll_50mhz/pll_50mhz.v(line number: 18)] Analyzing module pll_50mhz (library pll_50mhz).
Parsing done.
I: Module "i2c_eeprom_top" is set as top module
Executing : rtl-analyze successfully. Time elapsed: 2.209s wall, 0.031s user + 0.031s system = 0.062s CPU (2.8%). Peak memory used: 175 MB.

Start rtl-elaborate.
I: Verilog-0003: [E:/code/PangoWork/Works/i2c/Designs/i2c_eeprom_top.v(line number: 1)] Elaborating module i2c_eeprom_top.
I: Verilog-0004: [E:/code/PangoWork/Works/i2c/Designs/i2c_eeprom_top.v(line number: 29)] Elaborating instance u_pll_50mhz.
I: Verilog-0003: [E:/code/PangoWork/Works/i2c/ipcore/pll_50mhz/pll_50mhz.v(line number: 18)] Elaborating module pll_50mhz.
I: Verilog-0004: [E:/code/PangoWork/Works/i2c/ipcore/pll_50mhz/pll_50mhz.v(line number: 228)] Elaborating instance u_pll_e3.
W: Verilog-2021: [E:/code/PangoWork/Works/i2c/ipcore/pll_50mhz/pll_50mhz.v(line number: 115)] Net clkfb in pll_50mhz(original module pll_50mhz) does not have a driver, tie it to 0.
W: Verilog-2021: [E:/code/PangoWork/Works/i2c/ipcore/pll_50mhz/pll_50mhz.v(line number: 118)] Net pfden in pll_50mhz(original module pll_50mhz) does not have a driver, tie it to 0.
W: Verilog-2021: [E:/code/PangoWork/Works/i2c/ipcore/pll_50mhz/pll_50mhz.v(line number: 119)] Net clkout0_gate in pll_50mhz(original module pll_50mhz) does not have a driver, tie it to 0.
W: Verilog-2021: [E:/code/PangoWork/Works/i2c/ipcore/pll_50mhz/pll_50mhz.v(line number: 120)] Net clkout0_2pad_gate in pll_50mhz(original module pll_50mhz) does not have a driver, tie it to 0.
W: Verilog-2021: [E:/code/PangoWork/Works/i2c/ipcore/pll_50mhz/pll_50mhz.v(line number: 121)] Net clkout1_gate in pll_50mhz(original module pll_50mhz) does not have a driver, tie it to 0.
W: Verilog-2021: [E:/code/PangoWork/Works/i2c/ipcore/pll_50mhz/pll_50mhz.v(line number: 122)] Net clkout2_gate in pll_50mhz(original module pll_50mhz) does not have a driver, tie it to 0.
W: Verilog-2021: [E:/code/PangoWork/Works/i2c/ipcore/pll_50mhz/pll_50mhz.v(line number: 123)] Net clkout3_gate in pll_50mhz(original module pll_50mhz) does not have a driver, tie it to 0.
W: Verilog-2021: [E:/code/PangoWork/Works/i2c/ipcore/pll_50mhz/pll_50mhz.v(line number: 124)] Net clkout4_gate in pll_50mhz(original module pll_50mhz) does not have a driver, tie it to 0.
W: Verilog-2021: [E:/code/PangoWork/Works/i2c/ipcore/pll_50mhz/pll_50mhz.v(line number: 125)] Net clkout5_gate in pll_50mhz(original module pll_50mhz) does not have a driver, tie it to 0.
W: Verilog-2021: [E:/code/PangoWork/Works/i2c/ipcore/pll_50mhz/pll_50mhz.v(line number: 126)] Net dyn_idiv in pll_50mhz(original module pll_50mhz) does not have a driver, tie it to 0.
W: Verilog-2021: [E:/code/PangoWork/Works/i2c/ipcore/pll_50mhz/pll_50mhz.v(line number: 127)] Net dyn_odiv0 in pll_50mhz(original module pll_50mhz) does not have a driver, tie it to 0.
W: Verilog-2021: [E:/code/PangoWork/Works/i2c/ipcore/pll_50mhz/pll_50mhz.v(line number: 128)] Net dyn_odiv1 in pll_50mhz(original module pll_50mhz) does not have a driver, tie it to 0.
W: Verilog-2021: [E:/code/PangoWork/Works/i2c/ipcore/pll_50mhz/pll_50mhz.v(line number: 129)] Net dyn_odiv2 in pll_50mhz(original module pll_50mhz) does not have a driver, tie it to 0.
W: Verilog-2021: [E:/code/PangoWork/Works/i2c/ipcore/pll_50mhz/pll_50mhz.v(line number: 130)] Net dyn_odiv3 in pll_50mhz(original module pll_50mhz) does not have a driver, tie it to 0.
W: Verilog-2021: [E:/code/PangoWork/Works/i2c/ipcore/pll_50mhz/pll_50mhz.v(line number: 131)] Net dyn_odiv4 in pll_50mhz(original module pll_50mhz) does not have a driver, tie it to 0.
W: Verilog-2021: [E:/code/PangoWork/Works/i2c/ipcore/pll_50mhz/pll_50mhz.v(line number: 132)] Net dyn_fdiv in pll_50mhz(original module pll_50mhz) does not have a driver, tie it to 0.
W: Verilog-2021: [E:/code/PangoWork/Works/i2c/ipcore/pll_50mhz/pll_50mhz.v(line number: 133)] Net dyn_duty0 in pll_50mhz(original module pll_50mhz) does not have a driver, tie it to 0.
W: Verilog-2021: [E:/code/PangoWork/Works/i2c/ipcore/pll_50mhz/pll_50mhz.v(line number: 134)] Net dyn_duty1 in pll_50mhz(original module pll_50mhz) does not have a driver, tie it to 0.
W: Verilog-2021: [E:/code/PangoWork/Works/i2c/ipcore/pll_50mhz/pll_50mhz.v(line number: 135)] Net dyn_duty2 in pll_50mhz(original module pll_50mhz) does not have a driver, tie it to 0.
W: Verilog-2021: [E:/code/PangoWork/Works/i2c/ipcore/pll_50mhz/pll_50mhz.v(line number: 136)] Net dyn_duty3 in pll_50mhz(original module pll_50mhz) does not have a driver, tie it to 0.
W: Verilog-2021: [E:/code/PangoWork/Works/i2c/ipcore/pll_50mhz/pll_50mhz.v(line number: 137)] Net dyn_duty4 in pll_50mhz(original module pll_50mhz) does not have a driver, tie it to 0.
I: Verilog-0004: [E:/code/PangoWork/Works/i2c/Designs/i2c_eeprom_top.v(line number: 54)] Elaborating instance u_led.
I: Verilog-0003: [E:/code/PangoWork/Works/i2c/Designs/led/led.v(line number: 1)] Elaborating module led.
I: Module instance {i2c_eeprom_top/u_led} parameter value:
    LED_SYSCLK_FREQ = 32'sh2FAF080 | 50000000 | 32'sb00000010111110101111000010000000
    LED_WIDTH = 32'sh8 | 8 | 32'sb00000000000000000000000000001000
I: Verilog-0004: [E:/code/PangoWork/Works/i2c/Designs/i2c_eeprom_top.v(line number: 62)] Elaborating instance u_key.
I: Verilog-0003: [E:/code/PangoWork/Works/i2c/Designs/key/key.v(line number: 1)] Elaborating module key.
I: Module instance {i2c_eeprom_top/u_key} parameter value:
    KEY_SYSCLK_FREQ = 32'sh2FAF080 | 50000000 | 32'sb00000010111110101111000010000000
    KEY_WIDTH = 32'sh8 | 8 | 32'sb00000000000000000000000000001000
I: Verilog-0004: [E:/code/PangoWork/Works/i2c/Designs/i2c_eeprom_top.v(line number: 69)] Elaborating instance u_eeprom.
I: Verilog-0003: [E:/code/PangoWork/Works/i2c/Designs/i2c/i2c.v(line number: 1)] Elaborating module i2c.
I: Module instance {i2c_eeprom_top/u_eeprom} parameter value:
    DEVICE_ADDR = 32'sh50 | 80 | 32'sb00000000000000000000000001010000
    I2C_CLK_FREQ = 32'shF4240 | 1000000 | 32'sb00000000000011110100001001000000
    I2C_SCL_FREQ = 32'sh3D090 | 250000 | 32'sb00000000000000111101000010010000
W: Verilog-2021: [E:/code/PangoWork/Works/i2c/Designs/i2c/i2c.v(line number: 52)] Net sda_in_en in i2c(original module i2c) does not have a driver, tie it to 0.
W: Verilog-2019: [E:/code/PangoWork/Works/i2c/Designs/i2c_eeprom_top.v(line number: 76)] Width mismatch between port 'addr_length' (1 bits) and port connection (8 bits) in module instance 'i2c'.
W: Verilog-2019: [E:/code/PangoWork/Works/i2c/Designs/i2c_eeprom_top.v(line number: 77)] Width mismatch between port 'addr' (16 bits) and port connection (32 bits) in module instance 'i2c'.
W: Verilog-2019: [E:/code/PangoWork/Works/i2c/Designs/i2c_eeprom_top.v(line number: 78)] Width mismatch between port 'wr_data' (8 bits) and port connection (32 bits) in module instance 'i2c'.
W: Verilog-2019: [E:/code/PangoWork/Works/i2c/Designs/i2c_eeprom_top.v(line number: 79)] Width mismatch between port 'rd_data' (1 bits) and port connection (8 bits) in module instance 'i2c'.
I: Sdm-0004: [E:/code/PangoWork/Works/i2c/Designs/i2c_eeprom_top.v(line number: 2)] Input port sys_clk_50mhz in module i2c_eeprom_top has no load.
W: Verilog-2024: [E:/code/PangoWork/Works/i2c/Designs/i2c_eeprom_top.v(line number: 1)] Assign a tri-state buf to drive the floating output port eeprom_i2c_scl in module i2c_eeprom_top.
W: Verilog-2036: [E:/code/PangoWork/Works/i2c/Designs/i2c_eeprom_top.v(line number: 29)] The net sys_clk that drives an input pin of module instance i2c_eeprom_top.u_pll_50mhz has no driver, tie the net to 0.
Executing : rtl-elaborate successfully. Time elapsed: 0.012s wall, 0.000s user + 0.000s system = 0.000s CPU (n/a%). Peak memory used: 185 MB.

Start rtl-prep.
Executing : rtl-prep successfully. Time elapsed: 0.006s wall, 0.016s user + 0.000s system = 0.016s CPU (248.4%). Peak memory used: 185 MB.

Start rtl-infer.
Start DFF-inference.
C: Sdm-3007: [E:/code/PangoWork/Works/i2c/Designs/i2c/i2c.v(line number: 231)] Latch is generated for signal ack, possible missing assignment in an if or case statement.
C: Sdm-3007: [E:/code/PangoWork/Works/i2c/Designs/i2c/i2c.v(line number: 289)] Latch is generated for signal rd_data_reg[0], possible missing assignment in an if or case statement.
Executing : DFF-inference successfully.
Executing : rtl-infer successfully. Time elapsed: 0.070s wall, 0.016s user + 0.047s system = 0.062s CPU (89.3%). Peak memory used: 187 MB.

Start rtl-control-opt.
Executing : rtl-control-opt successfully. Time elapsed: 0.006s wall, 0.000s user + 0.016s system = 0.016s CPU (277.5%). Peak memory used: 187 MB.

Start rtl-data-opt.
Executing : rtl-data-opt successfully. Time elapsed: 0.005s wall, 0.000s user + 0.000s system = 0.000s CPU (n/a%). Peak memory used: 187 MB.

Start FSM inference.
I: FSM state_fsm[3:0] inferred.
Executing : FSM inference successfully. Time elapsed: 0.011s wall, 0.016s user + 0.000s system = 0.016s CPU (144.5%). Peak memory used: 187 MB.

Start sdm2adm.
I: Constant propagation done on N18 (bmsWIDEMUX).
I: Constant propagation done on N650 (bmsWIDEMUX).
I: Constant propagation done on N649 (bmsWIDEMUX).
I: Constant propagation done on N632[3]_inv (bmsINV).
I: Constant propagation done on N632[4]_inv (bmsINV).
I: Constant propagation done on N632[5]_inv (bmsINV).
I: Constant propagation done on N632[6]_inv (bmsINV).
I: Constant propagation done on N632[7]_inv (bmsINV).
I: Constant propagation done on N632[8]_inv (bmsINV).
I: Constant propagation done on N632[9]_inv (bmsINV).
Executing : sdm2adm successfully. Time elapsed: 0.019s wall, 0.016s user + 0.000s system = 0.016s CPU (80.6%). Peak memory used: 197 MB.

Saving design to DB.
Action Compile: Export DB successfully.
Action compile: Real time elapsed is 0h:0m:5s
Action compile: CPU time elapsed is 0h:0m:1s
Action compile: Process CPU time elapsed is 0h:0m:1s
Action compile: Peak memory pool usage is 197 MB

Current time: Tue Sep 22 18:01:24 2026
