#Build: Fabric Compiler 2025.2, Build 211867, Jan 16 16:10 2026
#Install: E:\work\pango\PDS_2025.2-ads\bin
#Application name: pds_shell.exe
#OS: Windows 11 10.0.26200
#CPU: Unknown
#RAM(GB): 32
#Hostname: dionirpyC
#Generated by Fabric Compiler (version 2025.2 build 211867) at Wed Sep 23 19:22:17 2026
Parameters for debugging are loaded as follows:
License checkout: fabric_ads from E:/work/pango/PDS_2025.2-ads/new_pds_F4A80DA47D72.lic
Compiling verification operator library.
Compiling vendor parameter file.
Loading technology operator library.
Compiling technology operator library.
Compiling technology operator (valence) library.
I: Enable Verilog2k features and keywords
Start rtl-analyze.
I: Include path: E:/code/PangoWork/Works/i2c
I: Verilog-0001: Analyzing file E:/code/PangoWork/Works/i2c/Designs/i2c_eeprom_top.v.
I: Verilog-0002: [E:/code/PangoWork/Works/i2c/Designs/i2c_eeprom_top.v(line number: 3)] Analyzing module i2c_eeprom_top (library work).
Parsing done.
I: Verilog-0001: Analyzing file E:/code/PangoWork/Works/i2c/Designs/Hardware/led/led.v.
I: Verilog-0002: [E:/code/PangoWork/Works/i2c/Designs/Hardware/led/led.v(line number: 2)] Analyzing module led (library work).
Parsing done.
I: Verilog-0001: Analyzing file E:/code/PangoWork/Works/i2c/Designs/Hardware/key/key.v.
I: Verilog-0002: [E:/code/PangoWork/Works/i2c/Designs/Hardware/key/key.v(line number: 2)] Analyzing module key (library work).
Parsing done.
I: Verilog-0001: Analyzing file E:/code/PangoWork/Works/i2c/Designs/Hardware/eeprom/eeprom.v.
I: Verilog-0002: [E:/code/PangoWork/Works/i2c/Designs/Hardware/eeprom/eeprom.v(line number: 9)] Analyzing module eeprom (library work).
Parsing done.
I: Verilog-0001: Analyzing file E:/code/PangoWork/Works/i2c/Designs/Driver/i2c/i2c_driver.v.
I: Verilog-0002: [E:/code/PangoWork/Works/i2c/Designs/Driver/i2c/i2c_driver.v(line number: 10)] Analyzing module i2c_driver (library work).
Parsing done.
I: Verilog-0001: Analyzing file E:/code/PangoWork/Works/i2c/ipcore/pll_50mhz/pll_50mhz.v.
I: Verilog-0002: [E:/code/PangoWork/Works/i2c/ipcore/pll_50mhz/pll_50mhz.v(line number: 18)] Analyzing module pll_50mhz (library pll_50mhz).
Parsing done.
I: Verilog-0001: Analyzing file E:/code/PangoWork/Works/i2c/ipcore/eeprom_tx_fifo/rtl/ipml_fifo_ctrl_v1_14_eeprom_tx_fifo.v.
I: Verilog-0002: [E:/code/PangoWork/Works/i2c/ipcore/eeprom_tx_fifo/rtl/ipml_fifo_ctrl_v1_14_eeprom_tx_fifo.v(line number: 18)] Analyzing module ipml_fifo_ctrl_v1_14_eeprom_tx_fifo (library eeprom_tx_fifo).
I: [E:/code/PangoWork/Works/i2c/ipcore/eeprom_tx_fifo/rtl/ipml_fifo_ctrl_v1_14_eeprom_tx_fifo.v(line number: 56)] Convert attribute name from syn_preserve to PAP_PRESERVE
I: [E:/code/PangoWork/Works/i2c/ipcore/eeprom_tx_fifo/rtl/ipml_fifo_ctrl_v1_14_eeprom_tx_fifo.v(line number: 58)] Convert attribute name from syn_preserve to PAP_PRESERVE
I: [E:/code/PangoWork/Works/i2c/ipcore/eeprom_tx_fifo/rtl/ipml_fifo_ctrl_v1_14_eeprom_tx_fifo.v(line number: 69)] Convert attribute name from syn_preserve to PAP_PRESERVE
I: [E:/code/PangoWork/Works/i2c/ipcore/eeprom_tx_fifo/rtl/ipml_fifo_ctrl_v1_14_eeprom_tx_fifo.v(line number: 71)] Convert attribute name from syn_preserve to PAP_PRESERVE
I: [E:/code/PangoWork/Works/i2c/ipcore/eeprom_tx_fifo/rtl/ipml_fifo_ctrl_v1_14_eeprom_tx_fifo.v(line number: 99)] Convert attribute name from syn_preserve to PAP_PRESERVE
I: [E:/code/PangoWork/Works/i2c/ipcore/eeprom_tx_fifo/rtl/ipml_fifo_ctrl_v1_14_eeprom_tx_fifo.v(line number: 100)] Convert attribute name from syn_preserve to PAP_PRESERVE
Parsing done.
I: Verilog-0001: Analyzing file E:/code/PangoWork/Works/i2c/ipcore/eeprom_tx_fifo/rtl/ipml_sdpram_v1_13_eeprom_tx_fifo.v.
I: Verilog-0002: [E:/code/PangoWork/Works/i2c/ipcore/eeprom_tx_fifo/rtl/ipml_sdpram_v1_13_eeprom_tx_fifo.v(line number: 18)] Analyzing module ipml_sdpram_v1_13_eeprom_tx_fifo (library eeprom_tx_fifo).
W: Verilog-2064: [E:/code/PangoWork/Works/i2c/ipcore/eeprom_tx_fifo/rtl/ipml_sdpram_v1_13_eeprom_tx_fifo.v(line number: 305)] Within an initial construct, only memory $readmemh/$readmemb initialization and variable initialization statements are supported and other statements will be ignored. Simulation mismatch may occur.
Parsing done.
I: Verilog-0001: Analyzing file E:/code/PangoWork/Works/i2c/ipcore/eeprom_tx_fifo/rtl/ipml_fifo_v1_14_eeprom_tx_fifo.v.
I: Verilog-0002: [E:/code/PangoWork/Works/i2c/ipcore/eeprom_tx_fifo/rtl/ipml_fifo_v1_14_eeprom_tx_fifo.v(line number: 23)] Analyzing module ipml_fifo_v1_14_eeprom_tx_fifo (library eeprom_tx_fifo).
Parsing done.
I: Verilog-0001: Analyzing file E:/code/PangoWork/Works/i2c/ipcore/eeprom_tx_fifo/eeprom_tx_fifo.v.
I: Verilog-0002: [E:/code/PangoWork/Works/i2c/ipcore/eeprom_tx_fifo/eeprom_tx_fifo.v(line number: 16)] Analyzing module eeprom_tx_fifo (library eeprom_tx_fifo).
Parsing done.
I: Verilog-0001: Analyzing file E:/code/PangoWork/Works/i2c/ipcore/eeprom_rx_fifo/rtl/ipml_fifo_ctrl_v1_14_eeprom_rx_fifo.v.
I: Verilog-0002: [E:/code/PangoWork/Works/i2c/ipcore/eeprom_rx_fifo/rtl/ipml_fifo_ctrl_v1_14_eeprom_rx_fifo.v(line number: 18)] Analyzing module ipml_fifo_ctrl_v1_14_eeprom_rx_fifo (library eeprom_rx_fifo).
I: [E:/code/PangoWork/Works/i2c/ipcore/eeprom_rx_fifo/rtl/ipml_fifo_ctrl_v1_14_eeprom_rx_fifo.v(line number: 56)] Convert attribute name from syn_preserve to PAP_PRESERVE
I: [E:/code/PangoWork/Works/i2c/ipcore/eeprom_rx_fifo/rtl/ipml_fifo_ctrl_v1_14_eeprom_rx_fifo.v(line number: 58)] Convert attribute name from syn_preserve to PAP_PRESERVE
I: [E:/code/PangoWork/Works/i2c/ipcore/eeprom_rx_fifo/rtl/ipml_fifo_ctrl_v1_14_eeprom_rx_fifo.v(line number: 69)] Convert attribute name from syn_preserve to PAP_PRESERVE
I: [E:/code/PangoWork/Works/i2c/ipcore/eeprom_rx_fifo/rtl/ipml_fifo_ctrl_v1_14_eeprom_rx_fifo.v(line number: 71)] Convert attribute name from syn_preserve to PAP_PRESERVE
I: [E:/code/PangoWork/Works/i2c/ipcore/eeprom_rx_fifo/rtl/ipml_fifo_ctrl_v1_14_eeprom_rx_fifo.v(line number: 99)] Convert attribute name from syn_preserve to PAP_PRESERVE
I: [E:/code/PangoWork/Works/i2c/ipcore/eeprom_rx_fifo/rtl/ipml_fifo_ctrl_v1_14_eeprom_rx_fifo.v(line number: 100)] Convert attribute name from syn_preserve to PAP_PRESERVE
Parsing done.
I: Verilog-0001: Analyzing file E:/code/PangoWork/Works/i2c/ipcore/eeprom_rx_fifo/rtl/ipml_sdpram_v1_13_eeprom_rx_fifo.v.
I: Verilog-0002: [E:/code/PangoWork/Works/i2c/ipcore/eeprom_rx_fifo/rtl/ipml_sdpram_v1_13_eeprom_rx_fifo.v(line number: 18)] Analyzing module ipml_sdpram_v1_13_eeprom_rx_fifo (library eeprom_rx_fifo).
W: Verilog-2064: [E:/code/PangoWork/Works/i2c/ipcore/eeprom_rx_fifo/rtl/ipml_sdpram_v1_13_eeprom_rx_fifo.v(line number: 305)] Within an initial construct, only memory $readmemh/$readmemb initialization and variable initialization statements are supported and other statements will be ignored. Simulation mismatch may occur.
Parsing done.
I: Verilog-0001: Analyzing file E:/code/PangoWork/Works/i2c/ipcore/eeprom_rx_fifo/rtl/ipml_fifo_v1_14_eeprom_rx_fifo.v.
I: Verilog-0002: [E:/code/PangoWork/Works/i2c/ipcore/eeprom_rx_fifo/rtl/ipml_fifo_v1_14_eeprom_rx_fifo.v(line number: 23)] Analyzing module ipml_fifo_v1_14_eeprom_rx_fifo (library eeprom_rx_fifo).
Parsing done.
I: Verilog-0001: Analyzing file E:/code/PangoWork/Works/i2c/ipcore/eeprom_rx_fifo/eeprom_rx_fifo.v.
I: Verilog-0002: [E:/code/PangoWork/Works/i2c/ipcore/eeprom_rx_fifo/eeprom_rx_fifo.v(line number: 16)] Analyzing module eeprom_rx_fifo (library eeprom_rx_fifo).
Parsing done.
I: Module "i2c_eeprom_top" is set as top module
Executing : rtl-analyze successfully. Time elapsed: 2.215s wall, 0.016s user + 0.031s system = 0.047s CPU (2.1%). Peak memory used: 178 MB.

Start rtl-elaborate.
I: Verilog-0003: [E:/code/PangoWork/Works/i2c/Designs/i2c_eeprom_top.v(line number: 3)] Elaborating module i2c_eeprom_top.
I: Verilog-0004: [E:/code/PangoWork/Works/i2c/Designs/i2c_eeprom_top.v(line number: 38)] Elaborating instance u_pll_50mhz.
I: Verilog-0003: [E:/code/PangoWork/Works/i2c/ipcore/pll_50mhz/pll_50mhz.v(line number: 18)] Elaborating module pll_50mhz.
I: Verilog-0004: [E:/code/PangoWork/Works/i2c/ipcore/pll_50mhz/pll_50mhz.v(line number: 228)] Elaborating instance u_pll_e3.
W: Verilog-2021: [E:/code/PangoWork/Works/i2c/ipcore/pll_50mhz/pll_50mhz.v(line number: 115)] Net clkfb in pll_50mhz(original module pll_50mhz) does not have a driver, tie it to 0.
W: Verilog-2021: [E:/code/PangoWork/Works/i2c/ipcore/pll_50mhz/pll_50mhz.v(line number: 118)] Net pfden in pll_50mhz(original module pll_50mhz) does not have a driver, tie it to 0.
W: Verilog-2021: [E:/code/PangoWork/Works/i2c/ipcore/pll_50mhz/pll_50mhz.v(line number: 119)] Net clkout0_gate in pll_50mhz(original module pll_50mhz) does not have a driver, tie it to 0.
W: Verilog-2021: [E:/code/PangoWork/Works/i2c/ipcore/pll_50mhz/pll_50mhz.v(line number: 120)] Net clkout0_2pad_gate in pll_50mhz(original module pll_50mhz) does not have a driver, tie it to 0.
W: Verilog-2021: [E:/code/PangoWork/Works/i2c/ipcore/pll_50mhz/pll_50mhz.v(line number: 121)] Net clkout1_gate in pll_50mhz(original module pll_50mhz) does not have a driver, tie it to 0.
W: Verilog-2021: [E:/code/PangoWork/Works/i2c/ipcore/pll_50mhz/pll_50mhz.v(line number: 122)] Net clkout2_gate in pll_50mhz(original module pll_50mhz) does not have a driver, tie it to 0.
W: Verilog-2021: [E:/code/PangoWork/Works/i2c/ipcore/pll_50mhz/pll_50mhz.v(line number: 123)] Net clkout3_gate in pll_50mhz(original module pll_50mhz) does not have a driver, tie it to 0.
W: Verilog-2021: [E:/code/PangoWork/Works/i2c/ipcore/pll_50mhz/pll_50mhz.v(line number: 124)] Net clkout4_gate in pll_50mhz(original module pll_50mhz) does not have a driver, tie it to 0.
W: Verilog-2021: [E:/code/PangoWork/Works/i2c/ipcore/pll_50mhz/pll_50mhz.v(line number: 125)] Net clkout5_gate in pll_50mhz(original module pll_50mhz) does not have a driver, tie it to 0.
W: Verilog-2021: [E:/code/PangoWork/Works/i2c/ipcore/pll_50mhz/pll_50mhz.v(line number: 126)] Net dyn_idiv in pll_50mhz(original module pll_50mhz) does not have a driver, tie it to 0.
W: Verilog-2021: [E:/code/PangoWork/Works/i2c/ipcore/pll_50mhz/pll_50mhz.v(line number: 127)] Net dyn_odiv0 in pll_50mhz(original module pll_50mhz) does not have a driver, tie it to 0.
W: Verilog-2021: [E:/code/PangoWork/Works/i2c/ipcore/pll_50mhz/pll_50mhz.v(line number: 128)] Net dyn_odiv1 in pll_50mhz(original module pll_50mhz) does not have a driver, tie it to 0.
W: Verilog-2021: [E:/code/PangoWork/Works/i2c/ipcore/pll_50mhz/pll_50mhz.v(line number: 129)] Net dyn_odiv2 in pll_50mhz(original module pll_50mhz) does not have a driver, tie it to 0.
W: Verilog-2021: [E:/code/PangoWork/Works/i2c/ipcore/pll_50mhz/pll_50mhz.v(line number: 130)] Net dyn_odiv3 in pll_50mhz(original module pll_50mhz) does not have a driver, tie it to 0.
W: Verilog-2021: [E:/code/PangoWork/Works/i2c/ipcore/pll_50mhz/pll_50mhz.v(line number: 131)] Net dyn_odiv4 in pll_50mhz(original module pll_50mhz) does not have a driver, tie it to 0.
W: Verilog-2021: [E:/code/PangoWork/Works/i2c/ipcore/pll_50mhz/pll_50mhz.v(line number: 132)] Net dyn_fdiv in pll_50mhz(original module pll_50mhz) does not have a driver, tie it to 0.
W: Verilog-2021: [E:/code/PangoWork/Works/i2c/ipcore/pll_50mhz/pll_50mhz.v(line number: 133)] Net dyn_duty0 in pll_50mhz(original module pll_50mhz) does not have a driver, tie it to 0.
W: Verilog-2021: [E:/code/PangoWork/Works/i2c/ipcore/pll_50mhz/pll_50mhz.v(line number: 134)] Net dyn_duty1 in pll_50mhz(original module pll_50mhz) does not have a driver, tie it to 0.
W: Verilog-2021: [E:/code/PangoWork/Works/i2c/ipcore/pll_50mhz/pll_50mhz.v(line number: 135)] Net dyn_duty2 in pll_50mhz(original module pll_50mhz) does not have a driver, tie it to 0.
W: Verilog-2021: [E:/code/PangoWork/Works/i2c/ipcore/pll_50mhz/pll_50mhz.v(line number: 136)] Net dyn_duty3 in pll_50mhz(original module pll_50mhz) does not have a driver, tie it to 0.
W: Verilog-2021: [E:/code/PangoWork/Works/i2c/ipcore/pll_50mhz/pll_50mhz.v(line number: 137)] Net dyn_duty4 in pll_50mhz(original module pll_50mhz) does not have a driver, tie it to 0.
I: Verilog-0004: [E:/code/PangoWork/Works/i2c/Designs/i2c_eeprom_top.v(line number: 44)] Elaborating instance u_key.
I: Verilog-0003: [E:/code/PangoWork/Works/i2c/Designs/Hardware/key/key.v(line number: 2)] Elaborating module key.
I: Module instance {i2c_eeprom_top/u_key} parameter value:
    KEY_SYSCLK_FREQ = 32'sh2FAF080 | 50000000 | 32'sb00000010111110101111000010000000
    KEY_WIDTH = 32'sh8 | 8 | 32'sb00000000000000000000000000001000
I: Verilog-0004: [E:/code/PangoWork/Works/i2c/Designs/i2c_eeprom_top.v(line number: 83)] Elaborating instance u_led.
I: Verilog-0003: [E:/code/PangoWork/Works/i2c/Designs/Hardware/led/led.v(line number: 2)] Elaborating module led.
I: Module instance {i2c_eeprom_top/u_led} parameter value:
    LED_SYSCLK_FREQ = 32'sh2FAF080 | 50000000 | 32'sb00000010111110101111000010000000
    LED_WIDTH = 32'sh8 | 8 | 32'sb00000000000000000000000000001000
I: Verilog-0004: [E:/code/PangoWork/Works/i2c/Designs/i2c_eeprom_top.v(line number: 95)] Elaborating instance u_eeprom.
I: Verilog-0003: [E:/code/PangoWork/Works/i2c/Designs/Hardware/eeprom/eeprom.v(line number: 9)] Elaborating module eeprom.
I: Module instance {i2c_eeprom_top/u_eeprom} parameter value:
    DEVICE_ADDR = 32'sh50 | 80 | 32'sb00000000000000000000000001010000
    I2C_CLK_FREQ = 32'sh2FAF080 | 50000000 | 32'sb00000010111110101111000010000000
    I2C_SCL_FREQ = 32'sh3D090 | 250000 | 32'sb00000000000000111101000010010000
    WRITE_CYCLE_TIME_US = 32'sh1388 | 5000 | 32'sb00000000000000000001001110001000
I: Verilog-0004: [E:/code/PangoWork/Works/i2c/Designs/Hardware/eeprom/eeprom.v(line number: 173)] Elaborating instance rx_fifo_inst.
I: Verilog-0003: [E:/code/PangoWork/Works/i2c/ipcore/eeprom_rx_fifo/eeprom_rx_fifo.v(line number: 16)] Elaborating module eeprom_rx_fifo.
I: Verilog-0004: [E:/code/PangoWork/Works/i2c/ipcore/eeprom_rx_fifo/eeprom_rx_fifo.v(line number: 166)] Elaborating instance U_ipml_fifo_eeprom_rx_fifo.
I: Verilog-0003: [E:/code/PangoWork/Works/i2c/ipcore/eeprom_rx_fifo/rtl/ipml_fifo_v1_14_eeprom_rx_fifo.v(line number: 23)] Elaborating module ipml_fifo_v1_14_eeprom_rx_fifo.
I: Module instance {i2c_eeprom_top/u_eeprom/rx_fifo_inst/U_ipml_fifo_eeprom_rx_fifo} parameter value:
    c_SIM_DEVICE = LOGOS
    c_WR_DEPTH_WIDTH = 32'sh5 | 5 | 32'sb00000000000000000000000000000101
    c_WR_DATA_WIDTH = 32'sh15 | 21 | 32'sb00000000000000000000000000010101
    c_RD_DEPTH_WIDTH = 32'sh5 | 5 | 32'sb00000000000000000000000000000101
    c_RD_DATA_WIDTH = 32'sh15 | 21 | 32'sb00000000000000000000000000010101
    c_OUTPUT_REG = 32'sh0 | 0 | 32'sb00000000000000000000000000000000
    c_RD_OCE_EN = 32'sh0 | 0 | 32'sb00000000000000000000000000000000
    c_RESET_TYPE = ASYNC_RESET
    c_POWER_OPT = 32'sh0 | 0 | 32'sb00000000000000000000000000000000
    c_RD_CLK_OR_POL_INV = 32'sh0 | 0 | 32'sb00000000000000000000000000000000
    c_WR_BYTE_EN = 32'sh0 | 0 | 32'sb00000000000000000000000000000000
    c_BE_WIDTH = 32'sh1 | 1 | 32'sb00000000000000000000000000000001
    c_FIFO_TYPE = SYN
    c_ALMOST_FULL_NUM = 32'sh1F | 31 | 32'sb00000000000000000000000000011111
    c_ALMOST_EMPTY_NUM = 32'sh4 | 4 | 32'sb00000000000000000000000000000100
    c_DATA_VALID_EN = 32'sh0 | 0 | 32'sb00000000000000000000000000000000
    c_PREFETCH_EN = 32'sh0 | 0 | 32'sb00000000000000000000000000000000
I: Verilog-0004: [E:/code/PangoWork/Works/i2c/ipcore/eeprom_rx_fifo/rtl/ipml_fifo_v1_14_eeprom_rx_fifo.v(line number: 96)] Elaborating instance U_ipml_sdpram.
I: Verilog-0003: [E:/code/PangoWork/Works/i2c/ipcore/eeprom_rx_fifo/rtl/ipml_sdpram_v1_13_eeprom_rx_fifo.v(line number: 18)] Elaborating module ipml_sdpram_v1_13_eeprom_rx_fifo.
I: Module instance {i2c_eeprom_top/u_eeprom/rx_fifo_inst/U_ipml_fifo_eeprom_rx_fifo/U_ipml_sdpram} parameter value:
    c_SIM_DEVICE = LOGOS
    c_WR_ADDR_WIDTH = 32'sh5 | 5 | 32'sb00000000000000000000000000000101
    c_WR_DATA_WIDTH = 32'sh15 | 21 | 32'sb00000000000000000000000000010101
    c_RD_ADDR_WIDTH = 32'sh5 | 5 | 32'sb00000000000000000000000000000101
    c_RD_DATA_WIDTH = 32'sh15 | 21 | 32'sb00000000000000000000000000010101
    c_OUTPUT_REG = 32'sh0 | 0 | 32'sb00000000000000000000000000000000
    c_RD_OCE_EN = 32'sh0 | 0 | 32'sb00000000000000000000000000000000
    c_WR_ADDR_STROBE_EN = 32'sh0 | 0 | 32'sb00000000000000000000000000000000
    c_RD_ADDR_STROBE_EN = 32'sh0 | 0 | 32'sb00000000000000000000000000000000
    c_WR_CLK_EN = 32'sh1 | 1 | 32'sb00000000000000000000000000000001
    c_RD_CLK_EN = 32'sh1 | 1 | 32'sb00000000000000000000000000000001
    c_RD_CLK_OR_POL_INV = 32'sh0 | 0 | 32'sb00000000000000000000000000000000
    c_RESET_TYPE = ASYNC_RESET
    c_POWER_OPT = 32'sh0 | 0 | 32'sb00000000000000000000000000000000
    c_INIT_FILE = NONE
    c_INIT_FORMAT = BIN
    c_WR_BYTE_EN = 32'sh0 | 0 | 32'sb00000000000000000000000000000000
    c_BE_WIDTH = 32'sh1 | 1 | 32'sb00000000000000000000000000000001
W: [E:/code/PangoWork/Works/i2c/ipcore/eeprom_rx_fifo/rtl/ipml_sdpram_v1_13_eeprom_rx_fifo.v(line number: 311)] IPSpecCheck: 01030102 ipml_flex_sdpram parameter setting error !!!: c_WR_ADDR_WIDTH must between 8-20 (module instance : i2c_eeprom_top/u_eeprom/rx_fifo_inst/U_ipml_fifo_eeprom_rx_fifo/U_ipml_sdpram)
W: Verilog-2008: [E:/code/PangoWork/Works/i2c/ipcore/eeprom_rx_fifo/rtl/ipml_sdpram_v1_13_eeprom_rx_fifo.v(line number: 311)] Ignore 'system task' $display.
W: Verilog-2038: [E:/code/PangoWork/Works/i2c/ipcore/eeprom_rx_fifo/rtl/ipml_sdpram_v1_13_eeprom_rx_fifo.v(line number: 484)] This case item expression '1' never match with the case expression 'DRM_DATA_WIDTH_A'.
W: Verilog-2038: [E:/code/PangoWork/Works/i2c/ipcore/eeprom_rx_fifo/rtl/ipml_sdpram_v1_13_eeprom_rx_fifo.v(line number: 485)] This case item expression '2' never match with the case expression 'DRM_DATA_WIDTH_A'.
W: Verilog-2038: [E:/code/PangoWork/Works/i2c/ipcore/eeprom_rx_fifo/rtl/ipml_sdpram_v1_13_eeprom_rx_fifo.v(line number: 486)] This case item expression '4' never match with the case expression 'DRM_DATA_WIDTH_A'.
W: Verilog-2038: [E:/code/PangoWork/Works/i2c/ipcore/eeprom_rx_fifo/rtl/ipml_sdpram_v1_13_eeprom_rx_fifo.v(line number: 487)] This case item expression '8' never match with the case expression 'DRM_DATA_WIDTH_A'.
W: Verilog-2038: [E:/code/PangoWork/Works/i2c/ipcore/eeprom_rx_fifo/rtl/ipml_sdpram_v1_13_eeprom_rx_fifo.v(line number: 487)] This case item expression '9' never match with the case expression 'DRM_DATA_WIDTH_A'.
W: Verilog-2038: [E:/code/PangoWork/Works/i2c/ipcore/eeprom_rx_fifo/rtl/ipml_sdpram_v1_13_eeprom_rx_fifo.v(line number: 488)] This case item expression '16' never match with the case expression 'DRM_DATA_WIDTH_A'.
W: Verilog-2038: [E:/code/PangoWork/Works/i2c/ipcore/eeprom_rx_fifo/rtl/ipml_sdpram_v1_13_eeprom_rx_fifo.v(line number: 488)] This case item expression '18' never match with the case expression 'DRM_DATA_WIDTH_A'.
W: Verilog-2038: [E:/code/PangoWork/Works/i2c/ipcore/eeprom_rx_fifo/rtl/ipml_sdpram_v1_13_eeprom_rx_fifo.v(line number: 489)] This case item expression '32' never match with the case expression 'DRM_DATA_WIDTH_A'.
W: Verilog-2038: [E:/code/PangoWork/Works/i2c/ipcore/eeprom_rx_fifo/rtl/ipml_sdpram_v1_13_eeprom_rx_fifo.v(line number: 674)] This case item expression '1' never match with the case expression 'DRM_DATA_WIDTH_B'.
W: Verilog-2038: [E:/code/PangoWork/Works/i2c/ipcore/eeprom_rx_fifo/rtl/ipml_sdpram_v1_13_eeprom_rx_fifo.v(line number: 675)] This case item expression '2' never match with the case expression 'DRM_DATA_WIDTH_B'.
W: Verilog-2038: [E:/code/PangoWork/Works/i2c/ipcore/eeprom_rx_fifo/rtl/ipml_sdpram_v1_13_eeprom_rx_fifo.v(line number: 676)] This case item expression '4' never match with the case expression 'DRM_DATA_WIDTH_B'.
W: Verilog-2038: [E:/code/PangoWork/Works/i2c/ipcore/eeprom_rx_fifo/rtl/ipml_sdpram_v1_13_eeprom_rx_fifo.v(line number: 677)] This case item expression '8' never match with the case expression 'DRM_DATA_WIDTH_B'.
W: Verilog-2038: [E:/code/PangoWork/Works/i2c/ipcore/eeprom_rx_fifo/rtl/ipml_sdpram_v1_13_eeprom_rx_fifo.v(line number: 677)] This case item expression '9' never match with the case expression 'DRM_DATA_WIDTH_B'.
W: Verilog-2038: [E:/code/PangoWork/Works/i2c/ipcore/eeprom_rx_fifo/rtl/ipml_sdpram_v1_13_eeprom_rx_fifo.v(line number: 678)] This case item expression '16' never match with the case expression 'DRM_DATA_WIDTH_B'.
W: Verilog-2038: [E:/code/PangoWork/Works/i2c/ipcore/eeprom_rx_fifo/rtl/ipml_sdpram_v1_13_eeprom_rx_fifo.v(line number: 678)] This case item expression '18' never match with the case expression 'DRM_DATA_WIDTH_B'.
W: Verilog-2038: [E:/code/PangoWork/Works/i2c/ipcore/eeprom_rx_fifo/rtl/ipml_sdpram_v1_13_eeprom_rx_fifo.v(line number: 679)] This case item expression '32' never match with the case expression 'DRM_DATA_WIDTH_B'.
I: Verilog-0004: [E:/code/PangoWork/Works/i2c/ipcore/eeprom_rx_fifo/rtl/ipml_sdpram_v1_13_eeprom_rx_fifo.v(line number: 839)] Elaborating instance U_GTP_DRM9K.
I: Sdm-0004: [E:/code/PangoWork/Works/i2c/ipcore/eeprom_rx_fifo/rtl/ipml_sdpram_v1_13_eeprom_rx_fifo.v(line number: 47)] Input port wr_byte_en in module ipml_sdpram_v1_13_eeprom_rx_fifo has no load.
I: Verilog-0004: [E:/code/PangoWork/Works/i2c/ipcore/eeprom_rx_fifo/rtl/ipml_fifo_v1_14_eeprom_rx_fifo.v(line number: 127)] Elaborating instance U_ipml_fifo_ctrl.
I: Verilog-0003: [E:/code/PangoWork/Works/i2c/ipcore/eeprom_rx_fifo/rtl/ipml_fifo_ctrl_v1_14_eeprom_rx_fifo.v(line number: 18)] Elaborating module ipml_fifo_ctrl_v1_14_eeprom_rx_fifo.
I: Module instance {i2c_eeprom_top/u_eeprom/rx_fifo_inst/U_ipml_fifo_eeprom_rx_fifo/U_ipml_fifo_ctrl} parameter value:
    c_WR_DEPTH_WIDTH = 32'sh5 | 5 | 32'sb00000000000000000000000000000101
    c_RD_DEPTH_WIDTH = 32'sh5 | 5 | 32'sb00000000000000000000000000000101
    c_FIFO_TYPE = SYN
    c_ALMOST_FULL_NUM = 32'sh1F | 31 | 32'sb00000000000000000000000000011111
    c_ALMOST_EMPTY_NUM = 32'sh4 | 4 | 32'sb00000000000000000000000000000100
    c_PREFETCH_EN = 32'sh0 | 0 | 32'sb00000000000000000000000000000000
    c_DATA_VALID_EN = 32'sh0 | 0 | 32'sb00000000000000000000000000000000
    c_OUTPUT_REG = 32'sh0 | 0 | 32'sb00000000000000000000000000000000
    c_FAB_REG = 32'sh0 | 0 | 32'sb00000000000000000000000000000000
    c_RD_CLK_OR_POL_INV = 32'sh0 | 0 | 32'sb00000000000000000000000000000000
W: Verilog-2039: [E:/code/PangoWork/Works/i2c/ipcore/eeprom_rx_fifo/rtl/ipml_fifo_ctrl_v1_14_eeprom_rx_fifo.v(line number: 769)] Value of replication constant '(c_RD_DEPTH_WIDTH - c_WR_DEPTH_WIDTH)' in multiple concatenation is 0.
I: Verilog-0004: [E:/code/PangoWork/Works/i2c/Designs/Hardware/eeprom/eeprom.v(line number: 186)] Elaborating instance tx_fifo_inst.
I: Verilog-0003: [E:/code/PangoWork/Works/i2c/ipcore/eeprom_tx_fifo/eeprom_tx_fifo.v(line number: 16)] Elaborating module eeprom_tx_fifo.
I: Verilog-0004: [E:/code/PangoWork/Works/i2c/ipcore/eeprom_tx_fifo/eeprom_tx_fifo.v(line number: 166)] Elaborating instance U_ipml_fifo_eeprom_tx_fifo.
I: Verilog-0003: [E:/code/PangoWork/Works/i2c/ipcore/eeprom_tx_fifo/rtl/ipml_fifo_v1_14_eeprom_tx_fifo.v(line number: 23)] Elaborating module ipml_fifo_v1_14_eeprom_tx_fifo.
I: Module instance {i2c_eeprom_top/u_eeprom/tx_fifo_inst/U_ipml_fifo_eeprom_tx_fifo} parameter value:
    c_SIM_DEVICE = LOGOS
    c_WR_DEPTH_WIDTH = 32'sh5 | 5 | 32'sb00000000000000000000000000000101
    c_WR_DATA_WIDTH = 32'sh8 | 8 | 32'sb00000000000000000000000000001000
    c_RD_DEPTH_WIDTH = 32'sh5 | 5 | 32'sb00000000000000000000000000000101
    c_RD_DATA_WIDTH = 32'sh8 | 8 | 32'sb00000000000000000000000000001000
    c_OUTPUT_REG = 32'sh0 | 0 | 32'sb00000000000000000000000000000000
    c_RD_OCE_EN = 32'sh0 | 0 | 32'sb00000000000000000000000000000000
    c_RESET_TYPE = ASYNC_RESET
    c_POWER_OPT = 32'sh0 | 0 | 32'sb00000000000000000000000000000000
    c_RD_CLK_OR_POL_INV = 32'sh0 | 0 | 32'sb00000000000000000000000000000000
    c_WR_BYTE_EN = 32'sh0 | 0 | 32'sb00000000000000000000000000000000
    c_BE_WIDTH = 32'sh1 | 1 | 32'sb00000000000000000000000000000001
    c_FIFO_TYPE = SYN
    c_ALMOST_FULL_NUM = 32'sh1F | 31 | 32'sb00000000000000000000000000011111
    c_ALMOST_EMPTY_NUM = 32'sh4 | 4 | 32'sb00000000000000000000000000000100
    c_DATA_VALID_EN = 32'sh0 | 0 | 32'sb00000000000000000000000000000000
    c_PREFETCH_EN = 32'sh0 | 0 | 32'sb00000000000000000000000000000000
I: Verilog-0004: [E:/code/PangoWork/Works/i2c/ipcore/eeprom_tx_fifo/rtl/ipml_fifo_v1_14_eeprom_tx_fifo.v(line number: 96)] Elaborating instance U_ipml_sdpram.
I: Verilog-0003: [E:/code/PangoWork/Works/i2c/ipcore/eeprom_tx_fifo/rtl/ipml_sdpram_v1_13_eeprom_tx_fifo.v(line number: 18)] Elaborating module ipml_sdpram_v1_13_eeprom_tx_fifo.
I: Module instance {i2c_eeprom_top/u_eeprom/tx_fifo_inst/U_ipml_fifo_eeprom_tx_fifo/U_ipml_sdpram} parameter value:
    c_SIM_DEVICE = LOGOS
    c_WR_ADDR_WIDTH = 32'sh5 | 5 | 32'sb00000000000000000000000000000101
    c_WR_DATA_WIDTH = 32'sh8 | 8 | 32'sb00000000000000000000000000001000
    c_RD_ADDR_WIDTH = 32'sh5 | 5 | 32'sb00000000000000000000000000000101
    c_RD_DATA_WIDTH = 32'sh8 | 8 | 32'sb00000000000000000000000000001000
    c_OUTPUT_REG = 32'sh0 | 0 | 32'sb00000000000000000000000000000000
    c_RD_OCE_EN = 32'sh0 | 0 | 32'sb00000000000000000000000000000000
    c_WR_ADDR_STROBE_EN = 32'sh0 | 0 | 32'sb00000000000000000000000000000000
    c_RD_ADDR_STROBE_EN = 32'sh0 | 0 | 32'sb00000000000000000000000000000000
    c_WR_CLK_EN = 32'sh1 | 1 | 32'sb00000000000000000000000000000001
    c_RD_CLK_EN = 32'sh1 | 1 | 32'sb00000000000000000000000000000001
    c_RD_CLK_OR_POL_INV = 32'sh0 | 0 | 32'sb00000000000000000000000000000000
    c_RESET_TYPE = ASYNC_RESET
    c_POWER_OPT = 32'sh0 | 0 | 32'sb00000000000000000000000000000000
    c_INIT_FILE = NONE
    c_INIT_FORMAT = BIN
    c_WR_BYTE_EN = 32'sh0 | 0 | 32'sb00000000000000000000000000000000
    c_BE_WIDTH = 32'sh1 | 1 | 32'sb00000000000000000000000000000001
W: [E:/code/PangoWork/Works/i2c/ipcore/eeprom_tx_fifo/rtl/ipml_sdpram_v1_13_eeprom_tx_fifo.v(line number: 311)] IPSpecCheck: 01030102 ipml_flex_sdpram parameter setting error !!!: c_WR_ADDR_WIDTH must between 8-20 (module instance : i2c_eeprom_top/u_eeprom/tx_fifo_inst/U_ipml_fifo_eeprom_tx_fifo/U_ipml_sdpram)
W: Verilog-2008: [E:/code/PangoWork/Works/i2c/ipcore/eeprom_tx_fifo/rtl/ipml_sdpram_v1_13_eeprom_tx_fifo.v(line number: 311)] Ignore 'system task' $display.
W: Verilog-2038: [E:/code/PangoWork/Works/i2c/ipcore/eeprom_tx_fifo/rtl/ipml_sdpram_v1_13_eeprom_tx_fifo.v(line number: 484)] This case item expression '1' never match with the case expression 'DRM_DATA_WIDTH_A'.
W: Verilog-2038: [E:/code/PangoWork/Works/i2c/ipcore/eeprom_tx_fifo/rtl/ipml_sdpram_v1_13_eeprom_tx_fifo.v(line number: 485)] This case item expression '2' never match with the case expression 'DRM_DATA_WIDTH_A'.
W: Verilog-2038: [E:/code/PangoWork/Works/i2c/ipcore/eeprom_tx_fifo/rtl/ipml_sdpram_v1_13_eeprom_tx_fifo.v(line number: 486)] This case item expression '4' never match with the case expression 'DRM_DATA_WIDTH_A'.
W: Verilog-2038: [E:/code/PangoWork/Works/i2c/ipcore/eeprom_tx_fifo/rtl/ipml_sdpram_v1_13_eeprom_tx_fifo.v(line number: 487)] This case item expression '8' never match with the case expression 'DRM_DATA_WIDTH_A'.
W: Verilog-2038: [E:/code/PangoWork/Works/i2c/ipcore/eeprom_tx_fifo/rtl/ipml_sdpram_v1_13_eeprom_tx_fifo.v(line number: 487)] This case item expression '9' never match with the case expression 'DRM_DATA_WIDTH_A'.
W: Verilog-2038: [E:/code/PangoWork/Works/i2c/ipcore/eeprom_tx_fifo/rtl/ipml_sdpram_v1_13_eeprom_tx_fifo.v(line number: 488)] This case item expression '16' never match with the case expression 'DRM_DATA_WIDTH_A'.
W: Verilog-2038: [E:/code/PangoWork/Works/i2c/ipcore/eeprom_tx_fifo/rtl/ipml_sdpram_v1_13_eeprom_tx_fifo.v(line number: 488)] This case item expression '18' never match with the case expression 'DRM_DATA_WIDTH_A'.
W: Verilog-2038: [E:/code/PangoWork/Works/i2c/ipcore/eeprom_tx_fifo/rtl/ipml_sdpram_v1_13_eeprom_tx_fifo.v(line number: 489)] This case item expression '36' never match with the case expression 'DRM_DATA_WIDTH_A'.
W: Verilog-2038: [E:/code/PangoWork/Works/i2c/ipcore/eeprom_tx_fifo/rtl/ipml_sdpram_v1_13_eeprom_tx_fifo.v(line number: 674)] This case item expression '1' never match with the case expression 'DRM_DATA_WIDTH_B'.
W: Verilog-2038: [E:/code/PangoWork/Works/i2c/ipcore/eeprom_tx_fifo/rtl/ipml_sdpram_v1_13_eeprom_tx_fifo.v(line number: 675)] This case item expression '2' never match with the case expression 'DRM_DATA_WIDTH_B'.
W: Verilog-2038: [E:/code/PangoWork/Works/i2c/ipcore/eeprom_tx_fifo/rtl/ipml_sdpram_v1_13_eeprom_tx_fifo.v(line number: 676)] This case item expression '4' never match with the case expression 'DRM_DATA_WIDTH_B'.
W: Verilog-2038: [E:/code/PangoWork/Works/i2c/ipcore/eeprom_tx_fifo/rtl/ipml_sdpram_v1_13_eeprom_tx_fifo.v(line number: 677)] This case item expression '8' never match with the case expression 'DRM_DATA_WIDTH_B'.
W: Verilog-2038: [E:/code/PangoWork/Works/i2c/ipcore/eeprom_tx_fifo/rtl/ipml_sdpram_v1_13_eeprom_tx_fifo.v(line number: 677)] This case item expression '9' never match with the case expression 'DRM_DATA_WIDTH_B'.
W: Verilog-2038: [E:/code/PangoWork/Works/i2c/ipcore/eeprom_tx_fifo/rtl/ipml_sdpram_v1_13_eeprom_tx_fifo.v(line number: 678)] This case item expression '16' never match with the case expression 'DRM_DATA_WIDTH_B'.
W: Verilog-2038: [E:/code/PangoWork/Works/i2c/ipcore/eeprom_tx_fifo/rtl/ipml_sdpram_v1_13_eeprom_tx_fifo.v(line number: 678)] This case item expression '18' never match with the case expression 'DRM_DATA_WIDTH_B'.
W: Verilog-2038: [E:/code/PangoWork/Works/i2c/ipcore/eeprom_tx_fifo/rtl/ipml_sdpram_v1_13_eeprom_tx_fifo.v(line number: 679)] This case item expression '36' never match with the case expression 'DRM_DATA_WIDTH_B'.
I: Verilog-0004: [E:/code/PangoWork/Works/i2c/ipcore/eeprom_tx_fifo/rtl/ipml_sdpram_v1_13_eeprom_tx_fifo.v(line number: 839)] Elaborating instance U_GTP_DRM9K.
I: Sdm-0004: [E:/code/PangoWork/Works/i2c/ipcore/eeprom_tx_fifo/rtl/ipml_sdpram_v1_13_eeprom_tx_fifo.v(line number: 47)] Input port wr_byte_en in module ipml_sdpram_v1_13_eeprom_tx_fifo has no load.
W: Verilog-2020: [E:/code/PangoWork/Works/i2c/ipcore/eeprom_tx_fifo/rtl/ipml_sdpram_v1_13_eeprom_tx_fifo.v(line number: 760)] Net DA_bus[8] in ipml_sdpram_v1_13_eeprom_tx_fifo(original module ipml_sdpram_v1_13_eeprom_tx_fifo) does not have a driver, tie it to 0.
W: Verilog-2020: [E:/code/PangoWork/Works/i2c/ipcore/eeprom_tx_fifo/rtl/ipml_sdpram_v1_13_eeprom_tx_fifo.v(line number: 760)] Net DA_bus[17] in ipml_sdpram_v1_13_eeprom_tx_fifo(original module ipml_sdpram_v1_13_eeprom_tx_fifo) does not have a driver, tie it to 0.
W: Verilog-2020: [E:/code/PangoWork/Works/i2c/ipcore/eeprom_tx_fifo/rtl/ipml_sdpram_v1_13_eeprom_tx_fifo.v(line number: 761)] Net DB_bus[8] in ipml_sdpram_v1_13_eeprom_tx_fifo(original module ipml_sdpram_v1_13_eeprom_tx_fifo) does not have a driver, tie it to 0.
W: Verilog-2020: [E:/code/PangoWork/Works/i2c/ipcore/eeprom_tx_fifo/rtl/ipml_sdpram_v1_13_eeprom_tx_fifo.v(line number: 761)] Net DB_bus[17] in ipml_sdpram_v1_13_eeprom_tx_fifo(original module ipml_sdpram_v1_13_eeprom_tx_fifo) does not have a driver, tie it to 0.
I: Verilog-0004: [E:/code/PangoWork/Works/i2c/ipcore/eeprom_tx_fifo/rtl/ipml_fifo_v1_14_eeprom_tx_fifo.v(line number: 127)] Elaborating instance U_ipml_fifo_ctrl.
I: Verilog-0003: [E:/code/PangoWork/Works/i2c/ipcore/eeprom_tx_fifo/rtl/ipml_fifo_ctrl_v1_14_eeprom_tx_fifo.v(line number: 18)] Elaborating module ipml_fifo_ctrl_v1_14_eeprom_tx_fifo.
I: Module instance {i2c_eeprom_top/u_eeprom/tx_fifo_inst/U_ipml_fifo_eeprom_tx_fifo/U_ipml_fifo_ctrl} parameter value:
    c_WR_DEPTH_WIDTH = 32'sh5 | 5 | 32'sb00000000000000000000000000000101
    c_RD_DEPTH_WIDTH = 32'sh5 | 5 | 32'sb00000000000000000000000000000101
    c_FIFO_TYPE = SYN
    c_ALMOST_FULL_NUM = 32'sh1F | 31 | 32'sb00000000000000000000000000011111
    c_ALMOST_EMPTY_NUM = 32'sh4 | 4 | 32'sb00000000000000000000000000000100
    c_PREFETCH_EN = 32'sh0 | 0 | 32'sb00000000000000000000000000000000
    c_DATA_VALID_EN = 32'sh0 | 0 | 32'sb00000000000000000000000000000000
    c_OUTPUT_REG = 32'sh0 | 0 | 32'sb00000000000000000000000000000000
    c_FAB_REG = 32'sh0 | 0 | 32'sb00000000000000000000000000000000
    c_RD_CLK_OR_POL_INV = 32'sh0 | 0 | 32'sb00000000000000000000000000000000
W: Verilog-2039: [E:/code/PangoWork/Works/i2c/ipcore/eeprom_tx_fifo/rtl/ipml_fifo_ctrl_v1_14_eeprom_tx_fifo.v(line number: 769)] Value of replication constant '(c_RD_DEPTH_WIDTH - c_WR_DEPTH_WIDTH)' in multiple concatenation is 0.
I: Verilog-0004: [E:/code/PangoWork/Works/i2c/Designs/Hardware/eeprom/eeprom.v(line number: 203)] Elaborating instance i2c_driver_inst.
I: Verilog-0003: [E:/code/PangoWork/Works/i2c/Designs/Driver/i2c/i2c_driver.v(line number: 10)] Elaborating module i2c_driver.
I: Module instance {i2c_eeprom_top/u_eeprom/i2c_driver_inst} parameter value:
    DEVICE_ADDR = 32'sh50 | 80 | 32'sb00000000000000000000000001010000
    I2C_CLK_FREQ = 32'sh2FAF080 | 50000000 | 32'sb00000010111110101111000010000000
    I2C_SCL_FREQ = 32'sh3D090 | 250000 | 32'sb00000000000000111101000010010000
Executing : rtl-elaborate successfully. Time elapsed: 0.058s wall, 0.016s user + 0.047s system = 0.062s CPU (107.0%). Peak memory used: 189 MB.

Start rtl-prep.
W: Sdm-2020: [E:/code/PangoWork/Works/i2c/ipcore/eeprom_tx_fifo/rtl/ipml_sdpram_v1_13_eeprom_tx_fifo.v(line number: 627)] Unused register rd_addr_bsel_rd_ce was removed.
W: Sdm-2020: [E:/code/PangoWork/Works/i2c/ipcore/eeprom_tx_fifo/rtl/ipml_sdpram_v1_13_eeprom_tx_fifo.v(line number: 1047)] Unused register addr_bus_rd_ce was removed.
W: Sdm-2020: [E:/code/PangoWork/Works/i2c/ipcore/eeprom_tx_fifo/rtl/ipml_sdpram_v1_13_eeprom_tx_fifo.v(line number: 1054)] Unused register addr_bus_rd_oce was removed.
W: Sdm-2020: [E:/code/PangoWork/Works/i2c/ipcore/eeprom_tx_fifo/rtl/ipml_sdpram_v1_13_eeprom_tx_fifo.v(line number: 1061)] Unused register addr_bus_rd_invt was removed.
W: Sdm-2020: [E:/code/PangoWork/Works/i2c/ipcore/eeprom_rx_fifo/rtl/ipml_sdpram_v1_13_eeprom_rx_fifo.v(line number: 627)] Unused register rd_addr_bsel_rd_ce was removed.
W: Sdm-2020: [E:/code/PangoWork/Works/i2c/ipcore/eeprom_rx_fifo/rtl/ipml_sdpram_v1_13_eeprom_rx_fifo.v(line number: 1047)] Unused register addr_bus_rd_ce was removed.
W: Sdm-2020: [E:/code/PangoWork/Works/i2c/ipcore/eeprom_rx_fifo/rtl/ipml_sdpram_v1_13_eeprom_rx_fifo.v(line number: 1054)] Unused register addr_bus_rd_oce was removed.
W: Sdm-2020: [E:/code/PangoWork/Works/i2c/ipcore/eeprom_rx_fifo/rtl/ipml_sdpram_v1_13_eeprom_rx_fifo.v(line number: 1061)] Unused register addr_bus_rd_invt was removed.
Executing : rtl-prep successfully. Time elapsed: 0.019s wall, 0.016s user + 0.000s system = 0.016s CPU (83.2%). Peak memory used: 189 MB.

Start rtl-infer.
Start DFF-inference.
Executing : DFF-inference successfully.
W: Sdm-2000: [E:/code/PangoWork/Works/i2c/ipcore/eeprom_tx_fifo/rtl/ipml_sdpram_v1_13_eeprom_tx_fifo.v(line number: 556)] Removed register node u_eeprom/tx_fifo_inst/U_ipml_fifo_eeprom_tx_fifo/U_ipml_sdpram/wr_cs_bit2_bus_ff[0] that is stuck at constant 0.
W: Sdm-2000: [E:/code/PangoWork/Works/i2c/ipcore/eeprom_tx_fifo/rtl/ipml_sdpram_v1_13_eeprom_tx_fifo.v(line number: 556)] Removed register node u_eeprom/tx_fifo_inst/U_ipml_fifo_eeprom_tx_fifo/U_ipml_sdpram/wr_cs_bit0_ff that is stuck at constant 0.
W: Sdm-2000: [E:/code/PangoWork/Works/i2c/ipcore/eeprom_tx_fifo/rtl/ipml_sdpram_v1_13_eeprom_tx_fifo.v(line number: 556)] Removed register node u_eeprom/tx_fifo_inst/U_ipml_fifo_eeprom_tx_fifo/U_ipml_sdpram/wr_cs_bit1_bus_ff[0] that is stuck at constant 0.
W: Sdm-2000: [E:/code/PangoWork/Works/i2c/ipcore/eeprom_tx_fifo/rtl/ipml_sdpram_v1_13_eeprom_tx_fifo.v(line number: 745)] Removed register node u_eeprom/tx_fifo_inst/U_ipml_fifo_eeprom_tx_fifo/U_ipml_sdpram/rd_cs_bit0_ff that is stuck at constant 0.
W: Sdm-2000: [E:/code/PangoWork/Works/i2c/ipcore/eeprom_tx_fifo/rtl/ipml_sdpram_v1_13_eeprom_tx_fifo.v(line number: 745)] Removed register node u_eeprom/tx_fifo_inst/U_ipml_fifo_eeprom_tx_fifo/U_ipml_sdpram/rd_cs_bit1_bus_ff[0] that is stuck at constant 0.
W: Sdm-2000: [E:/code/PangoWork/Works/i2c/ipcore/eeprom_tx_fifo/rtl/ipml_sdpram_v1_13_eeprom_tx_fifo.v(line number: 745)] Removed register node u_eeprom/tx_fifo_inst/U_ipml_fifo_eeprom_tx_fifo/U_ipml_sdpram/rd_cs_bit2_bus_ff[0] that is stuck at constant 0.
W: Sdm-2000: [E:/code/PangoWork/Works/i2c/ipcore/eeprom_rx_fifo/rtl/ipml_sdpram_v1_13_eeprom_rx_fifo.v(line number: 556)] Removed register node u_eeprom/rx_fifo_inst/U_ipml_fifo_eeprom_rx_fifo/U_ipml_sdpram/wr_cs_bit2_bus_ff[0] that is stuck at constant 0.
W: Sdm-2000: [E:/code/PangoWork/Works/i2c/ipcore/eeprom_rx_fifo/rtl/ipml_sdpram_v1_13_eeprom_rx_fifo.v(line number: 556)] Removed register node u_eeprom/rx_fifo_inst/U_ipml_fifo_eeprom_rx_fifo/U_ipml_sdpram/wr_cs_bit0_ff that is stuck at constant 0.
W: Sdm-2000: [E:/code/PangoWork/Works/i2c/ipcore/eeprom_rx_fifo/rtl/ipml_sdpram_v1_13_eeprom_rx_fifo.v(line number: 556)] Removed register node u_eeprom/rx_fifo_inst/U_ipml_fifo_eeprom_rx_fifo/U_ipml_sdpram/wr_cs_bit1_bus_ff[0] that is stuck at constant 0.
W: Sdm-2000: [E:/code/PangoWork/Works/i2c/ipcore/eeprom_rx_fifo/rtl/ipml_sdpram_v1_13_eeprom_rx_fifo.v(line number: 745)] Removed register node u_eeprom/rx_fifo_inst/U_ipml_fifo_eeprom_rx_fifo/U_ipml_sdpram/rd_cs_bit0_ff that is stuck at constant 0.
W: Sdm-2000: [E:/code/PangoWork/Works/i2c/ipcore/eeprom_rx_fifo/rtl/ipml_sdpram_v1_13_eeprom_rx_fifo.v(line number: 745)] Removed register node u_eeprom/rx_fifo_inst/U_ipml_fifo_eeprom_rx_fifo/U_ipml_sdpram/rd_cs_bit1_bus_ff[0] that is stuck at constant 0.
W: Sdm-2000: [E:/code/PangoWork/Works/i2c/ipcore/eeprom_rx_fifo/rtl/ipml_sdpram_v1_13_eeprom_rx_fifo.v(line number: 745)] Removed register node u_eeprom/rx_fifo_inst/U_ipml_fifo_eeprom_rx_fifo/U_ipml_sdpram/rd_cs_bit2_bus_ff[0] that is stuck at constant 0.
Executing : rtl-infer successfully. Time elapsed: 0.312s wall, 0.203s user + 0.109s system = 0.312s CPU (100.1%). Peak memory used: 191 MB.

Start rtl-control-opt.
Executing : rtl-control-opt successfully. Time elapsed: 0.054s wall, 0.047s user + 0.016s system = 0.062s CPU (116.2%). Peak memory used: 191 MB.

Start rtl-data-opt.
Executing : rtl-data-opt successfully. Time elapsed: 0.015s wall, 0.016s user + 0.000s system = 0.016s CPU (105.9%). Peak memory used: 191 MB.

Start FSM inference.
I: FSM ctrl_state_fsm[2:0] inferred.
I: FSM state_fsm[4:0] inferred.
Executing : FSM inference successfully. Time elapsed: 0.023s wall, 0.016s user + 0.000s system = 0.016s CPU (67.7%). Peak memory used: 191 MB.

Start sdm2adm.
I: Constant propagation done on N35 (bmsWIDEMUX).
I: Constant propagation done on N111 (bmsREDAND).
I: Constant propagation done on N70 (bmsWIDEMUX).
I: Constant propagation done on N112 (bmsREDAND).
I: Constant propagation done on wr_cs_bit0_m_inv (bmsINV).
I: Constant propagation done on rd_cs_bit0_m_inv (bmsINV).
I: Constant propagation done on N102 (bmsREDAND).
I: Constant propagation done on N103 (bmsREDAND).
I: Constant propagation done on N811 (bmsWIDEMUX).
I: Constant propagation done on N822 (bmsWIDEMUX).
Executing : sdm2adm successfully. Time elapsed: 0.036s wall, 0.047s user + 0.000s system = 0.047s CPU (130.5%). Peak memory used: 202 MB.

Saving design to DB.
Action Compile: Export DB successfully.
Action compile: Real time elapsed is 0h:0m:5s
Action compile: CPU time elapsed is 0h:0m:1s
Action compile: Process CPU time elapsed is 0h:0m:1s
Action compile: Peak memory pool usage is 202 MB

Current time: Wed Sep 23 19:22:20 2026
