#Build: Fabric Compiler 2025.2, Build 211867, Jan 16 16:10 2026
#Install: E:\work\pango\PDS_2025.2-ads\bin
#Application name: pds_shell.exe
#OS: Windows 11 10.0.26200
#CPU: Unknown
#RAM(GB): 32
#Hostname: dionirpyC
#Generated by Fabric Compiler (version 2025.2 build 211867) at Tue Sep 22 17:53:21 2026
Parameters for debugging are loaded as follows:
License checkout: fabric_ads from E:/work/pango/PDS_2025.2-ads/new_pds_F4A80DA47D72.lic
Compiling verification operator library.
Compiling vendor parameter file.
Loading technology operator library.
Compiling technology operator library.
Compiling technology operator (valence) library.
I: Enable Verilog2k features and keywords
Start rtl-analyze.
I: Include path: E:/code/PangoWork/Works/i2c
I: Verilog-0001: Analyzing file E:/code/PangoWork/Works/i2c/Designs/i2c_eeprom_top.v.
I: Verilog-0002: [E:/code/PangoWork/Works/i2c/Designs/i2c_eeprom_top.v(line number: 1)] Analyzing module i2c_eeprom_top (library work).
W: Verilog-2057: [E:/code/PangoWork/Works/i2c/Designs/i2c_eeprom_top.v(line number: 30)] sys_clk is declared implicitly.
W: Verilog-2057: [E:/code/PangoWork/Works/i2c/Designs/i2c_eeprom_top.v(line number: 84)] i2c_sda is declared implicitly.
W: Verilog-2057: [E:/code/PangoWork/Works/i2c/Designs/i2c_eeprom_top.v(line number: 85)] i2c_scl is declared implicitly.
Parsing done.
I: Verilog-0001: Analyzing file E:/code/PangoWork/Works/i2c/Designs/led/led.v.
I: Verilog-0002: [E:/code/PangoWork/Works/i2c/Designs/led/led.v(line number: 1)] Analyzing module led (library work).
Parsing done.
I: Verilog-0001: Analyzing file E:/code/PangoWork/Works/i2c/Designs/key/key.v.
I: Verilog-0002: [E:/code/PangoWork/Works/i2c/Designs/key/key.v(line number: 1)] Analyzing module key (library work).
Parsing done.
I: Verilog-0001: Analyzing file E:/code/PangoWork/Works/i2c/Designs/i2c/i2c.v.
I: Verilog-0002: [E:/code/PangoWork/Works/i2c/Designs/i2c/i2c.v(line number: 1)] Analyzing module i2c (library work).
W: Verilog-2006: [E:/code/PangoWork/Works/i2c/Designs/i2c/i2c.v(line number: 25)] Force parameter in body to localparam when has module parameters.
W: Verilog-2006: [E:/code/PangoWork/Works/i2c/Designs/i2c/i2c.v(line number: 27)] Force parameter in body to localparam when has module parameters.
W: Verilog-2006: [E:/code/PangoWork/Works/i2c/Designs/i2c/i2c.v(line number: 28)] Force parameter in body to localparam when has module parameters.
W: Verilog-2006: [E:/code/PangoWork/Works/i2c/Designs/i2c/i2c.v(line number: 29)] Force parameter in body to localparam when has module parameters.
W: Verilog-2006: [E:/code/PangoWork/Works/i2c/Designs/i2c/i2c.v(line number: 30)] Force parameter in body to localparam when has module parameters.
W: Verilog-2006: [E:/code/PangoWork/Works/i2c/Designs/i2c/i2c.v(line number: 31)] Force parameter in body to localparam when has module parameters.
W: Verilog-2006: [E:/code/PangoWork/Works/i2c/Designs/i2c/i2c.v(line number: 32)] Force parameter in body to localparam when has module parameters.
W: Verilog-2006: [E:/code/PangoWork/Works/i2c/Designs/i2c/i2c.v(line number: 33)] Force parameter in body to localparam when has module parameters.
W: Verilog-2006: [E:/code/PangoWork/Works/i2c/Designs/i2c/i2c.v(line number: 35)] Force parameter in body to localparam when has module parameters.
W: Verilog-2006: [E:/code/PangoWork/Works/i2c/Designs/i2c/i2c.v(line number: 36)] Force parameter in body to localparam when has module parameters.
W: Verilog-2006: [E:/code/PangoWork/Works/i2c/Designs/i2c/i2c.v(line number: 38)] Force parameter in body to localparam when has module parameters.
W: Verilog-2006: [E:/code/PangoWork/Works/i2c/Designs/i2c/i2c.v(line number: 39)] Force parameter in body to localparam when has module parameters.
W: Verilog-2006: [E:/code/PangoWork/Works/i2c/Designs/i2c/i2c.v(line number: 40)] Force parameter in body to localparam when has module parameters.
W: Verilog-2006: [E:/code/PangoWork/Works/i2c/Designs/i2c/i2c.v(line number: 41)] Force parameter in body to localparam when has module parameters.
W: Verilog-2006: [E:/code/PangoWork/Works/i2c/Designs/i2c/i2c.v(line number: 42)] Force parameter in body to localparam when has module parameters.
W: Verilog-2006: [E:/code/PangoWork/Works/i2c/Designs/i2c/i2c.v(line number: 44)] Force parameter in body to localparam when has module parameters.
Parsing done.
I: Verilog-0001: Analyzing file E:/code/PangoWork/Works/i2c/ipcore/pll_50mhz/pll_50mhz.v.
I: Verilog-0002: [E:/code/PangoWork/Works/i2c/ipcore/pll_50mhz/pll_50mhz.v(line number: 18)] Analyzing module pll_50mhz (library pll_50mhz).
Parsing done.
E: Verilog-4039: [E:/code/PangoWork/Works/i2c/Designs/key/key.v(line number: 37)] Identifier 'io_rst_n' is not declared.
I: Module "i2c_eeprom_top" is set as top module
Program Error Out.
Action compile: Real time elapsed is 0h:0m:5s
Action compile: CPU time elapsed is 0h:0m:1s
Action compile: Process CPU time elapsed is 0h:0m:1s
Action compile: Peak memory pool usage is 175 MB

Current time: Tue Sep 22 17:53:24 2026
