#Build: Fabric Compiler 2025.2, Build 211867, Jan 16 16:10 2026
#Install: E:\work\pango\PDS_2025.2-ads\bin
#Application name: pds_shell.exe
#OS: Windows 11 10.0.26200
#CPU: Unknown
#RAM(GB): 32
#Hostname: dionirpyC
#Generated by Fabric Compiler (version 2025.2 build 211867) at Sun Sep 27 18:08:55 2026
Parameters for debugging are loaded as follows:
License checkout: fabric_ads from E:/work/pango/PDS_2025.2-ads/new_pds_F4A80DA47D72.lic
Compiling verification operator library.
Compiling vendor parameter file.
Loading technology operator library.
Compiling technology operator library.
Compiling technology operator (valence) library.
I: Enable Verilog2k features and keywords
Start rtl-analyze.
I: Include path: E:/code/PangoWork/Works/hdmi
I: Verilog-0001: Analyzing file E:/code/PangoWork/Works/hdmi/Designs/hdmi_loop_top.v.
I: Verilog-0002: [E:/code/PangoWork/Works/hdmi/Designs/hdmi_loop_top.v(line number: 1)] Analyzing module hdmi_loop_top (library work).
Parsing done.
I: Verilog-0001: Analyzing file E:/code/PangoWork/Works/hdmi/Designs/hardware/ms7200/ms7200_driver.v.
I: Verilog-0002: [E:/code/PangoWork/Works/hdmi/Designs/hardware/ms7200/ms7200_driver.v(line number: 1)] Analyzing module ms7200_driver (library work).
Parsing done.
I: Verilog-0001: Analyzing file E:/code/PangoWork/Works/hdmi/Designs/hardware/ms7200/ms7200_top.v.
I: Verilog-0002: [E:/code/PangoWork/Works/hdmi/Designs/hardware/ms7200/ms7200_top.v(line number: 1)] Analyzing module ms7200_top (library work).
Parsing done.
I: Verilog-0001: Analyzing file E:/code/PangoWork/Works/hdmi/Designs/hardware/ms7210/ms7210_driver.v.
I: Verilog-0002: [E:/code/PangoWork/Works/hdmi/Designs/hardware/ms7210/ms7210_driver.v(line number: 1)] Analyzing module ms7210_driver (library work).
Parsing done.
I: Verilog-0001: Analyzing file E:/code/PangoWork/Works/hdmi/Designs/hardware/ms7210/ms7210_top.v.
I: Verilog-0002: [E:/code/PangoWork/Works/hdmi/Designs/hardware/ms7210/ms7210_top.v(line number: 1)] Analyzing module ms7210_top (library work).
Parsing done.
I: Verilog-0001: Analyzing file E:/code/PangoWork/Works/hdmi/Designs/hardware/led/led.v.
I: Verilog-0002: [E:/code/PangoWork/Works/hdmi/Designs/hardware/led/led.v(line number: 4)] Analyzing module led (library work).
Parsing done.
I: Verilog-0001: Analyzing file E:/code/PangoWork/Works/hdmi/Designs/drivers/iic/iic_master.v.
I: Verilog-0002: [E:/code/PangoWork/Works/hdmi/Designs/drivers/iic/iic_master.v(line number: 10)] Analyzing module iic_master (library work).
Parsing done.
I: Verilog-0001: Analyzing file E:/code/PangoWork/Works/hdmi/ipcore/pll_50mhz/pll_50mhz.v.
I: Verilog-0002: [E:/code/PangoWork/Works/hdmi/ipcore/pll_50mhz/pll_50mhz.v(line number: 18)] Analyzing module pll_50mhz (library pll_50mhz).
Parsing done.
I: Module "hdmi_loop_top" is set as top module
Executing : rtl-analyze successfully. Time elapsed: 2.208s wall, 0.047s user + 0.000s system = 0.047s CPU (2.1%). Peak memory used: 176 MB.

Start rtl-elaborate.
I: Verilog-0003: [E:/code/PangoWork/Works/hdmi/Designs/hdmi_loop_top.v(line number: 1)] Elaborating module hdmi_loop_top.
I: Module instance {hdmi_loop_top} parameter value:
    SYS_CLK_FREQ_HZ = 32'sh2FAF080 | 50000000 | 32'sb00000010111110101111000010000000
    IIC_CLK_FREQ_HZ = 32'sh186A00 | 1600000 | 32'sb00000000000110000110101000000000
    IIC_SCL_FREQ_HZ = 32'sh61A80 | 400000 | 32'sb00000000000001100001101010000000
I: Verilog-0004: [E:/code/PangoWork/Works/hdmi/Designs/hdmi_loop_top.v(line number: 76)] Elaborating instance u_pll_50mhz.
I: Verilog-0003: [E:/code/PangoWork/Works/hdmi/ipcore/pll_50mhz/pll_50mhz.v(line number: 18)] Elaborating module pll_50mhz.
I: Verilog-0004: [E:/code/PangoWork/Works/hdmi/ipcore/pll_50mhz/pll_50mhz.v(line number: 230)] Elaborating instance u_pll_e3.
W: Verilog-2021: [E:/code/PangoWork/Works/hdmi/ipcore/pll_50mhz/pll_50mhz.v(line number: 117)] Net clkfb in pll_50mhz(original module pll_50mhz) does not have a driver, tie it to 0.
W: Verilog-2021: [E:/code/PangoWork/Works/hdmi/ipcore/pll_50mhz/pll_50mhz.v(line number: 120)] Net pfden in pll_50mhz(original module pll_50mhz) does not have a driver, tie it to 0.
W: Verilog-2021: [E:/code/PangoWork/Works/hdmi/ipcore/pll_50mhz/pll_50mhz.v(line number: 121)] Net clkout0_gate in pll_50mhz(original module pll_50mhz) does not have a driver, tie it to 0.
W: Verilog-2021: [E:/code/PangoWork/Works/hdmi/ipcore/pll_50mhz/pll_50mhz.v(line number: 122)] Net clkout0_2pad_gate in pll_50mhz(original module pll_50mhz) does not have a driver, tie it to 0.
W: Verilog-2021: [E:/code/PangoWork/Works/hdmi/ipcore/pll_50mhz/pll_50mhz.v(line number: 123)] Net clkout1_gate in pll_50mhz(original module pll_50mhz) does not have a driver, tie it to 0.
W: Verilog-2021: [E:/code/PangoWork/Works/hdmi/ipcore/pll_50mhz/pll_50mhz.v(line number: 124)] Net clkout2_gate in pll_50mhz(original module pll_50mhz) does not have a driver, tie it to 0.
W: Verilog-2021: [E:/code/PangoWork/Works/hdmi/ipcore/pll_50mhz/pll_50mhz.v(line number: 125)] Net clkout3_gate in pll_50mhz(original module pll_50mhz) does not have a driver, tie it to 0.
W: Verilog-2021: [E:/code/PangoWork/Works/hdmi/ipcore/pll_50mhz/pll_50mhz.v(line number: 126)] Net clkout4_gate in pll_50mhz(original module pll_50mhz) does not have a driver, tie it to 0.
W: Verilog-2021: [E:/code/PangoWork/Works/hdmi/ipcore/pll_50mhz/pll_50mhz.v(line number: 127)] Net clkout5_gate in pll_50mhz(original module pll_50mhz) does not have a driver, tie it to 0.
W: Verilog-2021: [E:/code/PangoWork/Works/hdmi/ipcore/pll_50mhz/pll_50mhz.v(line number: 128)] Net dyn_idiv in pll_50mhz(original module pll_50mhz) does not have a driver, tie it to 0.
W: Verilog-2021: [E:/code/PangoWork/Works/hdmi/ipcore/pll_50mhz/pll_50mhz.v(line number: 129)] Net dyn_odiv0 in pll_50mhz(original module pll_50mhz) does not have a driver, tie it to 0.
W: Verilog-2021: [E:/code/PangoWork/Works/hdmi/ipcore/pll_50mhz/pll_50mhz.v(line number: 130)] Net dyn_odiv1 in pll_50mhz(original module pll_50mhz) does not have a driver, tie it to 0.
W: Verilog-2021: [E:/code/PangoWork/Works/hdmi/ipcore/pll_50mhz/pll_50mhz.v(line number: 131)] Net dyn_odiv2 in pll_50mhz(original module pll_50mhz) does not have a driver, tie it to 0.
W: Verilog-2021: [E:/code/PangoWork/Works/hdmi/ipcore/pll_50mhz/pll_50mhz.v(line number: 132)] Net dyn_odiv3 in pll_50mhz(original module pll_50mhz) does not have a driver, tie it to 0.
W: Verilog-2021: [E:/code/PangoWork/Works/hdmi/ipcore/pll_50mhz/pll_50mhz.v(line number: 133)] Net dyn_odiv4 in pll_50mhz(original module pll_50mhz) does not have a driver, tie it to 0.
W: Verilog-2021: [E:/code/PangoWork/Works/hdmi/ipcore/pll_50mhz/pll_50mhz.v(line number: 134)] Net dyn_fdiv in pll_50mhz(original module pll_50mhz) does not have a driver, tie it to 0.
W: Verilog-2021: [E:/code/PangoWork/Works/hdmi/ipcore/pll_50mhz/pll_50mhz.v(line number: 135)] Net dyn_duty0 in pll_50mhz(original module pll_50mhz) does not have a driver, tie it to 0.
W: Verilog-2021: [E:/code/PangoWork/Works/hdmi/ipcore/pll_50mhz/pll_50mhz.v(line number: 136)] Net dyn_duty1 in pll_50mhz(original module pll_50mhz) does not have a driver, tie it to 0.
W: Verilog-2021: [E:/code/PangoWork/Works/hdmi/ipcore/pll_50mhz/pll_50mhz.v(line number: 137)] Net dyn_duty2 in pll_50mhz(original module pll_50mhz) does not have a driver, tie it to 0.
W: Verilog-2021: [E:/code/PangoWork/Works/hdmi/ipcore/pll_50mhz/pll_50mhz.v(line number: 138)] Net dyn_duty3 in pll_50mhz(original module pll_50mhz) does not have a driver, tie it to 0.
W: Verilog-2021: [E:/code/PangoWork/Works/hdmi/ipcore/pll_50mhz/pll_50mhz.v(line number: 139)] Net dyn_duty4 in pll_50mhz(original module pll_50mhz) does not have a driver, tie it to 0.
I: Verilog-0004: [E:/code/PangoWork/Works/hdmi/Designs/hdmi_loop_top.v(line number: 241)] Elaborating instance u_led.
I: Verilog-0003: [E:/code/PangoWork/Works/hdmi/Designs/hardware/led/led.v(line number: 4)] Elaborating module led.
I: Module instance {hdmi_loop_top/u_led} parameter value:
    LED_NUMBER = 32'sh8 | 8 | 32'sb00000000000000000000000000001000
I: Verilog-0004: [E:/code/PangoWork/Works/hdmi/Designs/hdmi_loop_top.v(line number: 157)] Elaborating instance u_ms7200_top.
I: Verilog-0003: [E:/code/PangoWork/Works/hdmi/Designs/hardware/ms7200/ms7200_top.v(line number: 1)] Elaborating module ms7200_top.
I: Module instance {hdmi_loop_top/u_ms7200_top} parameter value:
    SYS_CLK_FREQ_HZ = 32'sh2FAF080 | 50000000 | 32'sb00000010111110101111000010000000
    IIC_CLK_FREQ_HZ = 32'sh186A00 | 1600000 | 32'sb00000000000110000110101000000000
    IIC_SCL_FREQ_HZ = 32'sh61A80 | 400000 | 32'sb00000000000001100001101010000000
    RESET_HOLD_MS = 32'sh1 | 1 | 32'sb00000000000000000000000000000001
    RESET_RELEASE_MS = 32'sh1 | 1 | 32'sb00000000000000000000000000000001
I: Verilog-0004: [E:/code/PangoWork/Works/hdmi/Designs/hardware/ms7200/ms7200_top.v(line number: 163)] Elaborating instance ms7200_driver_instance.
I: Verilog-0003: [E:/code/PangoWork/Works/hdmi/Designs/hardware/ms7200/ms7200_driver.v(line number: 1)] Elaborating module ms7200_driver.
I: Verilog-0004: [E:/code/PangoWork/Works/hdmi/Designs/hardware/ms7200/ms7200_top.v(line number: 182)] Elaborating instance ms7200_iic_instance.
I: Verilog-0003: [E:/code/PangoWork/Works/hdmi/Designs/drivers/iic/iic_master.v(line number: 10)] Elaborating module iic_master.
I: Module instance {hdmi_loop_top/u_ms7200_top/ms7200_iic_instance} parameter value:
    DEVICE_ADDR = 32'sh2B | 43 | 32'sb00000000000000000000000000101011
    IIC_CLK_FREQ = 32'sh186A00 | 1600000 | 32'sb00000000000110000110101000000000
    IIC_SCL_FREQ = 32'sh61A80 | 400000 | 32'sb00000000000001100001101010000000
I: Verilog-0004: [E:/code/PangoWork/Works/hdmi/Designs/hdmi_loop_top.v(line number: 173)] Elaborating instance u_ms7210_top.
I: Verilog-0003: [E:/code/PangoWork/Works/hdmi/Designs/hardware/ms7210/ms7210_top.v(line number: 1)] Elaborating module ms7210_top.
I: Module instance {hdmi_loop_top/u_ms7210_top} parameter value:
    SYS_CLK_FREQ_HZ = 32'sh2FAF080 | 50000000 | 32'sb00000010111110101111000010000000
    IIC_CLK_FREQ_HZ = 32'sh186A00 | 1600000 | 32'sb00000000000110000110101000000000
    IIC_SCL_FREQ_HZ = 32'sh61A80 | 400000 | 32'sb00000000000001100001101010000000
    RESET_HOLD_MS = 32'sh1 | 1 | 32'sb00000000000000000000000000000001
    RESET_RELEASE_MS = 32'sh1 | 1 | 32'sb00000000000000000000000000000001
    STARTUP_WAIT_MS = 32'sh140 | 320 | 32'sb00000000000000000000000101000000
I: Verilog-0004: [E:/code/PangoWork/Works/hdmi/Designs/hardware/ms7210/ms7210_top.v(line number: 165)] Elaborating instance ms7210_driver_instance.
I: Verilog-0003: [E:/code/PangoWork/Works/hdmi/Designs/hardware/ms7210/ms7210_driver.v(line number: 1)] Elaborating module ms7210_driver.
I: Module instance {hdmi_loop_top/u_ms7210_top/ms7210_driver_instance} parameter value:
    SYS_CLK_FREQ_HZ = 32'sh2FAF080 | 50000000 | 32'sb00000010111110101111000010000000
    STARTUP_WAIT_MS = 32'sh140 | 320 | 32'sb00000000000000000000000101000000
I: Verilog-0004: [E:/code/PangoWork/Works/hdmi/Designs/hardware/ms7210/ms7210_top.v(line number: 184)] Elaborating instance ms7210_iic_instance.
I: Verilog-0003: [E:/code/PangoWork/Works/hdmi/Designs/drivers/iic/iic_master.v(line number: 10)] Elaborating module iic_master.
I: Module instance {hdmi_loop_top/u_ms7210_top/ms7210_iic_instance} parameter value:
    DEVICE_ADDR = 32'sh59 | 89 | 32'sb00000000000000000000000001011001
    IIC_CLK_FREQ = 32'sh186A00 | 1600000 | 32'sb00000000000110000110101000000000
    IIC_SCL_FREQ = 32'sh61A80 | 400000 | 32'sb00000000000001100001101010000000
Executing : rtl-elaborate successfully. Time elapsed: 0.062s wall, 0.047s user + 0.016s system = 0.062s CPU (100.1%). Peak memory used: 188 MB.

Start rtl-prep.
Executing : rtl-prep successfully. Time elapsed: 0.057s wall, 0.047s user + 0.000s system = 0.047s CPU (82.8%). Peak memory used: 188 MB.

Start rtl-infer.
Start DFF-inference.
W: Sdm-2020: [E:/code/PangoWork/Works/hdmi/Designs/hardware/ms7200/ms7200_driver.v(line number: 438)] Unused register frequency_sample_1 was removed.
Executing : DFF-inference successfully.
Executing : rtl-infer successfully. Time elapsed: 0.445s wall, 0.328s user + 0.125s system = 0.453s CPU (101.9%). Peak memory used: 190 MB.

Start rtl-control-opt.
Executing : rtl-control-opt successfully. Time elapsed: 0.039s wall, 0.016s user + 0.016s system = 0.031s CPU (79.2%). Peak memory used: 190 MB.

Start rtl-data-opt.
Executing : rtl-data-opt successfully. Time elapsed: 0.023s wall, 0.031s user + 0.000s system = 0.031s CPU (136.1%). Peak memory used: 190 MB.

Start FSM inference.
I: FSM state_current_fsm[1:0] inferred.
I: FSM state_current_fsm[1:0] inferred.
I: FSM state_current_fsm[1:0] inferred.
I: FSM state_current_fsm[2:0] inferred.
I: FSM state_fsm[4:0] inferred.
I: FSM state_current_fsm[2:0] inferred.
I: FSM state_fsm[4:0] inferred.
Executing : FSM inference successfully. Time elapsed: 0.067s wall, 0.062s user + 0.000s system = 0.062s CPU (93.7%). Peak memory used: 190 MB.

Start sdm2adm.
I: Constant propagation done on N3458 (bmsWIDEMUX).
I: Constant propagation done on N2665 (bmsWIDEMUX).
I: Constant propagation done on N3469 (bmsREDAND).
I: Constant propagation done on N1266_1 (bmsWIDEMUX).
I: Constant propagation done on N3457 (bmsWIDEMUX).
I: Constant propagation done on N2518 (bmsWIDEMUX).
I: Constant propagation done on N749 (bmsWIDEMUX).
I: Constant propagation done on N757 (bmsWIDEMUX).
I: Constant propagation done on N523[3]_inv (bmsINV).
I: Constant propagation done on N523[4]_inv (bmsINV).
Executing : sdm2adm successfully. Time elapsed: 0.055s wall, 0.047s user + 0.000s system = 0.047s CPU (85.8%). Peak memory used: 201 MB.

Saving design to DB.
Action Compile: Export DB successfully.
Action compile: Real time elapsed is 0h:0m:5s
Action compile: CPU time elapsed is 0h:0m:2s
Action compile: Process CPU time elapsed is 0h:0m:2s
Action compile: Peak memory pool usage is 201 MB

Current time: Sun Sep 27 18:08:58 2026
