#Build: Fabric Compiler 2025.2, Build 211867, Jan 16 16:10 2026
#Install: E:\work\pango\PDS_2025.2-ads\bin
#Application name: pds_shell.exe
#OS: Windows 11 10.0.26200
#CPU: Unknown
#RAM(GB): 32
#Hostname: dionirpyC
#Generated by Fabric Compiler (version 2025.2 build 211867) at Tue Sep 22 17:53:41 2026
Parameters for debugging are loaded as follows:
License checkout: fabric_ads from E:/work/pango/PDS_2025.2-ads/new_pds_F4A80DA47D72.lic
Compiling verification operator library.
Compiling vendor parameter file.
Loading technology operator library.
Compiling technology operator library.
Compiling technology operator (valence) library.
I: Enable Verilog2k features and keywords
Start rtl-analyze.
I: Include path: E:/code/PangoWork/Works/i2c
I: Verilog-0001: Analyzing file E:/code/PangoWork/Works/i2c/Designs/i2c_eeprom_top.v.
I: Verilog-0002: [E:/code/PangoWork/Works/i2c/Designs/i2c_eeprom_top.v(line number: 1)] Analyzing module i2c_eeprom_top (library work).
W: Verilog-2057: [E:/code/PangoWork/Works/i2c/Designs/i2c_eeprom_top.v(line number: 30)] sys_clk is declared implicitly.
W: Verilog-2057: [E:/code/PangoWork/Works/i2c/Designs/i2c_eeprom_top.v(line number: 84)] i2c_sda is declared implicitly.
W: Verilog-2057: [E:/code/PangoWork/Works/i2c/Designs/i2c_eeprom_top.v(line number: 85)] i2c_scl is declared implicitly.
Parsing done.
I: Verilog-0001: Analyzing file E:/code/PangoWork/Works/i2c/Designs/led/led.v.
I: Verilog-0002: [E:/code/PangoWork/Works/i2c/Designs/led/led.v(line number: 1)] Analyzing module led (library work).
Parsing done.
I: Verilog-0001: Analyzing file E:/code/PangoWork/Works/i2c/Designs/key/key.v.
I: Verilog-0002: [E:/code/PangoWork/Works/i2c/Designs/key/key.v(line number: 1)] Analyzing module key (library work).
Parsing done.
I: Verilog-0001: Analyzing file E:/code/PangoWork/Works/i2c/Designs/i2c/i2c.v.
I: Verilog-0002: [E:/code/PangoWork/Works/i2c/Designs/i2c/i2c.v(line number: 1)] Analyzing module i2c (library work).
W: Verilog-2006: [E:/code/PangoWork/Works/i2c/Designs/i2c/i2c.v(line number: 25)] Force parameter in body to localparam when has module parameters.
W: Verilog-2006: [E:/code/PangoWork/Works/i2c/Designs/i2c/i2c.v(line number: 27)] Force parameter in body to localparam when has module parameters.
W: Verilog-2006: [E:/code/PangoWork/Works/i2c/Designs/i2c/i2c.v(line number: 28)] Force parameter in body to localparam when has module parameters.
W: Verilog-2006: [E:/code/PangoWork/Works/i2c/Designs/i2c/i2c.v(line number: 29)] Force parameter in body to localparam when has module parameters.
W: Verilog-2006: [E:/code/PangoWork/Works/i2c/Designs/i2c/i2c.v(line number: 30)] Force parameter in body to localparam when has module parameters.
W: Verilog-2006: [E:/code/PangoWork/Works/i2c/Designs/i2c/i2c.v(line number: 31)] Force parameter in body to localparam when has module parameters.
W: Verilog-2006: [E:/code/PangoWork/Works/i2c/Designs/i2c/i2c.v(line number: 32)] Force parameter in body to localparam when has module parameters.
W: Verilog-2006: [E:/code/PangoWork/Works/i2c/Designs/i2c/i2c.v(line number: 33)] Force parameter in body to localparam when has module parameters.
W: Verilog-2006: [E:/code/PangoWork/Works/i2c/Designs/i2c/i2c.v(line number: 35)] Force parameter in body to localparam when has module parameters.
W: Verilog-2006: [E:/code/PangoWork/Works/i2c/Designs/i2c/i2c.v(line number: 36)] Force parameter in body to localparam when has module parameters.
W: Verilog-2006: [E:/code/PangoWork/Works/i2c/Designs/i2c/i2c.v(line number: 38)] Force parameter in body to localparam when has module parameters.
W: Verilog-2006: [E:/code/PangoWork/Works/i2c/Designs/i2c/i2c.v(line number: 39)] Force parameter in body to localparam when has module parameters.
W: Verilog-2006: [E:/code/PangoWork/Works/i2c/Designs/i2c/i2c.v(line number: 40)] Force parameter in body to localparam when has module parameters.
W: Verilog-2006: [E:/code/PangoWork/Works/i2c/Designs/i2c/i2c.v(line number: 41)] Force parameter in body to localparam when has module parameters.
W: Verilog-2006: [E:/code/PangoWork/Works/i2c/Designs/i2c/i2c.v(line number: 42)] Force parameter in body to localparam when has module parameters.
W: Verilog-2006: [E:/code/PangoWork/Works/i2c/Designs/i2c/i2c.v(line number: 44)] Force parameter in body to localparam when has module parameters.
Parsing done.
I: Verilog-0001: Analyzing file E:/code/PangoWork/Works/i2c/ipcore/pll_50mhz/pll_50mhz.v.
I: Verilog-0002: [E:/code/PangoWork/Works/i2c/ipcore/pll_50mhz/pll_50mhz.v(line number: 18)] Analyzing module pll_50mhz (library pll_50mhz).
Parsing done.
I: Module "i2c_eeprom_top" is set as top module
Executing : rtl-analyze successfully. Time elapsed: 2.150s wall, 0.016s user + 0.000s system = 0.016s CPU (0.7%). Peak memory used: 175 MB.

Start rtl-elaborate.
I: Verilog-0003: [E:/code/PangoWork/Works/i2c/Designs/i2c_eeprom_top.v(line number: 1)] Elaborating module i2c_eeprom_top.
I: Verilog-0004: [E:/code/PangoWork/Works/i2c/Designs/i2c_eeprom_top.v(line number: 29)] Elaborating instance u_pll_50mhz.
I: Verilog-0003: [E:/code/PangoWork/Works/i2c/ipcore/pll_50mhz/pll_50mhz.v(line number: 18)] Elaborating module pll_50mhz.
I: Verilog-0004: [E:/code/PangoWork/Works/i2c/ipcore/pll_50mhz/pll_50mhz.v(line number: 228)] Elaborating instance u_pll_e3.
W: Verilog-2021: [E:/code/PangoWork/Works/i2c/ipcore/pll_50mhz/pll_50mhz.v(line number: 115)] Net clkfb in pll_50mhz(original module pll_50mhz) does not have a driver, tie it to 0.
W: Verilog-2021: [E:/code/PangoWork/Works/i2c/ipcore/pll_50mhz/pll_50mhz.v(line number: 118)] Net pfden in pll_50mhz(original module pll_50mhz) does not have a driver, tie it to 0.
W: Verilog-2021: [E:/code/PangoWork/Works/i2c/ipcore/pll_50mhz/pll_50mhz.v(line number: 119)] Net clkout0_gate in pll_50mhz(original module pll_50mhz) does not have a driver, tie it to 0.
W: Verilog-2021: [E:/code/PangoWork/Works/i2c/ipcore/pll_50mhz/pll_50mhz.v(line number: 120)] Net clkout0_2pad_gate in pll_50mhz(original module pll_50mhz) does not have a driver, tie it to 0.
W: Verilog-2021: [E:/code/PangoWork/Works/i2c/ipcore/pll_50mhz/pll_50mhz.v(line number: 121)] Net clkout1_gate in pll_50mhz(original module pll_50mhz) does not have a driver, tie it to 0.
W: Verilog-2021: [E:/code/PangoWork/Works/i2c/ipcore/pll_50mhz/pll_50mhz.v(line number: 122)] Net clkout2_gate in pll_50mhz(original module pll_50mhz) does not have a driver, tie it to 0.
W: Verilog-2021: [E:/code/PangoWork/Works/i2c/ipcore/pll_50mhz/pll_50mhz.v(line number: 123)] Net clkout3_gate in pll_50mhz(original module pll_50mhz) does not have a driver, tie it to 0.
W: Verilog-2021: [E:/code/PangoWork/Works/i2c/ipcore/pll_50mhz/pll_50mhz.v(line number: 124)] Net clkout4_gate in pll_50mhz(original module pll_50mhz) does not have a driver, tie it to 0.
W: Verilog-2021: [E:/code/PangoWork/Works/i2c/ipcore/pll_50mhz/pll_50mhz.v(line number: 125)] Net clkout5_gate in pll_50mhz(original module pll_50mhz) does not have a driver, tie it to 0.
W: Verilog-2021: [E:/code/PangoWork/Works/i2c/ipcore/pll_50mhz/pll_50mhz.v(line number: 126)] Net dyn_idiv in pll_50mhz(original module pll_50mhz) does not have a driver, tie it to 0.
W: Verilog-2021: [E:/code/PangoWork/Works/i2c/ipcore/pll_50mhz/pll_50mhz.v(line number: 127)] Net dyn_odiv0 in pll_50mhz(original module pll_50mhz) does not have a driver, tie it to 0.
W: Verilog-2021: [E:/code/PangoWork/Works/i2c/ipcore/pll_50mhz/pll_50mhz.v(line number: 128)] Net dyn_odiv1 in pll_50mhz(original module pll_50mhz) does not have a driver, tie it to 0.
W: Verilog-2021: [E:/code/PangoWork/Works/i2c/ipcore/pll_50mhz/pll_50mhz.v(line number: 129)] Net dyn_odiv2 in pll_50mhz(original module pll_50mhz) does not have a driver, tie it to 0.
W: Verilog-2021: [E:/code/PangoWork/Works/i2c/ipcore/pll_50mhz/pll_50mhz.v(line number: 130)] Net dyn_odiv3 in pll_50mhz(original module pll_50mhz) does not have a driver, tie it to 0.
W: Verilog-2021: [E:/code/PangoWork/Works/i2c/ipcore/pll_50mhz/pll_50mhz.v(line number: 131)] Net dyn_odiv4 in pll_50mhz(original module pll_50mhz) does not have a driver, tie it to 0.
W: Verilog-2021: [E:/code/PangoWork/Works/i2c/ipcore/pll_50mhz/pll_50mhz.v(line number: 132)] Net dyn_fdiv in pll_50mhz(original module pll_50mhz) does not have a driver, tie it to 0.
W: Verilog-2021: [E:/code/PangoWork/Works/i2c/ipcore/pll_50mhz/pll_50mhz.v(line number: 133)] Net dyn_duty0 in pll_50mhz(original module pll_50mhz) does not have a driver, tie it to 0.
W: Verilog-2021: [E:/code/PangoWork/Works/i2c/ipcore/pll_50mhz/pll_50mhz.v(line number: 134)] Net dyn_duty1 in pll_50mhz(original module pll_50mhz) does not have a driver, tie it to 0.
W: Verilog-2021: [E:/code/PangoWork/Works/i2c/ipcore/pll_50mhz/pll_50mhz.v(line number: 135)] Net dyn_duty2 in pll_50mhz(original module pll_50mhz) does not have a driver, tie it to 0.
W: Verilog-2021: [E:/code/PangoWork/Works/i2c/ipcore/pll_50mhz/pll_50mhz.v(line number: 136)] Net dyn_duty3 in pll_50mhz(original module pll_50mhz) does not have a driver, tie it to 0.
W: Verilog-2021: [E:/code/PangoWork/Works/i2c/ipcore/pll_50mhz/pll_50mhz.v(line number: 137)] Net dyn_duty4 in pll_50mhz(original module pll_50mhz) does not have a driver, tie it to 0.
I: Verilog-0004: [E:/code/PangoWork/Works/i2c/Designs/i2c_eeprom_top.v(line number: 54)] Elaborating instance u_led.
I: Verilog-0003: [E:/code/PangoWork/Works/i2c/Designs/led/led.v(line number: 1)] Elaborating module led.
I: Module instance {i2c_eeprom_top/u_led} parameter value:
    LED_SYSCLK_FREQ = 32'sh2FAF080 | 50000000 | 32'sb00000010111110101111000010000000
    LED_WIDTH = 32'sh8 | 8 | 32'sb00000000000000000000000000001000
E: Verilog-4133: [E:/code/PangoWork/Works/i2c/Designs/i2c_eeprom_top.v(line number: 54)] Connection (led_out) for output (led_out) of module instantiation 'led' is not wire.
Program Error Out.
Action compile: Real time elapsed is 0h:0m:5s
Action compile: CPU time elapsed is 0h:0m:1s
Action compile: Process CPU time elapsed is 0h:0m:1s
Action compile: Peak memory pool usage is 176 MB

Current time: Tue Sep 22 17:53:44 2026
