#Build: Fabric Compiler 2025.2, Build 211867, Jan 16 16:10 2026
#Install: D:\pango\PDS_2025.2-ads\bin
#Application name: pds_shell.exe
#OS: Windows 11 10.0.26100
#CPU: Unknown
#RAM(GB): 16
#Hostname: hustlyrm
#Generated by Fabric Compiler (version 2025.2 build 211867) at Wed Sep 30 22:41:59 2026
Parameters for debugging are loaded as follows:
License checkout: fabric_ads from D:/pango/PDS_2025.2-ads/new_pds_F4A80DA47D72.lic
Compiling verification operator library.
Compiling vendor parameter file.
Loading technology operator library.
Compiling technology operator library.
Compiling technology operator (valence) library.
I: Enable Verilog2k features and keywords
Start rtl-analyze.
I: Include path: D:/pango/works/ECSDC_FPGA_2026
I: Verilog-0001: Analyzing file D:/pango/works/ECSDC_FPGA_2026/Designs/flash_read_top.v.
I: Verilog-0002: [D:/pango/works/ECSDC_FPGA_2026/Designs/flash_read_top.v(line number: 2)] Analyzing module flash_read_top (library work).
Parsing done.
I: Verilog-0001: Analyzing file D:/pango/works/ECSDC_FPGA_2026/Designs/Hardware/cp2102/cp2102_driver.v.
I: Verilog-0002: [D:/pango/works/ECSDC_FPGA_2026/Designs/Hardware/cp2102/cp2102_driver.v(line number: 6)] Analyzing module cp2102 (library work).
I: Verilog-0002: [D:/pango/works/ECSDC_FPGA_2026/Designs/Hardware/cp2102/cp2102_driver.v(line number: 234)] Analyzing module cp2102_uart_tx (library work).
Parsing done.
I: Verilog-0001: Analyzing file D:/pango/works/ECSDC_FPGA_2026/Designs/Hardware/cp2102/cp2102_top.v.
I: Verilog-0002: [D:/pango/works/ECSDC_FPGA_2026/Designs/Hardware/cp2102/cp2102_top.v(line number: 2)] Analyzing module cp2102_top (library work).
Parsing done.
I: Verilog-0001: Analyzing file D:/pango/works/ECSDC_FPGA_2026/Designs/Hardware/flash/flash_driver.v.
I: Verilog-0002: [D:/pango/works/ECSDC_FPGA_2026/Designs/Hardware/flash/flash_driver.v(line number: 4)] Analyzing module flash_driver (library work).
Parsing done.
I: Verilog-0001: Analyzing file D:/pango/works/ECSDC_FPGA_2026/Designs/Hardware/flash/flash_top.v.
I: Verilog-0002: [D:/pango/works/ECSDC_FPGA_2026/Designs/Hardware/flash/flash_top.v(line number: 2)] Analyzing module flash_top (library work).
Parsing done.
I: Verilog-0001: Analyzing file D:/pango/works/ECSDC_FPGA_2026/Designs/Driver/spi/qspi_master_rx.v.
I: Verilog-0002: [D:/pango/works/ECSDC_FPGA_2026/Designs/Driver/spi/qspi_master_rx.v(line number: 4)] Analyzing module qspi_master_rx (library work).
Parsing done.
I: Verilog-0001: Analyzing file D:/pango/works/ECSDC_FPGA_2026/Designs/Driver/uart/uart_tx.v.
I: Verilog-0002: [D:/pango/works/ECSDC_FPGA_2026/Designs/Driver/uart/uart_tx.v(line number: 5)] Analyzing module uart_tx (library work).
Parsing done.
I: Verilog-0001: Analyzing file D:/pango/works/ECSDC_FPGA_2026/Designs/Driver/uart/uart_rx.v.
I: Verilog-0002: [D:/pango/works/ECSDC_FPGA_2026/Designs/Driver/uart/uart_rx.v(line number: 3)] Analyzing module uart_rx (library work).
Parsing done.
I: Verilog-0001: Analyzing file D:/pango/works/ECSDC_FPGA_2026/Designs/Hardware/led/led_top.v.
I: Verilog-0002: [D:/pango/works/ECSDC_FPGA_2026/Designs/Hardware/led/led_top.v(line number: 2)] Analyzing module led_top (library work).
Parsing done.
I: Verilog-0001: Analyzing file D:/pango/works/ECSDC_FPGA_2026/ipcore/cp2102_tx_fifo/rtl/ipml_fifo_ctrl_v1_14_cp2102_tx_fifo.v.
I: Verilog-0002: [D:/pango/works/ECSDC_FPGA_2026/ipcore/cp2102_tx_fifo/rtl/ipml_fifo_ctrl_v1_14_cp2102_tx_fifo.v(line number: 18)] Analyzing module ipml_fifo_ctrl_v1_14_cp2102_tx_fifo (library cp2102_tx_fifo).
I: [D:/pango/works/ECSDC_FPGA_2026/ipcore/cp2102_tx_fifo/rtl/ipml_fifo_ctrl_v1_14_cp2102_tx_fifo.v(line number: 56)] Convert attribute name from syn_preserve to PAP_PRESERVE
I: [D:/pango/works/ECSDC_FPGA_2026/ipcore/cp2102_tx_fifo/rtl/ipml_fifo_ctrl_v1_14_cp2102_tx_fifo.v(line number: 58)] Convert attribute name from syn_preserve to PAP_PRESERVE
I: [D:/pango/works/ECSDC_FPGA_2026/ipcore/cp2102_tx_fifo/rtl/ipml_fifo_ctrl_v1_14_cp2102_tx_fifo.v(line number: 69)] Convert attribute name from syn_preserve to PAP_PRESERVE
I: [D:/pango/works/ECSDC_FPGA_2026/ipcore/cp2102_tx_fifo/rtl/ipml_fifo_ctrl_v1_14_cp2102_tx_fifo.v(line number: 71)] Convert attribute name from syn_preserve to PAP_PRESERVE
I: [D:/pango/works/ECSDC_FPGA_2026/ipcore/cp2102_tx_fifo/rtl/ipml_fifo_ctrl_v1_14_cp2102_tx_fifo.v(line number: 99)] Convert attribute name from syn_preserve to PAP_PRESERVE
I: [D:/pango/works/ECSDC_FPGA_2026/ipcore/cp2102_tx_fifo/rtl/ipml_fifo_ctrl_v1_14_cp2102_tx_fifo.v(line number: 100)] Convert attribute name from syn_preserve to PAP_PRESERVE
Parsing done.
I: Verilog-0001: Analyzing file D:/pango/works/ECSDC_FPGA_2026/ipcore/cp2102_tx_fifo/rtl/ipml_sdpram_v1_13_cp2102_tx_fifo.v.
I: Verilog-0002: [D:/pango/works/ECSDC_FPGA_2026/ipcore/cp2102_tx_fifo/rtl/ipml_sdpram_v1_13_cp2102_tx_fifo.v(line number: 18)] Analyzing module ipml_sdpram_v1_13_cp2102_tx_fifo (library cp2102_tx_fifo).
W: Verilog-2064: [D:/pango/works/ECSDC_FPGA_2026/ipcore/cp2102_tx_fifo/rtl/ipml_sdpram_v1_13_cp2102_tx_fifo.v(line number: 305)] Within an initial construct, only memory $readmemh/$readmemb initialization and variable initialization statements are supported and other statements will be ignored. Simulation mismatch may occur.
Parsing done.
I: Verilog-0001: Analyzing file D:/pango/works/ECSDC_FPGA_2026/ipcore/cp2102_tx_fifo/rtl/ipml_fifo_v1_14_cp2102_tx_fifo.v.
I: Verilog-0002: [D:/pango/works/ECSDC_FPGA_2026/ipcore/cp2102_tx_fifo/rtl/ipml_fifo_v1_14_cp2102_tx_fifo.v(line number: 23)] Analyzing module ipml_fifo_v1_14_cp2102_tx_fifo (library cp2102_tx_fifo).
Parsing done.
I: Verilog-0001: Analyzing file D:/pango/works/ECSDC_FPGA_2026/ipcore/cp2102_tx_fifo/cp2102_tx_fifo.v.
I: Verilog-0002: [D:/pango/works/ECSDC_FPGA_2026/ipcore/cp2102_tx_fifo/cp2102_tx_fifo.v(line number: 16)] Analyzing module cp2102_tx_fifo (library cp2102_tx_fifo).
Parsing done.
I: Verilog-0001: Analyzing file D:/pango/works/ECSDC_FPGA_2026/ipcore/flash_rx_fifo/rtl/ipml_fifo_ctrl_v1_14_flash_rx_fifo.v.
I: Verilog-0002: [D:/pango/works/ECSDC_FPGA_2026/ipcore/flash_rx_fifo/rtl/ipml_fifo_ctrl_v1_14_flash_rx_fifo.v(line number: 18)] Analyzing module ipml_fifo_ctrl_v1_14_flash_rx_fifo (library flash_rx_fifo).
I: [D:/pango/works/ECSDC_FPGA_2026/ipcore/flash_rx_fifo/rtl/ipml_fifo_ctrl_v1_14_flash_rx_fifo.v(line number: 56)] Convert attribute name from syn_preserve to PAP_PRESERVE
I: [D:/pango/works/ECSDC_FPGA_2026/ipcore/flash_rx_fifo/rtl/ipml_fifo_ctrl_v1_14_flash_rx_fifo.v(line number: 58)] Convert attribute name from syn_preserve to PAP_PRESERVE
I: [D:/pango/works/ECSDC_FPGA_2026/ipcore/flash_rx_fifo/rtl/ipml_fifo_ctrl_v1_14_flash_rx_fifo.v(line number: 69)] Convert attribute name from syn_preserve to PAP_PRESERVE
I: [D:/pango/works/ECSDC_FPGA_2026/ipcore/flash_rx_fifo/rtl/ipml_fifo_ctrl_v1_14_flash_rx_fifo.v(line number: 71)] Convert attribute name from syn_preserve to PAP_PRESERVE
I: [D:/pango/works/ECSDC_FPGA_2026/ipcore/flash_rx_fifo/rtl/ipml_fifo_ctrl_v1_14_flash_rx_fifo.v(line number: 99)] Convert attribute name from syn_preserve to PAP_PRESERVE
I: [D:/pango/works/ECSDC_FPGA_2026/ipcore/flash_rx_fifo/rtl/ipml_fifo_ctrl_v1_14_flash_rx_fifo.v(line number: 100)] Convert attribute name from syn_preserve to PAP_PRESERVE
Parsing done.
I: Verilog-0001: Analyzing file D:/pango/works/ECSDC_FPGA_2026/ipcore/flash_rx_fifo/rtl/ipml_sdpram_v1_13_flash_rx_fifo.v.
I: Verilog-0002: [D:/pango/works/ECSDC_FPGA_2026/ipcore/flash_rx_fifo/rtl/ipml_sdpram_v1_13_flash_rx_fifo.v(line number: 18)] Analyzing module ipml_sdpram_v1_13_flash_rx_fifo (library flash_rx_fifo).
W: Verilog-2064: [D:/pango/works/ECSDC_FPGA_2026/ipcore/flash_rx_fifo/rtl/ipml_sdpram_v1_13_flash_rx_fifo.v(line number: 305)] Within an initial construct, only memory $readmemh/$readmemb initialization and variable initialization statements are supported and other statements will be ignored. Simulation mismatch may occur.
Parsing done.
I: Verilog-0001: Analyzing file D:/pango/works/ECSDC_FPGA_2026/ipcore/flash_rx_fifo/rtl/ipml_fifo_v1_14_flash_rx_fifo.v.
I: Verilog-0002: [D:/pango/works/ECSDC_FPGA_2026/ipcore/flash_rx_fifo/rtl/ipml_fifo_v1_14_flash_rx_fifo.v(line number: 23)] Analyzing module ipml_fifo_v1_14_flash_rx_fifo (library flash_rx_fifo).
Parsing done.
I: Verilog-0001: Analyzing file D:/pango/works/ECSDC_FPGA_2026/ipcore/flash_rx_fifo/flash_rx_fifo.v.
I: Verilog-0002: [D:/pango/works/ECSDC_FPGA_2026/ipcore/flash_rx_fifo/flash_rx_fifo.v(line number: 16)] Analyzing module flash_rx_fifo (library flash_rx_fifo).
Parsing done.
I: Verilog-0001: Analyzing file D:/pango/works/ECSDC_FPGA_2026/ipcore/pll_50mhz/pll_50mhz.v.
I: Verilog-0002: [D:/pango/works/ECSDC_FPGA_2026/ipcore/pll_50mhz/pll_50mhz.v(line number: 18)] Analyzing module pll_50mhz (library pll_50mhz).
Parsing done.
I: Module "flash_read_top" is set as top module
Executing : rtl-analyze successfully. Time elapsed: 1.647s wall, 0.047s user + 0.000s system = 0.047s CPU (2.8%). Peak memory used: 177 MB.

Start rtl-elaborate.
I: Verilog-0003: [D:/pango/works/ECSDC_FPGA_2026/Designs/flash_read_top.v(line number: 2)] Elaborating module flash_read_top.
I: Verilog-0004: [D:/pango/works/ECSDC_FPGA_2026/Designs/flash_read_top.v(line number: 50)] Elaborating instance u_cp2102_top.
I: Verilog-0003: [D:/pango/works/ECSDC_FPGA_2026/Designs/Hardware/cp2102/cp2102_top.v(line number: 2)] Elaborating module cp2102_top.
I: Module instance {flash_read_top/u_cp2102_top} parameter value:
    UART_CLK_FREQ = 32'sh2FAF080 | 50000000 | 32'sb00000010111110101111000010000000
    UART_BAUD_RATE = 32'shE1000 | 921600 | 32'sb00000000000011100001000000000000
    PAYLOAD_WORDS = 32'sh8 | 8 | 32'sb00000000000000000000000000001000
I: Verilog-0004: [D:/pango/works/ECSDC_FPGA_2026/Designs/Hardware/cp2102/cp2102_top.v(line number: 21)] Elaborating instance u_cp2102.
I: Verilog-0003: [D:/pango/works/ECSDC_FPGA_2026/Designs/Hardware/cp2102/cp2102_driver.v(line number: 6)] Elaborating module cp2102.
I: Module instance {flash_read_top/u_cp2102_top/u_cp2102} parameter value:
    SYS_CLK_FREQ = 32'sh2FAF080 | 50000000 | 32'sb00000010111110101111000010000000
    UART_CLK_FREQ = 32'sh2FAF080 | 50000000 | 32'sb00000010111110101111000010000000
    BAUD_RATE = 32'shE1000 | 921600 | 32'sb00000000000011100001000000000000
    DATA_BITS = 32'sh8 | 8 | 32'sb00000000000000000000000000001000
    PARITY = NONE
    STOP_BITS = 32'sh1 | 1 | 32'sb00000000000000000000000000000001
    PAYLOAD_WORDS = 32'sh8 | 8 | 32'sb00000000000000000000000000001000
I: Verilog-0004: [D:/pango/works/ECSDC_FPGA_2026/Designs/Hardware/cp2102/cp2102_driver.v(line number: 41)] Elaborating instance u_cp2102_tx_fifo.
I: Verilog-0003: [D:/pango/works/ECSDC_FPGA_2026/ipcore/cp2102_tx_fifo/cp2102_tx_fifo.v(line number: 16)] Elaborating module cp2102_tx_fifo.
I: Verilog-0004: [D:/pango/works/ECSDC_FPGA_2026/ipcore/cp2102_tx_fifo/cp2102_tx_fifo.v(line number: 174)] Elaborating instance U_ipml_fifo_cp2102_tx_fifo.
I: Verilog-0003: [D:/pango/works/ECSDC_FPGA_2026/ipcore/cp2102_tx_fifo/rtl/ipml_fifo_v1_14_cp2102_tx_fifo.v(line number: 23)] Elaborating module ipml_fifo_v1_14_cp2102_tx_fifo.
I: Module instance {flash_read_top/u_cp2102_top/u_cp2102/u_cp2102_tx_fifo/U_ipml_fifo_cp2102_tx_fifo} parameter value:
    c_SIM_DEVICE = LOGOS
    c_WR_DEPTH_WIDTH = 32'sh9 | 9 | 32'sb00000000000000000000000000001001
    c_WR_DATA_WIDTH = 32'sh20 | 32 | 32'sb00000000000000000000000000100000
    c_RD_DEPTH_WIDTH = 32'sh9 | 9 | 32'sb00000000000000000000000000001001
    c_RD_DATA_WIDTH = 32'sh20 | 32 | 32'sb00000000000000000000000000100000
    c_OUTPUT_REG = 32'sh0 | 0 | 32'sb00000000000000000000000000000000
    c_RD_OCE_EN = 32'sh0 | 0 | 32'sb00000000000000000000000000000000
    c_RESET_TYPE = ASYNC_RESET
    c_POWER_OPT = 32'sh0 | 0 | 32'sb00000000000000000000000000000000
    c_RD_CLK_OR_POL_INV = 32'sh0 | 0 | 32'sb00000000000000000000000000000000
    c_WR_BYTE_EN = 32'sh0 | 0 | 32'sb00000000000000000000000000000000
    c_BE_WIDTH = 32'sh1 | 1 | 32'sb00000000000000000000000000000001
    c_FIFO_TYPE = ASYN
    c_ALMOST_FULL_NUM = 32'sh1C | 28 | 32'sb00000000000000000000000000011100
    c_ALMOST_EMPTY_NUM = 32'sh4 | 4 | 32'sb00000000000000000000000000000100
    c_DATA_VALID_EN = 32'sh0 | 0 | 32'sb00000000000000000000000000000000
    c_PREFETCH_EN = 32'sh0 | 0 | 32'sb00000000000000000000000000000000
I: Verilog-0004: [D:/pango/works/ECSDC_FPGA_2026/ipcore/cp2102_tx_fifo/rtl/ipml_fifo_v1_14_cp2102_tx_fifo.v(line number: 96)] Elaborating instance U_ipml_sdpram.
I: Verilog-0003: [D:/pango/works/ECSDC_FPGA_2026/ipcore/cp2102_tx_fifo/rtl/ipml_sdpram_v1_13_cp2102_tx_fifo.v(line number: 18)] Elaborating module ipml_sdpram_v1_13_cp2102_tx_fifo.
I: Module instance {flash_read_top/u_cp2102_top/u_cp2102/u_cp2102_tx_fifo/U_ipml_fifo_cp2102_tx_fifo/U_ipml_sdpram} parameter value:
    c_SIM_DEVICE = LOGOS
    c_WR_ADDR_WIDTH = 32'sh9 | 9 | 32'sb00000000000000000000000000001001
    c_WR_DATA_WIDTH = 32'sh20 | 32 | 32'sb00000000000000000000000000100000
    c_RD_ADDR_WIDTH = 32'sh9 | 9 | 32'sb00000000000000000000000000001001
    c_RD_DATA_WIDTH = 32'sh20 | 32 | 32'sb00000000000000000000000000100000
    c_OUTPUT_REG = 32'sh0 | 0 | 32'sb00000000000000000000000000000000
    c_RD_OCE_EN = 32'sh0 | 0 | 32'sb00000000000000000000000000000000
    c_WR_ADDR_STROBE_EN = 32'sh0 | 0 | 32'sb00000000000000000000000000000000
    c_RD_ADDR_STROBE_EN = 32'sh0 | 0 | 32'sb00000000000000000000000000000000
    c_WR_CLK_EN = 32'sh1 | 1 | 32'sb00000000000000000000000000000001
    c_RD_CLK_EN = 32'sh1 | 1 | 32'sb00000000000000000000000000000001
    c_RD_CLK_OR_POL_INV = 32'sh0 | 0 | 32'sb00000000000000000000000000000000
    c_RESET_TYPE = ASYNC_RESET
    c_POWER_OPT = 32'sh0 | 0 | 32'sb00000000000000000000000000000000
    c_INIT_FILE = NONE
    c_INIT_FORMAT = BIN
    c_WR_BYTE_EN = 32'sh0 | 0 | 32'sb00000000000000000000000000000000
    c_BE_WIDTH = 32'sh1 | 1 | 32'sb00000000000000000000000000000001
W: Verilog-2039: [D:/pango/works/ECSDC_FPGA_2026/ipcore/cp2102_tx_fifo/rtl/ipml_sdpram_v1_13_cp2102_tx_fifo.v(line number: 472)] Value of replication constant '(CAS_DATA_WIDTH_A - c_WR_DATA_WIDTH)' in multiple concatenation is 0.
W: Verilog-2039: [D:/pango/works/ECSDC_FPGA_2026/ipcore/cp2102_tx_fifo/rtl/ipml_sdpram_v1_13_cp2102_tx_fifo.v(line number: 474)] Value of replication constant '(ADDR_WIDTH_A - c_WR_ADDR_WIDTH)' in multiple concatenation is 0.
W: Verilog-2038: [D:/pango/works/ECSDC_FPGA_2026/ipcore/cp2102_tx_fifo/rtl/ipml_sdpram_v1_13_cp2102_tx_fifo.v(line number: 484)] This case item expression '1' never match with the case expression 'DRM_DATA_WIDTH_A'.
W: Verilog-2038: [D:/pango/works/ECSDC_FPGA_2026/ipcore/cp2102_tx_fifo/rtl/ipml_sdpram_v1_13_cp2102_tx_fifo.v(line number: 485)] This case item expression '2' never match with the case expression 'DRM_DATA_WIDTH_A'.
W: Verilog-2038: [D:/pango/works/ECSDC_FPGA_2026/ipcore/cp2102_tx_fifo/rtl/ipml_sdpram_v1_13_cp2102_tx_fifo.v(line number: 486)] This case item expression '4' never match with the case expression 'DRM_DATA_WIDTH_A'.
W: Verilog-2038: [D:/pango/works/ECSDC_FPGA_2026/ipcore/cp2102_tx_fifo/rtl/ipml_sdpram_v1_13_cp2102_tx_fifo.v(line number: 487)] This case item expression '8' never match with the case expression 'DRM_DATA_WIDTH_A'.
W: Verilog-2038: [D:/pango/works/ECSDC_FPGA_2026/ipcore/cp2102_tx_fifo/rtl/ipml_sdpram_v1_13_cp2102_tx_fifo.v(line number: 487)] This case item expression '9' never match with the case expression 'DRM_DATA_WIDTH_A'.
W: Verilog-2038: [D:/pango/works/ECSDC_FPGA_2026/ipcore/cp2102_tx_fifo/rtl/ipml_sdpram_v1_13_cp2102_tx_fifo.v(line number: 488)] This case item expression '18' never match with the case expression 'DRM_DATA_WIDTH_A'.
W: Verilog-2038: [D:/pango/works/ECSDC_FPGA_2026/ipcore/cp2102_tx_fifo/rtl/ipml_sdpram_v1_13_cp2102_tx_fifo.v(line number: 484)] This case item expression '1' never match with the case expression 'DRM_DATA_WIDTH_A'.
W: Verilog-2038: [D:/pango/works/ECSDC_FPGA_2026/ipcore/cp2102_tx_fifo/rtl/ipml_sdpram_v1_13_cp2102_tx_fifo.v(line number: 485)] This case item expression '2' never match with the case expression 'DRM_DATA_WIDTH_A'.
W: Verilog-2038: [D:/pango/works/ECSDC_FPGA_2026/ipcore/cp2102_tx_fifo/rtl/ipml_sdpram_v1_13_cp2102_tx_fifo.v(line number: 486)] This case item expression '4' never match with the case expression 'DRM_DATA_WIDTH_A'.
W: Verilog-2038: [D:/pango/works/ECSDC_FPGA_2026/ipcore/cp2102_tx_fifo/rtl/ipml_sdpram_v1_13_cp2102_tx_fifo.v(line number: 487)] This case item expression '8' never match with the case expression 'DRM_DATA_WIDTH_A'.
W: Verilog-2038: [D:/pango/works/ECSDC_FPGA_2026/ipcore/cp2102_tx_fifo/rtl/ipml_sdpram_v1_13_cp2102_tx_fifo.v(line number: 487)] This case item expression '9' never match with the case expression 'DRM_DATA_WIDTH_A'.
W: Verilog-2038: [D:/pango/works/ECSDC_FPGA_2026/ipcore/cp2102_tx_fifo/rtl/ipml_sdpram_v1_13_cp2102_tx_fifo.v(line number: 488)] This case item expression '18' never match with the case expression 'DRM_DATA_WIDTH_A'.
W: Verilog-2039: [D:/pango/works/ECSDC_FPGA_2026/ipcore/cp2102_tx_fifo/rtl/ipml_sdpram_v1_13_cp2102_tx_fifo.v(line number: 620)] Value of replication constant '(ADDR_WIDTH_B - c_RD_ADDR_WIDTH)' in multiple concatenation is 0.
W: Verilog-2038: [D:/pango/works/ECSDC_FPGA_2026/ipcore/cp2102_tx_fifo/rtl/ipml_sdpram_v1_13_cp2102_tx_fifo.v(line number: 674)] This case item expression '1' never match with the case expression 'DRM_DATA_WIDTH_B'.
W: Verilog-2038: [D:/pango/works/ECSDC_FPGA_2026/ipcore/cp2102_tx_fifo/rtl/ipml_sdpram_v1_13_cp2102_tx_fifo.v(line number: 675)] This case item expression '2' never match with the case expression 'DRM_DATA_WIDTH_B'.
W: Verilog-2038: [D:/pango/works/ECSDC_FPGA_2026/ipcore/cp2102_tx_fifo/rtl/ipml_sdpram_v1_13_cp2102_tx_fifo.v(line number: 676)] This case item expression '4' never match with the case expression 'DRM_DATA_WIDTH_B'.
W: Verilog-2038: [D:/pango/works/ECSDC_FPGA_2026/ipcore/cp2102_tx_fifo/rtl/ipml_sdpram_v1_13_cp2102_tx_fifo.v(line number: 677)] This case item expression '8' never match with the case expression 'DRM_DATA_WIDTH_B'.
W: Verilog-2038: [D:/pango/works/ECSDC_FPGA_2026/ipcore/cp2102_tx_fifo/rtl/ipml_sdpram_v1_13_cp2102_tx_fifo.v(line number: 677)] This case item expression '9' never match with the case expression 'DRM_DATA_WIDTH_B'.
W: Verilog-2038: [D:/pango/works/ECSDC_FPGA_2026/ipcore/cp2102_tx_fifo/rtl/ipml_sdpram_v1_13_cp2102_tx_fifo.v(line number: 678)] This case item expression '18' never match with the case expression 'DRM_DATA_WIDTH_B'.
I: Verilog-0004: [D:/pango/works/ECSDC_FPGA_2026/ipcore/cp2102_tx_fifo/rtl/ipml_sdpram_v1_13_cp2102_tx_fifo.v(line number: 839)] Elaborating instance U_GTP_DRM9K.
I: Verilog-0004: [D:/pango/works/ECSDC_FPGA_2026/ipcore/cp2102_tx_fifo/rtl/ipml_sdpram_v1_13_cp2102_tx_fifo.v(line number: 839)] Elaborating instance U_GTP_DRM9K.
I: Sdm-0004: [D:/pango/works/ECSDC_FPGA_2026/ipcore/cp2102_tx_fifo/rtl/ipml_sdpram_v1_13_cp2102_tx_fifo.v(line number: 47)] Input port wr_byte_en in module ipml_sdpram_v1_13_cp2102_tx_fifo has no load.
W: Verilog-2020: [D:/pango/works/ECSDC_FPGA_2026/ipcore/cp2102_tx_fifo/rtl/ipml_sdpram_v1_13_cp2102_tx_fifo.v(line number: 760)] Net DA_bus[8] in ipml_sdpram_v1_13_cp2102_tx_fifo(original module ipml_sdpram_v1_13_cp2102_tx_fifo) does not have a driver, tie it to 0.
W: Verilog-2020: [D:/pango/works/ECSDC_FPGA_2026/ipcore/cp2102_tx_fifo/rtl/ipml_sdpram_v1_13_cp2102_tx_fifo.v(line number: 760)] Net DA_bus[17] in ipml_sdpram_v1_13_cp2102_tx_fifo(original module ipml_sdpram_v1_13_cp2102_tx_fifo) does not have a driver, tie it to 0.
W: Verilog-2020: [D:/pango/works/ECSDC_FPGA_2026/ipcore/cp2102_tx_fifo/rtl/ipml_sdpram_v1_13_cp2102_tx_fifo.v(line number: 760)] Net DA_bus[26] in ipml_sdpram_v1_13_cp2102_tx_fifo(original module ipml_sdpram_v1_13_cp2102_tx_fifo) does not have a driver, tie it to 0.
W: Verilog-2020: [D:/pango/works/ECSDC_FPGA_2026/ipcore/cp2102_tx_fifo/rtl/ipml_sdpram_v1_13_cp2102_tx_fifo.v(line number: 760)] Net DA_bus[35] in ipml_sdpram_v1_13_cp2102_tx_fifo(original module ipml_sdpram_v1_13_cp2102_tx_fifo) does not have a driver, tie it to 0.
W: Verilog-2020: [D:/pango/works/ECSDC_FPGA_2026/ipcore/cp2102_tx_fifo/rtl/ipml_sdpram_v1_13_cp2102_tx_fifo.v(line number: 761)] Net DB_bus[8] in ipml_sdpram_v1_13_cp2102_tx_fifo(original module ipml_sdpram_v1_13_cp2102_tx_fifo) does not have a driver, tie it to 0.
W: Verilog-2020: [D:/pango/works/ECSDC_FPGA_2026/ipcore/cp2102_tx_fifo/rtl/ipml_sdpram_v1_13_cp2102_tx_fifo.v(line number: 761)] Net DB_bus[17] in ipml_sdpram_v1_13_cp2102_tx_fifo(original module ipml_sdpram_v1_13_cp2102_tx_fifo) does not have a driver, tie it to 0.
W: Verilog-2020: [D:/pango/works/ECSDC_FPGA_2026/ipcore/cp2102_tx_fifo/rtl/ipml_sdpram_v1_13_cp2102_tx_fifo.v(line number: 761)] Net DB_bus[26] in ipml_sdpram_v1_13_cp2102_tx_fifo(original module ipml_sdpram_v1_13_cp2102_tx_fifo) does not have a driver, tie it to 0.
W: Verilog-2020: [D:/pango/works/ECSDC_FPGA_2026/ipcore/cp2102_tx_fifo/rtl/ipml_sdpram_v1_13_cp2102_tx_fifo.v(line number: 761)] Net DB_bus[35] in ipml_sdpram_v1_13_cp2102_tx_fifo(original module ipml_sdpram_v1_13_cp2102_tx_fifo) does not have a driver, tie it to 0.
I: Verilog-0004: [D:/pango/works/ECSDC_FPGA_2026/ipcore/cp2102_tx_fifo/rtl/ipml_fifo_v1_14_cp2102_tx_fifo.v(line number: 127)] Elaborating instance U_ipml_fifo_ctrl.
I: Verilog-0003: [D:/pango/works/ECSDC_FPGA_2026/ipcore/cp2102_tx_fifo/rtl/ipml_fifo_ctrl_v1_14_cp2102_tx_fifo.v(line number: 18)] Elaborating module ipml_fifo_ctrl_v1_14_cp2102_tx_fifo.
I: Module instance {flash_read_top/u_cp2102_top/u_cp2102/u_cp2102_tx_fifo/U_ipml_fifo_cp2102_tx_fifo/U_ipml_fifo_ctrl} parameter value:
    c_WR_DEPTH_WIDTH = 32'sh9 | 9 | 32'sb00000000000000000000000000001001
    c_RD_DEPTH_WIDTH = 32'sh9 | 9 | 32'sb00000000000000000000000000001001
    c_FIFO_TYPE = ASYN
    c_ALMOST_FULL_NUM = 32'sh1C | 28 | 32'sb00000000000000000000000000011100
    c_ALMOST_EMPTY_NUM = 32'sh4 | 4 | 32'sb00000000000000000000000000000100
    c_PREFETCH_EN = 32'sh0 | 0 | 32'sb00000000000000000000000000000000
    c_DATA_VALID_EN = 32'sh0 | 0 | 32'sb00000000000000000000000000000000
    c_OUTPUT_REG = 32'sh0 | 0 | 32'sb00000000000000000000000000000000
    c_FAB_REG = 32'sh0 | 0 | 32'sb00000000000000000000000000000000
    c_RD_CLK_OR_POL_INV = 32'sh0 | 0 | 32'sb00000000000000000000000000000000
W: Verilog-2039: [D:/pango/works/ECSDC_FPGA_2026/ipcore/cp2102_tx_fifo/rtl/ipml_fifo_ctrl_v1_14_cp2102_tx_fifo.v(line number: 652)] Value of replication constant '(c_RD_DEPTH_WIDTH - c_WR_DEPTH_WIDTH)' in multiple concatenation is 0.
I: Verilog-0004: [D:/pango/works/ECSDC_FPGA_2026/Designs/Hardware/cp2102/cp2102_driver.v(line number: 129)] Elaborating instance u_uart_tx.
I: Verilog-0003: [D:/pango/works/ECSDC_FPGA_2026/Designs/Hardware/cp2102/cp2102_driver.v(line number: 234)] Elaborating module cp2102_uart_tx.
I: Module instance {flash_read_top/u_cp2102_top/u_cp2102/u_uart_tx} parameter value:
    UART_CLK_FREQ = 32'sh2FAF080 | 50000000 | 32'sb00000010111110101111000010000000
    BAUD_RATE = 32'shE1000 | 921600 | 32'sb00000000000011100001000000000000
    DATA_BITS = 32'sh8 | 8 | 32'sb00000000000000000000000000001000
    PARITY = NONE
    STOP_BITS = 32'sh1 | 1 | 32'sb00000000000000000000000000000001
I: Verilog-0004: [D:/pango/works/ECSDC_FPGA_2026/Designs/flash_read_top.v(line number: 61)] Elaborating instance u_led_top.
I: Verilog-0003: [D:/pango/works/ECSDC_FPGA_2026/Designs/Hardware/led/led_top.v(line number: 2)] Elaborating module led_top.
I: Verilog-0004: [D:/pango/works/ECSDC_FPGA_2026/Designs/flash_read_top.v(line number: 31)] Elaborating instance u_flash_top.
I: Verilog-0003: [D:/pango/works/ECSDC_FPGA_2026/Designs/Hardware/flash/flash_top.v(line number: 2)] Elaborating module flash_top.
I: Module instance {flash_read_top/u_flash_top} parameter value:
    QSPI_CLK_FREQ = 32'sh2FAF080 | 50000000 | 32'sb00000010111110101111000010000000
    QSPI_SCK_FREQ = 32'shBEBC20 | 12500000 | 32'sb00000000101111101011110000100000
    QSPI_MODE = 32'sh0 | 0 | 32'sb00000000000000000000000000000000
    FLASH_READ_OPCODE = 8'h6B | 8'd107 | 8'b01101011
    HASH_ADDRESS = 24'h202000 | 24'd2105344 | 24'b001000000010000000000000
    FLASH_DUMMY_CYCLES = 8'h8 | 8'd8 | 8'b00001000
    FLASH_BYTE_COUNT = 32'sh20 | 32 | 32'sb00000000000000000000000000100000
I: Verilog-0004: [D:/pango/works/ECSDC_FPGA_2026/Designs/Hardware/flash/flash_top.v(line number: 32)] Elaborating instance u_flash_driver.
I: Verilog-0003: [D:/pango/works/ECSDC_FPGA_2026/Designs/Hardware/flash/flash_driver.v(line number: 4)] Elaborating module flash_driver.
I: Module instance {flash_read_top/u_flash_top/u_flash_driver} parameter value:
    QSPI_CLK_FREQ = 32'sh2FAF080 | 50000000 | 32'sb00000010111110101111000010000000
    QSPI_SCK_FREQ = 32'shBEBC20 | 12500000 | 32'sb00000000101111101011110000100000
    QSPI_MODE = 32'sh0 | 0 | 32'sb00000000000000000000000000000000
    FLASH_READ_OPCODE = 8'h6B | 8'd107 | 8'b01101011
    FLASH_START_ADDRESS = 24'h202000 | 24'd2105344 | 24'b001000000010000000000000
    FLASH_DUMMY_CYCLES = 8'h8 | 8'd8 | 8'b00001000
    FLASH_BYTE_COUNT = 32'sh20 | 32 | 32'sb00000000000000000000000000100000
I: Verilog-0004: [D:/pango/works/ECSDC_FPGA_2026/Designs/Hardware/flash/flash_driver.v(line number: 41)] Elaborating instance u_qspi_master_rx.
I: Verilog-0003: [D:/pango/works/ECSDC_FPGA_2026/Designs/Driver/spi/qspi_master_rx.v(line number: 4)] Elaborating module qspi_master_rx.
I: Module instance {flash_read_top/u_flash_top/u_flash_driver/u_qspi_master_rx} parameter value:
    QSPI_CLK_FREQ = 32'sh2FAF080 | 50000000 | 32'sb00000010111110101111000010000000
    QSPI_SCK_FREQ = 32'shBEBC20 | 12500000 | 32'sb00000000101111101011110000100000
    QSPI_MODE = 32'sh0 | 0 | 32'sb00000000000000000000000000000000
    READ_OPCODE = 8'h6B | 8'd107 | 8'b01101011
    READ_START_ADDRESS = 24'h202000 | 24'd2105344 | 24'b001000000010000000000000
    READ_DUMMY_CYCLES = 8'h8 | 8'd8 | 8'b00001000
W: Verilog-2038: [D:/pango/works/ECSDC_FPGA_2026/Designs/Driver/spi/qspi_master_rx.v(line number: 72)] This case item expression '8'bzzzzzzzz' never match with the case expression 'value'.
W: Verilog-2038: [D:/pango/works/ECSDC_FPGA_2026/Designs/Driver/spi/qspi_master_rx.v(line number: 82)] This case item expression '24'bzzzzzzzzzzzzzzzzzzzzzzzz' never match with the case expression 'value'.
W: Verilog-2038: [D:/pango/works/ECSDC_FPGA_2026/Designs/Driver/spi/qspi_master_rx.v(line number: 92)] This case item expression '8'bzzzzzzzz' never match with the case expression 'value'.
Executing : rtl-elaborate successfully. Time elapsed: 0.059s wall, 0.031s user + 0.000s system = 0.031s CPU (53.3%). Peak memory used: 187 MB.

Start rtl-prep.
W: Sdm-2020: [D:/pango/works/ECSDC_FPGA_2026/ipcore/cp2102_tx_fifo/rtl/ipml_sdpram_v1_13_cp2102_tx_fifo.v(line number: 627)] Unused register rd_addr_bsel_rd_ce was removed.
W: Sdm-2020: [D:/pango/works/ECSDC_FPGA_2026/ipcore/cp2102_tx_fifo/rtl/ipml_sdpram_v1_13_cp2102_tx_fifo.v(line number: 1047)] Unused register addr_bus_rd_ce was removed.
W: Sdm-2020: [D:/pango/works/ECSDC_FPGA_2026/ipcore/cp2102_tx_fifo/rtl/ipml_sdpram_v1_13_cp2102_tx_fifo.v(line number: 1054)] Unused register addr_bus_rd_oce was removed.
W: Sdm-2020: [D:/pango/works/ECSDC_FPGA_2026/ipcore/cp2102_tx_fifo/rtl/ipml_sdpram_v1_13_cp2102_tx_fifo.v(line number: 1061)] Unused register addr_bus_rd_invt was removed.
Executing : rtl-prep successfully. Time elapsed: 0.023s wall, 0.031s user + 0.000s system = 0.031s CPU (138.7%). Peak memory used: 187 MB.

Start rtl-infer.
Start DFF-inference.
Executing : DFF-inference successfully.
W: Sdm-2000: [D:/pango/works/ECSDC_FPGA_2026/ipcore/cp2102_tx_fifo/rtl/ipml_sdpram_v1_13_cp2102_tx_fifo.v(line number: 556)] Removed register node u_cp2102_top/u_cp2102/u_cp2102_tx_fifo/U_ipml_fifo_cp2102_tx_fifo/U_ipml_sdpram/wr_cs_bit2_bus_ff[0] that is stuck at constant 0.
W: Sdm-2000: [D:/pango/works/ECSDC_FPGA_2026/ipcore/cp2102_tx_fifo/rtl/ipml_sdpram_v1_13_cp2102_tx_fifo.v(line number: 556)] Removed register node u_cp2102_top/u_cp2102/u_cp2102_tx_fifo/U_ipml_fifo_cp2102_tx_fifo/U_ipml_sdpram/wr_cs_bit0_ff that is stuck at constant 0.
W: Sdm-2000: [D:/pango/works/ECSDC_FPGA_2026/ipcore/cp2102_tx_fifo/rtl/ipml_sdpram_v1_13_cp2102_tx_fifo.v(line number: 556)] Removed register node u_cp2102_top/u_cp2102/u_cp2102_tx_fifo/U_ipml_fifo_cp2102_tx_fifo/U_ipml_sdpram/wr_cs_bit1_bus_ff[0] that is stuck at constant 0.
W: Sdm-2000: [D:/pango/works/ECSDC_FPGA_2026/ipcore/cp2102_tx_fifo/rtl/ipml_sdpram_v1_13_cp2102_tx_fifo.v(line number: 745)] Removed register node u_cp2102_top/u_cp2102/u_cp2102_tx_fifo/U_ipml_fifo_cp2102_tx_fifo/U_ipml_sdpram/rd_cs_bit0_ff that is stuck at constant 0.
W: Sdm-2000: [D:/pango/works/ECSDC_FPGA_2026/ipcore/cp2102_tx_fifo/rtl/ipml_sdpram_v1_13_cp2102_tx_fifo.v(line number: 745)] Removed register node u_cp2102_top/u_cp2102/u_cp2102_tx_fifo/U_ipml_fifo_cp2102_tx_fifo/U_ipml_sdpram/rd_cs_bit1_bus_ff[0] that is stuck at constant 0.
W: Sdm-2000: [D:/pango/works/ECSDC_FPGA_2026/ipcore/cp2102_tx_fifo/rtl/ipml_sdpram_v1_13_cp2102_tx_fifo.v(line number: 745)] Removed register node u_cp2102_top/u_cp2102/u_cp2102_tx_fifo/U_ipml_fifo_cp2102_tx_fifo/U_ipml_sdpram/rd_cs_bit2_bus_ff[0] that is stuck at constant 0.
I: Removed inst frame_sent that is redundant to frame_done.
Executing : rtl-infer successfully. Time elapsed: 0.397s wall, 0.188s user + 0.203s system = 0.391s CPU (98.3%). Peak memory used: 189 MB.

Start rtl-control-opt.
Executing : rtl-control-opt successfully. Time elapsed: 0.036s wall, 0.047s user + 0.000s system = 0.047s CPU (130.9%). Peak memory used: 189 MB.

Start rtl-data-opt.
Executing : rtl-data-opt successfully. Time elapsed: 0.016s wall, 0.000s user + 0.000s system = 0.000s CPU (n/a%). Peak memory used: 189 MB.

Start FSM inference.
I: FSM tx_state_fsm[3:0] inferred.
I: FSM tx_mode_fsm[1:0] inferred.
I: FSM byte_index_fsm[1:0] inferred.
I: FSM uart_state_fsm[2:0] inferred.
I: FSM state_current_fsm[2:0] inferred.
Executing : FSM inference successfully. Time elapsed: 0.070s wall, 0.016s user + 0.062s system = 0.078s CPU (111.9%). Peak memory used: 189 MB.

Start sdm2adm.
I: Constant propagation done on N257 (bmsWIDEMUX).
I: Constant propagation done on N259 (bmsWIDEMUX).
I: Constant propagation done on N169 (bmsWIDEMUX).
I: Constant propagation done on N432 (bmsWIDEMUX).
I: Constant propagation done on N396 (bmsWIDEMUX).
I: Constant propagation done on N131 (bmsWIDEMUX).
I: Constant propagation done on N63 (bmsWIDEMUX).
I: Constant propagation done on N0 (bmsWIDEMUX).
I: Constant propagation done on N99_9 (bmsREDXOR).
I: Constant propagation done on N33 (bmsREDXOR).
Executing : sdm2adm successfully. Time elapsed: 0.041s wall, 0.031s user + 0.016s system = 0.047s CPU (115.4%). Peak memory used: 201 MB.

Saving design to DB.
Action Compile: Export DB successfully.
Action compile: Real time elapsed is 0h:0m:5s
Action compile: CPU time elapsed is 0h:0m:1s
Action compile: Process CPU time elapsed is 0h:0m:1s
Action compile: Peak memory pool usage is 201 MB

Current time: Wed Sep 30 22:42:02 2026
