#Build: Fabric Compiler 2025.2, Build 211867, Jan 16 16:10 2026
#Install: E:\work\pango\PDS_2025.2-ads\bin
#Application name: pds_shell.exe
#OS: Windows 11 10.0.26200
#CPU: Unknown
#RAM(GB): 32
#Hostname: dionirpyC
#Generated by Fabric Compiler (version 2025.2 build 211867) at Fri Sep 18 18:42:41 2026
Parameters for debugging are loaded as follows:
License checkout: fabric_ads from E:/work/pango/PDS_2025.2-ads/new_pds_F4A80DA47D72.lic
Compiling verification operator library.
Compiling vendor parameter file.
Loading technology operator library.
Compiling technology operator library.
Compiling technology operator (valence) library.
I: Enable Verilog2k features and keywords
Start rtl-analyze.
I: Include path: E:/code/PangoWork/Works/led
I: Verilog-0001: Analyzing file E:/code/PangoWork/Works/led/Designs/led/led_controller.v.
I: Verilog-0002: [E:/code/PangoWork/Works/led/Designs/led/led_controller.v(line number: 1)] Analyzing module led_controller (library work).
Parsing done.
I: Verilog-0001: Analyzing file E:/code/PangoWork/Works/led/Designs/led_top.v.
I: Verilog-0002: [E:/code/PangoWork/Works/led/Designs/led_top.v(line number: 1)] Analyzing module led_top (library work).
Parsing done.
I: Verilog-0001: Analyzing file E:/code/PangoWork/Works/led/Designs/key/key_controller.v.
I: Verilog-0002: [E:/code/PangoWork/Works/led/Designs/key/key_controller.v(line number: 1)] Analyzing module key_controller (library work).
Parsing done.
E: Verilog-4039: [E:/code/PangoWork/Works/led/Designs/led_top.v(line number: 30)] Identifier 'led_data' is not declared.
E: Verilog-4039: [E:/code/PangoWork/Works/led/Designs/led_top.v(line number: 30)] Identifier 'led_data' is not declared.
I: Module "led_top" is set as top module
Program Error Out.
Action compile: Real time elapsed is 0h:0m:5s
Action compile: CPU time elapsed is 0h:0m:1s
Action compile: Process CPU time elapsed is 0h:0m:1s
Action compile: Peak memory pool usage is 175 MB

Current time: Fri Sep 18 18:42:44 2026
