#Build: Fabric Compiler 2025.2, Build 211867, Jan 16 16:10 2026
#Install: E:\work\pango\PDS_2025.2-ads\bin
#Application name: pds_shell.exe
#OS: Windows 11 10.0.26200
#CPU: Unknown
#RAM(GB): 32
#Hostname: dionirpyC
#Generated by Fabric Compiler (version 2025.2 build 211867) at Wed Sep 23 19:02:45 2026
Parameters for debugging are loaded as follows:
License checkout: fabric_ads from E:/work/pango/PDS_2025.2-ads/new_pds_F4A80DA47D72.lic
Compiling verification operator library.
Compiling vendor parameter file.
Loading technology operator library.
Compiling technology operator library.
Compiling technology operator (valence) library.
I: Enable Verilog2k features and keywords
Start rtl-analyze.
I: Include path: E:/code/PangoWork/Works/i2c
I: Verilog-0001: Analyzing file E:/code/PangoWork/Works/i2c/Designs/Hardware/user_pll/user_pll.v.
I: Verilog-0002: [E:/code/PangoWork/Works/i2c/Designs/Hardware/user_pll/user_pll.v(line number: 4)] Analyzing module user_pll (library work).
Parsing done.
I: Module "user_pll" is set as top module
Executing : rtl-analyze successfully. Time elapsed: 1.981s wall, 0.016s user + 0.016s system = 0.031s CPU (1.6%). Peak memory used: 175 MB.

Start rtl-elaborate.
I: Verilog-0003: [E:/code/PangoWork/Works/i2c/Designs/Hardware/user_pll/user_pll.v(line number: 4)] Elaborating module user_pll.
I: Module instance {user_pll} parameter value:
    INPUT_FREQ = 32'sh2FAF080 | 50000000 | 32'sb00000010111110101111000010000000
    OUTPUT_FREQ = 32'shF4240 | 1000000 | 32'sb00000000000011110100001001000000
Executing : rtl-elaborate successfully. Time elapsed: 0.001s wall, 0.000s user + 0.000s system = 0.000s CPU (n/a%). Peak memory used: 175 MB.

Start rtl-prep.
Executing : rtl-prep successfully. Time elapsed: 0.000s wall, 0.000s user + 0.000s system = 0.000s CPU (n/a%). Peak memory used: 175 MB.

Start rtl-infer.
Start DFF-inference.
Executing : DFF-inference successfully.
Executing : rtl-infer successfully. Time elapsed: 0.011s wall, 0.000s user + 0.000s system = 0.000s CPU (n/a%). Peak memory used: 185 MB.

Start rtl-control-opt.
Executing : rtl-control-opt successfully. Time elapsed: 0.000s wall, 0.000s user + 0.000s system = 0.000s CPU (n/a%). Peak memory used: 185 MB.

Start rtl-data-opt.
Executing : rtl-data-opt successfully. Time elapsed: 0.001s wall, 0.000s user + 0.016s system = 0.016s CPU (n/a%). Peak memory used: 185 MB.

Start FSM inference.
Executing : FSM inference successfully. Time elapsed: 0.000s wall, 0.000s user + 0.000s system = 0.000s CPU (n/a%). Peak memory used: 185 MB.

Start sdm2adm.
Executing : sdm2adm successfully. Time elapsed: 0.004s wall, 0.000s user + 0.000s system = 0.000s CPU (n/a%). Peak memory used: 185 MB.

Saving design to DB.
Action Compile: Export DB successfully.
Action compile: Real time elapsed is 0h:0m:5s
Action compile: CPU time elapsed is 0h:0m:1s
Action compile: Process CPU time elapsed is 0h:0m:1s
Action compile: Peak memory pool usage is 185 MB

Current time: Wed Sep 23 19:02:48 2026
