#Build: Fabric Compiler 2025.2, Build 211867, Jan 16 16:10 2026
#Install: E:\work\pango\PDS_2025.2-ads\bin
#Application name: pds_shell.exe
#OS: Windows 11 10.0.26200
#CPU: Unknown
#RAM(GB): 32
#Hostname: dionirpyC
#Generated by Fabric Compiler (version 2025.2 build 211867) at Fri Sep 25 15:52:04 2026
Parameters for debugging are loaded as follows:
License checkout: fabric_ads from E:/work/pango/PDS_2025.2-ads/new_pds_F4A80DA47D72.lic
Compiling verification operator library.
Compiling vendor parameter file.
Loading technology operator library.
Compiling technology operator library.
Compiling technology operator (valence) library.
I: Enable Verilog2k features and keywords
Start rtl-analyze.
I: Include path: E:/code/PangoWork/Works/cp2102
I: Verilog-0001: Analyzing file E:/code/PangoWork/Works/cp2102/Designs/uart_loop_test_top.v.
I: Verilog-0002: [E:/code/PangoWork/Works/cp2102/Designs/uart_loop_test_top.v(line number: 5)] Analyzing module uart_loop_test_top (library work).
Parsing done.
I: Verilog-0001: Analyzing file E:/code/PangoWork/Works/cp2102/Designs/drivers/uart/uart_rx.v.
I: Verilog-0002: [E:/code/PangoWork/Works/cp2102/Designs/drivers/uart/uart_rx.v(line number: 3)] Analyzing module uart_rx (library work).
Parsing done.
I: Verilog-0001: Analyzing file E:/code/PangoWork/Works/cp2102/Designs/drivers/uart/uart_tx.v.
I: Verilog-0002: [E:/code/PangoWork/Works/cp2102/Designs/drivers/uart/uart_tx.v(line number: 5)] Analyzing module uart_tx (library work).
Parsing done.
I: Verilog-0001: Analyzing file E:/code/PangoWork/Works/cp2102/Designs/hardware/led/led.v.
I: Verilog-0002: [E:/code/PangoWork/Works/cp2102/Designs/hardware/led/led.v(line number: 4)] Analyzing module led (library work).
Parsing done.
I: Verilog-0001: Analyzing file E:/code/PangoWork/Works/cp2102/ipcore/pll_50mhz/pll_50mhz.v.
I: Verilog-0002: [E:/code/PangoWork/Works/cp2102/ipcore/pll_50mhz/pll_50mhz.v(line number: 18)] Analyzing module pll_50mhz (library pll_50mhz).
Parsing done.
I: Module "uart_loop_test_top" is set as top module
Executing : rtl-analyze successfully. Time elapsed: 2.078s wall, 0.031s user + 0.000s system = 0.031s CPU (1.5%). Peak memory used: 175 MB.

Start rtl-elaborate.
I: Verilog-0003: [E:/code/PangoWork/Works/cp2102/Designs/uart_loop_test_top.v(line number: 5)] Elaborating module uart_loop_test_top.
I: Module instance {uart_loop_test_top} parameter value:
    SYS_CLK_FREQ = 32'sh2FAF080 | 50000000 | 32'sb00000010111110101111000010000000
    UART_CLK_FREQ = 32'shE0F825 | 14743589 | 32'sb00000000111000001111100000100101
    BAUD_RATE = 32'shE1000 | 921600 | 32'sb00000000000011100001000000000000
    DATA_BITS = 32'sh8 | 8 | 32'sb00000000000000000000000000001000
    PARITY = NONE
    STOP_BITS = 32'sh1 | 1 | 32'sb00000000000000000000000000000001
    LED_ON_MS = 32'sh64 | 100 | 32'sb00000000000000000000000001100100
I: Verilog-0004: [E:/code/PangoWork/Works/cp2102/Designs/uart_loop_test_top.v(line number: 57)] Elaborating instance u_pll_50mhz.
I: Verilog-0003: [E:/code/PangoWork/Works/cp2102/ipcore/pll_50mhz/pll_50mhz.v(line number: 18)] Elaborating module pll_50mhz.
I: Verilog-0004: [E:/code/PangoWork/Works/cp2102/ipcore/pll_50mhz/pll_50mhz.v(line number: 230)] Elaborating instance u_pll_e3.
W: Verilog-2021: [E:/code/PangoWork/Works/cp2102/ipcore/pll_50mhz/pll_50mhz.v(line number: 117)] Net clkfb in pll_50mhz(original module pll_50mhz) does not have a driver, tie it to 0.
W: Verilog-2021: [E:/code/PangoWork/Works/cp2102/ipcore/pll_50mhz/pll_50mhz.v(line number: 120)] Net pfden in pll_50mhz(original module pll_50mhz) does not have a driver, tie it to 0.
W: Verilog-2021: [E:/code/PangoWork/Works/cp2102/ipcore/pll_50mhz/pll_50mhz.v(line number: 121)] Net clkout0_gate in pll_50mhz(original module pll_50mhz) does not have a driver, tie it to 0.
W: Verilog-2021: [E:/code/PangoWork/Works/cp2102/ipcore/pll_50mhz/pll_50mhz.v(line number: 122)] Net clkout0_2pad_gate in pll_50mhz(original module pll_50mhz) does not have a driver, tie it to 0.
W: Verilog-2021: [E:/code/PangoWork/Works/cp2102/ipcore/pll_50mhz/pll_50mhz.v(line number: 123)] Net clkout1_gate in pll_50mhz(original module pll_50mhz) does not have a driver, tie it to 0.
W: Verilog-2021: [E:/code/PangoWork/Works/cp2102/ipcore/pll_50mhz/pll_50mhz.v(line number: 124)] Net clkout2_gate in pll_50mhz(original module pll_50mhz) does not have a driver, tie it to 0.
W: Verilog-2021: [E:/code/PangoWork/Works/cp2102/ipcore/pll_50mhz/pll_50mhz.v(line number: 125)] Net clkout3_gate in pll_50mhz(original module pll_50mhz) does not have a driver, tie it to 0.
W: Verilog-2021: [E:/code/PangoWork/Works/cp2102/ipcore/pll_50mhz/pll_50mhz.v(line number: 126)] Net clkout4_gate in pll_50mhz(original module pll_50mhz) does not have a driver, tie it to 0.
W: Verilog-2021: [E:/code/PangoWork/Works/cp2102/ipcore/pll_50mhz/pll_50mhz.v(line number: 127)] Net clkout5_gate in pll_50mhz(original module pll_50mhz) does not have a driver, tie it to 0.
W: Verilog-2021: [E:/code/PangoWork/Works/cp2102/ipcore/pll_50mhz/pll_50mhz.v(line number: 128)] Net dyn_idiv in pll_50mhz(original module pll_50mhz) does not have a driver, tie it to 0.
W: Verilog-2021: [E:/code/PangoWork/Works/cp2102/ipcore/pll_50mhz/pll_50mhz.v(line number: 129)] Net dyn_odiv0 in pll_50mhz(original module pll_50mhz) does not have a driver, tie it to 0.
W: Verilog-2021: [E:/code/PangoWork/Works/cp2102/ipcore/pll_50mhz/pll_50mhz.v(line number: 130)] Net dyn_odiv1 in pll_50mhz(original module pll_50mhz) does not have a driver, tie it to 0.
W: Verilog-2021: [E:/code/PangoWork/Works/cp2102/ipcore/pll_50mhz/pll_50mhz.v(line number: 131)] Net dyn_odiv2 in pll_50mhz(original module pll_50mhz) does not have a driver, tie it to 0.
W: Verilog-2021: [E:/code/PangoWork/Works/cp2102/ipcore/pll_50mhz/pll_50mhz.v(line number: 132)] Net dyn_odiv3 in pll_50mhz(original module pll_50mhz) does not have a driver, tie it to 0.
W: Verilog-2021: [E:/code/PangoWork/Works/cp2102/ipcore/pll_50mhz/pll_50mhz.v(line number: 133)] Net dyn_odiv4 in pll_50mhz(original module pll_50mhz) does not have a driver, tie it to 0.
W: Verilog-2021: [E:/code/PangoWork/Works/cp2102/ipcore/pll_50mhz/pll_50mhz.v(line number: 134)] Net dyn_fdiv in pll_50mhz(original module pll_50mhz) does not have a driver, tie it to 0.
W: Verilog-2021: [E:/code/PangoWork/Works/cp2102/ipcore/pll_50mhz/pll_50mhz.v(line number: 135)] Net dyn_duty0 in pll_50mhz(original module pll_50mhz) does not have a driver, tie it to 0.
W: Verilog-2021: [E:/code/PangoWork/Works/cp2102/ipcore/pll_50mhz/pll_50mhz.v(line number: 136)] Net dyn_duty1 in pll_50mhz(original module pll_50mhz) does not have a driver, tie it to 0.
W: Verilog-2021: [E:/code/PangoWork/Works/cp2102/ipcore/pll_50mhz/pll_50mhz.v(line number: 137)] Net dyn_duty2 in pll_50mhz(original module pll_50mhz) does not have a driver, tie it to 0.
W: Verilog-2021: [E:/code/PangoWork/Works/cp2102/ipcore/pll_50mhz/pll_50mhz.v(line number: 138)] Net dyn_duty3 in pll_50mhz(original module pll_50mhz) does not have a driver, tie it to 0.
W: Verilog-2021: [E:/code/PangoWork/Works/cp2102/ipcore/pll_50mhz/pll_50mhz.v(line number: 139)] Net dyn_duty4 in pll_50mhz(original module pll_50mhz) does not have a driver, tie it to 0.
I: Verilog-0004: [E:/code/PangoWork/Works/cp2102/Designs/uart_loop_test_top.v(line number: 91)] Elaborating instance u_uart_rx.
I: Verilog-0003: [E:/code/PangoWork/Works/cp2102/Designs/drivers/uart/uart_rx.v(line number: 3)] Elaborating module uart_rx.
I: Module instance {uart_loop_test_top/u_uart_rx} parameter value:
    SYS_CLK_FREQ = 32'sh2FAF080 | 50000000 | 32'sb00000010111110101111000010000000
    UART_CLK_FREQ = 32'shE0F825 | 14743589 | 32'sb00000000111000001111100000100101
    BAUD_RATE = 32'shE1000 | 921600 | 32'sb00000000000011100001000000000000
    DATA_BITS = 32'sh8 | 8 | 32'sb00000000000000000000000000001000
    PARITY = NONE
    STOP_BITS = 32'sh1 | 1 | 32'sb00000000000000000000000000000001
I: Verilog-0004: [E:/code/PangoWork/Works/cp2102/Designs/uart_loop_test_top.v(line number: 123)] Elaborating instance u_uart_tx.
I: Verilog-0003: [E:/code/PangoWork/Works/cp2102/Designs/drivers/uart/uart_tx.v(line number: 5)] Elaborating module uart_tx.
I: Module instance {uart_loop_test_top/u_uart_tx} parameter value:
    SYS_CLK_FREQ = 32'sh2FAF080 | 50000000 | 32'sb00000010111110101111000010000000
    UART_CLK_FREQ = 32'shE0F825 | 14743589 | 32'sb00000000111000001111100000100101
    BAUD_RATE = 32'shE1000 | 921600 | 32'sb00000000000011100001000000000000
    DATA_BITS = 32'sh8 | 8 | 32'sb00000000000000000000000000001000
    PARITY = NONE
    STOP_BITS = 32'sh1 | 1 | 32'sb00000000000000000000000000000001
I: Verilog-0004: [E:/code/PangoWork/Works/cp2102/Designs/uart_loop_test_top.v(line number: 186)] Elaborating instance u_led.
I: Verilog-0003: [E:/code/PangoWork/Works/cp2102/Designs/hardware/led/led.v(line number: 4)] Elaborating module led.
I: Module instance {uart_loop_test_top/u_led} parameter value:
    LED_NUMBER = 32'sh8 | 8 | 32'sb00000000000000000000000000001000
Executing : rtl-elaborate successfully. Time elapsed: 0.016s wall, 0.000s user + 0.016s system = 0.016s CPU (98.5%). Peak memory used: 185 MB.

Start rtl-prep.
Executing : rtl-prep successfully. Time elapsed: 0.006s wall, 0.000s user + 0.016s system = 0.016s CPU (244.0%). Peak memory used: 185 MB.

Start rtl-infer.
Start DFF-inference.
C: Sdm-3003: [E:/code/PangoWork/Works/cp2102/Designs/drivers/uart/uart_rx.v(line number: 116)] Reduce accumulator bit_index size from 32 to 3.
W: Sdm-2000: [E:/code/PangoWork/Works/cp2102/Designs/drivers/uart/uart_rx.v(line number: 116)] Removed register node u_uart_rx/bit_index[31] that is stuck at constant 0.
W: Sdm-2000: [E:/code/PangoWork/Works/cp2102/Designs/drivers/uart/uart_rx.v(line number: 116)] Removed register node u_uart_rx/bit_index[30] that is stuck at constant 0.
W: Sdm-2000: [E:/code/PangoWork/Works/cp2102/Designs/drivers/uart/uart_rx.v(line number: 116)] Removed register node u_uart_rx/bit_index[29] that is stuck at constant 0.
W: Sdm-2000: [E:/code/PangoWork/Works/cp2102/Designs/drivers/uart/uart_rx.v(line number: 116)] Removed register node u_uart_rx/bit_index[28] that is stuck at constant 0.
W: Sdm-2000: [E:/code/PangoWork/Works/cp2102/Designs/drivers/uart/uart_rx.v(line number: 116)] Removed register node u_uart_rx/bit_index[27] that is stuck at constant 0.
W: Sdm-2000: [E:/code/PangoWork/Works/cp2102/Designs/drivers/uart/uart_rx.v(line number: 116)] Removed register node u_uart_rx/bit_index[26] that is stuck at constant 0.
W: Sdm-2000: [E:/code/PangoWork/Works/cp2102/Designs/drivers/uart/uart_rx.v(line number: 116)] Removed register node u_uart_rx/bit_index[25] that is stuck at constant 0.
W: Sdm-2000: [E:/code/PangoWork/Works/cp2102/Designs/drivers/uart/uart_rx.v(line number: 116)] Removed register node u_uart_rx/bit_index[24] that is stuck at constant 0.
W: Sdm-2000: [E:/code/PangoWork/Works/cp2102/Designs/drivers/uart/uart_rx.v(line number: 116)] Removed register node u_uart_rx/bit_index[23] that is stuck at constant 0.
W: Sdm-2000: [E:/code/PangoWork/Works/cp2102/Designs/drivers/uart/uart_rx.v(line number: 116)] Removed register node u_uart_rx/bit_index[22] that is stuck at constant 0.
W: Sdm-2000: [E:/code/PangoWork/Works/cp2102/Designs/drivers/uart/uart_rx.v(line number: 116)] Removed register node u_uart_rx/bit_index[21] that is stuck at constant 0.
W: Sdm-2000: [E:/code/PangoWork/Works/cp2102/Designs/drivers/uart/uart_rx.v(line number: 116)] Removed register node u_uart_rx/bit_index[20] that is stuck at constant 0.
W: Sdm-2000: [E:/code/PangoWork/Works/cp2102/Designs/drivers/uart/uart_rx.v(line number: 116)] Removed register node u_uart_rx/bit_index[19] that is stuck at constant 0.
W: Sdm-2000: [E:/code/PangoWork/Works/cp2102/Designs/drivers/uart/uart_rx.v(line number: 116)] Removed register node u_uart_rx/bit_index[18] that is stuck at constant 0.
W: Sdm-2000: [E:/code/PangoWork/Works/cp2102/Designs/drivers/uart/uart_rx.v(line number: 116)] Removed register node u_uart_rx/bit_index[17] that is stuck at constant 0.
W: Sdm-2000: [E:/code/PangoWork/Works/cp2102/Designs/drivers/uart/uart_rx.v(line number: 116)] Removed register node u_uart_rx/bit_index[16] that is stuck at constant 0.
W: Sdm-2000: [E:/code/PangoWork/Works/cp2102/Designs/drivers/uart/uart_rx.v(line number: 116)] Removed register node u_uart_rx/bit_index[15] that is stuck at constant 0.
W: Sdm-2000: [E:/code/PangoWork/Works/cp2102/Designs/drivers/uart/uart_rx.v(line number: 116)] Removed register node u_uart_rx/bit_index[14] that is stuck at constant 0.
W: Sdm-2000: [E:/code/PangoWork/Works/cp2102/Designs/drivers/uart/uart_rx.v(line number: 116)] Removed register node u_uart_rx/bit_index[13] that is stuck at constant 0.
W: Sdm-2000: [E:/code/PangoWork/Works/cp2102/Designs/drivers/uart/uart_rx.v(line number: 116)] Removed register node u_uart_rx/bit_index[12] that is stuck at constant 0.
W: Sdm-2000: [E:/code/PangoWork/Works/cp2102/Designs/drivers/uart/uart_rx.v(line number: 116)] Removed register node u_uart_rx/bit_index[11] that is stuck at constant 0.
W: Sdm-2000: [E:/code/PangoWork/Works/cp2102/Designs/drivers/uart/uart_rx.v(line number: 116)] Removed register node u_uart_rx/bit_index[10] that is stuck at constant 0.
W: Sdm-2000: [E:/code/PangoWork/Works/cp2102/Designs/drivers/uart/uart_rx.v(line number: 116)] Removed register node u_uart_rx/bit_index[9] that is stuck at constant 0.
W: Sdm-2000: [E:/code/PangoWork/Works/cp2102/Designs/drivers/uart/uart_rx.v(line number: 116)] Removed register node u_uart_rx/bit_index[8] that is stuck at constant 0.
W: Sdm-2000: [E:/code/PangoWork/Works/cp2102/Designs/drivers/uart/uart_rx.v(line number: 116)] Removed register node u_uart_rx/bit_index[7] that is stuck at constant 0.
W: Sdm-2000: [E:/code/PangoWork/Works/cp2102/Designs/drivers/uart/uart_rx.v(line number: 116)] Removed register node u_uart_rx/bit_index[6] that is stuck at constant 0.
W: Sdm-2000: [E:/code/PangoWork/Works/cp2102/Designs/drivers/uart/uart_rx.v(line number: 116)] Removed register node u_uart_rx/bit_index[5] that is stuck at constant 0.
W: Sdm-2000: [E:/code/PangoWork/Works/cp2102/Designs/drivers/uart/uart_rx.v(line number: 116)] Removed register node u_uart_rx/bit_index[4] that is stuck at constant 0.
W: Sdm-2000: [E:/code/PangoWork/Works/cp2102/Designs/drivers/uart/uart_rx.v(line number: 116)] Removed register node u_uart_rx/bit_index[3] that is stuck at constant 0.
C: Sdm-3003: [E:/code/PangoWork/Works/cp2102/Designs/drivers/uart/uart_rx.v(line number: 116)] Reduce accumulator stop_index size from 32 to 1.
W: Sdm-2000: [E:/code/PangoWork/Works/cp2102/Designs/drivers/uart/uart_rx.v(line number: 116)] Removed register node u_uart_rx/stop_index[31] that is stuck at constant 0.
W: Sdm-2000: [E:/code/PangoWork/Works/cp2102/Designs/drivers/uart/uart_rx.v(line number: 116)] Removed register node u_uart_rx/stop_index[30] that is stuck at constant 0.
W: Sdm-2000: [E:/code/PangoWork/Works/cp2102/Designs/drivers/uart/uart_rx.v(line number: 116)] Removed register node u_uart_rx/stop_index[29] that is stuck at constant 0.
W: Sdm-2000: [E:/code/PangoWork/Works/cp2102/Designs/drivers/uart/uart_rx.v(line number: 116)] Removed register node u_uart_rx/stop_index[28] that is stuck at constant 0.
W: Sdm-2000: [E:/code/PangoWork/Works/cp2102/Designs/drivers/uart/uart_rx.v(line number: 116)] Removed register node u_uart_rx/stop_index[27] that is stuck at constant 0.
W: Sdm-2000: [E:/code/PangoWork/Works/cp2102/Designs/drivers/uart/uart_rx.v(line number: 116)] Removed register node u_uart_rx/stop_index[26] that is stuck at constant 0.
W: Sdm-2000: [E:/code/PangoWork/Works/cp2102/Designs/drivers/uart/uart_rx.v(line number: 116)] Removed register node u_uart_rx/stop_index[25] that is stuck at constant 0.
W: Sdm-2000: [E:/code/PangoWork/Works/cp2102/Designs/drivers/uart/uart_rx.v(line number: 116)] Removed register node u_uart_rx/stop_index[24] that is stuck at constant 0.
W: Sdm-2000: [E:/code/PangoWork/Works/cp2102/Designs/drivers/uart/uart_rx.v(line number: 116)] Removed register node u_uart_rx/stop_index[23] that is stuck at constant 0.
W: Sdm-2000: [E:/code/PangoWork/Works/cp2102/Designs/drivers/uart/uart_rx.v(line number: 116)] Removed register node u_uart_rx/stop_index[22] that is stuck at constant 0.
W: Sdm-2000: [E:/code/PangoWork/Works/cp2102/Designs/drivers/uart/uart_rx.v(line number: 116)] Removed register node u_uart_rx/stop_index[21] that is stuck at constant 0.
W: Sdm-2000: [E:/code/PangoWork/Works/cp2102/Designs/drivers/uart/uart_rx.v(line number: 116)] Removed register node u_uart_rx/stop_index[20] that is stuck at constant 0.
W: Sdm-2000: [E:/code/PangoWork/Works/cp2102/Designs/drivers/uart/uart_rx.v(line number: 116)] Removed register node u_uart_rx/stop_index[19] that is stuck at constant 0.
W: Sdm-2000: [E:/code/PangoWork/Works/cp2102/Designs/drivers/uart/uart_rx.v(line number: 116)] Removed register node u_uart_rx/stop_index[18] that is stuck at constant 0.
W: Sdm-2000: [E:/code/PangoWork/Works/cp2102/Designs/drivers/uart/uart_rx.v(line number: 116)] Removed register node u_uart_rx/stop_index[17] that is stuck at constant 0.
W: Sdm-2000: [E:/code/PangoWork/Works/cp2102/Designs/drivers/uart/uart_rx.v(line number: 116)] Removed register node u_uart_rx/stop_index[16] that is stuck at constant 0.
W: Sdm-2000: [E:/code/PangoWork/Works/cp2102/Designs/drivers/uart/uart_rx.v(line number: 116)] Removed register node u_uart_rx/stop_index[15] that is stuck at constant 0.
W: Sdm-2000: [E:/code/PangoWork/Works/cp2102/Designs/drivers/uart/uart_rx.v(line number: 116)] Removed register node u_uart_rx/stop_index[14] that is stuck at constant 0.
W: Sdm-2000: [E:/code/PangoWork/Works/cp2102/Designs/drivers/uart/uart_rx.v(line number: 116)] Removed register node u_uart_rx/stop_index[13] that is stuck at constant 0.
W: Sdm-2000: [E:/code/PangoWork/Works/cp2102/Designs/drivers/uart/uart_rx.v(line number: 116)] Removed register node u_uart_rx/stop_index[12] that is stuck at constant 0.
W: Sdm-2000: [E:/code/PangoWork/Works/cp2102/Designs/drivers/uart/uart_rx.v(line number: 116)] Removed register node u_uart_rx/stop_index[11] that is stuck at constant 0.
W: Sdm-2000: [E:/code/PangoWork/Works/cp2102/Designs/drivers/uart/uart_rx.v(line number: 116)] Removed register node u_uart_rx/stop_index[10] that is stuck at constant 0.
W: Sdm-2000: [E:/code/PangoWork/Works/cp2102/Designs/drivers/uart/uart_rx.v(line number: 116)] Removed register node u_uart_rx/stop_index[9] that is stuck at constant 0.
W: Sdm-2000: [E:/code/PangoWork/Works/cp2102/Designs/drivers/uart/uart_rx.v(line number: 116)] Removed register node u_uart_rx/stop_index[8] that is stuck at constant 0.
W: Sdm-2000: [E:/code/PangoWork/Works/cp2102/Designs/drivers/uart/uart_rx.v(line number: 116)] Removed register node u_uart_rx/stop_index[7] that is stuck at constant 0.
W: Sdm-2000: [E:/code/PangoWork/Works/cp2102/Designs/drivers/uart/uart_rx.v(line number: 116)] Removed register node u_uart_rx/stop_index[6] that is stuck at constant 0.
W: Sdm-2000: [E:/code/PangoWork/Works/cp2102/Designs/drivers/uart/uart_rx.v(line number: 116)] Removed register node u_uart_rx/stop_index[5] that is stuck at constant 0.
W: Sdm-2000: [E:/code/PangoWork/Works/cp2102/Designs/drivers/uart/uart_rx.v(line number: 116)] Removed register node u_uart_rx/stop_index[4] that is stuck at constant 0.
W: Sdm-2000: [E:/code/PangoWork/Works/cp2102/Designs/drivers/uart/uart_rx.v(line number: 116)] Removed register node u_uart_rx/stop_index[3] that is stuck at constant 0.
W: Sdm-2000: [E:/code/PangoWork/Works/cp2102/Designs/drivers/uart/uart_rx.v(line number: 116)] Removed register node u_uart_rx/stop_index[2] that is stuck at constant 0.
W: Sdm-2000: [E:/code/PangoWork/Works/cp2102/Designs/drivers/uart/uart_rx.v(line number: 116)] Removed register node u_uart_rx/stop_index[1] that is stuck at constant 0.
C: Sdm-3005: [E:/code/PangoWork/Works/cp2102/Designs/drivers/uart/uart_tx.v(line number: 167)] The value of index bit_index of variable tx_data_latch may be out of range [7:0], this may cause a simulation mismatch.
C: Sdm-3003: [E:/code/PangoWork/Works/cp2102/Designs/drivers/uart/uart_tx.v(line number: 98)] Reduce accumulator bit_index size from 32 to 3.
W: Sdm-2000: [E:/code/PangoWork/Works/cp2102/Designs/drivers/uart/uart_tx.v(line number: 98)] Removed register node u_uart_tx/bit_index[31] that is stuck at constant 0.
W: Sdm-2000: [E:/code/PangoWork/Works/cp2102/Designs/drivers/uart/uart_tx.v(line number: 98)] Removed register node u_uart_tx/bit_index[30] that is stuck at constant 0.
W: Sdm-2000: [E:/code/PangoWork/Works/cp2102/Designs/drivers/uart/uart_tx.v(line number: 98)] Removed register node u_uart_tx/bit_index[29] that is stuck at constant 0.
W: Sdm-2000: [E:/code/PangoWork/Works/cp2102/Designs/drivers/uart/uart_tx.v(line number: 98)] Removed register node u_uart_tx/bit_index[28] that is stuck at constant 0.
W: Sdm-2000: [E:/code/PangoWork/Works/cp2102/Designs/drivers/uart/uart_tx.v(line number: 98)] Removed register node u_uart_tx/bit_index[27] that is stuck at constant 0.
W: Sdm-2000: [E:/code/PangoWork/Works/cp2102/Designs/drivers/uart/uart_tx.v(line number: 98)] Removed register node u_uart_tx/bit_index[26] that is stuck at constant 0.
W: Sdm-2000: [E:/code/PangoWork/Works/cp2102/Designs/drivers/uart/uart_tx.v(line number: 98)] Removed register node u_uart_tx/bit_index[25] that is stuck at constant 0.
W: Sdm-2000: [E:/code/PangoWork/Works/cp2102/Designs/drivers/uart/uart_tx.v(line number: 98)] Removed register node u_uart_tx/bit_index[24] that is stuck at constant 0.
W: Sdm-2000: [E:/code/PangoWork/Works/cp2102/Designs/drivers/uart/uart_tx.v(line number: 98)] Removed register node u_uart_tx/bit_index[23] that is stuck at constant 0.
W: Sdm-2000: [E:/code/PangoWork/Works/cp2102/Designs/drivers/uart/uart_tx.v(line number: 98)] Removed register node u_uart_tx/bit_index[22] that is stuck at constant 0.
W: Sdm-2000: [E:/code/PangoWork/Works/cp2102/Designs/drivers/uart/uart_tx.v(line number: 98)] Removed register node u_uart_tx/bit_index[21] that is stuck at constant 0.
W: Sdm-2000: [E:/code/PangoWork/Works/cp2102/Designs/drivers/uart/uart_tx.v(line number: 98)] Removed register node u_uart_tx/bit_index[20] that is stuck at constant 0.
W: Sdm-2000: [E:/code/PangoWork/Works/cp2102/Designs/drivers/uart/uart_tx.v(line number: 98)] Removed register node u_uart_tx/bit_index[19] that is stuck at constant 0.
W: Sdm-2000: [E:/code/PangoWork/Works/cp2102/Designs/drivers/uart/uart_tx.v(line number: 98)] Removed register node u_uart_tx/bit_index[18] that is stuck at constant 0.
W: Sdm-2000: [E:/code/PangoWork/Works/cp2102/Designs/drivers/uart/uart_tx.v(line number: 98)] Removed register node u_uart_tx/bit_index[17] that is stuck at constant 0.
W: Sdm-2000: [E:/code/PangoWork/Works/cp2102/Designs/drivers/uart/uart_tx.v(line number: 98)] Removed register node u_uart_tx/bit_index[16] that is stuck at constant 0.
W: Sdm-2000: [E:/code/PangoWork/Works/cp2102/Designs/drivers/uart/uart_tx.v(line number: 98)] Removed register node u_uart_tx/bit_index[15] that is stuck at constant 0.
W: Sdm-2000: [E:/code/PangoWork/Works/cp2102/Designs/drivers/uart/uart_tx.v(line number: 98)] Removed register node u_uart_tx/bit_index[14] that is stuck at constant 0.
W: Sdm-2000: [E:/code/PangoWork/Works/cp2102/Designs/drivers/uart/uart_tx.v(line number: 98)] Removed register node u_uart_tx/bit_index[13] that is stuck at constant 0.
W: Sdm-2000: [E:/code/PangoWork/Works/cp2102/Designs/drivers/uart/uart_tx.v(line number: 98)] Removed register node u_uart_tx/bit_index[12] that is stuck at constant 0.
W: Sdm-2000: [E:/code/PangoWork/Works/cp2102/Designs/drivers/uart/uart_tx.v(line number: 98)] Removed register node u_uart_tx/bit_index[11] that is stuck at constant 0.
W: Sdm-2000: [E:/code/PangoWork/Works/cp2102/Designs/drivers/uart/uart_tx.v(line number: 98)] Removed register node u_uart_tx/bit_index[10] that is stuck at constant 0.
W: Sdm-2000: [E:/code/PangoWork/Works/cp2102/Designs/drivers/uart/uart_tx.v(line number: 98)] Removed register node u_uart_tx/bit_index[9] that is stuck at constant 0.
W: Sdm-2000: [E:/code/PangoWork/Works/cp2102/Designs/drivers/uart/uart_tx.v(line number: 98)] Removed register node u_uart_tx/bit_index[8] that is stuck at constant 0.
W: Sdm-2000: [E:/code/PangoWork/Works/cp2102/Designs/drivers/uart/uart_tx.v(line number: 98)] Removed register node u_uart_tx/bit_index[7] that is stuck at constant 0.
W: Sdm-2000: [E:/code/PangoWork/Works/cp2102/Designs/drivers/uart/uart_tx.v(line number: 98)] Removed register node u_uart_tx/bit_index[6] that is stuck at constant 0.
W: Sdm-2000: [E:/code/PangoWork/Works/cp2102/Designs/drivers/uart/uart_tx.v(line number: 98)] Removed register node u_uart_tx/bit_index[5] that is stuck at constant 0.
W: Sdm-2000: [E:/code/PangoWork/Works/cp2102/Designs/drivers/uart/uart_tx.v(line number: 98)] Removed register node u_uart_tx/bit_index[4] that is stuck at constant 0.
W: Sdm-2000: [E:/code/PangoWork/Works/cp2102/Designs/drivers/uart/uart_tx.v(line number: 98)] Removed register node u_uart_tx/bit_index[3] that is stuck at constant 0.
C: Sdm-3003: [E:/code/PangoWork/Works/cp2102/Designs/drivers/uart/uart_tx.v(line number: 98)] Reduce accumulator stop_index size from 32 to 1.
W: Sdm-2000: [E:/code/PangoWork/Works/cp2102/Designs/drivers/uart/uart_tx.v(line number: 98)] Removed register node u_uart_tx/stop_index[31] that is stuck at constant 0.
W: Sdm-2000: [E:/code/PangoWork/Works/cp2102/Designs/drivers/uart/uart_tx.v(line number: 98)] Removed register node u_uart_tx/stop_index[30] that is stuck at constant 0.
W: Sdm-2000: [E:/code/PangoWork/Works/cp2102/Designs/drivers/uart/uart_tx.v(line number: 98)] Removed register node u_uart_tx/stop_index[29] that is stuck at constant 0.
W: Sdm-2000: [E:/code/PangoWork/Works/cp2102/Designs/drivers/uart/uart_tx.v(line number: 98)] Removed register node u_uart_tx/stop_index[28] that is stuck at constant 0.
W: Sdm-2000: [E:/code/PangoWork/Works/cp2102/Designs/drivers/uart/uart_tx.v(line number: 98)] Removed register node u_uart_tx/stop_index[27] that is stuck at constant 0.
W: Sdm-2000: [E:/code/PangoWork/Works/cp2102/Designs/drivers/uart/uart_tx.v(line number: 98)] Removed register node u_uart_tx/stop_index[26] that is stuck at constant 0.
W: Sdm-2000: [E:/code/PangoWork/Works/cp2102/Designs/drivers/uart/uart_tx.v(line number: 98)] Removed register node u_uart_tx/stop_index[25] that is stuck at constant 0.
W: Sdm-2000: [E:/code/PangoWork/Works/cp2102/Designs/drivers/uart/uart_tx.v(line number: 98)] Removed register node u_uart_tx/stop_index[24] that is stuck at constant 0.
W: Sdm-2000: [E:/code/PangoWork/Works/cp2102/Designs/drivers/uart/uart_tx.v(line number: 98)] Removed register node u_uart_tx/stop_index[23] that is stuck at constant 0.
W: Sdm-2000: [E:/code/PangoWork/Works/cp2102/Designs/drivers/uart/uart_tx.v(line number: 98)] Removed register node u_uart_tx/stop_index[22] that is stuck at constant 0.
W: Sdm-2000: [E:/code/PangoWork/Works/cp2102/Designs/drivers/uart/uart_tx.v(line number: 98)] Removed register node u_uart_tx/stop_index[21] that is stuck at constant 0.
W: Sdm-2000: [E:/code/PangoWork/Works/cp2102/Designs/drivers/uart/uart_tx.v(line number: 98)] Removed register node u_uart_tx/stop_index[20] that is stuck at constant 0.
W: Sdm-2000: [E:/code/PangoWork/Works/cp2102/Designs/drivers/uart/uart_tx.v(line number: 98)] Removed register node u_uart_tx/stop_index[19] that is stuck at constant 0.
W: Sdm-2000: [E:/code/PangoWork/Works/cp2102/Designs/drivers/uart/uart_tx.v(line number: 98)] Removed register node u_uart_tx/stop_index[18] that is stuck at constant 0.
W: Sdm-2000: [E:/code/PangoWork/Works/cp2102/Designs/drivers/uart/uart_tx.v(line number: 98)] Removed register node u_uart_tx/stop_index[17] that is stuck at constant 0.
W: Sdm-2000: [E:/code/PangoWork/Works/cp2102/Designs/drivers/uart/uart_tx.v(line number: 98)] Removed register node u_uart_tx/stop_index[16] that is stuck at constant 0.
W: Sdm-2000: [E:/code/PangoWork/Works/cp2102/Designs/drivers/uart/uart_tx.v(line number: 98)] Removed register node u_uart_tx/stop_index[15] that is stuck at constant 0.
W: Sdm-2000: [E:/code/PangoWork/Works/cp2102/Designs/drivers/uart/uart_tx.v(line number: 98)] Removed register node u_uart_tx/stop_index[14] that is stuck at constant 0.
W: Sdm-2000: [E:/code/PangoWork/Works/cp2102/Designs/drivers/uart/uart_tx.v(line number: 98)] Removed register node u_uart_tx/stop_index[13] that is stuck at constant 0.
W: Sdm-2000: [E:/code/PangoWork/Works/cp2102/Designs/drivers/uart/uart_tx.v(line number: 98)] Removed register node u_uart_tx/stop_index[12] that is stuck at constant 0.
W: Sdm-2000: [E:/code/PangoWork/Works/cp2102/Designs/drivers/uart/uart_tx.v(line number: 98)] Removed register node u_uart_tx/stop_index[11] that is stuck at constant 0.
W: Sdm-2000: [E:/code/PangoWork/Works/cp2102/Designs/drivers/uart/uart_tx.v(line number: 98)] Removed register node u_uart_tx/stop_index[10] that is stuck at constant 0.
W: Sdm-2000: [E:/code/PangoWork/Works/cp2102/Designs/drivers/uart/uart_tx.v(line number: 98)] Removed register node u_uart_tx/stop_index[9] that is stuck at constant 0.
W: Sdm-2000: [E:/code/PangoWork/Works/cp2102/Designs/drivers/uart/uart_tx.v(line number: 98)] Removed register node u_uart_tx/stop_index[8] that is stuck at constant 0.
W: Sdm-2000: [E:/code/PangoWork/Works/cp2102/Designs/drivers/uart/uart_tx.v(line number: 98)] Removed register node u_uart_tx/stop_index[7] that is stuck at constant 0.
W: Sdm-2000: [E:/code/PangoWork/Works/cp2102/Designs/drivers/uart/uart_tx.v(line number: 98)] Removed register node u_uart_tx/stop_index[6] that is stuck at constant 0.
W: Sdm-2000: [E:/code/PangoWork/Works/cp2102/Designs/drivers/uart/uart_tx.v(line number: 98)] Removed register node u_uart_tx/stop_index[5] that is stuck at constant 0.
W: Sdm-2000: [E:/code/PangoWork/Works/cp2102/Designs/drivers/uart/uart_tx.v(line number: 98)] Removed register node u_uart_tx/stop_index[4] that is stuck at constant 0.
W: Sdm-2000: [E:/code/PangoWork/Works/cp2102/Designs/drivers/uart/uart_tx.v(line number: 98)] Removed register node u_uart_tx/stop_index[3] that is stuck at constant 0.
W: Sdm-2000: [E:/code/PangoWork/Works/cp2102/Designs/drivers/uart/uart_tx.v(line number: 98)] Removed register node u_uart_tx/stop_index[2] that is stuck at constant 0.
W: Sdm-2000: [E:/code/PangoWork/Works/cp2102/Designs/drivers/uart/uart_tx.v(line number: 98)] Removed register node u_uart_tx/stop_index[1] that is stuck at constant 0.
Executing : DFF-inference successfully.
Executing : rtl-infer successfully. Time elapsed: 0.169s wall, 0.109s user + 0.047s system = 0.156s CPU (92.7%). Peak memory used: 187 MB.

Start rtl-control-opt.
Executing : rtl-control-opt successfully. Time elapsed: 0.015s wall, 0.016s user + 0.000s system = 0.016s CPU (105.9%). Peak memory used: 187 MB.

Start rtl-data-opt.
Executing : rtl-data-opt successfully. Time elapsed: 0.016s wall, 0.016s user + 0.000s system = 0.016s CPU (96.6%). Peak memory used: 187 MB.

Start FSM inference.
I: FSM current_state_fsm[2:0] inferred.
I: FSM current_state_fsm[2:0] inferred.
Executing : FSM inference successfully. Time elapsed: 0.025s wall, 0.031s user + 0.000s system = 0.031s CPU (127.5%). Peak memory used: 187 MB.

Start sdm2adm.
I: Constant propagation done on bit_index[3]_inv (bmsINV).
I: Constant propagation done on bit_index[4]_inv (bmsINV).
I: Constant propagation done on bit_index[5]_inv (bmsINV).
I: Constant propagation done on bit_index[6]_inv (bmsINV).
I: Constant propagation done on bit_index[7]_inv (bmsINV).
I: Constant propagation done on bit_index[8]_inv (bmsINV).
I: Constant propagation done on bit_index[9]_inv (bmsINV).
I: Constant propagation done on bit_index[10]_inv (bmsINV).
I: Constant propagation done on bit_index[11]_inv (bmsINV).
I: Constant propagation done on bit_index[12]_inv (bmsINV).
Executing : sdm2adm successfully. Time elapsed: 0.025s wall, 0.031s user + 0.000s system = 0.031s CPU (123.3%). Peak memory used: 189 MB.

Saving design to DB.
Action Compile: Export DB successfully.
Action compile: Real time elapsed is 0h:0m:5s
Action compile: CPU time elapsed is 0h:0m:1s
Action compile: Process CPU time elapsed is 0h:0m:1s
Action compile: Peak memory pool usage is 189 MB

Current time: Fri Sep 25 15:52:07 2026
