#Build: Fabric Compiler 2025.2, Build 211867, Jan 16 16:10 2026
#Install: E:\work\pango\PDS_2025.2-ads\bin
#Application name: pds_shell.exe
#OS: Windows 11 10.0.26200
#CPU: Unknown
#RAM(GB): 32
#Hostname: dionirpyC
#Generated by Fabric Compiler (version 2025.2 build 211867) at Sat Sep 19 16:31:00 2026
Parameters for debugging are loaded as follows:
Compiling verification operator library.
Compiling vendor parameter file.
Compiling common defs.
Loading technology operator library.
Compiling technology operator library.
Compiling technology operator (valence) library.
Compiling operator packing rules.
Compiling prim grid devices.
Compiling gate devices.
Compiling gate operators.
Compiling gate operators impls.
Compiling tech operator impls.
Building architecture model.
Loading device packaging model.
Elaborate the liberty model.
I: Multithreading enabled for Timing using a maximum of 4 processes.
Constraint check start.
Constraint check end.
Total time(hh:mm:ss) of constraint check : 00:00:00
License checkout: fabric_inserter from E:/work/pango/PDS_2025.2-ads/new_pds_F4A80DA47D72.lic
E: Inserter-0005: Debug Core 0 Clock Port is unconnected. Please remake net connection in inserter
E: Inserter-0006: Debug Core 0 Trigger Port 0 is unconnected. Please remake net connection in inserter
Action dev_map: Real time elapsed is 0h:0m:4s
Action dev_map: CPU time elapsed is 0h:0m:3s
Action dev_map: Process CPU time elapsed is 0h:0m:3s
Action dev_map: Peak memory pool usage is 238 MB

Current time: Sat Sep 19 16:31:02 2026
