#Build: Fabric Compiler 2025.2, Build 211867, Jan 16 16:10 2026
#Install: E:\work\pango\PDS_2025.2-ads\bin
#Application name: pds_shell.exe
#OS: Windows 11 10.0.26200
#CPU: Unknown
#RAM(GB): 32
#Hostname: dionirpyC
#Generated by Fabric Compiler (version 2025.2 build 211867) at Fri Sep 25 15:57:24 2026
Parameters for debugging are loaded as follows:
Compiling verification operator library.
Compiling vendor parameter file.
Compiling common defs.
Loading technology operator library.
Compiling technology operator library.
Compiling technology operator (valence) library.
Compiling operator packing rules.
Compiling prim grid devices.
Compiling gate devices.
Compiling gate operators.
Compiling gate operators impls.
Compiling tech operator impls.
Building architecture model.
Loading device packaging model.
Elaborate the liberty model.
I: Multithreading enabled for Timing using a maximum of 4 processes.
Constraint check start.
C: ConstraintEditor-2019: Port 'sys_clk_50mhz' unspecified I/O constraint.
C: ConstraintEditor-2019: Port 'sys_led[6]' unspecified I/O constraint.
C: ConstraintEditor-2019: Port 'sys_led[7]' unspecified I/O constraint.
C: ConstraintEditor-2019: Port 'sys_rst_n' unspecified I/O constraint.
C: ConstraintEditor-2019: Port 'sys_uart_rx' unspecified I/O constraint.
C: ConstraintEditor-2019: Port 'sys_uart_tx' unspecified I/O constraint.
Constraint check end.
Total time(hh:mm:ss) of constraint check : 00:00:00
Flattening design 'uart_loop_test_top'
Device mapping started.
Optimizing circuit logic.
Checking design netlist.
C: DRC-2062: Port CLKIN1 of inst u_pll_50mhz/u_pll_e3(GTP_PLL_E3) clock frequency 1.0000MHz exceeds the minimum limit 5.0000MHz, please check your design.
C: DRC-2064: When port CLKIN1 is used as the reference clock input, the Fpfd of inst u_pll_50mhz/u_pll_e3(GTP_PLL_E3) clock frequency 0.5000MHz exceeds the minimum limit 5.0000MHz, please check your design.
C: DRC-2064: When port CLKIN1 is used as the reference clock input, the Fvco of inst u_pll_50mhz/u_pll_e3(GTP_PLL_E3) clock frequency 23.0000MHz exceeds the minimum limit 600.0000MHz, please check your design.
C: DRC-2064: When port CLKIN1 is used as the reference clock input, the CLKOUT0 of inst u_pll_50mhz/u_pll_e3(GTP_PLL_E3) clock frequency 1.0000MHz exceeds the minimum limit 1.1700MHz, please check your design.
C: DRC-2064: When port CLKIN1 is used as the reference clock input, the CLKOUT1 of inst u_pll_50mhz/u_pll_e3(GTP_PLL_E3) clock frequency 0.2949MHz exceeds the minimum limit 1.1700MHz, please check your design.
Processing tech operator.
I: The instance clkbufg_0(GTP_CLKBUFG) has been inserted on the net uart_clk in design, driver pin CLKOUT1(instance u_pll_50mhz/u_pll_e3) -> load pin CLK(instance rx_activity_toggle).
I: The instance clkbufg_1(GTP_CLKBUFG) has been inserted on the net pll_sys_clk in design, driver pin CLKOUT0(instance u_pll_50mhz/u_pll_e3) -> load pin CLK(instance rx_led_count[0]).
Converting tech operator to gate operator.
Minimun Fanout To Report "1".
Number of Nets (Fanout>=Min Fanout) To Report "100".
Processing gate operator.
I: Infer CARRY group, base inst: N38_0.fsub_0/gateop, insts:32.
I: Infer CARRY group, base inst: N47_0.fsub_0/gateop, insts:32.
I: Infer CARRY group, base inst: u_uart_rx/N68_1_1/gateop, insts:31.
Device Utilization Summary:
+------------------------------------------------------------------------+
| Logic Utilization     | Used     | Available     | Utilization(%)     
+------------------------------------------------------------------------+
| APM                   | 0        | 84            | 0                  
| IOCKDLY               | 0        | 40            | 0                  
| FF                    | 163      | 64200         | 1                  
| LUT                   | 174      | 42800         | 1                  
| Distributed RAM       | 0        | 17000         | 0                  
| DLL                   | 0        | 10            | 0                  
| DQSL                  | 0        | 18            | 0                  
| DRM                   | 0        | 134           | 0                  
| FUSECODE              | 0        | 1             | 0                  
| IO                    | 12       | 296           | 5                  
| IOCKDIV               | 0        | 20            | 0                  
| IOCKGATE              | 0        | 20            | 0                  
| IPAL                  | 0        | 1             | 0                  
| PLL                   | 1        | 5             | 20                 
| RCKB                  | 0        | 24            | 0                  
| SCANCHAIN             | 0        | 2             | 0                  
| START                 | 1        | 1             | 100                
| USCM                  | 2        | 30            | 7                  
| HSST                  | 0        | 1             | 0                  
| OSC                   | 0        | 1             | 0                  
| CRYSTAL               | 0        | 2             | 0                  
| RESCAL                | 0        | 4             | 0                  
| UDID                  | 0        | 1             | 0                  
| PCIE                  | 0        | 1             | 0                  
| LDO                   | 0        | 4             | 0                  
+------------------------------------------------------------------------+

Generate Detailed Map Report "False".
Device mapping done.
Total device mapping takes 0.05 sec.

Design 'uart_loop_test_top' has been successfully mapped to architecture-specific objects.
Saving design to DB.
Action Device Map: Export DB successfully.
Action dev_map: Real time elapsed is 0h:0m:5s
Action dev_map: CPU time elapsed is 0h:0m:3s
Action dev_map: Process CPU time elapsed is 0h:0m:3s
Action dev_map: Peak memory pool usage is 246 MB

Current time: Fri Sep 25 15:57:27 2026
