#Build: Fabric Compiler 2020.3, Build 62942, Sep 29 13:34 2020
#Install: E:\pango\PDS_2020.3\bin
#Application name: pds_shell.exe
#OS: Windows 10 10.0.18363
#Hostname: DESKTOP-6GABMIP
Generated by Fabric Compiler (version 2020.3 build 62942) at Fri Aug 11 14:58:37 2023
Compiling verification operator library.
Compiling common defs.
Compiling prim grid devices.
Compiling gate devices.
Compiling gate operators.
Building architecture model.
Loading device packaging model 'FBG676'.
I: Parameter configuration file D:/pango_fire/demo/9_hdmi_loop/hdmi_loop_pango/testparam.txt cannot open.
Starting placement and routing flow. (CPU time elapsed 0h:00m:00s)
Reading design from devmap DB.
Building architecture floorplan logic view.
Executing : apply_constraint -f D:/pango_fire/demo/9_hdmi_loop/hdmi_loop_pango/device_map/hdmi_loop.pcf
Executing : def_port ddc_sda -LOC L23 -IOSTANDARD LVCMOS33 -VCCIO 3.3 -DRIVE 4 -SLEW FAST
Executing : def_port ddc_sda -LOC L23 -IOSTANDARD LVCMOS33 -VCCIO 3.3 -DRIVE 4 -SLEW FAST successfully.
Executing : def_port ddc_scl -LOC L22 -IOSTANDARD LVCMOS33 -VCCIO 3.3 -DRIVE 4 -SLEW FAST
Executing : def_port ddc_scl -LOC L22 -IOSTANDARD LVCMOS33 -VCCIO 3.3 -DRIVE 4 -SLEW FAST successfully.
Executing : def_port hdmi_in_rst_n -LOC K18 -IOSTANDARD LVCMOS33 -VCCIO 3.3 -DRIVE 4 -SLEW FAST
Executing : def_port hdmi_in_rst_n -LOC K18 -IOSTANDARD LVCMOS33 -VCCIO 3.3 -DRIVE 4 -SLEW FAST successfully.
Executing : def_port hdmi_out_clk -LOC K16 -IOSTANDARD LVCMOS33 -VCCIO 3.3 -DRIVE 12 -SLEW FAST
Executing : def_port hdmi_out_clk -LOC K16 -IOSTANDARD LVCMOS33 -VCCIO 3.3 -DRIVE 12 -SLEW FAST successfully.
Executing : def_port hdmi_out_de -LOC K17 -IOSTANDARD LVCMOS33 -VCCIO 3.3 -DRIVE 8 -SLEW FAST
Executing : def_port hdmi_out_de -LOC K17 -IOSTANDARD LVCMOS33 -VCCIO 3.3 -DRIVE 8 -SLEW FAST successfully.
Executing : def_port hdmi_out_hsync -LOC L17 -IOSTANDARD LVCMOS33 -VCCIO 3.3 -DRIVE 8 -SLEW FAST
Executing : def_port hdmi_out_hsync -LOC L17 -IOSTANDARD LVCMOS33 -VCCIO 3.3 -DRIVE 8 -SLEW FAST successfully.
Executing : def_port {hdmi_out_rgb[0]} -LOC L14 -IOSTANDARD LVCMOS33 -VCCIO 3.3 -DRIVE 8 -SLEW FAST
Executing : def_port {hdmi_out_rgb[0]} -LOC L14 -IOSTANDARD LVCMOS33 -VCCIO 3.3 -DRIVE 8 -SLEW FAST successfully.
Executing : def_port {hdmi_out_rgb[1]} -LOC M14 -IOSTANDARD LVCMOS33 -VCCIO 3.3 -DRIVE 8 -SLEW FAST
Executing : def_port {hdmi_out_rgb[1]} -LOC M14 -IOSTANDARD LVCMOS33 -VCCIO 3.3 -DRIVE 8 -SLEW FAST successfully.
Executing : def_port {hdmi_out_rgb[2]} -LOC L15 -IOSTANDARD LVCMOS33 -VCCIO 3.3 -DRIVE 8 -SLEW FAST
Executing : def_port {hdmi_out_rgb[2]} -LOC L15 -IOSTANDARD LVCMOS33 -VCCIO 3.3 -DRIVE 8 -SLEW FAST successfully.
Executing : def_port {hdmi_out_rgb[3]} -LOC M15 -IOSTANDARD LVCMOS33 -VCCIO 3.3 -DRIVE 8 -SLEW FAST
Executing : def_port {hdmi_out_rgb[3]} -LOC M15 -IOSTANDARD LVCMOS33 -VCCIO 3.3 -DRIVE 8 -SLEW FAST successfully.
Executing : def_port {hdmi_out_rgb[4]} -LOC K22 -IOSTANDARD LVCMOS33 -VCCIO 3.3 -DRIVE 8 -SLEW FAST
Executing : def_port {hdmi_out_rgb[4]} -LOC K22 -IOSTANDARD LVCMOS33 -VCCIO 3.3 -DRIVE 8 -SLEW FAST successfully.
Executing : def_port {hdmi_out_rgb[5]} -LOC K23 -IOSTANDARD LVCMOS33 -VCCIO 3.3 -DRIVE 8 -SLEW FAST
Executing : def_port {hdmi_out_rgb[5]} -LOC K23 -IOSTANDARD LVCMOS33 -VCCIO 3.3 -DRIVE 8 -SLEW FAST successfully.
Executing : def_port {hdmi_out_rgb[6]} -LOC J23 -IOSTANDARD LVCMOS33 -VCCIO 3.3 -DRIVE 8 -SLEW FAST
Executing : def_port {hdmi_out_rgb[6]} -LOC J23 -IOSTANDARD LVCMOS33 -VCCIO 3.3 -DRIVE 8 -SLEW FAST successfully.
Executing : def_port {hdmi_out_rgb[7]} -LOC H23 -IOSTANDARD LVCMOS33 -VCCIO 3.3 -DRIVE 8 -SLEW FAST
Executing : def_port {hdmi_out_rgb[7]} -LOC H23 -IOSTANDARD LVCMOS33 -VCCIO 3.3 -DRIVE 8 -SLEW FAST successfully.
Executing : def_port {hdmi_out_rgb[8]} -LOC J24 -IOSTANDARD LVCMOS33 -VCCIO 3.3 -DRIVE 8 -SLEW FAST
Executing : def_port {hdmi_out_rgb[8]} -LOC J24 -IOSTANDARD LVCMOS33 -VCCIO 3.3 -DRIVE 8 -SLEW FAST successfully.
Executing : def_port {hdmi_out_rgb[9]} -LOC H24 -IOSTANDARD LVCMOS33 -VCCIO 3.3 -DRIVE 8 -SLEW FAST
Executing : def_port {hdmi_out_rgb[9]} -LOC H24 -IOSTANDARD LVCMOS33 -VCCIO 3.3 -DRIVE 8 -SLEW FAST successfully.
Executing : def_port {hdmi_out_rgb[10]} -LOC J26 -IOSTANDARD LVCMOS33 -VCCIO 3.3 -DRIVE 8 -SLEW FAST
Executing : def_port {hdmi_out_rgb[10]} -LOC J26 -IOSTANDARD LVCMOS33 -VCCIO 3.3 -DRIVE 8 -SLEW FAST successfully.
Executing : def_port {hdmi_out_rgb[11]} -LOC J25 -IOSTANDARD LVCMOS33 -VCCIO 3.3 -DRIVE 8 -SLEW FAST
Executing : def_port {hdmi_out_rgb[11]} -LOC J25 -IOSTANDARD LVCMOS33 -VCCIO 3.3 -DRIVE 8 -SLEW FAST successfully.
Executing : def_port {hdmi_out_rgb[12]} -LOC H26 -IOSTANDARD LVCMOS33 -VCCIO 3.3 -DRIVE 8 -SLEW FAST
Executing : def_port {hdmi_out_rgb[12]} -LOC H26 -IOSTANDARD LVCMOS33 -VCCIO 3.3 -DRIVE 8 -SLEW FAST successfully.
Executing : def_port {hdmi_out_rgb[13]} -LOC G26 -IOSTANDARD LVCMOS33 -VCCIO 3.3 -DRIVE 8 -SLEW FAST
Executing : def_port {hdmi_out_rgb[13]} -LOC G26 -IOSTANDARD LVCMOS33 -VCCIO 3.3 -DRIVE 8 -SLEW FAST successfully.
Executing : def_port {hdmi_out_rgb[14]} -LOC G24 -IOSTANDARD LVCMOS33 -VCCIO 3.3 -DRIVE 8 -SLEW FAST
Executing : def_port {hdmi_out_rgb[14]} -LOC G24 -IOSTANDARD LVCMOS33 -VCCIO 3.3 -DRIVE 8 -SLEW FAST successfully.
Executing : def_port {hdmi_out_rgb[15]} -LOC F24 -IOSTANDARD LVCMOS33 -VCCIO 3.3 -DRIVE 8 -SLEW FAST
Executing : def_port {hdmi_out_rgb[15]} -LOC F24 -IOSTANDARD LVCMOS33 -VCCIO 3.3 -DRIVE 8 -SLEW FAST successfully.
Executing : def_port {hdmi_out_rgb[16]} -LOC E26 -IOSTANDARD LVCMOS33 -VCCIO 3.3 -DRIVE 8 -SLEW FAST
Executing : def_port {hdmi_out_rgb[16]} -LOC E26 -IOSTANDARD LVCMOS33 -VCCIO 3.3 -DRIVE 8 -SLEW FAST successfully.
Executing : def_port {hdmi_out_rgb[17]} -LOC D26 -IOSTANDARD LVCMOS33 -VCCIO 3.3 -DRIVE 8 -SLEW FAST
Executing : def_port {hdmi_out_rgb[17]} -LOC D26 -IOSTANDARD LVCMOS33 -VCCIO 3.3 -DRIVE 8 -SLEW FAST successfully.
Executing : def_port {hdmi_out_rgb[18]} -LOC E25 -IOSTANDARD LVCMOS33 -VCCIO 3.3 -DRIVE 8 -SLEW FAST
Executing : def_port {hdmi_out_rgb[18]} -LOC E25 -IOSTANDARD LVCMOS33 -VCCIO 3.3 -DRIVE 8 -SLEW FAST successfully.
Executing : def_port {hdmi_out_rgb[19]} -LOC D25 -IOSTANDARD LVCMOS33 -VCCIO 3.3 -DRIVE 8 -SLEW FAST
Executing : def_port {hdmi_out_rgb[19]} -LOC D25 -IOSTANDARD LVCMOS33 -VCCIO 3.3 -DRIVE 8 -SLEW FAST successfully.
Executing : def_port {hdmi_out_rgb[20]} -LOC C26 -IOSTANDARD LVCMOS33 -VCCIO 3.3 -DRIVE 8 -SLEW FAST
Executing : def_port {hdmi_out_rgb[20]} -LOC C26 -IOSTANDARD LVCMOS33 -VCCIO 3.3 -DRIVE 8 -SLEW FAST successfully.
Executing : def_port {hdmi_out_rgb[21]} -LOC B26 -IOSTANDARD LVCMOS33 -VCCIO 3.3 -DRIVE 8 -SLEW FAST
Executing : def_port {hdmi_out_rgb[21]} -LOC B26 -IOSTANDARD LVCMOS33 -VCCIO 3.3 -DRIVE 8 -SLEW FAST successfully.
Executing : def_port {hdmi_out_rgb[22]} -LOC B25 -IOSTANDARD LVCMOS33 -VCCIO 3.3 -DRIVE 8 -SLEW FAST
Executing : def_port {hdmi_out_rgb[22]} -LOC B25 -IOSTANDARD LVCMOS33 -VCCIO 3.3 -DRIVE 8 -SLEW FAST successfully.
Executing : def_port {hdmi_out_rgb[23]} -LOC A25 -IOSTANDARD LVCMOS33 -VCCIO 3.3 -DRIVE 8 -SLEW FAST
Executing : def_port {hdmi_out_rgb[23]} -LOC A25 -IOSTANDARD LVCMOS33 -VCCIO 3.3 -DRIVE 8 -SLEW FAST successfully.
Executing : def_port hdmi_out_rst_n -LOC L19 -IOSTANDARD LVCMOS33 -VCCIO 3.3 -DRIVE 4 -SLEW FAST
Executing : def_port hdmi_out_rst_n -LOC L19 -IOSTANDARD LVCMOS33 -VCCIO 3.3 -DRIVE 4 -SLEW FAST successfully.
Executing : def_port hdmi_out_vsync -LOC L18 -IOSTANDARD LVCMOS33 -VCCIO 3.3 -DRIVE 8 -SLEW FAST
Executing : def_port hdmi_out_vsync -LOC L18 -IOSTANDARD LVCMOS33 -VCCIO 3.3 -DRIVE 8 -SLEW FAST successfully.
Executing : def_port hdmi_in_clk -LOC M16 -IOSTANDARD LVCMOS33 -VCCIO 3.3
Executing : def_port hdmi_in_clk -LOC M16 -IOSTANDARD LVCMOS33 -VCCIO 3.3 successfully.
Executing : def_port hdmi_in_de -LOC M17 -IOSTANDARD LVCMOS33 -VCCIO 3.3
Executing : def_port hdmi_in_de -LOC M17 -IOSTANDARD LVCMOS33 -VCCIO 3.3 successfully.
Executing : def_port hdmi_in_hsync -LOC N21 -IOSTANDARD LVCMOS33 -VCCIO 3.3
Executing : def_port hdmi_in_hsync -LOC N21 -IOSTANDARD LVCMOS33 -VCCIO 3.3 successfully.
Executing : def_port {hdmi_in_rgb[0]} -LOC J15 -IOSTANDARD LVCMOS33 -VCCIO 3.3
C: ConstraintEditor-2002: [D:/pango_fire/demo/9_hdmi_loop/hdmi_loop_pango/device_map/hdmi_loop.pcf(line number: 38)] | Port hdmi_in_rgb[0] has been placed at location J15, whose type is share pin.
Executing : def_port {hdmi_in_rgb[0]} -LOC J15 -IOSTANDARD LVCMOS33 -VCCIO 3.3 successfully.
Executing : def_port {hdmi_in_rgb[1]} -LOC J14 -IOSTANDARD LVCMOS33 -VCCIO 3.3
C: ConstraintEditor-2002: [D:/pango_fire/demo/9_hdmi_loop/hdmi_loop_pango/device_map/hdmi_loop.pcf(line number: 39)] | Port hdmi_in_rgb[1] has been placed at location J14, whose type is share pin.
Executing : def_port {hdmi_in_rgb[1]} -LOC J14 -IOSTANDARD LVCMOS33 -VCCIO 3.3 successfully.
Executing : def_port {hdmi_in_rgb[2]} -LOC K15 -IOSTANDARD LVCMOS33 -VCCIO 3.3
C: ConstraintEditor-2002: [D:/pango_fire/demo/9_hdmi_loop/hdmi_loop_pango/device_map/hdmi_loop.pcf(line number: 40)] | Port hdmi_in_rgb[2] has been placed at location K15, whose type is share pin.
Executing : def_port {hdmi_in_rgb[2]} -LOC K15 -IOSTANDARD LVCMOS33 -VCCIO 3.3 successfully.
Executing : def_port {hdmi_in_rgb[3]} -LOC J16 -IOSTANDARD LVCMOS33 -VCCIO 3.3
C: ConstraintEditor-2002: [D:/pango_fire/demo/9_hdmi_loop/hdmi_loop_pango/device_map/hdmi_loop.pcf(line number: 41)] | Port hdmi_in_rgb[3] has been placed at location J16, whose type is share pin.
Executing : def_port {hdmi_in_rgb[3]} -LOC J16 -IOSTANDARD LVCMOS33 -VCCIO 3.3 successfully.
Executing : def_port {hdmi_in_rgb[4]} -LOC J20 -IOSTANDARD LVCMOS33 -VCCIO 3.3
C: ConstraintEditor-2002: [D:/pango_fire/demo/9_hdmi_loop/hdmi_loop_pango/device_map/hdmi_loop.pcf(line number: 42)] | Port hdmi_in_rgb[4] has been placed at location J20, whose type is share pin.
Executing : def_port {hdmi_in_rgb[4]} -LOC J20 -IOSTANDARD LVCMOS33 -VCCIO 3.3 successfully.
Executing : def_port {hdmi_in_rgb[5]} -LOC K20 -IOSTANDARD LVCMOS33 -VCCIO 3.3
C: ConstraintEditor-2002: [D:/pango_fire/demo/9_hdmi_loop/hdmi_loop_pango/device_map/hdmi_loop.pcf(line number: 43)] | Port hdmi_in_rgb[5] has been placed at location K20, whose type is share pin.
Executing : def_port {hdmi_in_rgb[5]} -LOC K20 -IOSTANDARD LVCMOS33 -VCCIO 3.3 successfully.
Executing : def_port {hdmi_in_rgb[6]} -LOC K21 -IOSTANDARD LVCMOS33 -VCCIO 3.3
Executing : def_port {hdmi_in_rgb[6]} -LOC K21 -IOSTANDARD LVCMOS33 -VCCIO 3.3 successfully.
Executing : def_port {hdmi_in_rgb[7]} -LOC J21 -IOSTANDARD LVCMOS33 -VCCIO 3.3
Executing : def_port {hdmi_in_rgb[7]} -LOC J21 -IOSTANDARD LVCMOS33 -VCCIO 3.3 successfully.
Executing : def_port {hdmi_in_rgb[8]} -LOC H18 -IOSTANDARD LVCMOS33 -VCCIO 3.3
C: ConstraintEditor-2002: [D:/pango_fire/demo/9_hdmi_loop/hdmi_loop_pango/device_map/hdmi_loop.pcf(line number: 46)] | Port hdmi_in_rgb[8] has been placed at location H18, whose type is share pin.
Executing : def_port {hdmi_in_rgb[8]} -LOC H18 -IOSTANDARD LVCMOS33 -VCCIO 3.3 successfully.
Executing : def_port {hdmi_in_rgb[9]} -LOC J18 -IOSTANDARD LVCMOS33 -VCCIO 3.3
C: ConstraintEditor-2002: [D:/pango_fire/demo/9_hdmi_loop/hdmi_loop_pango/device_map/hdmi_loop.pcf(line number: 47)] | Port hdmi_in_rgb[9] has been placed at location J18, whose type is share pin.
Executing : def_port {hdmi_in_rgb[9]} -LOC J18 -IOSTANDARD LVCMOS33 -VCCIO 3.3 successfully.
Executing : def_port {hdmi_in_rgb[10]} -LOC H19 -IOSTANDARD LVCMOS33 -VCCIO 3.3
C: ConstraintEditor-2002: [D:/pango_fire/demo/9_hdmi_loop/hdmi_loop_pango/device_map/hdmi_loop.pcf(line number: 48)] | Port hdmi_in_rgb[10] has been placed at location H19, whose type is share pin.
Executing : def_port {hdmi_in_rgb[10]} -LOC H19 -IOSTANDARD LVCMOS33 -VCCIO 3.3 successfully.
Executing : def_port {hdmi_in_rgb[11]} -LOC J19 -IOSTANDARD LVCMOS33 -VCCIO 3.3
C: ConstraintEditor-2002: [D:/pango_fire/demo/9_hdmi_loop/hdmi_loop_pango/device_map/hdmi_loop.pcf(line number: 49)] | Port hdmi_in_rgb[11] has been placed at location J19, whose type is share pin.
Executing : def_port {hdmi_in_rgb[11]} -LOC J19 -IOSTANDARD LVCMOS33 -VCCIO 3.3 successfully.
Executing : def_port {hdmi_in_rgb[12]} -LOC H21 -IOSTANDARD LVCMOS33 -VCCIO 3.3
Executing : def_port {hdmi_in_rgb[12]} -LOC H21 -IOSTANDARD LVCMOS33 -VCCIO 3.3 successfully.
Executing : def_port {hdmi_in_rgb[13]} -LOC H22 -IOSTANDARD LVCMOS33 -VCCIO 3.3
Executing : def_port {hdmi_in_rgb[13]} -LOC H22 -IOSTANDARD LVCMOS33 -VCCIO 3.3 successfully.
Executing : def_port {hdmi_in_rgb[14]} -LOC G20 -IOSTANDARD LVCMOS33 -VCCIO 3.3
Executing : def_port {hdmi_in_rgb[14]} -LOC G20 -IOSTANDARD LVCMOS33 -VCCIO 3.3 successfully.
Executing : def_port {hdmi_in_rgb[15]} -LOC G21 -IOSTANDARD LVCMOS33 -VCCIO 3.3
Executing : def_port {hdmi_in_rgb[15]} -LOC G21 -IOSTANDARD LVCMOS33 -VCCIO 3.3 successfully.
Executing : def_port {hdmi_in_rgb[16]} -LOC G22 -IOSTANDARD LVCMOS33 -VCCIO 3.3
Executing : def_port {hdmi_in_rgb[16]} -LOC G22 -IOSTANDARD LVCMOS33 -VCCIO 3.3 successfully.
Executing : def_port {hdmi_in_rgb[17]} -LOC F22 -IOSTANDARD LVCMOS33 -VCCIO 3.3
C: ConstraintEditor-2002: [D:/pango_fire/demo/9_hdmi_loop/hdmi_loop_pango/device_map/hdmi_loop.pcf(line number: 55)] | Port hdmi_in_rgb[17] has been placed at location F22, whose type is share pin.
Executing : def_port {hdmi_in_rgb[17]} -LOC F22 -IOSTANDARD LVCMOS33 -VCCIO 3.3 successfully.
Executing : def_port {hdmi_in_rgb[18]} -LOC E23 -IOSTANDARD LVCMOS33 -VCCIO 3.3
C: ConstraintEditor-2002: [D:/pango_fire/demo/9_hdmi_loop/hdmi_loop_pango/device_map/hdmi_loop.pcf(line number: 56)] | Port hdmi_in_rgb[18] has been placed at location E23, whose type is share pin.
Executing : def_port {hdmi_in_rgb[18]} -LOC E23 -IOSTANDARD LVCMOS33 -VCCIO 3.3 successfully.
Executing : def_port {hdmi_in_rgb[19]} -LOC F23 -IOSTANDARD LVCMOS33 -VCCIO 3.3
C: ConstraintEditor-2002: [D:/pango_fire/demo/9_hdmi_loop/hdmi_loop_pango/device_map/hdmi_loop.pcf(line number: 57)] | Port hdmi_in_rgb[19] has been placed at location F23, whose type is share pin.
Executing : def_port {hdmi_in_rgb[19]} -LOC F23 -IOSTANDARD LVCMOS33 -VCCIO 3.3 successfully.
Executing : def_port {hdmi_in_rgb[20]} -LOC D24 -IOSTANDARD LVCMOS33 -VCCIO 3.3
Executing : def_port {hdmi_in_rgb[20]} -LOC D24 -IOSTANDARD LVCMOS33 -VCCIO 3.3 successfully.
Executing : def_port {hdmi_in_rgb[21]} -LOC D23 -IOSTANDARD LVCMOS33 -VCCIO 3.3
Executing : def_port {hdmi_in_rgb[21]} -LOC D23 -IOSTANDARD LVCMOS33 -VCCIO 3.3 successfully.
Executing : def_port {hdmi_in_rgb[22]} -LOC F20 -IOSTANDARD LVCMOS33 -VCCIO 3.3
Executing : def_port {hdmi_in_rgb[22]} -LOC F20 -IOSTANDARD LVCMOS33 -VCCIO 3.3 successfully.
Executing : def_port {hdmi_in_rgb[23]} -LOC G19 -IOSTANDARD LVCMOS33 -VCCIO 3.3
Executing : def_port {hdmi_in_rgb[23]} -LOC G19 -IOSTANDARD LVCMOS33 -VCCIO 3.3 successfully.
Executing : def_port hdmi_in_vsync -LOC N22 -IOSTANDARD LVCMOS33 -VCCIO 3.3
Executing : def_port hdmi_in_vsync -LOC N22 -IOSTANDARD LVCMOS33 -VCCIO 3.3 successfully.
Executing : def_port sys_clk -LOC R3 -IOSTANDARD LVCMOS15 -VCCIO 1.5
Executing : def_port sys_clk -LOC R3 -IOSTANDARD LVCMOS15 -VCCIO 1.5 successfully.
Executing : def_port sys_rst_n -LOC G25 -IOSTANDARD LVCMOS33 -VCCIO 3.3
C: ConstraintEditor-2002: [D:/pango_fire/demo/9_hdmi_loop/hdmi_loop_pango/device_map/hdmi_loop.pcf(line number: 64)] | Port sys_rst_n has been placed at location G25, whose type is share pin.
Executing : def_port sys_rst_n -LOC G25 -IOSTANDARD LVCMOS33 -VCCIO 3.3 successfully.
Executing : apply_constraint -f D:/pango_fire/demo/9_hdmi_loop/hdmi_loop_pango/device_map/hdmi_loop.pcf successfully.

Placement started.
Mapping instance u_CORES/u_GTP_SCANCHAIN_PG/scanchain to SCANCHAIN_88_312.
Mapping instance GRS_INST/grs_ccs to CCS_87_316.
Mapping instance clkbufg_5/gopclkbufg to USCM_215_576.
C: Place-2028: GLOBAL_CLOCK: the driver u_CORES/u_GTP_SCANCHAIN_PG/scanchain fixed at SCANCHAIN_88_312 is unreasonable. Sub-optimal placement for a clock source and a clock buffer.
Mapping instance clkbufg_4/gopclkbufg to USCM_215_669.
C: Place-2028: GLOBAL_CLOCK: the driver u_CORES/u_GTP_SCANCHAIN_PG/scanchain fixed at SCANCHAIN_88_312 is unreasonable. Sub-optimal placement for a clock source and a clock buffer.
Mapping instance clkbufg_3/gopclkbufg to USCM_215_666.
Pre global placement takes 7.19 sec.
Run super clustering :
	Initial slack 15672.
	2 iterations finished.
	Final slack 16365.
Super clustering done.
Design Utilization : 1%.
Global placement takes 1.48 sec.
Wirelength after global placement is 6231.
Placed fixed instance GRS_INST/grs_ccs on CCS_87_316.
Placed fixed instance clkbufg_3/gopclkbufg on USCM_215_666.
Placed fixed instance clkbufg_4/gopclkbufg on USCM_215_669.
Placed fixed instance clkbufg_5/gopclkbufg on USCM_215_576.
Placed fixed group with base inst ddc_scl_obuf/opit_1 on IOLHR_16_480.
Placed fixed group with base inst hdmi_i2c_inst.i2c_ctrl_inst.i2c_sda_tri/opit_1 on IOLHR_16_474.
Placed fixed group with base inst hdmi_in_clk_ibuf/opit_1 on IOLHR_16_846.
Placed fixed group with base inst hdmi_in_de_ibuf/opit_1 on IOLHR_16_840.
Placed fixed group with base inst hdmi_in_hsync_ibuf/opit_1 on IOLHR_16_450.
Placed fixed group with base inst hdmi_in_rgb_ibuf[0]/opit_1 on IOLHR_16_888.
Placed fixed group with base inst hdmi_in_rgb_ibuf[1]/opit_1 on IOLHR_16_894.
Placed fixed group with base inst hdmi_in_rgb_ibuf[2]/opit_1 on IOLHR_16_906.
Placed fixed group with base inst hdmi_in_rgb_ibuf[3]/opit_1 on IOLHR_16_900.
Placed fixed group with base inst hdmi_in_rgb_ibuf[4]/opit_1 on IOLHR_16_804.
Placed fixed group with base inst hdmi_in_rgb_ibuf[5]/opit_1 on IOLHR_16_810.
Placed fixed group with base inst hdmi_in_rgb_ibuf[6]/opit_1 on IOLHR_16_774.
Placed fixed group with base inst hdmi_in_rgb_ibuf[7]/opit_1 on IOLHR_16_768.
Placed fixed group with base inst hdmi_in_rgb_ibuf[8]/opit_1 on IOLHR_16_792.
Placed fixed group with base inst hdmi_in_rgb_ibuf[9]/opit_1 on IOLHR_16_798.
Placed fixed group with base inst hdmi_in_rgb_ibuf[10]/opit_1 on IOLHR_16_828.
Placed fixed group with base inst hdmi_in_rgb_ibuf[11]/opit_1 on IOLHR_16_834.
Placed fixed group with base inst hdmi_in_rgb_ibuf[12]/opit_1 on IOLHR_16_756.
Placed fixed group with base inst hdmi_in_rgb_ibuf[13]/opit_1 on IOLHR_16_750.
Placed fixed group with base inst hdmi_in_rgb_ibuf[14]/opit_1 on IOLHR_16_786.
Placed fixed group with base inst hdmi_in_rgb_ibuf[15]/opit_1 on IOLHR_16_780.
Placed fixed group with base inst hdmi_in_rgb_ibuf[16]/opit_1 on IOLHR_16_732.
Placed fixed group with base inst hdmi_in_rgb_ibuf[17]/opit_1 on IOLHR_16_726.
Placed fixed group with base inst hdmi_in_rgb_ibuf[18]/opit_1 on IOLHR_16_702.
Placed fixed group with base inst hdmi_in_rgb_ibuf[19]/opit_1 on IOLHR_16_708.
Placed fixed group with base inst hdmi_in_rgb_ibuf[20]/opit_1 on IOLHR_16_924.
Placed fixed group with base inst hdmi_in_rgb_ibuf[21]/opit_1 on IOLHR_16_930.
Placed fixed group with base inst hdmi_in_rgb_ibuf[22]/opit_1 on IOLHR_16_1158.
Placed fixed group with base inst hdmi_in_rgb_ibuf[23]/opit_1 on IOLHR_16_1164.
Placed fixed group with base inst hdmi_in_rst_n_obuf/opit_1 on IOLHR_16_912.
Placed fixed group with base inst hdmi_in_vsync_ibuf/opit_1 on IOLHR_16_444.
Placed fixed group with base inst hdmi_out_clk_obuf/opit_1 on IOLHR_16_882.
Placed fixed group with base inst hdmi_out_de_obuf/opit_1 on IOLHR_16_876.
Placed fixed group with base inst hdmi_out_hsync_obuf/opit_1 on IOLHR_16_822.
Placed fixed group with base inst hdmi_out_rgb_obuf[0]/opit_1 on IOLHR_16_864.
Placed fixed group with base inst hdmi_out_rgb_obuf[1]/opit_1 on IOLHR_16_870.
Placed fixed group with base inst hdmi_out_rgb_obuf[2]/opit_1 on IOLHR_16_852.
Placed fixed group with base inst hdmi_out_rgb_obuf[3]/opit_1 on IOLHR_16_858.
Placed fixed group with base inst hdmi_out_rgb_obuf[4]/opit_1 on IOLHR_16_696.
Placed fixed group with base inst hdmi_out_rgb_obuf[5]/opit_1 on IOLHR_16_690.
Placed fixed group with base inst hdmi_out_rgb_obuf[6]/opit_1 on IOLHR_16_744.
Placed fixed group with base inst hdmi_out_rgb_obuf[7]/opit_1 on IOLHR_16_738.
Placed fixed group with base inst hdmi_out_rgb_obuf[8]/opit_1 on IOLHR_16_720.
Placed fixed group with base inst hdmi_out_rgb_obuf[9]/opit_1 on IOLHR_16_714.
Placed fixed group with base inst hdmi_out_rgb_obuf[10]/opit_1 on IOLHR_16_618.
Placed fixed group with base inst hdmi_out_rgb_obuf[11]/opit_1 on IOLHR_16_624.
Placed fixed group with base inst hdmi_out_rgb_obuf[12]/opit_1 on IOLHR_16_648.
Placed fixed group with base inst hdmi_out_rgb_obuf[13]/opit_1 on IOLHR_16_642.
Placed fixed group with base inst hdmi_out_rgb_obuf[14]/opit_1 on IOLHR_16_684.
Placed fixed group with base inst hdmi_out_rgb_obuf[15]/opit_1 on IOLHR_16_678.
Placed fixed group with base inst hdmi_out_rgb_obuf[16]/opit_1 on IOLHR_16_660.
Placed fixed group with base inst hdmi_out_rgb_obuf[17]/opit_1 on IOLHR_16_654.
Placed fixed group with base inst hdmi_out_rgb_obuf[18]/opit_1 on IOLHR_16_672.
Placed fixed group with base inst hdmi_out_rgb_obuf[19]/opit_1 on IOLHR_16_666.
Placed fixed group with base inst hdmi_out_rgb_obuf[20]/opit_1 on IOLHR_16_954.
Placed fixed group with base inst hdmi_out_rgb_obuf[21]/opit_1 on IOLHR_16_948.
Placed fixed group with base inst hdmi_out_rgb_obuf[22]/opit_1 on IOLHR_16_978.
Placed fixed group with base inst hdmi_out_rgb_obuf[23]/opit_1 on IOLHR_16_972.
Placed fixed group with base inst hdmi_out_rst_n_obuf/opit_1 on IOLHR_16_612.
Placed fixed group with base inst hdmi_out_vsync_obuf/opit_1 on IOLHR_16_816.
Placed fixed group with base inst sys_clk_ibuf/opit_1 on IOLHR_364_450.
Placed fixed group with base inst sys_rst_n_ibuf/opit_1 on IOLHR_16_636.
Placed fixed instance u_CORES/u_GTP_SCANCHAIN_PG/scanchain on SCANCHAIN_88_312.
Placed fixed instance BKCL_auto_0 on BKCL_1_952.
Placed fixed instance BKCL_auto_1 on BKCL_1_646.
Placed fixed instance BKCL_auto_2 on BKCL_1_340.
Placed fixed instance BKCL_auto_3 on BKCL_373_340.
W: Adm-4021: The attribute '.pap_unconnected_inputs' of object 'hdmi_i2c_inst/i2c_ctrl_inst/N505_6/gateop_LUT6DL5' is overwritten by new value.
W: Adm-4021: The attribute '.pap_unconnected_inputs' of object 'hdmi_i2c_inst/i2c_ctrl_inst/N505_6/gateop_LUT6DL5' is overwritten by new value.
W: Adm-4021: The attribute '.pap_unconnected_inputs' of object 'hdmi_i2c_inst/i2c_ctrl_inst/cnt_clk[2]/opit_0_inv_L6Q_LUT6DQL5Q' is overwritten by new value.
W: Adm-4021: The attribute '.pap_unconnected_inputs' of object 'hdmi_i2c_inst/i2c_ctrl_inst/cnt_clk[2]/opit_0_inv_L6Q_LUT6DQL5Q' is overwritten by new value.
I: LUT6D pack result: There are 200 LUT6 in collection, pack success:13
Wirelength after Macro cell placement is 8339.
Macro cell placement takes 0.02 sec.
Run super clustering :
	Initial slack 15672.
	1 iterations finished.
	Final slack 15672.
Super clustering done.
Design Utilization : 1%.
Wirelength after post global placement is 6700.
I: LUT6D pack result: There are 174 LUT6 in collection, pack success:0
Post global placement takes 1.53 sec.
Wirelength after legalization is 7594.
Legalization takes 0.27 sec.
Worst slack before Replication Place is 17931.
Wirelength after replication placement is 7594.
Legalized cost 17931.000000.
The detailed placement ends at 11th iteration.
Wirelength after detailed placement is 7594.
Timing-driven detailed placement takes 2.94 sec.
Placement done.
Total placement takes 14.61 sec.
Finished placement. (CPU time elapsed 0h:00m:15s)

Routing started.
Building routing graph takes 6.61 sec.
Worst slack is 17931.
Processing design graph takes 1.28 sec.
Total memory for routing:
	216.592017 M.
Total nets for routing : 1482.
Rcf routing step 1 processed 0 nets, it takes 0.00 sec.
Rcf routing step 2 processed 0 nets, it takes 0.00 sec.
Rcf routing step 3 processed 0 nets, it takes 0.00 sec.
Unrouted nets 0 at the end of iteration 0.
Global Routing step 1 processed 148 nets, it takes 0.02 sec.
Unrouted nets 150 at the end of iteration 0.
Unrouted nets 73 at the end of iteration 1.
Unrouted nets 44 at the end of iteration 2.
Unrouted nets 24 at the end of iteration 3.
Unrouted nets 7 at the end of iteration 4.
Unrouted nets 2 at the end of iteration 5.
Unrouted nets 2 at the end of iteration 6.
Unrouted nets 2 at the end of iteration 7.
Unrouted nets 0 at the end of iteration 8.
Global Routing step 2 processed 343 nets, it takes 0.58 sec.
Global Routing step 3 processed 0 nets, it takes 0.00 sec.
Unrouted nets 12 at the end of iteration 0.
Unrouted nets 0 at the end of iteration 1.
Global Routing step 4 processed 32 nets, it takes 0.06 sec.
Global routing takes 0.77 sec.
Total 1634 subnets.
    forward max bucket size 19674 , backward 166.
        Unrouted nets 596 at the end of iteration 0.
    route iteration 0, CPU time elapsed 0.515625 sec.
    forward max bucket size 211 , backward 51.
        Unrouted nets 474 at the end of iteration 1.
    route iteration 1, CPU time elapsed 0.093750 sec.
    forward max bucket size 258 , backward 71.
        Unrouted nets 340 at the end of iteration 2.
    route iteration 2, CPU time elapsed 0.078125 sec.
    forward max bucket size 138 , backward 22.
        Unrouted nets 216 at the end of iteration 3.
    route iteration 3, CPU time elapsed 0.046875 sec.
    forward max bucket size 36 , backward 22.
        Unrouted nets 146 at the end of iteration 4.
    route iteration 4, CPU time elapsed 0.031250 sec.
    forward max bucket size 75 , backward 16.
        Unrouted nets 79 at the end of iteration 5.
    route iteration 5, CPU time elapsed 0.015625 sec.
    forward max bucket size 42 , backward 21.
        Unrouted nets 49 at the end of iteration 6.
    route iteration 6, CPU time elapsed 0.015625 sec.
    forward max bucket size 111 , backward 43.
        Unrouted nets 29 at the end of iteration 7.
    route iteration 7, CPU time elapsed 0.015625 sec.
    forward max bucket size 29 , backward 16.
        Unrouted nets 19 at the end of iteration 8.
    route iteration 8, CPU time elapsed 0.000000 sec.
    forward max bucket size 26 , backward 11.
        Unrouted nets 20 at the end of iteration 9.
    route iteration 9, CPU time elapsed 0.015625 sec.
    forward max bucket size 23 , backward 8.
        Unrouted nets 11 at the end of iteration 10.
    route iteration 10, CPU time elapsed 0.000000 sec.
    forward max bucket size 23 , backward 8.
        Unrouted nets 8 at the end of iteration 11.
    route iteration 11, CPU time elapsed 0.015625 sec.
    forward max bucket size 24 , backward 14.
        Unrouted nets 4 at the end of iteration 12.
    route iteration 12, CPU time elapsed 0.000000 sec.
    forward max bucket size 27 , backward 13.
        Unrouted nets 5 at the end of iteration 13.
    route iteration 13, CPU time elapsed 0.000000 sec.
    forward max bucket size 23 , backward 12.
        Unrouted nets 2 at the end of iteration 14.
    route iteration 14, CPU time elapsed 0.015625 sec.
    forward max bucket size 19 , backward 8.
        Unrouted nets 2 at the end of iteration 15.
    route iteration 15, CPU time elapsed 0.000000 sec.
    forward max bucket size 19 , backward 8.
        Unrouted nets 0 at the end of iteration 16.
    route iteration 16, CPU time elapsed 0.000000 sec.
C: Route-2036: The clock path from hdmi_i2c_inst/i2c_ctrl_inst/N745_2_4/LUT6_inst:L6 to hdmi_i2c_inst/i2c_ctrl_inst/i2c_sda_reg/opit_0:CLK is routed by SRB.
C: Route-2036: The clock path from u_CORES/u_GTP_SCANCHAIN_PG/scanchain:TCK1 to clkbufg_4/gopclkbufg:CLK is routed by SRB.
C: Route-2036: The clock path from u_CORES/u_GTP_SCANCHAIN_PG/scanchain:CAPTUREDR to clkbufg_3/gopclkbufg:CLK is routed by SRB.
C: Route-2036: The clock path from hdmi_i2c_inst/i2c_ctrl_inst/i2c_clk/opit_0_inv:Q to hdmi_i2c_inst/hdmi_cfg_inst/cfg_start/opit_0_inv_L6Q:CLK is routed by SRB.
Detailed routing takes 0.91 sec.

Dispose routing result:
    Collect routing result.
    Delete unused device instances.
    Annotate routing result.
    Change LUT configuration.
    Dispose misc instances.
I: Route-6001: Insert route through in CLMS_51_823.
I: Route-6001: Insert route through in CLMS_27_643.
I: Route-6001: Insert route through in HCKB_213_517.
I: Route-6001: Insert route through in HCKB_213_516.
I: Route-6001: Insert route through in HCKB_213_1078.
I: Route-6001: Insert route through in HCKB_213_506.
I: Route-6001: Insert route through in HCKB_213_1079.
    Annotate routing result again.
Finish routing takes 0.63 sec.
Used srb routing arc is 9281.
Cleanup routing takes 0.09 sec.
Routing done.
Total routing takes 12.41 sec.


Device Utilization Summary :
+-------------------------------------------------------------------------------+
| Logic Utilization           | Used     | Available     | Utilization(%)     
+-------------------------------------------------------------------------------+
| Use of ADC                  | 0        | 1             | 0                   
| Use of ANALOG               | 0        | 1             | 0                   
| Use of APM                  | 0        | 240           | 0                   
| Use of BKCL                 | 4        | 6             | 67                  
| Use of CCS                  | 1        | 1             | 100                 
| Use of CLMA                 | 125      | 11675         | 2                   
|   FF                        | 447      | 93400         | 1                   
|   LUT                       | 324      | 46700         | 1                   
|   LUT-FF pairs              | 204      | 46700         | 1                   
| Use of CLMS                 | 86       | 4975          | 2                   
|   FF                        | 279      | 39800         | 1                   
|   LUT                       | 200      | 19900         | 2                   
|   LUT-FF pairs              | 113      | 19900         | 1                   
|   Distributed RAM           | 0        | 19900         | 0                   
| Use of DDRPHY_CPD           | 0        | 12            | 0                   
| Use of DDRPHY_IOCLK_DIV     | 0        | 6             | 0                   
| Use of DDR_PHY              | 0        | 24            | 0                   
| Use of DRM                  | 15       | 155           | 10                  
| Use of GPLL                 | 0        | 6             | 0                   
| Use of GSEB                 | 0        | 218           | 0                   
| Use of HARD0                | 149      | 10550         | 2                   
| Use of HCKB                 | 5        | 96            | 6                   
| Use of HCKMUX_TEST          | 0        | 8             | 0                   
| Use of HSSTLP               | 0        | 2             | 0                   
| Use of IO                   | 62       | 300           | 21                  
|   IOBD                      | 31       | 144           | 22                  
|   IOBS                      | 31       | 156           | 20                  
| Use of IOCKB                | 0        | 24            | 0                   
| Use of IOCKMUX_TEST         | 0        | 6             | 0                   
| Use of IOLHR                | 62       | 300           | 21                  
| Use of KEYRAM               | 0        | 1             | 0                   
| Use of MFG_TEST             | 0        | 1             | 0                   
| Use of MRCKB                | 0        | 12            | 0                   
| Use of MRCKMUX_TEST         | 0        | 6             | 0                   
| Use of MRPOSTMUX_TEST       | 0        | 6             | 0                   
| Use of PCIE                 | 0        | 1             | 0                   
| Use of PCKMUX_TEST          | 0        | 12            | 0                   
| Use of PLLMRMUX_TEST        | 0        | 6             | 0                   
| Use of PLLREFMUX_TEST       | 0        | 6             | 0                   
| Use of PPLL                 | 0        | 6             | 0                   
| Use of PREGMUXC_TEST        | 0        | 4             | 0                   
| Use of PREGMUXLR_TEST       | 0        | 6             | 0                   
| Use of RCKB                 | 0        | 24            | 0                   
| Use of RCKMUX_TEST          | 0        | 6             | 0                   
| Use of SCANCHAIN            | 1        | 1             | 100                 
| Use of SCKMUX_TEST          | 0        | 12            | 0                   
| Use of SFB                  | 0        | 2225          | 0                   
| Use of SPAD                 | 0        | 8             | 0                   
| Use of TSERDES              | 0        | 48            | 0                   
| Use of USCM                 | 3        | 32            | 10                  
| Use of USCMMUX_TEST         | 0        | 32            | 0                   
+-------------------------------------------------------------------------------+

Finished routing. (CPU time elapsed 0h:00m:29s)
Design 'hdmi_loop' has been placed and routed successfully.
Saving design to DB.
Action pnr: Real time elapsed is 47.000 sec
Action pnr: CPU time elapsed is 41.641 sec
Current time: Fri Aug 11 14:59:23 2023
Action pnr: Peak memory pool usage is 1,029,115,904 bytes
Finished placement and routing. (CPU time elapsed 0h:00m:29s)
