#Build: Fabric Compiler 2020.3, Build 62942, Sep 29 13:34 2020
#Install: E:\pango\PDS_2020.3\bin
#Application name: pds_shell.exe
#OS: Windows 10 10.0.18363
#Hostname: DESKTOP-6GABMIP
Generated by Fabric Compiler (version 2020.3 build 62942) at Wed Nov  2 14:27:15 2022
Compiling verification operator library.
Compiling common defs.
Compiling prim grid devices.
Compiling gate devices.
Compiling gate operators.
Building architecture model.
Loading device packaging model 'FBG676'.
I: Parameter configuration file D:/pango_fire/demo/9_hdmi_loop/hdmi_loop_pango/testparam.txt cannot open.
Starting placement and routing flow. (CPU time elapsed 0h:00m:00s)
Reading design from devmap DB.
Building architecture floorplan logic view.
Executing : apply_constraint -f D:/pango_fire/demo/9_hdmi_loop/hdmi_loop_pango/device_map/hdmi_loop.pcf
Executing : def_port ddc_sda -LOC L23 -IOSTANDARD LVCMOS33 -VCCIO 3.3 -DRIVE 4 -SLEW FAST
Executing : def_port ddc_sda -LOC L23 -IOSTANDARD LVCMOS33 -VCCIO 3.3 -DRIVE 4 -SLEW FAST successfully.
Executing : def_port ddc_scl -LOC L22 -IOSTANDARD LVCMOS33 -VCCIO 3.3 -DRIVE 4 -SLEW FAST
Executing : def_port ddc_scl -LOC L22 -IOSTANDARD LVCMOS33 -VCCIO 3.3 -DRIVE 4 -SLEW FAST successfully.
Executing : def_port hdmi_in_rst_n -LOC K18 -IOSTANDARD LVCMOS33 -VCCIO 3.3 -DRIVE 4 -SLEW FAST
Executing : def_port hdmi_in_rst_n -LOC K18 -IOSTANDARD LVCMOS33 -VCCIO 3.3 -DRIVE 4 -SLEW FAST successfully.
Executing : def_port hdmi_out_clk -LOC K16 -IOSTANDARD LVCMOS33 -VCCIO 3.3 -DRIVE 4 -SLEW FAST
Executing : def_port hdmi_out_clk -LOC K16 -IOSTANDARD LVCMOS33 -VCCIO 3.3 -DRIVE 4 -SLEW FAST successfully.
Executing : def_port hdmi_out_de -LOC K17 -IOSTANDARD LVCMOS33 -VCCIO 3.3 -DRIVE 4 -SLEW FAST
Executing : def_port hdmi_out_de -LOC K17 -IOSTANDARD LVCMOS33 -VCCIO 3.3 -DRIVE 4 -SLEW FAST successfully.
Executing : def_port hdmi_out_hsync -LOC L17 -IOSTANDARD LVCMOS33 -VCCIO 3.3 -DRIVE 4 -SLEW FAST
Executing : def_port hdmi_out_hsync -LOC L17 -IOSTANDARD LVCMOS33 -VCCIO 3.3 -DRIVE 4 -SLEW FAST successfully.
Executing : def_port {hdmi_out_rgb[0]} -LOC L14 -IOSTANDARD LVCMOS33 -VCCIO 3.3 -DRIVE 4 -SLEW FAST
Executing : def_port {hdmi_out_rgb[0]} -LOC L14 -IOSTANDARD LVCMOS33 -VCCIO 3.3 -DRIVE 4 -SLEW FAST successfully.
Executing : def_port {hdmi_out_rgb[1]} -LOC M14 -IOSTANDARD LVCMOS33 -VCCIO 3.3 -DRIVE 4 -SLEW FAST
Executing : def_port {hdmi_out_rgb[1]} -LOC M14 -IOSTANDARD LVCMOS33 -VCCIO 3.3 -DRIVE 4 -SLEW FAST successfully.
Executing : def_port {hdmi_out_rgb[2]} -LOC L15 -IOSTANDARD LVCMOS33 -VCCIO 3.3 -DRIVE 4 -SLEW FAST
Executing : def_port {hdmi_out_rgb[2]} -LOC L15 -IOSTANDARD LVCMOS33 -VCCIO 3.3 -DRIVE 4 -SLEW FAST successfully.
Executing : def_port {hdmi_out_rgb[3]} -LOC M15 -IOSTANDARD LVCMOS33 -VCCIO 3.3 -DRIVE 4 -SLEW FAST
Executing : def_port {hdmi_out_rgb[3]} -LOC M15 -IOSTANDARD LVCMOS33 -VCCIO 3.3 -DRIVE 4 -SLEW FAST successfully.
Executing : def_port {hdmi_out_rgb[4]} -LOC K22 -IOSTANDARD LVCMOS33 -VCCIO 3.3 -DRIVE 4 -SLEW FAST
Executing : def_port {hdmi_out_rgb[4]} -LOC K22 -IOSTANDARD LVCMOS33 -VCCIO 3.3 -DRIVE 4 -SLEW FAST successfully.
Executing : def_port {hdmi_out_rgb[5]} -LOC K23 -IOSTANDARD LVCMOS33 -VCCIO 3.3 -DRIVE 4 -SLEW FAST
Executing : def_port {hdmi_out_rgb[5]} -LOC K23 -IOSTANDARD LVCMOS33 -VCCIO 3.3 -DRIVE 4 -SLEW FAST successfully.
Executing : def_port {hdmi_out_rgb[6]} -LOC J23 -IOSTANDARD LVCMOS33 -VCCIO 3.3 -DRIVE 4 -SLEW FAST
Executing : def_port {hdmi_out_rgb[6]} -LOC J23 -IOSTANDARD LVCMOS33 -VCCIO 3.3 -DRIVE 4 -SLEW FAST successfully.
Executing : def_port {hdmi_out_rgb[7]} -LOC H23 -IOSTANDARD LVCMOS33 -VCCIO 3.3 -DRIVE 4 -SLEW FAST
Executing : def_port {hdmi_out_rgb[7]} -LOC H23 -IOSTANDARD LVCMOS33 -VCCIO 3.3 -DRIVE 4 -SLEW FAST successfully.
Executing : def_port {hdmi_out_rgb[8]} -LOC J24 -IOSTANDARD LVCMOS33 -VCCIO 3.3 -DRIVE 4 -SLEW FAST
Executing : def_port {hdmi_out_rgb[8]} -LOC J24 -IOSTANDARD LVCMOS33 -VCCIO 3.3 -DRIVE 4 -SLEW FAST successfully.
Executing : def_port {hdmi_out_rgb[9]} -LOC H24 -IOSTANDARD LVCMOS33 -VCCIO 3.3 -DRIVE 4 -SLEW FAST
Executing : def_port {hdmi_out_rgb[9]} -LOC H24 -IOSTANDARD LVCMOS33 -VCCIO 3.3 -DRIVE 4 -SLEW FAST successfully.
Executing : def_port {hdmi_out_rgb[10]} -LOC J26 -IOSTANDARD LVCMOS33 -VCCIO 3.3 -DRIVE 4 -SLEW FAST
Executing : def_port {hdmi_out_rgb[10]} -LOC J26 -IOSTANDARD LVCMOS33 -VCCIO 3.3 -DRIVE 4 -SLEW FAST successfully.
Executing : def_port {hdmi_out_rgb[11]} -LOC J25 -IOSTANDARD LVCMOS33 -VCCIO 3.3 -DRIVE 4 -SLEW FAST
Executing : def_port {hdmi_out_rgb[11]} -LOC J25 -IOSTANDARD LVCMOS33 -VCCIO 3.3 -DRIVE 4 -SLEW FAST successfully.
Executing : def_port {hdmi_out_rgb[12]} -LOC H26 -IOSTANDARD LVCMOS33 -VCCIO 3.3 -DRIVE 4 -SLEW FAST
Executing : def_port {hdmi_out_rgb[12]} -LOC H26 -IOSTANDARD LVCMOS33 -VCCIO 3.3 -DRIVE 4 -SLEW FAST successfully.
Executing : def_port {hdmi_out_rgb[13]} -LOC G26 -IOSTANDARD LVCMOS33 -VCCIO 3.3 -DRIVE 4 -SLEW FAST
Executing : def_port {hdmi_out_rgb[13]} -LOC G26 -IOSTANDARD LVCMOS33 -VCCIO 3.3 -DRIVE 4 -SLEW FAST successfully.
Executing : def_port {hdmi_out_rgb[14]} -LOC G24 -IOSTANDARD LVCMOS33 -VCCIO 3.3 -DRIVE 4 -SLEW FAST
Executing : def_port {hdmi_out_rgb[14]} -LOC G24 -IOSTANDARD LVCMOS33 -VCCIO 3.3 -DRIVE 4 -SLEW FAST successfully.
Executing : def_port {hdmi_out_rgb[15]} -LOC F24 -IOSTANDARD LVCMOS33 -VCCIO 3.3 -DRIVE 4 -SLEW FAST
Executing : def_port {hdmi_out_rgb[15]} -LOC F24 -IOSTANDARD LVCMOS33 -VCCIO 3.3 -DRIVE 4 -SLEW FAST successfully.
Executing : def_port {hdmi_out_rgb[16]} -LOC E26 -IOSTANDARD LVCMOS33 -VCCIO 3.3 -DRIVE 4 -SLEW FAST
Executing : def_port {hdmi_out_rgb[16]} -LOC E26 -IOSTANDARD LVCMOS33 -VCCIO 3.3 -DRIVE 4 -SLEW FAST successfully.
Executing : def_port {hdmi_out_rgb[17]} -LOC D26 -IOSTANDARD LVCMOS33 -VCCIO 3.3 -DRIVE 4 -SLEW FAST
Executing : def_port {hdmi_out_rgb[17]} -LOC D26 -IOSTANDARD LVCMOS33 -VCCIO 3.3 -DRIVE 4 -SLEW FAST successfully.
Executing : def_port {hdmi_out_rgb[18]} -LOC E25 -IOSTANDARD LVCMOS33 -VCCIO 3.3 -DRIVE 4 -SLEW FAST
Executing : def_port {hdmi_out_rgb[18]} -LOC E25 -IOSTANDARD LVCMOS33 -VCCIO 3.3 -DRIVE 4 -SLEW FAST successfully.
Executing : def_port {hdmi_out_rgb[19]} -LOC D25 -IOSTANDARD LVCMOS33 -VCCIO 3.3 -DRIVE 4 -SLEW FAST
Executing : def_port {hdmi_out_rgb[19]} -LOC D25 -IOSTANDARD LVCMOS33 -VCCIO 3.3 -DRIVE 4 -SLEW FAST successfully.
Executing : def_port {hdmi_out_rgb[20]} -LOC C26 -IOSTANDARD LVCMOS33 -VCCIO 3.3 -DRIVE 4 -SLEW FAST
Executing : def_port {hdmi_out_rgb[20]} -LOC C26 -IOSTANDARD LVCMOS33 -VCCIO 3.3 -DRIVE 4 -SLEW FAST successfully.
Executing : def_port {hdmi_out_rgb[21]} -LOC B26 -IOSTANDARD LVCMOS33 -VCCIO 3.3 -DRIVE 4 -SLEW FAST
Executing : def_port {hdmi_out_rgb[21]} -LOC B26 -IOSTANDARD LVCMOS33 -VCCIO 3.3 -DRIVE 4 -SLEW FAST successfully.
Executing : def_port {hdmi_out_rgb[22]} -LOC B25 -IOSTANDARD LVCMOS33 -VCCIO 3.3 -DRIVE 4 -SLEW FAST
Executing : def_port {hdmi_out_rgb[22]} -LOC B25 -IOSTANDARD LVCMOS33 -VCCIO 3.3 -DRIVE 4 -SLEW FAST successfully.
Executing : def_port {hdmi_out_rgb[23]} -LOC A25 -IOSTANDARD LVCMOS33 -VCCIO 3.3 -DRIVE 4 -SLEW FAST
Executing : def_port {hdmi_out_rgb[23]} -LOC A25 -IOSTANDARD LVCMOS33 -VCCIO 3.3 -DRIVE 4 -SLEW FAST successfully.
Executing : def_port hdmi_out_rst_n -LOC L19 -IOSTANDARD LVCMOS33 -VCCIO 3.3 -DRIVE 4 -SLEW FAST
Executing : def_port hdmi_out_rst_n -LOC L19 -IOSTANDARD LVCMOS33 -VCCIO 3.3 -DRIVE 4 -SLEW FAST successfully.
Executing : def_port hdmi_out_vsync -LOC L18 -IOSTANDARD LVCMOS33 -VCCIO 3.3 -DRIVE 4 -SLEW FAST
Executing : def_port hdmi_out_vsync -LOC L18 -IOSTANDARD LVCMOS33 -VCCIO 3.3 -DRIVE 4 -SLEW FAST successfully.
Executing : def_port hdmi_in_clk -LOC M16 -IOSTANDARD LVCMOS33 -VCCIO 3.3
Executing : def_port hdmi_in_clk -LOC M16 -IOSTANDARD LVCMOS33 -VCCIO 3.3 successfully.
Executing : def_port hdmi_in_de -LOC M17 -IOSTANDARD LVCMOS33 -VCCIO 3.3
Executing : def_port hdmi_in_de -LOC M17 -IOSTANDARD LVCMOS33 -VCCIO 3.3 successfully.
Executing : def_port hdmi_in_hsync -LOC N21 -IOSTANDARD LVCMOS33 -VCCIO 3.3
Executing : def_port hdmi_in_hsync -LOC N21 -IOSTANDARD LVCMOS33 -VCCIO 3.3 successfully.
Executing : def_port {hdmi_in_rgb[0]} -LOC J15 -IOSTANDARD LVCMOS33 -VCCIO 3.3
C: ConstraintEditor-2002: [D:/pango_fire/demo/9_hdmi_loop/hdmi_loop_pango/device_map/hdmi_loop.pcf(line number: 38)] | Port hdmi_in_rgb[0] has been placed at location J15, whose type is share pin.
Executing : def_port {hdmi_in_rgb[0]} -LOC J15 -IOSTANDARD LVCMOS33 -VCCIO 3.3 successfully.
Executing : def_port {hdmi_in_rgb[1]} -LOC J14 -IOSTANDARD LVCMOS33 -VCCIO 3.3
C: ConstraintEditor-2002: [D:/pango_fire/demo/9_hdmi_loop/hdmi_loop_pango/device_map/hdmi_loop.pcf(line number: 39)] | Port hdmi_in_rgb[1] has been placed at location J14, whose type is share pin.
Executing : def_port {hdmi_in_rgb[1]} -LOC J14 -IOSTANDARD LVCMOS33 -VCCIO 3.3 successfully.
Executing : def_port {hdmi_in_rgb[2]} -LOC K15 -IOSTANDARD LVCMOS33 -VCCIO 3.3
C: ConstraintEditor-2002: [D:/pango_fire/demo/9_hdmi_loop/hdmi_loop_pango/device_map/hdmi_loop.pcf(line number: 40)] | Port hdmi_in_rgb[2] has been placed at location K15, whose type is share pin.
Executing : def_port {hdmi_in_rgb[2]} -LOC K15 -IOSTANDARD LVCMOS33 -VCCIO 3.3 successfully.
Executing : def_port {hdmi_in_rgb[3]} -LOC J16 -IOSTANDARD LVCMOS33 -VCCIO 3.3
C: ConstraintEditor-2002: [D:/pango_fire/demo/9_hdmi_loop/hdmi_loop_pango/device_map/hdmi_loop.pcf(line number: 41)] | Port hdmi_in_rgb[3] has been placed at location J16, whose type is share pin.
Executing : def_port {hdmi_in_rgb[3]} -LOC J16 -IOSTANDARD LVCMOS33 -VCCIO 3.3 successfully.
Executing : def_port {hdmi_in_rgb[4]} -LOC J20 -IOSTANDARD LVCMOS33 -VCCIO 3.3
C: ConstraintEditor-2002: [D:/pango_fire/demo/9_hdmi_loop/hdmi_loop_pango/device_map/hdmi_loop.pcf(line number: 42)] | Port hdmi_in_rgb[4] has been placed at location J20, whose type is share pin.
Executing : def_port {hdmi_in_rgb[4]} -LOC J20 -IOSTANDARD LVCMOS33 -VCCIO 3.3 successfully.
Executing : def_port {hdmi_in_rgb[5]} -LOC K20 -IOSTANDARD LVCMOS33 -VCCIO 3.3
C: ConstraintEditor-2002: [D:/pango_fire/demo/9_hdmi_loop/hdmi_loop_pango/device_map/hdmi_loop.pcf(line number: 43)] | Port hdmi_in_rgb[5] has been placed at location K20, whose type is share pin.
Executing : def_port {hdmi_in_rgb[5]} -LOC K20 -IOSTANDARD LVCMOS33 -VCCIO 3.3 successfully.
Executing : def_port {hdmi_in_rgb[6]} -LOC K21 -IOSTANDARD LVCMOS33 -VCCIO 3.3
Executing : def_port {hdmi_in_rgb[6]} -LOC K21 -IOSTANDARD LVCMOS33 -VCCIO 3.3 successfully.
Executing : def_port {hdmi_in_rgb[7]} -LOC J21 -IOSTANDARD LVCMOS33 -VCCIO 3.3
Executing : def_port {hdmi_in_rgb[7]} -LOC J21 -IOSTANDARD LVCMOS33 -VCCIO 3.3 successfully.
Executing : def_port {hdmi_in_rgb[8]} -LOC H18 -IOSTANDARD LVCMOS33 -VCCIO 3.3
C: ConstraintEditor-2002: [D:/pango_fire/demo/9_hdmi_loop/hdmi_loop_pango/device_map/hdmi_loop.pcf(line number: 46)] | Port hdmi_in_rgb[8] has been placed at location H18, whose type is share pin.
Executing : def_port {hdmi_in_rgb[8]} -LOC H18 -IOSTANDARD LVCMOS33 -VCCIO 3.3 successfully.
Executing : def_port {hdmi_in_rgb[9]} -LOC J18 -IOSTANDARD LVCMOS33 -VCCIO 3.3
C: ConstraintEditor-2002: [D:/pango_fire/demo/9_hdmi_loop/hdmi_loop_pango/device_map/hdmi_loop.pcf(line number: 47)] | Port hdmi_in_rgb[9] has been placed at location J18, whose type is share pin.
Executing : def_port {hdmi_in_rgb[9]} -LOC J18 -IOSTANDARD LVCMOS33 -VCCIO 3.3 successfully.
Executing : def_port {hdmi_in_rgb[10]} -LOC H19 -IOSTANDARD LVCMOS33 -VCCIO 3.3
C: ConstraintEditor-2002: [D:/pango_fire/demo/9_hdmi_loop/hdmi_loop_pango/device_map/hdmi_loop.pcf(line number: 48)] | Port hdmi_in_rgb[10] has been placed at location H19, whose type is share pin.
Executing : def_port {hdmi_in_rgb[10]} -LOC H19 -IOSTANDARD LVCMOS33 -VCCIO 3.3 successfully.
Executing : def_port {hdmi_in_rgb[11]} -LOC J19 -IOSTANDARD LVCMOS33 -VCCIO 3.3
C: ConstraintEditor-2002: [D:/pango_fire/demo/9_hdmi_loop/hdmi_loop_pango/device_map/hdmi_loop.pcf(line number: 49)] | Port hdmi_in_rgb[11] has been placed at location J19, whose type is share pin.
Executing : def_port {hdmi_in_rgb[11]} -LOC J19 -IOSTANDARD LVCMOS33 -VCCIO 3.3 successfully.
Executing : def_port {hdmi_in_rgb[12]} -LOC H21 -IOSTANDARD LVCMOS33 -VCCIO 3.3
Executing : def_port {hdmi_in_rgb[12]} -LOC H21 -IOSTANDARD LVCMOS33 -VCCIO 3.3 successfully.
Executing : def_port {hdmi_in_rgb[13]} -LOC H22 -IOSTANDARD LVCMOS33 -VCCIO 3.3
Executing : def_port {hdmi_in_rgb[13]} -LOC H22 -IOSTANDARD LVCMOS33 -VCCIO 3.3 successfully.
Executing : def_port {hdmi_in_rgb[14]} -LOC G20 -IOSTANDARD LVCMOS33 -VCCIO 3.3
Executing : def_port {hdmi_in_rgb[14]} -LOC G20 -IOSTANDARD LVCMOS33 -VCCIO 3.3 successfully.
Executing : def_port {hdmi_in_rgb[15]} -LOC G21 -IOSTANDARD LVCMOS33 -VCCIO 3.3
Executing : def_port {hdmi_in_rgb[15]} -LOC G21 -IOSTANDARD LVCMOS33 -VCCIO 3.3 successfully.
Executing : def_port {hdmi_in_rgb[16]} -LOC G22 -IOSTANDARD LVCMOS33 -VCCIO 3.3
Executing : def_port {hdmi_in_rgb[16]} -LOC G22 -IOSTANDARD LVCMOS33 -VCCIO 3.3 successfully.
Executing : def_port {hdmi_in_rgb[17]} -LOC F22 -IOSTANDARD LVCMOS33 -VCCIO 3.3
C: ConstraintEditor-2002: [D:/pango_fire/demo/9_hdmi_loop/hdmi_loop_pango/device_map/hdmi_loop.pcf(line number: 55)] | Port hdmi_in_rgb[17] has been placed at location F22, whose type is share pin.
Executing : def_port {hdmi_in_rgb[17]} -LOC F22 -IOSTANDARD LVCMOS33 -VCCIO 3.3 successfully.
Executing : def_port {hdmi_in_rgb[18]} -LOC E23 -IOSTANDARD LVCMOS33 -VCCIO 3.3
C: ConstraintEditor-2002: [D:/pango_fire/demo/9_hdmi_loop/hdmi_loop_pango/device_map/hdmi_loop.pcf(line number: 56)] | Port hdmi_in_rgb[18] has been placed at location E23, whose type is share pin.
Executing : def_port {hdmi_in_rgb[18]} -LOC E23 -IOSTANDARD LVCMOS33 -VCCIO 3.3 successfully.
Executing : def_port {hdmi_in_rgb[19]} -LOC F23 -IOSTANDARD LVCMOS33 -VCCIO 3.3
C: ConstraintEditor-2002: [D:/pango_fire/demo/9_hdmi_loop/hdmi_loop_pango/device_map/hdmi_loop.pcf(line number: 57)] | Port hdmi_in_rgb[19] has been placed at location F23, whose type is share pin.
Executing : def_port {hdmi_in_rgb[19]} -LOC F23 -IOSTANDARD LVCMOS33 -VCCIO 3.3 successfully.
Executing : def_port {hdmi_in_rgb[20]} -LOC D24 -IOSTANDARD LVCMOS33 -VCCIO 3.3
Executing : def_port {hdmi_in_rgb[20]} -LOC D24 -IOSTANDARD LVCMOS33 -VCCIO 3.3 successfully.
Executing : def_port {hdmi_in_rgb[21]} -LOC D23 -IOSTANDARD LVCMOS33 -VCCIO 3.3
Executing : def_port {hdmi_in_rgb[21]} -LOC D23 -IOSTANDARD LVCMOS33 -VCCIO 3.3 successfully.
Executing : def_port {hdmi_in_rgb[22]} -LOC F20 -IOSTANDARD LVCMOS33 -VCCIO 3.3
Executing : def_port {hdmi_in_rgb[22]} -LOC F20 -IOSTANDARD LVCMOS33 -VCCIO 3.3 successfully.
Executing : def_port {hdmi_in_rgb[23]} -LOC G19 -IOSTANDARD LVCMOS33 -VCCIO 3.3
Executing : def_port {hdmi_in_rgb[23]} -LOC G19 -IOSTANDARD LVCMOS33 -VCCIO 3.3 successfully.
Executing : def_port hdmi_in_vsync -LOC N22 -IOSTANDARD LVCMOS33 -VCCIO 3.3
Executing : def_port hdmi_in_vsync -LOC N22 -IOSTANDARD LVCMOS33 -VCCIO 3.3 successfully.
Executing : def_port sys_clk -LOC R3 -IOSTANDARD LVCMOS15 -VCCIO 1.5
Executing : def_port sys_clk -LOC R3 -IOSTANDARD LVCMOS15 -VCCIO 1.5 successfully.
Executing : def_port sys_rst_n -LOC G25 -IOSTANDARD LVCMOS33 -VCCIO 3.3
C: ConstraintEditor-2002: [D:/pango_fire/demo/9_hdmi_loop/hdmi_loop_pango/device_map/hdmi_loop.pcf(line number: 64)] | Port sys_rst_n has been placed at location G25, whose type is share pin.
Executing : def_port sys_rst_n -LOC G25 -IOSTANDARD LVCMOS33 -VCCIO 3.3 successfully.
Executing : apply_constraint -f D:/pango_fire/demo/9_hdmi_loop/hdmi_loop_pango/device_map/hdmi_loop.pcf successfully.

Placement started.
Mapping instance u_CORES/u_GTP_SCANCHAIN_PG/scanchain to SCANCHAIN_88_312.
Mapping instance GRS_INST/grs_ccs to CCS_87_316.
C: Place-2028: GLOBAL_CLOCK: the driver u_CORES/u_GTP_SCANCHAIN_PG/scanchain fixed at SCANCHAIN_88_312 is unreasonable. Sub-optimal placement for a clock source and a clock buffer.
Mapping instance clkbufg_5/gopclkbufg to USCM_215_669.
C: Place-2028: GLOBAL_CLOCK: the driver u_CORES/u_GTP_SCANCHAIN_PG/scanchain fixed at SCANCHAIN_88_312 is unreasonable. Sub-optimal placement for a clock source and a clock buffer.
Mapping instance clkbufg_4/gopclkbufg to USCM_215_666.
Mapping instance clkbufg_3/gopclkbufg to USCM_215_576.
Pre global placement takes 7.27 sec.
Run super clustering :
	Initial slack 15709.
	3 iterations finished.
	Final slack 16980.
Super clustering done.
Design Utilization : 2%.
Global placement takes 1.41 sec.
Wirelength after global placement is 12634.
Placed fixed instance GRS_INST/grs_ccs on CCS_87_316.
Placed fixed instance clkbufg_3/gopclkbufg on USCM_215_576.
Placed fixed instance clkbufg_4/gopclkbufg on USCM_215_666.
Placed fixed instance clkbufg_5/gopclkbufg on USCM_215_669.
Placed fixed group with base inst ddc_scl_obuf/opit_1 on IOLHR_16_480.
Placed fixed group with base inst hdmi_i2c_inst.i2c_ctrl_inst.i2c_sda_tri/opit_1 on IOLHR_16_474.
Placed fixed group with base inst hdmi_in_clk_ibuf/opit_1 on IOLHR_16_846.
Placed fixed group with base inst hdmi_in_de_ibuf/opit_1 on IOLHR_16_840.
Placed fixed group with base inst hdmi_in_hsync_ibuf/opit_1 on IOLHR_16_450.
Placed fixed group with base inst hdmi_in_rgb_ibuf[0]/opit_1 on IOLHR_16_888.
Placed fixed group with base inst hdmi_in_rgb_ibuf[1]/opit_1 on IOLHR_16_894.
Placed fixed group with base inst hdmi_in_rgb_ibuf[2]/opit_1 on IOLHR_16_906.
Placed fixed group with base inst hdmi_in_rgb_ibuf[3]/opit_1 on IOLHR_16_900.
Placed fixed group with base inst hdmi_in_rgb_ibuf[4]/opit_1 on IOLHR_16_804.
Placed fixed group with base inst hdmi_in_rgb_ibuf[5]/opit_1 on IOLHR_16_810.
Placed fixed group with base inst hdmi_in_rgb_ibuf[6]/opit_1 on IOLHR_16_774.
Placed fixed group with base inst hdmi_in_rgb_ibuf[7]/opit_1 on IOLHR_16_768.
Placed fixed group with base inst hdmi_in_rgb_ibuf[8]/opit_1 on IOLHR_16_792.
Placed fixed group with base inst hdmi_in_rgb_ibuf[9]/opit_1 on IOLHR_16_798.
Placed fixed group with base inst hdmi_in_rgb_ibuf[10]/opit_1 on IOLHR_16_828.
Placed fixed group with base inst hdmi_in_rgb_ibuf[11]/opit_1 on IOLHR_16_834.
Placed fixed group with base inst hdmi_in_rgb_ibuf[12]/opit_1 on IOLHR_16_756.
Placed fixed group with base inst hdmi_in_rgb_ibuf[13]/opit_1 on IOLHR_16_750.
Placed fixed group with base inst hdmi_in_rgb_ibuf[14]/opit_1 on IOLHR_16_786.
Placed fixed group with base inst hdmi_in_rgb_ibuf[15]/opit_1 on IOLHR_16_780.
Placed fixed group with base inst hdmi_in_rgb_ibuf[16]/opit_1 on IOLHR_16_732.
Placed fixed group with base inst hdmi_in_rgb_ibuf[17]/opit_1 on IOLHR_16_726.
Placed fixed group with base inst hdmi_in_rgb_ibuf[18]/opit_1 on IOLHR_16_702.
Placed fixed group with base inst hdmi_in_rgb_ibuf[19]/opit_1 on IOLHR_16_708.
Placed fixed group with base inst hdmi_in_rgb_ibuf[20]/opit_1 on IOLHR_16_924.
Placed fixed group with base inst hdmi_in_rgb_ibuf[21]/opit_1 on IOLHR_16_930.
Placed fixed group with base inst hdmi_in_rgb_ibuf[22]/opit_1 on IOLHR_16_1158.
Placed fixed group with base inst hdmi_in_rgb_ibuf[23]/opit_1 on IOLHR_16_1164.
Placed fixed group with base inst hdmi_in_rst_n_obuf/opit_1 on IOLHR_16_912.
Placed fixed group with base inst hdmi_in_vsync_ibuf/opit_1 on IOLHR_16_444.
Placed fixed group with base inst hdmi_out_clk_obuf/opit_1 on IOLHR_16_882.
Placed fixed group with base inst hdmi_out_de_obuf/opit_1 on IOLHR_16_876.
Placed fixed group with base inst hdmi_out_hsync_obuf/opit_1 on IOLHR_16_822.
Placed fixed group with base inst hdmi_out_rgb_obuf[0]/opit_1 on IOLHR_16_864.
Placed fixed group with base inst hdmi_out_rgb_obuf[1]/opit_1 on IOLHR_16_870.
Placed fixed group with base inst hdmi_out_rgb_obuf[2]/opit_1 on IOLHR_16_852.
Placed fixed group with base inst hdmi_out_rgb_obuf[3]/opit_1 on IOLHR_16_858.
Placed fixed group with base inst hdmi_out_rgb_obuf[4]/opit_1 on IOLHR_16_696.
Placed fixed group with base inst hdmi_out_rgb_obuf[5]/opit_1 on IOLHR_16_690.
Placed fixed group with base inst hdmi_out_rgb_obuf[6]/opit_1 on IOLHR_16_744.
Placed fixed group with base inst hdmi_out_rgb_obuf[7]/opit_1 on IOLHR_16_738.
Placed fixed group with base inst hdmi_out_rgb_obuf[8]/opit_1 on IOLHR_16_720.
Placed fixed group with base inst hdmi_out_rgb_obuf[9]/opit_1 on IOLHR_16_714.
Placed fixed group with base inst hdmi_out_rgb_obuf[10]/opit_1 on IOLHR_16_618.
Placed fixed group with base inst hdmi_out_rgb_obuf[11]/opit_1 on IOLHR_16_624.
Placed fixed group with base inst hdmi_out_rgb_obuf[12]/opit_1 on IOLHR_16_648.
Placed fixed group with base inst hdmi_out_rgb_obuf[13]/opit_1 on IOLHR_16_642.
Placed fixed group with base inst hdmi_out_rgb_obuf[14]/opit_1 on IOLHR_16_684.
Placed fixed group with base inst hdmi_out_rgb_obuf[15]/opit_1 on IOLHR_16_678.
Placed fixed group with base inst hdmi_out_rgb_obuf[16]/opit_1 on IOLHR_16_660.
Placed fixed group with base inst hdmi_out_rgb_obuf[17]/opit_1 on IOLHR_16_654.
Placed fixed group with base inst hdmi_out_rgb_obuf[18]/opit_1 on IOLHR_16_672.
Placed fixed group with base inst hdmi_out_rgb_obuf[19]/opit_1 on IOLHR_16_666.
Placed fixed group with base inst hdmi_out_rgb_obuf[20]/opit_1 on IOLHR_16_954.
Placed fixed group with base inst hdmi_out_rgb_obuf[21]/opit_1 on IOLHR_16_948.
Placed fixed group with base inst hdmi_out_rgb_obuf[22]/opit_1 on IOLHR_16_978.
Placed fixed group with base inst hdmi_out_rgb_obuf[23]/opit_1 on IOLHR_16_972.
Placed fixed group with base inst hdmi_out_rst_n_obuf/opit_1 on IOLHR_16_612.
Placed fixed group with base inst hdmi_out_vsync_obuf/opit_1 on IOLHR_16_816.
Placed fixed group with base inst sys_clk_ibuf/opit_1 on IOLHR_364_450.
Placed fixed group with base inst sys_rst_n_ibuf/opit_1 on IOLHR_16_636.
Placed fixed instance u_CORES/u_GTP_SCANCHAIN_PG/scanchain on SCANCHAIN_88_312.
Placed fixed instance BKCL_auto_0 on BKCL_1_952.
Placed fixed instance BKCL_auto_1 on BKCL_1_646.
Placed fixed instance BKCL_auto_2 on BKCL_1_340.
Placed fixed instance BKCL_auto_3 on BKCL_373_340.
I: LUT6D pack result: There are 332 LUT6 in collection, pack success:15
Wirelength after Macro cell placement is 17119.
Macro cell placement takes 0.06 sec.
Run super clustering :
	Initial slack 15681.
	2 iterations finished.
	Final slack 16768.
Super clustering done.
Design Utilization : 2%.
Wirelength after post global placement is 12432.
I: LUT6D pack result: There are 302 LUT6 in collection, pack success:1
Post global placement takes 2.17 sec.
Wirelength after legalization is 14622.
Legalization takes 0.39 sec.
Worst slack before Replication Place is 18379.
Wirelength after replication placement is 14622.
Legalized cost 18379.000000.
The detailed placement ends at 11th iteration.
Wirelength after detailed placement is 14622.
Timing-driven detailed placement takes 0.95 sec.
Placement done.
Total placement takes 13.61 sec.
Finished placement. (CPU time elapsed 0h:00m:15s)

Routing started.
Building routing graph takes 6.69 sec.
Worst slack is 18379.
Processing design graph takes 1.30 sec.
Total memory for routing:
	217.004901 M.
Total nets for routing : 2293.
Rcf routing step 1 processed 0 nets, it takes 0.00 sec.
Rcf routing step 2 processed 0 nets, it takes 0.00 sec.
Rcf routing step 3 processed 0 nets, it takes 0.00 sec.
Unrouted nets 0 at the end of iteration 0.
Global Routing step 1 processed 57 nets, it takes 0.02 sec.
Unrouted nets 393 at the end of iteration 0.
Unrouted nets 288 at the end of iteration 1.
Unrouted nets 234 at the end of iteration 2.
Unrouted nets 188 at the end of iteration 3.
Unrouted nets 119 at the end of iteration 4.
Unrouted nets 85 at the end of iteration 5.
Unrouted nets 61 at the end of iteration 6.
Unrouted nets 37 at the end of iteration 7.
Unrouted nets 26 at the end of iteration 8.
Unrouted nets 14 at the end of iteration 9.
Unrouted nets 13 at the end of iteration 10.
Unrouted nets 5 at the end of iteration 11.
Unrouted nets 2 at the end of iteration 12.
Unrouted nets 4 at the end of iteration 13.
Unrouted nets 1 at the end of iteration 14.
Unrouted nets 1 at the end of iteration 15.
Unrouted nets 1 at the end of iteration 16.
Unrouted nets 1 at the end of iteration 17.
Unrouted nets 1 at the end of iteration 18.
Unrouted nets 1 at the end of iteration 19.
Unrouted nets 0 at the end of iteration 20.
Global Routing step 2 processed 488 nets, it takes 2.22 sec.
Global Routing step 3 processed 0 nets, it takes 0.00 sec.
Unrouted nets 37 at the end of iteration 0.
Unrouted nets 15 at the end of iteration 1.
Unrouted nets 6 at the end of iteration 2.
Unrouted nets 0 at the end of iteration 3.
Global Routing step 4 processed 75 nets, it takes 0.22 sec.
Global routing takes 2.55 sec.
Total 2800 subnets.
    forward max bucket size 19669 , backward 238.
        Unrouted nets 1242 at the end of iteration 0.
    route iteration 0, CPU time elapsed 0.640625 sec.
    forward max bucket size 120 , backward 94.
        Unrouted nets 954 at the end of iteration 1.
    route iteration 1, CPU time elapsed 0.171875 sec.
    forward max bucket size 118 , backward 94.
        Unrouted nets 717 at the end of iteration 2.
    route iteration 2, CPU time elapsed 0.140625 sec.
    forward max bucket size 165 , backward 134.
        Unrouted nets 498 at the end of iteration 3.
    route iteration 3, CPU time elapsed 0.109375 sec.
    forward max bucket size 55 , backward 37.
        Unrouted nets 347 at the end of iteration 4.
    route iteration 4, CPU time elapsed 0.078125 sec.
    forward max bucket size 47 , backward 32.
        Unrouted nets 258 at the end of iteration 5.
    route iteration 5, CPU time elapsed 0.062500 sec.
    forward max bucket size 44 , backward 32.
        Unrouted nets 184 at the end of iteration 6.
    route iteration 6, CPU time elapsed 0.031250 sec.
    forward max bucket size 58 , backward 32.
        Unrouted nets 136 at the end of iteration 7.
    route iteration 7, CPU time elapsed 0.031250 sec.
    forward max bucket size 38 , backward 32.
        Unrouted nets 80 at the end of iteration 8.
    route iteration 8, CPU time elapsed 0.015625 sec.
    forward max bucket size 38 , backward 32.
        Unrouted nets 66 at the end of iteration 9.
    route iteration 9, CPU time elapsed 0.015625 sec.
    forward max bucket size 38 , backward 32.
        Unrouted nets 36 at the end of iteration 10.
    route iteration 10, CPU time elapsed 0.015625 sec.
    forward max bucket size 40 , backward 32.
        Unrouted nets 25 at the end of iteration 11.
    route iteration 11, CPU time elapsed 0.015625 sec.
    forward max bucket size 38 , backward 32.
        Unrouted nets 14 at the end of iteration 12.
    route iteration 12, CPU time elapsed 0.000000 sec.
    forward max bucket size 38 , backward 32.
        Unrouted nets 9 at the end of iteration 13.
    route iteration 13, CPU time elapsed 0.015625 sec.
    forward max bucket size 38 , backward 32.
        Unrouted nets 9 at the end of iteration 14.
    route iteration 14, CPU time elapsed 0.015625 sec.
    forward max bucket size 38 , backward 32.
        Unrouted nets 9 at the end of iteration 15.
    route iteration 15, CPU time elapsed 0.000000 sec.
    forward max bucket size 38 , backward 32.
        Unrouted nets 6 at the end of iteration 16.
    route iteration 16, CPU time elapsed 0.015625 sec.
    forward max bucket size 38 , backward 32.
        Unrouted nets 6 at the end of iteration 17.
    route iteration 17, CPU time elapsed 0.000000 sec.
    forward max bucket size 38 , backward 32.
        Unrouted nets 1 at the end of iteration 18.
    route iteration 18, CPU time elapsed 0.015625 sec.
    forward max bucket size 38 , backward 32.
        Unrouted nets 1 at the end of iteration 19.
    route iteration 19, CPU time elapsed 0.000000 sec.
    forward max bucket size 38 , backward 32.
        Unrouted nets 1 at the end of iteration 20.
    route iteration 20, CPU time elapsed 0.000000 sec.
    forward max bucket size 38 , backward 32.
        Unrouted nets 1 at the end of iteration 21.
    route iteration 21, CPU time elapsed 0.015625 sec.
    forward max bucket size 38 , backward 32.
        Unrouted nets 1 at the end of iteration 22.
    route iteration 22, CPU time elapsed 0.000000 sec.
    forward max bucket size 38 , backward 32.
        Unrouted nets 1 at the end of iteration 23.
    route iteration 23, CPU time elapsed 0.015625 sec.
    forward max bucket size 38 , backward 32.
        Unrouted nets 1 at the end of iteration 24.
    route iteration 24, CPU time elapsed 0.000000 sec.
    forward max bucket size 38 , backward 32.
        Unrouted nets 1 at the end of iteration 25.
    route iteration 25, CPU time elapsed 0.015625 sec.
    forward max bucket size 38 , backward 32.
        Unrouted nets 1 at the end of iteration 26.
    route iteration 26, CPU time elapsed 0.000000 sec.
    forward max bucket size 38 , backward 32.
        Unrouted nets 1 at the end of iteration 27.
    route iteration 27, CPU time elapsed 0.015625 sec.
    forward max bucket size 38 , backward 32.
        Unrouted nets 1 at the end of iteration 28.
    route iteration 28, CPU time elapsed 0.000000 sec.
    forward max bucket size 38 , backward 32.
        Unrouted nets 1 at the end of iteration 29.
    route iteration 29, CPU time elapsed 0.000000 sec.
    forward max bucket size 38 , backward 32.
        Unrouted nets 1 at the end of iteration 30.
    route iteration 30, CPU time elapsed 0.000000 sec.
    forward max bucket size 38 , backward 32.
        Unrouted nets 1 at the end of iteration 31.
    route iteration 31, CPU time elapsed 0.000000 sec.
    forward max bucket size 38 , backward 32.
        Unrouted nets 1 at the end of iteration 32.
    route iteration 32, CPU time elapsed 0.015625 sec.
    forward max bucket size 38 , backward 32.
        Unrouted nets 1 at the end of iteration 33.
    route iteration 33, CPU time elapsed 0.000000 sec.
    forward max bucket size 38 , backward 32.
        Unrouted nets 1 at the end of iteration 34.
    route iteration 34, CPU time elapsed 0.015625 sec.
    forward max bucket size 38 , backward 32.
        Unrouted nets 1 at the end of iteration 35.
    route iteration 35, CPU time elapsed 0.000000 sec.
    forward max bucket size 38 , backward 32.
        Unrouted nets 1 at the end of iteration 36.
    route iteration 36, CPU time elapsed 0.015625 sec.
    forward max bucket size 38 , backward 32.
        Unrouted nets 1 at the end of iteration 37.
    route iteration 37, CPU time elapsed 0.000000 sec.
    forward max bucket size 38 , backward 32.
        Unrouted nets 1 at the end of iteration 38.
    route iteration 38, CPU time elapsed 0.015625 sec.
    forward max bucket size 38 , backward 32.
        Unrouted nets 1 at the end of iteration 39.
    route iteration 39, CPU time elapsed 0.000000 sec.
    forward max bucket size 38 , backward 32.
        Unrouted nets 1 at the end of iteration 40.
    route iteration 40, CPU time elapsed 0.015625 sec.
    forward max bucket size 38 , backward 32.
        Unrouted nets 1 at the end of iteration 41.
    route iteration 41, CPU time elapsed 0.000000 sec.
    forward max bucket size 38 , backward 32.
        Unrouted nets 1 at the end of iteration 42.
    route iteration 42, CPU time elapsed 0.015625 sec.
    forward max bucket size 38 , backward 32.
        Unrouted nets 1 at the end of iteration 43.
    route iteration 43, CPU time elapsed 0.000000 sec.
    forward max bucket size 38 , backward 32.
        Unrouted nets 1 at the end of iteration 44.
    route iteration 44, CPU time elapsed 0.015625 sec.
    forward max bucket size 38 , backward 32.
        Unrouted nets 1 at the end of iteration 45.
    route iteration 45, CPU time elapsed 0.000000 sec.
    forward max bucket size 38 , backward 32.
        Unrouted nets 1 at the end of iteration 46.
    route iteration 46, CPU time elapsed 0.000000 sec.
    forward max bucket size 38 , backward 32.
        Unrouted nets 1 at the end of iteration 47.
    route iteration 47, CPU time elapsed 0.000000 sec.
    forward max bucket size 38 , backward 32.
        Unrouted nets 1 at the end of iteration 48.
    route iteration 48, CPU time elapsed 0.000000 sec.
    forward max bucket size 38 , backward 32.
        Unrouted nets 1 at the end of iteration 49.
    route iteration 49, CPU time elapsed 0.015625 sec.
    forward max bucket size 38 , backward 32.
        Unrouted nets 1 at the end of iteration 50.
    route iteration 50, CPU time elapsed 0.000000 sec.
    forward max bucket size 38 , backward 32.
        Unrouted nets 1 at the end of iteration 51.
    route iteration 51, CPU time elapsed 0.015625 sec.
    forward max bucket size 38 , backward 32.
        Unrouted nets 1 at the end of iteration 52.
    route iteration 52, CPU time elapsed 0.000000 sec.
    forward max bucket size 38 , backward 32.
        Unrouted nets 1 at the end of iteration 53.
    route iteration 53, CPU time elapsed 0.015625 sec.
    forward max bucket size 38 , backward 32.
        Unrouted nets 1 at the end of iteration 54.
    route iteration 54, CPU time elapsed 0.000000 sec.
    forward max bucket size 38 , backward 32.
        Unrouted nets 1 at the end of iteration 55.
    route iteration 55, CPU time elapsed 0.015625 sec.
    forward max bucket size 38 , backward 32.
        Unrouted nets 1 at the end of iteration 56.
    route iteration 56, CPU time elapsed 0.000000 sec.
    forward max bucket size 38 , backward 32.
        Unrouted nets 1 at the end of iteration 57.
    route iteration 57, CPU time elapsed 0.015625 sec.
    forward max bucket size 38 , backward 32.
        Unrouted nets 1 at the end of iteration 58.
    route iteration 58, CPU time elapsed 0.000000 sec.
    forward max bucket size 38 , backward 32.
        Unrouted nets 1 at the end of iteration 59.
    route iteration 59, CPU time elapsed 0.015625 sec.
    forward max bucket size 38 , backward 32.
        Unrouted nets 1 at the end of iteration 60.
    route iteration 60, CPU time elapsed 0.000000 sec.
    forward max bucket size 38 , backward 32.
        Unrouted nets 1 at the end of iteration 61.
    route iteration 61, CPU time elapsed 0.015625 sec.
    forward max bucket size 38 , backward 32.
        Unrouted nets 1 at the end of iteration 62.
    route iteration 62, CPU time elapsed 0.000000 sec.
    forward max bucket size 38 , backward 32.
        Unrouted nets 1 at the end of iteration 63.
    route iteration 63, CPU time elapsed 0.015625 sec.
    forward max bucket size 38 , backward 32.
        Unrouted nets 1 at the end of iteration 64.
    route iteration 64, CPU time elapsed 0.000000 sec.
    forward max bucket size 38 , backward 32.
        Unrouted nets 1 at the end of iteration 65.
    route iteration 65, CPU time elapsed 0.015625 sec.
    forward max bucket size 38 , backward 32.
        Unrouted nets 1 at the end of iteration 66.
    route iteration 66, CPU time elapsed 0.000000 sec.
    forward max bucket size 38 , backward 32.
        Unrouted nets 1 at the end of iteration 67.
    route iteration 67, CPU time elapsed 0.015625 sec.
    forward max bucket size 38 , backward 32.
        Unrouted nets 1 at the end of iteration 68.
    route iteration 68, CPU time elapsed 0.000000 sec.
    forward max bucket size 38 , backward 32.
        Unrouted nets 1 at the end of iteration 69.
    route iteration 69, CPU time elapsed 0.015625 sec.
    forward max bucket size 38 , backward 32.
        Unrouted nets 1 at the end of iteration 70.
    route iteration 70, CPU time elapsed 0.000000 sec.
    forward max bucket size 38 , backward 32.
        Unrouted nets 1 at the end of iteration 71.
    route iteration 71, CPU time elapsed 0.015625 sec.
    forward max bucket size 38 , backward 32.
        Unrouted nets 1 at the end of iteration 72.
    route iteration 72, CPU time elapsed 0.000000 sec.
    forward max bucket size 38 , backward 32.
        Unrouted nets 1 at the end of iteration 73.
    route iteration 73, CPU time elapsed 0.015625 sec.
    forward max bucket size 38 , backward 32.
        Unrouted nets 1 at the end of iteration 74.
    route iteration 74, CPU time elapsed 0.000000 sec.
    forward max bucket size 38 , backward 32.
        Unrouted nets 1 at the end of iteration 75.
    route iteration 75, CPU time elapsed 0.015625 sec.
    forward max bucket size 38 , backward 32.
        Unrouted nets 1 at the end of iteration 76.
    route iteration 76, CPU time elapsed 0.000000 sec.
    forward max bucket size 38 , backward 32.
        Unrouted nets 1 at the end of iteration 77.
    route iteration 77, CPU time elapsed 0.015625 sec.
    forward max bucket size 38 , backward 32.
        Unrouted nets 1 at the end of iteration 78.
    route iteration 78, CPU time elapsed 0.000000 sec.
    forward max bucket size 38 , backward 32.
        Unrouted nets 1 at the end of iteration 79.
    route iteration 79, CPU time elapsed 0.015625 sec.
    forward max bucket size 38 , backward 32.
        Unrouted nets 1 at the end of iteration 80.
    route iteration 80, CPU time elapsed 0.000000 sec.
    forward max bucket size 38 , backward 32.
        Unrouted nets 1 at the end of iteration 81.
    route iteration 81, CPU time elapsed 0.000000 sec.
    forward max bucket size 38 , backward 32.
        Unrouted nets 1 at the end of iteration 82.
    route iteration 82, CPU time elapsed 0.000000 sec.
    forward max bucket size 38 , backward 32.
        Unrouted nets 1 at the end of iteration 83.
    route iteration 83, CPU time elapsed 0.000000 sec.
    forward max bucket size 38 , backward 32.
        Unrouted nets 1 at the end of iteration 84.
    route iteration 84, CPU time elapsed 0.015625 sec.
    forward max bucket size 38 , backward 32.
        Unrouted nets 1 at the end of iteration 85.
    route iteration 85, CPU time elapsed 0.000000 sec.
    forward max bucket size 38 , backward 32.
        Unrouted nets 1 at the end of iteration 86.
    route iteration 86, CPU time elapsed 0.015625 sec.
    forward max bucket size 38 , backward 32.
        Unrouted nets 1 at the end of iteration 87.
    route iteration 87, CPU time elapsed 0.000000 sec.
    forward max bucket size 38 , backward 32.
        Unrouted nets 1 at the end of iteration 88.
    route iteration 88, CPU time elapsed 0.015625 sec.
    forward max bucket size 38 , backward 32.
        Unrouted nets 1 at the end of iteration 89.
    route iteration 89, CPU time elapsed 0.000000 sec.
    forward max bucket size 38 , backward 32.
        Unrouted nets 1 at the end of iteration 90.
    route iteration 90, CPU time elapsed 0.015625 sec.
    forward max bucket size 38 , backward 32.
        Unrouted nets 1 at the end of iteration 91.
    route iteration 91, CPU time elapsed 0.000000 sec.
    forward max bucket size 38 , backward 32.
        Unrouted nets 1 at the end of iteration 92.
    route iteration 92, CPU time elapsed 0.015625 sec.
    forward max bucket size 38 , backward 32.
        Unrouted nets 1 at the end of iteration 93.
    route iteration 93, CPU time elapsed 0.000000 sec.
    forward max bucket size 38 , backward 32.
        Unrouted nets 1 at the end of iteration 94.
    route iteration 94, CPU time elapsed 0.015625 sec.
    forward max bucket size 38 , backward 32.
        Unrouted nets 1 at the end of iteration 95.
    route iteration 95, CPU time elapsed 0.000000 sec.
    forward max bucket size 38 , backward 32.
        Unrouted nets 1 at the end of iteration 96.
    route iteration 96, CPU time elapsed 0.015625 sec.
    forward max bucket size 38 , backward 32.
        Unrouted nets 1 at the end of iteration 97.
    route iteration 97, CPU time elapsed 0.000000 sec.
    forward max bucket size 38 , backward 32.
        Unrouted nets 1 at the end of iteration 98.
    route iteration 98, CPU time elapsed 0.015625 sec.
    Unrouted nets 2 at the end of fading iteration 11.
    Unrouted nets 2 at the end of fading iteration 10.
    Unrouted nets 0 at the end of fading iteration 9.
C: Route-2036: The clock path from hdmi_i2c_inst/i2c_ctrl_inst/N760/LUT6_inst:L6 to hdmi_i2c_inst/i2c_ctrl_inst/rd_data_reg[2]/opit_0:CLK is routed by SRB.
C: Route-2036: The clock path from hdmi_i2c_inst/i2c_ctrl_inst/N780/LUT6_inst:L6 to hdmi_i2c_inst/i2c_ctrl_inst/rd_data_reg[6]/opit_0:CLK is routed by SRB.
C: Route-2036: The clock path from hdmi_i2c_inst/i2c_ctrl_inst/N775/LUT6_inst:L6 to hdmi_i2c_inst/i2c_ctrl_inst/rd_data_reg[5]/opit_0:CLK is routed by SRB.
C: Route-2036: The clock path from hdmi_i2c_inst/i2c_ctrl_inst/N755/LUT6_inst:L6 to hdmi_i2c_inst/i2c_ctrl_inst/rd_data_reg[1]/opit_0:CLK is routed by SRB.
C: Route-2036: The clock path from hdmi_i2c_inst/i2c_ctrl_inst/N765/LUT6_inst:L6 to hdmi_i2c_inst/i2c_ctrl_inst/rd_data_reg[3]/opit_0:CLK is routed by SRB.
C: Route-2036: The clock path from u_CORES/u_GTP_SCANCHAIN_PG/scanchain:TCK1 to clkbufg_5/gopclkbufg:CLK is routed by SRB.
C: Route-2036: The clock path from u_CORES/u_GTP_SCANCHAIN_PG/scanchain:CAPTUREDR to clkbufg_4/gopclkbufg:CLK is routed by SRB.
C: Route-2036: The clock path from hdmi_i2c_inst/i2c_ctrl_inst/i2c_clk/opit_0_inv:Q to hdmi_i2c_inst/i2c_ctrl_inst/i2c_end/opit_0_inv_L6Q:CLK is routed by SRB.
Detailed routing takes 2.11 sec.

Dispose routing result:
    Collect routing result.
    Delete unused device instances.
    Annotate routing result.
    Change LUT configuration.
    Dispose misc instances.
I: Route-6001: Insert route through in CLMS_243_733.
I: Route-6001: Insert route through in CLMA_219_727.
I: Route-6001: Insert route through in CLMS_189_757.
I: Route-6001: Insert route through in CLMA_195_756.
I: Route-6001: Insert route through in CLMA_261_787.
I: Route-6001: Insert route through in CLMS_285_793.
I: Route-6001: Insert route through in HCKB_213_536.
I: Route-6001: Insert route through in HCKB_213_506.
I: Route-6001: Insert route through in HCKB_213_515.
I: Route-6001: Insert route through in HCKB_213_526.
I: Route-6001: Insert route through in HCKB_213_1102.
I: Route-6001: Insert route through in HCKB_213_489.
    Annotate routing result again.
Finish routing takes 0.84 sec.
Used srb routing arc is 16569.
Cleanup routing takes 0.09 sec.
Routing done.
Total routing takes 15.88 sec.


Device Utilization Summary :
+-------------------------------------------------------------------------------+
| Logic Utilization           | Used     | Available     | Utilization(%)     
+-------------------------------------------------------------------------------+
| Use of ADC                  | 0        | 1             | 0                   
| Use of ANALOG               | 0        | 1             | 0                   
| Use of APM                  | 0        | 240           | 0                   
| Use of BKCL                 | 4        | 6             | 67                  
| Use of CCS                  | 1        | 1             | 100                 
| Use of CLMA                 | 229      | 11675         | 2                   
|   FF                        | 809      | 93400         | 1                   
|   LUT                       | 591      | 46700         | 2                   
|   LUT-FF pairs              | 332      | 46700         | 1                   
| Use of CLMS                 | 79       | 4975          | 2                   
|   FF                        | 304      | 39800         | 1                   
|   LUT                       | 198      | 19900         | 1                   
|   LUT-FF pairs              | 122      | 19900         | 1                   
|   Distributed RAM           | 0        | 19900         | 0                   
| Use of DDRPHY_CPD           | 0        | 12            | 0                   
| Use of DDRPHY_IOCLK_DIV     | 0        | 6             | 0                   
| Use of DDR_PHY              | 0        | 24            | 0                   
| Use of DRM                  | 24       | 155           | 16                  
| Use of GPLL                 | 0        | 6             | 0                   
| Use of GSEB                 | 0        | 218           | 0                   
| Use of HARD0                | 214      | 10550         | 3                   
| Use of HCKB                 | 6        | 96            | 7                   
| Use of HCKMUX_TEST          | 0        | 8             | 0                   
| Use of HSSTLP               | 0        | 2             | 0                   
| Use of IO                   | 62       | 300           | 21                  
|   IOBD                      | 31       | 144           | 22                  
|   IOBS                      | 31       | 156           | 20                  
| Use of IOCKB                | 0        | 24            | 0                   
| Use of IOCKMUX_TEST         | 0        | 6             | 0                   
| Use of IOLHR                | 62       | 300           | 21                  
| Use of KEYRAM               | 0        | 1             | 0                   
| Use of MFG_TEST             | 0        | 1             | 0                   
| Use of MRCKB                | 0        | 12            | 0                   
| Use of MRCKMUX_TEST         | 0        | 6             | 0                   
| Use of MRPOSTMUX_TEST       | 0        | 6             | 0                   
| Use of PCIE                 | 0        | 1             | 0                   
| Use of PCKMUX_TEST          | 0        | 12            | 0                   
| Use of PLLMRMUX_TEST        | 0        | 6             | 0                   
| Use of PLLREFMUX_TEST       | 0        | 6             | 0                   
| Use of PPLL                 | 0        | 6             | 0                   
| Use of PREGMUXC_TEST        | 0        | 4             | 0                   
| Use of PREGMUXLR_TEST       | 0        | 6             | 0                   
| Use of RCKB                 | 0        | 24            | 0                   
| Use of RCKMUX_TEST          | 0        | 6             | 0                   
| Use of SCANCHAIN            | 1        | 1             | 100                 
| Use of SCKMUX_TEST          | 0        | 12            | 0                   
| Use of SFB                  | 0        | 2225          | 0                   
| Use of SPAD                 | 0        | 8             | 0                   
| Use of TSERDES              | 0        | 48            | 0                   
| Use of USCM                 | 3        | 32            | 10                  
| Use of USCMMUX_TEST         | 0        | 32            | 0                   
+-------------------------------------------------------------------------------+

Finished routing. (CPU time elapsed 0h:00m:31s)
Design 'hdmi_loop' has been placed and routed successfully.
Saving design to DB.
Action pnr: Real time elapsed is 49.000 sec
Action pnr: CPU time elapsed is 43.766 sec
Current time: Wed Nov  2 14:28:03 2022
Action pnr: Peak memory pool usage is 1,057,300,480 bytes
Finished placement and routing. (CPU time elapsed 0h:00m:31s)
