/home/yzy/code/ECSDC_FPGA_2026/stm32/master_2/Core/Src/stm32f4xx_it.c:77:6:NMI_Handler	4	static
/home/yzy/code/ECSDC_FPGA_2026/stm32/master_2/Core/Src/stm32f4xx_it.c:92:6:HardFault_Handler	4	static
/home/yzy/code/ECSDC_FPGA_2026/stm32/master_2/Core/Src/stm32f4xx_it.c:107:6:MemManage_Handler	4	static
/home/yzy/code/ECSDC_FPGA_2026/stm32/master_2/Core/Src/stm32f4xx_it.c:122:6:BusFault_Handler	4	static
/home/yzy/code/ECSDC_FPGA_2026/stm32/master_2/Core/Src/stm32f4xx_it.c:137:6:UsageFault_Handler	4	static
/home/yzy/code/ECSDC_FPGA_2026/stm32/master_2/Core/Src/stm32f4xx_it.c:152:6:DebugMon_Handler	4	static
/home/yzy/code/ECSDC_FPGA_2026/stm32/master_2/Core/Src/stm32f4xx_it.c:172:6:EXTI4_IRQHandler	8	static
/home/yzy/code/ECSDC_FPGA_2026/stm32/master_2/Core/Src/stm32f4xx_it.c:186:6:EXTI9_5_IRQHandler	8	static
/home/yzy/code/ECSDC_FPGA_2026/stm32/master_2/Core/Src/stm32f4xx_it.c:200:6:USART1_IRQHandler	8	static
/home/yzy/code/ECSDC_FPGA_2026/stm32/master_2/Core/Src/stm32f4xx_it.c:214:6:TIM6_DAC_IRQHandler	8	static
/home/yzy/code/ECSDC_FPGA_2026/stm32/master_2/Core/Src/stm32f4xx_it.c:228:6:TIM7_IRQHandler	8	static
/home/yzy/code/ECSDC_FPGA_2026/stm32/master_2/Core/Src/stm32f4xx_it.c:242:6:DMA2_Stream0_IRQHandler	8	static
/home/yzy/code/ECSDC_FPGA_2026/stm32/master_2/Core/Src/stm32f4xx_it.c:256:6:DMA2_Stream3_IRQHandler	8	static
/home/yzy/code/ECSDC_FPGA_2026/stm32/master_2/Core/Src/stm32f4xx_it.c:270:6:DMA2_Stream6_IRQHandler	8	static
/home/yzy/code/ECSDC_FPGA_2026/stm32/master_2/Core/Src/stm32f4xx_it.c:284:6:DMA2_Stream7_IRQHandler	8	static
/home/yzy/code/ECSDC_FPGA_2026/stm32/master_2/Core/Src/stm32f4xx_it.c:298:6:USART6_IRQHandler	8	static
