#Build: Fabric Compiler 2025.2, Build 211867, Jan 16 16:10 2026
#Install: D:\pango\PDS_2025.2-ads\bin
#Application name: pds_shell.exe
#OS: Windows 11 10.0.26100
#CPU: Unknown
#RAM(GB): 16
#Hostname: hustlyrm
#Generated by Fabric Compiler (version 2025.2 build 211867) at Thu Oct  1 16:34:04 2026
Parameters for debugging are loaded as follows:
Compiling verification operator library.
Compiling vendor parameter file.
Compiling common defs.
Compiling prim grid devices.
Compiling place grid timing.
Compiling gate devices.
Compiling gate operators.
Compiling gate operators impls.
Building architecture model.
Loading device packaging model.
Building architecture floorplan logic view.
Constraint check start.
W: ConstraintEditor-4042: Port 'sys_qspi_dq[0]' lacks attribute 'SLEW', it's better to set the attribute for port.
W: ConstraintEditor-4042: Port 'sys_qspi_dq[0]' lacks attribute 'DRIVE', it's better to set the attribute for port.
W: ConstraintEditor-4042: Port 'sys_qspi_dq[0]' lacks attribute 'BUS_KEEPER', it's better to set the attribute for port.
W: ConstraintEditor-4040: [D:/pango/works/ECSDC_FPGA_2026/prj_tasks/pnr_1/device_map/flash_read_top.pcf(line number: 3)] Port sys_qspi_dq[0] has been placed at location AB20, whose type is share pin.
W: ConstraintEditor-4042: Port 'sys_qspi_dq[1]' lacks attribute 'SLEW', it's better to set the attribute for port.
W: ConstraintEditor-4042: Port 'sys_qspi_dq[1]' lacks attribute 'DRIVE', it's better to set the attribute for port.
W: ConstraintEditor-4042: Port 'sys_qspi_dq[1]' lacks attribute 'BUS_KEEPER', it's better to set the attribute for port.
W: ConstraintEditor-4040: [D:/pango/works/ECSDC_FPGA_2026/prj_tasks/pnr_1/device_map/flash_read_top.pcf(line number: 4)] Port sys_qspi_dq[1] has been placed at location AA20, whose type is share pin.
W: ConstraintEditor-4042: Port 'sys_qspi_dq[2]' lacks attribute 'SLEW', it's better to set the attribute for port.
W: ConstraintEditor-4042: Port 'sys_qspi_dq[2]' lacks attribute 'DRIVE', it's better to set the attribute for port.
W: ConstraintEditor-4042: Port 'sys_qspi_dq[2]' lacks attribute 'BUS_KEEPER', it's better to set the attribute for port.
W: ConstraintEditor-4040: [D:/pango/works/ECSDC_FPGA_2026/prj_tasks/pnr_1/device_map/flash_read_top.pcf(line number: 5)] Port sys_qspi_dq[2] has been placed at location R13, whose type is share pin.
W: ConstraintEditor-4042: Port 'sys_qspi_dq[3]' lacks attribute 'SLEW', it's better to set the attribute for port.
W: ConstraintEditor-4042: Port 'sys_qspi_dq[3]' lacks attribute 'DRIVE', it's better to set the attribute for port.
W: ConstraintEditor-4042: Port 'sys_qspi_dq[3]' lacks attribute 'BUS_KEEPER', it's better to set the attribute for port.
W: ConstraintEditor-4040: [D:/pango/works/ECSDC_FPGA_2026/prj_tasks/pnr_1/device_map/flash_read_top.pcf(line number: 6)] Port sys_qspi_dq[3] has been placed at location T14, whose type is share pin.
W: ConstraintEditor-4042: Port 'sys_cp2102_tx' lacks attribute 'SLEW', it's better to set the attribute for port.
W: ConstraintEditor-4042: Port 'sys_cp2102_tx' lacks attribute 'DRIVE', it's better to set the attribute for port.
W: ConstraintEditor-4042: Port 'sys_led[0]' lacks attribute 'SLEW', it's better to set the attribute for port.
W: ConstraintEditor-4042: Port 'sys_led[0]' lacks attribute 'DRIVE', it's better to set the attribute for port.
W: ConstraintEditor-4042: Port 'sys_led[0]' lacks attribute 'BUS_KEEPER', it's better to set the attribute for port.
W: ConstraintEditor-4042: Port 'sys_led[1]' lacks attribute 'SLEW', it's better to set the attribute for port.
W: ConstraintEditor-4042: Port 'sys_led[1]' lacks attribute 'DRIVE', it's better to set the attribute for port.
W: ConstraintEditor-4042: Port 'sys_led[1]' lacks attribute 'BUS_KEEPER', it's better to set the attribute for port.
W: ConstraintEditor-4042: Port 'sys_led[2]' lacks attribute 'SLEW', it's better to set the attribute for port.
W: ConstraintEditor-4042: Port 'sys_led[2]' lacks attribute 'DRIVE', it's better to set the attribute for port.
W: ConstraintEditor-4042: Port 'sys_led[2]' lacks attribute 'BUS_KEEPER', it's better to set the attribute for port.
W: ConstraintEditor-4042: Port 'sys_led[3]' lacks attribute 'SLEW', it's better to set the attribute for port.
W: ConstraintEditor-4042: Port 'sys_led[3]' lacks attribute 'DRIVE', it's better to set the attribute for port.
W: ConstraintEditor-4042: Port 'sys_led[3]' lacks attribute 'BUS_KEEPER', it's better to set the attribute for port.
W: ConstraintEditor-4042: Port 'sys_led[4]' lacks attribute 'SLEW', it's better to set the attribute for port.
W: ConstraintEditor-4042: Port 'sys_led[4]' lacks attribute 'DRIVE', it's better to set the attribute for port.
W: ConstraintEditor-4042: Port 'sys_led[4]' lacks attribute 'BUS_KEEPER', it's better to set the attribute for port.
W: ConstraintEditor-4042: Port 'sys_led[5]' lacks attribute 'SLEW', it's better to set the attribute for port.
W: ConstraintEditor-4042: Port 'sys_led[5]' lacks attribute 'DRIVE', it's better to set the attribute for port.
W: ConstraintEditor-4042: Port 'sys_led[5]' lacks attribute 'BUS_KEEPER', it's better to set the attribute for port.
W: ConstraintEditor-4042: Port 'sys_led[6]' lacks attribute 'SLEW', it's better to set the attribute for port.
W: ConstraintEditor-4042: Port 'sys_led[6]' lacks attribute 'DRIVE', it's better to set the attribute for port.
W: ConstraintEditor-4042: Port 'sys_led[6]' lacks attribute 'BUS_KEEPER', it's better to set the attribute for port.
W: ConstraintEditor-4042: Port 'sys_led[7]' lacks attribute 'SLEW', it's better to set the attribute for port.
W: ConstraintEditor-4042: Port 'sys_led[7]' lacks attribute 'DRIVE', it's better to set the attribute for port.
W: ConstraintEditor-4042: Port 'sys_led[7]' lacks attribute 'BUS_KEEPER', it's better to set the attribute for port.
W: ConstraintEditor-4042: Port 'sys_qspi_csn' lacks attribute 'SLEW', it's better to set the attribute for port.
W: ConstraintEditor-4042: Port 'sys_qspi_csn' lacks attribute 'DRIVE', it's better to set the attribute for port.
W: ConstraintEditor-4042: Port 'sys_qspi_csn' lacks attribute 'BUS_KEEPER', it's better to set the attribute for port.
W: ConstraintEditor-4040: [D:/pango/works/ECSDC_FPGA_2026/prj_tasks/pnr_1/device_map/flash_read_top.pcf(line number: 16)] Port sys_qspi_csn has been placed at location AA3, whose type is share pin.
W: ConstraintEditor-4042: Port 'sys_qspi_sck' lacks attribute 'SLEW', it's better to set the attribute for port.
W: ConstraintEditor-4042: Port 'sys_qspi_sck' lacks attribute 'DRIVE', it's better to set the attribute for port.
W: ConstraintEditor-4042: Port 'sys_qspi_sck' lacks attribute 'BUS_KEEPER', it's better to set the attribute for port.
W: ConstraintEditor-4040: [D:/pango/works/ECSDC_FPGA_2026/prj_tasks/pnr_1/device_map/flash_read_top.pcf(line number: 17)] Port sys_qspi_sck has been placed at location Y20, whose type is share pin.
W: ConstraintEditor-4040: [D:/pango/works/ECSDC_FPGA_2026/prj_tasks/pnr_1/device_map/flash_read_top.pcf(line number: 19)] Port sys_rstn has been placed at location AB13, whose type is share pin.
C: ConstraintEditor-2022: There are some ports' attributes are set to default value, please read [D:/pango/works/ECSDC_FPGA_2026/prj_tasks/pnr_1/place_route/ports_defalut_attribute.txt(line number:0)] to confirm.
Found 0 error(s), 1 critical warning(s), 51 warning(s), out of 17 constraint(s)
Constraint check end.
Total time(hh:mm:ss) of constraint check : 00:00:00
Elaborate the liberty model.
I: Multithreading enabled for Timing using a maximum of 4 processes.
Placement started. Type: EP_COMMON_FLOW.

Stage 1 EP_INIT start.
Stage: after EP_INIT | Time (s): real = 0h:0m:10s ; cpu = 0h:0m:7s ; process = 0h:0m:9s | Memory (MB): curr = 436.660156 ; peak = 437.621094 | Checksum: 6AAC4EBEF6D94A65

Design Layer Utilization:
	LUT: 0.636%
	FF: 0.435%
	DRM: 0.746%
	IO: 4.864%

Stage 2 EP_DL start.
build place dedicate switch graph takes 1.69 sec
Place location constraint group with base node:sys_clk_50mhz_ibuf/opit_1 at IOL_327_210
Place location constraint group with base node:sys_cp2102_tx_obuf/opit_1 at IOL_43_6
Place location constraint group with base node:sys_led_obuf[0]/opit_1 at IOL_19_374
Place location constraint group with base node:sys_led_obuf[1]/opit_1 at IOL_19_373
Place location constraint group with base node:sys_led_obuf[2]/opit_1 at IOL_35_374
Place location constraint group with base node:sys_led_obuf[3]/opit_1 at IOL_35_373
Place location constraint group with base node:sys_led_obuf[4]/opit_1 at IOL_67_374
Place location constraint group with base node:sys_led_obuf[5]/opit_1 at IOL_67_373
Place location constraint group with base node:sys_led_obuf[6]/opit_1 at IOL_47_374
Place location constraint group with base node:sys_led_obuf[7]/opit_1 at IOL_47_373
Place location constraint group with base node:sys_qspi_csn_obuf/opit_1 at IOL_15_5
Place location constraint group with base node:sys_qspi_sck_obuf/opit_1 at IOL_323_6
Place location constraint group with base node:sys_rstn_ibuf/opit_1 at IOL_167_5
Place location constraint group with base node:u_flash_top.u_flash_driver.u_qspi_master_rx.sys_qspi_dq_tri[0]/opit_1 at IOL_315_5
Place location constraint group with base node:u_flash_top.u_flash_driver.u_qspi_master_rx.sys_qspi_dq_tri[1]/opit_1 at IOL_315_6
Place location constraint group with base node:u_flash_top.u_flash_driver.u_qspi_master_rx.sys_qspi_dq_tri[2]/opit_1 at IOL_247_6
Place location constraint group with base node:u_flash_top.u_flash_driver.u_qspi_master_rx.sys_qspi_dq_tri[3]/opit_1 at IOL_247_5
Place location constraint node:BKCL_auto_0 at BKCL_188_376
Place location constraint node:BKCL_auto_1 at BKCL_328_184
Place location constraint node:BKCL_auto_2 at BKCL_192_0
DRCP Convert Loc Constraint successful.

Stage 2.1 pre clock plan start.
Mapping instance GRS_INST/grs to START_324_2.
I: Clock statistic: 1 USCM.
solve clock designs takes 0.00 sec with memory (MB): curr = 512.964844, peak = 515.179688.
Mapping instance clkbufg_0/gopclkbufg to USCM_84_108:impl_uscm_rtb_a-USCM.
Stage: after pre clock plan | Time (s): real = 0h:0m:12s ; cpu = 0h:0m:9s ; process = 0h:0m:11s | Memory (MB): curr = 513.117188 ; peak = 515.179688

Place location constraint node:clkbufg_0/gopclkbufg at USCM_84_108
DRCP Convert Loc Constraint successful.
Stage: after EP_DL | Time (s): real = 0h:0m:12s ; cpu = 0h:0m:9s ; process = 0h:0m:11s | Memory (MB): curr = 513.160156 ; peak = 515.179688 | Checksum: 876B518DB71F2A84


Stage 3 EP_FIP start.
DRCP Convert Loc Constraint successful.

Stage 3.1 fip global place start.
[GP] num_thread=0
I: Multithreading enabled for place using a maximum of 4 processes.
[GP] Placement Initial Method "Quad".
[GP] Placement Decongestion Mode "1".
[GP] Recovery Analysis in GP "Enable".
I: Loading Timing Delay Info...
I: Load Timing Delay Info successfully.
Init coarse delay table.
Read place coarse delay table takes 0.44 sec.
[GP] Init timing API takes 2.50 sec.
[GP] Init GP graph takes 2.61 sec.
Device graph total memory: 11.16541767 MB
[GP] Read position from netlist take 0 msec
[GP] Total node move: 34354.75, average node move: 93.61
First map gop timing takes 0.00 sec
[GP] SA handle 2 clusters.
[GP] SA init_cost = 75295.000000, final_cost = 75295.000000, final_cost/init_cost = 1.000000, occupied region_num = 2.
[GP] SA Optimize take time: 0.003000 sec.
[GP] Timing analysis take 0.007000 secs.
[GP] MarginTNSS=0, TNSS=0, WSS=8947
[GP] Place thread size: 4
[GP] Node size: 9527, net size: 485
[GP] Design graph total memory: 32.80650997 MB
[GP] Timing analysis take 0.008000 secs.
[GP] MarginTNSS=0, TNSS=0, WSS=12298
[GP] Step 0 take 0.077 secs: WL=3232.11 OF=0.535269
[GP] Timing analysis take 0.007000 secs.
[GP] MarginTNSS=0, TNSS=0, WSS=12812
[GP] Step 1 take 0.521 secs: WL=2753.97 OF=0.412442
[GP] Timing analysis take 0.008000 secs.
[GP] MarginTNSS=0, TNSS=0, WSS=13912
[GP] Step 2 take 0.503 secs: WL=1735.89 OF=0.430476
[GP] Timing analysis take 0.007000 secs.
[GP] MarginTNSS=0, TNSS=0, WSS=14218
[GP] Step 3 take 0.427 secs: WL=1585.80 OF=0.361974
[GP] Timing analysis take 0.007000 secs.
[GP] MarginTNSS=0, TNSS=0, WSS=14038
[GP] Step 4 take 0.425 secs: WL=1588.26 OF=0.316364
[GP] Timing analysis take 0.007000 secs.
[GP] MarginTNSS=0, TNSS=0, WSS=14124
[GP] Step 5 take 0.430 secs: WL=1606.92 OF=0.256104
[GP] Timing analysis take 0.008000 secs.
[GP] MarginTNSS=0, TNSS=0, WSS=14133
[GP] Step 6 take 0.429 secs: WL=1628.43 OF=0.193828
[GP] Timing analysis take 0.007000 secs.
[GP] MarginTNSS=0, TNSS=0, WSS=14243
[GP] Timing analysis take 0.006000 secs.
[GP] MarginTNSS=0, TNSS=0, WSS=14243
[GP] Step 7 take 0.424 secs: WL=1758.80 OF=0.119894
[GP] Timing analysis take 0.006000 secs.
[GP] MarginTNSS=0, TNSS=0, WSS=14212
[GP] Step 8 take 0.226 secs: WL=1699.19 OF=0.073724
[GP] Timing analysis take 0.010000 secs.
[GP] MarginTNSS=0, TNSS=0, WSS=14244
[GP] Final best WL=1701.179472 OF=0.068793, totally takes 3.496000 secs, run timing analysis 12 times totally takes 0.088000 secs.
[GP] Total node move: 36712.95, average node move: 100.04
[GP] Placer use memory: 14.83877563 MB
Stage: after fip global place | Performance: WL = 1535 ; TNS =  0 ; WNS =  14244 | Time (s): real = 0h:0m:18s ; cpu = 0h:0m:14s ; process = 0h:0m:21s | Memory (MB): curr = 657.316406 ; peak = 676.078125 | Checksum: C4DFFD9650588016

Flat initial placement flow takes 5.062.
Stage: after EP_FIP | Performance: WL = 1535 ; TNS =  0 ; WNS =  14244 | Time (s): real = 0h:0m:18s ; cpu = 0h:0m:14s ; process = 0h:0m:21s | Memory (MB): curr = 658.480469 ; peak = 676.078125 | Checksum: C4DFFD9650588016


Stage 4 EP_CAGP start.

Stage 4.1 cagp site packing start.
Stage: after pack legalize group | Performance: avg_mov = 0.000000 ; max_mov = 0 ; mov_var = 0.000000
Stage: after cagp site packing | Performance: WL = 3200 | Time (s): real = 0h:0m:18s ; cpu = 0h:0m:14s ; process = 0h:0m:21s | Memory (MB): curr = 678.679688 ; peak = 683.406250 | Checksum: 4F4CACA02E11220B


Stage 4.2 cagp macro placement start.
Stage: after cagp macro placement | Performance: WL = 3200 | Time (s): real = 0h:0m:18s ; cpu = 0h:0m:14s ; process = 0h:0m:21s | Memory (MB): curr = 679.097656 ; peak = 683.406250 | Checksum: 4F4CACA02E11220B


Stage 4.3 post clock plan start.
pre solve all clock design takes 0.00 sec with memory (MB): curr = 679.261719, peak = 683.406250.
CRA timing analysis with worst slack 13236 takes 0.02 sec.
CRA cost 0 takes 0.03 sec.
solve all clock design takes 0.02 sec with memory (MB): curr = 679.847656, peak = 683.406250.
expand load region takes 0.00 sec.
Stage: after post clock plan | Time (s): real = 0h:0m:19s ; cpu = 0h:0m:14s ; process = 0h:0m:22s | Memory (MB): curr = 679.984375 ; peak = 683.406250

Movement during CRA, max : (0, 0) , total : (0, 0) , count : 0 , avg : (0, 0) .
Stage: after EP_CAGP | Performance: WL = 3200 ; TNS =  0 ; WNS =  13236 | Time (s): real = 0h:0m:19s ; cpu = 0h:0m:14s ; process = 0h:0m:22s | Memory (MB): curr = 680.003906 ; peak = 683.406250 | Checksum: 5295D87D5D228727


Stage 5 EP_DRCP start.

Stage 5.1 DRC Placement start.
DRC final successful.
Stage: after DRC Placement | Time (s): real = 0h:0m:19s ; cpu = 0h:0m:14s ; process = 0h:0m:22s | Memory (MB): curr = 680.007812 ; peak = 683.406250


Stage 5.2 IO Placement start.
The average distance in IO place is 0.000000.
Stage: after IO Placement | Time (s): real = 0h:0m:19s ; cpu = 0h:0m:14s ; process = 0h:0m:22s | Memory (MB): curr = 680.171875 ; peak = 683.406250

Stage: after EP_DRCP | Performance: WL = 3200 ; TNS =  0 ; WNS =  13236 | Time (s): real = 0h:0m:19s ; cpu = 0h:0m:14s ; process = 0h:0m:22s | Memory (MB): curr = 680.179688 ; peak = 683.406250 | Checksum: 1C0448871148F7DF


Stage 6 EP_MP start.

Stage 6.1 macro place start.
The average distance of DRM is 0.000000, The max distance of DRM is 0.000000
Stage: after macro place | Performance: WL = 3287 | Time (s): real = 0h:0m:19s ; cpu = 0h:0m:14s ; process = 0h:0m:22s | Memory (MB): curr = 680.296875 ; peak = 683.406250 | Checksum: 5588BCF378B4FBCE


Stage 6.2 mp post global place start.
[GP] num_thread=0
I: Multithreading enabled for place using a maximum of 4 processes.
[GP] Init timing API takes 0.00 sec.
[GP] Init GP graph takes 0.01 sec.
Device graph total memory: 11.16954517 MB
[GP] Read position from netlist take 0 msec
[GP] Timing analysis take 0.029000 secs.
[GP] MarginTNSS=0, TNSS=0, WSS=13236
[GP] Place thread size: 4
[GP] Node size: 9182, net size: 433
[GP] Design graph total memory: 28.57411957 MB
[GP] Timing analysis take 0.006000 secs.
[GP] MarginTNSS=0, TNSS=0, WSS=13813
[GP] Step 0 take 0.036 secs: WL=2691.90 OF=0.187844
[GP] Timing analysis take 0.008000 secs.
[GP] MarginTNSS=0, TNSS=0, WSS=13642
[GP] Step 1 take 0.244 secs: WL=1834.41 OF=0.271521
[GP] Timing analysis take 0.008000 secs.
[GP] MarginTNSS=0, TNSS=0, WSS=13775
[GP] Step 2 take 0.243 secs: WL=1859.88 OF=0.204334
[GP] Timing analysis take 0.007000 secs.
[GP] MarginTNSS=0, TNSS=0, WSS=13823
[GP] Step 3 take 0.231 secs: WL=1891.62 OF=0.141532
[GP] Timing analysis take 0.007000 secs.
[GP] MarginTNSS=0, TNSS=0, WSS=13823
[GP] Step 4 take 0.297 secs: WL=1929.85 OF=0.088412
[GP] Timing analysis take 0.008000 secs.
[GP] MarginTNSS=0, TNSS=0, WSS=13823
[GP] Final best WL=1940.974752 OF=0.075062, totally takes 1.122000 secs, run timing analysis 7 times totally takes 0.073000 secs.
[GP] Total node move: 695.95, average node move: 4.77
[GP] Placer use memory: 5.84202194 MB
Stage: after mp post global place | Performance: WL = 1772 ; TNS =  0 ; WNS =  13823 | Time (s): real = 0h:0m:20s ; cpu = 0h:0m:15s ; process = 0h:0m:24s | Memory (MB): curr = 675.910156 ; peak = 683.406250 | Checksum: 5D4590397BD5D377

MP flow takes 0.938.
Stage: after EP_MP | Performance: WL = 1772 ; TNS =  0 ; WNS =  13823 | Time (s): real = 0h:0m:20s ; cpu = 0h:0m:15s ; process = 0h:0m:24s | Memory (MB): curr = 675.914062 ; peak = 683.406250 | Checksum: 5D4590397BD5D377


Stage 7 EP_LP start.
Stage: after legalization | Performance: avg_mov = 0.062780 ; max_mov = 1 ; mov_var = 0.058839
Legalize placement flow takes 0.016.
Stage: after EP_LP | Performance: WL = 1786 ; TNS =  0 ; WNS =  13788 | Time (s): real = 0h:0m:20s ; cpu = 0h:0m:15s ; process = 0h:0m:24s | Memory (MB): curr = 678.640625 ; peak = 683.406250 | Checksum: 911F75F0FC3ABB7F


Stage 8 EP_DP start.
Stage: before DP | Performance: WL = 1786 ; TNS = 0 ; WNS = 13788
Stage: after DP | Performance: WL = 1786 ; TNS = 0 ; WNS = 13788
EP_DP takes 0 sec.
Stage: after EP_DP | Performance: WL = 1786 ; TNS =  0 ; WNS =  13788 | Time (s): real = 0h:0m:20s ; cpu = 0h:0m:15s ; process = 0h:0m:24s | Memory (MB): curr = 679.847656 ; peak = 683.406250 | Checksum: 911F75F0FC3ABB7F


Stage 9 EP_FP start.
AutoDRC Flow for Design Check After Place Start.
AutoDRC Flow for Design Check After Place End.
Stage: after EP_FP | Performance: WL = 1786 ; TNS =  0 ; WNS =  13788 | Time (s): real = 0h:0m:21s ; cpu = 0h:0m:15s ; process = 0h:0m:24s | Memory (MB): curr = 681.750000 ; peak = 683.406250 | Checksum: 68C5E4F57C9A31D5


Congestion analysis started.
I: Start printing congestion info.
I: Finish printing congestion info.
Congestion analysis takes 0.16 sec.


Device Utilization Summary :
+----------------------------------------------------------------------------+
| Device Type                      | Used     | Available     | Util(%)     
+----------------------------------------------------------------------------+
| CLMA                             | 68       | 6450          | 2           
| + FF                             | 151      | 38700         | 1           
| + LUT                            | 150      | 25800         | 1           
|   + LUT as Logic                 | 150      |               |             
|   + LUT as Const                 | 0        |               |             
|   + LUT as Bypass                | 0        |               |             
| CLMS                             | 46       | 4250          | 2           
| + FF                             | 115      | 25500         | 1           
| + LUT                            | 122      | 17000         | 1           
|   + LUT as Logic                 | 122      |               |             
|   + LUT as Memory                | 0        |               |             
|     + LUT as Distributed RAM     | 0        |               |             
|   + LUT as Const                 | 0        |               |             
|   + LUT as Bypass                | 0        |               |             
| IO                               | 17       | 296           | 6           
| + IOBD                           | 8        | 64            | 13          
| + IOBR_LR                        | 0        | 7             | 0           
| + IOBR_TB                        | 1        | 8             | 13          
| + IOBS_LR                        | 1        | 161           | 1           
| + IOBS_TB                        | 7        | 56            | 13          
| APM                              | 0        | 84            | 0           
| BKCL                             | 3        | 4             | 75          
| CRYSTAL                          | 0        | 2             | 0           
| DLL                              | 0        | 10            | 0           
| DQSL                             | 0        | 18            | 0           
| DRM                              | 1        | 134           | 1           
| FUSECODE                         | 0        | 1             | 0           
| HARD0N1                          | 0        | 6672          | 0           
| HSST                             | 0        | 1             | 0           
| IOCKDIV                          | 0        | 20            | 0           
| IOCKDLY                          | 0        | 40            | 0           
| IOCKGATE                         | 0        | 20            | 0           
| + IOCKGATE as Bypass             | 0        |               |             
| IOL                              | 17       | 400           | 5           
| IPAL                             | 0        | 1             | 0           
| LDO                              | 0        | 4             | 0           
| OSC                              | 0        | 1             | 0           
| PCIE                             | 0        | 1             | 0           
| PLL                              | 0        | 5             | 0           
| RCKB                             | 0        | 24            | 0           
| + RCKB as Bypass                 | 0        |               |             
| RESCAL                           | 0        | 4             | 0           
| SCANCHAIN                        | 0        | 2             | 0           
| START                            | 1        | 1             | 100         
| UDID                             | 0        | 1             | 0           
| USCM                             | 1        | 30            | 4           
| + USCM as Bypass                 | 0        |               |             
+----------------------------------------------------------------------------+

Total placement takes 9.30 sec.
Finished placement.
Design 'flash_read_top' has been placed successfully.
Action place: Real time elapsed is 0h:0m:21s
Action place: CPU time elapsed is 0h:0m:16s
Action place: Process CPU time elapsed is 0h:0m:25s
Action place: Peak memory pool usage is 758 MB

Current time: Thu Oct  1 16:34:22 2026
