#Build: Fabric Compiler 2025.2, Build 211867, Jan 16 16:10 2026
#Install: D:\pango\PDS_2025.2-ads\bin
#Application name: pds_shell.exe
#OS: Windows 11 10.0.26100
#CPU: Unknown
#RAM(GB): 16
#Hostname: hustlyrm
#Generated by Fabric Compiler (version 2025.2 build 211867) at Thu Oct  1 16:34:24 2026
Parameters for debugging are loaded as follows:
Compiling verification operator library.
Compiling vendor parameter file.
Compiling common defs.
Compiling prim grid devices.
Compiling place grid timing.
Compiling gate devices.
Compiling gate operators.
Compiling gate operators impls.
Building architecture model.
Loading device packaging model.
Building architecture floorplan logic view.
Elaborate the liberty model.
I: Multithreading enabled for Timing using a maximum of 4 processes.

Routing started.
Build routing arch for double attribute device.
Enter timing driven router mode.
I: Multithreading enabled for route using a maximum of 6 processes.
Building routing graph takes 2.01 sec.
Enable Recovery Analysis in Routing
Init coarse delay table.
I: Loading Timing Delay Info...
I: Load Timing Delay Info successfully.
Read place coarse delay table takes 0.41 sec.
build place dedicate switch graph takes 1.62 sec
Setup STE netlist take 2595 msec.
Slack Weight : 90
CE/RS signal series limit : 500
Dispose control chain take 20 msec.
Collect const net info take 48 msec.
Total nets for routing: 464.
Total loads for routing: 1776.
Direct connect net size: 116
Build all design net take 45 msec.
Processing design graph takes 2.72 sec.
Route info is not supported in this chip.
Delay table total memory: 40.33793831 MB
Route graph total memory: 74.35430622 MB
Route design total memory: 1.41904831 MB
The remaining process takes 0.02 sec.
Stage: after context initialize | Time (s): real = 0h:0m:14s ; cpu = 0h:0m:10s ; process = 0h:0m:12s | Memory (MB): curr = 672.691406 ; peak = 711.589844 | Checksum: 1BBDA0EDFAC3954C
Global routing takes 0.00 sec.
Pin Cost Increasing Speed 300
Unrouted clock nets at iteration 0 (0.003 sec): 0
Stage: after clock route | Time (s): real = 0h:0m:14s ; cpu = 0h:0m:10s ; process = 0h:0m:12s | Memory (MB): curr = 673.664062 ; peak = 711.589844 | Checksum: 378D7BA0A551CD51
Total route nets size: 460
Pre route takes 0.193 sec
Stage: after pre route | Performance: TNS = 0 ; WNS = 14645 ; THS = 0 ; WHS = 138 | Time (s): real = 0h:0m:14s ; cpu = 0h:0m:10s ; process = 0h:0m:12s | Memory (MB): curr = 685.328125 ; peak = 711.589844 | Checksum: E1BD6DC97FBCEDC5
Unrouted general nets at iteration 3 (MT total route time: 0.083 sec): 325(overused: 1611)
Unrouted general nets at iteration 4 (MT total route time: 0.060 sec): 263(overused: 1060)
Unrouted general nets at iteration 5 (MT total route time: 0.049 sec): 203(overused: 593)
Unrouted general nets at iteration 6 (MT total route time: 0.041 sec): 142(overused: 323)
Unrouted general nets at iteration 7 (MT total route time: 0.030 sec): 90(overused: 186)
Unrouted general nets at iteration 8 (MT total route time: 0.013 sec): 45(overused: 80)
Unrouted general nets at iteration 9 (MT total route time: 0.008 sec): 20(overused: 42)
Unrouted general nets at iteration 10 (MT total route time: 0.005 sec): 5(overused: 6)
Unrouted general nets at iteration 11 (MT total route time: 0.003 sec): 6(overused: 6)
Unrouted general nets at iteration 12 (MT total route time: 0.002 sec): 4(overused: 4)
Unrouted general nets at iteration 13 (MT total route time: 0.002 sec): 8(overused: 16)
Unrouted general nets at iteration 14 (MT total route time: 0.002 sec): 9(overused: 12)
Unrouted general nets at iteration 15 (MT total route time: 0.003 sec): 4(overused: 6)
Unrouted general nets at iteration 16 (MT total route time: 0.001 sec): 2(overused: 4)
Unrouted general nets at iteration 17 (MT total route time: 0.000 sec): 0(overused: 0)
----General net take 0.001 sec(route net take 0.000 sec, inc cost take 0.001 sec, iter times: 1)
----const net route take 0.002 sec
Unrouted nets at iteration 18 (0.004 sec): 0
Stage: after detail route | Performance: TNS = 0 ; WNS = 14507 ; THS = NA ; WHS = NA | Time (s): real = 0h:0m:15s ; cpu = 0h:0m:11s ; process = 0h:0m:13s | Memory (MB): curr = 688.023438 ; peak = 711.589844 | Checksum: 94FFFE66C350CE37
Begin rip-up and reroute:
Rip-up and reroute takes 0.02 sec.
Stage: after ripup & reroute | Performance: TNS = 0 ; WNS = 14507 ; THS = NA ; WHS = NA | Time (s): real = 0h:0m:15s ; cpu = 0h:0m:11s ; process = 0h:0m:13s | Memory (MB): curr = 689.269531 ; peak = 711.589844 | Checksum: BCD3F260C2259B2B
Detailed routing takes 1.15 sec.
Sort Original Nets take 0.003 sec
Check HPIO div result take 0.000 sec
Total net: 464, route succeed net: 464
Generate routing result take 0.002 sec
Handle PERMUX permutation take 0.021 sec
Handle const net take 0.002 sec
Handle route through take 0.004 sec
Used SRB routing arc is 3453.
Stage: after finish route | Performance: TNS = 0 ; WNS = 14507 ; THS = NA ; WHS = NA | Time (s): real = 0h:0m:15s ; cpu = 0h:0m:11s ; process = 0h:0m:13s | Memory (MB): curr = 663.234375 ; peak = 711.589844 | Checksum: 3F8B5D93CDA226CE
Finish routing takes 0.18 sec.
Total routing takes 6.25 sec.

Device Utilization Summary :
+----------------------------------------------------------------------------+
| Device Type                      | Used     | Available     | Util(%)     
+----------------------------------------------------------------------------+
| CLMA                             | 82       | 6450          | 2           
| + FF                             | 151      | 38700         | 1           
| + LUT                            | 194      | 25800         | 1           
|   + LUT as Logic                 | 150      |               |             
|   + LUT as Const                 | 40       |               |             
|   + LUT as Bypass                | 4        |               |             
| CLMS                             | 51       | 4250          | 2           
| + FF                             | 115      | 25500         | 1           
| + LUT                            | 141      | 17000         | 1           
|   + LUT as Logic                 | 122      |               |             
|   + LUT as Memory                | 0        |               |             
|     + LUT as Distributed RAM     | 0        |               |             
|   + LUT as Const                 | 15       |               |             
|   + LUT as Bypass                | 4        |               |             
| IO                               | 17       | 296           | 6           
| + IOBD                           | 8        | 64            | 13          
| + IOBR_LR                        | 0        | 7             | 0           
| + IOBR_TB                        | 1        | 8             | 13          
| + IOBS_LR                        | 1        | 161           | 1           
| + IOBS_TB                        | 7        | 56            | 13          
| APM                              | 0        | 84            | 0           
| BKCL                             | 3        | 4             | 75          
| CRYSTAL                          | 0        | 2             | 0           
| DLL                              | 0        | 10            | 0           
| DQSL                             | 0        | 18            | 0           
| DRM                              | 1        | 134           | 1           
| FUSECODE                         | 0        | 1             | 0           
| HARD0N1                          | 11       | 6672          | 1           
| HSST                             | 0        | 1             | 0           
| IOCKDIV                          | 0        | 20            | 0           
| IOCKDLY                          | 0        | 40            | 0           
| IOCKGATE                         | 0        | 20            | 0           
| + IOCKGATE as Bypass             | 0        |               |             
| IOL                              | 17       | 400           | 5           
| IPAL                             | 0        | 1             | 0           
| LDO                              | 0        | 4             | 0           
| OSC                              | 0        | 1             | 0           
| PCIE                             | 0        | 1             | 0           
| PLL                              | 0        | 5             | 0           
| RCKB                             | 0        | 24            | 0           
| + RCKB as Bypass                 | 0        |               |             
| RESCAL                           | 0        | 4             | 0           
| SCANCHAIN                        | 0        | 2             | 0           
| START                            | 1        | 1             | 100         
| UDID                             | 0        | 1             | 0           
| USCM                             | 1        | 30            | 4           
| + USCM as Bypass                 | 0        |               |             
+----------------------------------------------------------------------------+

Finished routing. (CPU time elapsed 0h:00m:11s)
Design 'flash_read_top' has been routed successfully.
Saving design to DB.
Action Route: Export DB successfully.
Action route: Real time elapsed is 0h:0m:15s
Action route: CPU time elapsed is 0h:0m:11s
Action route: Process CPU time elapsed is 0h:0m:13s
Action route: Peak memory pool usage is 711 MB

Current time: Thu Oct  1 16:34:37 2026
