#Build: Fabric Compiler 2025.2, Build 211867, Jan 16 16:10 2026
#Install: D:\pango\PDS_2025.2-ads\bin
#Application name: pds_shell.exe
#OS: Windows 11 10.0.26100
#CPU: Unknown
#RAM(GB): 16
#Hostname: hustlyrm
#Generated by Fabric Compiler (version 2025.2 build 211867) at Thu Oct  1 16:34:39 2026
Parameters for debugging are loaded as follows:
Compiling verification operator library.
Compiling vendor parameter file.
Compiling common defs.
Compiling prim grid devices.
Compiling place grid timing.
Compiling gate devices.
Compiling gate operators.
Compiling gate operators impls.
Building architecture model.
Loading device packaging model.
Building architecture floorplan logic view.
Elaborate the liberty model.
I: Multithreading enabled for Timing using a maximum of 4 processes.

Route Optimize started.
Build routing arch for double attribute device.
Enter timing driven router mode.
I: Multithreading enabled for route using a maximum of 6 processes.
Read Column Clock Map.
Building routing graph takes 1.94 sec.
Total nets for routing: 532.
Total loads for routing: 1776.
Direct connect net size: 116
Build all design net take 20 msec.
Processing design graph takes 0.02 sec.
Route info is not supported in this chip.
Delay table total memory: 40.33793831 MB
Route graph total memory: 74.36143970 MB
Route design total memory: 0.38993454 MB
The remaining process takes 0.02 sec.
Stage: after context initialize in post route | Time (s): real = 0h:0m:11s ; cpu = 0h:0m:7s ; process = 0h:0m:9s | Memory (MB): curr = 633.085938 ; peak = 665.761719 | Checksum: 985E0A41A09A6279
Load route result takes 0.00 sec
Fix Hold Violation Threshold For Clock Path Cross SRB(ps) : 200
Fix Hold Violation Threshold For Clock Path On Clock Tree(ps) : 100
Hold fix to no violation.
Hold fix to threshold
Stage: after hold fix | Performance: TNS = 0 ; WNS = 14504 ; THS = 0 ; WHS = 194 | Time (s): real = 0h:0m:11s ; cpu = 0h:0m:8s ; process = 0h:0m:9s | Memory (MB): curr = 646.847656 ; peak = 665.761719 | Checksum: 5D391975EE301905
Hold Violation Fix in router takes 0.29 sec.
Sort Original Nets take 0.000 sec
Total net: 532, route succeed net: 532
Generate routing result take 0.003 sec
Handle PERMUX permutation take 0.001 sec
Handle const net take 0.000 sec
Handle route through take 0.003 sec
Used SRB routing arc is 3453.
Stage: after finish post route | Performance: TNS = 0 ; WNS = 14504 ; THS = NA ; WHS = NA | Time (s): real = 0h:0m:11s ; cpu = 0h:0m:8s ; process = 0h:0m:9s | Memory (MB): curr = 648.085938 ; peak = 665.761719 | Checksum: EBD44F98F696DE80
Finish post route takes 0.15 sec.
Total post route takes 2.75 sec.

Device Utilization Summary :
+----------------------------------------------------------------------------+
| Device Type                      | Used     | Available     | Util(%)     
+----------------------------------------------------------------------------+
| CLMA                             | 82       | 6450          | 2           
| + FF                             | 151      | 38700         | 1           
| + LUT                            | 194      | 25800         | 1           
|   + LUT as Logic                 | 150      |               |             
|   + LUT as Const                 | 40       |               |             
|   + LUT as Bypass                | 4        |               |             
| CLMS                             | 51       | 4250          | 2           
| + FF                             | 115      | 25500         | 1           
| + LUT                            | 141      | 17000         | 1           
|   + LUT as Logic                 | 122      |               |             
|   + LUT as Memory                | 0        |               |             
|     + LUT as Distributed RAM     | 0        |               |             
|   + LUT as Const                 | 15       |               |             
|   + LUT as Bypass                | 4        |               |             
| IO                               | 17       | 296           | 6           
| + IOBD                           | 8        | 64            | 13          
| + IOBR_LR                        | 0        | 7             | 0           
| + IOBR_TB                        | 1        | 8             | 13          
| + IOBS_LR                        | 1        | 161           | 1           
| + IOBS_TB                        | 7        | 56            | 13          
| APM                              | 0        | 84            | 0           
| BKCL                             | 3        | 4             | 75          
| CRYSTAL                          | 0        | 2             | 0           
| DLL                              | 0        | 10            | 0           
| DQSL                             | 0        | 18            | 0           
| DRM                              | 1        | 134           | 1           
| FUSECODE                         | 0        | 1             | 0           
| HARD0N1                          | 11       | 6672          | 1           
| HSST                             | 0        | 1             | 0           
| IOCKDIV                          | 0        | 20            | 0           
| IOCKDLY                          | 0        | 40            | 0           
| IOCKGATE                         | 0        | 20            | 0           
| + IOCKGATE as Bypass             | 0        |               |             
| IOL                              | 17       | 400           | 5           
| IPAL                             | 0        | 1             | 0           
| LDO                              | 0        | 4             | 0           
| OSC                              | 0        | 1             | 0           
| PCIE                             | 0        | 1             | 0           
| PLL                              | 0        | 5             | 0           
| RCKB                             | 0        | 24            | 0           
| + RCKB as Bypass                 | 0        |               |             
| RESCAL                           | 0        | 4             | 0           
| SCANCHAIN                        | 0        | 2             | 0           
| START                            | 1        | 1             | 100         
| UDID                             | 0        | 1             | 0           
| USCM                             | 1        | 30            | 4           
| + USCM as Bypass                 | 0        |               |             
+----------------------------------------------------------------------------+

Finished route optimize. (CPU time elapsed 0h:00m:08s)
Design 'flash_read_top' has been routed successfully.
Saving design to DB.
Action Route Optimize: Export DB successfully.
Action route_optimize: Real time elapsed is 0h:0m:12s
Action route_optimize: CPU time elapsed is 0h:0m:8s
Action route_optimize: Process CPU time elapsed is 0h:0m:10s
Action route_optimize: Peak memory pool usage is 665 MB

Current time: Thu Oct  1 16:34:49 2026
