#Build: Fabric Compiler 2025.2, Build 211867, Jan 16 16:10 2026
#Install: E:\work\pango\PDS_2025.2-ads\bin
#Application name: pds_shell.exe
#OS: Windows 11 10.0.26200
#CPU: Unknown
#RAM(GB): 32
#Hostname: dionirpyC
#Generated by Fabric Compiler (version 2025.2 build 211867) at Sat Sep 19 15:40:16 2026
Parameters for debugging are loaded as follows:
Compiling verification operator library.
Compiling vendor parameter file.
Compiling common defs.
Compiling prim grid devices.
Compiling place grid timing.
Compiling gate devices.
Compiling gate operators.
Compiling gate operators impls.
Building architecture model.
Loading device packaging model.
Building architecture floorplan logic view.
Elaborate the liberty model.
I: Multithreading enabled for Timing using a maximum of 4 processes.

Routing started.
Build routing arch for double attribute device.
Enter timing driven router mode.
I: Multithreading enabled for route using a maximum of 6 processes.
Building routing graph takes 2.56 sec.
Enable Recovery Analysis in Routing
Init coarse delay table.
I: Loading Timing Delay Info...
I: Load Timing Delay Info successfully.
Read place coarse delay table takes 0.62 sec.
build place dedicate switch graph takes 2.72 sec
Setup STE netlist take 3888 msec.
Slack Weight : 90
CE/RS signal series limit : 500
Dispose control chain take 25 msec.
Collect const net info take 73 msec.
Total nets for routing: 585.
Total loads for routing: 2683.
Direct connect net size: 113
Build all design net take 66 msec.
Processing design graph takes 4.06 sec.
Route info is not supported in this chip.
Delay table total memory: 40.33696175 MB
Route graph total memory: 74.42938328 MB
Route design total memory: 1.54940414 MB
The remaining process takes 0.04 sec.
Stage: after context initialize | Time (s): real = 0h:0m:16s ; cpu = 0h:0m:13s ; process = 0h:0m:15s | Memory (MB): curr = 682.195312 ; peak = 719.710938 | Checksum: 132055B768619D89
Global routing takes 0.00 sec.
Pin Cost Increasing Speed 300
Unrouted clock nets at iteration 0 (1.608 sec): 6
Unrouted clock nets at iteration 1 (0.002 sec): 3
Unrouted clock nets at iteration 2 (0.001 sec): 0
Stage: after clock route | Time (s): real = 0h:0m:18s ; cpu = 0h:0m:15s ; process = 0h:0m:17s | Memory (MB): curr = 709.496094 ; peak = 719.710938 | Checksum: 76F208CBB4132AC6
Total route nets size: 573
Pre route takes 0.210 sec
Stage: after pre route | Performance: TNS = -2 ; WNS = -2 ; THS = -3047 ; WHS = -267 | Time (s): real = 0h:0m:18s ; cpu = 0h:0m:15s ; process = 0h:0m:17s | Memory (MB): curr = 725.789062 ; peak = 725.898438 | Checksum: A08B0CB0CC23C565
Unrouted general nets at iteration 5 (MT total route time: 0.103 sec): 409(overused: 2140)
Unrouted general nets at iteration 6 (MT total route time: 0.094 sec): 347(overused: 1331)
Unrouted general nets at iteration 7 (MT total route time: 0.085 sec): 279(overused: 913)
Unrouted general nets at iteration 8 (MT total route time: 0.066 sec): 189(overused: 497)
Unrouted general nets at iteration 9 (MT total route time: 0.050 sec): 114(overused: 241)
Unrouted general nets at iteration 10 (MT total route time: 0.022 sec): 59(overused: 109)
Unrouted general nets at iteration 11 (MT total route time: 0.016 sec): 26(overused: 36)
Unrouted general nets at iteration 12 (MT total route time: 0.005 sec): 16(overused: 29)
Unrouted general nets at iteration 13 (MT total route time: 0.006 sec): 12(overused: 16)
Unrouted general nets at iteration 14 (MT total route time: 0.002 sec): 6(overused: 8)
Unrouted general nets at iteration 15 (MT total route time: 0.002 sec): 0(overused: 0)
----General net take 0.001 sec(route net take 0.000 sec, inc cost take 0.001 sec, iter times: 1)
----const net route take 0.005 sec
Unrouted nets at iteration 16 (0.007 sec): 0
Stage: after detail route | Performance: TNS = -4 ; WNS = -4 ; THS = NA ; WHS = NA | Time (s): real = 0h:0m:19s ; cpu = 0h:0m:16s ; process = 0h:0m:18s | Memory (MB): curr = 726.238281 ; peak = 727.976562 | Checksum: 1C8BB9E09D903569
Begin rip-up and reroute:
 Number of Nodes with overlaps is (MT total route time: 0.00 sec): 0
Rip-up and reroute takes 0.07 sec.
Stage: after ripup & reroute | Performance: TNS = -4 ; WNS = -4 ; THS = NA ; WHS = NA | Time (s): real = 0h:0m:19s ; cpu = 0h:0m:16s ; process = 0h:0m:18s | Memory (MB): curr = 728.085938 ; peak = 728.164062 | Checksum: 1C8BB9E09D903569
Detailed routing takes 3.06 sec.
I: Design net u_CORES/capture_wire is routed by general path.
C: Route-2036: The clock path from u_CORES/u_GTP_SCANCHAIN/scanchain:CAPDR to u_CORES/u_debug_core_0/u_hub_data_decode/newconfini.conf_id_ini[3]/opit_0_inv:CLK is routed by SRB.
I: Design net u_CORES/drck1_wire is routed by general path.
C: Route-2036: The clock path from u_CORES/u_GTP_SCANCHAIN/scanchain:TCK_USER to clkbufg_1/gopclkbufg:CLK is routed by SRB.
Sort Original Nets take 0.002 sec
Check HPIO div result take 0.000 sec
Total net: 585, route succeed net: 585
Generate routing result take 0.003 sec
Handle PERMUX permutation take 0.047 sec
Handle const net take 0.005 sec
Handle route through take 0.009 sec
Used SRB routing arc is 5167.
Stage: after finish route | Performance: TNS = -4 ; WNS = -4 ; THS = NA ; WHS = NA | Time (s): real = 0h:0m:19s ; cpu = 0h:0m:16s ; process = 0h:0m:19s | Memory (MB): curr = 703.300781 ; peak = 728.343750 | Checksum: C4801160A9AC63FA
Finish routing takes 0.24 sec.
Total routing takes 10.18 sec.

Device Utilization Summary :
+----------------------------------------------------------------------------+
| Device Type                      | Used     | Available     | Util(%)     
+----------------------------------------------------------------------------+
| CLMA                             | 128      | 6450          | 2           
| + FF                             | 217      | 38700         | 1           
| + LUT                            | 318      | 25800         | 2           
|   + LUT as Logic                 | 236      |               |             
|   + LUT as Const                 | 78       |               |             
|   + LUT as Bypass                | 4        |               |             
| CLMS                             | 83       | 4250          | 2           
| + FF                             | 189      | 25500         | 1           
| + LUT                            | 207      | 17000         | 2           
|   + LUT as Logic                 | 196      |               |             
|   + LUT as Memory                | 0        |               |             
|     + LUT as Distributed RAM     | 0        |               |             
|   + LUT as Const                 | 9        |               |             
|   + LUT as Bypass                | 2        |               |             
| IO                               | 20       | 296           | 7           
| + IOBD                           | 5        | 64            | 8           
| + IOBR_LR                        | 0        | 7             | 0           
| + IOBR_TB                        | 1        | 8             | 13          
| + IOBS_LR                        | 9        | 161           | 6           
| + IOBS_TB                        | 5        | 56            | 9           
| APM                              | 0        | 84            | 0           
| BKCL                             | 3        | 4             | 75          
| CRYSTAL                          | 0        | 2             | 0           
| DLL                              | 0        | 10            | 0           
| DQSL                             | 0        | 18            | 0           
| DRM                              | 3        | 134           | 3           
| FUSECODE                         | 0        | 1             | 0           
| HARD0N1                          | 44       | 6672          | 1           
| HSST                             | 0        | 1             | 0           
| IOCKDIV                          | 0        | 20            | 0           
| IOCKDLY                          | 0        | 40            | 0           
| IOCKGATE                         | 0        | 20            | 0           
| + IOCKGATE as Bypass             | 0        |               |             
| IOL                              | 20       | 400           | 5           
| IPAL                             | 0        | 1             | 0           
| LDO                              | 0        | 4             | 0           
| OSC                              | 0        | 1             | 0           
| PCIE                             | 0        | 1             | 0           
| PLL                              | 1        | 5             | 20          
| RCKB                             | 0        | 24            | 0           
| + RCKB as Bypass                 | 0        |               |             
| RESCAL                           | 0        | 4             | 0           
| SCANCHAIN                        | 1        | 2             | 50          
| START                            | 1        | 1             | 100         
| UDID                             | 0        | 1             | 0           
| USCM                             | 4        | 30            | 14          
| + USCM as Bypass                 | 0        |               |             
+----------------------------------------------------------------------------+

Finished routing. (CPU time elapsed 0h:00m:16s)
Design 'uart_rx_top' has been routed successfully.
Saving design to DB.
Action Route: Export DB successfully.
Action route: Real time elapsed is 0h:0m:20s
Action route: CPU time elapsed is 0h:0m:16s
Action route: Process CPU time elapsed is 0h:0m:19s
Action route: Peak memory pool usage is 728 MB

Current time: Sat Sep 19 15:40:34 2026
