#Build: Fabric Compiler 2025.2, Build 211867, Jan 16 16:10 2026
#Install: E:\work\pango\PDS_2025.2-ads\bin
#Application name: pds_shell.exe
#OS: Windows 11 10.0.26200
#CPU: Unknown
#RAM(GB): 32
#Hostname: dionirpyC
#Generated by Fabric Compiler (version 2025.2 build 211867) at Sat Sep 19 15:39:57 2026
Parameters for debugging are loaded as follows:
Compiling verification operator library.
Compiling vendor parameter file.
Compiling common defs.
Compiling prim grid devices.
Compiling place grid timing.
Compiling gate devices.
Compiling gate operators.
Compiling gate operators impls.
Building architecture model.
Loading device packaging model.
Building architecture floorplan logic view.
Constraint check start.
W: ConstraintEditor-4042: Port 'led_out[0]' lacks attribute 'SLEW', it's better to set the attribute for port.
W: ConstraintEditor-4042: Port 'led_out[0]' lacks attribute 'DRIVE', it's better to set the attribute for port.
W: ConstraintEditor-4042: Port 'led_out[0]' lacks attribute 'BUS_KEEPER', it's better to set the attribute for port.
W: ConstraintEditor-4042: Port 'led_out[1]' lacks attribute 'SLEW', it's better to set the attribute for port.
W: ConstraintEditor-4042: Port 'led_out[1]' lacks attribute 'DRIVE', it's better to set the attribute for port.
W: ConstraintEditor-4042: Port 'led_out[1]' lacks attribute 'BUS_KEEPER', it's better to set the attribute for port.
W: ConstraintEditor-4042: Port 'led_out[2]' lacks attribute 'SLEW', it's better to set the attribute for port.
W: ConstraintEditor-4042: Port 'led_out[2]' lacks attribute 'DRIVE', it's better to set the attribute for port.
W: ConstraintEditor-4042: Port 'led_out[2]' lacks attribute 'BUS_KEEPER', it's better to set the attribute for port.
W: ConstraintEditor-4042: Port 'led_out[3]' lacks attribute 'SLEW', it's better to set the attribute for port.
W: ConstraintEditor-4042: Port 'led_out[3]' lacks attribute 'DRIVE', it's better to set the attribute for port.
W: ConstraintEditor-4042: Port 'led_out[3]' lacks attribute 'BUS_KEEPER', it's better to set the attribute for port.
W: ConstraintEditor-4042: Port 'led_out[4]' lacks attribute 'SLEW', it's better to set the attribute for port.
W: ConstraintEditor-4042: Port 'led_out[4]' lacks attribute 'DRIVE', it's better to set the attribute for port.
W: ConstraintEditor-4042: Port 'led_out[4]' lacks attribute 'BUS_KEEPER', it's better to set the attribute for port.
W: ConstraintEditor-4042: Port 'led_out[5]' lacks attribute 'SLEW', it's better to set the attribute for port.
W: ConstraintEditor-4042: Port 'led_out[5]' lacks attribute 'DRIVE', it's better to set the attribute for port.
W: ConstraintEditor-4042: Port 'led_out[5]' lacks attribute 'BUS_KEEPER', it's better to set the attribute for port.
W: ConstraintEditor-4042: Port 'led_out[6]' lacks attribute 'SLEW', it's better to set the attribute for port.
W: ConstraintEditor-4042: Port 'led_out[6]' lacks attribute 'DRIVE', it's better to set the attribute for port.
W: ConstraintEditor-4042: Port 'led_out[6]' lacks attribute 'BUS_KEEPER', it's better to set the attribute for port.
W: ConstraintEditor-4042: Port 'led_out[7]' lacks attribute 'SLEW', it's better to set the attribute for port.
W: ConstraintEditor-4042: Port 'led_out[7]' lacks attribute 'DRIVE', it's better to set the attribute for port.
W: ConstraintEditor-4042: Port 'led_out[7]' lacks attribute 'BUS_KEEPER', it's better to set the attribute for port.
W: ConstraintEditor-4042: Port 'uart_tx' lacks attribute 'SLEW', it's better to set the attribute for port.
W: ConstraintEditor-4042: Port 'uart_tx' lacks attribute 'DRIVE', it's better to set the attribute for port.
W: ConstraintEditor-4042: Port 'key_in[0]' lacks attribute 'BUS_KEEPER', it's better to set the attribute for port.
W: ConstraintEditor-4040: [E:/code/PangoWork/Works/uart/prj_tasks/pnr_1/device_map/uart_rx_top.pcf(line number: 12)] Port key_in[0] has been placed at location K18, whose type is share pin.
W: ConstraintEditor-4042: Port 'key_in[1]' lacks attribute 'BUS_KEEPER', it's better to set the attribute for port.
W: ConstraintEditor-4042: Port 'key_in[2]' lacks attribute 'BUS_KEEPER', it's better to set the attribute for port.
W: ConstraintEditor-4042: Port 'key_in[3]' lacks attribute 'BUS_KEEPER', it's better to set the attribute for port.
W: ConstraintEditor-4042: Port 'key_in[4]' lacks attribute 'BUS_KEEPER', it's better to set the attribute for port.
W: ConstraintEditor-4042: Port 'key_in[5]' lacks attribute 'BUS_KEEPER', it's better to set the attribute for port.
W: ConstraintEditor-4040: [E:/code/PangoWork/Works/uart/prj_tasks/pnr_1/device_map/uart_rx_top.pcf(line number: 17)] Port key_in[5] has been placed at location J19, whose type is share pin.
W: ConstraintEditor-4042: Port 'key_in[6]' lacks attribute 'BUS_KEEPER', it's better to set the attribute for port.
W: ConstraintEditor-4040: [E:/code/PangoWork/Works/uart/prj_tasks/pnr_1/device_map/uart_rx_top.pcf(line number: 18)] Port key_in[6] has been placed at location H20, whose type is share pin.
W: ConstraintEditor-4042: Port 'key_in[7]' lacks attribute 'BUS_KEEPER', it's better to set the attribute for port.
W: ConstraintEditor-4040: [E:/code/PangoWork/Works/uart/prj_tasks/pnr_1/device_map/uart_rx_top.pcf(line number: 20)] Port rst_n has been placed at location AB13, whose type is share pin.
C: ConstraintEditor-2022: There are some ports' attributes are set to default value, please read [E:/code/PangoWork/Works/uart/prj_tasks/pnr_1/place_route/ports_defalut_attribute.txt(line number:0)] to confirm.
Found 0 error(s), 1 critical warning(s), 38 warning(s), out of 20 constraint(s)
Constraint check end.
Total time(hh:mm:ss) of constraint check : 00:00:00
Elaborate the liberty model.
I: Multithreading enabled for Timing using a maximum of 4 processes.
Placement started. Type: EP_COMMON_FLOW.

Stage 1 EP_INIT start.
Stage: after EP_INIT | Time (s): real = 0h:0m:7s ; cpu = 0h:0m:5s ; process = 0h:0m:8s | Memory (MB): curr = 445.289062 ; peak = 446.371094 | Checksum: 896D9274D226ADC5

Design Layer Utilization:
	LUT: 1.009%
	FF: 0.678%
	DRM: 1.866%
	IO: 5.722%

Stage 2 EP_DL start.
build place dedicate switch graph takes 2.94 sec
Place location constraint group with base node:key_in_ibuf[0]/opit_1 at IOL_327_257
Place location constraint group with base node:key_in_ibuf[1]/opit_1 at IOL_327_134
Place location constraint group with base node:key_in_ibuf[2]/opit_1 at IOL_327_297
Place location constraint group with base node:key_in_ibuf[3]/opit_1 at IOL_327_133
Place location constraint group with base node:key_in_ibuf[4]/opit_1 at IOL_327_298
Place location constraint group with base node:key_in_ibuf[5]/opit_1 at IOL_327_262
Place location constraint group with base node:key_in_ibuf[6]/opit_1 at IOL_327_261
Place location constraint group with base node:key_in_ibuf[7]/opit_1 at IOL_327_365
Place location constraint group with base node:led_out_obuf[0]/opit_1 at IOL_19_374
Place location constraint group with base node:led_out_obuf[1]/opit_1 at IOL_19_373
Place location constraint group with base node:led_out_obuf[2]/opit_1 at IOL_35_374
Place location constraint group with base node:led_out_obuf[3]/opit_1 at IOL_35_373
Place location constraint group with base node:led_out_obuf[4]/opit_1 at IOL_67_374
Place location constraint group with base node:led_out_obuf[5]/opit_1 at IOL_67_373
Place location constraint group with base node:led_out_obuf[6]/opit_1 at IOL_47_374
Place location constraint group with base node:led_out_obuf[7]/opit_1 at IOL_47_373
Place location constraint group with base node:rst_n_ibuf/opit_1 at IOL_167_5
Place location constraint group with base node:sys_clk_50mhz_ibuf/opit_1 at IOL_327_210
Place location constraint group with base node:uart_rx_ibuf/opit_1 at IOL_43_5
Place location constraint group with base node:uart_tx_obuf/opit_1 at IOL_43_6
Place location constraint node:BKCL_auto_0 at BKCL_188_376
Place location constraint node:BKCL_auto_1 at BKCL_328_184
Place location constraint node:BKCL_auto_2 at BKCL_192_0
DRCP Convert Loc Constraint successful.

Stage 2.1 pre clock plan start.
Mapping instance GRS_INST/grs to START_324_2.
I: Clock statistic: 4 USCM.
solve clock designs takes 0.19 sec with memory (MB): curr = 520.605469, peak = 522.808594.
Mapping instance clkbufg_0/gopclkbufg to USCM_84_108:impl_uscm_rtb_a-USCM.
Mapping instance clkbufg_1/gopclkbufg to USCM_84_109:impl_uscm_rtb_a-USCM.
Mapping instance clkbufg_2/gopclkbufg to USCM_84_110:impl_uscm_rtb_a-USCM.
Mapping instance clkbufg_3/gopclkbufg to USCM_84_111:impl_uscm_rtb_a-USCM.
Mapping instance u_pll_50mhz/u_pll_e3/goppll to PLL_158_55.
Stage: after pre clock plan | Time (s): real = 0h:0m:11s ; cpu = 0h:0m:9s ; process = 0h:0m:11s | Memory (MB): curr = 520.757812 ; peak = 522.808594

Place location constraint node:clkbufg_0/gopclkbufg at USCM_84_108
Place location constraint node:clkbufg_1/gopclkbufg at USCM_84_109
Place location constraint node:clkbufg_2/gopclkbufg at USCM_84_110
Place location constraint node:clkbufg_3/gopclkbufg at USCM_84_111
Place location constraint node:u_pll_50mhz/u_pll_e3/goppll at PLL_158_55
DRCP Convert Loc Constraint successful.
Stage: after EP_DL | Time (s): real = 0h:0m:11s ; cpu = 0h:0m:9s ; process = 0h:0m:11s | Memory (MB): curr = 520.890625 ; peak = 522.808594 | Checksum: EF4C4BC836CBB376


Stage 3 EP_FIP start.
DRCP Convert Loc Constraint successful.

Stage 3.1 fip global place start.
[GP] num_thread=0
I: Multithreading enabled for place using a maximum of 4 processes.
[GP] Placement Initial Method "Quad".
[GP] Placement Decongestion Mode "1".
[GP] Recovery Analysis in GP "Enable".
I: Loading Timing Delay Info...
I: Load Timing Delay Info successfully.
Init coarse delay table.
Read place coarse delay table takes 0.33 sec.
[GP] Init timing API takes 1.56 sec.
[GP] Init GP graph takes 1.61 sec.
Device graph total memory: 11.22730827 MB
[GP] Read position from netlist take 0 msec
[GP] Total node move: 46321.61, average node move: 93.58
First map gop timing takes 0.00 sec
[GP] SA handle 4 clusters.
[GP] SA init_cost = 31359.781488, final_cost = 31267.826120, final_cost/init_cost = 0.997068, occupied region_num = 2.
[GP] SA Optimize take time: 0.003000 sec.
[GP] Timing analysis take 0.007000 secs.
[GP] MarginTNSS=-41254, TNSS=-15254, WSS=-1310
[GP] Place thread size: 4
[GP] Node size: 9618, net size: 606
[GP] Design graph total memory: 33.19578457 MB
[GP] Timing analysis take 0.007000 secs.
[GP] MarginTNSS=-33427, TNSS=-7427, WSS=-620
[GP] Step 0 take 0.040 secs: WL=1720.66 OF=0.681461
[GP] Timing analysis take 0.006000 secs.
[GP] MarginTNSS=-37080, TNSS=-11080, WSS=-1047
[GP] Step 1 take 0.253 secs: WL=1349.63 OF=0.625995
[GP] Timing analysis take 0.006000 secs.
[GP] MarginTNSS=-37658, TNSS=-11658, WSS=-1047
[GP] Step 2 take 0.247 secs: WL=1338.72 OF=0.555782
[GP] Timing analysis take 0.006000 secs.
[GP] MarginTNSS=-37864, TNSS=-11864, WSS=-990
[GP] Step 3 take 0.283 secs: WL=1366.16 OF=0.516319
[GP] Timing analysis take 0.006000 secs.
[GP] MarginTNSS=-38731, TNSS=-12731, WSS=-976
[GP] Step 4 take 0.255 secs: WL=1411.45 OF=0.477679
[GP] Timing analysis take 0.006000 secs.
[GP] MarginTNSS=-37617, TNSS=-11617, WSS=-789
[GP] Step 5 take 0.233 secs: WL=1424.89 OF=0.417033
[GP] Timing analysis take 0.006000 secs.
[GP] MarginTNSS=-34709, TNSS=-8709, WSS=-597
[GP] Step 6 take 0.229 secs: WL=1440.12 OF=0.357081
[GP] Timing analysis take 0.006000 secs.
[GP] MarginTNSS=-30953, TNSS=-4953, WSS=-471
[GP] Step 7 take 0.221 secs: WL=1473.93 OF=0.304338
[GP] Timing analysis take 0.006000 secs.
[GP] MarginTNSS=-30040, TNSS=-4040, WSS=-361
[GP] Step 8 take 0.267 secs: WL=1520.55 OF=0.242194
[GP] Timing analysis take 0.006000 secs.
[GP] MarginTNSS=-30040, TNSS=-4040, WSS=-361
[GP] Step 9 take 0.268 secs: WL=1564.22 OF=0.194802
[GP] Timing analysis take 0.006000 secs.
[GP] MarginTNSS=-30040, TNSS=-4040, WSS=-361
[GP] Timing analysis take 0.007000 secs.
[GP] MarginTNSS=-30040, TNSS=-4040, WSS=-361
[GP] Step 10 take 0.270 secs: WL=1851.78 OF=0.130216
[GP] Timing analysis take 0.006000 secs.
[GP] MarginTNSS=-30040, TNSS=-4040, WSS=-361
[GP] Step 11 take 0.135 secs: WL=1880.56 OF=0.082472
[GP] Timing analysis take 0.006000 secs.
[GP] MarginTNSS=-30040, TNSS=-4040, WSS=-361
[GP] Step 12 take 0.143 secs: WL=1919.24 OF=0.056682
[GP] Timing analysis take 0.006000 secs.
[GP] MarginTNSS=-30040, TNSS=-4040, WSS=-361
[GP] Final best WL=1887.735028 OF=0.075753, totally takes 2.880000 secs, run timing analysis 16 times totally takes 0.099000 secs.
[GP] Total node move: 67209.98, average node move: 135.78
[GP] Placer use memory: 15.13380241 MB
Stage: after fip global place | Performance: WL = 1584 ; TNS = -4040 ; WNS = -361 | Time (s): real = 0h:0m:16s ; cpu = 0h:0m:13s ; process = 0h:0m:23s | Memory (MB): curr = 669.332031 ; peak = 683.707031 | Checksum: 52BD5AF8066E3595

Flat initial placement flow takes 4.094.
Stage: after EP_FIP | Performance: WL = 1584 ; TNS = -4040 ; WNS = -361 | Time (s): real = 0h:0m:16s ; cpu = 0h:0m:13s ; process = 0h:0m:23s | Memory (MB): curr = 671.773438 ; peak = 683.707031 | Checksum: 52BD5AF8066E3595


Stage 4 EP_CAGP start.

Stage 4.1 cagp site packing start.
Stage: after pack legalize group | Performance: avg_mov = 0.000000 ; max_mov = 0 ; mov_var = 0.000000
Stage: after cagp site packing | Performance: WL = 3613 | Time (s): real = 0h:0m:16s ; cpu = 0h:0m:13s ; process = 0h:0m:23s | Memory (MB): curr = 693.945312 ; peak = 698.535156 | Checksum: DBCE4EC998E7461


Stage 4.2 cagp macro placement start.
Stage: after cagp macro placement | Performance: WL = 3613 | Time (s): real = 0h:0m:16s ; cpu = 0h:0m:13s ; process = 0h:0m:23s | Memory (MB): curr = 694.359375 ; peak = 698.535156 | Checksum: DBCE4EC998E7461


Stage 4.3 post clock plan start.
pre solve all clock design takes 0.00 sec with memory (MB): curr = 694.449219, peak = 698.535156.
CRA timing analysis with worst slack -743 takes 0.00 sec.
CRA cost 164 takes 0.00 sec.
solve all clock design takes 0.03 sec with memory (MB): curr = 695.796875, peak = 698.535156.
expand load region takes 0.02 sec.
Stage: after post clock plan | Time (s): real = 0h:0m:16s ; cpu = 0h:0m:13s ; process = 0h:0m:23s | Memory (MB): curr = 695.937500 ; peak = 698.535156

Movement during CRA, max : (0, 0) , total : (0, 0) , count : 0 , avg : (0, 0) .
Stage: after EP_CAGP | Performance: WL = 3613 ; TNS = -10528 ; WNS = -743 | Time (s): real = 0h:0m:16s ; cpu = 0h:0m:13s ; process = 0h:0m:23s | Memory (MB): curr = 695.945312 ; peak = 698.535156 | Checksum: 706542A0FD733DC7


Stage 5 EP_DRCP start.

Stage 5.1 DRC Placement start.
DRC final successful.
Stage: after DRC Placement | Time (s): real = 0h:0m:16s ; cpu = 0h:0m:13s ; process = 0h:0m:23s | Memory (MB): curr = 695.957031 ; peak = 698.535156


Stage 5.2 IO Placement start.
The average distance in IO place is 0.000000.
Stage: after IO Placement | Time (s): real = 0h:0m:16s ; cpu = 0h:0m:13s ; process = 0h:0m:23s | Memory (MB): curr = 696.113281 ; peak = 698.535156

Stage: special units | Performance: avg_mov = 99.000000 ; max_mov = 99 ; mov_var = 0.000000
Stage: after EP_DRCP | Performance: WL = 4178 ; TNS = -10528 ; WNS = -743 | Time (s): real = 0h:0m:16s ; cpu = 0h:0m:13s ; process = 0h:0m:23s | Memory (MB): curr = 696.363281 ; peak = 698.535156 | Checksum: FDD2F65F76D18C7C


Stage 6 EP_MP start.

Stage 6.1 macro place start.
The average distance of DRM is 0.000000, The max distance of DRM is 0.000000
Stage: after macro place | Performance: WL = 4178 | Time (s): real = 0h:0m:16s ; cpu = 0h:0m:13s ; process = 0h:0m:23s | Memory (MB): curr = 696.496094 ; peak = 698.535156 | Checksum: 9A1CA88AE44C4226


Stage 6.2 mp post global place start.
[GP] num_thread=0
I: Multithreading enabled for place using a maximum of 4 processes.
[GP] Init timing API takes 0.00 sec.
[GP] Init GP graph takes 0.01 sec.
Device graph total memory: 11.23402977 MB
[GP] Read position from netlist take 0 msec
[GP] Timing analysis take 0.065000 secs.
[GP] MarginTNSS=-36528, TNSS=-10528, WSS=-743
[GP] Place thread size: 4
[GP] Node size: 9222, net size: 555
[GP] Design graph total memory: 29.03386974 MB
[GP] Timing analysis take 0.006000 secs.
[GP] MarginTNSS=-34129, TNSS=-8129, WSS=-511
[GP] Step 0 take 0.028 secs: WL=3678.39 OF=0.193120
[GP] Timing analysis take 0.007000 secs.
[GP] MarginTNSS=-34169, TNSS=-8169, WSS=-597
[GP] Step 1 take 0.151 secs: WL=2626.23 OF=0.239145
[GP] Timing analysis take 0.007000 secs.
[GP] MarginTNSS=-34948, TNSS=-8948, WSS=-646
[GP] Step 2 take 0.157 secs: WL=2641.59 OF=0.187804
[GP] Timing analysis take 0.011000 secs.
[GP] MarginTNSS=-34151, TNSS=-8151, WSS=-597
[GP] Step 3 take 0.336 secs: WL=2671.86 OF=0.126620
[GP] Timing analysis take 0.012000 secs.
[GP] MarginTNSS=-34552, TNSS=-8552, WSS=-521
[GP] Step 4 take 0.320 secs: WL=2719.84 OF=0.076520
[GP] Timing analysis take 0.011000 secs.
[GP] MarginTNSS=-34479, TNSS=-8479, WSS=-521
[GP] Timing analysis take 0.009000 secs.
[GP] MarginTNSS=-34479, TNSS=-8479, WSS=-521
[GP] Final best WL=2756.668922 OF=0.050299, totally takes 1.285000 secs, run timing analysis 8 times totally takes 0.128000 secs.
[GP] Total node move: 1050.82, average node move: 4.80
[GP] Placer use memory: 5.95681763 MB
Stage: after mp post global place | Performance: WL = 2326 ; TNS = -8479 ; WNS = -521 | Time (s): real = 0h:0m:18s ; cpu = 0h:0m:14s ; process = 0h:0m:26s | Memory (MB): curr = 690.300781 ; peak = 698.535156 | Checksum: FF467F49F6D83DC1

MP flow takes 0.984.
Stage: after EP_MP | Performance: WL = 2326 ; TNS = -8479 ; WNS = -521 | Time (s): real = 0h:0m:18s ; cpu = 0h:0m:14s ; process = 0h:0m:26s | Memory (MB): curr = 690.308594 ; peak = 698.535156 | Checksum: FF467F49F6D83DC1


Stage 7 EP_LP start.
Stage: after legalization | Performance: avg_mov = 0.082278 ; max_mov = 1 ; mov_var = 0.075509
Legalize placement flow takes 0.016.
Stage: after EP_LP | Performance: WL = 2350 ; TNS = -9720 ; WNS = -702 | Time (s): real = 0h:0m:18s ; cpu = 0h:0m:14s ; process = 0h:0m:26s | Memory (MB): curr = 694.308594 ; peak = 698.535156 | Checksum: 181625C3F68B9590


Stage 8 EP_DP start.
Stage: before DP | Performance: WL = 2350 ; TNS = -9720 ; WNS = -702
    Cost at Swap iteration  0:  WNS =   -702,  TNS =  -8986,  MarginTNS = -34963,  takes    0.02 sec.
    Cost at DP   iteration  0:  WNS =   -409,  TNS =  -4870,  MarginTNS = -30851,  takes    0.08 sec.
    Cost at Swap iteration  1:  WNS =   -409,  TNS =  -4870,  MarginTNS = -30851,  takes    0.06 sec.
    Cost at Swap iteration  2:  WNS =   -409,  TNS =  -4870,  MarginTNS = -30851,  takes    0.05 sec.
    Cost at DP   iteration  2:  WNS =   -409,  TNS =  -5031,  MarginTNS = -31012,  takes    0.05 sec.
    Cost at Swap iteration  3:  WNS =   -409,  TNS =  -5031,  MarginTNS = -31012,  takes    0.02 sec.
Stage: after DP | Performance: WL = 2427 ; TNS = -5031 ; WNS = -409
EP_DP takes 0 sec.
Stage: after EP_DP | Performance: WL = 2427 ; TNS = -5031 ; WNS = -409 | Time (s): real = 0h:0m:18s ; cpu = 0h:0m:14s ; process = 0h:0m:27s | Memory (MB): curr = 695.882812 ; peak = 698.535156 | Checksum: 5FE61DADC847D6DC


Stage 9 EP_FP start.
AutoDRC Flow for Design Check After Place Start.
AutoDRC Flow for Design Check After Place End.
Stage: after EP_FP | Performance: WL = 2427 ; TNS = -3963 ; WNS = -407 | Time (s): real = 0h:0m:18s ; cpu = 0h:0m:14s ; process = 0h:0m:27s | Memory (MB): curr = 699.437500 ; peak = 700.648438 | Checksum: DFA9E0E2FBB1468A


Congestion analysis started.
I: Start printing congestion info.
I: Finish printing congestion info.
Congestion analysis takes 0.19 sec.


Device Utilization Summary :
+----------------------------------------------------------------------------+
| Device Type                      | Used     | Available     | Util(%)     
+----------------------------------------------------------------------------+
| CLMA                             | 98       | 6450          | 2           
| + FF                             | 217      | 38700         | 1           
| + LUT                            | 236      | 25800         | 1           
|   + LUT as Logic                 | 236      |               |             
|   + LUT as Const                 | 0        |               |             
|   + LUT as Bypass                | 0        |               |             
| CLMS                             | 81       | 4250          | 2           
| + FF                             | 189      | 25500         | 1           
| + LUT                            | 196      | 17000         | 2           
|   + LUT as Logic                 | 196      |               |             
|   + LUT as Memory                | 0        |               |             
|     + LUT as Distributed RAM     | 0        |               |             
|   + LUT as Const                 | 0        |               |             
|   + LUT as Bypass                | 0        |               |             
| IO                               | 20       | 296           | 7           
| + IOBD                           | 5        | 64            | 8           
| + IOBR_LR                        | 0        | 7             | 0           
| + IOBR_TB                        | 1        | 8             | 13          
| + IOBS_LR                        | 9        | 161           | 6           
| + IOBS_TB                        | 5        | 56            | 9           
| APM                              | 0        | 84            | 0           
| BKCL                             | 3        | 4             | 75          
| CRYSTAL                          | 0        | 2             | 0           
| DLL                              | 0        | 10            | 0           
| DQSL                             | 0        | 18            | 0           
| DRM                              | 3        | 134           | 3           
| FUSECODE                         | 0        | 1             | 0           
| HARD0N1                          | 0        | 6672          | 0           
| HSST                             | 0        | 1             | 0           
| IOCKDIV                          | 0        | 20            | 0           
| IOCKDLY                          | 0        | 40            | 0           
| IOCKGATE                         | 0        | 20            | 0           
| + IOCKGATE as Bypass             | 0        |               |             
| IOL                              | 20       | 400           | 5           
| IPAL                             | 0        | 1             | 0           
| LDO                              | 0        | 4             | 0           
| OSC                              | 0        | 1             | 0           
| PCIE                             | 0        | 1             | 0           
| PLL                              | 1        | 5             | 20          
| RCKB                             | 0        | 24            | 0           
| + RCKB as Bypass                 | 0        |               |             
| RESCAL                           | 0        | 4             | 0           
| SCANCHAIN                        | 1        | 2             | 50          
| START                            | 1        | 1             | 100         
| UDID                             | 0        | 1             | 0           
| USCM                             | 4        | 30            | 14          
| + USCM as Bypass                 | 0        |               |             
+----------------------------------------------------------------------------+

Total placement takes 10.48 sec.
Finished placement.
Design 'uart_rx_top' has been placed successfully.
Action place: Real time elapsed is 0h:0m:19s
Action place: CPU time elapsed is 0h:0m:15s
Action place: Process CPU time elapsed is 0h:0m:27s
Action place: Peak memory pool usage is 776 MB

Current time: Sat Sep 19 15:40:14 2026
