#Build: Fabric Compiler 2025.2, Build 211867, Jan 16 16:10 2026
#Install: E:\work\pango\PDS_2025.2-ads\bin
#Application name: pds_shell.exe
#OS: Windows 11 10.0.26200
#CPU: Unknown
#RAM(GB): 32
#Hostname: dionirpyC
#Generated by Fabric Compiler (version 2025.2 build 211867) at Fri Sep 25 16:01:50 2026
Parameters for debugging are loaded as follows:
Compiling verification operator library.
Compiling vendor parameter file.
Compiling common defs.
Compiling prim grid devices.
Compiling place grid timing.
Compiling gate devices.
Compiling gate operators.
Compiling gate operators impls.
Building architecture model.
Loading device packaging model.
Building architecture floorplan logic view.
Elaborate the liberty model.
I: Multithreading enabled for Timing using a maximum of 4 processes.

Routing started.
Build routing arch for double attribute device.
Enter timing driven router mode.
I: Multithreading enabled for route using a maximum of 6 processes.
Building routing graph takes 1.58 sec.
Enable Recovery Analysis in Routing
Init coarse delay table.
I: Loading Timing Delay Info...
I: Load Timing Delay Info successfully.
Read place coarse delay table takes 0.33 sec.
build place dedicate switch graph takes 1.55 sec
Setup STE netlist take 2103 msec.
Slack Weight : 90
CE/RS signal series limit : 500
Dispose control chain take 7 msec.
Collect const net info take 35 msec.
Total nets for routing: 223.
Total loads for routing: 1101.
Direct connect net size: 85
Build all design net take 22 msec.
Processing design graph takes 2.17 sec.
Route info is not supported in this chip.
Delay table total memory: 40.33622932 MB
Route graph total memory: 74.23994541 MB
Route design total memory: 1.27691269 MB
The remaining process takes 0.01 sec.
Stage: after context initialize | Time (s): real = 0h:0m:11s ; cpu = 0h:0m:9s ; process = 0h:0m:10s | Memory (MB): curr = 659.500000 ; peak = 698.296875 | Checksum: 7C557B7D7B2B7C0E
Global routing takes 0.00 sec.
Pin Cost Increasing Speed 300
Unrouted clock nets at iteration 0 (0.001 sec): 4
Unrouted clock nets at iteration 1 (0.001 sec): 0
Stage: after clock route | Time (s): real = 0h:0m:11s ; cpu = 0h:0m:9s ; process = 0h:0m:11s | Memory (MB): curr = 660.773438 ; peak = 698.296875 | Checksum: AA5F179458D2FF90
Total route nets size: 215
Pre route takes 0.094 sec
Stage: after pre route | Performance: TNS = 0 ; WNS = 0 ; THS = 0 ; WHS = 54 | Time (s): real = 0h:0m:11s ; cpu = 0h:0m:9s ; process = 0h:0m:11s | Memory (MB): curr = 671.097656 ; peak = 698.296875 | Checksum: 4CADD1CA52C7913E
Unrouted general nets at iteration 4 (MT total route time: 0.032 sec): 163(overused: 685)
Unrouted general nets at iteration 5 (MT total route time: 0.022 sec): 138(overused: 452)
Unrouted general nets at iteration 6 (MT total route time: 0.016 sec): 100(overused: 253)
Unrouted general nets at iteration 7 (MT total route time: 0.014 sec): 73(overused: 168)
Unrouted general nets at iteration 8 (MT total route time: 0.014 sec): 38(overused: 72)
Unrouted general nets at iteration 9 (MT total route time: 0.006 sec): 12(overused: 18)
Unrouted general nets at iteration 10 (MT total route time: 0.002 sec): 0(overused: 0)
----General net take 0.000 sec(route net take 0.000 sec, inc cost take 0.000 sec, iter times: 1)
----const net route take 0.001 sec
Unrouted nets at iteration 11 (0.001 sec): 0
Stage: after detail route | Performance: TNS = 0 ; WNS = 0 ; THS = NA ; WHS = NA | Time (s): real = 0h:0m:12s ; cpu = 0h:0m:9s ; process = 0h:0m:11s | Memory (MB): curr = 671.328125 ; peak = 698.296875 | Checksum: 1FAB7613C3FCE7AF
Begin rip-up and reroute:
Rip-up and reroute takes 0.01 sec.
Stage: after ripup & reroute | Performance: TNS = 0 ; WNS = 3 ; THS = NA ; WHS = NA | Time (s): real = 0h:0m:12s ; cpu = 0h:0m:9s ; process = 0h:0m:11s | Memory (MB): curr = 673.542969 ; peak = 698.296875 | Checksum: 57FA79FA4DFF9A93
Detailed routing takes 0.59 sec.
Sort Original Nets take 0.001 sec
Check HPIO div result take 0.000 sec
Total net: 223, route succeed net: 223
Generate routing result take 0.000 sec
Handle PERMUX permutation take 0.006 sec
Handle const net take 0.001 sec
Handle route through take 0.001 sec
Used SRB routing arc is 1990.
Stage: after finish route | Performance: TNS = 0 ; WNS = 3 ; THS = NA ; WHS = NA | Time (s): real = 0h:0m:12s ; cpu = 0h:0m:9s ; process = 0h:0m:11s | Memory (MB): curr = 649.011719 ; peak = 698.296875 | Checksum: 60A1F344B3F3A685
Finish routing takes 0.10 sec.
Total routing takes 4.55 sec.

Device Utilization Summary :
+----------------------------------------------------------------------------+
| Device Type                      | Used     | Available     | Util(%)     
+----------------------------------------------------------------------------+
| CLMA                             | 60       | 6450          | 1           
| + FF                             | 112      | 38700         | 1           
| + LUT                            | 167      | 25800         | 1           
|   + LUT as Logic                 | 114      |               |             
|   + LUT as Const                 | 53       |               |             
|   + LUT as Bypass                | 0        |               |             
| CLMS                             | 24       | 4250          | 1           
| + FF                             | 51       | 25500         | 1           
| + LUT                            | 64       | 17000         | 1           
|   + LUT as Logic                 | 60       |               |             
|   + LUT as Memory                | 0        |               |             
|     + LUT as Distributed RAM     | 0        |               |             
|   + LUT as Const                 | 0        |               |             
|   + LUT as Bypass                | 4        |               |             
| IO                               | 12       | 296           | 5           
| + IOBD                           | 5        | 64            | 8           
| + IOBR_LR                        | 0        | 7             | 0           
| + IOBR_TB                        | 1        | 8             | 13          
| + IOBS_LR                        | 1        | 161           | 1           
| + IOBS_TB                        | 5        | 56            | 9           
| APM                              | 0        | 84            | 0           
| BKCL                             | 3        | 4             | 75          
| CRYSTAL                          | 0        | 2             | 0           
| DLL                              | 0        | 10            | 0           
| DQSL                             | 0        | 18            | 0           
| DRM                              | 0        | 134           | 0           
| FUSECODE                         | 0        | 1             | 0           
| HARD0N1                          | 6        | 6672          | 1           
| HSST                             | 0        | 1             | 0           
| IOCKDIV                          | 0        | 20            | 0           
| IOCKDLY                          | 0        | 40            | 0           
| IOCKGATE                         | 0        | 20            | 0           
| + IOCKGATE as Bypass             | 0        |               |             
| IOL                              | 12       | 400           | 3           
| IPAL                             | 0        | 1             | 0           
| LDO                              | 0        | 4             | 0           
| OSC                              | 0        | 1             | 0           
| PCIE                             | 0        | 1             | 0           
| PLL                              | 1        | 5             | 20          
| RCKB                             | 0        | 24            | 0           
| + RCKB as Bypass                 | 0        |               |             
| RESCAL                           | 0        | 4             | 0           
| SCANCHAIN                        | 0        | 2             | 0           
| START                            | 1        | 1             | 100         
| UDID                             | 0        | 1             | 0           
| USCM                             | 2        | 30            | 7           
| + USCM as Bypass                 | 0        |               |             
+----------------------------------------------------------------------------+

Finished routing. (CPU time elapsed 0h:00m:09s)
Design 'uart_loop_test_top' has been routed successfully.
Saving design to DB.
Action Route: Export DB successfully.
Action route: Real time elapsed is 0h:0m:12s
Action route: CPU time elapsed is 0h:0m:9s
Action route: Process CPU time elapsed is 0h:0m:11s
Action route: Peak memory pool usage is 698 MB

Current time: Fri Sep 25 16:02:00 2026
