#Build: Fabric Compiler 2025.2, Build 211867, Jan 16 16:10 2026
#Install: E:\work\pango\PDS_2025.2-ads\bin
#Application name: pds_shell.exe
#OS: Windows 11 10.0.26200
#CPU: Unknown
#RAM(GB): 32
#Hostname: dionirpyC
#Generated by Fabric Compiler (version 2025.2 build 211867) at Sat Sep 19 15:16:24 2026
Parameters for debugging are loaded as follows:
Compiling verification operator library.
Compiling vendor parameter file.
Compiling common defs.
Compiling prim grid devices.
Compiling place grid timing.
Compiling gate devices.
Compiling gate operators.
Compiling gate operators impls.
Building architecture model.
Loading device packaging model.
Building architecture floorplan logic view.
Constraint check start.
W: ConstraintEditor-4042: Port 'led_out[0]' lacks attribute 'SLEW', it's better to set the attribute for port.
W: ConstraintEditor-4042: Port 'led_out[0]' lacks attribute 'DRIVE', it's better to set the attribute for port.
W: ConstraintEditor-4042: Port 'led_out[0]' lacks attribute 'BUS_KEEPER', it's better to set the attribute for port.
W: ConstraintEditor-4042: Port 'led_out[1]' lacks attribute 'SLEW', it's better to set the attribute for port.
W: ConstraintEditor-4042: Port 'led_out[1]' lacks attribute 'DRIVE', it's better to set the attribute for port.
W: ConstraintEditor-4042: Port 'led_out[1]' lacks attribute 'BUS_KEEPER', it's better to set the attribute for port.
W: ConstraintEditor-4042: Port 'led_out[2]' lacks attribute 'SLEW', it's better to set the attribute for port.
W: ConstraintEditor-4042: Port 'led_out[2]' lacks attribute 'DRIVE', it's better to set the attribute for port.
W: ConstraintEditor-4042: Port 'led_out[2]' lacks attribute 'BUS_KEEPER', it's better to set the attribute for port.
W: ConstraintEditor-4042: Port 'led_out[3]' lacks attribute 'SLEW', it's better to set the attribute for port.
W: ConstraintEditor-4042: Port 'led_out[3]' lacks attribute 'DRIVE', it's better to set the attribute for port.
W: ConstraintEditor-4042: Port 'led_out[3]' lacks attribute 'BUS_KEEPER', it's better to set the attribute for port.
W: ConstraintEditor-4042: Port 'led_out[4]' lacks attribute 'SLEW', it's better to set the attribute for port.
W: ConstraintEditor-4042: Port 'led_out[4]' lacks attribute 'DRIVE', it's better to set the attribute for port.
W: ConstraintEditor-4042: Port 'led_out[4]' lacks attribute 'BUS_KEEPER', it's better to set the attribute for port.
W: ConstraintEditor-4042: Port 'led_out[5]' lacks attribute 'SLEW', it's better to set the attribute for port.
W: ConstraintEditor-4042: Port 'led_out[5]' lacks attribute 'DRIVE', it's better to set the attribute for port.
W: ConstraintEditor-4042: Port 'led_out[5]' lacks attribute 'BUS_KEEPER', it's better to set the attribute for port.
W: ConstraintEditor-4042: Port 'led_out[6]' lacks attribute 'SLEW', it's better to set the attribute for port.
W: ConstraintEditor-4042: Port 'led_out[6]' lacks attribute 'DRIVE', it's better to set the attribute for port.
W: ConstraintEditor-4042: Port 'led_out[6]' lacks attribute 'BUS_KEEPER', it's better to set the attribute for port.
W: ConstraintEditor-4042: Port 'led_out[7]' lacks attribute 'SLEW', it's better to set the attribute for port.
W: ConstraintEditor-4042: Port 'led_out[7]' lacks attribute 'DRIVE', it's better to set the attribute for port.
W: ConstraintEditor-4042: Port 'led_out[7]' lacks attribute 'BUS_KEEPER', it's better to set the attribute for port.
W: ConstraintEditor-4042: Port 'uart_tx' lacks attribute 'SLEW', it's better to set the attribute for port.
W: ConstraintEditor-4042: Port 'uart_tx' lacks attribute 'DRIVE', it's better to set the attribute for port.
W: ConstraintEditor-4042: Port 'key_in[0]' lacks attribute 'BUS_KEEPER', it's better to set the attribute for port.
W: ConstraintEditor-4040: [E:/code/PangoWork/Works/uart/prj_tasks/pnr_1/device_map/uart_rx_top.pcf(line number: 12)] Port key_in[0] has been placed at location K18, whose type is share pin.
W: ConstraintEditor-4042: Port 'key_in[1]' lacks attribute 'BUS_KEEPER', it's better to set the attribute for port.
W: ConstraintEditor-4042: Port 'key_in[2]' lacks attribute 'BUS_KEEPER', it's better to set the attribute for port.
W: ConstraintEditor-4042: Port 'key_in[3]' lacks attribute 'BUS_KEEPER', it's better to set the attribute for port.
W: ConstraintEditor-4042: Port 'key_in[4]' lacks attribute 'BUS_KEEPER', it's better to set the attribute for port.
W: ConstraintEditor-4042: Port 'key_in[5]' lacks attribute 'BUS_KEEPER', it's better to set the attribute for port.
W: ConstraintEditor-4040: [E:/code/PangoWork/Works/uart/prj_tasks/pnr_1/device_map/uart_rx_top.pcf(line number: 17)] Port key_in[5] has been placed at location J19, whose type is share pin.
W: ConstraintEditor-4042: Port 'key_in[6]' lacks attribute 'BUS_KEEPER', it's better to set the attribute for port.
W: ConstraintEditor-4040: [E:/code/PangoWork/Works/uart/prj_tasks/pnr_1/device_map/uart_rx_top.pcf(line number: 18)] Port key_in[6] has been placed at location H20, whose type is share pin.
W: ConstraintEditor-4042: Port 'key_in[7]' lacks attribute 'BUS_KEEPER', it's better to set the attribute for port.
W: ConstraintEditor-4040: [E:/code/PangoWork/Works/uart/prj_tasks/pnr_1/device_map/uart_rx_top.pcf(line number: 20)] Port rst_n has been placed at location AB13, whose type is share pin.
C: ConstraintEditor-2022: There are some ports' attributes are set to default value, please read [E:/code/PangoWork/Works/uart/prj_tasks/pnr_1/place_route/ports_defalut_attribute.txt(line number:0)] to confirm.
Found 0 error(s), 1 critical warning(s), 38 warning(s), out of 20 constraint(s)
Constraint check end.
Total time(hh:mm:ss) of constraint check : 00:00:00
Elaborate the liberty model.
I: Multithreading enabled for Timing using a maximum of 4 processes.
Placement started. Type: EP_COMMON_FLOW.

Stage 1 EP_INIT start.
Stage: after EP_INIT | Time (s): real = 0h:0m:6s ; cpu = 0h:0m:4s ; process = 0h:0m:6s | Memory (MB): curr = 445.644531 ; peak = 446.691406 | Checksum: 29576DD52E16143D

Design Layer Utilization:
	LUT: 0.986%
	FF: 0.668%
	DRM: 1.866%
	IO: 5.722%

Stage 2 EP_DL start.
build place dedicate switch graph takes 1.78 sec
Place location constraint group with base node:key_in_ibuf[0]/opit_1 at IOL_327_257
Place location constraint group with base node:key_in_ibuf[1]/opit_1 at IOL_327_134
Place location constraint group with base node:key_in_ibuf[2]/opit_1 at IOL_327_297
Place location constraint group with base node:key_in_ibuf[3]/opit_1 at IOL_327_133
Place location constraint group with base node:key_in_ibuf[4]/opit_1 at IOL_327_298
Place location constraint group with base node:key_in_ibuf[5]/opit_1 at IOL_327_262
Place location constraint group with base node:key_in_ibuf[6]/opit_1 at IOL_327_261
Place location constraint group with base node:key_in_ibuf[7]/opit_1 at IOL_327_365
Place location constraint group with base node:led_out_obuf[0]/opit_1 at IOL_19_374
Place location constraint group with base node:led_out_obuf[1]/opit_1 at IOL_19_373
Place location constraint group with base node:led_out_obuf[2]/opit_1 at IOL_35_374
Place location constraint group with base node:led_out_obuf[3]/opit_1 at IOL_35_373
Place location constraint group with base node:led_out_obuf[4]/opit_1 at IOL_67_374
Place location constraint group with base node:led_out_obuf[5]/opit_1 at IOL_67_373
Place location constraint group with base node:led_out_obuf[6]/opit_1 at IOL_47_374
Place location constraint group with base node:led_out_obuf[7]/opit_1 at IOL_47_373
Place location constraint group with base node:rst_n_ibuf/opit_1 at IOL_167_5
Place location constraint group with base node:sys_clk_50mhz_ibuf/opit_1 at IOL_327_210
Place location constraint group with base node:uart_rx_ibuf/opit_1 at IOL_43_5
Place location constraint group with base node:uart_tx_obuf/opit_1 at IOL_43_6
Place location constraint node:BKCL_auto_0 at BKCL_188_376
Place location constraint node:BKCL_auto_1 at BKCL_328_184
Place location constraint node:BKCL_auto_2 at BKCL_192_0
DRCP Convert Loc Constraint successful.

Stage 2.1 pre clock plan start.
Mapping instance GRS_INST/grs to START_324_2.
I: Clock statistic: 4 USCM.
solve clock designs takes 0.22 sec with memory (MB): curr = 519.996094, peak = 521.304688.
Mapping instance clkbufg_0/gopclkbufg to USCM_84_108:impl_uscm_rtb_a-USCM.
Mapping instance clkbufg_1/gopclkbufg to USCM_84_109:impl_uscm_rtb_a-USCM.
Mapping instance clkbufg_2/gopclkbufg to USCM_84_110:impl_uscm_rtb_a-USCM.
Mapping instance clkbufg_3/gopclkbufg to USCM_84_111:impl_uscm_rtb_a-USCM.
Mapping instance u_pll_50mhz/u_pll_e3/goppll to PLL_158_55.
Stage: after pre clock plan | Time (s): real = 0h:0m:8s ; cpu = 0h:0m:6s ; process = 0h:0m:9s | Memory (MB): curr = 520.144531 ; peak = 521.304688

Place location constraint node:clkbufg_0/gopclkbufg at USCM_84_108
Place location constraint node:clkbufg_1/gopclkbufg at USCM_84_109
Place location constraint node:clkbufg_2/gopclkbufg at USCM_84_110
Place location constraint node:clkbufg_3/gopclkbufg at USCM_84_111
Place location constraint node:u_pll_50mhz/u_pll_e3/goppll at PLL_158_55
DRCP Convert Loc Constraint successful.
Stage: after EP_DL | Time (s): real = 0h:0m:8s ; cpu = 0h:0m:6s ; process = 0h:0m:9s | Memory (MB): curr = 520.222656 ; peak = 521.382812 | Checksum: 91ABA2BFB96FBB70


Stage 3 EP_FIP start.
DRCP Convert Loc Constraint successful.

Stage 3.1 fip global place start.
[GP] num_thread=0
I: Multithreading enabled for place using a maximum of 4 processes.
[GP] Placement Initial Method "Quad".
[GP] Placement Decongestion Mode "1".
[GP] Recovery Analysis in GP "Enable".
I: Loading Timing Delay Info...
I: Load Timing Delay Info successfully.
Init coarse delay table.
Read place coarse delay table takes 0.34 sec.
[GP] Init timing API takes 1.74 sec.
[GP] Init GP graph takes 1.80 sec.
Device graph total memory: 11.22661304 MB
[GP] Read position from netlist take 0 msec
[GP] Total node move: 45950.38, average node move: 93.59
First map gop timing takes 0.00 sec
[GP] SA handle 4 clusters.
[GP] SA init_cost = 31453.532772, final_cost = 31145.662858, final_cost/init_cost = 0.990212, occupied region_num = 2.
[GP] SA Optimize take time: 0.003000 sec.
[GP] Timing analysis take 0.007000 secs.
[GP] MarginTNSS=-32960, TNSS=-7246, WSS=-1310
[GP] Place thread size: 4
[GP] Node size: 9616, net size: 596
[GP] Design graph total memory: 33.19000053 MB
[GP] Timing analysis take 0.007000 secs.
[GP] MarginTNSS=-30658, TNSS=-4790, WSS=-435
[GP] Step 0 take 0.055 secs: WL=2091.42 OF=0.641277
[GP] Timing analysis take 0.009000 secs.
[GP] MarginTNSS=-36644, TNSS=-10644, WSS=-1015
[GP] Step 1 take 0.347 secs: WL=1370.99 OF=0.613449
[GP] Timing analysis take 0.007000 secs.
[GP] MarginTNSS=-36353, TNSS=-10353, WSS=-961
[GP] Step 2 take 0.346 secs: WL=1373.47 OF=0.542490
[GP] Timing analysis take 0.007000 secs.
[GP] MarginTNSS=-36265, TNSS=-10265, WSS=-890
[GP] Step 3 take 0.322 secs: WL=1396.06 OF=0.497551
[GP] Timing analysis take 0.007000 secs.
[GP] MarginTNSS=-35537, TNSS=-9537, WSS=-841
[GP] Step 4 take 0.325 secs: WL=1437.12 OF=0.445514
[GP] Timing analysis take 0.008000 secs.
[GP] MarginTNSS=-30854, TNSS=-4854, WSS=-427
[GP] Step 5 take 0.338 secs: WL=1435.08 OF=0.383905
[GP] Timing analysis take 0.008000 secs.
[GP] MarginTNSS=-27976, TNSS=-2328, WSS=-275
[GP] Step 6 take 0.356 secs: WL=1460.58 OF=0.341108
[GP] Timing analysis take 0.007000 secs.
[GP] MarginTNSS=-27976, TNSS=-2328, WSS=-275
[GP] Step 7 take 0.332 secs: WL=1502.78 OF=0.273305
[GP] Timing analysis take 0.008000 secs.
[GP] MarginTNSS=-27976, TNSS=-2328, WSS=-275
[GP] Step 8 take 0.356 secs: WL=1545.15 OF=0.221005
[GP] Timing analysis take 0.010000 secs.
[GP] MarginTNSS=-27976, TNSS=-2328, WSS=-275
[GP] Step 9 take 0.384 secs: WL=1639.27 OF=0.160374
[GP] Timing analysis take 0.007000 secs.
[GP] MarginTNSS=-27976, TNSS=-2328, WSS=-275
[GP] Timing analysis take 0.007000 secs.
[GP] MarginTNSS=-27976, TNSS=-2328, WSS=-275
[GP] Step 10 take 0.371 secs: WL=1868.16 OF=0.099344
[GP] Timing analysis take 0.007000 secs.
[GP] MarginTNSS=-27976, TNSS=-2328, WSS=-275
[GP] Step 11 take 0.162 secs: WL=1880.86 OF=0.065605
[GP] Timing analysis take 0.007000 secs.
[GP] MarginTNSS=-27976, TNSS=-2328, WSS=-275
[GP] Final best WL=1873.141885 OF=0.075153, totally takes 3.815000 secs, run timing analysis 15 times totally takes 0.113000 secs.
[GP] Total node move: 66702.52, average node move: 135.85
[GP] Placer use memory: 15.12705803 MB
Stage: after fip global place | Performance: WL = 1574 ; TNS = -2328 ; WNS = -275 | Time (s): real = 0h:0m:14s ; cpu = 0h:0m:11s ; process = 0h:0m:23s | Memory (MB): curr = 667.312500 ; peak = 683.589844 | Checksum: 83AD371E7E5079D7

Flat initial placement flow takes 5.125.
Stage: after EP_FIP | Performance: WL = 1574 ; TNS = -2328 ; WNS = -275 | Time (s): real = 0h:0m:14s ; cpu = 0h:0m:11s ; process = 0h:0m:24s | Memory (MB): curr = 668.468750 ; peak = 683.589844 | Checksum: 83AD371E7E5079D7


Stage 4 EP_CAGP start.

Stage 4.1 cagp site packing start.
Stage: after pack legalize group | Performance: avg_mov = 0.000000 ; max_mov = 0 ; mov_var = 0.000000
Stage: after cagp site packing | Performance: WL = 3372 | Time (s): real = 0h:0m:15s ; cpu = 0h:0m:12s ; process = 0h:0m:24s | Memory (MB): curr = 690.097656 ; peak = 696.457031 | Checksum: 108DD1B1E4BD8228


Stage 4.2 cagp macro placement start.
Stage: after cagp macro placement | Performance: WL = 3372 | Time (s): real = 0h:0m:15s ; cpu = 0h:0m:12s ; process = 0h:0m:24s | Memory (MB): curr = 690.500000 ; peak = 696.457031 | Checksum: 108DD1B1E4BD8228


Stage 4.3 post clock plan start.
pre solve all clock design takes 0.02 sec with memory (MB): curr = 690.625000, peak = 696.457031.
CRA timing analysis with worst slack -657 takes 0.00 sec.
CRA cost 0 takes 0.00 sec.
solve all clock design takes 0.05 sec with memory (MB): curr = 691.429688, peak = 696.457031.
expand load region takes 0.00 sec.
Stage: after post clock plan | Time (s): real = 0h:0m:15s ; cpu = 0h:0m:12s ; process = 0h:0m:24s | Memory (MB): curr = 691.589844 ; peak = 696.457031

Movement during CRA, max : (0, 0) , total : (0, 0) , count : 0 , avg : (0, 0) .
Stage: after EP_CAGP | Performance: WL = 3372 ; TNS = -9511 ; WNS = -657 | Time (s): real = 0h:0m:15s ; cpu = 0h:0m:12s ; process = 0h:0m:24s | Memory (MB): curr = 691.597656 ; peak = 696.457031 | Checksum: F0A0809730DBB1E9


Stage 5 EP_DRCP start.

Stage 5.1 DRC Placement start.
DRC final successful.
Stage: after DRC Placement | Time (s): real = 0h:0m:15s ; cpu = 0h:0m:12s ; process = 0h:0m:24s | Memory (MB): curr = 691.605469 ; peak = 696.457031


Stage 5.2 IO Placement start.
The average distance in IO place is 0.000000.
Stage: after IO Placement | Time (s): real = 0h:0m:15s ; cpu = 0h:0m:12s ; process = 0h:0m:24s | Memory (MB): curr = 691.761719 ; peak = 696.457031

Stage: special units | Performance: avg_mov = 98.000000 ; max_mov = 98 ; mov_var = 0.000000
Stage: after EP_DRCP | Performance: WL = 3933 ; TNS = -9511 ; WNS = -657 | Time (s): real = 0h:0m:15s ; cpu = 0h:0m:12s ; process = 0h:0m:24s | Memory (MB): curr = 692.000000 ; peak = 696.457031 | Checksum: F673FF9ABB134759


Stage 6 EP_MP start.

Stage 6.1 macro place start.
The average distance of DRM is 0.000000, The max distance of DRM is 0.000000
Stage: after macro place | Performance: WL = 3933 | Time (s): real = 0h:0m:15s ; cpu = 0h:0m:12s ; process = 0h:0m:24s | Memory (MB): curr = 692.152344 ; peak = 696.457031 | Checksum: 91F89C00D2DB8AD8


Stage 6.2 mp post global place start.
[GP] num_thread=0
I: Multithreading enabled for place using a maximum of 4 processes.
[GP] Init timing API takes 0.00 sec.
[GP] Init GP graph takes 0.01 sec.
Device graph total memory: 11.23276234 MB
[GP] Read position from netlist take 0 msec
[GP] Timing analysis take 0.053000 secs.
[GP] MarginTNSS=-35511, TNSS=-9511, WSS=-657
[GP] Place thread size: 4
[GP] Node size: 9216, net size: 535
[GP] Design graph total memory: 29.02241325 MB
[GP] Timing analysis take 0.007000 secs.
[GP] MarginTNSS=-31844, TNSS=-5844, WSS=-425
[GP] Step 0 take 0.035 secs: WL=3440.83 OF=0.203674
[GP] Timing analysis take 0.007000 secs.
[GP] MarginTNSS=-32046, TNSS=-6046, WSS=-427
[GP] Step 1 take 0.197 secs: WL=2564.26 OF=0.239045
[GP] Timing analysis take 0.007000 secs.
[GP] MarginTNSS=-32252, TNSS=-6252, WSS=-456
[GP] Step 2 take 0.188 secs: WL=2568.82 OF=0.189079
[GP] Timing analysis take 0.008000 secs.
[GP] MarginTNSS=-32083, TNSS=-6083, WSS=-456
[GP] Step 3 take 0.193 secs: WL=2588.58 OF=0.142364
[GP] Timing analysis take 0.007000 secs.
[GP] MarginTNSS=-31628, TNSS=-5628, WSS=-427
[GP] Step 4 take 0.189 secs: WL=2641.43 OF=0.101963
[GP] Timing analysis take 0.007000 secs.
[GP] MarginTNSS=-31744, TNSS=-5744, WSS=-427
[GP] Step 5 take 0.186 secs: WL=2692.37 OF=0.066194
[GP] Timing analysis take 0.008000 secs.
[GP] MarginTNSS=-31698, TNSS=-5698, WSS=-427
[GP] Final best WL=2670.134337 OF=0.081640, totally takes 1.082000 secs, run timing analysis 8 times totally takes 0.104000 secs.
[GP] Total node move: 965.25, average node move: 4.57
[GP] Placer use memory: 5.94374847 MB
Stage: after mp post global place | Performance: WL = 2214 ; TNS = -5698 ; WNS = -427 | Time (s): real = 0h:0m:16s ; cpu = 0h:0m:13s ; process = 0h:0m:27s | Memory (MB): curr = 686.113281 ; peak = 696.457031 | Checksum: 60B266049319D142

MP flow takes 1.000.
Stage: after EP_MP | Performance: WL = 2214 ; TNS = -5698 ; WNS = -427 | Time (s): real = 0h:0m:16s ; cpu = 0h:0m:13s ; process = 0h:0m:27s | Memory (MB): curr = 686.113281 ; peak = 696.457031 | Checksum: 60B266049319D142


Stage 7 EP_LP start.
Stage: after legalization | Performance: avg_mov = 0.117834 ; max_mov = 1 ; mov_var = 0.103949
Legalize placement flow takes 0.016.
Stage: after EP_LP | Performance: WL = 2271 ; TNS = -9257 ; WNS = -709 | Time (s): real = 0h:0m:16s ; cpu = 0h:0m:13s ; process = 0h:0m:27s | Memory (MB): curr = 689.003906 ; peak = 696.457031 | Checksum: F45B2A720A2E11B9


Stage 8 EP_DP start.
Stage: before DP | Performance: WL = 2271 ; TNS = -9257 ; WNS = -709
    Cost at Swap iteration  0:  WNS =   -709,  TNS =  -9151,  MarginTNS = -35151,  takes    0.02 sec.
    Cost at DP   iteration  0:  WNS =   -409,  TNS =  -3951,  MarginTNS = -29860,  takes    0.03 sec.
    Cost at Swap iteration  1:  WNS =   -409,  TNS =  -3951,  MarginTNS = -29860,  takes    0.03 sec.
    Cost at Swap iteration  2:  WNS =   -409,  TNS =  -3951,  MarginTNS = -29860,  takes    0.05 sec.
    Cost at DP   iteration  2:  WNS =   -393,  TNS =  -3727,  MarginTNS = -29669,  takes    0.03 sec.
    Cost at Swap iteration  3:  WNS =   -393,  TNS =  -3727,  MarginTNS = -29669,  takes    0.05 sec.
    Cost at Swap iteration  4:  WNS =   -393,  TNS =  -3727,  MarginTNS = -29669,  takes    0.02 sec.
    Cost at DP   iteration  4:  WNS =   -264,  TNS =  -3587,  MarginTNS = -29529,  takes    0.03 sec.
    Cost at Swap iteration  5:  WNS =   -264,  TNS =  -3587,  MarginTNS = -29529,  takes    0.02 sec.
    Cost at Swap iteration  6:  WNS =   -264,  TNS =  -3587,  MarginTNS = -29529,  takes    0.03 sec.
    Cost at DP   iteration  6:  WNS =   -264,  TNS =  -3587,  MarginTNS = -29529,  takes    0.03 sec.
    Cost at Swap iteration  7:  WNS =   -264,  TNS =  -3587,  MarginTNS = -29529,  takes    0.05 sec.
Stage: after DP | Performance: WL = 2325 ; TNS = -3587 ; WNS = -264
EP_DP takes 0 sec.
Stage: after EP_DP | Performance: WL = 2325 ; TNS = -3587 ; WNS = -264 | Time (s): real = 0h:0m:17s ; cpu = 0h:0m:13s ; process = 0h:0m:28s | Memory (MB): curr = 690.679688 ; peak = 696.457031 | Checksum: 64AE5B2C73D70059


Stage 9 EP_FP start.
AutoDRC Flow for Design Check After Place Start.
AutoDRC Flow for Design Check After Place End.
Stage: after EP_FP | Performance: WL = 2325 ; TNS = -2289 ; WNS = -262 | Time (s): real = 0h:0m:17s ; cpu = 0h:0m:13s ; process = 0h:0m:28s | Memory (MB): curr = 694.906250 ; peak = 696.457031 | Checksum: D9D6CF7C65E65654


Congestion analysis started.
I: Start printing congestion info.
I: Finish printing congestion info.
Congestion analysis takes 0.09 sec.


Device Utilization Summary :
+----------------------------------------------------------------------------+
| Device Type                      | Used     | Available     | Util(%)     
+----------------------------------------------------------------------------+
| CLMA                             | 101      | 6450          | 2           
| + FF                             | 239      | 38700         | 1           
| + LUT                            | 250      | 25800         | 1           
|   + LUT as Logic                 | 250      |               |             
|   + LUT as Const                 | 0        |               |             
|   + LUT as Bypass                | 0        |               |             
| CLMS                             | 68       | 4250          | 2           
| + FF                             | 162      | 25500         | 1           
| + LUT                            | 172      | 17000         | 2           
|   + LUT as Logic                 | 172      |               |             
|   + LUT as Memory                | 0        |               |             
|     + LUT as Distributed RAM     | 0        |               |             
|   + LUT as Const                 | 0        |               |             
|   + LUT as Bypass                | 0        |               |             
| IO                               | 20       | 296           | 7           
| + IOBD                           | 5        | 64            | 8           
| + IOBR_LR                        | 0        | 7             | 0           
| + IOBR_TB                        | 1        | 8             | 13          
| + IOBS_LR                        | 9        | 161           | 6           
| + IOBS_TB                        | 5        | 56            | 9           
| APM                              | 0        | 84            | 0           
| BKCL                             | 3        | 4             | 75          
| CRYSTAL                          | 0        | 2             | 0           
| DLL                              | 0        | 10            | 0           
| DQSL                             | 0        | 18            | 0           
| DRM                              | 3        | 134           | 3           
| FUSECODE                         | 0        | 1             | 0           
| HARD0N1                          | 0        | 6672          | 0           
| HSST                             | 0        | 1             | 0           
| IOCKDIV                          | 0        | 20            | 0           
| IOCKDLY                          | 0        | 40            | 0           
| IOCKGATE                         | 0        | 20            | 0           
| + IOCKGATE as Bypass             | 0        |               |             
| IOL                              | 20       | 400           | 5           
| IPAL                             | 0        | 1             | 0           
| LDO                              | 0        | 4             | 0           
| OSC                              | 0        | 1             | 0           
| PCIE                             | 0        | 1             | 0           
| PLL                              | 1        | 5             | 20          
| RCKB                             | 0        | 24            | 0           
| + RCKB as Bypass                 | 0        |               |             
| RESCAL                           | 0        | 4             | 0           
| SCANCHAIN                        | 1        | 2             | 50          
| START                            | 1        | 1             | 100         
| UDID                             | 0        | 1             | 0           
| USCM                             | 4        | 30            | 14          
| + USCM as Bypass                 | 0        |               |             
+----------------------------------------------------------------------------+

Total placement takes 9.97 sec.
Finished placement.
Design 'uart_rx_top' has been placed successfully.
Action place: Real time elapsed is 0h:0m:17s
Action place: CPU time elapsed is 0h:0m:14s
Action place: Process CPU time elapsed is 0h:0m:28s
Action place: Peak memory pool usage is 772 MB

Current time: Sat Sep 19 15:16:39 2026
