#Build: Fabric Compiler 2025.2, Build 211867, Jan 16 16:10 2026
#Install: E:\work\pango\PDS_2025.2-ads\bin
#Application name: pds_shell.exe
#OS: Windows 11 10.0.26200
#CPU: Unknown
#RAM(GB): 32
#Hostname: dionirpyC
#Generated by Fabric Compiler (version 2025.2 build 211867) at Sat Sep 19 15:16:54 2026
Parameters for debugging are loaded as follows:
Compiling verification operator library.
Compiling vendor parameter file.
Compiling common defs.
Compiling prim grid devices.
Compiling place grid timing.
Compiling gate devices.
Compiling gate operators.
Compiling gate operators impls.
Building architecture model.
Loading device packaging model.
Building architecture floorplan logic view.
Elaborate the liberty model.
I: Multithreading enabled for Timing using a maximum of 4 processes.

Route Optimize started.
Build routing arch for double attribute device.
Enter timing driven router mode.
I: Multithreading enabled for route using a maximum of 6 processes.
Read Column Clock Map.
Building routing graph takes 1.53 sec.
Total nets for routing: 696.
Total loads for routing: 2671.
Direct connect net size: 108
Build all design net take 24 msec.
Processing design graph takes 0.02 sec.
Route info is not supported in this chip.
Delay table total memory: 40.33696175 MB
Route graph total memory: 74.44635105 MB
Route design total memory: 0.52589798 MB
The remaining process takes 0.02 sec.
Stage: after context initialize in post route | Time (s): real = 0h:0m:9s ; cpu = 0h:0m:7s ; process = 0h:0m:9s | Memory (MB): curr = 641.019531 ; peak = 674.128906 | Checksum: 67285032EE9EB0DF
Load route result takes 0.01 sec
Fix Hold Violation Threshold For Clock Path Cross SRB(ps) : 200
Fix Hold Violation Threshold For Clock Path On Clock Tree(ps) : 100
Hold fix to no violation.
Hold fix to threshold
    Fix hold iteration 0 takes 0.02 sec
    Fix hold iteration 1 takes 0.00 sec
    Fix hold iteration 2 takes 0.02 sec
    Fix hold iteration 3 takes 0.00 sec
    Fix hold iteration 4 takes 0.00 sec
    Fix hold iteration 5 takes 0.02 sec
    Fix hold iteration 6 takes 0.00 sec
    Step 2.1 finish
    Fix hold iteration 0 takes 0.00 sec
    Fix hold iteration 1 takes 0.00 sec
    Fix hold iteration 2 takes 0.00 sec
    Fix hold iteration 3 takes 0.02 sec
    Fix hold iteration 4 takes 0.00 sec
    Fix hold iteration 5 takes 0.00 sec
    Fix hold iteration 6 takes 0.00 sec
    Step 2.2 finish
Stage: after hold fix | Performance: TNS = 0 ; WNS = 103 ; THS = 0 ; WHS = 55 | Time (s): real = 0h:0m:9s ; cpu = 0h:0m:7s ; process = 0h:0m:9s | Memory (MB): curr = 658.804688 ; peak = 674.128906 | Checksum: 8F93E9EC7D842254
Hold Violation Fix in router takes 0.34 sec.
Sort Original Nets take 0.000 sec
Total net: 696, route succeed net: 696
Generate routing result take 0.002 sec
Handle PERMUX permutation take 0.002 sec
Handle const net take 0.000 sec
Handle route through take 0.004 sec
Used SRB routing arc is 5100.
Stage: after finish post route | Performance: TNS = 0 ; WNS = 103 ; THS = NA ; WHS = NA | Time (s): real = 0h:0m:9s ; cpu = 0h:0m:7s ; process = 0h:0m:9s | Memory (MB): curr = 659.886719 ; peak = 674.128906 | Checksum: 5098817540598456
Finish post route takes 0.11 sec.
Total post route takes 2.30 sec.

Device Utilization Summary :
+----------------------------------------------------------------------------+
| Device Type                      | Used     | Available     | Util(%)     
+----------------------------------------------------------------------------+
| CLMA                             | 122      | 6450          | 2           
| + FF                             | 239      | 38700         | 1           
| + LUT                            | 320      | 25800         | 2           
|   + LUT as Logic                 | 250      |               |             
|   + LUT as Const                 | 66       |               |             
|   + LUT as Bypass                | 4        |               |             
| CLMS                             | 73       | 4250          | 2           
| + FF                             | 162      | 25500         | 1           
| + LUT                            | 186      | 17000         | 2           
|   + LUT as Logic                 | 172      |               |             
|   + LUT as Memory                | 0        |               |             
|     + LUT as Distributed RAM     | 0        |               |             
|   + LUT as Const                 | 12       |               |             
|   + LUT as Bypass                | 2        |               |             
| IO                               | 20       | 296           | 7           
| + IOBD                           | 5        | 64            | 8           
| + IOBR_LR                        | 0        | 7             | 0           
| + IOBR_TB                        | 1        | 8             | 13          
| + IOBS_LR                        | 9        | 161           | 6           
| + IOBS_TB                        | 5        | 56            | 9           
| APM                              | 0        | 84            | 0           
| BKCL                             | 3        | 4             | 75          
| CRYSTAL                          | 0        | 2             | 0           
| DLL                              | 0        | 10            | 0           
| DQSL                             | 0        | 18            | 0           
| DRM                              | 3        | 134           | 3           
| FUSECODE                         | 0        | 1             | 0           
| HARD0N1                          | 39       | 6672          | 1           
| HSST                             | 0        | 1             | 0           
| IOCKDIV                          | 0        | 20            | 0           
| IOCKDLY                          | 0        | 40            | 0           
| IOCKGATE                         | 0        | 20            | 0           
| + IOCKGATE as Bypass             | 0        |               |             
| IOL                              | 20       | 400           | 5           
| IPAL                             | 0        | 1             | 0           
| LDO                              | 0        | 4             | 0           
| OSC                              | 0        | 1             | 0           
| PCIE                             | 0        | 1             | 0           
| PLL                              | 1        | 5             | 20          
| RCKB                             | 0        | 24            | 0           
| + RCKB as Bypass                 | 0        |               |             
| RESCAL                           | 0        | 4             | 0           
| SCANCHAIN                        | 1        | 2             | 50          
| START                            | 1        | 1             | 100         
| UDID                             | 0        | 1             | 0           
| USCM                             | 4        | 30            | 14          
| + USCM as Bypass                 | 0        |               |             
+----------------------------------------------------------------------------+

Finished route optimize. (CPU time elapsed 0h:00m:07s)
Design 'uart_rx_top' has been routed successfully.
Saving design to DB.
Action Route Optimize: Export DB successfully.
Action route_optimize: Real time elapsed is 0h:0m:10s
Action route_optimize: CPU time elapsed is 0h:0m:7s
Action route_optimize: Process CPU time elapsed is 0h:0m:9s
Action route_optimize: Peak memory pool usage is 674 MB

Current time: Sat Sep 19 15:17:02 2026
