#Build: Fabric Configuration 2022.2, Build 117120, Feb 17 13:07 2023
#Install: D:\pango\PDS_2022.2\bin
#Application name: cdt_cfg.exe
#OS: Windows 10 10.0.18363
#Hostname: DESKTOP-6GABMIP
Generated by Fabric Configuration (version 2022.2 build 117120) at Thu Dec 28 10:14:39 2023
M_PROCESS_FINISH_STARTED

Connecting to server[127.0.0.1 : 65420].
Connect to server[127.0.0.1 : 65420] successfully.
COMMAND[check version information] execute successfully, takes 0.9 secs.
The cable List : 
Cable index 0:USB Cable II/3044374137353330 

COMMAND[get_cable_paras] execute successfully, takes 1.5 secs.
PANGO USB CABLE II cable driver: D2XX DLL
PG2L100H
This device configure situation (done bit): 0
COMMAND[Open config cable] execute successfully, takes 4.1 secs.
The done bit is 1
COMMAND[Program] execute successfully, takes 3.9 secs.
The done bit is 1
COMMAND[Program] execute successfully, takes 3.9 secs.
