#Build: Fabric Inserter 2020.3, Build 62942, Sep 29 13:34 2020
#Install: E:\pango\PDS_2020.3\bin
#Application name: cdt_ins.exe
#OS: Windows 10 10.0.18363
#Hostname: DESKTOP-6GABMIP
Generated by Fabric Inserter (version 2020.3 build 62942) at Fri Aug 11 16:54:55 2023
*************************************************************************
*
*  Parsing design. Please be patient as this can take several minutes.
*
*************************************************************************
Compiling architecture definition.
Loading technology operator library.
Compiling technology operator library.
Compiling technology operator (valence) library.
Compiling file 'D:/pango_fire/demo/9_hdmi_loop/hdmi_loop_pango/synthesize/hdmi_loop_syn.adf' successful.
Creating module hierarchy.
Collecting net information.
*************************************************************************
*
*  Design Parsing Done.
*
*************************************************************************
Read project 'D:/pango_fire/demo/9_hdmi_loop/hdmi_loop_pango/synthesize/hdmi_loop_syn.fic' Successfully.
