design_1::Designs:
1. E:/code/PangoWork/Works/hdmi/ipcore/pll_50mhz/pll_50mhz.v
Size: 10176bytes
Last modified time: 2026/09/27 16:40:43
2. E:/code/PangoWork/Works/hdmi/Designs/drivers/iic/iic_master.v
Size: 14874bytes
Last modified time: 2026/09/27 17:04:50
3. E:/code/PangoWork/Works/hdmi/Designs/hardware/ms7200/ms7200_driver.v
Size: 25925bytes
Last modified time: 2026/09/27 17:14:41
4. E:/code/PangoWork/Works/hdmi/Designs/hardware/ms7200/ms7200_top.v
Size: 6573bytes
Last modified time: 2026/09/27 17:23:39
5. E:/code/PangoWork/Works/hdmi/Designs/hardware/ms7210/ms7210_driver.v
Size: 9801bytes
Last modified time: 2026/09/27 17:14:51
6. E:/code/PangoWork/Works/hdmi/Designs/hardware/ms7210/ms7210_top.v
Size: 6546bytes
Last modified time: 2026/09/27 17:23:56
7. E:/code/PangoWork/Works/hdmi/Designs/hardware/led/led.v
Size: 774bytes
Last modified time: 2026/09/25 15:05:25
8. E:/code/PangoWork/Works/hdmi/Designs/hdmi_loop_top.v
Size: 8312bytes
Last modified time: 2026/09/27 17:49:28

constrs_1::Constraints:
1. E:/code/PangoWork/Works/hdmi/Constraints/hdmi/hdmi_in.fdc
Size: 8903bytes
Last modified time: 2026/09/27 17:47:52
2. E:/code/PangoWork/Works/hdmi/Constraints/hdmi/hdmi_out.fdc
Size: 12331bytes
Last modified time: 2026/09/27 17:55:56
3. E:/code/PangoWork/Works/hdmi/Constraints/hdmi/ms7200.fdc
Size: 1019bytes
Last modified time: 2026/09/27 17:40:59
4. E:/code/PangoWork/Works/hdmi/Constraints/hdmi/ms7210.fdc
Size: 1019bytes
Last modified time: 2026/09/27 17:41:01
5. E:/code/PangoWork/Works/hdmi/Constraints/led/led.fdc
Size: 1822bytes
Last modified time: 2026/09/25 15:03:30
6. E:/code/PangoWork/Works/hdmi/Constraints/system/system.fdc
Size: 1054bytes
Last modified time: 2026/09/27 17:38:35
7. E:/code/PangoWork/Works/hdmi/Constraints/system/system_clk.fdc
Size: 680bytes
Last modified time: 2026/09/27 17:30:00

