#Build: Fabric Compiler 2025.2, Build 211867, Jan 16 16:10 2026
#Install: E:\work\pango\PDS_2025.2-ads\bin
#Application name: pds_shell.exe
#OS: Windows 11 10.0.26200
#CPU: Unknown
#RAM(GB): 32
#Hostname: dionirpyC
#Generated by Fabric Compiler (version 2025.2 build 211867) at Sun Sep 27 17:59:28 2026
Parameters for debugging are loaded as follows:
Compiling verification operator library.
Compiling vendor parameter file.
Compiling common defs.
Compiling prim grid devices.
Compiling place grid timing.
Compiling gate devices.
Compiling gate operators.
Compiling gate operators impls.
Building architecture model.
Loading device packaging model.
Building architecture floorplan logic view.
Constraint check start.
W: ConstraintEditor-4040: [E:/code/PangoWork/Works/hdmi/prj_tasks/pnr_1/device_map/hdmi_loop_top.pcf(line number: 3)] Port sys_ms7200_iic_sda has been placed at location V20, whose type is share pin.
W: ConstraintEditor-4040: [E:/code/PangoWork/Works/hdmi/prj_tasks/pnr_1/device_map/hdmi_loop_top.pcf(line number: 7)] Port sys_hdmi_out_b[2] has been placed at location T21, whose type is share pin.
W: ConstraintEditor-4040: [E:/code/PangoWork/Works/hdmi/prj_tasks/pnr_1/device_map/hdmi_loop_top.pcf(line number: 9)] Port sys_hdmi_out_b[4] has been placed at location R20, whose type is share pin.
W: ConstraintEditor-4040: [E:/code/PangoWork/Works/hdmi/prj_tasks/pnr_1/device_map/hdmi_loop_top.pcf(line number: 10)] Port sys_hdmi_out_b[5] has been placed at location R22, whose type is share pin.
W: ConstraintEditor-4040: [E:/code/PangoWork/Works/hdmi/prj_tasks/pnr_1/device_map/hdmi_loop_top.pcf(line number: 14)] Port sys_hdmi_out_g[0] has been placed at location M21, whose type is share pin.
W: ConstraintEditor-4040: [E:/code/PangoWork/Works/hdmi/prj_tasks/pnr_1/device_map/hdmi_loop_top.pcf(line number: 19)] Port sys_hdmi_out_g[5] has been placed at location L19, whose type is share pin.
W: ConstraintEditor-4040: [E:/code/PangoWork/Works/hdmi/prj_tasks/pnr_1/device_map/hdmi_loop_top.pcf(line number: 20)] Port sys_hdmi_out_g[6] has been placed at location K20, whose type is share pin.
W: ConstraintEditor-4040: [E:/code/PangoWork/Works/hdmi/prj_tasks/pnr_1/device_map/hdmi_loop_top.pcf(line number: 21)] Port sys_hdmi_out_g[7] has been placed at location L17, whose type is share pin.
W: ConstraintEditor-4040: [E:/code/PangoWork/Works/hdmi/prj_tasks/pnr_1/device_map/hdmi_loop_top.pcf(line number: 23)] Port sys_hdmi_out_pixclk has been placed at location M22, whose type is share pin.
W: ConstraintEditor-4040: [E:/code/PangoWork/Works/hdmi/prj_tasks/pnr_1/device_map/hdmi_loop_top.pcf(line number: 24)] Port sys_hdmi_out_r[0] has been placed at location K17, whose type is share pin.
W: ConstraintEditor-4040: [E:/code/PangoWork/Works/hdmi/prj_tasks/pnr_1/device_map/hdmi_loop_top.pcf(line number: 29)] Port sys_hdmi_out_r[5] has been placed at location H21, whose type is share pin.
W: ConstraintEditor-4040: [E:/code/PangoWork/Works/hdmi/prj_tasks/pnr_1/device_map/hdmi_loop_top.pcf(line number: 30)] Port sys_hdmi_out_r[6] has been placed at location H22, whose type is share pin.
W: ConstraintEditor-4040: [E:/code/PangoWork/Works/hdmi/prj_tasks/pnr_1/device_map/hdmi_loop_top.pcf(line number: 31)] Port sys_hdmi_out_r[7] has been placed at location H19, whose type is share pin.
W: ConstraintEditor-4042: Port 'sys_led[0]' lacks attribute 'SLEW', it's better to set the attribute for port.
W: ConstraintEditor-4042: Port 'sys_led[0]' lacks attribute 'DRIVE', it's better to set the attribute for port.
W: ConstraintEditor-4042: Port 'sys_led[0]' lacks attribute 'BUS_KEEPER', it's better to set the attribute for port.
W: ConstraintEditor-4042: Port 'sys_led[1]' lacks attribute 'SLEW', it's better to set the attribute for port.
W: ConstraintEditor-4042: Port 'sys_led[1]' lacks attribute 'DRIVE', it's better to set the attribute for port.
W: ConstraintEditor-4042: Port 'sys_led[1]' lacks attribute 'BUS_KEEPER', it's better to set the attribute for port.
W: ConstraintEditor-4042: Port 'sys_led[2]' lacks attribute 'SLEW', it's better to set the attribute for port.
W: ConstraintEditor-4042: Port 'sys_led[2]' lacks attribute 'DRIVE', it's better to set the attribute for port.
W: ConstraintEditor-4042: Port 'sys_led[2]' lacks attribute 'BUS_KEEPER', it's better to set the attribute for port.
W: ConstraintEditor-4042: Port 'sys_led[3]' lacks attribute 'SLEW', it's better to set the attribute for port.
W: ConstraintEditor-4042: Port 'sys_led[3]' lacks attribute 'DRIVE', it's better to set the attribute for port.
W: ConstraintEditor-4042: Port 'sys_led[3]' lacks attribute 'BUS_KEEPER', it's better to set the attribute for port.
W: ConstraintEditor-4042: Port 'sys_led[4]' lacks attribute 'SLEW', it's better to set the attribute for port.
W: ConstraintEditor-4042: Port 'sys_led[4]' lacks attribute 'DRIVE', it's better to set the attribute for port.
W: ConstraintEditor-4042: Port 'sys_led[4]' lacks attribute 'BUS_KEEPER', it's better to set the attribute for port.
W: ConstraintEditor-4042: Port 'sys_led[5]' lacks attribute 'SLEW', it's better to set the attribute for port.
W: ConstraintEditor-4042: Port 'sys_led[5]' lacks attribute 'DRIVE', it's better to set the attribute for port.
W: ConstraintEditor-4042: Port 'sys_led[5]' lacks attribute 'BUS_KEEPER', it's better to set the attribute for port.
W: ConstraintEditor-4042: Port 'sys_led[6]' lacks attribute 'SLEW', it's better to set the attribute for port.
W: ConstraintEditor-4042: Port 'sys_led[6]' lacks attribute 'DRIVE', it's better to set the attribute for port.
W: ConstraintEditor-4042: Port 'sys_led[6]' lacks attribute 'BUS_KEEPER', it's better to set the attribute for port.
W: ConstraintEditor-4042: Port 'sys_led[7]' lacks attribute 'SLEW', it's better to set the attribute for port.
W: ConstraintEditor-4042: Port 'sys_led[7]' lacks attribute 'DRIVE', it's better to set the attribute for port.
W: ConstraintEditor-4042: Port 'sys_led[7]' lacks attribute 'BUS_KEEPER', it's better to set the attribute for port.
W: ConstraintEditor-4040: [E:/code/PangoWork/Works/hdmi/prj_tasks/pnr_1/device_map/hdmi_loop_top.pcf(line number: 42)] Port sys_ms7200_iic_scl has been placed at location V19, whose type is share pin.
W: ConstraintEditor-4040: [E:/code/PangoWork/Works/hdmi/prj_tasks/pnr_1/device_map/hdmi_loop_top.pcf(line number: 55)] Port sys_hdmi_in_g[1] has been placed at location V17, whose type is share pin.
W: ConstraintEditor-4040: [E:/code/PangoWork/Works/hdmi/prj_tasks/pnr_1/device_map/hdmi_loop_top.pcf(line number: 56)] Port sys_hdmi_in_g[2] has been placed at location W18, whose type is share pin.
W: ConstraintEditor-4040: [E:/code/PangoWork/Works/hdmi/prj_tasks/pnr_1/device_map/hdmi_loop_top.pcf(line number: 57)] Port sys_hdmi_in_g[3] has been placed at location AB19, whose type is share pin.
W: ConstraintEditor-4040: [E:/code/PangoWork/Works/hdmi/prj_tasks/pnr_1/device_map/hdmi_loop_top.pcf(line number: 58)] Port sys_hdmi_in_g[4] has been placed at location AA18, whose type is share pin.
W: ConstraintEditor-4040: [E:/code/PangoWork/Works/hdmi/prj_tasks/pnr_1/device_map/hdmi_loop_top.pcf(line number: 59)] Port sys_hdmi_in_g[5] has been placed at location AB18, whose type is share pin.
W: ConstraintEditor-4040: [E:/code/PangoWork/Works/hdmi/prj_tasks/pnr_1/device_map/hdmi_loop_top.pcf(line number: 63)] Port sys_hdmi_in_pixclk has been placed at location AA12, whose type is share pin.
W: ConstraintEditor-4040: [E:/code/PangoWork/Works/hdmi/prj_tasks/pnr_1/device_map/hdmi_loop_top.pcf(line number: 73)] Port sys_rstn has been placed at location AB13, whose type is share pin.
C: ConstraintEditor-2022: There are some ports' attributes are set to default value, please read [E:/code/PangoWork/Works/hdmi/prj_tasks/pnr_1/place_route/ports_defalut_attribute.txt(line number:0)] to confirm.
Found 0 error(s), 1 critical warning(s), 45 warning(s), out of 71 constraint(s)
Constraint check end.
Total time(hh:mm:ss) of constraint check : 00:00:00
Elaborate the liberty model.
I: Multithreading enabled for Timing using a maximum of 4 processes.
Placement started. Type: EP_COMMON_FLOW.

Stage 1 EP_INIT start.
Stage: after EP_INIT | Time (s): real = 0h:0m:9s ; cpu = 0h:0m:6s ; process = 0h:0m:8s | Memory (MB): curr = 447.847656 ; peak = 448.957031 | Checksum: 997422277BBECA71

Design Layer Utilization:
	LUT: 1.329%
	FF: 0.796%
	IO: 20.315%

Stage 2 EP_DL start.
build place dedicate switch graph takes 3.22 sec
Place location constraint group with base node:sys_clk_50mhz_ibuf/opit_1 at IOL_327_210
Place location constraint group with base node:sys_hdmi_in_b_ibuf[0]/opit_1 at IOL_219_6
Place location constraint group with base node:sys_hdmi_in_b_ibuf[1]/opit_1 at IOL_183_5
Place location constraint group with base node:sys_hdmi_in_b_ibuf[2]/opit_1 at IOL_183_6
Place location constraint group with base node:sys_hdmi_in_b_ibuf[3]/opit_1 at IOL_215_5
Place location constraint group with base node:sys_hdmi_in_b_ibuf[4]/opit_1 at IOL_215_6
Place location constraint group with base node:sys_hdmi_in_b_ibuf[5]/opit_1 at IOL_203_5
Place location constraint group with base node:sys_hdmi_in_b_ibuf[6]/opit_1 at IOL_203_6
Place location constraint group with base node:sys_hdmi_in_b_ibuf[7]/opit_1 at IOL_223_5
Place location constraint group with base node:sys_hdmi_in_de_ibuf/opit_1 at IOL_219_5
Place location constraint group with base node:sys_hdmi_in_g_ibuf[0]/opit_1 at IOL_223_6
Place location constraint group with base node:sys_hdmi_in_g_ibuf[1]/opit_1 at IOL_319_6
Place location constraint group with base node:sys_hdmi_in_g_ibuf[2]/opit_1 at IOL_319_5
Place location constraint group with base node:sys_hdmi_in_g_ibuf[3]/opit_1 at IOL_243_5
Place location constraint group with base node:sys_hdmi_in_g_ibuf[4]/opit_1 at IOL_227_6
Place location constraint group with base node:sys_hdmi_in_g_ibuf[5]/opit_1 at IOL_227_5
Place location constraint group with base node:sys_hdmi_in_g_ibuf[6]/opit_1 at IOL_283_5
Place location constraint group with base node:sys_hdmi_in_g_ibuf[7]/opit_1 at IOL_283_6
Place location constraint group with base node:sys_hdmi_in_hsync_ibuf/opit_1 at IOL_211_6
Place location constraint group with base node:sys_hdmi_in_pixclk_ibuf/opit_1 at IOL_163_6
Place location constraint group with base node:sys_hdmi_in_r_ibuf[0]/opit_1 at IOL_191_6
Place location constraint group with base node:sys_hdmi_in_r_ibuf[1]/opit_1 at IOL_191_5
Place location constraint group with base node:sys_hdmi_in_r_ibuf[2]/opit_1 at IOL_291_6
Place location constraint group with base node:sys_hdmi_in_r_ibuf[3]/opit_1 at IOL_291_5
Place location constraint group with base node:sys_hdmi_in_r_ibuf[4]/opit_1 at IOL_275_6
Place location constraint group with base node:sys_hdmi_in_r_ibuf[5]/opit_1 at IOL_275_5
Place location constraint group with base node:sys_hdmi_in_r_ibuf[6]/opit_1 at IOL_199_6
Place location constraint group with base node:sys_hdmi_in_r_ibuf[7]/opit_1 at IOL_199_5
Place location constraint group with base node:sys_hdmi_in_vsync_ibuf/opit_1 at IOL_211_5
Place location constraint group with base node:sys_hdmi_out_b_obuf[0]/opit_1 at IOL_327_150
Place location constraint group with base node:sys_hdmi_out_b_obuf[1]/opit_1 at IOL_327_149
Place location constraint group with base node:sys_hdmi_out_b_obuf[2]/opit_1 at IOL_327_166
Place location constraint group with base node:sys_hdmi_out_b_obuf[3]/opit_1 at IOL_327_165
Place location constraint group with base node:sys_hdmi_out_b_obuf[4]/opit_1 at IOL_327_170
Place location constraint group with base node:sys_hdmi_out_b_obuf[5]/opit_1 at IOL_327_169
Place location constraint group with base node:sys_hdmi_out_b_obuf[6]/opit_1 at IOL_327_137
Place location constraint group with base node:sys_hdmi_out_b_obuf[7]/opit_1 at IOL_327_138
Place location constraint group with base node:sys_hdmi_out_de_obuf/opit_1 at IOL_327_141
Place location constraint group with base node:sys_hdmi_out_g_obuf[0]/opit_1 at IOL_327_202
Place location constraint group with base node:sys_hdmi_out_g_obuf[1]/opit_1 at IOL_327_110
Place location constraint group with base node:sys_hdmi_out_g_obuf[2]/opit_1 at IOL_327_109
Place location constraint group with base node:sys_hdmi_out_g_obuf[3]/opit_1 at IOL_327_122
Place location constraint group with base node:sys_hdmi_out_g_obuf[4]/opit_1 at IOL_327_121
Place location constraint group with base node:sys_hdmi_out_g_obuf[5]/opit_1 at IOL_327_233
Place location constraint group with base node:sys_hdmi_out_g_obuf[6]/opit_1 at IOL_327_234
Place location constraint group with base node:sys_hdmi_out_g_obuf[7]/opit_1 at IOL_327_241
Place location constraint group with base node:sys_hdmi_out_hsync_obuf/opit_1 at IOL_327_142
Place location constraint group with base node:sys_hdmi_out_pixclk_obuf/opit_1 at IOL_327_201
Place location constraint group with base node:sys_hdmi_out_r_obuf[0]/opit_1 at IOL_327_242
Place location constraint group with base node:sys_hdmi_out_r_obuf[1]/opit_1 at IOL_327_209
Place location constraint group with base node:sys_hdmi_out_r_obuf[2]/opit_1 at IOL_327_229
Place location constraint group with base node:sys_hdmi_out_r_obuf[3]/opit_1 at IOL_327_230
Place location constraint group with base node:sys_hdmi_out_r_obuf[4]/opit_1 at IOL_327_213
Place location constraint group with base node:sys_hdmi_out_r_obuf[5]/opit_1 at IOL_327_238
Place location constraint group with base node:sys_hdmi_out_r_obuf[6]/opit_1 at IOL_327_237
Place location constraint group with base node:sys_hdmi_out_r_obuf[7]/opit_1 at IOL_327_273
Place location constraint group with base node:sys_hdmi_out_vsync_obuf/opit_1 at IOL_327_146
Place location constraint group with base node:sys_led_obuf[0]/opit_1 at IOL_19_374
Place location constraint group with base node:sys_led_obuf[1]/opit_1 at IOL_19_373
Place location constraint group with base node:sys_led_obuf[2]/opit_1 at IOL_35_374
Place location constraint group with base node:sys_led_obuf[3]/opit_1 at IOL_35_373
Place location constraint group with base node:sys_led_obuf[4]/opit_1 at IOL_67_374
Place location constraint group with base node:sys_led_obuf[5]/opit_1 at IOL_67_373
Place location constraint group with base node:sys_led_obuf[6]/opit_1 at IOL_47_374
Place location constraint group with base node:sys_led_obuf[7]/opit_1 at IOL_47_373
Place location constraint group with base node:sys_ms72xx_rstn_obuf/opit_1 at IOL_327_42
Place location constraint group with base node:sys_ms7200_iic_scl_obuf/opit_1 at IOL_327_26
Place location constraint group with base node:sys_ms7210_iic_scl_obuf/opit_1 at IOL_327_46
Place location constraint group with base node:sys_rstn_ibuf/opit_1 at IOL_167_5
Place location constraint group with base node:u_ms7200_top.ms7200_iic_instance.sda_tri/opit_1 at IOL_327_25
Place location constraint group with base node:u_ms7210_top.ms7210_iic_instance.sda_tri/opit_1 at IOL_327_45
Place location constraint node:BKCL_auto_0 at BKCL_188_376
Place location constraint node:BKCL_auto_1 at BKCL_328_184
Place location constraint node:BKCL_auto_2 at BKCL_192_0
DRCP Convert Loc Constraint successful.

Stage 2.1 pre clock plan start.
Mapping instance GRS_INST/grs to START_324_2.
I: Clock statistic: 3 USCM.
solve clock designs takes 0.08 sec with memory (MB): curr = 520.832031, peak = 526.582031.
Mapping instance clkbufg_0/gopclkbufg to USCM_84_108:impl_uscm_rtb_a-USCM.
Mapping instance clkbufg_1/gopclkbufg to USCM_84_109:impl_uscm_rtb_a-USCM.
Mapping instance clkbufg_2/gopclkbufg to USCM_84_110:impl_uscm_rtb_a-USCM.
Mapping instance u_pll_50mhz/u_pll_e3/goppll to PLL_158_55.
Stage: after pre clock plan | Time (s): real = 0h:0m:13s ; cpu = 0h:0m:10s ; process = 0h:0m:12s | Memory (MB): curr = 520.984375 ; peak = 526.582031

Place location constraint node:clkbufg_0/gopclkbufg at USCM_84_108
Place location constraint node:clkbufg_1/gopclkbufg at USCM_84_109
Place location constraint node:clkbufg_2/gopclkbufg at USCM_84_110
Place location constraint node:u_pll_50mhz/u_pll_e3/goppll at PLL_158_55
DRCP Convert Loc Constraint successful.
Stage: after EP_DL | Time (s): real = 0h:0m:13s ; cpu = 0h:0m:10s ; process = 0h:0m:12s | Memory (MB): curr = 521.042969 ; peak = 526.582031 | Checksum: D83647090328B93D


Stage 3 EP_FIP start.
DRCP Convert Loc Constraint successful.

Stage 3.1 fip global place start.
[GP] num_thread=0
I: Multithreading enabled for place using a maximum of 4 processes.
[GP] Placement Initial Method "Quad".
[GP] Placement Decongestion Mode "1".
[GP] Recovery Analysis in GP "Enable".
I: Loading Timing Delay Info...
I: Load Timing Delay Info successfully.
Init coarse delay table.
Read place coarse delay table takes 0.66 sec.
[GP] Init timing API takes 3.27 sec.
[GP] Init GP graph takes 3.41 sec.
Device graph total memory: 11.14350700 MB
[GP] Read position from netlist take 0 msec
[GP] Total node move: 45494.16, average node move: 93.61
First map gop timing takes 0.02 sec
[GP] SA handle 2 clusters.
[GP] SA init_cost = 203916.000000, final_cost = 203916.000000, final_cost/init_cost = 1.000000, occupied region_num = 2.
[GP] SA Optimize take time: 0.004000 sec.
[GP] Timing analysis take 0.013000 secs.
[GP] MarginTNSS=-1817, TNSS=0, WSS=627
[GP] Place thread size: 4
[GP] Node size: 5034, net size: 639
[GP] Design graph total memory: 26.75799751 MB
[GP] Timing analysis take 0.011000 secs.
[GP] MarginTNSS=-2040, TNSS=0, WSS=548
[GP] Step 0 take 0.050 secs: WL=4320.77 OF=0.710397
[GP] Timing analysis take 0.013000 secs.
[GP] MarginTNSS=-4970, TNSS=0, WSS=498
[GP] Step 1 take 0.308 secs: WL=3888.38 OF=0.577446
[GP] Timing analysis take 0.012000 secs.
[GP] MarginTNSS=-4468, TNSS=0, WSS=506
[GP] Step 2 take 0.318 secs: WL=3812.85 OF=0.503276
[GP] Timing analysis take 0.013000 secs.
[GP] MarginTNSS=-3304, TNSS=0, WSS=506
[GP] Step 3 take 0.311 secs: WL=3755.79 OF=0.435134
[GP] Timing analysis take 0.012000 secs.
[GP] MarginTNSS=-3481, TNSS=0, WSS=431
[GP] Step 4 take 0.294 secs: WL=3775.70 OF=0.409276
[GP] Timing analysis take 0.012000 secs.
[GP] MarginTNSS=-2478, TNSS=0, WSS=658
[GP] Step 5 take 0.294 secs: WL=3750.86 OF=0.325353
[GP] Timing analysis take 0.013000 secs.
[GP] MarginTNSS=-575, TNSS=0, WSS=885
[GP] Step 6 take 0.266 secs: WL=3749.12 OF=0.261675
[GP] Timing analysis take 0.012000 secs.
[GP] MarginTNSS=-575, TNSS=0, WSS=885
[GP] Step 7 take 0.265 secs: WL=3767.46 OF=0.210706
[GP] Timing analysis take 0.013000 secs.
[GP] MarginTNSS=-887, TNSS=0, WSS=885
[GP] Step 8 take 0.298 secs: WL=3795.72 OF=0.159443
[GP] Timing analysis take 0.013000 secs.
[GP] MarginTNSS=-905, TNSS=0, WSS=885
[GP] Step 9 take 0.310 secs: WL=3832.05 OF=0.107292
[GP] Timing analysis take 0.013000 secs.
[GP] MarginTNSS=-575, TNSS=0, WSS=885
[GP] Step 10 take 0.318 secs: WL=3881.18 OF=0.068610
[GP] Timing analysis take 0.012000 secs.
[GP] MarginTNSS=-575, TNSS=0, WSS=885
[GP] Final best WL=3877.273777 OF=0.074280, totally takes 3.264000 secs, run timing analysis 13 times totally takes 0.162000 secs.
[GP] Total node move: 40067.30, average node move: 82.44
[GP] Placer use memory: 5.12674999 MB
Stage: after fip global place | Performance: WL = 3476 ; TNS =  0 ; WNS =  885 | Time (s): real = 0h:0m:20s ; cpu = 0h:0m:16s ; process = 0h:0m:23s | Memory (MB): curr = 660.234375 ; peak = 683.066406 | Checksum: 77284E55E9AE7316

Flat initial placement flow takes 6.125.
Stage: after EP_FIP | Performance: WL = 3476 ; TNS =  0 ; WNS =  885 | Time (s): real = 0h:0m:20s ; cpu = 0h:0m:16s ; process = 0h:0m:23s | Memory (MB): curr = 663.183594 ; peak = 683.066406 | Checksum: 77284E55E9AE7316


Stage 4 EP_CAGP start.

Stage 4.1 cagp site packing start.
Stage: after pack legalize group | Performance: avg_mov = 0.000000 ; max_mov = 0 ; mov_var = 0.000000
Stage: after cagp site packing | Performance: WL = 5233 | Time (s): real = 0h:0m:20s ; cpu = 0h:0m:16s ; process = 0h:0m:23s | Memory (MB): curr = 686.750000 ; peak = 692.015625 | Checksum: 1CA149C4A0FEE8CD


Stage 4.2 cagp macro placement start.
Stage: after cagp macro placement | Performance: WL = 5233 | Time (s): real = 0h:0m:20s ; cpu = 0h:0m:16s ; process = 0h:0m:23s | Memory (MB): curr = 686.847656 ; peak = 692.015625 | Checksum: 1CA149C4A0FEE8CD


Stage 4.3 post clock plan start.
pre solve all clock design takes 0.02 sec with memory (MB): curr = 686.925781, peak = 692.015625.
CRA timing analysis with worst slack -217 takes 0.03 sec.
CRA cost 0 takes 0.03 sec.
solve all clock design takes 0.06 sec with memory (MB): curr = 689.730469, peak = 692.015625.
expand load region takes 0.02 sec.
Stage: after post clock plan | Time (s): real = 0h:0m:21s ; cpu = 0h:0m:17s ; process = 0h:0m:24s | Memory (MB): curr = 689.855469 ; peak = 692.015625

Movement during CRA, max : (0, 0) , total : (0, 0) , count : 0 , avg : (0, 0) .
Stage: after EP_CAGP | Performance: WL = 5233 ; TNS = -850 ; WNS = -217 | Time (s): real = 0h:0m:21s ; cpu = 0h:0m:17s ; process = 0h:0m:24s | Memory (MB): curr = 689.867188 ; peak = 692.015625 | Checksum: 53E7AD82D61CF03B


Stage 5 EP_DRCP start.

Stage 5.1 DRC Placement start.
DRC final successful.
Stage: after DRC Placement | Time (s): real = 0h:0m:21s ; cpu = 0h:0m:17s ; process = 0h:0m:24s | Memory (MB): curr = 689.878906 ; peak = 692.015625


Stage 5.2 IO Placement start.
The average distance in IO place is 0.000000.
Stage: after IO Placement | Time (s): real = 0h:0m:21s ; cpu = 0h:0m:17s ; process = 0h:0m:24s | Memory (MB): curr = 690.042969 ; peak = 692.015625

Stage: after EP_DRCP | Performance: WL = 5233 ; TNS = -850 ; WNS = -217 | Time (s): real = 0h:0m:21s ; cpu = 0h:0m:17s ; process = 0h:0m:24s | Memory (MB): curr = 690.054688 ; peak = 692.015625 | Checksum: C7E14B9E3A13FBEC


Stage 6 EP_MP start.

Stage 6.1 macro place start.
Stage: after macro place | Performance: WL = 5233 | Time (s): real = 0h:0m:21s ; cpu = 0h:0m:17s ; process = 0h:0m:24s | Memory (MB): curr = 692.058594 ; peak = 693.757812 | Checksum: C7E14B9E3A13FBEC


Stage 6.2 mp post global place start.
[GP] num_thread=0
I: Multithreading enabled for place using a maximum of 4 processes.
[GP] Init timing API takes 0.00 sec.
[GP] Init GP graph takes 0.02 sec.
Device graph total memory: 11.15057182 MB
[GP] Read position from netlist take 0 msec
[GP] Timing analysis take 0.072000 secs.
[GP] MarginTNSS=-17896, TNSS=-850, WSS=-217
[GP] Place thread size: 4
[GP] Node size: 4797, net size: 606
[GP] Design graph total memory: 27.64454842 MB
[GP] Timing analysis take 0.013000 secs.
[GP] MarginTNSS=-4887, TNSS=0, WSS=458
[GP] Step 0 take 0.054 secs: WL=4634.31 OF=0.222314
[GP] Timing analysis take 0.013000 secs.
[GP] MarginTNSS=-1885, TNSS=0, WSS=623
[GP] Step 1 take 0.302 secs: WL=4019.86 OF=0.268113
[GP] Timing analysis take 0.012000 secs.
[GP] MarginTNSS=-2370, TNSS=0, WSS=658
[GP] Step 2 take 0.304 secs: WL=4068.21 OF=0.215154
[GP] Timing analysis take 0.012000 secs.
[GP] MarginTNSS=-1930, TNSS=0, WSS=658
[GP] Step 3 take 0.306 secs: WL=4115.83 OF=0.165267
[GP] Timing analysis take 0.014000 secs.
[GP] MarginTNSS=-2164, TNSS=0, WSS=658
[GP] Step 4 take 0.389 secs: WL=4177.01 OF=0.118099
[GP] Timing analysis take 0.011000 secs.
[GP] MarginTNSS=-2585, TNSS=0, WSS=725
[GP] Step 5 take 0.287 secs: WL=4257.19 OF=0.088153
[GP] Timing analysis take 0.012000 secs.
[GP] MarginTNSS=-2735, TNSS=0, WSS=651
[GP] Step 6 take 0.294 secs: WL=4330.91 OF=0.055180
[GP] Timing analysis take 0.013000 secs.
[GP] MarginTNSS=-2735, TNSS=0, WSS=651
[GP] Final best WL=4327.371217 OF=0.056711, totally takes 2.069000 secs, run timing analysis 9 times totally takes 0.172000 secs.
[GP] Total node move: 913.26, average node move: 3.67
[GP] Placer use memory: 5.06760120 MB
Stage: after mp post global place | Performance: WL = 3826 ; TNS =  0 ; WNS =  651 | Time (s): real = 0h:0m:23s ; cpu = 0h:0m:18s ; process = 0h:0m:28s | Memory (MB): curr = 695.179688 ; peak = 696.906250 | Checksum: A3F594B4C0220979

MP flow takes 1.672.
Stage: after EP_MP | Performance: WL = 3826 ; TNS =  0 ; WNS =  651 | Time (s): real = 0h:0m:23s ; cpu = 0h:0m:18s ; process = 0h:0m:28s | Memory (MB): curr = 695.179688 ; peak = 696.906250 | Checksum: A3F594B4C0220979


Stage 7 EP_LP start.
Stage: after legalization | Performance: avg_mov = 0.068602 ; max_mov = 1 ; mov_var = 0.063895
Legalize placement flow takes 0.031.
Stage: after EP_LP | Performance: WL = 3833 ; TNS =  0 ; WNS =  845 | Time (s): real = 0h:0m:23s ; cpu = 0h:0m:18s ; process = 0h:0m:28s | Memory (MB): curr = 697.425781 ; peak = 698.710938 | Checksum: 2554FC284EA5ECAE


Stage 8 EP_DP start.
Stage: before DP | Performance: WL = 3833 ; TNS = 0 ; WNS = 845
    Cost at Swap iteration  0:  WNS =    845,  TNS =      0,  MarginTNS =   -973,  takes    0.06 sec.
    Cost at DP   iteration  0:  WNS =   1110,  TNS =      0,  MarginTNS =      0,  takes    0.02 sec.
Stage: after DP | Performance: WL = 3852 ; TNS = 0 ; WNS = 1110
EP_DP takes 0 sec.
Stage: after EP_DP | Performance: WL = 3852 ; TNS =  0 ; WNS =  1110 | Time (s): real = 0h:0m:24s ; cpu = 0h:0m:19s ; process = 0h:0m:29s | Memory (MB): curr = 698.757812 ; peak = 700.132812 | Checksum: 46FC1EB4551E96BD


Stage 9 EP_FP start.
AutoDRC Flow for Design Check After Place Start.
AutoDRC Flow for Design Check After Place End.
Stage: after EP_FP | Performance: WL = 3852 ; TNS =  0 ; WNS =  1135 | Time (s): real = 0h:0m:24s ; cpu = 0h:0m:19s ; process = 0h:0m:29s | Memory (MB): curr = 700.882812 ; peak = 702.250000 | Checksum: B130D51EE0ED03A9


Congestion analysis started.
I: Start printing congestion info.
I: Finish printing congestion info.
Congestion analysis takes 0.14 sec.


Device Utilization Summary :
+----------------------------------------------------------------------------+
| Device Type                      | Used     | Available     | Util(%)     
+----------------------------------------------------------------------------+
| CLMA                             | 121      | 6450          | 2           
| + FF                             | 220      | 38700         | 1           
| + LUT                            | 338      | 25800         | 2           
|   + LUT as Logic                 | 338      |               |             
|   + LUT as Const                 | 0        |               |             
|   + LUT as Bypass                | 0        |               |             
| CLMS                             | 81       | 4250          | 2           
| + FF                             | 136      | 25500         | 1           
| + LUT                            | 231      | 17000         | 2           
|   + LUT as Logic                 | 231      |               |             
|   + LUT as Memory                | 0        |               |             
|     + LUT as Distributed RAM     | 0        |               |             
|   + LUT as Const                 | 0        |               |             
|   + LUT as Bypass                | 0        |               |             
| IO                               | 71       | 296           | 24          
| + IOBD                           | 18       | 64            | 29          
| + IOBR_LR                        | 1        | 7             | 15          
| + IOBR_TB                        | 3        | 8             | 38          
| + IOBS_LR                        | 33       | 161           | 21          
| + IOBS_TB                        | 16       | 56            | 29          
| APM                              | 0        | 84            | 0           
| BKCL                             | 3        | 4             | 75          
| CRYSTAL                          | 0        | 2             | 0           
| DLL                              | 0        | 10            | 0           
| DQSL                             | 0        | 18            | 0           
| DRM                              | 0        | 134           | 0           
| FUSECODE                         | 0        | 1             | 0           
| HARD0N1                          | 0        | 6672          | 0           
| HSST                             | 0        | 1             | 0           
| IOCKDIV                          | 0        | 20            | 0           
| IOCKDLY                          | 0        | 40            | 0           
| IOCKGATE                         | 0        | 20            | 0           
| + IOCKGATE as Bypass             | 0        |               |             
| IOL                              | 71       | 400           | 18          
| IPAL                             | 0        | 1             | 0           
| LDO                              | 0        | 4             | 0           
| OSC                              | 0        | 1             | 0           
| PCIE                             | 0        | 1             | 0           
| PLL                              | 1        | 5             | 20          
| RCKB                             | 0        | 24            | 0           
| + RCKB as Bypass                 | 0        |               |             
| RESCAL                           | 0        | 4             | 0           
| SCANCHAIN                        | 0        | 2             | 0           
| START                            | 1        | 1             | 100         
| UDID                             | 0        | 1             | 0           
| USCM                             | 3        | 30            | 10          
| + USCM as Bypass                 | 0        |               |             
+----------------------------------------------------------------------------+

Total placement takes 13.94 sec.
Finished placement.
Design 'hdmi_loop_top' has been placed successfully.
Action place: Real time elapsed is 0h:0m:24s
Action place: CPU time elapsed is 0h:0m:19s
Action place: Process CPU time elapsed is 0h:0m:29s
Action place: Peak memory pool usage is 778 MB

Current time: Sun Sep 27 17:59:50 2026
